  Reading input spec file from series.spc

1

               U. S. Department of Commerce, U. S. Census Bureau

              X-13ARIMA-SEATS monthly seasonal adjustment Method,
                          Release Version 1.1 Build 62


           This software application provides an enhanced version of
             Statistics Canada's X-11-ARIMA extension (Dagum, 1980)
                 of the X-11 variant of the Census Method II of
                      Shiskin, Young and Musgrave (1967).

            It also provides an ARIMA model-based method following
       Hillmer and Tiao (1982) and Burman (1980) that is very similar
       to the update of the method of SEATS (Gomez and Maravall, 1996)
                produced at the Bank of Spain by G. Caporello and
               A. Maravall for TSW (Caporello and Maravall, 2004).
          The present application includes additional enhancements.

         X-13ARIMA-SEATS includes an automatic ARIMA model selection procedure
          based largely on the procedure of Gomez and Maravall (1998)
            as implemented in TRAMO (1996) and subsequent revisions.

              Primary Programmers: Brian Monsell, Mark Otto and,
                 for the ARIMA model-based signal extraction,
                      Gianluca Caporello and Victor Gomez


     Series Title- R35 monthly CPI index
     Series Name- series
     Sep 22, 2026  22.39.28 

        -Period covered-  1st month,2015 to  7th month,2026
        -Type of run - multiplicative seasonal adjustment

        -Sigma limits for graduating extreme values are  1.5 and  2.5 .
        -3x3 moving average used in section 1 of each iteration, 
         3x5 moving average in section 2 of iterations B and C,
         moving average for final seasonal factors chosen by Global MSR.
        -Spectral plots generated for selected series
        -Spectral plots generated for series starting in 2018.Aug

 FILE SAVE REQUESTS (* indicates file exists and will be overwritten)
  series.d10  final seasonal factors
  series.d11  final seasonally adjusted data
  series.d12  final trend cycle
  series.d13  final irregular component
  series.out  program output file
  series.err  program error file
  series.udg  seasonal adjustment and model diagnostics file
        R35 monthly CPI index            PAGE   1, SERIES series

     Contents of spc file series.spc

 Line #
 ------
      1: series { title="R35 monthly CPI index" start=2015.1 period=12 data=(
      2: 98.900000000000006 98.5 98.5 100.3 99.900000000000006 100.09999999999999
      3: 100.09999999999999 99.799999999999997 99.599999999999994 101.2 100.90000000000001 102.3
      4: 101.90000000000001 101.3 100.5 102.2 102.3 103
      5: 102.40000000000001 102.7 102.40000000000001 104.40000000000001 103.3 103
      6: 101.8 101.5 101.5 102.40000000000001 102.7 102
      7: 102.09999999999999 101.90000000000001 102 102.2 102.59999999999999 101.3
      8: 101 100.5 99.900000000000006 101 100.7 100.2
      9: 99.900000000000006 100.2 100.09999999999999 99.799999999999997 99.799999999999997 98.900000000000006
     10: 98.400000000000006 97.299999999999997 97.200000000000003 98.799999999999997 99 98.299999999999997
     11: 97.900000000000006 97.700000000000003 97.799999999999997 98.200000000000003 98.400000000000006 97.599999999999994
     12: 96.5 96.5 95.200000000000003 94 94.5 95.200000000000003
     13: 95.599999999999994 95.599999999999994 95.200000000000003 97.700000000000003 97.900000000000006 97.599999999999994
     14: 98.200000000000003 97.299999999999997 96.700000000000003 98.799999999999997 99.599999999999994 100.5
     15: 101.09999999999999 102.09999999999999 104.5 106.90000000000001 107.5 108.5
     16: 109.40000000000001 111.40000000000001 111.90000000000001 112.40000000000001 114 116.40000000000001
     17: 117.59999999999999 117.7 119.8 122.3 122.40000000000001 122.3
     18: 124.59999999999999 124.2 125.90000000000001 125.7 126.2 126.2
     19: 127.3 127.3 129.19999999999999 131.59999999999999 131.40000000000001 130.90000000000001
     20: 131.59999999999999 131.80000000000001 132.30000000000001 133.90000000000001 133.90000000000001 133.19999999999999
     21: 133.19999999999999 133.19999999999999 133.69999999999999 135.19999999999999 135.30000000000001 134.69999999999999
     22: 135.5 135.5 135.30000000000001 135.69999999999999 137.30000000000001 136.40000000000001
     23: 137.30000000000001 138.30000000000001 138.69999999999999 139.40000000000001 138.5 137.40000000000001
     24: 136.90000000000001 136.90000000000001 137.30000000000001 139.59999999999999 138.30000000000001 138.09999999999999
     25: 137.80000000000001
     26: ) }
     27: transform { function=log }
     28: automdl { }
     29: outlier { types=(ao ls tc) }
     30: x11 { mode=mult save=(d10 d11 d12 d13) appendfcst=no appendbcst=no savelog=all }
     31: spectrum { logqs=yes robustsa=no print=all savelog=all }
     32: check { }
        R35 monthly CPI index            PAGE   2, SERIES series

 A 1  Time series data (for the span analyzed)
  From  2015.Jan to 2026.Jul
  Observations        139
 -----------------------------------------------------------------------------
               Jan      Feb      Mar      Apr      May      Jun 
               Jul      Aug      Sep      Oct      Nov      Dec        TOTAL  
 -----------------------------------------------------------------------------
  2015          99.      99.      99.     100.     100.     100.
               100.     100.     100.     101.     101.     102.         1200.
 
  2016         102.     101.     101.     102.     102.     103.
               102.     103.     102.     104.     103.     103.         1229.
 
  2017         102.     102.     102.     102.     103.     102.
               102.     102.     102.     102.     103.     101.         1224.
 
  2018         101.     101.     100.     101.     101.     100.
               100.     100.     100.     100.     100.      99.         1202.
 
  2019          98.      97.      97.      99.      99.      98.
                98.      98.      98.      98.      98.      98.         1177.
 
  2020          97.      97.      95.      94.      95.      95.
                96.      96.      95.      98.      98.      98.         1152.
 
  2021          98.      97.      97.      99.     100.     101.
               101.     102.     105.     107.     108.     109.         1222.
 
  2022         109.     111.     112.     112.     114.     116.
               118.     118.     120.     122.     122.     122.         1398.
 
  2023         125.     124.     126.     126.     126.     126.
               127.     127.     129.     132.     131.     131.         1531.
 
  2024         132.     132.     132.     134.     134.     133.
               133.     133.     134.     135.     135.     135.         1602.
 
  2025         136.     136.     135.     136.     137.     136.
               137.     138.     139.     139.     139.     137.         1645.
 
  2026         137.     137.     137.     140.     138.     138.
               138.                                                       965.
 
  AVGE         111.     111.     111.     112.     112.     112.
               113.     111.     111.     113.     113.     112.

  Table Total-     15545.60   Mean-     111.84   Std. Dev.-      15.61
                              Min -      94.00        Max -     139.60
        R35 monthly CPI index            PAGE   3, SERIES series
                        Automatic ARIMA Model Selection

                    Procedure based closely on TRAMO method 
                         of Gomez and Maravall (2000)
              "Automatic Modeling Methods for Univariate Series",
                            A Course in Time Series
                  (Edited by D. Pena, G. C. Tiao, R. S. Tsay),
                         New York : J. Wiley and Sons


     Maximum order for regular ARMA parameters :   2
     Maximum order for seasonal ARMA parameters :   1
     Maximum order for regular differencing :   2
     Maximum order for seasonal differencing :   1

   Results of Unit Root Test for identifying orders of differencing:
     Regular difference order :   1
     Seasonal difference order :   0

     Mean is not significant.

  Automatic model choice : (1 1 1)(1 0 1)


  Final Checks for Identified Model


  Checking for Unit Roots.
   Regular unit root found.
   ( 0, 2, 1) ( 1, 0, 1)
   Seasonal unit root found.
   ( 0, 2, 1) ( 0, 1, 1)

  Checking for nonseasonal overdifferencing.
   Nonseasonal MA not within  0.001 of 1.0 - model passes test.

  Checking for insignificant ARMA coefficients.

  Final automatic model choice : (0 2 1)(0 1 1)
   End of automatic model selection procedure.

 Average absolute percentage error in within-sample forecasts:
  Last year:   1.64      Last-1 year:   0.63     Last-2 year:   1.42
  Last three years:    1.23

 Estimation converged in   21 ARMA iterations,   65 function evaluations.

 ARIMA Model:  (0 2 1)(0 1 1)
   Nonseasonal differences: 2
   Seasonal differences:    1
                                              Standard
 Parameter                    Estimate          Errors
 -----------------------------------------------------
 Nonseasonal MA                                    
   Lag  1                       0.8487         0.04607

 Seasonal MA                                       
   Lag 12                       0.8423         0.05567

 Variance                       0.55953E-04
 SE of Var                      0.70775E-05
 -----------------------------------------------------

 Likelihood Statistics
 ------------------------------------------------------------------
 Number of observations (nobs)                                  139
 Effective number of observations (nefobs)                      125
 Number of parameters estimated (np)                              3
 Log likelihood                                            426.5162
 Transformation Adjustment                                -589.8727
 Adjusted Log likelihood (L)                              -163.3565
 AIC                                                       332.7131 
 AICC (F-corrected-AIC)                                    332.9114 
 Hannan Quinn                                              336.1601 
 BIC                                                       341.1980 
 ------------------------------------------------------------------


 DIAGNOSTIC CHECKING
  Sample Autocorrelations of the Residuals with the Ljung-Box diagnostic.

  Lag      1     2     3     4     5     6     7     8     9    10    11    12
  ACF  -0.13 -0.03 -0.05  0.17 -0.02  0.10 -0.06  0.14 -0.00  0.02  0.06 -0.08
  SE    0.09  0.09  0.09  0.09  0.09  0.09  0.09  0.09  0.10  0.10  0.10  0.10
  Q     2.04  2.17  2.54  6.41  6.46  7.70  8.11 10.73 10.74 10.80 11.24 12.11
  DF       0     0     1     2     3     4     5     6     7     8     9    10
  P    0.000 0.000 0.111 0.041 0.091 0.103 0.150 0.097 0.151 0.213 0.260 0.278

  Lag     13    14    15    16    17    18    19    20    21    22    23    24
  ACF   0.15  0.05  0.04  0.04 -0.08 -0.00  0.03 -0.04 -0.08 -0.09 -0.03  0.08
  SE    0.10  0.10  0.10  0.10  0.10  0.10  0.10  0.10  0.10  0.10  0.10  0.10
  Q    15.24 15.57 15.79 16.01 16.92 16.93 17.02 17.26 18.21 19.36 19.55 20.53
  DF      11    12    13    14    15    16    17    18    19    20    21    22
  P    0.172 0.212 0.261 0.313 0.323 0.390 0.453 0.505 0.509 0.498 0.550 0.550

  The P-values approximate the probability of observing a Q-value at least
  this large when the model fitted is correct.  When DF is positive, small
  values of P, customarily those below 0.05, indicate model inadequacy.

  Sample Autocorrelations of the Residuals
                 -1.0 -0.8 -0.6 -0.4 -0.2  0.0  0.2  0.4  0.6  0.8  1.0
                   +----+----+----+----+----+----+----+----+----+----+
            1                           .XXX|   .                     -0.126
            2                          .   X|    .                    -0.031
            3                          .   X|    .                    -0.053
            4                          .    |XXXX.                     0.172
            5                          .    |    .                    -0.019
            6                          .    |XX  .                     0.097
            7                          .   X|    .                    -0.055
            8                          .    |XXX .                     0.139
            9                          .    |    .                    -0.003
           10                          .    |X   .                     0.021
           11                          .    |X   .                     0.056
           12       - - - - - - - - -  .  XX|    .  - - - - - - - -   -0.079
           13                          .    |XXXX.                     0.148
           14                          .    |X   .                     0.048
           15                          .    |X   .                     0.039
           16                          .    |X   .                     0.039
           17                          .  XX|    .                    -0.079
           18                          .    |    .                    -0.003
           19                          .    |X   .                     0.026
           20                          .   X|    .                    -0.040
           21                          .  XX|    .                    -0.078
           22                          .  XX|    .                    -0.087
           23                          .   X|    .                    -0.035
           24       - - - - - - - - -  .    |XX  .  - - - - - - - -    0.079
  
  Sample Autocorrelations of the Squared Residuals with the Ljung-Box diagnostic.

  Lag      1     2     3     4     5     6     7     8     9    10    11    12
  ACF   0.06  0.15  0.01 -0.00  0.05  0.10  0.04 -0.06 -0.05  0.00  0.12  0.18
  SE    0.09  0.09  0.09  0.09  0.09  0.09  0.09  0.09  0.09  0.09  0.09  0.09
  Q     0.45  3.51  3.52  3.52  3.92  5.14  5.34  5.89  6.30  6.31  8.29 12.61
  DF       0     0     1     2     3     4     5     6     7     8     9    10
  P    0.000 0.000 0.060 0.172 0.271 0.273 0.376 0.435 0.505 0.613 0.505 0.246

  Lag     13    14    15    16    17    18    19    20    21    22    23    24
  ACF  -0.13  0.04 -0.09  0.07  0.06  0.06  0.01 -0.09 -0.12  0.05 -0.09  0.14
  SE    0.10  0.10  0.10  0.10  0.10  0.10  0.10  0.10  0.10  0.10  0.10  0.10
  Q    14.91 15.14 16.38 17.06 17.65 18.23 18.24 19.44 21.50 21.94 23.08 26.27
  DF      11    12    13    14    15    16    17    18    19    20    21    22
  P    0.187 0.234 0.229 0.253 0.281 0.311 0.374 0.365 0.310 0.344 0.340 0.240

  The P-values approximate the probability of observing a Q-value at least
  this large when the model fitted is correct in a way that supports the
  standard interpretations of the test statistics, standard errors, and
  prediction intervals output by X-13ARIMA-SEATS. When DF is positive, small
  values of P, customarily those below 0.05, suggest that model-based
  inferences about statistical significance and uncertainty will be less
  dependable than usual.

  Sample Autocorrelations of the Squared Residuals
                 -1.0 -0.8 -0.6 -0.4 -0.2  0.0  0.2  0.4  0.6  0.8  1.0
                   +----+----+----+----+----+----+----+----+----+----+
            1                           .   |X  .                      0.059
            2                           .   |XXXX                      0.154
            3                          .    |    .                     0.011
            4                          .    |    .                    -0.000
            5                          .    |X   .                     0.054
            6                          .    |XX  .                     0.096
            7                          .    |X   .                     0.039
            8                          .  XX|    .                    -0.064
            9                          .   X|    .                    -0.055
           10                          .    |    .                     0.005
           11                          .    |XXX .                     0.119
           12       - - - - - - - - -  .    |XXXX.  - - - - - - - -    0.175
           13                          . XXX|    .                    -0.127
           14                          .    |X   .                     0.041
           15                          .  XX|    .                    -0.092
           16                          .    |XX  .                     0.068
           17                          .    |XX  .                     0.064
           18                          .    |XX  .                     0.062
           19                          .    |    .                     0.008
           20                          .  XX|    .                    -0.089
           21                          . XXX|    .                    -0.116
           22                          .    |X   .                     0.053
           23                          .  XX|    .                    -0.086
           24       - - - - - - - - -  .    |XXXX.  - - - - - - - -    0.142
  
 Histogram of the Standardized and Mean-Centered Residuals
  Standard
  Deviations    Frequency
       -3 +#
          |##
       -2 +#
          |#######
       -1 +##############
          |##########################
        0 +#######################
          |##########################
        1 +############
          |########
        2 +###
          |##
        3 +

  One '#'= 1 observation[s]

 Tabular Histogram of the Standardized and Mean-Centered Residuals

  Standard
  Deviations    Frequency

 -3.00                 1

 -2.50                 2

 -2.00                 1

 -1.50                 7

 -1.00                14

 -0.50                26

  0.00                23

  0.50                26

  1.00                12

  1.50                 8

  2.00                 3

  2.50                 2

  3.00                 0

 Summary Statistics for the Unstandardized Residuals
  Minimum                    -0.022
  Maximum                     0.019
  Median                     -0.000
  Robust Std Dev              0.007

 Normality Statistics for regARIMA Model Residuals:

    Number of residuals  :    125

    Skewness coefficient :   -0.1504    
    Geary's a            :    0.7895    
    Kurtosis             :    3.3740    

  No indication of lack of normality.

 Durbin-Watson Statistic for regARIMA Model Residuals:
  dw =     2.243949

 Friedman Non-Parametric Test for regARIMA Model Residuals:
  ken =     5.815385 ( Asymptotically distributed as Chi-Square(11), P-Value =     0.885394 )

 QS Statistic for regARIMA Model Residuals (full series):             0.00
                                                       (P-Value =     1.0000)

 QS Statistic for regARIMA Model Residuals (starting 2018.Aug):       0.00
                                                       (P-Value =     1.0000)
      10*LOG(SPECTRUM) of the regARIMA model residuals
      Spectrum estimated from 2018.Aug to 2026.Jul.
 ++++++++++I+++++++++++++++++++++++++++++++++++++++++++++++++++++++++++++I
     -37.31I                         *                                   I    -37.31
           I                         *                    *              I
           I                         *                    *              I
           I  *                      *                    *              I
     -38.33I  *                      *                    *             SI    -38.33
           I  *                      *                    *             SI
           I  *                      *                    *             SI
           I  *                      *    S               *             SI
     -39.36I  *                      *    S               *             SI    -39.36
           I  *                      *    S               *             SI
           I  *                      *    S              **             SI
           I  *                      **   S              **         *   SI
     -40.38I  *                *     **   S              **         *   SI    -40.38
           I  *      *         *     **   S*     *       **         *  *SI
           I  *      *         *     **  *S* **  *       **         *  *SI
           I  *      *         *     **  *S* **  *       **         *  *SI
     -41.40I **      *     *   *     **  *S*******       **         *  *SI    -41.40
           I **      *     *   *     **  *S*******       **        *** *SI
           I **      *     *   *     **  *S*******       **        *** *SI
           I **      *     *   *     **  *S*******     ****        *** *SI
     -42.43I **      *     *  **     **  *S********    ****        *****SI    -42.43
           I **      *     ** **S    **  *S********    ****        *****SI
           I****     *     ** **S    **  *S********   T****        *****SI
           I****     *     ** **S    *****S********   T****        *****SI
     -43.45I****    **     *****S   ******S********   T****        *****SI    -43.45
           I****    **     *****S   ******S********   T****        *****SI
           I****    **     *****S   ******S********   T****        *****SI
           I****    **    ******S   ******S********   T****       ******SI
     -44.47I****    **    ******S   ******S********   T****       ******SI    -44.47
           I****    **    ******S   ******S*********  T*****      ******SI
           I****    **    ******S   ******S********* *T*****      ******SI
           I****    **    ******S   ******S********* *T*****      ******SI
     -45.50I****    **    ******S   ******S********* *T*****      ******SI    -45.50
           I****    **    ******S   ******S*********S*T*****      ******SI
           I****    **S   ******S*  ******S*********S*T*****     *******SI
           I****    **S   ******S*  ******S*********S*T*****     *******SI
     -46.52I****    **S   ******S*  ******S*********S*T*****     *******SI    -46.52
           I****    **S   ******S* *******S*********S*T*****     *******SI
           I****    **S   ******S* *******S*********S*T*****     *******SI
           I****    **S  *******S* *******S*********S*T*****     *******SI
     -47.55I****    **S  *******S*********S*********S*T*****    T*******SI    -47.55
           I*****   **S  *******S*********S*********S*T*****    T*******SI
           I*****  ***S  *******S*********S*********S*T*****    T*******SI
           I*****  ***S  *******S*********S*********S*T*****    T*******SI
     -48.57I*****  ***S  *******S*********S*********S*T*****    T*******SI    -48.57
           I*****  ***S* *******S*********S*********S*T*****    T*******SI
           I*****  ***S*********S*********S*********S*T******   T*******SI
           I*****  ***S*********S*********S*********S*T******   T*******SI
     -49.59I*****  ***S*********S*********S*********S*T******  *T*******SI    -49.59
           I****** ***S*********S*********S*********S*T******  *T*******SI
           I**********S*********S*********S*********S*T******  *T*******SI
           I**********S*********S*********S*********S*T******  *T*******SI
     -50.62I**********S*********S*********S*********S*T*******S*T*******SI    -50.62
 ++++++++++I+++++++++++++++++++++++++++++++++++++++++++++++++++++++++++++I
            S=SEASONAL FREQUENCIES, T=TRADING DAY FREQUENCIES


 FORECASTING
  Origin  2026.Jul
  Number        12

  Forecasts and Standard Errors of the Transformed Data
   ------------------------------
                         Standard
       Date   Forecast      Error
   ------------------------------
   2026.Aug       4.93      0.007
   2026.Sep       4.93      0.011
   2026.Oct       4.94      0.015
   2026.Nov       4.93      0.019
   2026.Dec       4.93      0.022
   2027.Jan       4.93      0.026
   2027.Feb       4.92      0.029
   2027.Mar       4.92      0.033
   2027.Apr       4.93      0.037
   2027.May       4.93      0.041
   2027.Jun       4.93      0.045
   2027.Jul       4.92      0.049
   ------------------------------

  Confidence intervals with coverage probability ( 0.95000
  On the Original Scale
   ---------------------------------------
       Date      Lower  Forecast     Upper
   ---------------------------------------
   2026.Aug     135.69    137.69    139.73
   2026.Sep     135.10    138.15    141.28
   2026.Oct     135.51    139.56    143.72
   2026.Nov     134.09    139.05    144.19
   2026.Dec     132.35    138.20    144.32
   2027.Jan     131.29    138.07    145.20
   2027.Feb     129.86    137.56    145.72
   2027.Mar     128.58    137.22    146.44
   2027.Apr     128.40    138.07    148.48
   2027.May     127.37    138.04    149.61
   2027.Jun     126.06    137.73    150.47
   2027.Jul     124.97    137.66    151.65
   ---------------------------------------
        R35 monthly CPI index            PAGE   4, SERIES series

 B 1  Original series (prior adjusted)
  From  2015.Jan to 2026.Jul
  Observations        139
 -----------------------------------------------------------------------------
               Jan      Feb      Mar      Apr      May      Jun 
               Jul      Aug      Sep      Oct      Nov      Dec        TOTAL  
 -----------------------------------------------------------------------------
  2015          99.      98.      98.     100.     100.     100.
               100.     100.     100.     101.     101.     102.         1200.
 
  2016         102.     101.     100.     102.     102.     103.
               102.     103.     102.     104.     103.     103.         1229.
 
  2017         102.     101.     101.     102.     103.     102.
               102.     102.     102.     102.     103.     101.         1224.
 
  2018         101.     100.     100.     101.     101.     100.
               100.     100.     100.     100.     100.      99.         1202.
 
  2019          98.      97.      97.      99.      99.      98.
                98.      98.      98.      98.      98.      98.         1177.
 
  2020          97.      97.      95.      94.      95.      95.
                96.      96.      95.      98.      98.      98.         1152.
 
  2021          98.      97.      97.      99.     100.     100.
               101.     102.     104.     107.     107.     109.         1222.
 
  2022         109.     111.     112.     112.     114.     116.
               118.     118.     120.     122.     122.     122.         1398.
 
  2023         125.     124.     126.     126.     126.     126.
               127.     127.     129.     132.     131.     131.         1531.
 
  2024         132.     132.     132.     134.     134.     133.
               133.     133.     134.     135.     135.     135.         1602.
 
  2025         136.     136.     135.     136.     137.     136.
               137.     138.     139.     139.     139.     137.         1645.
 
  2026         137.     137.     137.     140.     138.     138.
               138.                                                       965.
 
  AVGE         111.     111.     111.     112.     112.     112.
               113.     111.     111.     113.     113.     112.

  Table Total-     15545.60   Mean-     111.84   Std. Dev.-      15.61
                              Min -      94.00        Max -     139.60

 B 1.A  Forecasts of (prior adjusted) original series
  From  2026.Aug to 2027.Jul
  Observations         12
 -----------------------------------------------------------------------------
               Jan      Feb      Mar      Apr      May      Jun 
               Jul      Aug      Sep      Oct      Nov      Dec        TOTAL  
 -----------------------------------------------------------------------------
  2026                                                          
                        138.     138.     140.     139.     138.          693.
 
  2027         138.     138.     137.     138.     138.     138.
               138.                                                       964.
 
        R35 monthly CPI index            PAGE   5, SERIES series

 C 17  Final weights for irregular component
  From  2015.Jan to 2026.Jul
  Observations        139
  Lower sigma limit    1.50
  Upper sigma limit    2.50
 -----------------------------------------------------------------------------
               Jan      Feb      Mar      Apr      May      Jun 
               Jul      Aug      Sep      Oct      Nov      Dec         S.D.  
 -----------------------------------------------------------------------------
  2015        100.0    100.0    100.0    100.0    100.0    100.0
              100.0    100.0     25.9    100.0      0.0     46.9           0.2
 
  2016        100.0    100.0    100.0    100.0    100.0      0.0
              100.0    100.0     83.6      0.0    100.0    100.0           0.2
 
  2017         90.1    100.0    100.0    100.0    100.0    100.0
              100.0    100.0    100.0    100.0    100.0     30.7           0.2
 
  2018        100.0    100.0    100.0    100.0    100.0    100.0
              100.0    100.0    100.0    100.0    100.0    100.0           0.2
 
  2019        100.0     96.2    100.0    100.0    100.0    100.0
              100.0    100.0    100.0    100.0    100.0    100.0           0.3
 
  2020        100.0     49.7    100.0      0.0     74.3    100.0
              100.0    100.0      0.0    100.0    100.0    100.0           0.3
 
  2021          8.5    100.0      0.0    100.0    100.0    100.0
              100.0    100.0    100.0    100.0    100.0    100.0           0.4
 
  2022        100.0      0.0    100.0     14.6     95.0    100.0
              100.0    100.0    100.0    100.0    100.0    100.0           0.4
 
  2023         25.3    100.0     21.1    100.0    100.0    100.0
              100.0    100.0    100.0    100.0    100.0    100.0           0.3
 
  2024        100.0    100.0    100.0    100.0    100.0    100.0
              100.0    100.0    100.0    100.0    100.0    100.0           0.3
 
  2025        100.0    100.0    100.0    100.0      0.0    100.0
              100.0    100.0    100.0    100.0    100.0    100.0           0.3
 
  2026        100.0    100.0    100.0      0.0    100.0    100.0
              100.0                                                        0.3
 
        R35 monthly CPI index            PAGE   6, SERIES series

 D 8  Final unmodified SI ratios
  From  2015.Jan to 2026.Jul
  Observations        139
 -----------------------------------------------------------------------------
               Jan      Feb      Mar      Apr      May      Jun 
               Jul      Aug      Sep      Oct      Nov      Dec         AVGE  
 -----------------------------------------------------------------------------
  2015         99.9     99.2     98.9    100.5     99.9    100.0
              100.0     99.7     99.3    100.6     99.8    100.8          99.9
 
  2016        100.1     99.4     98.6    100.2    100.2    100.7
               99.9    100.1     99.7    101.7    100.7    100.6         100.2
 
  2017         99.5     99.2     99.2    100.0    100.4     99.8
              100.0     99.9    100.2    100.5    101.0     99.9         100.0
 
  2018         99.7     99.3     98.9    100.2    100.1     99.9
               99.7    100.2    100.4    100.5    100.9    100.3         100.0
 
  2019        100.0     98.9     98.7    100.2    100.3     99.8
               99.7     99.8    100.2    100.8    101.2    100.5         100.0
 
  2020         99.7    100.0     99.2     98.3     99.1     99.8
              100.0     99.7     98.9    101.2    101.1    100.5          99.8
 
  2021        100.8     99.5     98.3     99.7     99.7     99.8
               99.4     99.3    100.4    101.4    100.7    100.4          99.9
 
  2022        100.0    100.6     99.8     99.0     99.2    100.0
              100.0     99.1    100.1    101.4    100.7     99.8         100.0
 
  2023        100.8     99.7    100.5     99.9     99.9     99.5
               99.9     99.3    100.1    101.3    100.6     99.8         100.1
 
  2024        100.0     99.7     99.6    100.3    100.1     99.6
               99.7     99.7    100.0    100.9    100.6     99.8         100.0
 
  2025        100.0     99.8     99.6     99.8    100.7     99.6
               99.7    100.1    100.3    100.9    100.5     99.9         100.1
 
  2026         99.6     99.5     99.6    101.0    100.0     99.9
               99.8                                                       99.9
 
  AVGE        100.0     99.6     99.2     99.9    100.0     99.9
               99.8     99.7    100.0    101.0    100.7    100.2

  Table Total-     13898.64   Mean-      99.99   Std. Dev.-       0.62
                              Min -      98.26        Max -     101.69
        R35 monthly CPI index            PAGE   7, SERIES series

 D 8.B  Final unmodified SI ratios, with labels for outliers and extreme values
  From  2015.Jan to 2026.Jul
  Observations        139
 ---------------------------------------------------------------------
               Jan       Feb       Mar       Apr       May       Jun  
               Jul       Aug       Sep       Oct       Nov       Dec  
 ---------------------------------------------------------------------
  2015        99.9      99.2      98.9     100.5      99.9     100.0  
             100.0      99.7      99.3*    100.6      99.8*    100.8* 
 
  2016       100.1      99.4      98.6     100.2     100.2     100.7* 
              99.9     100.1      99.7*    101.7*    100.7     100.6  
 
  2017        99.5*     99.2      99.2     100.0     100.4      99.8  
             100.0      99.9     100.2     100.5     101.0      99.9* 
 
  2018        99.7      99.3      98.9     100.2     100.1      99.9  
              99.7     100.2     100.4     100.5     100.9     100.3  
 
  2019       100.0      98.9*     98.7     100.2     100.3      99.8  
              99.7      99.8     100.2     100.8     101.2     100.5  
 
  2020        99.7     100.0*     99.2      98.3*     99.1*     99.8  
             100.0      99.7      98.9*    101.2     101.1     100.5  
 
  2021       100.8*     99.5      98.3*     99.7      99.7      99.8  
              99.4      99.3     100.4     101.4     100.7     100.4  
 
  2022       100.0     100.6*     99.8      99.0*     99.2*    100.0  
             100.0      99.1     100.1     101.4     100.7      99.8  
 
  2023       100.8*     99.7     100.5*     99.9      99.9      99.5  
              99.9      99.3     100.1     101.3     100.6      99.8  
 
  2024       100.0      99.7      99.6     100.3     100.1      99.6  
              99.7      99.7     100.0     100.9     100.6      99.8  
 
  2025       100.0      99.8      99.6      99.8     100.7*     99.6  
              99.7     100.1     100.3     100.9     100.5      99.9  
 
  2026        99.6      99.5      99.6     101.0*    100.0      99.9  
              99.8                                                    
 

  Key to symbols:
    *  : extreme value as determined by X-11 extreme value procedure
 
        R35 monthly CPI index            PAGE   8, SERIES series

 D 9  Final replacement values for SI ratios
  From  2015.Jan to 2026.Jul
  Observations        139
 ---------------------------------------------------------------
               Jan      Feb      Mar      Apr      May      Jun 
               Jul      Aug      Sep      Oct      Nov      Dec 
 ---------------------------------------------------------------
  2015     ******** ******** ******** ******** ******** ********
           ******** ********     99.7 ********    100.7    100.6
 
  2016     ******** ******** ******** ******** ********     99.9
           ******** ********     99.8    100.8 ******** ********
 
  2017         99.5 ******** ******** ******** ******** ********
           ******** ******** ******** ******** ********    100.2
 
  2018     ******** ******** ******** ******** ******** ********
           ******** ******** ******** ******** ******** ********
 
  2019     ********     99.0 ******** ******** ******** ********
           ******** ******** ******** ******** ******** ********
 
  2020     ********     99.7 ********     99.8     99.3 ********
           ******** ********    100.1 ******** ******** ********
 
  2021        100.0 ********     99.3 ******** ******** ********
           ******** ******** ******** ******** ******** ********
 
  2022     ********     99.6 ********     99.7     99.2 ********
           ******** ******** ******** ******** ******** ********
 
  2023        100.3 ********     99.9 ******** ******** ********
           ******** ******** ******** ******** ******** ********
 
  2024     ******** ******** ******** ******** ******** ********
           ******** ******** ******** ******** ******** ********
 
  2025     ******** ******** ******** ********    100.0 ********
           ******** ******** ******** ******** ******** ********
 
  2026     ******** ******** ********    100.1 ******** ********
           ********                                             
 

 D 9.A  Moving seasonality ratio
 ---------------------------------------------------------------
               Jan      Feb      Mar      Apr      May      Jun 
 ---------------------------------------------------------------
   I          0.280    0.255    0.235    0.251    0.386    0.168
   S          0.035    0.050    0.086    0.058    0.075    0.030
 RATIO        8.080    5.061    2.745    4.301    5.153    5.616



 ---------------------------------------------------------------
               Jul      Aug      Sep      Oct      Nov      Dec 
 ---------------------------------------------------------------
   I          0.202    0.272    0.208    0.186    0.135    0.185
   S          0.033    0.052    0.039    0.071    0.046    0.072
 RATIO        6.104    5.271    5.326    2.624    2.907    2.591



        R35 monthly CPI index            PAGE   9, SERIES series

 D 10  Final seasonal factors
  From  2015.Jan to 2026.Jul
  Observations        139
  Seasonal filter    3 x 5 moving average
 -----------------------------------------------------------------------------
               Jan      Feb      Mar      Apr      May      Jun 
               Jul      Aug      Sep      Oct      Nov      Dec         AVGE  
 -----------------------------------------------------------------------------
  2015        99.82    99.28    98.89   100.23   100.14    99.92
              99.95    99.95    99.96   100.61   100.84   100.42        100.00
 
  2016        99.83    99.26    98.88   100.22   100.15    99.90
              99.92    99.96   100.00   100.61   100.87   100.43        100.00
 
  2017        99.82    99.28    98.89   100.17   100.12    99.87
              99.88    99.96   100.06   100.66   100.91   100.42        100.00
 
  2018        99.81    99.30    98.95   100.09   100.06    99.83
              99.83    99.90   100.13   100.74   100.95   100.42        100.00
 
  2019        99.82    99.37    99.06    99.99    99.91    99.83
              99.80    99.79   100.20   100.89   100.95   100.37        100.00
 
  2020        99.87    99.42    99.21    99.92    99.79    99.81
              99.78    99.62   100.21   101.04   100.91   100.29         99.99
 
  2021        99.94    99.52    99.37    99.88    99.68    99.79
              99.78    99.50   100.18   101.17   100.83   100.18         99.99
 
  2022        99.99    99.60    99.51    99.87    99.70    99.74
              99.78    99.46   100.17   101.22   100.74   100.06         99.99
 
  2023        99.99    99.65    99.60    99.91    99.75    99.73
              99.79    99.52   100.16   101.19   100.66    99.93         99.99
 
  2024        99.97    99.66    99.63    99.96    99.88    99.70
              99.78    99.63   100.16   101.13   100.60    99.86        100.00
 
  2025        99.90    99.65    99.60   100.03    99.97    99.71
              99.79    99.73   100.15   101.06   100.57    99.82        100.00
 
  2026        99.86    99.64    99.56   100.06   100.04    99.73
              99.78                                                      99.81
 
  AVGE        99.89    99.47    99.26   100.03    99.93    99.80
              99.82    99.73   100.12   100.94   100.80   100.20

  Table Total-     13898.12   Mean-      99.99   Std. Dev.-       0.49
                              Min -      98.88        Max -     101.22

 D 10.A  Final seasonal component forecasts
  From  2026.Aug to 2027.Jul
  Observations         12
 -----------------------------------------------------------------------------
               Jan      Feb      Mar      Apr      May      Jun 
               Jul      Aug      Sep      Oct      Nov      Dec         AVGE  
 -----------------------------------------------------------------------------
  2026                                                          
                       99.81   100.15   101.02   100.56    99.83        100.27
 
  2027        99.82    99.63    99.54   100.06   100.05    99.76
              99.78                                                      99.81
 
        R35 monthly CPI index            PAGE  10, SERIES series

 D 11  Final seasonally adjusted data
  From  2015.Jan to 2026.Jul
  Observations        139
 -----------------------------------------------------------------------------
               Jan      Feb      Mar      Apr      May      Jun 
               Jul      Aug      Sep      Oct      Nov      Dec        TOTAL  
 -----------------------------------------------------------------------------
  2015          99.      99.     100.     100.     100.     100.
               100.     100.     100.     101.     100.     102.         1200.
 
  2016         102.     102.     102.     102.     102.     103.
               102.     103.     102.     104.     102.     103.         1229.
 
  2017         102.     102.     103.     102.     103.     102.
               102.     102.     102.     102.     102.     101.         1224.
 
  2018         101.     101.     101.     101.     101.     100.
               100.     100.     100.      99.      99.      98.         1202.
 
  2019          99.      98.      98.      99.      99.      98.
                98.      98.      98.      97.      97.      97.         1177.
 
  2020          97.      97.      96.      94.      95.      95.
                96.      96.      95.      97.      97.      97.         1152.
 
  2021          98.      98.      97.      99.     100.     101.
               101.     103.     104.     106.     107.     108.         1222.
 
  2022         109.     112.     112.     113.     114.     117.
               118.     118.     120.     121.     121.     122.         1398.
 
  2023         125.     125.     126.     126.     127.     127.
               128.     128.     129.     130.     131.     131.         1531.
 
  2024         132.     132.     133.     134.     134.     134.
               133.     134.     133.     134.     134.     135.         1602.
 
  2025         136.     136.     136.     136.     137.     137.
               138.     139.     138.     138.     138.     138.         1645.
 
  2026         137.     137.     138.     140.     138.     138.
               138.                                                       967.
 
  AVGE         111.     112.     112.     112.     112.     113.
               113.     111.     111.     112.     112.     112.

  Table Total-     15547.69   Mean-     111.85   Std. Dev.-      15.61
                              Min -      94.08        Max -     139.52
        R35 monthly CPI index            PAGE  11, SERIES series

 D 12  Final trend cycle
  From  2015.Jan to 2026.Jul
  Observations        139
  Trend filter     9-term Henderson moving average
  I/C ratio        0.62
 -----------------------------------------------------------------------------
               Jan      Feb      Mar      Apr      May      Jun 
               Jul      Aug      Sep      Oct      Nov      Dec        TOTAL  
 -----------------------------------------------------------------------------
  2015          99.      99.     100.     100.     100.     100.
               100.     100.     100.     101.     101.     102.         1201.
 
  2016         102.     102.     102.     102.     102.     102.
               103.     103.     103.     103.     103.     102.         1227.
 
  2017         102.     102.     102.     102.     102.     102.
               102.     102.     102.     102.     101.     101.         1225.
 
  2018         101.     101.     101.     101.     101.     100.
               100.     100.     100.      99.      99.      99.         1202.
 
  2019          98.      98.      98.      99.      99.      99.
                98.      98.      98.      97.      97.      97.         1177.
 
  2020          97.      96.      96.      95.      95.      95.
                96.      96.      96.      97.      97.      97.         1154.
 
  2021          98.      98.      98.      99.     100.     101.
               102.     103.     104.     106.     107.     108.         1222.
 
  2022         110.     111.     112.     113.     115.     116.
               118.     119.     120.     121.     122.     123.         1398.
 
  2023         124.     125.     125.     126.     126.     127.
               127.     128.     129.     130.     131.     131.         1529.
 
  2024         132.     132.     133.     134.     134.     134.
               134.     134.     134.     134.     134.     135.         1602.
 
  2025         135.     136.     136.     136.     136.     137.
               138.     138.     138.     138.     138.     137.         1644.
 
  2026         137.     138.     138.     138.     138.     138.
               138.                                                       966.
 
  AVGE         111.     112.     112.     112.     112.     113.
               113.     111.     111.     111.     112.     112.

  Table Total-     15546.08   Mean-     111.84   Std. Dev.-      15.55
                              Min -      95.24        Max -     138.36
        R35 monthly CPI index            PAGE  12, SERIES series

 D 13  Final irregular component
  From  2015.Jan to 2026.Jul
  Observations        139
 -----------------------------------------------------------------------------
               Jan      Feb      Mar      Apr      May      Jun 
               Jul      Aug      Sep      Oct      Nov      Dec         S.D.  
 -----------------------------------------------------------------------------
  2015        100.0     99.9    100.0    100.2     99.8    100.1
              100.2     99.8     99.5    100.1     99.0    100.3           0.4
 
  2016        100.2    100.1     99.7    100.0    100.0    100.7
              100.0    100.1     99.7    101.1     99.9    100.2           0.4
 
  2017         99.7     99.9    100.3     99.8    100.2     99.9
              100.1     99.9    100.1     99.9    100.2     99.5           0.2
 
  2018        100.0    100.1    100.0    100.1    100.0     99.9
               99.8    100.2    100.2     99.7    100.0    100.0           0.1
 
  2019        100.3     99.7     99.7    100.2    100.4     99.9
               99.9    100.0    100.0     99.9    100.1    100.1           0.2
 
  2020         99.7    100.6    100.1     98.6     99.4    100.1
              100.2    100.0     98.7    100.1    100.1    100.1           0.6
 
  2021        100.8     99.9     99.0     99.9    100.2    100.1
               99.7     99.9    100.2    100.1     99.8    100.1           0.4
 
  2022         99.9    100.9    100.3     99.2     99.5    100.4
              100.3     99.7    100.0    100.2    100.0     99.7           0.4
 
  2023        100.8    100.0    100.8     99.9    100.1     99.8
              100.1     99.8    100.0    100.2    100.0     99.9           0.3
 
  2024        100.0     99.9     99.8    100.3    100.2     99.8
               99.9    100.1     99.9     99.9    100.1     99.9           0.1
 
  2025        100.1    100.2    100.0     99.8    100.8     99.9
               99.9    100.3    100.1     99.8    100.0    100.1           0.3
 
  2026         99.8     99.9    100.1    101.0     99.9    100.1
              100.0                                                        0.4
 
  S.D.          0.4      0.3      0.4      0.6      0.3      0.3
                0.2      0.2      0.5      0.4      0.3      0.2

  Table Total-     13900.55   Mean-     100.00   Std. Dev.-       0.35
                              Min -      98.56        Max -     101.10
        R35 monthly CPI index            PAGE  13, SERIES series

 D 16  Combined adjustment factors
  From  2015.Jan to 2026.Jul
  Observations        139
 -----------------------------------------------------------------------------
               Jan      Feb      Mar      Apr      May      Jun 
               Jul      Aug      Sep      Oct      Nov      Dec         AVGE  
 -----------------------------------------------------------------------------
  2015        99.82    99.28    98.89   100.23   100.14    99.92
              99.95    99.95    99.96   100.61   100.84   100.42        100.00
 
  2016        99.83    99.26    98.88   100.22   100.15    99.90
              99.92    99.96   100.00   100.61   100.87   100.43        100.00
 
  2017        99.82    99.28    98.89   100.17   100.12    99.87
              99.88    99.96   100.06   100.66   100.91   100.42        100.00
 
  2018        99.81    99.30    98.95   100.09   100.06    99.83
              99.83    99.90   100.13   100.74   100.95   100.42        100.00
 
  2019        99.82    99.37    99.06    99.99    99.91    99.83
              99.80    99.79   100.20   100.89   100.95   100.37        100.00
 
  2020        99.87    99.42    99.21    99.92    99.79    99.81
              99.78    99.62   100.21   101.04   100.91   100.29         99.99
 
  2021        99.94    99.52    99.37    99.88    99.68    99.79
              99.78    99.50   100.18   101.17   100.83   100.18         99.99
 
  2022        99.99    99.60    99.51    99.87    99.70    99.74
              99.78    99.46   100.17   101.22   100.74   100.06         99.99
 
  2023        99.99    99.65    99.60    99.91    99.75    99.73
              99.79    99.52   100.16   101.19   100.66    99.93         99.99
 
  2024        99.97    99.66    99.63    99.96    99.88    99.70
              99.78    99.63   100.16   101.13   100.60    99.86        100.00
 
  2025        99.90    99.65    99.60   100.03    99.97    99.71
              99.79    99.73   100.15   101.06   100.57    99.82        100.00
 
  2026        99.86    99.64    99.56   100.06   100.04    99.73
              99.78                                                      99.81
 
  AVGE        99.89    99.47    99.26   100.03    99.93    99.80
              99.82    99.73   100.12   100.94   100.80   100.20

  Table Total-     13898.12   Mean-      99.99   Std. Dev.-       0.49
                              Min -      98.88        Max -     101.22

 D 16.A  Combined adjustment component forecasts
  From  2026.Aug to 2027.Jul
  Observations         12
 -----------------------------------------------------------------------------
               Jan      Feb      Mar      Apr      May      Jun 
               Jul      Aug      Sep      Oct      Nov      Dec         AVGE  
 -----------------------------------------------------------------------------
  2026                                                          
                       99.81   100.15   101.02   100.56    99.83        100.27
 
  2027        99.82    99.63    99.54   100.06   100.05    99.76
              99.78                                                      99.81
 
        R35 monthly CPI index            PAGE  14, SERIES series

 E 4  Ratios of annual totals
  From          2015 to 2025
  Observations         11
 -----------------------------------
  Year       Unmodified     Modified
                  (D11)         (E2)
 -----------------------------------
  2015           100.00       100.00
 
  2016           100.00       100.00
 
  2017           100.00       100.00
 
  2018           100.00       100.00
 
  2019            99.99        99.99
 
  2020            99.99        99.99
 
  2021           100.00       100.00
 
  2022           100.00       100.00
 
  2023            99.99        99.99
 
  2024           100.00       100.00
 
  2025           100.00       100.00
 
        R35 monthly CPI index            PAGE  15, SERIES series

 E 5  Month-to-month percent change in the original series
  From  2015.Feb to 2026.Jul
  Observations        138
 -----------------------------------------------------------------------------
               Jan      Feb      Mar      Apr      May      Jun 
               Jul      Aug      Sep      Oct      Nov      Dec         AVGE  
 -----------------------------------------------------------------------------
  2015                  -0.4      0.0      1.8     -0.4      0.2
                0.0     -0.3     -0.2      1.6     -0.3      1.4           0.3
 
  2016         -0.4     -0.6     -0.8      1.7      0.1      0.7
               -0.6      0.3     -0.3      2.0     -1.1     -0.3           0.1
 
  2017         -1.2     -0.3      0.0      0.9      0.3     -0.7
                0.1     -0.2      0.1      0.2      0.4     -1.3          -0.1
 
  2018         -0.3     -0.5     -0.6      1.1     -0.3     -0.5
               -0.3      0.3     -0.1     -0.3      0.0     -0.9          -0.2
 
  2019         -0.5     -1.1     -0.1      1.6      0.2     -0.7
               -0.4     -0.2      0.1      0.4      0.2     -0.8          -0.1
 
  2020         -1.1      0.0     -1.3     -1.3      0.5      0.7
                0.4      0.0     -0.4      2.6      0.2     -0.3           0.0
 
  2021          0.6     -0.9     -0.6      2.2      0.8      0.9
                0.6      1.0      2.4      2.3      0.6      0.9           0.9
 
  2022          0.8      1.8      0.4      0.4      1.4      2.1
                1.0      0.1      1.8      2.1      0.1     -0.1           1.0
 
  2023          1.9     -0.3      1.4     -0.2      0.4      0.0
                0.9      0.0      1.5      1.9     -0.2     -0.4           0.6
 
  2024          0.5      0.2      0.4      1.2      0.0     -0.5
                0.0      0.0      0.4      1.1      0.1     -0.4           0.2
 
  2025          0.6      0.0     -0.1      0.3      1.2     -0.7
                0.7      0.7      0.3      0.5     -0.6     -0.8           0.2
 
  2026         -0.4      0.0      0.3      1.7     -0.9     -0.1
               -0.2                                                        0.0
 
  AVGE          0.1     -0.2     -0.1      1.0      0.3      0.1
                0.2      0.2      0.5      1.3     -0.1     -0.3

  Table Total-        33.72   Mean-       0.24   Std. Dev.-       0.89
                              Min -      -1.35        Max -       2.63
        R35 monthly CPI index            PAGE  16, SERIES series

 E 6  Month-to-month percent change in seasonally adjusted series (D11)
  From  2015.Feb to 2026.Jul
  Observations        138
 -----------------------------------------------------------------------------
               Jan      Feb      Mar      Apr      May      Jun 
               Jul      Aug      Sep      Oct      Nov      Dec         AVGE  
 -----------------------------------------------------------------------------
  2015                   0.1      0.4      0.5     -0.3      0.4
               -0.0     -0.3     -0.2      0.9     -0.5      1.8           0.3
 
  2016          0.2     -0.0     -0.4      0.3      0.2      0.9
               -0.6      0.3     -0.3      1.3     -1.3      0.1           0.1
 
  2017         -0.6      0.2      0.4     -0.4      0.3     -0.4
                0.1     -0.3     -0.0     -0.4      0.1     -0.8          -0.1
 
  2018          0.3      0.0     -0.2     -0.1     -0.3     -0.3
               -0.3      0.2     -0.3     -0.9     -0.2     -0.4          -0.2
 
  2019          0.1     -0.7      0.2      0.7      0.3     -0.6
               -0.4     -0.2     -0.3     -0.3      0.1     -0.2          -0.1
 
  2020         -0.6      0.5     -1.1     -2.0      0.7      0.7
                0.5      0.2     -1.0      1.8      0.3      0.3           0.0
 
  2021          1.0     -0.5     -0.5      1.6      1.0      0.8
                0.6      1.3      1.7      1.3      0.9      1.6           0.9
 
  2022          1.0      2.2      0.5      0.1      1.6      2.1
                1.0      0.4      1.1      1.0      0.6      0.6           1.0
 
  2023          2.0      0.0      1.4     -0.5      0.6      0.0
                0.8      0.3      0.8      0.8      0.4      0.3           0.6
 
  2024          0.5      0.5      0.4      0.9      0.1     -0.3
               -0.1      0.2     -0.2      0.2      0.6      0.3           0.2
 
  2025          0.5      0.3     -0.1     -0.1      1.2     -0.4
                0.6      0.8     -0.1     -0.4     -0.2     -0.0           0.2
 
  2026         -0.4      0.2      0.4      1.2     -0.9      0.2
               -0.3                                                        0.1
 
  AVGE          0.4      0.2      0.1      0.2      0.4      0.3
                0.2      0.3      0.1      0.5      0.1      0.3

  Table Total-        33.59   Mean-       0.24   Std. Dev.-       0.74
                              Min -      -1.96        Max -       2.23
        R35 monthly CPI index            PAGE  17, SERIES series

 E 7  Month-to-month percent change in final trend cycle (D12)
  From  2015.Feb to 2026.Jul
  Observations        138
 -----------------------------------------------------------------------------
               Jan      Feb      Mar      Apr      May      Jun 
               Jul      Aug      Sep      Oct      Nov      Dec         AVGE  
 -----------------------------------------------------------------------------
  2015                   0.2      0.3      0.2      0.2      0.0
               -0.0      0.0      0.2      0.4      0.5      0.5           0.2
 
  2016          0.3      0.1     -0.0      0.0      0.2      0.2
                0.2      0.1      0.1     -0.0     -0.1     -0.1           0.1
 
  2017         -0.1      0.0      0.1      0.0     -0.0     -0.1
               -0.1     -0.1     -0.2     -0.2     -0.2     -0.1          -0.1
 
  2018         -0.1     -0.1     -0.1     -0.2     -0.2     -0.2
               -0.2     -0.2     -0.3     -0.4     -0.4     -0.4          -0.2
 
  2019         -0.2     -0.0      0.2      0.2      0.1     -0.1
               -0.4     -0.4     -0.2     -0.2     -0.2     -0.2          -0.1
 
  2020         -0.3     -0.4     -0.6     -0.5     -0.2      0.1
                0.3      0.4      0.4      0.3      0.3      0.3           0.0
 
  2021          0.3      0.3      0.5      0.7      0.8      0.8
                1.0      1.2      1.3      1.3      1.3      1.2           0.9
 
  2022          1.3      1.2      1.2      1.2      1.2      1.2
                1.1      1.0      0.8      0.8      0.8      0.9           1.1
 
  2023          0.9      0.8      0.6      0.4      0.3      0.3
                0.5      0.6      0.7      0.6      0.5      0.4           0.6
 
  2024          0.4      0.5      0.5      0.4      0.2     -0.0
               -0.1     -0.1      0.1      0.2      0.4      0.5           0.2
 
  2025          0.4      0.2      0.1      0.1      0.3      0.5
                0.5      0.4      0.1     -0.1     -0.3     -0.2           0.2
 
  2026         -0.1      0.1      0.2      0.2      0.1     -0.0
               -0.1                                                        0.1
 
  AVGE          0.2      0.2      0.2      0.2      0.2      0.2
                0.2      0.3      0.3      0.2      0.2      0.2

  Table Total-        33.41   Mean-       0.24   Std. Dev.-       0.51
                              Min -      -0.56        Max -       1.35
        R35 monthly CPI index            PAGE  18, SERIES series

 E 8  Month-to-month percent change in original series adjusted for calendar factors (A18)
  From  2015.Feb to 2026.Jul
  Observations        138
 -----------------------------------------------------------------------------
               Jan      Feb      Mar      Apr      May      Jun 
               Jul      Aug      Sep      Oct      Nov      Dec         AVGE  
 -----------------------------------------------------------------------------
  2015                  -0.4      0.0      1.8     -0.4      0.2
                0.0     -0.3     -0.2      1.6     -0.3      1.4           0.3
 
  2016         -0.4     -0.6     -0.8      1.7      0.1      0.7
               -0.6      0.3     -0.3      2.0     -1.1     -0.3           0.1
 
  2017         -1.2     -0.3      0.0      0.9      0.3     -0.7
                0.1     -0.2      0.1      0.2      0.4     -1.3          -0.1
 
  2018         -0.3     -0.5     -0.6      1.1     -0.3     -0.5
               -0.3      0.3     -0.1     -0.3      0.0     -0.9          -0.2
 
  2019         -0.5     -1.1     -0.1      1.6      0.2     -0.7
               -0.4     -0.2      0.1      0.4      0.2     -0.8          -0.1
 
  2020         -1.1      0.0     -1.3     -1.3      0.5      0.7
                0.4      0.0     -0.4      2.6      0.2     -0.3           0.0
 
  2021          0.6     -0.9     -0.6      2.2      0.8      0.9
                0.6      1.0      2.4      2.3      0.6      0.9           0.9
 
  2022          0.8      1.8      0.4      0.4      1.4      2.1
                1.0      0.1      1.8      2.1      0.1     -0.1           1.0
 
  2023          1.9     -0.3      1.4     -0.2      0.4      0.0
                0.9      0.0      1.5      1.9     -0.2     -0.4           0.6
 
  2024          0.5      0.2      0.4      1.2      0.0     -0.5
                0.0      0.0      0.4      1.1      0.1     -0.4           0.2
 
  2025          0.6      0.0     -0.1      0.3      1.2     -0.7
                0.7      0.7      0.3      0.5     -0.6     -0.8           0.2
 
  2026         -0.4      0.0      0.3      1.7     -0.9     -0.1
               -0.2                                                        0.0
 
  AVGE          0.1     -0.2     -0.1      1.0      0.3      0.1
                0.2      0.2      0.5      1.3     -0.1     -0.3

  Table Total-        33.72   Mean-       0.24   Std. Dev.-       0.89
                              Min -      -1.35        Max -       2.63
        R35 monthly CPI index            PAGE  19, SERIES series

 E 18  Final adjustment ratios
  From  2015.Jan to 2026.Jul
  Observations        139
 -----------------------------------------------------------------------------
               Jan      Feb      Mar      Apr      May      Jun 
               Jul      Aug      Sep      Oct      Nov      Dec         AVGE  
 -----------------------------------------------------------------------------
  2015         99.8     99.3     98.9    100.2    100.1     99.9
               99.9    100.0    100.0    100.6    100.8    100.4         100.0
 
  2016         99.8     99.3     98.9    100.2    100.2     99.9
               99.9    100.0    100.0    100.6    100.9    100.4         100.0
 
  2017         99.8     99.3     98.9    100.2    100.1     99.9
               99.9    100.0    100.1    100.7    100.9    100.4         100.0
 
  2018         99.8     99.3     98.9    100.1    100.1     99.8
               99.8     99.9    100.1    100.7    101.0    100.4         100.0
 
  2019         99.8     99.4     99.1    100.0     99.9     99.8
               99.8     99.8    100.2    100.9    100.9    100.4         100.0
 
  2020         99.9     99.4     99.2     99.9     99.8     99.8
               99.8     99.6    100.2    101.0    100.9    100.3         100.0
 
  2021         99.9     99.5     99.4     99.9     99.7     99.8
               99.8     99.5    100.2    101.2    100.8    100.2         100.0
 
  2022        100.0     99.6     99.5     99.9     99.7     99.7
               99.8     99.5    100.2    101.2    100.7    100.1         100.0
 
  2023        100.0     99.7     99.6     99.9     99.8     99.7
               99.8     99.5    100.2    101.2    100.7     99.9         100.0
 
  2024        100.0     99.7     99.6    100.0     99.9     99.7
               99.8     99.6    100.2    101.1    100.6     99.9         100.0
 
  2025         99.9     99.6     99.6    100.0    100.0     99.7
               99.8     99.7    100.1    101.1    100.6     99.8         100.0
 
  2026         99.9     99.6     99.6    100.1    100.0     99.7
               99.8                                                       99.8
 
  AVGE         99.9     99.5     99.3    100.0     99.9     99.8
               99.8     99.7    100.1    100.9    100.8    100.2

  Table Total-     13898.12   Mean-      99.99   Std. Dev.-       0.49
                              Min -      98.88        Max -     101.22

 E 18.A  Final adjustment ratio forecasts
  From  2026.Aug to 2027.Jul
  Observations         12
 -----------------------------------------------------------------------------
               Jan      Feb      Mar      Apr      May      Jun 
               Jul      Aug      Sep      Oct      Nov      Dec         AVGE  
 -----------------------------------------------------------------------------
  2026                                                          
                        99.8    100.2    101.0    100.6     99.8         100.3
 
  2027         99.8     99.6     99.5    100.1    100.1     99.8
               99.8                                                       99.8
 

  QS statistic for seasonality:
  log(Original Series)                               14.63  (P-Value =     0.0007)
  log(Original Series (EV adj))                      14.63  (P-Value =     0.0007)
  Residuals                                           0.00  (P-Value =     1.0000)
  log(Seasonally Adjusted Series)                     0.00  (P-Value =     1.0000)
  log(SA Series (EV adj))                             0.00  (P-Value =     1.0000)
  Irregular Series                                    0.00  (P-Value =     1.0000)
  Irregular Series (EV adj)                           0.00  (P-Value =     1.0000)

  QS statistic for seasonality (starting 2018.Aug):
  log(Original Series)                               13.10  (P-Value =     0.0014)
  log(Original Series (EV adj))                      13.10  (P-Value =     0.0014)
  Residuals                                           0.00  (P-Value =     1.0000)
  log(Seasonally Adjusted Series)                     0.00  (P-Value =     1.0000)
  log(SA Series (EV adj))                             0.00  (P-Value =     1.0000)
  Irregular Series                                    0.00  (P-Value =     1.0000)
  Irregular Series (EV adj)                           0.00  (P-Value =     1.0000)
        R35 monthly CPI index            PAGE  20, SERIES series


  Visually significant residual seasonal peaks have been
  found in the spectral plot of the following series starting in 2018.Aug:

          Irregular component (Table D13) (1 Seasonal and 
        R35 monthly CPI index            PAGE  21, SERIES series
 G 0  10*LOG(SPECTRUM) of the differenced, transformed Original Series
      (Table A1 or B1).  Spectrum estimated from 2018.Aug to 2026.Jul.
 ++++++++++I+++++++++++++++++++++++++++++++++++++++++++++++++++++++++++++I
     -31.63I                                        S                    I    -31.63
           I                                        S                    I
           I                                        S                    I
           I                                        S                    I
     -33.90I                              S         S*                   I    -33.90
           I                    S         S         S*   *               I
           I                    S         S         S*   **              I
           I                    S         S        *S*   **              I
     -36.17I                    S         S        *S*   **              I    -36.17
           I                    S    *    S    *   *S*   **        * **  I
           I                    S    *    S*   *   *S*   **        ****  I
           I                    S    *    S*   *   *S*T  **        ****  I
     -38.45I                    S    *    S*   *   *S*T  **       *****  I    -38.45
           I                    S    **   S*  *** **S*T ***       ****** I
           I                    S    **   S*  *** **S*T****       ****** I
           I                    S    **  *S*  ******S*T****       ******SI
     -40.72I                    S    **  *S*  ******S*T****       ******SI    -40.72
           I                    S    **  *S*********S*T*****      ******SI
           I                    S*  ***  *S*********S*T*****      ******SI
           I                    S*  **** *S*********S*T*****     *******SI
     -43.00I                   *S*  ******S*********S*T*****     *******SI    -43.00
           I                *  *S*  ******S*********S*T*****     *******SI
           I                *  *S*  ******S*********S*T*****    T*******SI
           I                *  *S*  ******S*********S*T******   T*******SI
     -45.27I         *      *  *S*********S*********S*T*******S*T*******SI    -45.27
           I         *S    *** *S*********S*********S*T*******S*T*******SI
           I         *S    *****S*********S*********S*T*******S*T*******SI
           I         *S    *****S*********S*********S*T*******S*T*******SI
     -47.54I         *S    *****S*********S*********S*T*******S*T*******SI    -47.54
           I         *S*   *****S*********S*********S*T*******S*T*******SI
           I         *S*   *****S*********S*********S*T*******S*T*******SI
           I         *S*   *****S*********S*********S*T*******S*T*******SI
     -49.82I         *S** ******S*********S*********S*T*******S*T*******SI    -49.82
           I         *S** ******S*********S*********S*T*******S*T*******SI
           I         *S*********S*********S*********S*T*******S*T*******SI
           I         *S*********S*********S*********S*T*******S*T*******SI
     -52.09I         *S*********S*********S*********S*T*******S*T*******SI    -52.09
           I        **S*********S*********S*********S*T*******S*T*******SI
           I        **S*********S*********S*********S*T*******S*T*******SI
           I        **S*********S*********S*********S*T*******S*T*******SI
     -54.37I  *     **S*********S*********S*********S*T*******S*T*******SI    -54.37
           I  *     **S*********S*********S*********S*T*******S*T*******SI
           I  *     **S*********S*********S*********S*T*******S*T*******SI
           I  *     **S*********S*********S*********S*T*******S*T*******SI
     -56.64I  **    **S*********S*********S*********S*T*******S*T*******SI    -56.64
           I ***    **S*********S*********S*********S*T*******S*T*******SI
           I ***   ***S*********S*********S*********S*T*******S*T*******SI
           I ***   ***S*********S*********S*********S*T*******S*T*******SI
     -58.91I****   ***S*********S*********S*********S*T*******S*T*******SI    -58.91
           I****   ***S*********S*********S*********S*T*******S*T*******SI
           I*****  ***S*********S*********S*********S*T*******S*T*******SI
           I***** ****S*********S*********S*********S*T*******S*T*******SI
     -61.19I**********S*********S*********S*********S*T*******S*T*******SI    -61.19
 ++++++++++I+++++++++++++++++++++++++++++++++++++++++++++++++++++++++++++I
            S=SEASONAL FREQUENCIES, T=TRADING DAY FREQUENCIES
        R35 monthly CPI index            PAGE  22, SERIES series
 G 1  10*LOG(SPECTRUM) of the differenced, transformed seasonally adjusted 
      data (Table D11).  Spectrum estimated from 2018.Aug to 2026.Jul.
 ++++++++++I+++++++++++++++++++++++++++++++++++++++++++++++++++++++++++++I
     -34.33I                                              *              I    -34.33
           I                                              *              I
           I                                              *        *     I
           I                                             **        *     I
     -36.41I                                             **        *     I    -36.41
           I                                   *         **        * **  I
           I                         *         *       * **        ****  I
           I                         *         *       * **        ****  I
     -38.48I                         *        ****     * **        ****  I    -38.48
           I                         *        ****     ****       *****  I
           I                         **       ****     ****       *****  I
           I                         **   S*  ****     ****       *****  I
     -40.56I                         **   S*  *****   T****       ****** I    -40.56
           I                         **   S*  *****   T****       ****** I
           I                         **   S* ******   T****       ****** I
           I                        ****  S********   T****       ******SI
     -42.64I                        **** *S********   T*****   *  ******SI    -42.64
           I                        **** *S********   T*****  S* *******SI
           I                        ******S*********  T*****  S*T*******SI
           I                   *    ******S********* *T*****  S*T*******SI
     -44.71I                   *    ******S********* *T*****  S*T*******SI    -44.71
           I                   *    ******S*********S*T*******S*T*******SI
           I               ** **    ******S*********S*T*******S*T*******SI
           I               ** **   *******S*********S*T*******S*T*******SI
     -46.79I               *****S  *******S*********S*T*******S*T*******SI    -46.79
           I               *****S  *******S*********S*T*******S*T*******SI
           I               *****S  *******S*********S*T*******S*T*******SI
           I               *****S  *******S*********S*T*******S*T*******SI
     -48.87I              ******S*********S*********S*T*******S*T*******SI    -48.87
           I              ******S*********S*********S*T*******S*T*******SI
           I              ******S*********S*********S*T*******S*T*******SI
           I              ******S*********S*********S*T*******S*T*******SI
     -50.94I        *    *******S*********S*********S*T*******S*T*******SI    -50.94
           I        *    *******S*********S*********S*T*******S*T*******SI
           I        *    *******S*********S*********S*T*******S*T*******SI
           I        **  ********S*********S*********S*T*******S*T*******SI
     -53.02I        **  ********S*********S*********S*T*******S*T*******SI    -53.02
           I  *     **  ********S*********S*********S*T*******S*T*******SI
           I  *     **S*********S*********S*********S*T*******S*T*******SI
           I  *     **S*********S*********S*********S*T*******S*T*******SI
     -55.10I  *     **S*********S*********S*********S*T*******S*T*******SI    -55.10
           I  *     **S*********S*********S*********S*T*******S*T*******SI
           I  *    ***S*********S*********S*********S*T*******S*T*******SI
           I  **   ***S*********S*********S*********S*T*******S*T*******SI
     -57.18I ***   ***S*********S*********S*********S*T*******S*T*******SI    -57.18
           I ***   ***S*********S*********S*********S*T*******S*T*******SI
           I ***   ***S*********S*********S*********S*T*******S*T*******SI
           I ***   ***S*********S*********S*********S*T*******S*T*******SI
     -59.25I****   ***S*********S*********S*********S*T*******S*T*******SI    -59.25
           I****   ***S*********S*********S*********S*T*******S*T*******SI
           I****  ****S*********S*********S*********S*T*******S*T*******SI
           I***** ****S*********S*********S*********S*T*******S*T*******SI
     -61.33I**********S*********S*********S*********S*T*******S*T*******SI    -61.33
 ++++++++++I+++++++++++++++++++++++++++++++++++++++++++++++++++++++++++++I
            S=SEASONAL FREQUENCIES, T=TRADING DAY FREQUENCIES
        R35 monthly CPI index            PAGE  23, SERIES series
 G 2  10*LOG(SPECTRUM) of the Irregular (Table D13).  
      Spectrum estimated from 2018.Aug to 2026.Jul.
 ++++++++++I+++++++++++++++++++++++++++++++++++++++++++++++++++++++++++++I
     -42.24I                         *                                   I    -42.24
           I                         *                                   I
           I                         *                                   I
           I                         *                                   I
     -43.29I                   *     *                                   I    -43.29
           I                   *     **                                  I
           I                   *     **                                  I
           I                   *     **                                  I
     -44.34I                   *     **                                  I    -44.34
           I                   *     **                                  I
           I                   *     **                                  I
           I                   *     **                                  I
     -45.40I                   *     **       *                          I    -45.40
           I                   *     **   S   *          *               I
           I                   *     **   S   **         *               I
           I                   *     **   S   ***        **              I
     -46.45I                   *    ***   S   ****       **              I    -46.45
           I                   *    ***   S   ****       **              I
           I                   *    ***   S   ****       **              I
           I                   *S   ***   S   ****       **              I
     -47.51I         *         *S   ***   S* *****       **              I    -47.51
           I         *        **S   ***  *S* *****       **         *    I
           I         *        **S   **** *S* *****       **         *    I
           I         *        **S  ***** *S* *****       **        **    I
     -48.56I         *        **S  ***** *S* *****       **        ***   I    -48.56
           I         *        **S  ***** *S*******       **        ***   I
           I         *        **S******* *S*******     * **        ***   I
           I  *      *        **S*********S*******     ****        ***   I
     -49.61I  *      *S       **S*********S*******    T****        ***   I    -49.61
           I  *      *S       **S*********S*******    T****        ***   I
           I  *      *S       **S*********S********   T****        ****  I
           I **      *S       **S*********S********   T****        ****  I
     -50.67I **      *S       **S*********S********   T****        ****  I    -50.67
           I ***     *S       **S*********S********   T****       *****  I
           I****     *S       **S*********S********   T****       *****  I
           I****     *S       **S*********S********   T****       *****  I
     -51.72I****     *S       **S*********S********   T****       ****** I    -51.72
           I****     *S       **S*********S********   T****       ****** I
           I****    **S      ***S*********S********   T****       ****** I
           I****    **S      ***S*********S********  *T*****      ******SI
     -52.78I****    **S      ***S*********S********  *T*****      ******SI    -52.78
           I****    **S      ***S*********S********* *T*****      ******SI
           I*****   **S      ***S*********S********* *T*****      ******SI
           I*****   **S      ***S*********S*********S*T*****     *******SI
     -53.83I*****   **S*   * ***S*********S*********S*T*****     *******SI    -53.83
           I*****   **S*  ******S*********S*********S*T*****     *******SI
           I*****   **S*  ******S*********S*********S*T*****     *******SI
           I*****   **S*  ******S*********S*********S*T*****    T*******SI
     -54.89I****** ***S*  ******S*********S*********S*T*****   *T*******SI    -54.89
           I****** ***S* *******S*********S*********S*T*****   *T*******SI
           I**********S*********S*********S*********S*T****** S*T*******SI
           I**********S*********S*********S*********S*T****** S*T*******SI
     -55.94I**********S*********S*********S*********S*T*******S*T*******SI    -55.94
 ++++++++++I+++++++++++++++++++++++++++++++++++++++++++++++++++++++++++++I
            S=SEASONAL FREQUENCIES, T=TRADING DAY FREQUENCIES
        R35 monthly CPI index            PAGE  24, SERIES series

  Peak probabilities for Tukey spectrum estimator
  Spectrum estimated from 2018.Aug to 2026.Jul.

                                          S1       S2       S3       S4       S5       S6       TD
                                        ------   ------   ------   ------   ------   ------   ------
  Model Residuals                        0.041    0.280    0.744    0.444    0.002    0.377    0.246  
  Original Series (Table A1 or B1)       0.696    0.914*   0.904*   0.876    0.294    0.313    0.159  
  Seasonally adjusted series (D11)       0.005    0.727    0.610    0.086    0.710    0.237    0.447  
  Irregular (D13)                        0.128    0.733    0.548    0.079    0.754    0.245    0.447  
  ----------
     ** - Peak Probability > 0.99,
      * - 0.90 < Peak Probability < 0.99



  NP statistic for residual seasonality:

  NP statistic for residual seasonality (Full series)
                                                  Residual Seasonality?
  log(Seasonally Adjusted Series)                          no
  log(Seasonally Adjusted Series (EV adj))                 no

  NP statistic for residual seasonality (Series start in 2018.Aug)
                                                  Residual Seasonality?
  log(Seasonally Adjusted Series)                          no
  log(Seasonally Adjusted Series (EV adj))                 no
