  Reading input spec file from series.spc

1

               U. S. Department of Commerce, U. S. Census Bureau

              X-13ARIMA-SEATS monthly seasonal adjustment Method,
                          Release Version 1.1 Build 62


           This software application provides an enhanced version of
             Statistics Canada's X-11-ARIMA extension (Dagum, 1980)
                 of the X-11 variant of the Census Method II of
                      Shiskin, Young and Musgrave (1967).

            It also provides an ARIMA model-based method following
       Hillmer and Tiao (1982) and Burman (1980) that is very similar
       to the update of the method of SEATS (Gomez and Maravall, 1996)
                produced at the Bank of Spain by G. Caporello and
               A. Maravall for TSW (Caporello and Maravall, 2004).
          The present application includes additional enhancements.

         X-13ARIMA-SEATS includes an automatic ARIMA model selection procedure
          based largely on the procedure of Gomez and Maravall (1998)
            as implemented in TRAMO (1996) and subsequent revisions.

              Primary Programmers: Brian Monsell, Mark Otto and,
                 for the ARIMA model-based signal extraction,
                      Gianluca Caporello and Victor Gomez


     Series Title- R35 monthly CPI index
     Series Name- series
     Sep 22, 2026  22.39.32 

        -Period covered-  1st month,2015 to  7th month,2026
        -Type of run - multiplicative seasonal adjustment

        -Sigma limits for graduating extreme values are  1.5 and  2.5 .
        -3x3 moving average used in section 1 of each iteration, 
         3x5 moving average in section 2 of iterations B and C,
         moving average for final seasonal factors chosen by Global MSR.
        -Spectral plots generated for selected series
        -Spectral plots generated for series starting in 2018.Aug

 FILE SAVE REQUESTS (* indicates file exists and will be overwritten)
  series.d10  final seasonal factors
  series.d11  final seasonally adjusted data
  series.d12  final trend cycle
  series.d13  final irregular component
  series.out  program output file
  series.err  program error file
  series.udg  seasonal adjustment and model diagnostics file
        R35 monthly CPI index            PAGE   1, SERIES series

     Contents of spc file series.spc

 Line #
 ------
      1: series { title="R35 monthly CPI index" start=2015.1 period=12 data=(
      2: 100.3 100.40000000000001 99.900000000000006 99.799999999999997 99.700000000000003 99.700000000000003
      3: 99.299999999999997 99.299999999999997 99.799999999999997 100.2 100.2 101.2
      4: 101.7 102 100.7 100.09999999999999 100 100.09999999999999
      5: 99.599999999999994 99.799999999999997 100.7 101.09999999999999 101.40000000000001 102.2
      6: 104 104.2 103.90000000000001 103.59999999999999 103.59999999999999 103.59999999999999
      7: 103.40000000000001 103.59999999999999 104.3 105.5 105.7 106
      8: 107.90000000000001 108.09999999999999 108.2 108.59999999999999 108.59999999999999 108.59999999999999
      9: 108.3 108.5 110 110.5 109.90000000000001 110
     10: 112.2 112.59999999999999 112.3 112.40000000000001 112.5 112.59999999999999
     11: 112.90000000000001 113 115 115.5 115.09999999999999 115.59999999999999
     12: 118.3 119 118.7 118.90000000000001 118.7 119.09999999999999
     13: 119.2 119.5 120.59999999999999 121 120.7 121.09999999999999
     14: 122.2 122.2 122.40000000000001 122.5 123.09999999999999 124.7
     15: 124.59999999999999 125.09999999999999 126.8 127.40000000000001 128.19999999999999 129.90000000000001
     16: 135.5 137 137.5 138.30000000000001 138.69999999999999 139.5
     17: 140.40000000000001 141.19999999999999 146.59999999999999 148.40000000000001 150.40000000000001 151.59999999999999
     18: 156.59999999999999 159.69999999999999 160.09999999999999 160.19999999999999 160.30000000000001 160.80000000000001
     19: 162.30000000000001 163.09999999999999 166.40000000000001 167.59999999999999 167 166.90000000000001
     20: 170.40000000000001 171.80000000000001 172 171.30000000000001 172.19999999999999 172.30000000000001
     21: 172.69999999999999 172.59999999999999 173.5 174.30000000000001 172.69999999999999 173
     22: 175.09999999999999 177.90000000000001 177.69999999999999 177.69999999999999 178.90000000000001 179.09999999999999
     23: 179.19999999999999 179.19999999999999 181.69999999999999 182.80000000000001 183.59999999999999 184.90000000000001
     24: 187 186.59999999999999 187.5 188.40000000000001 188.90000000000001 188.5
     25: 189.19999999999999
     26: ) }
     27: transform { function=log }
     28: automdl { }
     29: outlier { types=(ao ls tc) }
     30: x11 { mode=mult save=(d10 d11 d12 d13) appendfcst=no appendbcst=no savelog=all }
     31: spectrum { logqs=yes robustsa=no print=all savelog=all }
     32: check { }
        R35 monthly CPI index            PAGE   2, SERIES series

 A 1  Time series data (for the span analyzed)
  From  2015.Jan to 2026.Jul
  Observations        139
 -----------------------------------------------------------------------------
               Jan      Feb      Mar      Apr      May      Jun 
               Jul      Aug      Sep      Oct      Nov      Dec        TOTAL  
 -----------------------------------------------------------------------------
  2015         100.     100.     100.     100.     100.     100.
                99.      99.     100.     100.     100.     101.         1200.
 
  2016         102.     102.     101.     100.     100.     100.
               100.     100.     101.     101.     101.     102.         1209.
 
  2017         104.     104.     104.     104.     104.     104.
               103.     104.     104.     106.     106.     106.         1251.
 
  2018         108.     108.     108.     109.     109.     109.
               108.     109.     110.     111.     110.     110.         1307.
 
  2019         112.     113.     112.     112.     113.     113.
               113.     113.     115.     116.     115.     116.         1362.
 
  2020         118.     119.     119.     119.     119.     119.
               119.     120.     121.     121.     121.     121.         1435.
 
  2021         122.     122.     122.     123.     123.     125.
               125.     125.     127.     127.     128.     130.         1499.
 
  2022         136.     137.     138.     138.     139.     140.
               140.     141.     147.     148.     150.     152.         1705.
 
  2023         157.     160.     160.     160.     160.     161.
               162.     163.     166.     168.     167.     167.         1951.
 
  2024         170.     172.     172.     171.     172.     172.
               173.     173.     174.     174.     173.     173.         2069.
 
  2025         175.     178.     178.     178.     179.     179.
               179.     179.     182.     183.     184.     185.         2158.
 
  2026         187.     187.     188.     188.     189.     189.
               189.                                                      1316.
 
  AVGE         133.     133.     133.     133.     134.     134.
               134.     130.     131.     132.     132.     133.

  Table Total-     18462.20   Mean-     132.82   Std. Dev.-      30.37
                              Min -      99.30        Max -     189.20
        R35 monthly CPI index            PAGE   3, SERIES series
                        Automatic ARIMA Model Selection

                    Procedure based closely on TRAMO method 
                         of Gomez and Maravall (2000)
              "Automatic Modeling Methods for Univariate Series",
                            A Course in Time Series
                  (Edited by D. Pena, G. C. Tiao, R. S. Tsay),
                         New York : J. Wiley and Sons


     Maximum order for regular ARMA parameters :   2
     Maximum order for seasonal ARMA parameters :   1
     Maximum order for regular differencing :   2
     Maximum order for seasonal differencing :   1

   Results of Unit Root Test for identifying orders of differencing:
     Regular difference order :   1
     Seasonal difference order :   0

     Mean is not significant.

  Automatic model choice : (1 1 1)(1 0 1)


  Final Checks for Identified Model


  Checking for Unit Roots.
   Seasonal unit root found.
   ( 1, 1, 1) ( 0, 1, 1)

  Checking for nonseasonal overdifferencing.
   Nonseasonal MA not within  0.001 of 1.0 - model passes test.

  Checking for insignificant ARMA coefficients.

  Final automatic model choice : (1 1 1)(0 1 1)
   End of automatic model selection procedure.

 Average absolute percentage error in within-sample forecasts:
  Last year:   0.30      Last-1 year:   2.35     Last-2 year:   1.92
  Last three years:    1.52

 Estimation converged in   10 ARMA iterations,   64 function evaluations.

 Regression Model
 ------------------------------------------------------------------------------
                             Parameter        Standard
 Variable                     Estimate           Error      t-value
 ------------------------------------------------------------------------------
 Automatically Identified Outliers
   LS2022.Jan                   0.0212         0.00429         4.93
   LS2022.Sep                   0.0202         0.00430         4.70
 ------------------------------------------------------------------------------


 ARIMA Model:  (1 1 1)(0 1 1)
   Nonseasonal differences: 1
   Seasonal differences:    1
                                              Standard
 Parameter                    Estimate          Errors
 -----------------------------------------------------
 Nonseasonal AR                                    
   Lag  1                       0.9472         0.04228

 Nonseasonal MA                                    
   Lag  1                       0.7766         0.07898

 Seasonal MA                                       
   Lag 12                       0.8786         0.05894

 Variance                       0.20148E-04
 SE of Var                      0.25384E-05
 -----------------------------------------------------

 Likelihood Statistics
 ------------------------------------------------------------------
 Number of observations (nobs)                                  139
 Effective number of observations (nefobs)                      126
 Number of parameters estimated (np)                              6
 Log likelihood                                            494.1349
 Transformation Adjustment                                -616.2169
 Adjusted Log likelihood (L)                              -122.0820
 AIC                                                       256.1640 
 AICC (F-corrected-AIC)                                    256.8699 
 Hannan Quinn                                              263.0778 
 BIC                                                       273.1817 
 ------------------------------------------------------------------


 DIAGNOSTIC CHECKING
  Sample Autocorrelations of the Residuals with the Ljung-Box diagnostic.

  Lag      1     2     3     4     5     6     7     8     9    10    11    12
  ACF   0.08 -0.05 -0.08 -0.04 -0.02  0.05  0.06 -0.01 -0.02 -0.00  0.04  0.03
  SE    0.09  0.09  0.09  0.09  0.09  0.09  0.09  0.09  0.09  0.09  0.09  0.09
  Q     0.77  1.13  2.06  2.23  2.28  2.56  3.04  3.07  3.13  3.13  3.36  3.50
  DF       0     0     0     1     2     3     4     5     6     7     8     9
  P    0.000 0.000 0.000 0.136 0.320 0.465 0.551 0.689 0.793 0.873 0.910 0.941

  Lag     13    14    15    16    17    18    19    20    21    22    23    24
  ACF  -0.05 -0.02 -0.02 -0.06  0.12 -0.02 -0.04  0.07 -0.07 -0.08 -0.12 -0.27
  SE    0.09  0.09  0.09  0.09  0.09  0.09  0.09  0.09  0.09  0.09  0.09  0.10
  Q     3.84  3.89  3.97  4.48  6.78  6.84  7.06  7.74  8.40  9.41 11.63 22.86
  DF      10    11    12    13    14    15    16    17    18    19    20    21
  P    0.954 0.973 0.984 0.985 0.943 0.962 0.972 0.972 0.972 0.966 0.928 0.352

  The P-values approximate the probability of observing a Q-value at least
  this large when the model fitted is correct.  When DF is positive, small
  values of P, customarily those below 0.05, indicate model inadequacy.

  Sample Autocorrelations of the Residuals
                 -1.0 -0.8 -0.6 -0.4 -0.2  0.0  0.2  0.4  0.6  0.8  1.0
                   +----+----+----+----+----+----+----+----+----+----+
            1                           .   |XX .                      0.077
            2                           .  X|   .                     -0.053
            3                           . XX|   .                     -0.084
            4                          .   X|    .                    -0.036
            5                          .    |    .                    -0.020
            6                          .    |X   .                     0.046
            7                          .    |X   .                     0.060
            8                          .    |    .                    -0.014
            9                          .   X|    .                    -0.021
           10                          .    |    .                    -0.005
           11                          .    |X   .                     0.040
           12       - - - - - - - - -  .    |X   .  - - - - - - - -    0.032
           13                          .   X|    .                    -0.049
           14                          .    |    .                    -0.018
           15                          .   X|    .                    -0.023
           16                          .   X|    .                    -0.059
           17                          .    |XXX .                     0.125
           18                          .   X|    .                    -0.021
           19                          .   X|    .                    -0.037
           20                          .    |XX  .                     0.067
           21                          .  XX|    .                    -0.066
           22                          .  XX|    .                    -0.080
           23                          . XXX|    .                    -0.119
           24       - - - - - - -    XXXXXXX|    .  - - - - - - - -   -0.266
  
  Sample Autocorrelations of the Squared Residuals with the Ljung-Box diagnostic.

  Lag      1     2     3     4     5     6     7     8     9    10    11    12
  ACF   0.08  0.07  0.14 -0.07  0.09 -0.03 -0.14 -0.05 -0.00  0.05  0.07  0.12
  SE    0.09  0.09  0.09  0.09  0.09  0.09  0.09  0.09  0.09  0.09  0.10  0.10
  Q     0.89  1.58  4.18  4.80  5.89  5.99  8.52  8.85  8.86  9.17  9.84 11.84
  DF       0     0     0     1     2     3     4     5     6     7     8     9
  P    0.000 0.000 0.000 0.029 0.053 0.112 0.074 0.115 0.182 0.241 0.276 0.223

  Lag     13    14    15    16    17    18    19    20    21    22    23    24
  ACF   0.02  0.12  0.00 -0.01  0.09 -0.07  0.16  0.02  0.05  0.19 -0.02  0.15
  SE    0.10  0.10  0.10  0.10  0.10  0.10  0.10  0.10  0.10  0.10  0.10  0.10
  Q    11.92 13.90 13.90 13.93 15.15 15.78 19.56 19.62 19.99 25.57 25.63 29.12
  DF      10    11    12    13    14    15    16    17    18    19    20    21
  P    0.291 0.238 0.307 0.379 0.368 0.397 0.241 0.294 0.334 0.143 0.178 0.111

  The P-values approximate the probability of observing a Q-value at least
  this large when the model fitted is correct in a way that supports the
  standard interpretations of the test statistics, standard errors, and
  prediction intervals output by X-13ARIMA-SEATS. When DF is positive, small
  values of P, customarily those below 0.05, suggest that model-based
  inferences about statistical significance and uncertainty will be less
  dependable than usual.

  Sample Autocorrelations of the Squared Residuals
                 -1.0 -0.8 -0.6 -0.4 -0.2  0.0  0.2  0.4  0.6  0.8  1.0
                   +----+----+----+----+----+----+----+----+----+----+
            1                           .   |XX .                      0.083
            2                           .   |XX .                      0.073
            3                          .    |XXXX.                     0.141
            4                          .  XX|    .                    -0.068
            5                          .    |XX  .                     0.091
            6                          .   X|    .                    -0.028
            7                          . XXX|    .                    -0.137
            8                          .   X|    .                    -0.049
            9                          .    |    .                    -0.003
           10                          .    |X   .                     0.047
           11                          .    |XX  .                     0.069
           12       - - - - - - - - -  .    |XXX .  - - - - - - - -    0.119
           13                          .    |X   .                     0.024
           14                          .    |XXX .                     0.117
           15                          .    |    .                     0.001
           16                          .    |    .                    -0.014
           17                          .    |XX  .                     0.091
           18                          .  XX|    .                    -0.065
           19                          .    |XXXX.                     0.158
           20                          .    |X   .                     0.020
           21                          .    |X   .                     0.049
           22                          .    |XXXXX                     0.190
           23                          .    |    .                    -0.020
           24       - - - - - - - - -  .    |XXXX.  - - - - - - - -    0.149
  
 Histogram of the Standardized and Mean-Centered Residuals
  Standard
  Deviations    Frequency
       -3 +
          |###
       -2 +######
          |####
       -1 +################
          |#####################
        0 +#############################
          |###################
        1 +###########
          |#########
        2 +####
          |#
        3 +###

  One '#'= 1 observation[s]

 Tabular Histogram of the Standardized and Mean-Centered Residuals

  Standard
  Deviations    Frequency

 -3.00                 0

 -2.50                 3

 -2.00                 6

 -1.50                 4

 -1.00                16

 -0.50                21

  0.00                29

  0.50                19

  1.00                11

  1.50                 9

  2.00                 4

  2.50                 1

  3.00                 3

 Summary Statistics for the Unstandardized Residuals
  Minimum                    -0.010
  Maximum                     0.013
  Median                      0.000
  Robust Std Dev              0.004

 Normality Statistics for regARIMA Model Residuals:

    Number of residuals  :    126

    Skewness coefficient :    0.2285    
    Geary's a            :    0.7733    
    Kurtosis             :    3.2248    

  No indication of lack of normality.

 Durbin-Watson Statistic for regARIMA Model Residuals:
  dw =     1.841712

 Friedman Non-Parametric Test for regARIMA Model Residuals:
  ken =     8.307692 ( Asymptotically distributed as Chi-Square(11), P-Value =     0.685505 )

 QS Statistic for regARIMA Model Residuals (full series):             0.15
                                                       (P-Value =     0.9297)

 QS Statistic for regARIMA Model Residuals (starting 2018.Aug):       0.13
                                                       (P-Value =     0.9357)
      10*LOG(SPECTRUM) of the regARIMA model residuals
      Spectrum estimated from 2018.Aug to 2026.Jul.
 ++++++++++I+++++++++++++++++++++++++++++++++++++++++++++++++++++++++++++I
     -41.11I                  *                                          I    -41.11
           I                  *                                          I
           I             *    *                                          I
           I             *    *                                          I
     -42.17I             *    *                                          I    -42.17
           I             *    *                                          I
           I             *    *                                          I
           I             *    *                                          I
     -43.22I             *    *                                          I    -43.22
           I             *    *                                          I
           I             *    *                                          I
           I             *    *   *                    *                 I
     -44.28I   *         **   **  *             *      *                 I    -44.28
           I   *         **   **  *             *      *                 I
           I  **         **   **  *     *   *   *      *     *           I
           I  **         **   **  *     *   *   *      *     *           I
     -45.33I  **    *    **   **  **    *   *   *      *     *       *   I    -45.33
           I  **    *    **   **  **    *   *   *      *     *       *   I
           I  **    *    **   **  **    *  **   *      *     *       *   I
           I  **    *    **   **  **   **  **   *     T*     *       *   I
     -46.38I  **    *    **   **  **   **  **   **    T*     *       **  I    -46.38
           I  **    *    **   **  **   **  **  ***    T*     *       **  I
           I  **    *    **   **  **   **  **  ***    T*     *      ***  I
           I  **   **    **   **  **   **  **  ***    T*     *   *  ***  I
     -47.44I  **   **    **   **  **   **  **  ***    T*    **   *  ***  I    -47.44
           I  **   **   ***   **  **   **  *** ***    T*    **   *  ***  I
           I  **   ***  ***   **  **   **  *** ***    T*    **   ** ***  I
           I  **   ***  ***  ***  **   *** *** ***    T*    **   ******* I
     -48.49I  **   ***  ***  *** ***   ***S*******    T*    **   ******* I    -48.49
           I  **   ***  ***  ***S***   ***S*******    T*    **  T******* I
           I  **   ***  ***  ***S***   ***S********   T*    **S T*******SI
           I  ***  ***  **** ***S***   ***S********   T*    **S T*******SI
     -49.55I  ***  ***  **** ***S***   ***S********   T*    **S T*******SI    -49.55
           I ****  ***  **** ***S***   ***S********  *T*    **S T*******SI
           I ****  ***S***** ***S***   ***S********  *T*    **S*T*******SI
           I **** ****S***** ***S***   ***S********* *T*    **S*T*******SI
     -50.60I **** ****S*********S**** ****S*********S*T*    **S*T*******SI    -50.60
           I **** ****S*********S**** ****S*********S*T*    **S*T*******SI
           I *********S*********S**** ****S*********S*T*    **S*T*******SI
           I**********S*********S**** ****S*********S*T*    **S*T*******SI
     -51.65I**********S*********S**** ****S*********S*T**   **S*T*******SI    -51.65
           I**********S*********S**** ****S*********S*T**   **S*T*******SI
           I**********S*********S*********S*********S*T**   **S*T*******SI
           I**********S*********S*********S*********S*T**   **S*T*******SI
     -52.71I**********S*********S*********S*********S*T**  ***S*T*******SI    -52.71
           I**********S*********S*********S*********S*T**  ***S*T*******SI
           I**********S*********S*********S*********S*T**  ***S*T*******SI
           I**********S*********S*********S*********S*T**  ***S*T*******SI
     -53.76I**********S*********S*********S*********S*T**  ***S*T*******SI    -53.76
           I**********S*********S*********S*********S*T**  ***S*T*******SI
           I**********S*********S*********S*********S*T**  ***S*T*******SI
           I**********S*********S*********S*********S*T*** ***S*T*******SI
     -54.82I**********S*********S*********S*********S*T*******S*T*******SI    -54.82
 ++++++++++I+++++++++++++++++++++++++++++++++++++++++++++++++++++++++++++I
            S=SEASONAL FREQUENCIES, T=TRADING DAY FREQUENCIES


 FORECASTING
  Origin  2026.Jul
  Number        12

  Forecasts and Standard Errors of the Transformed Data
   ------------------------------
                         Standard
       Date   Forecast      Error
   ------------------------------
   2026.Aug       5.24      0.004
   2026.Sep       5.26      0.007
   2026.Oct       5.26      0.009
   2026.Nov       5.26      0.011
   2026.Dec       5.27      0.013
   2027.Jan       5.29      0.016
   2027.Feb       5.29      0.018
   2027.Mar       5.29      0.020
   2027.Apr       5.29      0.022
   2027.May       5.30      0.024
   2027.Jun       5.30      0.027
   2027.Jul       5.30      0.029
   ------------------------------

  Confidence intervals with coverage probability ( 0.95000
  On the Original Scale
   ---------------------------------------
       Date      Lower  Forecast     Upper
   ---------------------------------------
   2026.Aug     187.94    189.60    191.28
   2026.Sep     189.36    191.95    194.57
   2026.Oct     189.70    193.13    196.63
   2026.Nov     188.98    193.22    197.56
   2026.Dec     189.17    194.23    199.43
   2027.Jan     191.65    197.61    203.77
   2027.Feb     192.11    198.94    206.01
   2027.Mar     191.30    198.95    206.89
   2027.Apr     190.66    199.12    207.97
   2027.May     190.30    199.61    209.37
   2027.Jun     189.92    200.07    210.76
   2027.Jul     189.45    200.43    212.05
   ---------------------------------------
        R35 monthly CPI index            PAGE   4, SERIES series
  
 A 8  RegARIMA combined outlier component
      (LS outliers included)
  From  2015.Jan to 2026.Jul
  Observations        139
 -----------------------------------------------------------------------------
               Jan      Feb      Mar      Apr      May      Jun 
               Jul      Aug      Sep      Oct      Nov      Dec         AVGE  
 -----------------------------------------------------------------------------
  2015         95.9     95.9     95.9     95.9     95.9     95.9
               95.9     95.9     95.9     95.9     95.9     95.9          95.9
 
  2016         95.9     95.9     95.9     95.9     95.9     95.9
               95.9     95.9     95.9     95.9     95.9     95.9          95.9
 
  2017         95.9     95.9     95.9     95.9     95.9     95.9
               95.9     95.9     95.9     95.9     95.9     95.9          95.9
 
  2018         95.9     95.9     95.9     95.9     95.9     95.9
               95.9     95.9     95.9     95.9     95.9     95.9          95.9
 
  2019         95.9     95.9     95.9     95.9     95.9     95.9
               95.9     95.9     95.9     95.9     95.9     95.9          95.9
 
  2020         95.9     95.9     95.9     95.9     95.9     95.9
               95.9     95.9     95.9     95.9     95.9     95.9          95.9
 
  2021         95.9     95.9     95.9     95.9     95.9     95.9
               95.9     95.9     95.9     95.9     95.9     95.9          95.9
 
  2022         98.0     98.0     98.0     98.0     98.0     98.0
               98.0     98.0    100.0    100.0    100.0    100.0          98.7
 
  2023        100.0    100.0    100.0    100.0    100.0    100.0
              100.0    100.0    100.0    100.0    100.0    100.0         100.0
 
  2024        100.0    100.0    100.0    100.0    100.0    100.0
              100.0    100.0    100.0    100.0    100.0    100.0         100.0
 
  2025        100.0    100.0    100.0    100.0    100.0    100.0
              100.0    100.0    100.0    100.0    100.0    100.0         100.0
 
  2026        100.0    100.0    100.0    100.0    100.0    100.0
              100.0                                                      100.0
 
  AVGE         97.5     97.5     97.5     97.5     97.5     97.5
               97.5     97.2     97.4     97.4     97.4     97.4

  Table Total-     13543.24   Mean-      97.43   Std. Dev.-       3.19
                              Min -      95.94        Max -     100.00

 A 8.A  RegARIMA outlier component
  From  2026.Aug to 2027.Jul
  Observations         12
 -----------------------------------------------------------------------------
               Jan      Feb      Mar      Apr      May      Jun 
               Jul      Aug      Sep      Oct      Nov      Dec         AVGE  
 -----------------------------------------------------------------------------
  2026                                                          
                       100.0    100.0    100.0    100.0    100.0         100.0
 
  2027        100.0    100.0    100.0    100.0    100.0    100.0
              100.0                                                      100.0
 
        R35 monthly CPI index            PAGE   5, SERIES series
  
 B 1  Original series (prior adjusted)
      (adjusted for regARIMA factors)
  From  2015.Jan to 2026.Jul
  Observations        139
 -----------------------------------------------------------------------------
               Jan      Feb      Mar      Apr      May      Jun 
               Jul      Aug      Sep      Oct      Nov      Dec        TOTAL  
 -----------------------------------------------------------------------------
  2015         105.     105.     104.     104.     104.     104.
               103.     103.     104.     104.     104.     105.         1251.
 
  2016         106.     106.     105.     104.     104.     104.
               104.     104.     105.     105.     106.     107.         1261.
 
  2017         108.     109.     108.     108.     108.     108.
               108.     108.     109.     110.     110.     110.         1304.
 
  2018         112.     113.     113.     113.     113.     113.
               113.     113.     115.     115.     115.     115.         1362.
 
  2019         117.     117.     117.     117.     117.     117.
               118.     118.     120.     120.     120.     120.         1419.
 
  2020         123.     124.     124.     124.     124.     124.
               124.     125.     126.     126.     126.     126.         1495.
 
  2021         127.     127.     128.     128.     128.     130.
               130.     130.     132.     133.     134.     135.         1562.
 
  2022         138.     140.     140.     141.     142.     142.
               143.     144.     147.     148.     150.     152.         1728.
 
  2023         157.     160.     160.     160.     160.     161.
               162.     163.     166.     168.     167.     167.         1951.
 
  2024         170.     172.     172.     171.     172.     172.
               173.     173.     174.     174.     173.     173.         2069.
 
  2025         175.     178.     178.     178.     179.     179.
               179.     179.     182.     183.     184.     185.         2158.
 
  2026         187.     187.     187.     188.     189.     189.
               189.                                                      1316.
 
  AVGE         136.     136.     136.     136.     137.     137.
               137.     133.     134.     135.     135.     136.

  Table Total-     18876.50   Mean-     135.80   Std. Dev.-      28.40
                              Min -     103.50        Max -     189.20

 B 1.A  Forecasts of (prior adjusted) original series
  From  2026.Aug to 2027.Jul
  Observations         12
 -----------------------------------------------------------------------------
               Jan      Feb      Mar      Apr      May      Jun 
               Jul      Aug      Sep      Oct      Nov      Dec        TOTAL  
 -----------------------------------------------------------------------------
  2026                                                          
                        190.     192.     193.     193.     194.          962.
 
  2027         198.     199.     199.     199.     200.     200.
               200.                                                      1395.
 
        R35 monthly CPI index            PAGE   6, SERIES series

 C 17  Final weights for irregular component
  From  2015.Jan to 2026.Jul
  Observations        139
  Lower sigma limit    1.50
  Upper sigma limit    2.50
 -----------------------------------------------------------------------------
               Jan      Feb      Mar      Apr      May      Jun 
               Jul      Aug      Sep      Oct      Nov      Dec         S.D.  
 -----------------------------------------------------------------------------
  2015        100.0    100.0    100.0    100.0    100.0    100.0
              100.0    100.0     81.7    100.0    100.0      0.0           0.1
 
  2016        100.0      0.0    100.0    100.0    100.0    100.0
              100.0    100.0    100.0    100.0    100.0    100.0           0.1
 
  2017        100.0    100.0    100.0    100.0    100.0    100.0
              100.0    100.0      0.0    100.0    100.0    100.0           0.1
 
  2018        100.0    100.0    100.0     96.3    100.0    100.0
              100.0    100.0    100.0     96.8    100.0      0.0           0.1
 
  2019        100.0    100.0    100.0    100.0    100.0    100.0
              100.0    100.0      0.0    100.0    100.0      0.0           0.1
 
  2020        100.0    100.0    100.0    100.0    100.0    100.0
              100.0    100.0    100.0    100.0    100.0     92.3           0.1
 
  2021        100.0     66.6    100.0    100.0    100.0      0.0
              100.0    100.0    100.0      0.0    100.0    100.0           0.1
 
  2022        100.0    100.0    100.0    100.0    100.0    100.0
              100.0    100.0    100.0     50.8    100.0      0.0           0.1
 
  2023        100.0      0.0     55.9    100.0    100.0     93.0
              100.0    100.0    100.0    100.0    100.0      0.0           0.2
 
  2024        100.0    100.0    100.0    100.0    100.0    100.0
              100.0    100.0    100.0     94.0    100.0    100.0           0.2
 
  2025          0.0    100.0    100.0    100.0    100.0    100.0
              100.0    100.0    100.0    100.0    100.0      0.0           0.2
 
  2026        100.0      0.0    100.0      0.0    100.0    100.0
              100.0                                                        0.2
 
        R35 monthly CPI index            PAGE   7, SERIES series

 D 8  Final unmodified SI ratios
  From  2015.Jan to 2026.Jul
  Observations        139
 -----------------------------------------------------------------------------
               Jan      Feb      Mar      Apr      May      Jun 
               Jul      Aug      Sep      Oct      Nov      Dec         AVGE  
 -----------------------------------------------------------------------------
  2015        101.4    101.3    100.5    100.1     99.8     99.6
               99.1     99.0     99.5     99.9     99.8    100.9         100.1
 
  2016        101.4    101.8    100.6     99.9     99.7     99.7
               99.0     99.0     99.7     99.8     99.7    100.0         100.0
 
  2017        101.4    101.2    100.6    100.1     99.8     99.6
               99.1     99.0     99.2    100.0     99.8     99.8         100.0
 
  2018        101.2    101.0    100.5    100.3     99.9     99.6
               99.1     99.0    100.0    100.2     99.5     99.3         100.0
 
  2019        101.0    101.0    100.4    100.2     99.9     99.6
               99.4     99.1    100.4    100.3     99.4     99.3         100.0
 
  2020        101.0    101.1    100.4    100.2     99.7     99.7
               99.4     99.3     99.9    100.0     99.7    100.0         100.0
 
  2021        100.9    100.7    100.6    100.1     99.8    100.3
               99.5     99.2     99.8     99.6     99.4     99.8         100.0
 
  2022        101.0    101.2    100.6    100.3     99.8     99.6
               99.4     99.1     99.7     99.7     99.6     99.0          99.9
 
  2023        101.0    101.8    101.1    100.4     99.8     99.4
               99.4     99.0    100.1    100.2     99.4     99.0         100.0
 
  2024        100.7    101.2    100.8    100.0    100.0     99.7
               99.6     99.3     99.8    100.3     99.3     99.3         100.0
 
  2025        100.1    101.2    100.5    100.0    100.2     99.8
               99.5     99.1    100.0     99.9     99.8     99.9         100.0
 
  2026        100.7    100.2    100.3    100.4    100.3     99.6
               99.5                                                      100.2
 
  AVGE        101.0    101.1    100.6    100.2     99.9     99.7
               99.3     99.1     99.8    100.0     99.6     99.7

  Table Total-     13901.11   Mean-     100.01   Std. Dev.-       0.66
                              Min -      98.96        Max -     101.80
        R35 monthly CPI index            PAGE   8, SERIES series

 D 8.B  Final unmodified SI ratios, with labels for outliers and extreme values
  From  2015.Jan to 2026.Jul
  Observations        139
 ---------------------------------------------------------------------
               Jan       Feb       Mar       Apr       May       Jun  
               Jul       Aug       Sep       Oct       Nov       Dec  
 ---------------------------------------------------------------------
  2015       101.4     101.3     100.5     100.1      99.8      99.6  
              99.1      99.0      99.5*     99.9      99.8     100.9* 
 
  2016       101.4     101.8*    100.6      99.9      99.7      99.7  
              99.0      99.0      99.7      99.8      99.7     100.0  
 
  2017       101.4     101.2     100.6     100.1      99.8      99.6  
              99.1      99.0      99.2*    100.0      99.8      99.8  
 
  2018       101.2     101.0     100.5     100.3*     99.9      99.6  
              99.1      99.0     100.0     100.2*     99.5      99.3* 
 
  2019       101.0     101.0     100.4     100.2      99.9      99.6  
              99.4      99.1     100.4*    100.3      99.4      99.3* 
 
  2020       101.0     101.1     100.4     100.2      99.7      99.7  
              99.4      99.3      99.9     100.0      99.7     100.0* 
 
  2021       100.9     100.7*    100.6     100.1      99.8     100.3* 
              99.5      99.2      99.8      99.6*     99.4      99.8 -
 
  2022       101.0#    101.2 -   100.6     100.3      99.8      99.6  
              99.4      99.1 -    99.7#     99.7*-    99.6      99.0* 
 
  2023       101.0     101.8*    101.1*    100.4      99.8      99.4* 
              99.4      99.0     100.1     100.2      99.4      99.0* 
 
  2024       100.7     101.2     100.8     100.0     100.0      99.7  
              99.6      99.3      99.8     100.3*     99.3      99.3  
 
  2025       100.1*    101.2     100.5     100.0     100.2      99.8  
              99.5      99.1     100.0      99.9      99.8      99.9* 
 
  2026       100.7     100.2*    100.3     100.4*    100.3      99.6  
              99.5                                                    
 

  Key to symbols:
    *  : extreme value as determined by X-11 extreme value procedure
    #  : regARIMA outlier (either AO, LS, TC, or Ramp)
    -  : values around a level shift most likely to be influenced by it
 
        R35 monthly CPI index            PAGE   9, SERIES series

 D 9  Final replacement values for SI ratios
  From  2015.Jan to 2026.Jul
  Observations        139
 ---------------------------------------------------------------
               Jan      Feb      Mar      Apr      May      Jun 
               Jul      Aug      Sep      Oct      Nov      Dec 
 ---------------------------------------------------------------
  2015     ******** ******** ******** ******** ******** ********
           ******** ********     99.5 ******** ********    100.0
 
  2016     ********    101.3 ******** ******** ******** ********
           ******** ******** ******** ******** ******** ********
 
  2017     ******** ******** ******** ******** ******** ********
           ******** ********     99.8 ******** ******** ********
 
  2018     ******** ******** ********    100.3 ******** ********
           ******** ******** ********    100.2 ********     99.7
 
  2019     ******** ******** ******** ******** ******** ********
           ******** ********    100.0 ******** ********     99.7
 
  2020     ******** ******** ******** ******** ******** ********
           ******** ******** ******** ******** ********     99.9
 
  2021     ********    100.8 ******** ******** ********     99.7
           ******** ******** ********    100.0 ******** ********
 
  2022     ******** ******** ******** ******** ******** ********
           ******** ******** ********     99.8 ********     99.6
 
  2023     ********    101.2    100.9 ******** ********     99.4
           ******** ******** ******** ******** ********     99.6
 
  2024     ******** ******** ******** ******** ******** ********
           ******** ******** ********    100.3 ******** ********
 
  2025        100.7 ******** ******** ******** ******** ********
           ******** ******** ******** ******** ********     99.5
 
  2026     ********    101.0 ********    100.1 ******** ********
           ********                                             
 

 D 9.A  Moving seasonality ratio
 ---------------------------------------------------------------
               Jan      Feb      Mar      Apr      May      Jun 
 ---------------------------------------------------------------
   I          0.069    0.111    0.149    0.158    0.092    0.135
   S          0.063    0.026    0.021    0.029    0.034    0.016
 RATIO        1.104    4.267    7.177    5.536    2.709    8.629



 ---------------------------------------------------------------
               Jul      Aug      Sep      Oct      Nov      Dec 
 ---------------------------------------------------------------
   I          0.088    0.142    0.165    0.195    0.188    0.142
   S          0.046    0.022    0.026    0.033    0.040    0.048
 RATIO        1.927    6.439    6.390    5.856    4.692    2.933



        R35 monthly CPI index            PAGE  10, SERIES series

 D 10  Final seasonal factors
  From  2015.Jan to 2026.Jul
  Observations        139
  Seasonal filter    3 x 5 moving average
 -----------------------------------------------------------------------------
               Jan      Feb      Mar      Apr      May      Jun 
               Jul      Aug      Sep      Oct      Nov      Dec         AVGE  
 -----------------------------------------------------------------------------
  2015       101.37   101.22   100.55   100.09    99.80    99.61
              99.06    99.00    99.73    99.94    99.74    99.91        100.00
 
  2016       101.34   101.19   100.54   100.10    99.81    99.61
              99.09    99.01    99.77    99.99    99.71    99.89        100.00
 
  2017       101.28   101.15   100.52   100.12    99.81    99.61
              99.13    99.03    99.83   100.04    99.67    99.87        100.01
 
  2018       101.20   101.10   100.50   100.14    99.82    99.62
              99.21    99.06    99.88   100.08    99.61    99.84        100.00
 
  2019       101.11   101.05   100.49   100.17    99.82    99.62
              99.29    99.10    99.91   100.09    99.57    99.81        100.00
 
  2020       101.03   101.03   100.52   100.20    99.81    99.61
              99.36    99.12    99.92   100.08    99.53    99.77        100.00
 
  2021       100.97   101.04   100.58   100.21    99.81    99.60
              99.42    99.15    99.91   100.07    99.50    99.72        100.00
 
  2022       100.91   101.08   100.65   100.18    99.84    99.60
              99.46    99.15    99.90   100.06    99.49    99.65        100.00
 
  2023       100.85   101.11   100.67   100.16    99.91    99.61
              99.48    99.15    99.90   100.06    99.51    99.58        100.00
 
  2024       100.81   101.12   100.66   100.13    99.99    99.63
              99.50    99.14    99.92   100.07    99.52    99.53        100.00
 
  2025       100.77   101.11   100.61   100.10   100.06    99.67
              99.52    99.16    99.93   100.09    99.53    99.50        100.00
 
  2026       100.74   101.08   100.56   100.07   100.11    99.72
              99.54                                                     100.26
 
  AVGE       101.03   101.11   100.57   100.14    99.88    99.63
              99.34    99.10    99.87   100.05    99.58    99.73

  Table Total-     13901.96   Mean-     100.01   Std. Dev.-       0.61
                              Min -      99.00        Max -     101.37

 D 10.A  Final seasonal component forecasts
  From  2026.Aug to 2027.Jul
  Observations         12
 -----------------------------------------------------------------------------
               Jan      Feb      Mar      Apr      May      Jun 
               Jul      Aug      Sep      Oct      Nov      Dec         AVGE  
 -----------------------------------------------------------------------------
  2026                                                          
                       99.17    99.93   100.10    99.52    99.48         99.64
 
  2027       100.73   101.07   100.51   100.06   100.14    99.75
              99.55                                                     100.26
 
        R35 monthly CPI index            PAGE  11, SERIES series

 D 11  Final seasonally adjusted data
  From  2015.Jan to 2026.Jul
  Observations        139
 -----------------------------------------------------------------------------
               Jan      Feb      Mar      Apr      May      Jun 
               Jul      Aug      Sep      Oct      Nov      Dec        TOTAL  
 -----------------------------------------------------------------------------
  2015          99.      99.      99.     100.     100.     100.
               100.     100.     100.     100.     100.     101.         1200.
 
  2016         100.     101.     100.     100.     100.     100.
               101.     101.     101.     101.     102.     102.         1209.
 
  2017         103.     103.     103.     103.     104.     104.
               104.     105.     104.     105.     106.     106.         1251.
 
  2018         107.     107.     108.     108.     109.     109.
               109.     110.     110.     110.     110.     110.         1307.
 
  2019         111.     111.     112.     112.     113.     113.
               114.     114.     115.     115.     116.     116.         1362.
 
  2020         117.     118.     118.     119.     119.     120.
               120.     121.     121.     121.     121.     121.         1435.
 
  2021         121.     121.     122.     122.     123.     125.
               125.     126.     127.     127.     129.     130.         1499.
 
  2022         134.     136.     137.     138.     139.     140.
               141.     142.     147.     148.     151.     152.         1705.
 
  2023         155.     158.     159.     160.     160.     161.
               163.     164.     167.     168.     168.     168.         1951.
 
  2024         169.     170.     171.     171.     172.     173.
               174.     174.     174.     174.     174.     174.         2069.
 
  2025         174.     176.     177.     178.     179.     180.
               180.     181.     182.     183.     184.     186.         2158.
 
  2026         186.     185.     186.     188.     189.     189.
               190.                                                      1313.
 
  AVGE         131.     132.     133.     133.     134.     135.
               135.     131.     132.     132.     133.     133.

  Table Total-     18459.89   Mean-     132.80   Std. Dev.-      30.37
                              Min -      98.95        Max -     190.08
        R35 monthly CPI index            PAGE  12, SERIES series

 D 12  Final trend cycle
  From  2015.Jan to 2026.Jul
  Observations        139
  Trend filter     9-term Henderson moving average
  I/C ratio        0.30
 -----------------------------------------------------------------------------
               Jan      Feb      Mar      Apr      May      Jun 
               Jul      Aug      Sep      Oct      Nov      Dec        TOTAL  
 -----------------------------------------------------------------------------
  2015          99.      99.      99.     100.     100.     100.
               100.     100.     100.     100.     100.     100.         1199.
 
  2016         100.     100.     100.     100.     100.     100.
               101.     101.     101.     101.     102.     102.         1209.
 
  2017         103.     103.     103.     104.     104.     104.
               104.     105.     105.     105.     106.     106.         1252.
 
  2018         107.     107.     108.     108.     109.     109.
               109.     110.     110.     110.     110.     111.         1308.
 
  2019         111.     111.     112.     112.     113.     113.
               114.     114.     115.     115.     116.     116.         1362.
 
  2020         117.     118.     118.     119.     119.     120.
               120.     120.     121.     121.     121.     121.         1435.
 
  2021         121.     121.     122.     122.     123.     124.
               125.     126.     127.     128.     129.     130.         1499.
 
  2022         134.     136.     137.     138.     139.     140.
               141.     142.     147.     149.     151.     153.         1707.
 
  2023         155.     157.     159.     160.     161.     162.
               163.     165.     166.     167.     168.     169.         1951.
 
  2024         169.     170.     171.     171.     172.     173.
               174.     174.     174.     174.     174.     174.         2069.
 
  2025         175.     176.     177.     178.     179.     179.
               180.     181.     182.     183.     184.     185.         2158.
 
  2026         186.     186.     187.     188.     188.     189.
               190.                                                      1314.
 
  AVGE         131.     132.     133.     133.     134.     134.
               135.     131.     132.     132.     133.     133.

  Table Total-     18461.74   Mean-     132.82   Std. Dev.-      30.39
                              Min -      98.95        Max -     190.15
        R35 monthly CPI index            PAGE  13, SERIES series

 D 13  Final irregular component
  From  2015.Jan to 2026.Jul
  Observations        139
 -----------------------------------------------------------------------------
               Jan      Feb      Mar      Apr      May      Jun 
               Jul      Aug      Sep      Oct      Nov      Dec         S.D.  
 -----------------------------------------------------------------------------
  2015        100.0    100.0     99.9    100.0    100.0    100.0
              100.0    100.1     99.8    100.0    100.1    100.9           0.3
 
  2016        100.0    100.5    100.0     99.9    100.0    100.1
              100.0    100.1    100.0     99.9    100.0    100.1           0.2
 
  2017        100.0    100.0    100.1     99.9    100.0    100.0
              100.0    100.0     99.5    100.0    100.2     99.9           0.2
 
  2018        100.0     99.8    100.0    100.2    100.1    100.0
               99.9     99.9    100.1    100.1     99.9     99.5           0.2
 
  2019        100.0    100.1    100.0    100.0    100.0     99.9
              100.1     99.9    100.4    100.2     99.8     99.5           0.2
 
  2020        100.0    100.1     99.9    100.1     99.9    100.0
              100.0    100.1    100.0     99.9    100.1    100.2           0.1
 
  2021         99.9     99.8    100.1     99.9    100.0    100.7
              100.0    100.0    100.0     99.6     99.9    100.1           0.3
 
  2022        100.0    100.0     99.9    100.1    100.0    100.0
              100.0    100.0     99.9     99.7    100.2     99.4           0.2
 
  2023        100.0    100.5    100.3    100.1     99.9     99.8
              100.0     99.9    100.2    100.1     99.9     99.4           0.3
 
  2024         99.9    100.0    100.1     99.8    100.0    100.0
              100.0    100.1     99.9    100.2     99.9     99.8           0.1
 
  2025         99.4    100.2    100.0     99.9    100.1    100.1
               99.9     99.9    100.0     99.8    100.2    100.4           0.2
 
  2026        100.0     99.2     99.8    100.4    100.2     99.9
              100.0                                                        0.4
 
  S.D.          0.2      0.3      0.1      0.2      0.1      0.2
                0.1      0.1      0.2      0.2      0.1      0.5

  Table Total-     13899.12   Mean-      99.99   Std. Dev.-       0.22
                              Min -      99.16        Max -     100.87
        R35 monthly CPI index            PAGE  14, SERIES series

 D 16  Combined adjustment factors
  From  2015.Jan to 2026.Jul
  Observations        139
 -----------------------------------------------------------------------------
               Jan      Feb      Mar      Apr      May      Jun 
               Jul      Aug      Sep      Oct      Nov      Dec         AVGE  
 -----------------------------------------------------------------------------
  2015       101.37   101.22   100.55   100.09    99.80    99.61
              99.06    99.00    99.73    99.94    99.74    99.91        100.00
 
  2016       101.34   101.19   100.54   100.10    99.81    99.61
              99.09    99.01    99.77    99.99    99.71    99.89        100.00
 
  2017       101.28   101.15   100.52   100.12    99.81    99.61
              99.13    99.03    99.83   100.04    99.67    99.87        100.01
 
  2018       101.20   101.10   100.50   100.14    99.82    99.62
              99.21    99.06    99.88   100.08    99.61    99.84        100.00
 
  2019       101.11   101.05   100.49   100.17    99.82    99.62
              99.29    99.10    99.91   100.09    99.57    99.81        100.00
 
  2020       101.03   101.03   100.52   100.20    99.81    99.61
              99.36    99.12    99.92   100.08    99.53    99.77        100.00
 
  2021       100.97   101.04   100.58   100.21    99.81    99.60
              99.42    99.15    99.91   100.07    99.50    99.72        100.00
 
  2022       100.91   101.08   100.65   100.18    99.84    99.60
              99.46    99.15    99.90   100.06    99.49    99.65        100.00
 
  2023       100.85   101.11   100.67   100.16    99.91    99.61
              99.48    99.15    99.90   100.06    99.51    99.58        100.00
 
  2024       100.81   101.12   100.66   100.13    99.99    99.63
              99.50    99.14    99.92   100.07    99.52    99.53        100.00
 
  2025       100.77   101.11   100.61   100.10   100.06    99.67
              99.52    99.16    99.93   100.09    99.53    99.50        100.00
 
  2026       100.74   101.08   100.56   100.07   100.11    99.72
              99.54                                                     100.26
 
  AVGE       101.03   101.11   100.57   100.14    99.88    99.63
              99.34    99.10    99.87   100.05    99.58    99.73

  Table Total-     13901.96   Mean-     100.01   Std. Dev.-       0.61
                              Min -      99.00        Max -     101.37

 D 16.A  Combined adjustment component forecasts
  From  2026.Aug to 2027.Jul
  Observations         12
 -----------------------------------------------------------------------------
               Jan      Feb      Mar      Apr      May      Jun 
               Jul      Aug      Sep      Oct      Nov      Dec         AVGE  
 -----------------------------------------------------------------------------
  2026                                                          
                       99.17    99.93   100.10    99.52    99.48         99.64
 
  2027       100.73   101.07   100.51   100.06   100.14    99.75
              99.55                                                     100.26
 
        R35 monthly CPI index            PAGE  15, SERIES series

 E 4  Ratios of annual totals
  From          2015 to 2025
  Observations         11
 -----------------------------------
  Year       Unmodified     Modified
                  (D11)         (E2)
 -----------------------------------
  2015           100.00       100.00
 
  2016           100.00       100.00
 
  2017           100.00       100.00
 
  2018           100.00       100.00
 
  2019           100.00       100.00
 
  2020            99.99        99.99
 
  2021            99.99        99.99
 
  2022            99.98        99.98
 
  2023            99.99        99.99
 
  2024           100.00       100.00
 
  2025           100.00       100.00
 
        R35 monthly CPI index            PAGE  16, SERIES series

 E 5  Month-to-month percent change in the original series
  From  2015.Feb to 2026.Jul
  Observations        138
 -----------------------------------------------------------------------------
               Jan      Feb      Mar      Apr      May      Jun 
               Jul      Aug      Sep      Oct      Nov      Dec         AVGE  
 -----------------------------------------------------------------------------
  2015                   0.1     -0.5     -0.1     -0.1      0.0
               -0.4      0.0      0.5      0.4      0.0      1.0           0.1
 
  2016          0.5      0.3     -1.3     -0.6     -0.1      0.1
               -0.5      0.2      0.9      0.4      0.3      0.8           0.1
 
  2017          1.8      0.2     -0.3     -0.3      0.0      0.0
               -0.2      0.2      0.7      1.2      0.2      0.3           0.3
 
  2018          1.8      0.2      0.1      0.4      0.0      0.0
               -0.3      0.2      1.4      0.5     -0.5      0.1           0.3
 
  2019          2.0      0.4     -0.3      0.1      0.1      0.1
                0.3      0.1      1.8      0.4     -0.3      0.4           0.4
 
  2020          2.3      0.6     -0.3      0.2     -0.2      0.3
                0.1      0.3      0.9      0.3     -0.2      0.3           0.4
 
  2021          0.9      0.0      0.2      0.1      0.5      1.3
               -0.1      0.4      1.4      0.5      0.6      1.3           0.6
 
  2022          4.3      1.1      0.4      0.6      0.3      0.6
                0.6      0.6      3.8      1.2      1.3      0.8           1.3
 
  2023          3.3      2.0      0.3      0.1      0.1      0.3
                0.9      0.5      2.0      0.7     -0.4     -0.1           0.8
 
  2024          2.1      0.8      0.1     -0.4      0.5      0.1
                0.2     -0.1      0.5      0.5     -0.9      0.2           0.3
 
  2025          1.2      1.6     -0.1      0.0      0.7      0.1
                0.1      0.0      1.4      0.6      0.4      0.7           0.6
 
  2026          1.1     -0.2      0.5      0.5      0.3     -0.2
                0.4                                                        0.3
 
  AVGE          1.9      0.6     -0.1      0.0      0.2      0.2
                0.1      0.2      1.4      0.6      0.0      0.5

  Table Total-        64.04   Mean-       0.46   Std. Dev.-       0.92
                              Min -      -1.27        Max -       4.31
        R35 monthly CPI index            PAGE  17, SERIES series

 E 6  Month-to-month percent change in seasonally adjusted series (D11)
  From  2015.Feb to 2026.Jul
  Observations        138
 -----------------------------------------------------------------------------
               Jan      Feb      Mar      Apr      May      Jun 
               Jul      Aug      Sep      Oct      Nov      Dec         AVGE  
 -----------------------------------------------------------------------------
  2015                   0.2      0.2      0.4      0.2      0.2
                0.2      0.1     -0.2      0.2      0.2      0.8           0.2
 
  2016         -0.9      0.4     -0.6     -0.2      0.2      0.3
                0.0      0.3      0.1      0.2      0.6      0.6           0.1
 
  2017          0.4      0.3      0.3      0.1      0.3      0.2
                0.3      0.3     -0.1      0.9      0.6      0.1           0.3
 
  2018          0.5      0.3      0.7      0.7      0.3      0.2
                0.1      0.3      0.6      0.3     -0.1     -0.1           0.3
 
  2019          0.7      0.4      0.3      0.4      0.4      0.3
                0.6      0.3      0.9      0.3      0.2      0.2           0.4
 
  2020          1.1      0.6      0.2      0.5      0.2      0.5
                0.3      0.5      0.1      0.2      0.3      0.1           0.4
 
  2021         -0.3     -0.1      0.6      0.5      0.9      1.5
                0.1      0.7      0.6      0.3      1.2      1.1           0.6
 
  2022          3.1      0.9      0.8      1.0      0.6      0.8
                0.8      0.9      3.0      1.1      1.9      0.6           1.3
 
  2023          2.1      1.7      0.7      0.6      0.3      0.6
                1.1      0.8      1.3      0.6      0.2     -0.1           0.8
 
  2024          0.8      0.5      0.6      0.1      0.7      0.4
                0.4      0.3     -0.3      0.3     -0.4      0.2           0.3
 
  2025         -0.0      1.3      0.4      0.5      0.7      0.5
                0.2      0.4      0.6      0.4      1.0      0.7           0.6
 
  2026         -0.1     -0.6      1.0      1.0      0.2      0.2
                0.6                                                        0.3
 
  AVGE          0.7      0.5      0.4      0.5      0.4      0.5
                0.4      0.4      0.6      0.4      0.5      0.4

  Table Total-        65.64   Mean-       0.48   Std. Dev.-       0.72
                              Min -      -0.92        Max -       3.08
        R35 monthly CPI index            PAGE  18, SERIES series

 E 7  Month-to-month percent change in final trend cycle (D12)
  From  2015.Feb to 2026.Jul
  Observations        138
 -----------------------------------------------------------------------------
               Jan      Feb      Mar      Apr      May      Jun 
               Jul      Aug      Sep      Oct      Nov      Dec         AVGE  
 -----------------------------------------------------------------------------
  2015                   0.2      0.2      0.2      0.2      0.2
                0.1      0.0      0.0      0.0      0.1      0.0           0.1
 
  2016         -0.0     -0.1     -0.1     -0.0      0.1      0.2
                0.2      0.2      0.2      0.3      0.4      0.5           0.1
 
  2017          0.5      0.4      0.3      0.2      0.2      0.2
                0.3      0.3      0.4      0.4      0.4      0.3           0.3
 
  2018          0.4      0.5      0.6      0.5      0.4      0.3
                0.3      0.3      0.3      0.2      0.2      0.2           0.3
 
  2019          0.3      0.4      0.4      0.4      0.4      0.4
                0.4      0.5      0.5      0.5      0.5      0.5           0.4
 
  2020          0.5      0.5      0.4      0.4      0.4      0.4
                0.4      0.3      0.3      0.2      0.1      0.0           0.3
 
  2021         -0.0      0.1      0.3      0.6      0.8      0.8
                0.8      0.7      0.7      0.7      0.9      0.9           0.6
 
  2022          3.1      0.9      0.9      0.8      0.8      0.8
                0.8      0.9      3.1      1.3      1.4      1.5           1.4
 
  2023          1.4      1.2      0.9      0.7      0.6      0.7
                0.9      1.0      0.9      0.7      0.4      0.3           0.8
 
  2024          0.4      0.4      0.4      0.4      0.5      0.4
                0.3      0.2      0.0     -0.1      0.0      0.2           0.3
 
  2025          0.4      0.5      0.6      0.6      0.5      0.5
                0.4      0.4      0.5      0.6      0.6      0.5           0.5
 
  2026          0.3      0.3      0.3      0.4      0.4      0.5
                0.5                                                        0.4
 
  AVGE          0.7      0.4      0.4      0.4      0.4      0.4
                0.4      0.4      0.6      0.5      0.5      0.5

  Table Total-        65.60   Mean-       0.48   Std. Dev.-       0.65
                              Min -      -0.12        Max -       3.15
        R35 monthly CPI index            PAGE  19, SERIES series

 E 8  Month-to-month percent change in original series adjusted for calendar factors (A18)
  From  2015.Feb to 2026.Jul
  Observations        138
 -----------------------------------------------------------------------------
               Jan      Feb      Mar      Apr      May      Jun 
               Jul      Aug      Sep      Oct      Nov      Dec         AVGE  
 -----------------------------------------------------------------------------
  2015                   0.1     -0.5     -0.1     -0.1      0.0
               -0.4      0.0      0.5      0.4      0.0      1.0           0.1
 
  2016          0.5      0.3     -1.3     -0.6     -0.1      0.1
               -0.5      0.2      0.9      0.4      0.3      0.8           0.1
 
  2017          1.8      0.2     -0.3     -0.3      0.0      0.0
               -0.2      0.2      0.7      1.2      0.2      0.3           0.3
 
  2018          1.8      0.2      0.1      0.4      0.0      0.0
               -0.3      0.2      1.4      0.5     -0.5      0.1           0.3
 
  2019          2.0      0.4     -0.3      0.1      0.1      0.1
                0.3      0.1      1.8      0.4     -0.3      0.4           0.4
 
  2020          2.3      0.6     -0.3      0.2     -0.2      0.3
                0.1      0.3      0.9      0.3     -0.2      0.3           0.4
 
  2021          0.9      0.0      0.2      0.1      0.5      1.3
               -0.1      0.4      1.4      0.5      0.6      1.3           0.6
 
  2022          4.3      1.1      0.4      0.6      0.3      0.6
                0.6      0.6      3.8      1.2      1.3      0.8           1.3
 
  2023          3.3      2.0      0.3      0.1      0.1      0.3
                0.9      0.5      2.0      0.7     -0.4     -0.1           0.8
 
  2024          2.1      0.8      0.1     -0.4      0.5      0.1
                0.2     -0.1      0.5      0.5     -0.9      0.2           0.3
 
  2025          1.2      1.6     -0.1      0.0      0.7      0.1
                0.1      0.0      1.4      0.6      0.4      0.7           0.6
 
  2026          1.1     -0.2      0.5      0.5      0.3     -0.2
                0.4                                                        0.3
 
  AVGE          1.9      0.6     -0.1      0.0      0.2      0.2
                0.1      0.2      1.4      0.6      0.0      0.5

  Table Total-        64.04   Mean-       0.46   Std. Dev.-       0.92
                              Min -      -1.27        Max -       4.31
        R35 monthly CPI index            PAGE  20, SERIES series

 E 18  Final adjustment ratios
  From  2015.Jan to 2026.Jul
  Observations        139
 -----------------------------------------------------------------------------
               Jan      Feb      Mar      Apr      May      Jun 
               Jul      Aug      Sep      Oct      Nov      Dec         AVGE  
 -----------------------------------------------------------------------------
  2015        101.4    101.2    100.5    100.1     99.8     99.6
               99.1     99.0     99.7     99.9     99.7     99.9         100.0
 
  2016        101.3    101.2    100.5    100.1     99.8     99.6
               99.1     99.0     99.8    100.0     99.7     99.9         100.0
 
  2017        101.3    101.2    100.5    100.1     99.8     99.6
               99.1     99.0     99.8    100.0     99.7     99.9         100.0
 
  2018        101.2    101.1    100.5    100.1     99.8     99.6
               99.2     99.1     99.9    100.1     99.6     99.8         100.0
 
  2019        101.1    101.0    100.5    100.2     99.8     99.6
               99.3     99.1     99.9    100.1     99.6     99.8         100.0
 
  2020        101.0    101.0    100.5    100.2     99.8     99.6
               99.4     99.1     99.9    100.1     99.5     99.8         100.0
 
  2021        101.0    101.0    100.6    100.2     99.8     99.6
               99.4     99.1     99.9    100.1     99.5     99.7         100.0
 
  2022        100.9    101.1    100.6    100.2     99.8     99.6
               99.5     99.1     99.9    100.1     99.5     99.6         100.0
 
  2023        100.9    101.1    100.7    100.2     99.9     99.6
               99.5     99.2     99.9    100.1     99.5     99.6         100.0
 
  2024        100.8    101.1    100.7    100.1    100.0     99.6
               99.5     99.1     99.9    100.1     99.5     99.5         100.0
 
  2025        100.8    101.1    100.6    100.1    100.1     99.7
               99.5     99.2     99.9    100.1     99.5     99.5         100.0
 
  2026        100.7    101.1    100.6    100.1    100.1     99.7
               99.5                                                      100.3
 
  AVGE        101.0    101.1    100.6    100.1     99.9     99.6
               99.3     99.1     99.9    100.1     99.6     99.7

  Table Total-     13901.96   Mean-     100.01   Std. Dev.-       0.61
                              Min -      99.00        Max -     101.37

 E 18.A  Final adjustment ratio forecasts
  From  2026.Aug to 2027.Jul
  Observations         12
 -----------------------------------------------------------------------------
               Jan      Feb      Mar      Apr      May      Jun 
               Jul      Aug      Sep      Oct      Nov      Dec         AVGE  
 -----------------------------------------------------------------------------
  2026                                                          
                        99.2     99.9    100.1     99.5     99.5          99.6
 
  2027        100.7    101.1    100.5    100.1    100.1     99.8
               99.5                                                      100.3
 

  QS statistic for seasonality:
  log(Original Series)                              103.25  (P-Value =     0.0000)
  log(Original Series (EV adj))                      97.19  (P-Value =     0.0000)
  Residuals                                           0.15  (P-Value =     0.9297)
  log(Seasonally Adjusted Series)                     1.08  (P-Value =     0.5821)
  log(SA Series (EV adj))                             0.00  (P-Value =     1.0000)
  Irregular Series                                    0.67  (P-Value =     0.7151)
  Irregular Series (EV adj)                           0.00  (P-Value =     1.0000)

  QS statistic for seasonality (starting 2018.Aug):
  log(Original Series)                               64.22  (P-Value =     0.0000)
  log(Original Series (EV adj))                      54.37  (P-Value =     0.0000)
  Residuals                                           0.13  (P-Value =     0.9357)
  log(Seasonally Adjusted Series)                     1.00  (P-Value =     0.6055)
  log(SA Series (EV adj))                             0.00  (P-Value =     1.0000)
  Irregular Series                                    0.85  (P-Value =     0.6540)
  Irregular Series (EV adj)                           0.00  (P-Value =     1.0000)
        R35 monthly CPI index            PAGE  21, SERIES series


  Visually significant residual seasonal peaks have been
  found in the spectral plot of the following series starting in 2018.Aug:

          Irregular component (Table D13) (1 Seasonal and 
        R35 monthly CPI index            PAGE  22, SERIES series
 G 0  10*LOG(SPECTRUM) of the differenced, transformed Prior Adjusted Series
      (Table B1).  Spectrum estimated from 2018.Aug to 2026.Jul.
 ++++++++++I+++++++++++++++++++++++++++++++++++++++++++++++++++++++++++++I
     -31.51I                              S                              I    -31.51
           I                              S                              I
           I                              S                              I
           I                              S                              I
     -33.27I                              S                              I    -33.27
           I                              S                              I
           I                              S                              I
           I                              S                              I
     -35.04I                              S                              I    -35.04
           I  *                           S                              I
           I  *                           S                              I
           I  *                           S                              I
     -36.80I  *                           S                              I    -36.80
           I  *                           S                              I
           I  *       S                   S                              I
           I  *       S        *          S                              I
     -38.56I  *       S        *          S                              I    -38.56
           I  *       S        *S        *S*                             I
           I  *       S        *S        *S*                             I
           I  *       S        *S        *S*                             I
     -40.32I  *       S        *S        *S*                             I    -40.32
           I  *       S        *S*       *S*                             I
           I  *       S        *S*       *S*        S                    I
           I  *       S        *S*       *S*        S                   SI
     -42.08I  *      *S        *S*       *S*        S                   SI    -42.08
           I **      *S        *S*       *S*        S                   SI
           I ***     *S        *S*       *S*        S                   SI
           I ***     *S        *S*       *S*        S*                  SI
     -43.84I ***     *S  **    *S*       *S*       *S*                  SI    -43.84
           I ***     *S* **    *S**     **S*       *S*       *         *SI
           I ***     *S* **    *S**     **S**      *S*       *         *SI
           I****     *S* **    *S**     **S**      *S*T      *         *SI
     -45.60I****     *S* **    *S**     **S** *    *S*T      *         *SI    -45.60
           I****    **S****    *S**     **S*****   *S*T      *S        *SI
           I****    **S****   **S**     **S*****   *S*T      *S        *SI
           I*****   **S****   **S**     **S*****   *S*T*     *S        *SI
     -47.36I**********S****   **S**     **S*****   *S*T*     *S       **SI    -47.36
           I**********S****   **S**     **S*****  **S*T*     *S   **  **SI
           I**********S****   **S**     **S****** **S*T*     *S   **  **SI
           I**********S****   **S**     **S****** **S*T*     *S   ******SI
     -49.12I**********S*****  **S**     **S****** **S*T*     *S*  ******SI    -49.12
           I**********S*****  **S***   ***S*********S*T*     *S* *******SI
           I**********S*****  **S***   ***S*********S*T*    **S* *******SI
           I**********S***** ***S***   ***S*********S*T*    **S*T*******SI
     -50.89I**********S***** ***S***   ***S*********S*T*    **S*T*******SI    -50.89
           I**********S*********S***   ***S*********S*T**   **S*T*******SI
           I**********S*********S***   ***S*********S*T**   **S*T*******SI
           I**********S*********S***   ***S*********S*T**   **S*T*******SI
     -52.65I**********S*********S***  ****S*********S*T**   **S*T*******SI    -52.65
           I**********S*********S**** ****S*********S*T**   **S*T*******SI
           I**********S*********S**** ****S*********S*T**  ***S*T*******SI
           I**********S*********S*********S*********S*T*** ***S*T*******SI
     -54.41I**********S*********S*********S*********S*T*******S*T*******SI    -54.41
 ++++++++++I+++++++++++++++++++++++++++++++++++++++++++++++++++++++++++++I
            S=SEASONAL FREQUENCIES, T=TRADING DAY FREQUENCIES
        R35 monthly CPI index            PAGE  23, SERIES series
 G 1  10*LOG(SPECTRUM) of the differenced, transformed seasonally adjusted 
      data (Table D11).  Spectrum estimated from 2018.Aug to 2026.Jul.
 ++++++++++I+++++++++++++++++++++++++++++++++++++++++++++++++++++++++++++I
     -33.29I  *                                                          I    -33.29
           I  *                                                          I
           I  *                                                          I
           I  *                                                          I
     -35.10I  *                                                          I    -35.10
           I  *                                                          I
           I  *                                                          I
           I  *                                                          I
     -36.90I  *                                                          I    -36.90
           I  *                                                          I
           I  *                                                          I
           I  *                                                          I
     -38.71I  *                                                          I    -38.71
           I  *          *                                               I
           I  *          *                                               I
           I **          *                                               I
     -40.51I ***         *                                               I    -40.51
           I ***         *                                               I
           I ***         *                                               I
           I****         *                                               I
     -42.32I****         *                                               I    -42.32
           I****         *               *                   *           I
           I****         *    *          *                  **           I
           I****         **   *          *                  **           I
     -44.12I****         **   *         **                 ***        *  I    -44.12
           I****         **   *         **                 ***        *  I
           I****         **  **         **S                ***S       ** I
           I*****        **  **        ***S                ***S       ** I
     -45.93I*****       ***  ***  *    ***S                ***S       ** I    -45.93
           I*****   *   ***  ***  *    ***S      *         ***S      ***SI
           I*****   *   ***  *** **   ****S      *        ****S      ***SI
           I*****  **   ***  *** **   ****S    ***        ****S*     ***SI
     -47.73I****** ***  ********S***  ****S   ****        ****S*    ****SI    -47.73
           I**********  ********S*** *****S*  ****        ****S*  ******SI
           I********** *********S*********S* *****        ****S*T*******SI
           I**********S*********S*********S*******        ****S*T*******SI
     -49.54I**********S*********S*********S********       ****S*T*******SI    -49.54
           I**********S*********S*********S********       ****S*T*******SI
           I**********S*********S*********S********      *****S*T*******SI
           I**********S*********S*********S********      *****S*T*******SI
     -51.34I**********S*********S*********S********      *****S*T*******SI    -51.34
           I**********S*********S*********S********      *****S*T*******SI
           I**********S*********S*********S********      *****S*T*******SI
           I**********S*********S*********S********      *****S*T*******SI
     -53.15I**********S*********S*********S********      *****S*T*******SI    -53.15
           I**********S*********S*********S*********    ******S*T*******SI
           I**********S*********S*********S*********    ******S*T*******SI
           I**********S*********S*********S*********    ******S*T*******SI
     -54.95I**********S*********S*********S*********    ******S*T*******SI    -54.95
           I**********S*********S*********S*********    ******S*T*******SI
           I**********S*********S*********S*********S  *******S*T*******SI
           I**********S*********S*********S*********S  *******S*T*******SI
     -56.76I**********S*********S*********S*********S*T*******S*T*******SI    -56.76
 ++++++++++I+++++++++++++++++++++++++++++++++++++++++++++++++++++++++++++I
            S=SEASONAL FREQUENCIES, T=TRADING DAY FREQUENCIES
        R35 monthly CPI index            PAGE  24, SERIES series
 G 2  10*LOG(SPECTRUM) of the Irregular (Table D13).  
      Spectrum estimated from 2018.Aug to 2026.Jul.
 ++++++++++I+++++++++++++++++++++++++++++++++++++++++++++++++++++++++++++I
     -42.72I                  *                                          I    -42.72
           I                  *                                          I
           I                  *                                          I
           I                  *                                          I
     -44.28I                  *                                          I    -44.28
           I                  *                                          I
           I                  *                                          I
           I                  *                                          I
     -45.83I                  *                                          I    -45.83
           I                  *                                          I
           I                  *                                          I
           I                  *                                          I
     -47.39I                  *                                          I    -47.39
           I                  *                                          I
           I                  *                                          I
           I                  *                                          I
     -48.94I                  *   **                                     I    -48.94
           I                  *   **    *                                I
           I                  *   **   **       *                        I
           I                  *   **   **       *                        I
     -50.50I          S       *   **   **       *      *                 I    -50.50
           I          S       **  **   **       **     *                 I
           I          S       **  **   **       **     *                 I
           I          S       **  **   **   *  ***     *             *   I
     -52.05I          S       **  **   *** *** ***     *     *       *   I    -52.05
           I          S      ***  **   *** *******     *     *       *   I
           I         *S*     ***  **   ***S*******     *     *       *   I
           I         *S*     ***  **   ***S*******     *     *       *   I
     -53.60I         *S*     ***  **   ***S*******    T*     *       *   I    -53.60
           I         *S*     *** ***  ****S*******    T*     *   *   *   I
           I         *S*     ***S**** ****S*******    T*     *   *   *   I
           I         *S**    ***S**** ****S*******    T*     *S  *   *   I
     -55.16I         *S***   ***S**** ****S********   T*     *S  ** **   I    -55.16
           I         *S****  ***S*********S********   T*    **S  ** **   I
           I         *S**** ****S*********S********   T*    **S T** ***  I
           I        **S*********S*********S********   T*    **S*T******  I
     -56.71I        **S*********S*********S********   T*    **S*T******  I    -56.71
           I        **S*********S*********S********   T*    **S*T******  I
           I        **S*********S*********S********  *T*    **S*T******  I
           I       ***S*********S*********S********* *T**   **S*T******  I
     -58.27I       ***S*********S*********S********* *T**   **S*T******  I    -58.27
           I       ***S*********S*********S*********S*T**   **S*T******  I
           I       ***S*********S*********S*********S*T**   **S*T******  I
           I      ****S*********S*********S*********S*T**  ***S*T******  I
     -59.82I      ****S*********S*********S*********S*T**  ***S*T******* I    -59.82
           I      ****S*********S*********S*********S*T**  ***S*T******* I
           I      ****S*********S*********S*********S*T*** ***S*T******* I
           I     *****S*********S*********S*********S*T*******S*T******* I
     -61.38I     *****S*********S*********S*********S*T*******S*T*******SI    -61.38
           I     *****S*********S*********S*********S*T*******S*T*******SI
           I    ******S*********S*********S*********S*T*******S*T*******SI
           I**  ******S*********S*********S*********S*T*******S*T*******SI
     -62.93I**********S*********S*********S*********S*T*******S*T*******SI    -62.93
 ++++++++++I+++++++++++++++++++++++++++++++++++++++++++++++++++++++++++++I
            S=SEASONAL FREQUENCIES, T=TRADING DAY FREQUENCIES
        R35 monthly CPI index            PAGE  25, SERIES series

  Peak probabilities for Tukey spectrum estimator
  Spectrum estimated from 2018.Aug to 2026.Jul.

                                          S1       S2       S3       S4       S5       S6       TD
                                        ------   ------   ------   ------   ------   ------   ------
  Model Residuals                        0.376    0.011    0.073    0.004    0.738    0.369    0.589  
  Prior Adjusted Series (Table B1)       0.731    0.973*   0.976*   0.968*   0.806    0.824    0.582  
  Seasonally adjusted series (D11)       0.049    0.373    0.641    0.018    0.642    0.461    0.424  
  Irregular (D13)                        0.758    0.130    0.085    0.010    0.738    0.109    0.893  
  ----------
     ** - Peak Probability > 0.99,
      * - 0.90 < Peak Probability < 0.99



  NP statistic for residual seasonality:

  NP statistic for residual seasonality (Full series)
                                                  Residual Seasonality?
  log(Seasonally Adjusted Series)                          no
  log(Seasonally Adjusted Series (EV adj))                 no

  NP statistic for residual seasonality (Series start in 2018.Aug)
                                                  Residual Seasonality?
  log(Seasonally Adjusted Series)                          no
  log(Seasonally Adjusted Series (EV adj))                 no
