1
    Log for X-13ARIMA-SEATS program (Version 1.1 Build 62)  Sep 22, 2026  22.39.32 
    *-*-*-*-*-*-*-*-*-*-*-*-*-*-*-*-*-*-*-*-*-*-*-*-*-*-*-*-*-*-*-*-*-*-*-*-*



 Type of  Series      Additional                   Series title
 Adjust.  Ident.      Identifiers


  M-MLT    series -------- -------- R35 monthly CPI index                             
  Moving seasonality ratio     :       4.023
  I/C Ratio                    :       0.300
  Stable Seasonal F, B1 table  :      20.228
  Stable Seasonal F, D8 table  :      54.102
  Moving Seasonal F, D8 table  :       3.049
  Identifiable seasonality     : yes
    M01 :      0.056
    M02 :      0.004
    M03 :      0.000
    M04 :      0.576
    M05 :      0.000
    M06 :      0.009
    M07 :      0.386
    M08 :      0.490
    M09 :      0.358
    M10 :      0.462
    M11 :      0.438
    Q   :      0.218
    Q2  :      0.244

  QS statistic for seasonality:
  log(Original Series)                              103.25  (P-Value =     0.0000)
  log(Original Series (EV adj))                      97.19  (P-Value =     0.0000)
  Residuals                                           0.15  (P-Value =     0.9297)
  log(Seasonally Adjusted Series)                     1.08  (P-Value =     0.5821)
  log(SA Series (EV adj))                             0.00  (P-Value =     1.0000)
  Irregular Series                                    0.67  (P-Value =     0.7151)
  Irregular Series (EV adj)                           0.00  (P-Value =     1.0000)

  QS statistic for seasonality (starting 2018.Aug):
  Original Series                                    64.22  (P-Value =     0.0000)
  Original Series (EV adj)                           54.37  (P-Value =     0.0000)
  Residuals                                           0.13  (P-Value =     0.9357)
  Seasonally Adjusted Series                          1.00  (P-Value =     0.6055)
  Seasonally Adjusted Series (EV adj)                 0.00  (P-Value =     1.0000)
  Irregular Series                                    0.85  (P-Value =     0.6540)
  Irregular Series (EV adj)                           0.00  (P-Value =     1.0000)

 

  Peak probabilities for Tukey spectrum estimator
  Spectrum estimated from 2018.Aug to 2026.Jul.

                                          S1       S2       S3       S4       S5       S6       TD
                                        ------   ------   ------   ------   ------   ------   ------
  Model Residuals                                                                                  
  Prior Adjusted Series (Table B1)                  *        *        *                            
  Seasonally adjusted series (D11)                                                                 
  Irregular (D13)                                                                                  
  ----------
     ** - Peak Probability > 0.99,
      * - 0.90 < Peak Probability < 0.99



  NP statistic for residual seasonality:

  NP statistic for residual seasonality (Full series)
                                                  Residual Seasonality?
  log(Seasonally Adjusted Series)                          no
  log(Seasonally Adjusted Series (EV adj))                 no

  NP statistic for residual seasonality (Series start in 2018.Aug)
                                                  Residual Seasonality?
  log(Seasonally Adjusted Series)                          no
  log(Seasonally Adjusted Series (EV adj))                 no

 Spectral Peak Summary:
  Seasonal Spectral Peaks : irr
        TD Spectral Peaks : none
  
  
 For Peak Probability > 0.99
  Seasonal Tukey Spectral Peaks : none
        TD Tukey Spectral Peaks : none
  
 For Peak Probability > 0.90
  Seasonal Tukey Spectral Peaks : ori
        TD Tukey Spectral Peaks : none
