1
    Log for X-13ARIMA-SEATS program (Version 1.1 Build 62)  Sep 22, 2026  22.39.21 
    *-*-*-*-*-*-*-*-*-*-*-*-*-*-*-*-*-*-*-*-*-*-*-*-*-*-*-*-*-*-*-*-*-*-*-*-*



 Type of  Series      Additional                   Series title
 Adjust.  Ident.      Identifiers


  M-MLT    series -------- -------- R35 monthly CPI index                             
  Moving seasonality ratio     :       4.715
  I/C Ratio                    :       1.614
  Stable Seasonal F, B1 table  :      13.235
  Stable Seasonal F, D8 table  :      17.699
  Moving Seasonal F, D8 table  :       4.321
  Identifiable seasonality     : yes
    M01 :      0.951
    M02 :      0.021
    M03 :      0.307
    M04 :      0.391
    M05 :      0.338
    M06 :      0.286
    M07 :      0.751
    M08 :      0.884
    M09 :      0.530
    M10 :      1.159
    M11 :      1.078
    Q   :      0.549
    Q2  :      0.614

  QS statistic for seasonality:
  log(Original Series)                               18.75  (P-Value =     0.0001)
  log(Original Series (EV adj))                      19.15  (P-Value =     0.0001)
  Residuals                                           0.00  (P-Value =     1.0000)
  log(Seasonally Adjusted Series)                     1.68  (P-Value =     0.4318)
  log(SA Series (EV adj))                             0.00  (P-Value =     1.0000)
  Irregular Series                                    0.00  (P-Value =     1.0000)
  Irregular Series (EV adj)                           0.00  (P-Value =     1.0000)

  QS statistic for seasonality (starting 2018.Sep):
  Original Series                                    14.46  (P-Value =     0.0007)
  Original Series (EV adj)                           11.59  (P-Value =     0.0030)
  Residuals                                           0.00  (P-Value =     1.0000)
  Seasonally Adjusted Series                          1.93  (P-Value =     0.3807)
  Seasonally Adjusted Series (EV adj)                 0.00  (P-Value =     1.0000)
  Irregular Series                                    0.00  (P-Value =     1.0000)
  Irregular Series (EV adj)                           0.00  (P-Value =     1.0000)

 

  Peak probabilities for Tukey spectrum estimator
  Spectrum estimated from 2018.Sep to 2026.Aug.

                                          S1       S2       S3       S4       S5       S6       TD
                                        ------   ------   ------   ------   ------   ------   ------
  Model Residuals                                                                                * 
  Prior Adjusted Series (Table B1)         *        **       *                                     
  Seasonally adjusted series (D11)                                                      *          
  Irregular (D13)                                                                                  
  ----------
     ** - Peak Probability > 0.99,
      * - 0.90 < Peak Probability < 0.99



  NP statistic for residual seasonality:

  NP statistic for residual seasonality (Full series)
                                                  Residual Seasonality?
  log(Seasonally Adjusted Series)                          no
  log(Seasonally Adjusted Series (EV adj))                 no

  NP statistic for residual seasonality (Series start in 2018.Sep)
                                                  Residual Seasonality?
  log(Seasonally Adjusted Series)                          no
  log(Seasonally Adjusted Series (EV adj))                 no

 Spectral Peak Summary:
  Seasonal Spectral Peaks : none
        TD Spectral Peaks : rsd
  
  
 For Peak Probability > 0.99
  Seasonal Tukey Spectral Peaks : ori
        TD Tukey Spectral Peaks : none
  
 For Peak Probability > 0.90
  Seasonal Tukey Spectral Peaks : ori sa
        TD Tukey Spectral Peaks : rsd
