  Reading input spec file from series.spc

1

               U. S. Department of Commerce, U. S. Census Bureau

              X-13ARIMA-SEATS monthly seasonal adjustment Method,
                          Release Version 1.1 Build 62


           This software application provides an enhanced version of
             Statistics Canada's X-11-ARIMA extension (Dagum, 1980)
                 of the X-11 variant of the Census Method II of
                      Shiskin, Young and Musgrave (1967).

            It also provides an ARIMA model-based method following
       Hillmer and Tiao (1982) and Burman (1980) that is very similar
       to the update of the method of SEATS (Gomez and Maravall, 1996)
                produced at the Bank of Spain by G. Caporello and
               A. Maravall for TSW (Caporello and Maravall, 2004).
          The present application includes additional enhancements.

         X-13ARIMA-SEATS includes an automatic ARIMA model selection procedure
          based largely on the procedure of Gomez and Maravall (1998)
            as implemented in TRAMO (1996) and subsequent revisions.

              Primary Programmers: Brian Monsell, Mark Otto and,
                 for the ARIMA model-based signal extraction,
                      Gianluca Caporello and Victor Gomez


     Series Title- R35 monthly CPI index
     Series Name- series
     Sep 22, 2026  22.39.21 

        -Period covered-  1st month,2015 to  7th month,2026
        -Type of run - multiplicative seasonal adjustment

        -Sigma limits for graduating extreme values are  1.5 and  2.5 .
        -3x3 moving average used in section 1 of each iteration, 
         3x5 moving average in section 2 of iterations B and C,
         moving average for final seasonal factors chosen by Global MSR.
        -Spectral plots generated for selected series
        -Spectral plots generated for series starting in 2018.Aug

 FILE SAVE REQUESTS (* indicates file exists and will be overwritten)
  series.d10  final seasonal factors
  series.d11  final seasonally adjusted data
  series.d12  final trend cycle
  series.d13  final irregular component
  series.out  program output file
  series.err  program error file
  series.udg  seasonal adjustment and model diagnostics file
        R35 monthly CPI index            PAGE   1, SERIES series

     Contents of spc file series.spc

 Line #
 ------
      1: series { title="R35 monthly CPI index" start=2015.1 period=12 data=(
      2: 99.900000000000006 97.299999999999997 100.09999999999999 101.2 102.8 103.40000000000001
      3: 103.40000000000001 102.3 100 98 96.400000000000006 95
      4: 92.900000000000006 90.599999999999994 90.5 92.299999999999997 94.400000000000006 97
      5: 96.799999999999997 95.5 95.799999999999997 96.599999999999994 96.799999999999997 98.299999999999997
      6: 100.59999999999999 101.40000000000001 101.09999999999999 101 100.3 98.900000000000006
      7: 97.5 97.599999999999994 98.599999999999994 99.200000000000003 100.2 100.2
      8: 101.09999999999999 101.3 100.8 101.8 104.5 106.7
      9: 106.7 106.7 107.2 108.2 108 105.5
     10: 103.5 103 103.90000000000001 106.59999999999999 108.40000000000001 108.40000000000001
     11: 107.59999999999999 107.40000000000001 107.2 107.40000000000001 107.09999999999999 106.90000000000001
     12: 108 107.09999999999999 103.40000000000001 96.400000000000006 94.900000000000006 96.700000000000003
     13: 99.599999999999994 99.900000000000006 99.5 100 99.799999999999997 100.5
     14: 101 102.2 105.90000000000001 108 109 110.3
     15: 112.7 113.5 114.2 118.7 122.3 121
     16: 122.2 125.5 142.40000000000001 140.09999999999999 143.59999999999999 147.59999999999999
     17: 148 138.80000000000001 135.90000000000001 140.80000000000001 139.40000000000001 130.5
     18: 130.5 132.09999999999999 131.09999999999999 130.90000000000001 128.09999999999999 128.5
     19: 129.90000000000001 135.5 137.80000000000001 137.69999999999999 135.40000000000001 131.69999999999999
     20: 132.19999999999999 136.40000000000001 140.69999999999999 143.30000000000001 141.69999999999999 138.40000000000001
     21: 139.80000000000001 137.90000000000001 134 133.80000000000001 134.59999999999999 134.90000000000001
     22: 137.09999999999999 137.90000000000001 135.30000000000001 133.19999999999999 131.69999999999999 132.59999999999999
     23: 133.90000000000001 133.19999999999999 132.69999999999999 132.80000000000001 134.09999999999999 132.80000000000001
     24: 131.80000000000001 132.90000000000001 148.80000000000001 155.90000000000001 155.19999999999999 147.09999999999999
     25: 150.5
     26: ) }
     27: transform { function=log }
     28: automdl { }
     29: outlier { types=(ao ls tc) }
     30: x11 { mode=mult save=(d10 d11 d12 d13) appendfcst=no appendbcst=no savelog=all }
     31: spectrum { logqs=yes robustsa=no print=all savelog=all }
     32: check { }
        R35 monthly CPI index            PAGE   2, SERIES series

 A 1  Time series data (for the span analyzed)
  From  2015.Jan to 2026.Jul
  Observations        139
 -----------------------------------------------------------------------------
               Jan      Feb      Mar      Apr      May      Jun 
               Jul      Aug      Sep      Oct      Nov      Dec        TOTAL  
 -----------------------------------------------------------------------------
  2015         100.      97.     100.     101.     103.     103.
               103.     102.     100.      98.      96.      95.         1200.
 
  2016          93.      91.      91.      92.      94.      97.
                97.      96.      96.      97.      97.      98.         1138.
 
  2017         101.     101.     101.     101.     100.      99.
                98.      98.      99.      99.     100.     100.         1197.
 
  2018         101.     101.     101.     102.     105.     107.
               107.     107.     107.     108.     108.     106.         1259.
 
  2019         104.     103.     104.     107.     108.     108.
               108.     107.     107.     107.     107.     107.         1277.
 
  2020         108.     107.     103.      96.      95.      97.
               100.     100.     100.     100.     100.     101.         1206.
 
  2021         101.     102.     106.     108.     109.     110.
               113.     114.     114.     119.     122.     121.         1339.
 
  2022         122.     126.     142.     140.     144.     148.
               148.     139.     136.     141.     139.     131.         1655.
 
  2023         131.     132.     131.     131.     128.     129.
               130.     136.     138.     138.     135.     132.         1589.
 
  2024         132.     136.     141.     143.     142.     138.
               140.     138.     134.     134.     135.     135.         1648.
 
  2025         137.     138.     135.     133.     132.     133.
               134.     133.     133.     133.     134.     133.         1607.
 
  2026         132.     133.     149.     156.     155.     147.
               151.                                                      1022.
 
  AVGE         113.     114.     117.     118.     118.     118.
               119.     115.     115.     116.     116.     114.

  Table Total-     16135.60   Mean-     116.08   Std. Dev.-      17.91
                              Min -      90.50        Max -     155.90
        R35 monthly CPI index            PAGE   3, SERIES series
                        Automatic ARIMA Model Selection

                    Procedure based closely on TRAMO method 
                         of Gomez and Maravall (2000)
              "Automatic Modeling Methods for Univariate Series",
                            A Course in Time Series
                  (Edited by D. Pena, G. C. Tiao, R. S. Tsay),
                         New York : J. Wiley and Sons


     Maximum order for regular ARMA parameters :   2
     Maximum order for seasonal ARMA parameters :   1
     Maximum order for regular differencing :   2
     Maximum order for seasonal differencing :   1

   Results of Unit Root Test for identifying orders of differencing:
     Regular difference order :   1
     Seasonal difference order :   0

     Mean is not significant.

  Automatic model choice : (0 1 1)


  Final Checks for Identified Model


  Checking for Unit Roots.
   No unit roots found.

  Checking for nonseasonal overdifferencing.
   Nonseasonal MA not within  0.001 of 1.0 - model passes test.

  Checking for insignificant ARMA coefficients.

  Final automatic model choice : (0 1 1)
   End of automatic model selection procedure.

 Average absolute percentage error in within-sample forecasts:
  Last year:   2.24      Last-1 year:   5.02     Last-2 year:   3.90
  Last three years:    3.72

 Estimation converged in   67 ARMA iterations,  213 function evaluations.

 Regression Model
 ------------------------------------------------------------------------------
                             Parameter        Standard
 Variable                     Estimate           Error      t-value
 ------------------------------------------------------------------------------
 Automatically Identified Outliers
   AO2015.Feb                  -0.0233         0.00571        -4.07
   LS2020.Apr                  -0.0331         0.00308       -10.76
   LS2022.Mar                   0.1420         0.00621        22.86
   LS2022.Aug                  -0.0368         0.00670        -5.50
   LS2023.Aug                   0.0237         0.00428         5.54
   LS2026.Mar                   0.0854         0.00739        11.55
   AO2026.Jun                  -0.0297         0.00704        -4.22
 ------------------------------------------------------------------------------


 ARIMA Model:  (0 1 1)
   Nonseasonal differences: 1
                                              Standard
 Parameter                    Estimate          Errors
 -----------------------------------------------------
 Nonseasonal MA                                    
   Lag  1                      -1.0000         0.02309

 Variance                       0.15847E-03
 SE of Var                      0.19078E-04
 -----------------------------------------------------

 Likelihood Statistics
 ------------------------------------------------------------------
 Number of observations (nobs)                                  139
 Effective number of observations (nefobs)                      138
 Number of parameters estimated (np)                              9
 Log likelihood                                            405.4656
 Transformation Adjustment                                -654.6314
 Adjusted Log likelihood (L)                              -249.1658
 AIC                                                       516.3316 
 AICC (F-corrected-AIC)                                    517.7378 
 Hannan Quinn                                              527.0376 
 BIC                                                       542.6769 
 ------------------------------------------------------------------


 DIAGNOSTIC CHECKING
  Sample Autocorrelations of the Residuals with the Ljung-Box diagnostic.

  Lag      1     2     3     4     5     6     7     8     9    10    11    12
  ACF  -0.07 -0.10 -0.06  0.03 -0.00  0.00 -0.06  0.13  0.05 -0.11 -0.03 -0.01
  SE    0.09  0.09  0.09  0.09  0.09  0.09  0.09  0.09  0.09  0.09  0.09  0.09
  Q     0.76  2.15  2.69  2.83  2.84  2.84  3.38  5.87  6.30  8.08  8.21  8.22
  DF       0     1     2     3     4     5     6     7     8     9    10    11
  P    0.000 0.142 0.261 0.418 0.586 0.725 0.760 0.555 0.614 0.526 0.608 0.693

  Lag     13    14    15    16    17    18    19    20    21    22    23    24
  ACF  -0.12 -0.14  0.15  0.01  0.02 -0.10 -0.03 -0.08  0.14 -0.13 -0.02  0.04
  SE    0.09  0.09  0.09  0.09  0.09  0.09  0.10  0.10  0.10  0.10  0.10  0.10
  Q    10.42 13.46 17.22 17.24 17.33 19.08 19.22 20.24 23.49 26.23 26.28 26.62
  DF      12    13    14    15    16    17    18    19    20    21    22    23
  P    0.579 0.413 0.245 0.305 0.365 0.324 0.378 0.380 0.265 0.198 0.240 0.273

  The P-values approximate the probability of observing a Q-value at least
  this large when the model fitted is correct.  When DF is positive, small
  values of P, customarily those below 0.05, indicate model inadequacy.

  Sample Autocorrelations of the Residuals
                 -1.0 -0.8 -0.6 -0.4 -0.2  0.0  0.2  0.4  0.6  0.8  1.0
                   +----+----+----+----+----+----+----+----+----+----+
            1                           . XX|   .                     -0.073
            2                           . XX|   .                     -0.099
            3                           . XX|   .                     -0.061
            4                           .   |X  .                      0.032
            5                           .   |   .                     -0.004
            6                           .   |   .                      0.004
            7                           . XX|   .                     -0.060
            8                           .   |XXX.                      0.130
            9                           .   |X  .                      0.053
           10                           .XXX|   .                     -0.109
           11                           .  X|   .                     -0.030
           12       - - - - - - - - -   .   |   .   - - - - - - - -   -0.009
           13                           .XXX|   .                     -0.119
           14                          . XXX|    .                    -0.140
           15                          .    |XXXX.                     0.155
           16                          .    |    .                     0.012
           17                          .    |X   .                     0.023
           18                          . XXX|    .                    -0.104
           19                          .   X|    .                    -0.030
           20                          .  XX|    .                    -0.079
           21                          .    |XXXX.                     0.140
           22                          . XXX|    .                    -0.128
           23                          .    |    .                    -0.017
           24       - - - - - - - - -  .    |X   .  - - - - - - - -    0.045
  
  Sample Autocorrelations of the Squared Residuals with the Ljung-Box diagnostic.

  Lag      1     2     3     4     5     6     7     8     9    10    11    12
  ACF   0.19  0.16  0.32 -0.09  0.03  0.08  0.08  0.05  0.13  0.18  0.05  0.16
  SE    0.09  0.09  0.09  0.10  0.10  0.10  0.10  0.10  0.10  0.10  0.10  0.10
  Q     5.31  9.10 23.54 24.80 24.97 25.79 26.76 27.13 29.77 34.63 35.00 39.04
  DF       0     1     2     3     4     5     6     7     8     9    10    11
  P    0.000 0.003 0.000 0.000 0.000 0.000 0.000 0.000 0.000 0.000 0.000 0.000

  Lag     13    14    15    16    17    18    19    20    21    22    23    24
  ACF   0.08 -0.01  0.14  0.02 -0.06  0.05  0.12  0.01  0.12  0.14 -0.04 -0.06
  SE    0.11  0.11  0.11  0.11  0.11  0.11  0.11  0.11  0.11  0.11  0.11  0.11
  Q    40.14 40.15 43.40 43.49 44.13 44.48 46.85 46.88 49.09 52.18 52.50 53.09
  DF      12    13    14    15    16    17    18    19    20    21    22    23
  P    0.000 0.000 0.000 0.000 0.000 0.000 0.000 0.000 0.000 0.000 0.000 0.000

  The P-values approximate the probability of observing a Q-value at least
  this large when the model fitted is correct in a way that supports the
  standard interpretations of the test statistics, standard errors, and
  prediction intervals output by X-13ARIMA-SEATS. When DF is positive, small
  values of P, customarily those below 0.05, suggest that model-based
  inferences about statistical significance and uncertainty will be less
  dependable than usual.

  Sample Autocorrelations of the Squared Residuals
                 -1.0 -0.8 -0.6 -0.4 -0.2  0.0  0.2  0.4  0.6  0.8  1.0
                   +----+----+----+----+----+----+----+----+----+----+
            1                           .   |XXXXX                     0.194
            2                           .   |XXXX                      0.163
            3                          .    |XXXXXXXX                  0.318
            4                          .  XX|    .                    -0.094
            5                          .    |X   .                     0.034
            6                          .    |XX  .                     0.075
            7                          .    |XX  .                     0.081
            8                          .    |X   .                     0.050
            9                          .    |XXX .                     0.133
           10                          .    |XXXX.                     0.179
           11                          .    |X   .                     0.049
           12       - - - - - - - - -  .    |XXXX.  - - - - - - - -    0.162
           13                          .    |XX  .                     0.084
           14                          .    |    .                    -0.008
           15                          .    |XXXX.                     0.144
           16                          .    |X   .                     0.023
           17                          .  XX|    .                    -0.064
           18                          .    |X   .                     0.046
           19                          .    |XXX .                     0.121
           20                          .    |    .                     0.013
           21                          .    |XXX .                     0.116
           22                          .    |XXX .                     0.136
           23                         .    X|     .                   -0.043
           24       - - - - - - - -   .    X|     .   - - - - - - -   -0.059
  
 Histogram of the Standardized and Mean-Centered Residuals
  Standard
  Deviations    Frequency

  Outlier [#

       -3 +
          |#####
       -2 +###
          |########
       -1 +###############
          |##########################
        0 +####################
          |############################
        1 +##############
          |#######
        2 +#######
          |###
        3 +#

  One '#'= 1 observation[s]

 Tabular Histogram of the Standardized and Mean-Centered Residuals

  Standard
  Deviations    Frequency
  Standard
  Deviations    Frequency

 -3.00                 0

 -2.50                 5

 -2.00                 3

 -1.50                 8

 -1.00                15

 -0.50                26

  0.00                20

  0.50                28

  1.00                14

  1.50                 7

  2.00                 7

  2.50                 3

  3.00                 1

  Residuals with |t|>3.25

  Obs       t-value
  -----------------
  2022.Oct    -3.81

 Summary Statistics for the Unstandardized Residuals
  Minimum                    -0.040
  Maximum                     0.032
  Median                      0.001
  Robust Std Dev              0.011

 Normality Statistics for regARIMA Model Residuals:

    Number of residuals  :    138

    Skewness coefficient :   -0.1227    
    Geary's a            :    0.7758    
    Kurtosis             :    3.3493    

  No indication of lack of normality.

 Durbin-Watson Statistic for regARIMA Model Residuals:
  dw =     2.136645

 Friedman Non-Parametric Test for regARIMA Model Residuals:
  ken =    13.839161 ( Asymptotically distributed as Chi-Square(11), P-Value =     0.242022 )

 QS Statistic for regARIMA Model Residuals (full series):             0.00
                                                       (P-Value =     1.0000)

 QS Statistic for regARIMA Model Residuals (starting 2018.Aug):       0.73
                                                       (P-Value =     0.6954)


  At least one visually significant residual seasonal peaks has been
  found in the spectral plot of the following series starting in 2018.Aug:

          regARIMA model residuals (2 Seasonal peak(s))

      10*LOG(SPECTRUM) of the regARIMA model residuals
      Spectrum estimated from 2018.Aug to 2026.Jul.
 ++++++++++I+++++++++++++++++++++++++++++++++++++++++++++++++++++++++++++I
     -29.89I                                        S                    I    -29.89
           I                                        S                    I
           I                                        S                    I
           I                                        S                    I
     -31.08I                                        S                    I    -31.08
           I                              S         S                    I
           I                              S         S                    I
           I                              S         S                    I
     -32.27I                              S         S                    I    -32.27
           I                *             S         S                    I
           I                *             S         S                    I
           I                *             S         S                    I
     -33.45I                *             S         S                    I    -33.45
           I                *             S         S                    I
           I                *             S         S                *   I
           I                *      *     *S         S                *   I
     -34.64I               **      *     *S         S                *   I    -34.64
           I               **      *     *S  *      S*               *   I
           I               **      *     *S  *      S*   *           *   I
           I               **      *     *S  *      S*  **           *   I
     -35.83I               **      **    *S  *      S*  **       *   *   I    -35.83
           I               **      **    *S* *      S*  **       *   *   I
           I               **     ****   *S* *      S*  **  *    *   *   I
           I   **          **     ****   *S* *      S*  **  **   *   **  I
     -37.02I   **          ***    ****   *S* *      S*  **  **   *   **  I    -37.02
           I   **          ***    *****  *S****     S*  **  **   *   **  I
           I   **          ***    *****  *S****     S*  *** **   *   **  I
           I   **          ***    ***** **S****     S*  *** **   *   **  I
     -38.21I   **          ***    ***** **S****    *S*  ******   *   **  I    -38.21
           I   **          ***    ********S****    *S*T*******   *   **  I
           I   **          ***    ********S****    *S*T*******   *   **  I
           I   **          ***    ********S****    *S*T*******   **  **  I
     -39.40I   **         ****    ********S****    *S*T*******  T**  **  I    -39.40
           I   **         ****    ********S****    *S*T*******S T**  **  I
           I   **         ****   *********S****    *S*T*******S T**  **  I
           I   **         *****  *********S****    *S*T*******S T**  **  I
     -40.58I   ***        *****  *********S****    *S*T*******S T**  **  I    -40.58
           I  ****        *****  *********S****    *S*T*******S*T** ***  I
           I  ****     *  *****  *********S****    *S*T*******S*T** ***  I
           I  ****    S*  *****  *********S****    *S*T*******S*T** ***  I
     -41.77I  ****    S* ******  *********S****    *S*T*******S*T** ***  I    -41.77
           I  ****    S* *******S*********S****    *S*T*******S*T******  I
           I  ****    S*********S*********S****    *S*T*******S*T******  I
           I  ****    S*********S*********S*****   *S*T*******S*T******  I
     -42.96I  ****    S*********S*********S*****   *S*T*******S*T******  I    -42.96
           I  ****    S*********S*********S*****   *S*T*******S*T******  I
           I ******   S*********S*********S*****  **S*T*******S*T******* I
           I ******  *S*********S*********S*****  **S*T*******S*T******* I
     -44.15I ******  *S*********S*********S*****  **S*T*******S*T******* I    -44.15
           I*******  *S*********S*********S*****  **S*T*******S*T******* I
           I*******  *S*********S*********S*****  **S*T*******S*T******* I
           I**********S*********S*********S*****  **S*T*******S*T*******SI
     -45.34I**********S*********S*********S*********S*T*******S*T*******SI    -45.34
 ++++++++++I+++++++++++++++++++++++++++++++++++++++++++++++++++++++++++++I
            S=SEASONAL FREQUENCIES, T=TRADING DAY FREQUENCIES


 FORECASTING
  Origin  2026.Jul
  Number        12

  Forecasts and Standard Errors of the Transformed Data
   ------------------------------
                         Standard
       Date   Forecast      Error
   ------------------------------
   2026.Aug       5.01      0.017
   2026.Sep       5.01      0.030
   2026.Oct       5.01      0.039
   2026.Nov       5.01      0.047
   2026.Dec       5.01      0.053
   2027.Jan       5.01      0.059
   2027.Feb       5.01      0.064
   2027.Mar       5.01      0.069
   2027.Apr       5.01      0.073
   2027.May       5.01      0.077
   2027.Jun       5.01      0.081
   2027.Jul       5.01      0.085
   ------------------------------

  Confidence intervals with coverage probability ( 0.95000
  On the Original Scale
   ---------------------------------------
       Date      Lower  Forecast     Upper
   ---------------------------------------
   2026.Aug     145.26    150.16    155.22
   2026.Sep     141.49    150.16    159.35
   2026.Oct     138.99    150.16    162.22
   2026.Nov     137.00    150.16    164.57
   2026.Dec     135.31    150.16    166.63
   2027.Jan     133.82    150.16    168.49
   2027.Feb     132.47    150.16    170.21
   2027.Mar     131.23    150.16    171.81
   2027.Apr     130.09    150.16    173.32
   2027.May     129.02    150.16    174.75
   2027.Jun     128.01    150.16    176.13
   2027.Jul     127.06    150.16    177.44
   ---------------------------------------
        R35 monthly CPI index            PAGE   4, SERIES series
  
 A 8  RegARIMA combined outlier component
      (AO, LS outliers included)
  From  2015.Jan to 2026.Jul
  Observations        139
 -----------------------------------------------------------------------------
               Jan      Feb      Mar      Apr      May      Jun 
               Jul      Aug      Sep      Oct      Nov      Dec         AVGE  
 -----------------------------------------------------------------------------
  2015         83.4     81.5     83.4     83.4     83.4     83.4
               83.4     83.4     83.4     83.4     83.4     83.4          83.3
 
  2016         83.4     83.4     83.4     83.4     83.4     83.4
               83.4     83.4     83.4     83.4     83.4     83.4          83.4
 
  2017         83.4     83.4     83.4     83.4     83.4     83.4
               83.4     83.4     83.4     83.4     83.4     83.4          83.4
 
  2018         83.4     83.4     83.4     83.4     83.4     83.4
               83.4     83.4     83.4     83.4     83.4     83.4          83.4
 
  2019         83.4     83.4     83.4     83.4     83.4     83.4
               83.4     83.4     83.4     83.4     83.4     83.4          83.4
 
  2020         83.4     83.4     83.4     80.7     80.7     80.7
               80.7     80.7     80.7     80.7     80.7     80.7          81.4
 
  2021         80.7     80.7     80.7     80.7     80.7     80.7
               80.7     80.7     80.7     80.7     80.7     80.7          80.7
 
  2022         80.7     80.7     93.0     93.0     93.0     93.0
               93.0     89.7     89.7     89.7     89.7     89.7          89.6
 
  2023         89.7     89.7     89.7     89.7     89.7     89.7
               89.7     91.8     91.8     91.8     91.8     91.8          90.6
 
  2024         91.8     91.8     91.8     91.8     91.8     91.8
               91.8     91.8     91.8     91.8     91.8     91.8          91.8
 
  2025         91.8     91.8     91.8     91.8     91.8     91.8
               91.8     91.8     91.8     91.8     91.8     91.8          91.8
 
  2026         91.8     91.8    100.0    100.0    100.0     97.1
              100.0                                                       97.2
 
  AVGE         85.6     85.4     87.3     87.1     87.1     86.8
               87.1     85.8     85.8     85.8     85.8     85.8

  Table Total-     11995.23   Mean-      86.30   Std. Dev.-      14.57
                              Min -      80.71        Max -     100.00

 A 8.A  RegARIMA outlier component
  From  2026.Aug to 2027.Jul
  Observations         12
 -----------------------------------------------------------------------------
               Jan      Feb      Mar      Apr      May      Jun 
               Jul      Aug      Sep      Oct      Nov      Dec         AVGE  
 -----------------------------------------------------------------------------
  2026                                                          
                       100.0    100.0    100.0    100.0    100.0         100.0
 
  2027        100.0    100.0    100.0    100.0    100.0    100.0
              100.0                                                      100.0
 
        R35 monthly CPI index            PAGE   5, SERIES series

 A 8.AO  RegARIMA AO outlier component
  From  2015.Jan to 2026.Jul
  Observations        139
 -----------------------------------------------------------------------------
               Jan      Feb      Mar      Apr      May      Jun 
               Jul      Aug      Sep      Oct      Nov      Dec         AVGE  
 -----------------------------------------------------------------------------
  2015        100.0     97.7    100.0    100.0    100.0    100.0
              100.0    100.0    100.0    100.0    100.0    100.0          99.8
 
  2016        100.0    100.0    100.0    100.0    100.0    100.0
              100.0    100.0    100.0    100.0    100.0    100.0         100.0
 
  2017        100.0    100.0    100.0    100.0    100.0    100.0
              100.0    100.0    100.0    100.0    100.0    100.0         100.0
 
  2018        100.0    100.0    100.0    100.0    100.0    100.0
              100.0    100.0    100.0    100.0    100.0    100.0         100.0
 
  2019        100.0    100.0    100.0    100.0    100.0    100.0
              100.0    100.0    100.0    100.0    100.0    100.0         100.0
 
  2020        100.0    100.0    100.0    100.0    100.0    100.0
              100.0    100.0    100.0    100.0    100.0    100.0         100.0
 
  2021        100.0    100.0    100.0    100.0    100.0    100.0
              100.0    100.0    100.0    100.0    100.0    100.0         100.0
 
  2022        100.0    100.0    100.0    100.0    100.0    100.0
              100.0    100.0    100.0    100.0    100.0    100.0         100.0
 
  2023        100.0    100.0    100.0    100.0    100.0    100.0
              100.0    100.0    100.0    100.0    100.0    100.0         100.0
 
  2024        100.0    100.0    100.0    100.0    100.0    100.0
              100.0    100.0    100.0    100.0    100.0    100.0         100.0
 
  2025        100.0    100.0    100.0    100.0    100.0    100.0
              100.0    100.0    100.0    100.0    100.0    100.0         100.0
 
  2026        100.0    100.0    100.0    100.0    100.0     97.1
              100.0                                                       99.6
 
  AVGE        100.0     99.8    100.0    100.0    100.0     99.8
              100.0    100.0    100.0    100.0    100.0    100.0

  Table Total-     13894.77   Mean-      99.96   Std. Dev.-       0.32
                              Min -      97.07        Max -     100.00
        R35 monthly CPI index            PAGE   6, SERIES series

 A 8.LS  RegARIMA level change outlier component
  From  2015.Jan to 2026.Jul
  Observations        139
 -----------------------------------------------------------------------------
               Jan      Feb      Mar      Apr      May      Jun 
               Jul      Aug      Sep      Oct      Nov      Dec         AVGE  
 -----------------------------------------------------------------------------
  2015         83.4     83.4     83.4     83.4     83.4     83.4
               83.4     83.4     83.4     83.4     83.4     83.4          83.4
 
  2016         83.4     83.4     83.4     83.4     83.4     83.4
               83.4     83.4     83.4     83.4     83.4     83.4          83.4
 
  2017         83.4     83.4     83.4     83.4     83.4     83.4
               83.4     83.4     83.4     83.4     83.4     83.4          83.4
 
  2018         83.4     83.4     83.4     83.4     83.4     83.4
               83.4     83.4     83.4     83.4     83.4     83.4          83.4
 
  2019         83.4     83.4     83.4     83.4     83.4     83.4
               83.4     83.4     83.4     83.4     83.4     83.4          83.4
 
  2020         83.4     83.4     83.4     80.7     80.7     80.7
               80.7     80.7     80.7     80.7     80.7     80.7          81.4
 
  2021         80.7     80.7     80.7     80.7     80.7     80.7
               80.7     80.7     80.7     80.7     80.7     80.7          80.7
 
  2022         80.7     80.7     93.0     93.0     93.0     93.0
               93.0     89.7     89.7     89.7     89.7     89.7          89.6
 
  2023         89.7     89.7     89.7     89.7     89.7     89.7
               89.7     91.8     91.8     91.8     91.8     91.8          90.6
 
  2024         91.8     91.8     91.8     91.8     91.8     91.8
               91.8     91.8     91.8     91.8     91.8     91.8          91.8
 
  2025         91.8     91.8     91.8     91.8     91.8     91.8
               91.8     91.8     91.8     91.8     91.8     91.8          91.8
 
  2026         91.8     91.8    100.0    100.0    100.0    100.0
              100.0                                                       97.7
 
  AVGE         85.6     85.6     87.3     87.1     87.1     87.1
               87.1     85.8     85.8     85.8     85.8     85.8

  Table Total-     12000.08   Mean-      86.33   Std. Dev.-      14.56
                              Min -      80.71        Max -     100.00
        R35 monthly CPI index            PAGE   7, SERIES series
  
 B 1  Original series (prior adjusted)
      (adjusted for regARIMA factors)
  From  2015.Jan to 2026.Jul
  Observations        139
 -----------------------------------------------------------------------------
               Jan      Feb      Mar      Apr      May      Jun 
               Jul      Aug      Sep      Oct      Nov      Dec        TOTAL  
 -----------------------------------------------------------------------------
  2015         120.     119.     120.     121.     123.     124.
               124.     123.     120.     117.     116.     114.         1441.
 
  2016         111.     109.     108.     111.     113.     116.
               116.     114.     115.     116.     116.     118.         1363.
 
  2017         121.     122.     121.     121.     120.     119.
               117.     117.     118.     119.     120.     120.         1434.
 
  2018         121.     121.     121.     122.     125.     128.
               128.     128.     128.     130.     129.     126.         1508.
 
  2019         124.     123.     125.     128.     130.     130.
               129.     129.     128.     129.     128.     128.         1531.
 
  2020         129.     128.     124.     119.     118.     120.
               123.     124.     123.     124.     124.     125.         1481.
 
  2021         125.     127.     131.     134.     135.     137.
               140.     141.     141.     147.     152.     150.         1659.
 
  2022         151.     155.     153.     151.     154.     159.
               159.     155.     152.     157.     155.     146.         1847.
 
  2023         146.     147.     146.     146.     143.     143.
               145.     148.     150.     150.     147.     143.         1755.
 
  2024         144.     149.     153.     156.     154.     151.
               152.     150.     146.     146.     147.     147.         1795.
 
  2025         149.     150.     147.     145.     143.     144.
               146.     145.     145.     145.     146.     145.         1751.
 
  2026         144.     145.     149.     156.     155.     152.
               150.                                                      1050.
 
  AVGE         132.     133.     133.     134.     135.     135.
               136.     134.     133.     134.     135.     133.

  Table Total-     18614.71   Mean-     133.92   Std. Dev.-      14.09
                              Min -     108.47        Max -     159.09

 B 1.A  Forecasts of (prior adjusted) original series
  From  2026.Aug to 2027.Jul
  Observations         12
 -----------------------------------------------------------------------------
               Jan      Feb      Mar      Apr      May      Jun 
               Jul      Aug      Sep      Oct      Nov      Dec        TOTAL  
 -----------------------------------------------------------------------------
  2026                                                          
                        150.     150.     150.     150.     150.          751.
 
  2027         150.     150.     150.     150.     150.     150.
               150.                                                      1051.
 
        R35 monthly CPI index            PAGE   8, SERIES series

 C 17  Final weights for irregular component
  From  2015.Jan to 2026.Jul
  Observations        139
  Lower sigma limit    1.50
  Upper sigma limit    2.50
 -----------------------------------------------------------------------------
               Jan      Feb      Mar      Apr      May      Jun 
               Jul      Aug      Sep      Oct      Nov      Dec         S.D.  
 -----------------------------------------------------------------------------
  2015        100.0    100.0    100.0    100.0    100.0    100.0
              100.0     47.2    100.0    100.0    100.0    100.0           0.5
 
  2016        100.0     46.5    100.0    100.0    100.0      0.0
              100.0    100.0    100.0    100.0     42.8    100.0           0.5
 
  2017        100.0    100.0    100.0    100.0    100.0    100.0
               26.1    100.0    100.0    100.0    100.0    100.0           0.5
 
  2018        100.0    100.0    100.0    100.0    100.0    100.0
              100.0    100.0    100.0    100.0    100.0    100.0           0.6
 
  2019         77.9     35.7    100.0    100.0    100.0    100.0
              100.0    100.0    100.0    100.0    100.0    100.0           0.6
 
  2020        100.0    100.0    100.0      0.0      0.0    100.0
              100.0    100.0    100.0    100.0    100.0    100.0           0.8
 
  2021        100.0    100.0    100.0    100.0    100.0    100.0
              100.0    100.0    100.0    100.0    100.0    100.0           0.8
 
  2022        100.0    100.0    100.0      0.0    100.0     55.1
              100.0    100.0    100.0     45.1      0.0     86.4           0.8
 
  2023        100.0    100.0    100.0    100.0    100.0    100.0
              100.0    100.0      0.0    100.0    100.0    100.0           0.8
 
  2024        100.0    100.0    100.0    100.0    100.0    100.0
              100.0    100.0    100.0    100.0    100.0    100.0           0.8
 
  2025         72.7    100.0    100.0    100.0    100.0    100.0
              100.0    100.0    100.0    100.0    100.0    100.0           0.8
 
  2026        100.0     55.1    100.0      0.0      0.0    100.0
              100.0                                                        0.8
 
        R35 monthly CPI index            PAGE   9, SERIES series

 D 8  Final unmodified SI ratios
  From  2015.Jan to 2026.Jul
  Observations        139
 -----------------------------------------------------------------------------
               Jan      Feb      Mar      Apr      May      Jun 
               Jul      Aug      Sep      Oct      Nov      Dec         AVGE  
 -----------------------------------------------------------------------------
  2015         99.9     99.1     99.0     99.5    100.6    101.1
              101.6    101.4    100.3     99.6     99.6    100.0         100.1
 
  2016         99.6     98.4     98.5     99.7    100.8    102.5
              101.7    100.0     99.9    100.1     99.1     99.1          99.9
 
  2017        100.0     99.7     99.3    100.0    100.6    100.4
               99.7     99.8    100.3    100.1    100.4     99.7         100.0
 
  2018        100.0     99.8     98.7     98.8    100.3    101.3
              100.4     99.9     99.9    100.8    101.2     99.8         100.1
 
  2019         98.8     98.5     98.5     99.9    100.7    100.5
               99.9    100.2    100.3    100.6    100.1     99.6          99.8
 
  2020        100.6    100.6     98.8     97.1     96.9     98.9
              101.3    100.9    100.2    100.5    100.1    100.2          99.7
 
  2021         99.4     98.8    100.3    100.3     99.6     99.7
              100.9    100.2     99.0    100.7    101.6     98.8          99.9
 
  2022         98.8    101.0     99.2     97.1     99.0    101.4
              101.9     99.7     98.5    103.0    102.9     97.4         100.0
 
  2023         98.4    100.5    100.5    101.1     99.6     99.9
              100.3    101.1    101.9    101.5    100.1     97.7         100.2
 
  2024         97.8     99.7    101.3    102.1    100.9     99.1
              101.1    100.8     98.8     99.1     99.3     98.7          99.9
 
  2025         99.9    101.1    100.7    100.6    100.1    100.5
              100.9     99.9     99.2     99.1    100.1     99.3         100.1
 
  2026         98.6     99.1    100.9    104.5    103.2    100.6
               99.9                                                      101.0
 
  AVGE         99.3     99.7     99.6    100.1    100.2    100.5
              100.8    100.4     99.8    100.5    100.4     99.1

  Table Total-     13903.95   Mean-     100.03   Std. Dev.-       1.18
                              Min -      96.85        Max -     104.52
        R35 monthly CPI index            PAGE  10, SERIES series

 D 8.B  Final unmodified SI ratios, with labels for outliers and extreme values
  From  2015.Jan to 2026.Jul
  Observations        139
 ---------------------------------------------------------------------
               Jan       Feb       Mar       Apr       May       Jun  
               Jul       Aug       Sep       Oct       Nov       Dec  
 ---------------------------------------------------------------------
  2015        99.9      99.1#     99.0      99.5     100.6     101.1  
             101.6     101.4*    100.3      99.6      99.6     100.0  
 
  2016        99.6      98.4*     98.5      99.7     100.8     102.5* 
             101.7     100.0      99.9     100.1      99.1*     99.1  
 
  2017       100.0      99.7      99.3     100.0     100.6     100.4  
              99.7*     99.8     100.3     100.1     100.4      99.7  
 
  2018       100.0      99.8      98.7      98.8     100.3     101.3  
             100.4      99.9      99.9     100.8     101.2      99.8  
 
  2019        98.8*     98.5*     98.5      99.9     100.7     100.5  
              99.9     100.2     100.3     100.6     100.1      99.6  
 
  2020       100.6     100.6 -    98.8 -    97.1&     96.9*-    98.9 -
             101.3     100.9     100.2     100.5     100.1     100.2  
 
  2021        99.4      98.8     100.3     100.3      99.6      99.7  
             100.9     100.2      99.0     100.7     101.6      98.8  
 
  2022        98.8 -   101.0 -    99.2#     97.1*-    99.0 -   101.4*-
             101.9 -    99.7#     98.5 -   103.0*-   102.9*     97.4* 
 
  2023        98.4     100.5     100.5     101.1      99.6      99.9  
             100.3 -   101.1#    101.9*-   101.5     100.1      97.7  
 
  2024        97.8      99.7     101.3     102.1     100.9      99.1  
             101.1     100.8      98.8      99.1      99.3      98.7  
 
  2025        99.9*    101.1     100.7     100.6     100.1     100.5  
             100.9      99.9      99.2      99.1     100.1      99.3  
 
  2026        98.6 -    99.1*-   100.9#    104.5*-   103.2*-   100.6# 
              99.9                                                    
 

  Key to symbols:
    *  : extreme value as determined by X-11 extreme value procedure
    #  : regARIMA outlier (either AO, LS, TC, or Ramp)
    &  : more than one type of regARIMA outlier
    -  : values around a level shift most likely to be influenced by it
 
        R35 monthly CPI index            PAGE  11, SERIES series

 D 9  Final replacement values for SI ratios
  From  2015.Jan to 2026.Jul
  Observations        139
 ---------------------------------------------------------------
               Jan      Feb      Mar      Apr      May      Jun 
               Jul      Aug      Sep      Oct      Nov      Dec 
 ---------------------------------------------------------------
  2015     ******** ******** ******** ******** ******** ********
           ********    100.8 ******** ******** ******** ********
 
  2016     ********     98.9 ******** ******** ********    101.0
           ******** ******** ******** ********     99.7 ********
 
  2017     ******** ******** ******** ******** ******** ********
              100.5 ******** ******** ******** ******** ********
 
  2018     ******** ******** ******** ******** ******** ********
           ******** ******** ******** ******** ******** ********
 
  2019         99.0     99.3 ******** ******** ******** ********
           ******** ******** ******** ******** ******** ********
 
  2020     ******** ******** ********     99.1     99.5 ********
           ******** ******** ******** ******** ******** ********
 
  2021     ******** ******** ******** ******** ******** ********
           ******** ******** ******** ******** ******** ********
 
  2022     ******** ******** ********    100.4 ********    100.7
           ******** ******** ********    102.0    100.8     97.5
 
  2023     ******** ******** ******** ******** ******** ********
           ******** ********     98.9 ******** ******** ********
 
  2024     ******** ******** ******** ******** ******** ********
           ******** ******** ******** ******** ******** ********
 
  2025         99.5 ******** ******** ******** ******** ********
           ******** ******** ******** ******** ******** ********
 
  2026     ********     99.8 ********    101.5    101.1 ********
           ********                                             
 

 D 9.A  Moving seasonality ratio
 ---------------------------------------------------------------
               Jan      Feb      Mar      Apr      May      Jun 
 ---------------------------------------------------------------
   I          0.726    0.947    0.642    0.743    0.533    0.812
   S          0.150    0.143    0.219    0.197    0.142    0.135
 RATIO        4.857    6.644    2.933    3.780    3.749    6.032



 ---------------------------------------------------------------
               Jul      Aug      Sep      Oct      Nov      Dec 
 ---------------------------------------------------------------
   I          0.762    0.619    0.395    0.668    0.732    0.714
   S          0.094    0.084    0.140    0.174    0.134    0.158
 RATIO        8.100    7.340    2.818    3.848    5.474    4.527



        R35 monthly CPI index            PAGE  12, SERIES series

 D 10  Final seasonal factors
  From  2015.Jan to 2026.Jul
  Observations        139
  Seasonal filter    3 x 5 moving average
 -----------------------------------------------------------------------------
               Jan      Feb      Mar      Apr      May      Jun 
               Jul      Aug      Sep      Oct      Nov      Dec         AVGE  
 -----------------------------------------------------------------------------
  2015        99.82    99.29    98.88    99.56   100.57   100.88
             101.10   100.12   100.10   100.04   100.05    99.63        100.00
 
  2016        99.78    99.33    98.86    99.56   100.57   100.87
             100.99   100.11   100.09   100.11   100.11    99.64        100.00
 
  2017        99.81    99.47    98.83    99.53   100.50   100.73
             100.87   100.11   100.10   100.24   100.20    99.66        100.00
 
  2018        99.80    99.58    98.92    99.58   100.37   100.47
             100.73   100.14   100.05   100.38   100.36    99.65        100.00
 
  2019        99.76    99.75    99.02    99.63   100.11   100.25
             100.76   100.19    99.88   100.62   100.55    99.49        100.00
 
  2020        99.55    99.87    99.24    99.84    99.87   100.09
             100.81   100.30    99.64   100.84   100.63    99.18         99.99
 
  2021        99.27   100.00    99.51   100.16    99.73    99.94
             100.98   100.44    99.37   100.91   100.53    98.82         99.97
 
  2022        98.99   100.11    99.93   100.56    99.74    99.88
             101.03   100.50    99.15   100.77   100.40    98.55         99.97
 
  2023        98.76   100.23   100.29   100.89    99.89    99.96
             101.01   100.43    99.02   100.48   100.19    98.46         99.97
 
  2024        98.70   100.28   100.56   101.10   100.15   100.11
             100.81   100.34    99.02   100.14    99.95    98.52         99.97
 
  2025        98.74   100.27   100.73   101.23   100.44   100.18
             100.64   100.28    99.10    99.77    99.69    98.71         99.98
 
  2026        98.91   100.24   100.84   101.22   100.61   100.24
             100.50                                                     100.37
 
  AVGE        99.32    99.87    99.63   100.24   100.21   100.30
             100.85   100.27    99.59   100.39   100.24    99.12

  Table Total-     13900.89   Mean-     100.01   Std. Dev.-       0.65
                              Min -      98.46        Max -     101.23

 D 10.A  Final seasonal component forecasts
  From  2026.Aug to 2027.Jul
  Observations         12
 -----------------------------------------------------------------------------
               Jan      Feb      Mar      Apr      May      Jun 
               Jul      Aug      Sep      Oct      Nov      Dec         AVGE  
 -----------------------------------------------------------------------------
  2026                                                          
                      100.26    99.14    99.49    99.59    98.86         99.47
 
  2027        99.02   100.25   100.84   101.16   100.65   100.31
             100.46                                                     100.38
 
        R35 monthly CPI index            PAGE  13, SERIES series

 D 11  Final seasonally adjusted data
  From  2015.Jan to 2026.Jul
  Observations        139
 -----------------------------------------------------------------------------
               Jan      Feb      Mar      Apr      May      Jun 
               Jul      Aug      Sep      Oct      Nov      Dec        TOTAL  
 -----------------------------------------------------------------------------
  2015         100.      98.     101.     102.     102.     103.
               102.     102.     100.      98.      96.      95.         1200.
 
  2016          93.      91.      92.      93.      94.      96.
                96.      95.      96.      96.      97.      99.         1137.
 
  2017         101.     102.     102.     101.     100.      98.
                97.      97.      99.      99.     100.     101.         1197.
 
  2018         101.     102.     102.     102.     104.     106.
               106.     107.     107.     108.     108.     106.         1258.
 
  2019         104.     103.     105.     107.     108.     108.
               107.     107.     107.     107.     107.     107.         1277.
 
  2020         108.     107.     104.      97.      95.      97.
                99.     100.     100.      99.      99.     101.         1206.
 
  2021         102.     102.     106.     108.     109.     110.
               112.     113.     115.     118.     122.     122.         1339.
 
  2022         123.     125.     142.     139.     144.     148.
               146.     138.     137.     140.     139.     132.         1655.
 
  2023         132.     132.     131.     130.     128.     129.
               129.     135.     139.     137.     135.     134.         1590.
 
  2024         134.     136.     140.     142.     141.     138.
               139.     137.     135.     134.     135.     137.         1648.
 
  2025         139.     138.     134.     132.     131.     132.
               133.     133.     134.     133.     135.     135.         1608.
 
  2026         133.     133.     148.     154.     154.     147.
               150.                                                      1018.
 
  AVGE         114.     114.     117.     117.     118.     118.
               118.     115.     115.     115.     116.     115.

  Table Total-     16133.38   Mean-     116.07   Std. Dev.-      17.82
                              Min -      91.21        Max -     154.25
        R35 monthly CPI index            PAGE  14, SERIES series

 D 12  Final trend cycle
  From  2015.Jan to 2026.Jul
  Observations        139
  Trend filter     9-term Henderson moving average
  I/C ratio        0.95
 -----------------------------------------------------------------------------
               Jan      Feb      Mar      Apr      May      Jun 
               Jul      Aug      Sep      Oct      Nov      Dec        TOTAL  
 -----------------------------------------------------------------------------
  2015         100.     101.     101.     102.     102.     102.
               102.     101.     100.      98.      96.      95.         1201.
 
  2016          93.      92.      92.      93.      94.      95.
                95.      96.      96.      96.      97.      99.         1138.
 
  2017         101.     102.     102.     101.     100.      98.
                98.      98.      98.      99.     100.     101.         1197.
 
  2018         101.     102.     102.     103.     104.     105.
               106.     107.     107.     107.     107.     106.         1258.
 
  2019         105.     104.     105.     107.     108.     108.
               108.     107.     107.     107.     107.     108.         1280.
 
  2020         108.     107.     105.      99.      98.      98.
                98.      99.      99.     100.     100.     100.         1210.
 
  2021         102.     104.     106.     108.     109.     110.
               112.     113.     115.     118.     121.     123.         1339.
 
  2022         124.     124.     143.     144.     145.     146.
               145.     139.     138.     137.     135.     134.         1655.
 
  2023         132.     131.     130.     129.     129.     129.
               129.     134.     135.     136.     135.     134.         1585.
 
  2024         135.     137.     139.     141.     141.     140.
               138.     137.     135.     135.     135.     137.         1649.
 
  2025         137.     137.     135.     133.     132.     132.
               133.     133.     134.     134.     134.     134.         1606.
 
  2026         134.     134.     148.     149.     150.     151.
               151.                                                      1017.
 
  AVGE         114.     114.     117.     117.     118.     118.
               118.     115.     115.     115.     115.     115.

  Table Total-     16134.26   Mean-     116.07   Std. Dev.-      17.65
                              Min -      91.92        Max -     150.68
        R35 monthly CPI index            PAGE  15, SERIES series

 D 13  Final irregular component
  From  2015.Jan to 2026.Jul
  Observations        139
 -----------------------------------------------------------------------------
               Jan      Feb      Mar      Apr      May      Jun 
               Jul      Aug      Sep      Oct      Nov      Dec         S.D.  
 -----------------------------------------------------------------------------
  2015        100.1     97.5    100.1     99.9    100.0    100.0
              100.1    100.8    100.0     99.7     99.8    100.7           0.8
 
  2016         99.9     99.0     99.6    100.2    100.2    101.5
              100.6     99.8     99.8    100.1     99.2     99.7           0.6
 
  2017        100.2    100.2    100.3    100.2     99.9     99.7
               98.9     99.8    100.3     99.9    100.1     99.9           0.4
 
  2018        100.2    100.2     99.9     99.3    100.0    100.9
               99.7     99.7     99.8    100.3    100.6    100.1           0.4
 
  2019         99.1     98.8     99.6    100.3    100.6    100.3
               99.3    100.0    100.4     99.9     99.3     99.8           0.6
 
  2020        100.8    100.7     99.7     97.5     97.3     99.0
              100.5    100.6    100.4     99.5     99.4    100.8           1.2
 
  2021        100.0     98.7    100.8    100.3    100.1     99.9
              100.1     99.9     99.6     99.7    100.9     99.9           0.5
 
  2022         99.7    100.9     99.3     96.7     99.3    101.6
              100.8     99.1     99.2    102.1    102.5     98.9           1.6
 
  2023         99.8    100.4    100.2    100.2     99.7    100.0
               99.3    100.6    102.8    101.0    100.0     99.5           0.9
 
  2024         99.3     99.5    100.5    100.7    100.5     98.9
              100.3    100.5    100.0     99.2     99.5    100.2           0.6
 
  2025        101.1    100.7     99.8     99.2     99.6    100.3
              100.4     99.8    100.3     99.4    100.4    100.5           0.6
 
  2026         99.6     98.7    100.0    103.2    102.5     97.4
               99.5                                                        1.9
 
  S.D.          0.5      1.1      0.4      1.6      1.1      1.1
                0.6      0.5      0.9      0.8      0.9      0.5

  Table Total-     13896.90   Mean-      99.98   Std. Dev.-       0.90
                              Min -      96.68        Max -     103.17
        R35 monthly CPI index            PAGE  16, SERIES series

 D 16  Combined adjustment factors
  From  2015.Jan to 2026.Jul
  Observations        139
 -----------------------------------------------------------------------------
               Jan      Feb      Mar      Apr      May      Jun 
               Jul      Aug      Sep      Oct      Nov      Dec         AVGE  
 -----------------------------------------------------------------------------
  2015        99.82    99.29    98.88    99.56   100.57   100.88
             101.10   100.12   100.10   100.04   100.05    99.63        100.00
 
  2016        99.78    99.33    98.86    99.56   100.57   100.87
             100.99   100.11   100.09   100.11   100.11    99.64        100.00
 
  2017        99.81    99.47    98.83    99.53   100.50   100.73
             100.87   100.11   100.10   100.24   100.20    99.66        100.00
 
  2018        99.80    99.58    98.92    99.58   100.37   100.47
             100.73   100.14   100.05   100.38   100.36    99.65        100.00
 
  2019        99.76    99.75    99.02    99.63   100.11   100.25
             100.76   100.19    99.88   100.62   100.55    99.49        100.00
 
  2020        99.55    99.87    99.24    99.84    99.87   100.09
             100.81   100.30    99.64   100.84   100.63    99.18         99.99
 
  2021        99.27   100.00    99.51   100.16    99.73    99.94
             100.98   100.44    99.37   100.91   100.53    98.82         99.97
 
  2022        98.99   100.11    99.93   100.56    99.74    99.88
             101.03   100.50    99.15   100.77   100.40    98.55         99.97
 
  2023        98.76   100.23   100.29   100.89    99.89    99.96
             101.01   100.43    99.02   100.48   100.19    98.46         99.97
 
  2024        98.70   100.28   100.56   101.10   100.15   100.11
             100.81   100.34    99.02   100.14    99.95    98.52         99.97
 
  2025        98.74   100.27   100.73   101.23   100.44   100.18
             100.64   100.28    99.10    99.77    99.69    98.71         99.98
 
  2026        98.91   100.24   100.84   101.22   100.61   100.24
             100.50                                                     100.37
 
  AVGE        99.32    99.87    99.63   100.24   100.21   100.30
             100.85   100.27    99.59   100.39   100.24    99.12

  Table Total-     13900.89   Mean-     100.01   Std. Dev.-       0.65
                              Min -      98.46        Max -     101.23

 D 16.A  Combined adjustment component forecasts
  From  2026.Aug to 2027.Jul
  Observations         12
 -----------------------------------------------------------------------------
               Jan      Feb      Mar      Apr      May      Jun 
               Jul      Aug      Sep      Oct      Nov      Dec         AVGE  
 -----------------------------------------------------------------------------
  2026                                                          
                      100.26    99.14    99.49    99.59    98.86         99.47
 
  2027        99.02   100.25   100.84   101.16   100.65   100.31
             100.46                                                     100.38
 
        R35 monthly CPI index            PAGE  17, SERIES series

 E 4  Ratios of annual totals
  From          2015 to 2025
  Observations         11
 -----------------------------------
  Year       Unmodified     Modified
                  (D11)         (E2)
 -----------------------------------
  2015           100.01       100.01
 
  2016           100.01       100.01
 
  2017           100.00       100.00
 
  2018           100.01       100.01
 
  2019           100.00       100.00
 
  2020            99.98        99.98
 
  2021            99.98        99.98
 
  2022            99.99        99.99
 
  2023            99.96        99.96
 
  2024            99.98        99.98
 
  2025            99.97        99.97
 
        R35 monthly CPI index            PAGE  18, SERIES series

 E 5  Month-to-month percent change in the original series
  From  2015.Feb to 2026.Jul
  Observations        138
 -----------------------------------------------------------------------------
               Jan      Feb      Mar      Apr      May      Jun 
               Jul      Aug      Sep      Oct      Nov      Dec         AVGE  
 -----------------------------------------------------------------------------
  2015                  -2.6      2.9      1.1      1.6      0.6
                0.0     -1.1     -2.2     -2.0     -1.6     -1.5          -0.4
 
  2016         -2.2     -2.5     -0.1      2.0      2.3      2.8
               -0.2     -1.3      0.3      0.8      0.2      1.5           0.3
 
  2017          2.3      0.8     -0.3     -0.1     -0.7     -1.4
               -1.4      0.1      1.0      0.6      1.0      0.0           0.2
 
  2018          0.9      0.2     -0.5      1.0      2.7      2.1
                0.0      0.0      0.5      0.9     -0.2     -2.3           0.4
 
  2019         -1.9     -0.5      0.9      2.6      1.7      0.0
               -0.7     -0.2     -0.2      0.2     -0.3     -0.2           0.1
 
  2020          1.0     -0.8     -3.5     -6.8     -1.6      1.9
                3.0      0.3     -0.4      0.5     -0.2      0.7          -0.5
 
  2021          0.5      1.2      3.6      2.0      0.9      1.2
                2.2      0.7      0.6      3.9      3.0     -1.1           1.6
 
  2022          1.0      2.7     13.5     -1.6      2.5      2.8
                0.3     -6.2     -2.1      3.6     -1.0     -6.4           0.8
 
  2023          0.0      1.2     -0.8     -0.2     -2.1      0.3
                1.1      4.3      1.7     -0.1     -1.7     -2.7           0.1
 
  2024          0.4      3.2      3.2      1.8     -1.1     -2.3
                1.0     -1.4     -2.8     -0.1      0.6      0.2           0.2
 
  2025          1.6      0.6     -1.9     -1.6     -1.1      0.7
                1.0     -0.5     -0.4      0.1      1.0     -1.0          -0.1
 
  2026         -0.8      0.8     12.0      4.8     -0.4     -5.2
                2.3                                                        1.9
 
  AVGE          0.3      0.4      2.4      0.4      0.4      0.3
                0.7     -0.5     -0.4      0.8      0.1     -1.1

  Table Total-        45.08   Mean-       0.33   Std. Dev.-       2.47
                              Min -      -6.77        Max -      13.47
        R35 monthly CPI index            PAGE  19, SERIES series

 E 6  Month-to-month percent change in seasonally adjusted series (D11)
  From  2015.Feb to 2026.Jul
  Observations        138
 -----------------------------------------------------------------------------
               Jan      Feb      Mar      Apr      May      Jun 
               Jul      Aug      Sep      Oct      Nov      Dec         AVGE  
 -----------------------------------------------------------------------------
  2015                  -2.1      3.3      0.4      0.6      0.3
               -0.2     -0.1     -2.2     -1.9     -1.6     -1.0          -0.4
 
  2016         -2.4     -2.0      0.4      1.3      1.2      2.4
               -0.3     -0.5      0.3      0.8      0.2      2.0           0.3
 
  2017          2.2      1.1      0.4     -0.8     -1.7     -1.6
               -1.6      0.9      1.0      0.5      1.1      0.5           0.2
 
  2018          0.8      0.4      0.2      0.3      1.8      2.0
               -0.3      0.6      0.6      0.6     -0.2     -1.6           0.4
 
  2019         -2.0     -0.5      1.6      2.0      1.2     -0.1
               -1.2      0.4      0.1     -0.5     -0.2      0.9           0.1
 
  2020          1.0     -1.1     -2.8     -7.3     -1.6      1.7
                2.3      0.8      0.3     -0.7      0.0      2.2          -0.5
 
  2021          0.4      0.4      4.1      1.3      1.4      1.0
                1.1      1.2      1.7      2.4      3.4      0.6           1.6
 
  2022          0.8      1.6     13.7     -2.2      3.3      2.6
               -0.9     -5.7     -0.8      1.9     -0.6     -4.6           0.8
 
  2023         -0.2     -0.3     -0.8     -0.7     -1.2      0.2
                0.0      4.9      3.1     -1.5     -1.4     -1.0           0.1
 
  2024          0.1      1.5      2.9      1.3     -0.2     -2.3
                0.3     -0.9     -1.5     -1.3      0.8      1.7           0.2
 
  2025          1.4     -1.0     -2.3     -2.0     -0.4      0.9
                0.5     -0.2      0.8     -0.6      1.1      0.0          -0.1
 
  2026         -1.0     -0.5     11.3      4.4      0.1     -4.9
                2.0                                                        1.6
 
  AVGE          0.1     -0.2      2.6     -0.2      0.4      0.2
                0.2      0.1      0.3     -0.0      0.2     -0.0

  Table Total-        43.97   Mean-       0.32   Std. Dev.-       2.34
                              Min -      -7.33        Max -      13.66
        R35 monthly CPI index            PAGE  20, SERIES series

 E 7  Month-to-month percent change in final trend cycle (D12)
  From  2015.Feb to 2026.Jul
  Observations        138
 -----------------------------------------------------------------------------
               Jan      Feb      Mar      Apr      May      Jun 
               Jul      Aug      Sep      Oct      Nov      Dec         AVGE  
 -----------------------------------------------------------------------------
  2015                   0.5      0.6      0.6      0.5      0.2
               -0.3     -0.9     -1.4     -1.7     -1.8     -1.8          -0.5
 
  2016         -1.6     -1.1     -0.2      0.7      1.2      1.1
                0.6      0.3      0.3      0.6      1.1      1.5           0.4
 
  2017          1.6      1.1      0.3     -0.7     -1.4     -1.4
               -0.8     -0.0      0.6      0.8      0.8      0.7           0.1
 
  2018          0.5      0.4      0.5      0.9      1.2      1.1
                0.9      0.6      0.4      0.1     -0.5     -1.1           0.4
 
  2019         -1.0     -0.2      0.8      1.3      0.9      0.2
               -0.2     -0.4     -0.3     -0.0      0.3      0.4           0.1
 
  2020         -0.1     -1.0     -1.9     -5.3     -1.3     -0.1
                0.7      0.7      0.4      0.2      0.2      0.7          -0.6
 
  2021          1.2      1.7      2.0      1.9      1.6      1.1
                1.0      1.4      2.0      2.3      2.2      1.7           1.7
 
  2022          1.0      0.4     15.5      0.4      0.6      0.4
               -0.1     -4.2     -0.8     -1.0     -1.0     -1.2           0.8
 
  2023         -1.1     -0.8     -0.6     -0.8     -0.6     -0.1
                0.7      3.6      1.0      0.2     -0.5     -0.5           0.0
 
  2024          0.3      1.4      1.8      1.1      0.1     -0.7
               -1.1     -1.2     -1.0     -0.4      0.4      1.0           0.1
 
  2025          0.5     -0.6     -1.5     -1.4     -0.7      0.2
                0.5      0.4      0.3      0.2      0.1     -0.1          -0.2
 
  2026         -0.0      0.4      9.9      1.2      0.8      0.2
               -0.1                                                        1.7
 
  AVGE          0.1      0.2      2.3     -0.0      0.2      0.2
                0.2      0.0      0.1      0.1      0.1      0.1

  Table Total-        43.34   Mean-       0.31   Std. Dev.-       1.94
                              Min -      -5.30        Max -      15.45
        R35 monthly CPI index            PAGE  21, SERIES series

 E 8  Month-to-month percent change in original series adjusted for calendar factors (A18)
  From  2015.Feb to 2026.Jul
  Observations        138
 -----------------------------------------------------------------------------
               Jan      Feb      Mar      Apr      May      Jun 
               Jul      Aug      Sep      Oct      Nov      Dec         AVGE  
 -----------------------------------------------------------------------------
  2015                  -2.6      2.9      1.1      1.6      0.6
                0.0     -1.1     -2.2     -2.0     -1.6     -1.5          -0.4
 
  2016         -2.2     -2.5     -0.1      2.0      2.3      2.8
               -0.2     -1.3      0.3      0.8      0.2      1.5           0.3
 
  2017          2.3      0.8     -0.3     -0.1     -0.7     -1.4
               -1.4      0.1      1.0      0.6      1.0      0.0           0.2
 
  2018          0.9      0.2     -0.5      1.0      2.7      2.1
                0.0      0.0      0.5      0.9     -0.2     -2.3           0.4
 
  2019         -1.9     -0.5      0.9      2.6      1.7      0.0
               -0.7     -0.2     -0.2      0.2     -0.3     -0.2           0.1
 
  2020          1.0     -0.8     -3.5     -6.8     -1.6      1.9
                3.0      0.3     -0.4      0.5     -0.2      0.7          -0.5
 
  2021          0.5      1.2      3.6      2.0      0.9      1.2
                2.2      0.7      0.6      3.9      3.0     -1.1           1.6
 
  2022          1.0      2.7     13.5     -1.6      2.5      2.8
                0.3     -6.2     -2.1      3.6     -1.0     -6.4           0.8
 
  2023          0.0      1.2     -0.8     -0.2     -2.1      0.3
                1.1      4.3      1.7     -0.1     -1.7     -2.7           0.1
 
  2024          0.4      3.2      3.2      1.8     -1.1     -2.3
                1.0     -1.4     -2.8     -0.1      0.6      0.2           0.2
 
  2025          1.6      0.6     -1.9     -1.6     -1.1      0.7
                1.0     -0.5     -0.4      0.1      1.0     -1.0          -0.1
 
  2026         -0.8      0.8     12.0      4.8     -0.4     -5.2
                2.3                                                        1.9
 
  AVGE          0.3      0.4      2.4      0.4      0.4      0.3
                0.7     -0.5     -0.4      0.8      0.1     -1.1

  Table Total-        45.08   Mean-       0.33   Std. Dev.-       2.47
                              Min -      -6.77        Max -      13.47
        R35 monthly CPI index            PAGE  22, SERIES series

 E 18  Final adjustment ratios
  From  2015.Jan to 2026.Jul
  Observations        139
 -----------------------------------------------------------------------------
               Jan      Feb      Mar      Apr      May      Jun 
               Jul      Aug      Sep      Oct      Nov      Dec         AVGE  
 -----------------------------------------------------------------------------
  2015         99.8     99.3     98.9     99.6    100.6    100.9
              101.1    100.1    100.1    100.0    100.1     99.6         100.0
 
  2016         99.8     99.3     98.9     99.6    100.6    100.9
              101.0    100.1    100.1    100.1    100.1     99.6         100.0
 
  2017         99.8     99.5     98.8     99.5    100.5    100.7
              100.9    100.1    100.1    100.2    100.2     99.7         100.0
 
  2018         99.8     99.6     98.9     99.6    100.4    100.5
              100.7    100.1    100.0    100.4    100.4     99.7         100.0
 
  2019         99.8     99.8     99.0     99.6    100.1    100.2
              100.8    100.2     99.9    100.6    100.5     99.5         100.0
 
  2020         99.6     99.9     99.2     99.8     99.9    100.1
              100.8    100.3     99.6    100.8    100.6     99.2         100.0
 
  2021         99.3    100.0     99.5    100.2     99.7     99.9
              101.0    100.4     99.4    100.9    100.5     98.8         100.0
 
  2022         99.0    100.1     99.9    100.6     99.7     99.9
              101.0    100.5     99.1    100.8    100.4     98.6         100.0
 
  2023         98.8    100.2    100.3    100.9     99.9    100.0
              101.0    100.4     99.0    100.5    100.2     98.5         100.0
 
  2024         98.7    100.3    100.6    101.1    100.2    100.1
              100.8    100.3     99.0    100.1    100.0     98.5         100.0
 
  2025         98.7    100.3    100.7    101.2    100.4    100.2
              100.6    100.3     99.1     99.8     99.7     98.7         100.0
 
  2026         98.9    100.2    100.8    101.2    100.6    100.2
              100.5                                                      100.4
 
  AVGE         99.3     99.9     99.6    100.2    100.2    100.3
              100.9    100.3     99.6    100.4    100.2     99.1

  Table Total-     13900.89   Mean-     100.01   Std. Dev.-       0.65
                              Min -      98.46        Max -     101.23

 E 18.A  Final adjustment ratio forecasts
  From  2026.Aug to 2027.Jul
  Observations         12
 -----------------------------------------------------------------------------
               Jan      Feb      Mar      Apr      May      Jun 
               Jul      Aug      Sep      Oct      Nov      Dec         AVGE  
 -----------------------------------------------------------------------------
  2026                                                          
                       100.3     99.1     99.5     99.6     98.9          99.5
 
  2027         99.0    100.3    100.8    101.2    100.6    100.3
              100.5                                                      100.4
 

  QS statistic for seasonality:
  log(Original Series)                                0.00  (P-Value =     1.0000)
  log(Original Series (EV adj))                       0.00  (P-Value =     1.0000)
  Residuals                                           0.00  (P-Value =     1.0000)
  log(Seasonally Adjusted Series)                     0.00  (P-Value =     1.0000)
  log(SA Series (EV adj))                             0.00  (P-Value =     1.0000)
  Irregular Series                                    0.00  (P-Value =     1.0000)
  Irregular Series (EV adj)                           0.00  (P-Value =     1.0000)

  QS statistic for seasonality (starting 2018.Aug):
  log(Original Series)                                0.00  (P-Value =     1.0000)
  log(Original Series (EV adj))                       0.00  (P-Value =     1.0000)
  Residuals                                           0.73  (P-Value =     0.6954)
  log(Seasonally Adjusted Series)                     0.00  (P-Value =     1.0000)
  log(SA Series (EV adj))                             0.00  (P-Value =     1.0000)
  Irregular Series                                    0.00  (P-Value =     1.0000)
  Irregular Series (EV adj)                           0.00  (P-Value =     1.0000)
        R35 monthly CPI index            PAGE  23, SERIES series


  Visually significant residual seasonal peaks have been
  found in the spectral plot of the following series starting in 2018.Aug:

          differenced, transformed seasonally adjusted series (Table D11) (1 Seasonal peak(s))

        R35 monthly CPI index            PAGE  24, SERIES series
 G 0  10*LOG(SPECTRUM) of the differenced, transformed Prior Adjusted Series
      (Table B1).  Spectrum estimated from 2018.Aug to 2026.Jul.
 ++++++++++I+++++++++++++++++++++++++++++++++++++++++++++++++++++++++++++I
     -27.61I                *                                            I    -27.61
           I                *                                            I
           I               **             S                              I
           I               **             S         S                    I
     -29.99I               **             S         S                    I    -29.99
           I   *           **      *     *S         S                    I
           I   **          ***    **     *S         S                    I
           I   **          ***    ****   *S         S                    I
     -32.38I   **          ***    ****   *S  *      S                    I    -32.38
           I   **          ***    ****   *S  *      S                    I
           I   **         ****    *****  *S* *      S                    I
           I   ***        ****    *****  *S***      S                    I
     -34.76I  ****        ****    ***** **S***      S                    I    -34.76
           I  ****    S   *****  *********S***      S                    I
           I  ****    S*  *****  *********S****     S*                   I
           I  ****    S* ******  *********S****     S*  *                I
     -37.14I  *****   S********  *********S****     S*  *                I    -37.14
           I  *****   S*********S*********S****     S*  *                I
           I ******  *S*********S*********S****    *S*  **               I
           I ******  *S*********S*********S****    *S*  **               I
     -39.52I******** *S*********S*********S****    *S*  **  *            I    -39.52
           I**********S*********S*********S****    *S*  **  *            I
           I**********S*********S*********S*****   *S*T***  *            I
           I**********S*********S*********S*****   *S*T***  *            I
     -41.91I**********S*********S*********S*****   *S*T******            I    -41.91
           I**********S*********S*********S*****  **S*T******            I
           I**********S*********S*********S****** **S*T*******           I
           I**********S*********S*********S*********S*T*******           I
     -44.29I**********S*********S*********S*********S*T*******           I    -44.29
           I**********S*********S*********S*********S*T*******  T        I
           I**********S*********S*********S*********S*T*******  T*       I
           I**********S*********S*********S*********S*T*******  T*       I
     -46.67I**********S*********S*********S*********S*T*******S T*       I    -46.67
           I**********S*********S*********S*********S*T*******S*T*       I
           I**********S*********S*********S*********S*T*******S*T*       I
           I**********S*********S*********S*********S*T*******S*T*       I
     -49.05I**********S*********S*********S*********S*T*******S*T*       I    -49.05
           I**********S*********S*********S*********S*T*******S*T*       I
           I**********S*********S*********S*********S*T*******S*T**      I
           I**********S*********S*********S*********S*T*******S*T** *    I
     -51.43I**********S*********S*********S*********S*T*******S*T*****   I    -51.43
           I**********S*********S*********S*********S*T*******S*T*****   I
           I**********S*********S*********S*********S*T*******S*T*****   I
           I**********S*********S*********S*********S*T*******S*T*****   I
     -53.82I**********S*********S*********S*********S*T*******S*T*****   I    -53.82
           I**********S*********S*********S*********S*T*******S*T*****   I
           I**********S*********S*********S*********S*T*******S*T******  I
           I**********S*********S*********S*********S*T*******S*T******  I
     -56.20I**********S*********S*********S*********S*T*******S*T******  I    -56.20
           I**********S*********S*********S*********S*T*******S*T******  I
           I**********S*********S*********S*********S*T*******S*T******  I
           I**********S*********S*********S*********S*T*******S*T******* I
     -58.58I**********S*********S*********S*********S*T*******S*T*******SI    -58.58
 ++++++++++I+++++++++++++++++++++++++++++++++++++++++++++++++++++++++++++I
            S=SEASONAL FREQUENCIES, T=TRADING DAY FREQUENCIES
        R35 monthly CPI index            PAGE  25, SERIES series
 G 1  10*LOG(SPECTRUM) of the differenced, transformed seasonally adjusted 
      data (Table D11).  Spectrum estimated from 2018.Aug to 2026.Jul.
 ++++++++++I+++++++++++++++++++++++++++++++++++++++++++++++++++++++++++++I
     -26.42I               *                                             I    -26.42
           I               *                                             I
           I   *           **                                            I
           I   *           **                                            I
     -27.60I   *           **      *          *                          I    -27.60
           I   *           **      *          *                         SI
           I   *           **      *          *                         SI
           I   *           **      *          *                         SI
     -28.77I   **          **      *          *                         SI    -28.77
           I   **          ***     *          *                         SI
           I   **          ***     **        **                         SI
           I   **         ****    ***        **                         SI
     -29.94I   **         ****    ***        **                         SI    -29.94
           I   **  **     ****    ***        **                         SI
           I   **  **     ****    ****     * **                         SI
           I   **  **     ****    ****    S****                         SI
     -31.11I   **  **     ****    ****    S*****                   *   *SI    -31.11
           I  ***  **     ****    ****    S*****                   *   *SI
           I  **** **     ****    ****    S*****                   *   *SI
           I  *******     ****    *****   S*****    S              *   *SI
     -32.28I  *******     *****   *****   S*****    S              **  *SI    -32.28
           I  *******     *****   *****   S*****    S        *     **  *SI
           I  *******     *****   *****  *S*****    S        *     **  *SI
           I  *******     *****  ******  *S*****    S        *     **  *SI
     -33.45I  *******     *****  ******  *S*****    S        *     **  *SI    -33.45
           I  *******     *****  ******* *S*****    S        *     **  *SI
           I  ********    *****  *********S*****   *S        *S    **  *SI
           I  ********   ******  *********S*****   *S        *S    ** **SI
     -34.63I  ********   ******* *********S******  *S       **S    *****SI    -34.63
           I *********   *******S*********S******  *S*      **S    *****SI
           I *********   *******S*********S******  *S*      **S    *****SI
           I *********   *******S*********S******  *S*      **S    *****SI
     -35.80I**********   *******S*********S******  *S*      **S   ******SI    -35.80
           I**********   *******S*********S****** **S*      **S   ******SI
           I**********   *******S*********S*********S*     ***S   ******SI
           I**********   *******S*********S*********S*     ***S   ******SI
     -36.97I**********S ********S*********S*********S*     ***S   ******SI    -36.97
           I**********S ********S*********S*********S*     ***S*  ******SI
           I**********S ********S*********S*********S*     ***S*  ******SI
           I**********S*********S*********S*********S*     ***S*  ******SI
     -38.14I**********S*********S*********S*********S*    ****S*  ******SI    -38.14
           I**********S*********S*********S*********S*    ****S*  ******SI
           I**********S*********S*********S*********S*    ****S*  ******SI
           I**********S*********S*********S*********S*    ****S* *******SI
     -39.31I**********S*********S*********S*********S*T   ****S*T*******SI    -39.31
           I**********S*********S*********S*********S*T   ****S*T*******SI
           I**********S*********S*********S*********S*T   ****S*T*******SI
           I**********S*********S*********S*********S*T   ****S*T*******SI
     -40.48I**********S*********S*********S*********S*T  *****S*T*******SI    -40.48
           I**********S*********S*********S*********S*T  *****S*T*******SI
           I**********S*********S*********S*********S*T  *****S*T*******SI
           I**********S*********S*********S*********S*T* *****S*T*******SI
     -41.66I**********S*********S*********S*********S*T*******S*T*******SI    -41.66
 ++++++++++I+++++++++++++++++++++++++++++++++++++++++++++++++++++++++++++I
            S=SEASONAL FREQUENCIES, T=TRADING DAY FREQUENCIES
        R35 monthly CPI index            PAGE  26, SERIES series
 G 2  10*LOG(SPECTRUM) of the Irregular (Table D13).  
      Spectrum estimated from 2018.Aug to 2026.Jul.
 ++++++++++I+++++++++++++++++++++++++++++++++++++++++++++++++++++++++++++I
     -32.38I                       *                                     I    -32.38
           I                       *                                     I
           I                       *                                     I
           I                       *                                     I
     -34.29I                       *                                     I    -34.29
           I                *      *                                     I
           I                *      * **                                  I
           I               **     ** **      *                           I
     -36.20I               **     *****     **                           I    -36.20
           I               **     *****     **                           I
           I          S    **     *****     **                           I
           I          S    **     *****     **                           I
     -38.12I          S    ***    *****     **                           I    -38.12
           I          S    ***    ******   ***                           I
           I          S    ***    ******   ***                           I
           I          S*   ***    ******   ****                          I
     -40.03I          S*  ****    ******  S****                          I    -40.03
           I      *   S*  ****    ********S****                          I
           I**    *  *S*  ****    ********S****                          I
           I**    *  *S*  *****   ********S****                          I
     -41.94I***   ** *S*  *****  *********S****                          I    -41.94
           I***  *** *S* ******  *********S****         *                I
           I***  *****S********  *********S*****        **               I
           I***  *****S********  *********S*****        **               I
     -43.85I**********S********* *********S*****        **               I    -43.85
           I**********S*********S*********S*****        **              SI
           I**********S*********S*********S*****      T***              SI
           I**********S*********S*********S*****      T***              SI
     -45.77I**********S*********S*********S******    *T***              SI    -45.77
           I**********S*********S*********S******    *T***              SI
           I**********S*********S*********S******    *T**** *           SI
           I**********S*********S*********S******    *T**** *           SI
     -47.68I**********S*********S*********S******    *T******          *SI    -47.68
           I**********S*********S*********S******   S*T*******         *SI
           I**********S*********S*********S*******  S*T*******         *SI
           I**********S*********S*********S*******  S*T*******         *SI
     -49.59I**********S*********S*********S******* *S*T*******   *     *SI    -49.59
           I**********S*********S*********S*********S*T*******   *     *SI
           I**********S*********S*********S*********S*T*******   *     *SI
           I**********S*********S*********S*********S*T*******   *     *SI
     -51.51I**********S*********S*********S*********S*T*******S T*     *SI    -51.51
           I**********S*********S*********S*********S*T*******S T*     *SI
           I**********S*********S*********S*********S*T*******S*T*     *SI
           I**********S*********S*********S*********S*T*******S*T*    **SI
     -53.42I**********S*********S*********S*********S*T*******S*T**   **SI    -53.42
           I**********S*********S*********S*********S*T*******S*T**   **SI
           I**********S*********S*********S*********S*T*******S*T**   **SI
           I**********S*********S*********S*********S*T*******S*T**   **SI
     -55.33I**********S*********S*********S*********S*T*******S*T**   **SI    -55.33
           I**********S*********S*********S*********S*T*******S*T**   **SI
           I**********S*********S*********S*********S*T*******S*T**  ***SI
           I**********S*********S*********S*********S*T*******S*T*** ***SI
     -57.25I**********S*********S*********S*********S*T*******S*T*******SI    -57.25
 ++++++++++I+++++++++++++++++++++++++++++++++++++++++++++++++++++++++++++I
            S=SEASONAL FREQUENCIES, T=TRADING DAY FREQUENCIES
        R35 monthly CPI index            PAGE  27, SERIES series

  Peak probabilities for Tukey spectrum estimator
  Spectrum estimated from 2018.Aug to 2026.Jul.

                                          S1       S2       S3       S4       S5       S6       TD
                                        ------   ------   ------   ------   ------   ------   ------
  Model Residuals                        0.505    0.518    0.647    0.811    0.653    0.292    0.792  
  Prior Adjusted Series (Table B1)       0.956*   0.650    0.638    0.960*   0.433    0.010    0.190  
  Seasonally adjusted series (D11)       0.715    0.663    0.237    0.845    0.791    0.731    0.403  
  Irregular (D13)                        0.932*   0.285    0.210    0.087    0.358    0.951*   0.438  
  ----------
     ** - Peak Probability > 0.99,
      * - 0.90 < Peak Probability < 0.99



  NP statistic for residual seasonality:

  NP statistic for residual seasonality (Full series)
                                                  Residual Seasonality?
  log(Seasonally Adjusted Series)                          no
  log(Seasonally Adjusted Series (EV adj))                 no

  NP statistic for residual seasonality (Series start in 2018.Aug)
                                                  Residual Seasonality?
  log(Seasonally Adjusted Series)                          no
  log(Seasonally Adjusted Series (EV adj))                 no
