  Reading input spec file from series.spc

1

               U. S. Department of Commerce, U. S. Census Bureau

              X-13ARIMA-SEATS monthly seasonal adjustment Method,
                          Release Version 1.1 Build 62


           This software application provides an enhanced version of
             Statistics Canada's X-11-ARIMA extension (Dagum, 1980)
                 of the X-11 variant of the Census Method II of
                      Shiskin, Young and Musgrave (1967).

            It also provides an ARIMA model-based method following
       Hillmer and Tiao (1982) and Burman (1980) that is very similar
       to the update of the method of SEATS (Gomez and Maravall, 1996)
                produced at the Bank of Spain by G. Caporello and
               A. Maravall for TSW (Caporello and Maravall, 2004).
          The present application includes additional enhancements.

         X-13ARIMA-SEATS includes an automatic ARIMA model selection procedure
          based largely on the procedure of Gomez and Maravall (1998)
            as implemented in TRAMO (1996) and subsequent revisions.

              Primary Programmers: Brian Monsell, Mark Otto and,
                 for the ARIMA model-based signal extraction,
                      Gianluca Caporello and Victor Gomez


     Series Title- R35 monthly CPI index
     Series Name- series
     Sep 22, 2026  22.39.10 

        -Period covered-  1st month,2015 to  7th month,2026
        -Type of run - multiplicative seasonal adjustment

        -Sigma limits for graduating extreme values are  1.5 and  2.5 .
        -3x3 moving average used in section 1 of each iteration, 
         3x5 moving average in section 2 of iterations B and C,
         moving average for final seasonal factors chosen by Global MSR.
        -Spectral plots generated for selected series
        -Spectral plots generated for series starting in 2018.Aug

 FILE SAVE REQUESTS (* indicates file exists and will be overwritten)
  series.d10  final seasonal factors
  series.d11  final seasonally adjusted data
  series.d12  final trend cycle
  series.d13  final irregular component
  series.out  program output file
  series.err  program error file
  series.udg  seasonal adjustment and model diagnostics file
        R35 monthly CPI index            PAGE   1, SERIES series

     Contents of spc file series.spc

 Line #
 ------
      1: series { title="R35 monthly CPI index" start=2015.1 period=12 data=(
      2: 99.900000000000006 99.900000000000006 99.900000000000006 99.900000000000006 99.900000000000006 100.09999999999999
      3: 100.09999999999999 100.09999999999999 100.09999999999999 100.09999999999999 100.09999999999999 100.09999999999999
      4: 101.40000000000001 101.40000000000001 101.40000000000001 102.40000000000001 102.40000000000001 102.40000000000001
      5: 102.40000000000001 102.40000000000001 102.40000000000001 102.40000000000001 102.40000000000001 102.40000000000001
      6: 102.8 102.8 102.8 102.90000000000001 102.90000000000001 102.90000000000001
      7: 102.90000000000001 102.90000000000001 102.90000000000001 102.90000000000001 102.90000000000001 102.90000000000001
      8: 103.59999999999999 103.59999999999999 103.59999999999999 103.7 103.7 103.7
      9: 103.7 103.8 103.8 103.8 103.8 103.8
     10: 105.7 105.8 105.8 105.8 105.8 105.8
     11: 105.90000000000001 105.90000000000001 105.90000000000001 105.90000000000001 105.90000000000001 105.90000000000001
     12: 111.8 111.8 111.8 111.8 109.5 109.59999999999999
     13: 109.59999999999999 109.59999999999999 109.59999999999999 109.7 109.7 109.7
     14: 114.40000000000001 114.59999999999999 114.59999999999999 114.59999999999999 114.7 114.7
     15: 114.7 114.8 114.8 114.90000000000001 114.90000000000001 114.90000000000001
     16: 119.8 119.8 119.90000000000001 119.90000000000001 120 120.09999999999999
     17: 120.5 120.59999999999999 120.7 120.8 120.8 120.8
     18: 138.90000000000001 139.19999999999999 139.30000000000001 139.30000000000001 139.40000000000001 138.5
     19: 138.90000000000001 139 139.09999999999999 139.19999999999999 139.30000000000001 139.40000000000001
     20: 150.19999999999999 150.30000000000001 150.30000000000001 150.30000000000001 150.5 150.5
     21: 151 151.30000000000001 151.40000000000001 151.40000000000001 151.5 151.5
     22: 156 156 156.30000000000001 156.30000000000001 156.40000000000001 156.59999999999999
     23: 156.90000000000001 157.30000000000001 157.30000000000001 157.30000000000001 157.40000000000001 157.40000000000001
     24: 161.5 161.59999999999999 161.59999999999999 161.80000000000001 161.90000000000001 162
     25: 162.30000000000001
     26: ) }
     27: transform { function=log }
     28: automdl { }
     29: outlier { types=(ao ls tc) }
     30: x11 { mode=mult save=(d10 d11 d12 d13) appendfcst=no appendbcst=no savelog=all }
     31: spectrum { logqs=yes robustsa=no print=all savelog=all }
     32: check { }
        R35 monthly CPI index            PAGE   2, SERIES series

 A 1  Time series data (for the span analyzed)
  From  2015.Jan to 2026.Jul
  Observations        139
 -----------------------------------------------------------------------------
               Jan      Feb      Mar      Apr      May      Jun 
               Jul      Aug      Sep      Oct      Nov      Dec        TOTAL  
 -----------------------------------------------------------------------------
  2015         100.     100.     100.     100.     100.     100.
               100.     100.     100.     100.     100.     100.         1200.
 
  2016         101.     101.     101.     102.     102.     102.
               102.     102.     102.     102.     102.     102.         1226.
 
  2017         103.     103.     103.     103.     103.     103.
               103.     103.     103.     103.     103.     103.         1235.
 
  2018         104.     104.     104.     104.     104.     104.
               104.     104.     104.     104.     104.     104.         1245.
 
  2019         106.     106.     106.     106.     106.     106.
               106.     106.     106.     106.     106.     106.         1270.
 
  2020         112.     112.     112.     112.     110.     110.
               110.     110.     110.     110.     110.     110.         1324.
 
  2021         114.     115.     115.     115.     115.     115.
               115.     115.     115.     115.     115.     115.         1377.
 
  2022         120.     120.     120.     120.     120.     120.
               121.     121.     121.     121.     121.     121.         1444.
 
  2023         139.     139.     139.     139.     139.     139.
               139.     139.     139.     139.     139.     139.         1670.
 
  2024         150.     150.     150.     150.     151.     151.
               151.     151.     151.     151.     152.     152.         1810.
 
  2025         156.     156.     156.     156.     156.     157.
               157.     157.     157.     157.     157.     157.         1881.
 
  2026         162.     162.     162.     162.     162.     162.
               162.                                                      1133.
 
  AVGE         122.     122.     122.     122.     122.     122.
               122.     119.     119.     119.     119.     119.

  Table Total-     16813.30   Mean-     120.96   Std. Dev.-      21.35
                              Min -      99.90        Max -     162.30
        R35 monthly CPI index            PAGE   3, SERIES series
                        Automatic ARIMA Model Selection

                    Procedure based closely on TRAMO method 
                         of Gomez and Maravall (2000)
              "Automatic Modeling Methods for Univariate Series",
                            A Course in Time Series
                  (Edited by D. Pena, G. C. Tiao, R. S. Tsay),
                         New York : J. Wiley and Sons


     Maximum order for regular ARMA parameters :   2
     Maximum order for seasonal ARMA parameters :   1
     Maximum order for regular differencing :   2
     Maximum order for seasonal differencing :   1

   Results of Unit Root Test for identifying orders of differencing:
     Regular difference order :   1
     Seasonal difference order :   1

     Mean is not significant.

  Automatic model choice : (0 1 1)(1 1 0)
   Model changed to 
   ( 0, 1, 1) ( 0, 1, 1)


  Final Checks for Identified Model


  Checking for Unit Roots.
   No unit roots found.

  Checking for nonseasonal overdifferencing.
   Nonseasonal MA not within  0.001 of 1.0 - model passes test.

  Checking for insignificant ARMA coefficients.

  Final automatic model choice : (0 1 1)(0 1 1)
   End of automatic model selection procedure.

 Average absolute percentage error in within-sample forecasts:
  Last year:   0.08      Last-1 year:   0.06     Last-2 year:   0.12
  Last three years:    0.08

 Estimation converged in    2 ARMA iterations,   74 function evaluations.

 Regression Model
 ------------------------------------------------------------------------------
                             Parameter        Standard
 Variable                     Estimate           Error      t-value
 ------------------------------------------------------------------------------
 Automatically Identified Outliers
   LS2015.Jun                   0.0018         0.00037         4.95
   LS2016.Jan                   0.0091         0.00038        23.66
   LS2016.Apr                   0.0093         0.00030        30.57
   LS2018.Jan                   0.0029         0.00038         7.54
   LS2019.Jan                   0.0139         0.00046        30.26
   TC2019.Jul                   0.0012         0.00026         4.75
   LS2020.Jan                   0.0505         0.00052        96.34
   LS2020.May                  -0.0214         0.00030       -72.11
   LS2021.Jan                   0.0372         0.00058        64.02
   LS2022.Jan                   0.0372         0.00066        56.80
   TC2022.Feb                  -0.0016         0.00029        -5.44
   LS2022.Jul                   0.0028         0.00032         8.78
   LS2023.Jan                   0.1349         0.00068       197.37
   LS2023.Jun                  -0.0076         0.00034       -22.54
   AO2023.Jul                   0.0013         0.00020         6.35
   LS2024.Jan                   0.0703         0.00073        96.42
   AO2024.Jun                  -0.0016         0.00019        -8.86
   LS2025.Jan                   0.0250         0.00078        31.90
   AO2025.Feb                  -0.0015         0.00019        -7.71
   LS2026.Jan                   0.0216         0.00081        26.60
 ------------------------------------------------------------------------------


 ARIMA Model:  (0 1 1)(0 1 1)
   Nonseasonal differences: 1
   Seasonal differences:    1
                                              Standard
 Parameter                    Estimate          Errors
 -----------------------------------------------------
 Nonseasonal MA                                    
   Lag  1                      -0.4972         0.07689

 Seasonal MA                                       
   Lag 12                       0.3043         0.09399

 Variance                       0.17664E-06
 SE of Var                      0.22255E-07
 -----------------------------------------------------

 Likelihood Statistics
 ------------------------------------------------------------------
 Number of observations (nobs)                                  139
 Effective number of observations (nefobs)                      126
 Number of parameters estimated (np)                             23
 Log likelihood                                            800.0849
 Transformation Adjustment                                -604.6591
 Adjusted Log likelihood (L)                               195.4258
 AIC                                                      -344.8516 
 AICC (F-corrected-AIC)                                   -334.0280 
 Hannan Quinn                                             -318.3488 
 BIC                                                      -279.6171 
 ------------------------------------------------------------------


 DIAGNOSTIC CHECKING
  Sample Autocorrelations of the Residuals with the Ljung-Box diagnostic.

  Lag      1     2     3     4     5     6     7     8     9    10    11    12
  ACF  -0.10 -0.18  0.01  0.04 -0.01  0.01 -0.03  0.02  0.12  0.02 -0.01 -0.09
  SE    0.09  0.09  0.09  0.09  0.09  0.09  0.09  0.09  0.09  0.09  0.09  0.09
  Q     1.25  5.61  5.62  5.82  5.83  5.84  5.93  5.99  7.95  8.03  8.05  9.08
  DF       0     0     1     2     3     4     5     6     7     8     9    10
  P    0.000 0.000 0.018 0.054 0.120 0.212 0.313 0.424 0.337 0.430 0.529 0.524

  Lag     13    14    15    16    17    18    19    20    21    22    23    24
  ACF   0.04  0.04 -0.07  0.08  0.09 -0.26  0.05  0.03  0.01 -0.08  0.09  0.11
  SE    0.09  0.10  0.10  0.10  0.10  0.10  0.10  0.10  0.10  0.10  0.10  0.10
  Q     9.27  9.48 10.20 11.12 12.34 22.71 23.06 23.22 23.23 24.24 25.52 27.46
  DF      11    12    13    14    15    16    17    18    19    20    21    22
  P    0.597 0.662 0.678 0.676 0.653 0.122 0.147 0.182 0.227 0.232 0.225 0.194

  The P-values approximate the probability of observing a Q-value at least
  this large when the model fitted is correct.  When DF is positive, small
  values of P, customarily those below 0.05, indicate model inadequacy.

  Sample Autocorrelations of the Residuals
                 -1.0 -0.8 -0.6 -0.4 -0.2  0.0  0.2  0.4  0.6  0.8  1.0
                   +----+----+----+----+----+----+----+----+----+----+
            1                           . XX|   .                     -0.098
            2                          XXXXX|   .                     -0.183
            3                          .    |    .                     0.010
            4                          .    |X   .                     0.039
            5                          .    |    .                    -0.008
            6                          .    |    .                     0.006
            7                          .   X|    .                    -0.027
            8                          .    |X   .                     0.021
            9                          .    |XXX .                     0.119
           10                          .    |X   .                     0.025
           11                          .    |    .                    -0.010
           12       - - - - - - - - -  .  XX|    .  - - - - - - - -   -0.086
           13                          .    |X   .                     0.036
           14                          .    |X   .                     0.038
           15                          .  XX|    .                    -0.070
           16                          .    |XX  .                     0.080
           17                          .    |XX  .                     0.091
           18                        XXXXXXX|    .                    -0.264
           19                          .    |X   .                     0.048
           20                          .    |X   .                     0.033
           21                          .    |    .                     0.008
           22                          .  XX|    .                    -0.081
           23                          .    |XX  .                     0.091
           24       - - - - - - - - -  .    |XXX .  - - - - - - - -    0.111
  
  Sample Autocorrelations of the Squared Residuals with the Ljung-Box diagnostic.

  Lag      1     2     3     4     5     6     7     8     9    10    11    12
  ACF   0.19 -0.04 -0.01  0.08  0.05  0.03  0.12  0.10  0.06  0.02 -0.05 -0.06
  SE    0.09  0.09  0.09  0.09  0.09  0.09  0.09  0.09  0.10  0.10  0.10  0.10
  Q     4.55  4.78  4.79  5.54  5.90  6.04  7.83  9.12  9.65  9.73 10.04 10.56
  DF       0     0     1     2     3     4     5     6     7     8     9    10
  P    0.000 0.000 0.029 0.063 0.117 0.196 0.166 0.167 0.209 0.285 0.347 0.393

  Lag     13    14    15    16    17    18    19    20    21    22    23    24
  ACF  -0.07 -0.08  0.00  0.10  0.02 -0.03 -0.02 -0.03 -0.04  0.01 -0.03  0.05
  SE    0.10  0.10  0.10  0.10  0.10  0.10  0.10  0.10  0.10  0.10  0.10  0.10
  Q    11.18 12.06 12.06 13.54 13.59 13.74 13.78 13.93 14.16 14.20 14.35 14.71
  DF      11    12    13    14    15    16    17    18    19    20    21    22
  P    0.428 0.441 0.523 0.484 0.556 0.618 0.682 0.734 0.774 0.820 0.854 0.875

  The P-values approximate the probability of observing a Q-value at least
  this large when the model fitted is correct in a way that supports the
  standard interpretations of the test statistics, standard errors, and
  prediction intervals output by X-13ARIMA-SEATS. When DF is positive, small
  values of P, customarily those below 0.05, suggest that model-based
  inferences about statistical significance and uncertainty will be less
  dependable than usual.

  Sample Autocorrelations of the Squared Residuals
                 -1.0 -0.8 -0.6 -0.4 -0.2  0.0  0.2  0.4  0.6  0.8  1.0
                   +----+----+----+----+----+----+----+----+----+----+
            1                           .   |XXXXX                     0.188
            2                          .   X|    .                    -0.042
            3                          .    |    .                    -0.007
            4                          .    |XX  .                     0.075
            5                          .    |X   .                     0.052
            6                          .    |X   .                     0.032
            7                          .    |XXX .                     0.115
            8                          .    |XX  .                     0.097
            9                          .    |XX  .                     0.062
           10                          .    |X   .                     0.024
           11                          .   X|    .                    -0.047
           12       - - - - - - - - -  .  XX|    .  - - - - - - - -   -0.060
           13                          .  XX|    .                    -0.066
           14                          .  XX|    .                    -0.078
           15                          .    |    .                     0.005
           16                          .    |XXX .                     0.100
           17                          .    |    .                     0.019
           18                          .   X|    .                    -0.031
           19                          .    |    .                    -0.017
           20                          .   X|    .                    -0.031
           21                          .   X|    .                    -0.039
           22                          .    |    .                     0.015
           23                          .   X|    .                    -0.032
           24       - - - - - - - - -  .    |X   .  - - - - - - - -    0.047
  
 Histogram of the Standardized and Mean-Centered Residuals
  Standard
  Deviations    Frequency

  Outlier [#

       -3 +#
          |####
       -2 +###
          |##########
       -1 +#####
          |##############
        0 +#######################################
          |################
        1 +##########
          |##########
        2 +####
          |#####
        3 +##

  Outlier [##

  One '#'= 1 observation[s]

 Tabular Histogram of the Standardized and Mean-Centered Residuals

  Standard
  Deviations    Frequency
  Standard
  Deviations    Frequency

 -3.00                 1

 -2.50                 4

 -2.00                 3

 -1.50                10

 -1.00                 5

 -0.50                14

  0.00                39

  0.50                16

  1.00                10

  1.50                10

  2.00                 4

  2.50                 5

  3.00                 2

  Residuals with |t|>3.25

  Obs       t-value
  -----------------
  2020.Jan     3.61
  2023.Jan    -3.34
  2025.Mar     3.90

 Summary Statistics for the Unstandardized Residuals
  Minimum                    -0.001
  Maximum                     0.001
  Median                      0.000
  Robust Std Dev              0.000

 Normality Statistics for regARIMA Model Residuals:

    Number of residuals  :    126

    Skewness coefficient :    0.0969    
    Geary's a            :    0.7385   (significant at one percent level)
    Kurtosis             :    3.5393    

  A significant value of one of these statistics indicates that the
  standardized residuals do not follow a standard normal distribution.
  If the regARIMA model fits the data well, such lack of normality
  ordinarily causes no problems.

  However, a significant value can occur because certain data effects are
  not captured well by the model. Sometimes these effects can be captured
  by additional or different regressors (e.g. trading day, holiday or 
  outlier regressors).

  There are other important effects that can cause a significant value,
  such as random variation of the coefficients or time-varying conditional
  variances, which cannot be represented by regARIMA models. These other
  effects cause the t-tests, AIC's and forecast coverage intervals of
  X-13ARIMA-SEATS to have reduced reliability. Their presence is often
  indicated by significant (high) values of the Ljung-Box Q-statistics of
  the squared residuals.

 Durbin-Watson Statistic for regARIMA Model Residuals:
  dw =     2.141890

 Friedman Non-Parametric Test for regARIMA Model Residuals:
  ken =     7.015385 ( Asymptotically distributed as Chi-Square(11), P-Value =     0.797836 )

 QS Statistic for regARIMA Model Residuals (full series):             0.00
                                                       (P-Value =     1.0000)

 QS Statistic for regARIMA Model Residuals (starting 2018.Aug):       0.00
                                                       (P-Value =     1.0000)


  At least one visually significant residual seasonal peaks has been
  found in the spectral plot of the following series starting in 2018.Aug:

          regARIMA model residuals (1 Seasonal peak(s))

      10*LOG(SPECTRUM) of the regARIMA model residuals
      Spectrum estimated from 2018.Aug to 2026.Jul.
 ++++++++++I+++++++++++++++++++++++++++++++++++++++++++++++++++++++++++++I
     -60.01I                                    *                        I    -60.01
           I                                    *                        I
           I                                    *                        I
           I                                    *                        I
     -61.05I                                    *                        I    -61.05
           I                                    *                        I
           I                                    *                        I
           I                              S     *                        I
     -62.09I                              S     *                        I    -62.09
           I                              S     *                        I
           I                         *    S     *                   *    I
           I                         *    S     *                   *    I
     -63.13I                         *    S     *              *    *    I    -63.13
           I                *        *    S     *              *    *    I
           I                *        *    S     *              *    *    I
           I                *        *   *S     *              *    *    I
     -64.18I                *        *   *S     *       *      *    *    I    -64.18
           I                *        **  *S     **      **     *    *    I
           I                *        **  *S     **    T **     *    *    I
           I                *        **  *S     **    T **     *    *    I
     -65.22I                *        **  *S     **    T***     *    *    I    -65.22
           I                *       ***  *S     **    T***    S*    *    I
           I                *       ***  *S     **    T***    S*    *    I
           I               **       ***  *S     **   *T***    S*    **   I
     -66.26I               **       ***  *S    ***   *T***    S*    **   I    -66.26
           I               **     * ***  *S    ***   *T***    S*    **   I
           I               **     * ***  *S*   ***   *T***    S*    **   I
           I               **     ***** **S*   ***   *T***    S*    **   I
     -67.30I          S*   ***   *********S*   ***   *T***    S*    **   I    -67.30
           I   *      S*   ***   *********S*   ***   *T***    S*    **   I
           I   **     S*   ***   *********S*   ***   *T***    S*   ***   I
           I   **     S**  ***   *********S*   ***  S*T***    S*   ***   I
     -68.35I   **     S** ****   *********S*   ***  S*T***    S*   ***   I    -68.35
           I   **     S*******   *********S*   **** S*T***    S*   ***   I
           I   **     S*******   *********S*   **** S*T****   S*T  ***   I
           I* ***     S*******   *********S*   **** S*T****   S*T  ***   I
     -69.39I*****    *S*******   *********S*   *****S*T****   S*T  ***   I    -69.39
           I*****    *S*******   *********S*   *****S*T****   S*T  ***   I
           I*****    *S*******  S*********S** ******S*T****   S*T  ****  I
           I*****    *S*******  S*********S** ******S*T****   S*T  ****  I
     -70.43I*****    *S*******  S*********S** ******S*T****   S*T  ****  I    -70.43
           I*****    *S******** S*********S** ******S*T****  *S*T  ****  I
           I*****    *S******** S*********S*********S*T****  *S*T *****  I
           I******   *S******** S*********S*********S*T****  *S*T *****  I
     -71.47I******   *S*********S*********S*********S*T****  *S*T******  I    -71.47
           I******   *S*********S*********S*********S*T***** *S*T******  I
           I******   *S*********S*********S*********S*T***** *S*T******* I
           I******  **S*********S*********S*********S*T***** *S*T******* I
     -72.51I******  **S*********S*********S*********S*T*******S*T*******SI    -72.51
           I******  **S*********S*********S*********S*T*******S*T*******SI
           I******  **S*********S*********S*********S*T*******S*T*******SI
           I******  **S*********S*********S*********S*T*******S*T*******SI
     -73.56I**********S*********S*********S*********S*T*******S*T*******SI    -73.56
 ++++++++++I+++++++++++++++++++++++++++++++++++++++++++++++++++++++++++++I
            S=SEASONAL FREQUENCIES, T=TRADING DAY FREQUENCIES


 FORECASTING
  Origin  2026.Jul
  Number        12

  Forecasts and Standard Errors of the Transformed Data
   ------------------------------
                         Standard
       Date   Forecast      Error
   ------------------------------
   2026.Aug       5.09      0.000
   2026.Sep       5.09      0.001
   2026.Oct       5.09      0.001
   2026.Nov       5.09      0.001
   2026.Dec       5.09      0.001
   2027.Jan       5.10      0.002
   2027.Feb       5.10      0.002
   2027.Mar       5.10      0.002
   2027.Apr       5.10      0.002
   2027.May       5.10      0.002
   2027.Jun       5.10      0.002
   2027.Jul       5.10      0.002
   ------------------------------

  Confidence intervals with coverage probability ( 0.95000
  On the Original Scale
   ---------------------------------------
       Date      Lower  Forecast     Upper
   ---------------------------------------
   2026.Aug     162.56    162.70    162.83
   2026.Sep     162.49    162.73    162.97
   2026.Oct     162.43    162.74    163.06
   2026.Nov     162.47    162.84    163.22
   2026.Dec     162.43    162.85    163.27
   2027.Jan     163.00    163.53    164.06
   2027.Feb     163.10    163.67    164.24
   2027.Mar     163.08    163.69    164.29
   2027.Apr     163.19    163.83    164.46
   2027.May     163.27    163.94    164.61
   2027.Jun     163.37    164.07    164.77
   2027.Jul     163.65    164.37    165.10
   ---------------------------------------
        R35 monthly CPI index            PAGE   4, SERIES series
  
 A 8  RegARIMA combined outlier component
      (AO, LS, TC outliers included)
  From  2015.Jan to 2026.Jul
  Observations        139
 -----------------------------------------------------------------------------
               Jan      Feb      Mar      Apr      May      Jun 
               Jul      Aug      Sep      Oct      Nov      Dec         AVGE  
 -----------------------------------------------------------------------------
  2015         67.9     67.9     67.9     67.9     67.9     68.0
               68.0     68.0     68.0     68.0     68.0     68.0          67.9
 
  2016         68.6     68.6     68.6     69.3     69.3     69.3
               69.3     69.3     69.3     69.3     69.3     69.3          69.1
 
  2017         69.3     69.3     69.3     69.3     69.3     69.3
               69.3     69.3     69.3     69.3     69.3     69.3          69.3
 
  2018         69.5     69.5     69.5     69.5     69.5     69.5
               69.5     69.5     69.5     69.5     69.5     69.5          69.5
 
  2019         70.4     70.4     70.4     70.4     70.4     70.4
               70.5     70.5     70.5     70.5     70.5     70.4          70.5
 
  2020         74.1     74.1     74.1     74.1     72.5     72.5
               72.5     72.5     72.5     72.5     72.5     72.5          73.0
 
  2021         75.3     75.3     75.3     75.3     75.3     75.3
               75.3     75.3     75.3     75.3     75.3     75.3          75.3
 
  2022         78.1     78.0     78.0     78.1     78.1     78.1
               78.3     78.3     78.3     78.3     78.3     78.3          78.2
 
  2023         89.6     89.6     89.6     89.6     89.6     89.0
               89.1     89.0     89.0     89.0     89.0     89.0          89.3
 
  2024         95.4     95.4     95.4     95.4     95.4     95.3
               95.4     95.4     95.4     95.4     95.4     95.4          95.4
 
  2025         97.9     97.7     97.9     97.9     97.9     97.9
               97.9     97.9     97.9     97.9     97.9     97.9          97.9
 
  2026        100.0    100.0    100.0    100.0    100.0    100.0
              100.0                                                      100.0
 
  AVGE         79.7     79.6     79.7     79.7     79.6     79.5
               79.6     77.7     77.7     77.7     77.7     77.7

  Table Total-     10962.85   Mean-      78.87   Std. Dev.-      24.03
                              Min -      67.88        Max -     100.00

 A 8.A  RegARIMA outlier component
  From  2026.Aug to 2027.Jul
  Observations         12
 -----------------------------------------------------------------------------
               Jan      Feb      Mar      Apr      May      Jun 
               Jul      Aug      Sep      Oct      Nov      Dec         AVGE  
 -----------------------------------------------------------------------------
  2026                                                          
                       100.0    100.0    100.0    100.0    100.0         100.0
 
  2027        100.0    100.0    100.0    100.0    100.0    100.0
              100.0                                                      100.0
 
        R35 monthly CPI index            PAGE   5, SERIES series

 A 8.AO  RegARIMA AO outlier component
  From  2015.Jan to 2026.Jul
  Observations        139
 -----------------------------------------------------------------------------
               Jan      Feb      Mar      Apr      May      Jun 
               Jul      Aug      Sep      Oct      Nov      Dec         AVGE  
 -----------------------------------------------------------------------------
  2015        100.0    100.0    100.0    100.0    100.0    100.0
              100.0    100.0    100.0    100.0    100.0    100.0         100.0
 
  2016        100.0    100.0    100.0    100.0    100.0    100.0
              100.0    100.0    100.0    100.0    100.0    100.0         100.0
 
  2017        100.0    100.0    100.0    100.0    100.0    100.0
              100.0    100.0    100.0    100.0    100.0    100.0         100.0
 
  2018        100.0    100.0    100.0    100.0    100.0    100.0
              100.0    100.0    100.0    100.0    100.0    100.0         100.0
 
  2019        100.0    100.0    100.0    100.0    100.0    100.0
              100.0    100.0    100.0    100.0    100.0    100.0         100.0
 
  2020        100.0    100.0    100.0    100.0    100.0    100.0
              100.0    100.0    100.0    100.0    100.0    100.0         100.0
 
  2021        100.0    100.0    100.0    100.0    100.0    100.0
              100.0    100.0    100.0    100.0    100.0    100.0         100.0
 
  2022        100.0    100.0    100.0    100.0    100.0    100.0
              100.0    100.0    100.0    100.0    100.0    100.0         100.0
 
  2023        100.0    100.0    100.0    100.0    100.0    100.0
              100.1    100.0    100.0    100.0    100.0    100.0         100.0
 
  2024        100.0    100.0    100.0    100.0    100.0     99.8
              100.0    100.0    100.0    100.0    100.0    100.0         100.0
 
  2025        100.0     99.9    100.0    100.0    100.0    100.0
              100.0    100.0    100.0    100.0    100.0    100.0         100.0
 
  2026        100.0    100.0    100.0    100.0    100.0    100.0
              100.0                                                      100.0
 
  AVGE        100.0    100.0    100.0    100.0    100.0    100.0
              100.0    100.0    100.0    100.0    100.0    100.0

  Table Total-     13899.81   Mean-     100.00   Std. Dev.-       0.02
                              Min -      99.84        Max -     100.13
        R35 monthly CPI index            PAGE   6, SERIES series

 A 8.LS  RegARIMA level change outlier component
  From  2015.Jan to 2026.Jul
  Observations        139
 -----------------------------------------------------------------------------
               Jan      Feb      Mar      Apr      May      Jun 
               Jul      Aug      Sep      Oct      Nov      Dec         AVGE  
 -----------------------------------------------------------------------------
  2015         67.9     67.9     67.9     67.9     67.9     68.0
               68.0     68.0     68.0     68.0     68.0     68.0          67.9
 
  2016         68.6     68.6     68.6     69.3     69.3     69.3
               69.3     69.3     69.3     69.3     69.3     69.3          69.1
 
  2017         69.3     69.3     69.3     69.3     69.3     69.3
               69.3     69.3     69.3     69.3     69.3     69.3          69.3
 
  2018         69.5     69.5     69.5     69.5     69.5     69.5
               69.5     69.5     69.5     69.5     69.5     69.5          69.5
 
  2019         70.4     70.4     70.4     70.4     70.4     70.4
               70.4     70.4     70.4     70.4     70.4     70.4          70.4
 
  2020         74.1     74.1     74.1     74.1     72.5     72.5
               72.5     72.5     72.5     72.5     72.5     72.5          73.0
 
  2021         75.3     75.3     75.3     75.3     75.3     75.3
               75.3     75.3     75.3     75.3     75.3     75.3          75.3
 
  2022         78.1     78.1     78.1     78.1     78.1     78.1
               78.3     78.3     78.3     78.3     78.3     78.3          78.2
 
  2023         89.6     89.6     89.6     89.6     89.6     89.0
               89.0     89.0     89.0     89.0     89.0     89.0          89.2
 
  2024         95.4     95.4     95.4     95.4     95.4     95.4
               95.4     95.4     95.4     95.4     95.4     95.4          95.4
 
  2025         97.9     97.9     97.9     97.9     97.9     97.9
               97.9     97.9     97.9     97.9     97.9     97.9          97.9
 
  2026        100.0    100.0    100.0    100.0    100.0    100.0
              100.0                                                      100.0
 
  AVGE         79.7     79.7     79.7     79.7     79.6     79.5
               79.6     77.7     77.7     77.7     77.7     77.7

  Table Total-     10963.16   Mean-      78.87   Std. Dev.-      24.03
                              Min -      67.88        Max -     100.00
        R35 monthly CPI index            PAGE   7, SERIES series

 A 8.TC  RegARIMA temporary change outlier component
  From  2015.Jan to 2026.Jul
  Observations        139
 -----------------------------------------------------------------------------
               Jan      Feb      Mar      Apr      May      Jun 
               Jul      Aug      Sep      Oct      Nov      Dec         AVGE  
 -----------------------------------------------------------------------------
  2015        100.0    100.0    100.0    100.0    100.0    100.0
              100.0    100.0    100.0    100.0    100.0    100.0         100.0
 
  2016        100.0    100.0    100.0    100.0    100.0    100.0
              100.0    100.0    100.0    100.0    100.0    100.0         100.0
 
  2017        100.0    100.0    100.0    100.0    100.0    100.0
              100.0    100.0    100.0    100.0    100.0    100.0         100.0
 
  2018        100.0    100.0    100.0    100.0    100.0    100.0
              100.0    100.0    100.0    100.0    100.0    100.0         100.0
 
  2019        100.0    100.0    100.0    100.0    100.0    100.0
              100.1    100.1    100.1    100.0    100.0    100.0         100.0
 
  2020        100.0    100.0    100.0    100.0    100.0    100.0
              100.0    100.0    100.0    100.0    100.0    100.0         100.0
 
  2021        100.0    100.0    100.0    100.0    100.0    100.0
              100.0    100.0    100.0    100.0    100.0    100.0         100.0
 
  2022        100.0     99.8     99.9     99.9     99.9    100.0
              100.0    100.0    100.0    100.0    100.0    100.0         100.0
 
  2023        100.0    100.0    100.0    100.0    100.0    100.0
              100.0    100.0    100.0    100.0    100.0    100.0         100.0
 
  2024        100.0    100.0    100.0    100.0    100.0    100.0
              100.0    100.0    100.0    100.0    100.0    100.0         100.0
 
  2025        100.0    100.0    100.0    100.0    100.0    100.0
              100.0    100.0    100.0    100.0    100.0    100.0         100.0
 
  2026        100.0    100.0    100.0    100.0    100.0    100.0
              100.0                                                      100.0
 
  AVGE        100.0    100.0    100.0    100.0    100.0    100.0
              100.0    100.0    100.0    100.0    100.0    100.0

  Table Total-     13899.88   Mean-     100.00   Std. Dev.-       0.02
                              Min -      99.84        Max -     100.12

 A 8.TC.A  RegARIMA temporary change outlier component
  From  2026.Aug to 2027.Jul
  Observations         12
 -----------------------------------------------------------------------------
               Jan      Feb      Mar      Apr      May      Jun 
               Jul      Aug      Sep      Oct      Nov      Dec         AVGE  
 -----------------------------------------------------------------------------
  2026                                                          
                       100.0    100.0    100.0    100.0    100.0         100.0
 
  2027        100.0    100.0    100.0    100.0    100.0    100.0
              100.0                                                      100.0
 
        R35 monthly CPI index            PAGE   8, SERIES series
  
 B 1  Original series (prior adjusted)
      (adjusted for regARIMA factors)
  From  2015.Jan to 2026.Jul
  Observations        139
 -----------------------------------------------------------------------------
               Jan      Feb      Mar      Apr      May      Jun 
               Jul      Aug      Sep      Oct      Nov      Dec        TOTAL  
 -----------------------------------------------------------------------------
  2015         147.     147.     147.     147.     147.     147.
               147.     147.     147.     147.     147.     147.         1766.
 
  2016         148.     148.     148.     148.     148.     148.
               148.     148.     148.     148.     148.     148.         1774.
 
  2017         148.     148.     148.     149.     149.     149.
               149.     149.     149.     149.     149.     149.         1782.
 
  2018         149.     149.     149.     149.     149.     149.
               149.     149.     149.     149.     149.     149.         1792.
 
  2019         150.     150.     150.     150.     150.     150.
               150.     150.     150.     150.     150.     150.         1803.
 
  2020         151.     151.     151.     151.     151.     151.
               151.     151.     151.     151.     151.     151.         1813.
 
  2021         152.     152.     152.     152.     152.     152.
               152.     153.     153.     153.     153.     153.         1829.
 
  2022         153.     154.     154.     154.     154.     154.
               154.     154.     154.     154.     154.     154.         1846.
 
  2023         155.     155.     155.     155.     156.     156.
               156.     156.     156.     156.     157.     157.         1871.
 
  2024         157.     157.     157.     157.     158.     158.
               158.     159.     159.     159.     159.     159.         1897.
 
  2025         159.     160.     160.     160.     160.     160.
               160.     161.     161.     161.     161.     161.         1923.
 
  2026         162.     162.     162.     162.     162.     162.
               162.                                                      1133.
 
  AVGE         153.     153.     153.     153.     153.     153.
               153.     152.     152.     152.     153.     153.

  Table Total-     21228.65   Mean-     152.72   Std. Dev.-       4.53
                              Min -     147.18        Max -     162.30

 B 1.A  Forecasts of (prior adjusted) original series
  From  2026.Aug to 2027.Jul
  Observations         12
 -----------------------------------------------------------------------------
               Jan      Feb      Mar      Apr      May      Jun 
               Jul      Aug      Sep      Oct      Nov      Dec        TOTAL  
 -----------------------------------------------------------------------------
  2026                                                          
                        163.     163.     163.     163.     163.          814.
 
  2027         164.     164.     164.     164.     164.     164.
               164.                                                      1147.
 

            Due to the small residual mean square error all the analysis
            of variance tests for this series may be invalid.
        R35 monthly CPI index            PAGE   9, SERIES series

 C 17  Final weights for irregular component
  From  2015.Jan to 2026.Jul
  Observations        139
  Lower sigma limit    1.50
  Upper sigma limit    2.50
 -----------------------------------------------------------------------------
               Jan      Feb      Mar      Apr      May      Jun 
               Jul      Aug      Sep      Oct      Nov      Dec         S.D.  
 -----------------------------------------------------------------------------
  2015        100.0    100.0    100.0    100.0    100.0    100.0
              100.0    100.0    100.0    100.0    100.0    100.0           0.0
 
  2016        100.0    100.0    100.0    100.0    100.0    100.0
              100.0    100.0    100.0    100.0    100.0    100.0           0.0
 
  2017        100.0    100.0      0.0     94.5    100.0    100.0
              100.0    100.0    100.0    100.0    100.0    100.0           0.0
 
  2018        100.0    100.0      0.0     64.2    100.0    100.0
               94.6     59.7    100.0    100.0    100.0    100.0           0.0
 
  2019        100.0    100.0    100.0    100.0    100.0    100.0
              100.0    100.0    100.0    100.0    100.0    100.0           0.0
 
  2020        100.0    100.0    100.0    100.0    100.0     26.0
              100.0     50.7      0.0    100.0    100.0    100.0           0.0
 
  2021        100.0      0.0    100.0    100.0      0.0    100.0
              100.0    100.0      3.2    100.0    100.0    100.0           0.0
 
  2022        100.0    100.0    100.0    100.0    100.0    100.0
              100.0    100.0    100.0    100.0    100.0    100.0           0.0
 
  2023        100.0    100.0    100.0    100.0    100.0    100.0
              100.0    100.0    100.0    100.0    100.0    100.0           0.0
 
  2024        100.0    100.0     68.5      0.0    100.0    100.0
              100.0     35.7    100.0    100.0    100.0    100.0           0.0
 
  2025        100.0    100.0    100.0    100.0     98.7    100.0
              100.0      0.0    100.0    100.0    100.0    100.0           0.0
 
  2026        100.0     44.4      0.0    100.0    100.0    100.0
              100.0                                                        0.0
 
        R35 monthly CPI index            PAGE  10, SERIES series

 D 8  Final unmodified SI ratios
  From  2015.Jan to 2026.Jul
  Observations        139
 -----------------------------------------------------------------------------
               Jan      Feb      Mar      Apr      May      Jun 
               Jul      Aug      Sep      Oct      Nov      Dec         AVGE  
 -----------------------------------------------------------------------------
  2015        100.1    100.1    100.1    100.1    100.1    100.0
              100.0    100.0     99.9     99.9     99.8     99.8         100.0
 
  2016        100.2    100.1    100.1    100.1    100.1    100.0
              100.0    100.0     99.9     99.9     99.8     99.8         100.0
 
  2017        100.2    100.1    100.1    100.1    100.1    100.0
              100.0    100.0     99.9     99.9     99.8     99.8         100.0
 
  2018        100.2    100.1    100.1    100.1    100.1    100.0
              100.0    100.0     99.9     99.9     99.8     99.8         100.0
 
  2019        100.1    100.2    100.1    100.1    100.1    100.0
              100.0    100.0     99.9     99.9     99.8     99.8         100.0
 
  2020        100.2    100.2    100.1    100.1    100.0    100.1
              100.0     99.9     99.9     99.9     99.8     99.8         100.0
 
  2021        100.2    100.2    100.2    100.1    100.1    100.0
              100.0    100.0     99.9     99.9     99.8     99.8         100.0
 
  2022        100.1    100.2    100.1    100.0    100.0    100.0
              100.0    100.0    100.0    100.0     99.9     99.8         100.0
 
  2023        100.1    100.2    100.1    100.0    100.0    100.0
              100.0    100.1    100.0     99.9     99.9     99.8         100.0
 
  2024        100.2    100.1    100.1     99.9     99.9    100.0
              100.0    100.1    100.0     99.9     99.9     99.8         100.0
 
  2025        100.1    100.1    100.1    100.0     99.9     99.9
              100.0    100.2    100.1    100.0     99.9     99.8         100.0
 
  2026        100.1    100.1    100.0    100.0    100.0     99.9
              100.0                                                      100.0
 
  AVGE        100.1    100.2    100.1    100.1    100.0    100.0
              100.0    100.0    100.0     99.9     99.9     99.8

  Table Total-     13900.28   Mean-     100.00   Std. Dev.-       0.11
                              Min -      99.76        Max -     100.24

            Due to the small residual mean square error all the analysis
            of variance tests for this series may be invalid.
        R35 monthly CPI index            PAGE  11, SERIES series

 D 8.B  Final unmodified SI ratios, with labels for outliers and extreme values
  From  2015.Jan to 2026.Jul
  Observations        139
 ---------------------------------------------------------------------
               Jan       Feb       Mar       Apr       May       Jun  
               Jul       Aug       Sep       Oct       Nov       Dec  
 ---------------------------------------------------------------------
  2015       100.1     100.1     100.1     100.1     100.1     100.0# 
             100.0     100.0      99.9      99.9      99.8      99.8  
 
  2016       100.2#    100.1     100.1     100.1#    100.1     100.0  
             100.0     100.0      99.9      99.9      99.8      99.8  
 
  2017       100.2     100.1     100.1*    100.1*    100.1     100.0  
             100.0     100.0      99.9      99.9      99.8      99.8  
 
  2018       100.2#    100.1     100.1*    100.1*    100.1     100.0  
             100.0*    100.0*     99.9      99.9      99.8      99.8 -
 
  2019       100.1#    100.2 -   100.1     100.1     100.1     100.0  
             100.0#    100.0      99.9      99.9      99.8 -    99.8 -
 
  2020       100.2#    100.2 -   100.1 -   100.1 -   100.0#    100.1*-
             100.0      99.9*     99.9*     99.9      99.8 -    99.8 -
 
  2021       100.2#    100.2*-   100.2 -   100.1     100.1*    100.0  
             100.0     100.0      99.9*     99.9      99.8 -    99.8 -
 
  2022       100.1#    100.2#-   100.1 -   100.0     100.0     100.0  
             100.0#    100.0     100.0     100.0      99.9 -    99.8 -
 
  2023       100.1#    100.2 -   100.1 -   100.0     100.0     100.0# 
             100.0#    100.1     100.0      99.9      99.9 -    99.8 -
 
  2024       100.2#    100.1 -   100.1*-    99.9*     99.9     100.0# 
             100.0     100.1*    100.0      99.9      99.9      99.8 -
 
  2025       100.1#    100.1#-   100.1     100.0      99.9*     99.9  
             100.0     100.2*    100.1     100.0      99.9      99.8 -
 
  2026       100.1#    100.1*-   100.0*    100.0     100.0      99.9  
             100.0                                                    
 

  Key to symbols:
    *  : extreme value as determined by X-11 extreme value procedure
    #  : regARIMA outlier (either AO, LS, TC, or Ramp)
    -  : values around a level shift most likely to be influenced by it
 
        R35 monthly CPI index            PAGE  12, SERIES series

 D 9  Final replacement values for SI ratios
  From  2015.Jan to 2026.Jul
  Observations        139
 ---------------------------------------------------------------
               Jan      Feb      Mar      Apr      May      Jun 
               Jul      Aug      Sep      Oct      Nov      Dec 
 ---------------------------------------------------------------
  2015     ******** ******** ******** ******** ******** ********
           ******** ******** ******** ******** ******** ********
 
  2016     ******** ******** ******** ******** ******** ********
           ******** ******** ******** ******** ******** ********
 
  2017     ******** ********    100.1    100.1 ******** ********
           ******** ******** ******** ******** ******** ********
 
  2018     ******** ********    100.1    100.1 ******** ********
              100.0    100.0 ******** ******** ******** ********
 
  2019     ******** ******** ******** ******** ******** ********
           ******** ******** ******** ******** ******** ********
 
  2020     ******** ******** ******** ******** ********    100.0
           ********    100.0     99.9 ******** ******** ********
 
  2021     ********    100.2 ******** ********    100.0 ********
           ******** ********     99.9 ******** ******** ********
 
  2022     ******** ******** ******** ******** ******** ********
           ******** ******** ******** ******** ******** ********
 
  2023     ******** ******** ******** ******** ******** ********
           ******** ******** ******** ******** ******** ********
 
  2024     ******** ********    100.1    100.0 ******** ********
           ********    100.1 ******** ******** ******** ********
 
  2025     ******** ******** ******** ********     99.9 ********
           ********    100.1 ******** ******** ******** ********
 
  2026     ********    100.1    100.1 ******** ******** ********
           ********                                             
 

 D 9.A  Moving seasonality ratio
 ---------------------------------------------------------------
               Jan      Feb      Mar      Apr      May      Jun 
 ---------------------------------------------------------------
   I          0.019    0.024    0.018    0.014    0.011    0.013
   S          0.003    0.008    0.008    0.012    0.013    0.009
 RATIO        7.318    2.960    2.390    1.201    0.866    1.518



 ---------------------------------------------------------------
               Jul      Aug      Sep      Oct      Nov      Dec 
 ---------------------------------------------------------------
   I          0.015    0.017    0.008    0.010    0.007    0.023
   S          0.005    0.010    0.011    0.007    0.006    0.005
 RATIO        3.055    1.831    0.756    1.327    1.079    4.524



        R35 monthly CPI index            PAGE  13, SERIES series

 D 10  Final seasonal factors
  From  2015.Jan to 2026.Jul
  Observations        139
  Seasonal filter    3 x 3 moving average
 -----------------------------------------------------------------------------
               Jan      Feb      Mar      Apr      May      Jun 
               Jul      Aug      Sep      Oct      Nov      Dec         AVGE  
 -----------------------------------------------------------------------------
  2015       100.15   100.12   100.10   100.10   100.07   100.04
             100.00    99.96    99.92    99.88    99.84    99.81        100.00
 
  2016       100.15   100.12   100.10   100.11   100.07   100.03
              99.99    99.96    99.92    99.88    99.84    99.80        100.00
 
  2017       100.15   100.13   100.11   100.11   100.07   100.03
              99.98    99.96    99.93    99.88    99.84    99.80        100.00
 
  2018       100.16   100.14   100.11   100.10   100.06   100.03
              99.98    99.97    99.93    99.89    99.84    99.80        100.00
 
  2019       100.16   100.15   100.12   100.09   100.06   100.03
              99.97    99.96    99.93    99.89    99.84    99.79        100.00
 
  2020       100.16   100.17   100.13   100.07   100.04   100.02
              99.97    99.96    99.94    99.91    99.85    99.78        100.00
 
  2021       100.15   100.18   100.14   100.06   100.02   100.01
              99.97    99.98    99.95    99.92    99.85    99.78        100.00
 
  2022       100.15   100.19   100.13   100.03   100.00   100.00
              99.98   100.00    99.97    99.94    99.87    99.79        100.00
 
  2023       100.14   100.18   100.12   100.01    99.97    99.97
              99.99   100.03   100.00    99.94    99.89    99.81        100.00
 
  2024       100.14   100.16   100.09    99.99    99.95    99.96
             100.00   100.05   100.03    99.95    99.90    99.81        100.00
 
  2025       100.14   100.14   100.07    99.99    99.94    99.94
             100.01   100.06   100.05    99.95    99.91    99.82        100.00
 
  2026       100.13   100.13   100.06    99.99    99.94    99.93
             100.01                                                     100.03
 
  AVGE       100.15   100.15   100.11   100.05   100.02   100.00
              99.99    99.99    99.96    99.91    99.86    99.80

  Table Total-     13900.35   Mean-     100.00   Std. Dev.-       0.11
                              Min -      99.78        Max -     100.19

 D 10.A  Final seasonal component forecasts
  From  2026.Aug to 2027.Jul
  Observations         12
 -----------------------------------------------------------------------------
               Jan      Feb      Mar      Apr      May      Jun 
               Jul      Aug      Sep      Oct      Nov      Dec         AVGE  
 -----------------------------------------------------------------------------
  2026                                                          
                      100.06   100.06    99.96    99.92    99.82         99.96
 
  2027       100.13   100.12   100.06    99.99    99.95    99.93
             100.02                                                     100.03
 
        R35 monthly CPI index            PAGE  14, SERIES series

 D 11  Final seasonally adjusted data
  From  2015.Jan to 2026.Jul
  Observations        139
 -----------------------------------------------------------------------------
               Jan      Feb      Mar      Apr      May      Jun 
               Jul      Aug      Sep      Oct      Nov      Dec        TOTAL  
 -----------------------------------------------------------------------------
  2015         100.     100.     100.     100.     100.     100.
               100.     100.     100.     100.     100.     100.         1200.
 
  2016         101.     101.     101.     102.     102.     102.
               102.     102.     102.     103.     103.     103.         1226.
 
  2017         103.     103.     103.     103.     103.     103.
               103.     103.     103.     103.     103.     103.         1235.
 
  2018         103.     103.     103.     104.     104.     104.
               104.     104.     104.     104.     104.     104.         1245.
 
  2019         106.     106.     106.     106.     106.     106.
               106.     106.     106.     106.     106.     106.         1270.
 
  2020         112.     112.     112.     112.     109.     110.
               110.     110.     110.     110.     110.     110.         1324.
 
  2021         114.     114.     114.     115.     115.     115.
               115.     115.     115.     115.     115.     115.         1377.
 
  2022         120.     120.     120.     120.     120.     120.
               121.     121.     121.     121.     121.     121.         1444.
 
  2023         139.     139.     139.     139.     139.     139.
               139.     139.     139.     139.     139.     140.         1669.
 
  2024         150.     150.     150.     150.     151.     151.
               151.     151.     151.     151.     152.     152.         1810.
 
  2025         156.     156.     156.     156.     156.     157.
               157.     157.     157.     157.     158.     158.         1881.
 
  2026         161.     161.     162.     162.     162.     162.
               162.                                                      1132.
 
  AVGE         122.     122.     122.     122.     122.     122.
               122.     119.     119.     119.     119.     119.

  Table Total-     16812.79   Mean-     120.96   Std. Dev.-      21.34
                              Min -      99.75        Max -     162.28
        R35 monthly CPI index            PAGE  15, SERIES series

 D 12  Final trend cycle
  From  2015.Jan to 2026.Jul
  Observations        139
  Trend filter     9-term Henderson moving average
  I/C ratio        0.17
 -----------------------------------------------------------------------------
               Jan      Feb      Mar      Apr      May      Jun 
               Jul      Aug      Sep      Oct      Nov      Dec        TOTAL  
 -----------------------------------------------------------------------------
  2015         100.     100.     100.     100.     100.     100.
               100.     100.     100.     100.     100.     100.         1200.
 
  2016         101.     101.     101.     102.     102.     102.
               102.     102.     102.     103.     103.     103.         1226.
 
  2017         103.     103.     103.     103.     103.     103.
               103.     103.     103.     103.     103.     103.         1235.
 
  2018         103.     103.     104.     104.     104.     104.
               104.     104.     104.     104.     104.     104.         1245.
 
  2019         106.     106.     106.     106.     106.     106.
               106.     106.     106.     106.     106.     106.         1270.
 
  2020         112.     112.     112.     112.     109.     110.
               110.     110.     110.     110.     110.     110.         1324.
 
  2021         114.     114.     114.     115.     115.     115.
               115.     115.     115.     115.     115.     115.         1376.
 
  2022         120.     120.     120.     120.     120.     120.
               121.     121.     121.     121.     121.     121.         1444.
 
  2023         139.     139.     139.     139.     139.     139.
               139.     139.     139.     139.     139.     140.         1669.
 
  2024         150.     150.     150.     150.     151.     151.
               151.     151.     151.     151.     152.     152.         1810.
 
  2025         156.     156.     156.     156.     157.     157.
               157.     157.     157.     157.     158.     158.         1881.
 
  2026         161.     161.     162.     162.     162.     162.
               162.                                                      1133.
 
  AVGE         122.     122.     122.     122.     122.     122.
               122.     119.     119.     119.     119.     119.

  Table Total-     16813.39   Mean-     120.96   Std. Dev.-      21.35
                              Min -      99.76        Max -     162.28
        R35 monthly CPI index            PAGE  16, SERIES series

 D 13  Final irregular component
  From  2015.Jan to 2026.Jul
  Observations        139
 -----------------------------------------------------------------------------
               Jan      Feb      Mar      Apr      May      Jun 
               Jul      Aug      Sep      Oct      Nov      Dec         S.D.  
 -----------------------------------------------------------------------------
  2015        100.0    100.0    100.0    100.0    100.0    100.0
              100.0    100.0    100.0    100.0    100.0    100.0           0.0
 
  2016        100.0    100.0    100.0    100.0    100.0    100.0
              100.0    100.0    100.0    100.0    100.0    100.0           0.0
 
  2017        100.0    100.0    100.0    100.0    100.0    100.0
              100.0    100.0    100.0    100.0    100.0    100.0           0.0
 
  2018        100.0    100.0    100.0    100.0    100.0    100.0
              100.0    100.0    100.0    100.0    100.0    100.0           0.0
 
  2019        100.0    100.0    100.0    100.0    100.0    100.0
              100.1    100.1    100.1    100.0    100.0    100.0           0.0
 
  2020        100.0    100.0    100.0    100.0    100.0    100.0
              100.0    100.0     99.9    100.0    100.0    100.0           0.0
 
  2021        100.0    100.1    100.0    100.0    100.1    100.0
              100.0    100.0    100.0    100.0    100.0    100.0           0.0
 
  2022        100.0     99.9     99.9     99.9    100.0    100.0
              100.0    100.0    100.0    100.0    100.0    100.0           0.1
 
  2023        100.0    100.0    100.0    100.0    100.0    100.0
              100.1    100.0    100.0    100.0    100.0    100.0           0.0
 
  2024        100.0    100.0    100.0    100.0    100.0     99.8
              100.0    100.0    100.0    100.0    100.0    100.0           0.0
 
  2025        100.0     99.9    100.0    100.0    100.0    100.0
              100.0    100.1    100.0    100.0    100.0    100.0           0.0
 
  2026        100.0    100.0     99.9    100.0    100.0    100.0
              100.0                                                        0.0
 
  S.D.          0.0      0.1      0.0      0.0      0.0      0.0
                0.1      0.0      0.0      0.0      0.0      0.0

  Table Total-     13899.62   Mean-     100.00   Std. Dev.-       0.04
                              Min -      99.85        Max -     100.13
        R35 monthly CPI index            PAGE  17, SERIES series

 D 16  Combined adjustment factors
  From  2015.Jan to 2026.Jul
  Observations        139
 -----------------------------------------------------------------------------
               Jan      Feb      Mar      Apr      May      Jun 
               Jul      Aug      Sep      Oct      Nov      Dec         AVGE  
 -----------------------------------------------------------------------------
  2015       100.15   100.12   100.10   100.10   100.07   100.04
             100.00    99.96    99.92    99.88    99.84    99.81        100.00
 
  2016       100.15   100.12   100.10   100.11   100.07   100.03
              99.99    99.96    99.92    99.88    99.84    99.80        100.00
 
  2017       100.15   100.13   100.11   100.11   100.07   100.03
              99.98    99.96    99.93    99.88    99.84    99.80        100.00
 
  2018       100.16   100.14   100.11   100.10   100.06   100.03
              99.98    99.97    99.93    99.89    99.84    99.80        100.00
 
  2019       100.16   100.15   100.12   100.09   100.06   100.03
              99.97    99.96    99.93    99.89    99.84    99.79        100.00
 
  2020       100.16   100.17   100.13   100.07   100.04   100.02
              99.97    99.96    99.94    99.91    99.85    99.78        100.00
 
  2021       100.15   100.18   100.14   100.06   100.02   100.01
              99.97    99.98    99.95    99.92    99.85    99.78        100.00
 
  2022       100.15   100.19   100.13   100.03   100.00   100.00
              99.98   100.00    99.97    99.94    99.87    99.79        100.00
 
  2023       100.14   100.18   100.12   100.01    99.97    99.97
              99.99   100.03   100.00    99.94    99.89    99.81        100.00
 
  2024       100.14   100.16   100.09    99.99    99.95    99.96
             100.00   100.05   100.03    99.95    99.90    99.81        100.00
 
  2025       100.14   100.14   100.07    99.99    99.94    99.94
             100.01   100.06   100.05    99.95    99.91    99.82        100.00
 
  2026       100.13   100.13   100.06    99.99    99.94    99.93
             100.01                                                     100.03
 
  AVGE       100.15   100.15   100.11   100.05   100.02   100.00
              99.99    99.99    99.96    99.91    99.86    99.80

  Table Total-     13900.35   Mean-     100.00   Std. Dev.-       0.11
                              Min -      99.78        Max -     100.19

 D 16.A  Combined adjustment component forecasts
  From  2026.Aug to 2027.Jul
  Observations         12
 -----------------------------------------------------------------------------
               Jan      Feb      Mar      Apr      May      Jun 
               Jul      Aug      Sep      Oct      Nov      Dec         AVGE  
 -----------------------------------------------------------------------------
  2026                                                          
                      100.06   100.06    99.96    99.92    99.82         99.96
 
  2027       100.13   100.12   100.06    99.99    99.95    99.93
             100.02                                                     100.03
 
        R35 monthly CPI index            PAGE  18, SERIES series

 E 4  Ratios of annual totals
  From          2015 to 2025
  Observations         11
 -----------------------------------
  Year       Unmodified     Modified
                  (D11)         (E2)
 -----------------------------------
  2015           100.00       100.00
 
  2016           100.00       100.00
 
  2017           100.00       100.00
 
  2018           100.00       100.00
 
  2019           100.00       100.00
 
  2020           100.00       100.00
 
  2021           100.00       100.00
 
  2022           100.00       100.00
 
  2023           100.00       100.00
 
  2024           100.00       100.00
 
  2025           100.00       100.00
 
        R35 monthly CPI index            PAGE  19, SERIES series

 E 5  Month-to-month percent change in the original series
  From  2015.Feb to 2026.Jul
  Observations        138
 -----------------------------------------------------------------------------
               Jan      Feb      Mar      Apr      May      Jun 
               Jul      Aug      Sep      Oct      Nov      Dec         AVGE  
 -----------------------------------------------------------------------------
  2015                   0.0      0.0      0.0      0.0      0.2
                0.0      0.0      0.0      0.0      0.0      0.0           0.0
 
  2016          1.3      0.0      0.0      1.0      0.0      0.0
                0.0      0.0      0.0      0.0      0.0      0.0           0.2
 
  2017          0.4      0.0      0.0      0.1      0.0      0.0
                0.0      0.0      0.0      0.0      0.0      0.0           0.0
 
  2018          0.7      0.0      0.0      0.1      0.0      0.0
                0.0      0.1      0.0      0.0      0.0      0.0           0.1
 
  2019          1.8      0.1      0.0      0.0      0.0      0.0
                0.1      0.0      0.0      0.0      0.0      0.0           0.2
 
  2020          5.6      0.0      0.0      0.0     -2.1      0.1
                0.0      0.0      0.0      0.1      0.0      0.0           0.3
 
  2021          4.3      0.2      0.0      0.0      0.1      0.0
                0.0      0.1      0.0      0.1      0.0      0.0           0.4
 
  2022          4.3      0.0      0.1      0.0      0.1      0.1
                0.3      0.1      0.1      0.1      0.0      0.0           0.4
 
  2023         15.0      0.2      0.1      0.0      0.1     -0.6
                0.3      0.1      0.1      0.1      0.1      0.1           1.3
 
  2024          7.7      0.1      0.0      0.0      0.1      0.0
                0.3      0.2      0.1      0.0      0.1      0.0           0.7
 
  2025          3.0      0.0      0.2      0.0      0.1      0.1
                0.2      0.3      0.0      0.0      0.1      0.0           0.3
 
  2026          2.6      0.1      0.0      0.1      0.1      0.1
                0.2                                                        0.4
 
  AVGE          4.2      0.1      0.0      0.1     -0.1     -0.0
                0.1      0.1      0.0      0.0      0.0      0.0

  Table Total-        50.30   Mean-       0.36   Std. Dev.-       1.66
                              Min -      -2.06        Max -      14.98
        R35 monthly CPI index            PAGE  20, SERIES series

 E 6  Month-to-month percent change in seasonally adjusted series (D11)
  From  2015.Feb to 2026.Jul
  Observations        138
 -----------------------------------------------------------------------------
               Jan      Feb      Mar      Apr      May      Jun 
               Jul      Aug      Sep      Oct      Nov      Dec         AVGE  
 -----------------------------------------------------------------------------
  2015                   0.0      0.0     -0.0      0.0      0.2
                0.0      0.0      0.0      0.0      0.0      0.0           0.0
 
  2016          0.9      0.0      0.0      1.0      0.0      0.0
                0.0      0.0      0.0      0.0      0.0      0.0           0.2
 
  2017          0.0      0.0      0.0      0.1      0.0      0.0
                0.0      0.0      0.0      0.0      0.0      0.0           0.0
 
  2018          0.3      0.0      0.0      0.1      0.0      0.0
                0.0      0.1      0.0      0.0      0.0      0.0           0.1
 
  2019          1.5      0.1      0.0      0.0      0.0      0.0
                0.1      0.0      0.0      0.0      0.1      0.1           0.2
 
  2020          5.2     -0.0      0.0      0.1     -2.0      0.1
                0.0      0.0      0.0      0.1      0.1      0.1           0.3
 
  2021          3.9      0.1      0.0      0.1      0.1      0.0
                0.0      0.1      0.0      0.1      0.1      0.1           0.4
 
  2022          3.9     -0.0      0.1      0.1      0.1      0.1
                0.4      0.1      0.1      0.1      0.1      0.1           0.4
 
  2023         14.6      0.2      0.1      0.1      0.1     -0.6
                0.3      0.0      0.1      0.1      0.1      0.2           1.3
 
  2024          7.4      0.0      0.1      0.1      0.2     -0.0
                0.3      0.2      0.1      0.1      0.1      0.1           0.7
 
  2025          2.6     -0.0      0.3      0.1      0.1      0.1
                0.1      0.2      0.0      0.1      0.1      0.1           0.3
 
  2026          2.3      0.1      0.1      0.2      0.1      0.1
                0.1                                                        0.4
 
  AVGE          3.9      0.0      0.1      0.2     -0.1      0.0
                0.1      0.1      0.0      0.1      0.1      0.1

  Table Total-        50.28   Mean-       0.36   Std. Dev.-       1.58
                              Min -      -2.03        Max -      14.58
        R35 monthly CPI index            PAGE  21, SERIES series

 E 7  Month-to-month percent change in final trend cycle (D12)
  From  2015.Feb to 2026.Jul
  Observations        138
 -----------------------------------------------------------------------------
               Jan      Feb      Mar      Apr      May      Jun 
               Jul      Aug      Sep      Oct      Nov      Dec         AVGE  
 -----------------------------------------------------------------------------
  2015                   0.0      0.0      0.0      0.0      0.2
                0.0      0.0      0.0      0.0      0.0      0.0           0.0
 
  2016          0.9      0.0      0.0      1.0      0.0      0.0
                0.0      0.0      0.0      0.0      0.0      0.0           0.2
 
  2017          0.0      0.0      0.0      0.0      0.0      0.0
                0.0      0.0      0.0      0.0      0.0      0.0           0.0
 
  2018          0.3      0.0      0.0      0.0      0.1      0.1
                0.1      0.1      0.1      0.0      0.0      0.1           0.1
 
  2019          1.5      0.1      0.1      0.0      0.0      0.0
                0.0      0.0      0.1      0.1      0.1      0.0           0.2
 
  2020          5.2      0.0      0.0      0.1     -2.0      0.1
                0.1      0.1      0.1      0.1      0.1      0.1           0.3
 
  2021          3.9      0.1      0.1      0.1      0.1      0.1
                0.1      0.1      0.1      0.1      0.1      0.1           0.4
 
  2022          3.9      0.1      0.1      0.1      0.1      0.1
                0.3      0.1      0.1      0.1      0.1      0.1           0.4
 
  2023         14.6      0.1      0.1      0.1      0.1     -0.6
                0.1      0.1      0.1      0.1      0.1      0.1           1.3
 
  2024          7.4      0.1      0.1      0.1      0.1      0.1
                0.1      0.1      0.1      0.1      0.1      0.1           0.7
 
  2025          2.6      0.1      0.1      0.1      0.1      0.1
                0.1      0.1      0.1      0.1      0.1      0.1           0.3
 
  2026          2.3      0.1      0.1      0.1      0.1      0.1
                0.1                                                        0.4
 
  AVGE          3.9      0.1      0.1      0.2     -0.1      0.0
                0.1      0.1      0.1      0.1      0.1      0.1

  Table Total-        50.28   Mean-       0.36   Std. Dev.-       1.58
                              Min -      -2.04        Max -      14.58
        R35 monthly CPI index            PAGE  22, SERIES series

 E 8  Month-to-month percent change in original series adjusted for calendar factors (A18)
  From  2015.Feb to 2026.Jul
  Observations        138
 -----------------------------------------------------------------------------
               Jan      Feb      Mar      Apr      May      Jun 
               Jul      Aug      Sep      Oct      Nov      Dec         AVGE  
 -----------------------------------------------------------------------------
  2015                   0.0      0.0      0.0      0.0      0.2
                0.0      0.0      0.0      0.0      0.0      0.0           0.0
 
  2016          1.3      0.0      0.0      1.0      0.0      0.0
                0.0      0.0      0.0      0.0      0.0      0.0           0.2
 
  2017          0.4      0.0      0.0      0.1      0.0      0.0
                0.0      0.0      0.0      0.0      0.0      0.0           0.0
 
  2018          0.7      0.0      0.0      0.1      0.0      0.0
                0.0      0.1      0.0      0.0      0.0      0.0           0.1
 
  2019          1.8      0.1      0.0      0.0      0.0      0.0
                0.1      0.0      0.0      0.0      0.0      0.0           0.2
 
  2020          5.6      0.0      0.0      0.0     -2.1      0.1
                0.0      0.0      0.0      0.1      0.0      0.0           0.3
 
  2021          4.3      0.2      0.0      0.0      0.1      0.0
                0.0      0.1      0.0      0.1      0.0      0.0           0.4
 
  2022          4.3      0.0      0.1      0.0      0.1      0.1
                0.3      0.1      0.1      0.1      0.0      0.0           0.4
 
  2023         15.0      0.2      0.1      0.0      0.1     -0.6
                0.3      0.1      0.1      0.1      0.1      0.1           1.3
 
  2024          7.7      0.1      0.0      0.0      0.1      0.0
                0.3      0.2      0.1      0.0      0.1      0.0           0.7
 
  2025          3.0      0.0      0.2      0.0      0.1      0.1
                0.2      0.3      0.0      0.0      0.1      0.0           0.3
 
  2026          2.6      0.1      0.0      0.1      0.1      0.1
                0.2                                                        0.4
 
  AVGE          4.2      0.1      0.0      0.1     -0.1     -0.0
                0.1      0.1      0.0      0.0      0.0      0.0

  Table Total-        50.30   Mean-       0.36   Std. Dev.-       1.66
                              Min -      -2.06        Max -      14.98
        R35 monthly CPI index            PAGE  23, SERIES series

 E 18  Final adjustment ratios
  From  2015.Jan to 2026.Jul
  Observations        139
 -----------------------------------------------------------------------------
               Jan      Feb      Mar      Apr      May      Jun 
               Jul      Aug      Sep      Oct      Nov      Dec         AVGE  
 -----------------------------------------------------------------------------
  2015        100.2    100.1    100.1    100.1    100.1    100.0
              100.0    100.0     99.9     99.9     99.8     99.8         100.0
 
  2016        100.2    100.1    100.1    100.1    100.1    100.0
              100.0    100.0     99.9     99.9     99.8     99.8         100.0
 
  2017        100.2    100.1    100.1    100.1    100.1    100.0
              100.0    100.0     99.9     99.9     99.8     99.8         100.0
 
  2018        100.2    100.1    100.1    100.1    100.1    100.0
              100.0    100.0     99.9     99.9     99.8     99.8         100.0
 
  2019        100.2    100.2    100.1    100.1    100.1    100.0
              100.0    100.0     99.9     99.9     99.8     99.8         100.0
 
  2020        100.2    100.2    100.1    100.1    100.0    100.0
              100.0    100.0     99.9     99.9     99.8     99.8         100.0
 
  2021        100.1    100.2    100.1    100.1    100.0    100.0
              100.0    100.0    100.0     99.9     99.9     99.8         100.0
 
  2022        100.1    100.2    100.1    100.0    100.0    100.0
              100.0    100.0    100.0     99.9     99.9     99.8         100.0
 
  2023        100.1    100.2    100.1    100.0    100.0    100.0
              100.0    100.0    100.0     99.9     99.9     99.8         100.0
 
  2024        100.1    100.2    100.1    100.0    100.0    100.0
              100.0    100.0    100.0     99.9     99.9     99.8         100.0
 
  2025        100.1    100.1    100.1    100.0     99.9     99.9
              100.0    100.1    100.1    100.0     99.9     99.8         100.0
 
  2026        100.1    100.1    100.1    100.0     99.9     99.9
              100.0                                                      100.0
 
  AVGE        100.1    100.2    100.1    100.1    100.0    100.0
              100.0    100.0    100.0     99.9     99.9     99.8

  Table Total-     13900.35   Mean-     100.00   Std. Dev.-       0.11
                              Min -      99.78        Max -     100.19

 E 18.A  Final adjustment ratio forecasts
  From  2026.Aug to 2027.Jul
  Observations         12
 -----------------------------------------------------------------------------
               Jan      Feb      Mar      Apr      May      Jun 
               Jul      Aug      Sep      Oct      Nov      Dec         AVGE  
 -----------------------------------------------------------------------------
  2026                                                          
                       100.1    100.1    100.0     99.9     99.8         100.0
 
  2027        100.1    100.1    100.1    100.0     99.9     99.9
              100.0                                                      100.0
 

  QS statistic for seasonality:
  log(Original Series)                              126.80  (P-Value =     0.0000)
  log(Original Series (EV adj))                     204.70  (P-Value =     0.0000)
  Residuals                                           0.00  (P-Value =     1.0000)
  log(Seasonally Adjusted Series)                   114.20  (P-Value =     0.0000)
  log(SA Series (EV adj))                             0.00  (P-Value =     1.0000)
  Irregular Series                                    3.14  (P-Value =     0.2085)
  Irregular Series (EV adj)                           0.00  (P-Value =     1.0000)

  QS statistic for seasonality (starting 2018.Aug):
  log(Original Series)                               92.33  (P-Value =     0.0000)
  log(Original Series (EV adj))                     132.24  (P-Value =     0.0000)
  Residuals                                           0.00  (P-Value =     1.0000)
  log(Seasonally Adjusted Series)                    84.31  (P-Value =     0.0000)
  log(SA Series (EV adj))                             0.00  (P-Value =     1.0000)
  Irregular Series                                    2.93  (P-Value =     0.2308)
  Irregular Series (EV adj)                           0.00  (P-Value =     1.0000)
        R35 monthly CPI index            PAGE  24, SERIES series


  Visually significant residual seasonal peaks have been
  found in the spectral plots of the following series starting in 2018.Aug:

          differenced, transformed seasonally adjusted series (Table D11) (4 Seasonal peak(s))

          Irregular component (Table D13) (1 Seasonal and 
        R35 monthly CPI index            PAGE  25, SERIES series
 G 0  10*LOG(SPECTRUM) of the differenced, transformed Prior Adjusted Series
      (Table B1).  Spectrum estimated from 2018.Aug to 2026.Jul.
 ++++++++++I+++++++++++++++++++++++++++++++++++++++++++++++++++++++++++++I
     -43.95I                    S                                        I    -43.95
           I                    S                                        I
           I                    S                                        I
           I                    S                                        I
     -46.15I                    S                                        I    -46.15
           I                    S         S                              I
           I                    S         S                              I
           I                    S         S         S                    I
     -48.34I                    S         S         S                    I    -48.34
           I                    S         S         S                    I
           I                    S         S         S                    I
           I                    S         S         S         S          I
     -50.53I                    S         S         S         S         SI    -50.53
           I          S         S         S         S         S         SI
           I          S         S         S         S         S         SI
           I          S         S         S         S         S         SI
     -52.73I          S         S         S         S         S         SI    -52.73
           I          S         S         S         S         S         SI
           I          S         S         S         S         S         SI
           I          S         S         S         S         S         SI
     -54.92I          S         S         S         S         S         SI    -54.92
           I          S         S         S         S         S         SI
           I          S         S         S         S         S         SI
           I          S         S         S         S         S         SI
     -57.11I**        S         S*        S         S         S         SI    -57.11
           I**        S        *S*        S         S        *S*        SI
           I**        S        *S*        S         S        *S*        SI
           I**        S        *S*        S         S        *S*        SI
     -59.31I**        S*       *S*       *S         S        *S*        SI    -59.31
           I**        S*       *S*       *S*        S*       *S*        SI
           I**        S*       *S*       *S*        S*       *S*        SI
           I**        S*       *S**      *S*       *S*       *S*        SI
     -61.50I***       S*       *S**      *S*       *S*       *S*        SI    -61.50
           I***      *S*      **S**      *S*       *S*       *S*        SI
           I***      *S*      **S***     *S*       *S*  *    *S*        SI
           I***      *S**   ****S***     *S*       *S*  *    *S*       *SI
     -63.69I***      *S**   ****S***     *S*       *S*T**    *S*       *SI    -63.69
           I***      *S**  *****S****   **S*       *S*T**   **S*       *SI
           I***      *S*********S****   **S*       *S*T**   **S*T      *SI
           I***      *S*********S****   **S**      *S*T***  **S*T      *SI
     -65.89I***      *S*********S*****  **S**     **S*T***  **S*T      *SI    -65.89
           I***      *S*********S***** ***S**  ** **S*T***  **S*T      *SI
           I****     *S*********S*********S*** *****S*T*** ***S*T      *SI
           I****     *S*********S*********S*********S*T*******S*T      *SI
     -68.08I****    **S*********S*********S*********S*T*******S*T     **SI    -68.08
           I****    **S*********S*********S*********S*T*******S*T     **SI
           I****    **S*********S*********S*********S*T*******S*T*    **SI
           I****    **S*********S*********S*********S*T*******S*T*    **SI
     -70.28I*****   **S*********S*********S*********S*T*******S*T*    **SI    -70.28
           I*****   **S*********S*********S*********S*T*******S*T*   ***SI
           I*****  ***S*********S*********S*********S*T*******S*T*   ***SI
           I*****  ***S*********S*********S*********S*T*******S*T**  ***SI
     -72.47I**********S*********S*********S*********S*T*******S*T*******SI    -72.47
 ++++++++++I+++++++++++++++++++++++++++++++++++++++++++++++++++++++++++++I
            S=SEASONAL FREQUENCIES, T=TRADING DAY FREQUENCIES
        R35 monthly CPI index            PAGE  26, SERIES series
 G 1  10*LOG(SPECTRUM) of the differenced, transformed seasonally adjusted 
      data (Table D11).  Spectrum estimated from 2018.Aug to 2026.Jul.
 ++++++++++I+++++++++++++++++++++++++++++++++++++++++++++++++++++++++++++I
     -27.06I                                        S                    I    -27.06
           I          S                             S         S          I
           I          S         S         S         S         S         SI
           I          S         S         S         S         S         SI
     -28.31I          S         S         S         S         S         SI    -28.31
           I          S         S         S         S         S         SI
           I          S         S         S         S         S         SI
           I          S         S         S         S         S         SI
     -29.55I          S         S         S         S         S         SI    -29.55
           I          S         S         S         S         S         SI
           I          S         S         S         S         S         SI
           I          S         S         S         S         S         SI
     -30.80I          S         S         S         S         S         SI    -30.80
           I          S         S         S         S         S         SI
           I          S         S         S         S         S         SI
           I          S         S         S         S         S         SI
     -32.05I          S         S         S         S*        S         SI    -32.05
           I          S         S         S         S*        S         SI
           I          S         S         S         S*        S         SI
           I          S         S         S        *S*        S*        SI
     -33.29I          S        *S*        S        *S*        S*       *SI    -33.29
           I         *S*       *S*        S        *S*        S*       *SI
           I         *S*       *S*        S        *S*        S*       *SI
           I         *S*       *S*        S*       *S*        S*       *SI
     -34.54I         *S*       *S*        S*       *S*       *S*       *SI    -34.54
           I         *S*       *S*       *S*       *S*       *S*       *SI
           I         *S*       *S*       *S*       *S*       *S*       *SI
           I         *S*       *S*       *S*       *S*       *S*       *SI
     -35.79I         *S*       *S*       *S*       *S*       *S*       *SI    -35.79
           I         *S*       *S*       *S*       *S*       *S*       *SI
           I         *S*       *S*       *S*       *S*       *S*       *SI
           I         *S*       *S*       *S*       *S*       *S*       *SI
     -37.04I  *     **S*       *S*       *S*       *S*T      *S*       *SI    -37.04
           I  *     **S*       *S*       *S*       *S*T      *S*       *SI
           I  *     **S*       *S*       *S*      **S*T      *S*       *SI
           I  *     **S**      *S*       *S*      **S*T      *S*      **SI
     -38.28I  *     **S**      *S**      *S*      **S*T      *S*      **SI    -38.28
           I  *     **S**     **S**      *S*      **S*T      *S*T     **SI
           I **     **S**     **S**     **S*      **S*T     **S*T     **SI
           I **     **S**     **S**     **S**     **S*T     **S*T     **SI
     -39.53I **     **S***    **S**     **S**     **S*T     **S*T     **SI    -39.53
           I **    ***S****   **S**     **S**     **S*T*    **S*T     **SI
           I****   ***S****   **S**     **S**    ***S*T*    **S*T     **SI
           I****   ***S*****  **S**     **S**    ***S*T*    **S*T     **SI
     -40.78I****   ***S***** ***S**     **S**    ***S*T*   ***S*T    ***SI    -40.78
           I****   ***S***** ***S***   ***S***  ****S*T*   ***S*T*   ***SI
           I****   ***S*********S***   ***S*** *****S*T*   ***S*T*   ***SI
           I****   ***S*********S***   ***S*********S*T** ****S*T*   ***SI
     -42.03I****  ****S*********S***   ***S*********S*T*******S*T*  ****SI    -42.03
           I****  ****S*********S***   ***S*********S*T*******S*T*******SI
           I****  ****S*********S***  ****S*********S*T*******S*T*******SI
           I***** ****S*********S**** ****S*********S*T*******S*T*******SI
     -43.27I**********S*********S*********S*********S*T*******S*T*******SI    -43.27
 ++++++++++I+++++++++++++++++++++++++++++++++++++++++++++++++++++++++++++I
            S=SEASONAL FREQUENCIES, T=TRADING DAY FREQUENCIES
        R35 monthly CPI index            PAGE  27, SERIES series
 G 2  10*LOG(SPECTRUM) of the Irregular (Table D13).  
      Spectrum estimated from 2018.Aug to 2026.Jul.
 ++++++++++I+++++++++++++++++++++++++++++++++++++++++++++++++++++++++++++I
     -67.59I           *                                                 I    -67.59
           I           *             *                                   I
           I           *             *                                   I
           I           *             *                                   I
     -69.03I           *             **                                  I    -69.03
           I           *             **         *                        I
           I           *         *   **   S     *                        I
           I         *S*         **  **   S     *                        I
     -70.47I         *S*         **  **   S     *                        I    -70.47
           I        **S*         **  **   S     *    *                   I
           I        **S**   *    **  **   S     *    *                   I
           I        **S**   *    ** ***   S     *   S*                   I
     -71.91I        **S**   **   ** ***   S     *   S*                   I    -71.91
           I        **S**   **   ******  *S     *   S*  *                I
           I    *   **S**   **   ******  *S     *   S*  *               SI
           I    **  **S**   **   ******* *S     *   S*T**               SI
     -73.35I    ** ***S**   **   ******* *S    **   S*T**    *          SI    -73.35
           I    ** ***S**   **  S******* *S*   **   S*T**    *          SI
           I    ** ***S**   **  S*********S*   ***  S*T**    *          SI
           I    ** ***S**   **  S*********S*   ***  S*T**    *          SI
     -74.79I    ******S**   **  S*********S*   *** *S*T**    *          SI    -74.79
           I    ******S**  **** S*********S*   *** *S*T**    *S         SI
           I    ******S*** **** S*********S*   *** *S*T***   *S         SI
           I    ******S*** *****S*********S*   *** *S*T***   *S         SI
     -76.23I    ******S*** *****S*********S*   *****S*T***   *S        *SI    -76.23
           I    ******S*********S*********S*   *****S*T***   *S        *SI
           I    ******S*********S*********S*   *****S*T***   *S        *SI
           I    ******S*********S*********S*   *****S*T***  **S        *SI
     -77.67I    ******S*********S*********S** ******S*T***  **S        *SI    -77.67
           I    ******S*********S*********S** ******S*T***  **S     *  *SI
           I    ******S*********S*********S** ******S*T**** **S     *  *SI
           I    ******S*********S*********S*********S*T**** **S     * **SI
     -79.11I   *******S*********S*********S*********S*T*******S    *****SI    -79.11
           I   *******S*********S*********S*********S*T*******S*   *****SI
           I   *******S*********S*********S*********S*T*******S*   *****SI
           I   *******S*********S*********S*********S*T*******S*   *****SI
     -80.55I   *******S*********S*********S*********S*T*******S*   *****SI    -80.55
           I   *******S*********S*********S*********S*T*******S*   *****SI
           I   *******S*********S*********S*********S*T*******S*   *****SI
           I   *******S*********S*********S*********S*T*******S*   *****SI
     -81.99I   *******S*********S*********S*********S*T*******S*  ******SI    -81.99
           I   *******S*********S*********S*********S*T*******S*T ******SI
           I   *******S*********S*********S*********S*T*******S*T ******SI
           I   *******S*********S*********S*********S*T*******S*T*******SI
     -83.43I  ********S*********S*********S*********S*T*******S*T*******SI    -83.43
           I  ********S*********S*********S*********S*T*******S*T*******SI
           I  ********S*********S*********S*********S*T*******S*T*******SI
           I  ********S*********S*********S*********S*T*******S*T*******SI
     -84.87I  ********S*********S*********S*********S*T*******S*T*******SI    -84.87
           I  ********S*********S*********S*********S*T*******S*T*******SI
           I *********S*********S*********S*********S*T*******S*T*******SI
           I *********S*********S*********S*********S*T*******S*T*******SI
     -86.31I**********S*********S*********S*********S*T*******S*T*******SI    -86.31
 ++++++++++I+++++++++++++++++++++++++++++++++++++++++++++++++++++++++++++I
            S=SEASONAL FREQUENCIES, T=TRADING DAY FREQUENCIES
        R35 monthly CPI index            PAGE  28, SERIES series

  Peak probabilities for Tukey spectrum estimator
  Spectrum estimated from 2018.Aug to 2026.Jul.

                                          S1       S2       S3       S4       S5       S6       TD
                                        ------   ------   ------   ------   ------   ------   ------
  Model Residuals                        0.226    0.541    0.492    0.351    0.343    0.401    0.251  
  Prior Adjusted Series (Table B1)       0.902*   0.998**  0.995**  0.994**  0.999**  0.997**  0.141  
  Seasonally adjusted series (D11)       0.874    0.990*   0.975*   0.978*   0.997**  0.967*   0.166  
  Irregular (D13)                        0.611    0.321    0.471    0.859    0.681    0.789    0.703  
  ----------
     ** - Peak Probability > 0.99,
      * - 0.90 < Peak Probability < 0.99



  NP statistic for residual seasonality:

  NP statistic for residual seasonality (Full series)
                                                  Residual Seasonality?
  log(Seasonally Adjusted Series)                          yes
  log(Seasonally Adjusted Series (EV adj))                 no

  NP statistic for residual seasonality (Series start in 2018.Aug)
                                                  Residual Seasonality?
  log(Seasonally Adjusted Series)                          yes
  log(Seasonally Adjusted Series (EV adj))                 no
