  Reading input spec file from series.spc

1

               U. S. Department of Commerce, U. S. Census Bureau

              X-13ARIMA-SEATS monthly seasonal adjustment Method,
                          Release Version 1.1 Build 62


           This software application provides an enhanced version of
             Statistics Canada's X-11-ARIMA extension (Dagum, 1980)
                 of the X-11 variant of the Census Method II of
                      Shiskin, Young and Musgrave (1967).

            It also provides an ARIMA model-based method following
       Hillmer and Tiao (1982) and Burman (1980) that is very similar
       to the update of the method of SEATS (Gomez and Maravall, 1996)
                produced at the Bank of Spain by G. Caporello and
               A. Maravall for TSW (Caporello and Maravall, 2004).
          The present application includes additional enhancements.

         X-13ARIMA-SEATS includes an automatic ARIMA model selection procedure
          based largely on the procedure of Gomez and Maravall (1998)
            as implemented in TRAMO (1996) and subsequent revisions.

              Primary Programmers: Brian Monsell, Mark Otto and,
                 for the ARIMA model-based signal extraction,
                      Gianluca Caporello and Victor Gomez


     Series Title- R35 monthly CPI index
     Series Name- series
     Sep 22, 2026  22.39.08 

        -Period covered-  1st month,2015 to  8th month,2026
        -Type of run - multiplicative seasonal adjustment

        -Sigma limits for graduating extreme values are  1.5 and  2.5 .
        -3x3 moving average used in section 1 of each iteration, 
         3x5 moving average in section 2 of iterations B and C,
         moving average for final seasonal factors chosen by Global MSR.
        -Spectral plots generated for selected series
        -Spectral plots generated for series starting in 2018.Sep

 FILE SAVE REQUESTS (* indicates file exists and will be overwritten)
  series.d10  final seasonal factors
  series.d11  final seasonally adjusted data
  series.d12  final trend cycle
  series.d13  final irregular component
  series.out  program output file
  series.err  program error file
  series.udg  seasonal adjustment and model diagnostics file
        R35 monthly CPI index            PAGE   1, SERIES series

     Contents of spc file series.spc

 Line #
 ------
      1: series { title="R35 monthly CPI index" start=2015.1 period=12 data=(
      2: 99.599999999999994 99.5 99.5 99.599999999999994 100 100.09999999999999
      3: 100.09999999999999 100.09999999999999 100.3 100.5 100.40000000000001 100.5
      4: 100.7 100.5 100.40000000000001 100.5 101.09999999999999 101
      5: 101 101.2 101.40000000000001 101.7 101.8 102.5
      6: 103 103.40000000000001 103.7 104.09999999999999 104.90000000000001 105.40000000000001
      7: 105.8 106.40000000000001 106.7 107.09999999999999 107.09999999999999 107.3
      8: 107.3 107.3 107.5 108.3 108.90000000000001 109.2
      9: 109.59999999999999 110.7 111.40000000000001 112.40000000000001 113 113.5
     10: 113.7 113.59999999999999 113.59999999999999 114.3 115 115.40000000000001
     11: 115.59999999999999 116.09999999999999 116.3 117 117.59999999999999 118
     12: 118.09999999999999 117.8 117.59999999999999 117.5 117.90000000000001 118.2
     13: 118.3 118.09999999999999 118.3 118.7 119.40000000000001 119.8
     14: 120.2 120.40000000000001 120.5 121 122 123.5
     15: 125.40000000000001 127.8 130.5 133.90000000000001 136.5 137.40000000000001
     16: 138.5 139.30000000000001 140.19999999999999 142.40000000000001 145.30000000000001 148.30000000000001
     17: 149.59999999999999 150.80000000000001 151.90000000000001 152.69999999999999 152.69999999999999 152.40000000000001
     18: 151.09999999999999 150 149.69999999999999 149.40000000000001 149.80000000000001 150.5
     19: 150.90000000000001 151.40000000000001 152 152.69999999999999 153.40000000000001 153.30000000000001
     20: 151.69999999999999 151.5 151.09999999999999 150.90000000000001 151.30000000000001 151.69999999999999
     21: 152.30000000000001 153.19999999999999 154.09999999999999 155.30000000000001 155.69999999999999 155.90000000000001
     22: 156.09999999999999 156.19999999999999 156.5 157.09999999999999 158.30000000000001 159.09999999999999
     23: 159.69999999999999 160.69999999999999 161.59999999999999 162.69999999999999 163.09999999999999 163.69999999999999
     24: 164 164.19999999999999 164.90000000000001 165.59999999999999 166.69999999999999 167.30000000000001
     25: 168.80000000000001 169.40000000000001
     26: ) }
     27: transform { function=log }
     28: automdl { }
     29: outlier { types=(ao ls tc) }
     30: x11 { mode=mult save=(d10 d11 d12 d13) appendfcst=no appendbcst=no savelog=all }
     31: spectrum { logqs=yes robustsa=no print=all savelog=all }
     32: check { }
        R35 monthly CPI index            PAGE   2, SERIES series

 A 1  Time series data (for the span analyzed)
  From  2015.Jan to 2026.Aug
  Observations        140
 -----------------------------------------------------------------------------
               Jan      Feb      Mar      Apr      May      Jun 
               Jul      Aug      Sep      Oct      Nov      Dec        TOTAL  
 -----------------------------------------------------------------------------
  2015         100.     100.     100.     100.     100.     100.
               100.     100.     100.     101.     100.     101.         1200.
 
  2016         101.     101.     100.     101.     101.     101.
               101.     101.     101.     102.     102.     103.         1214.
 
  2017         103.     103.     104.     104.     105.     105.
               106.     106.     107.     107.     107.     107.         1265.
 
  2018         107.     107.     108.     108.     109.     109.
               110.     111.     111.     112.     113.     114.         1319.
 
  2019         114.     114.     114.     114.     115.     115.
               116.     116.     116.     117.     118.     118.         1386.
 
  2020         118.     118.     118.     118.     118.     118.
               118.     118.     118.     119.     119.     120.         1420.
 
  2021         120.     120.     121.     121.     122.     124.
               125.     128.     131.     134.     137.     137.         1519.
 
  2022         139.     139.     140.     142.     145.     148.
               150.     151.     152.     153.     153.     152.         1764.
 
  2023         151.     150.     150.     149.     150.     151.
               151.     151.     152.     153.     153.     153.         1814.
 
  2024         152.     152.     151.     151.     151.     152.
               152.     153.     154.     155.     156.     156.         1835.
 
  2025         156.     156.     157.     157.     158.     159.
               160.     161.     162.     163.     163.     164.         1915.
 
  2026         164.     164.     165.     166.     167.     167.
               169.     169.                                             1331.
 
  AVGE         127.     127.     127.     128.     128.     129.
               130.     130.     128.     129.     129.     129.

  Table Total-     17981.70   Mean-     128.44   Std. Dev.-      23.01
                              Min -      99.50        Max -     169.40
        R35 monthly CPI index            PAGE   3, SERIES series
                        Automatic ARIMA Model Selection

                    Procedure based closely on TRAMO method 
                         of Gomez and Maravall (2000)
              "Automatic Modeling Methods for Univariate Series",
                            A Course in Time Series
                  (Edited by D. Pena, G. C. Tiao, R. S. Tsay),
                         New York : J. Wiley and Sons


     Maximum order for regular ARMA parameters :   2
     Maximum order for seasonal ARMA parameters :   1
     Maximum order for regular differencing :   2
     Maximum order for seasonal differencing :   1

   Results of Unit Root Test for identifying orders of differencing:
     Regular difference order :   2
     Seasonal difference order :   0

     Mean is not significant.

  Automatic model choice : (1 2 1)(1 0 0)


  Final Checks for Identified Model


  Checking for Unit Roots.
   No unit roots found.

  Checking for nonseasonal overdifferencing.
   Reduce order of nonseasonal MA, nonseasonal differencing.
   ( 1, 1, 0) ( 1, 0, 0)
   Add constant term.

  Checking for insignificant ARMA coefficients.

  Final automatic model choice : (1 1 0)(1 0 0)
   End of automatic model selection procedure.

 Average absolute percentage error in within-sample forecasts:
  Last year:   0.25      Last-1 year:   0.24     Last-2 year:   0.37
  Last three years:    0.28

 Estimation converged in    2 ARMA iterations,   20 function evaluations.

 Regression Model
 ------------------------------------------------------------------------------
                             Parameter        Standard
 Variable                     Estimate           Error      t-value
 ------------------------------------------------------------------------------
 Constant                       0.0036         0.00184         1.97

 Automatically Identified Outliers
   LS2024.Jan                  -0.0085         0.00213        -3.98
 ------------------------------------------------------------------------------


 ARIMA Model:  (1 1 0)(1 0 0)
   Nonseasonal differences: 1
                                              Standard
 Parameter                    Estimate          Errors
 -----------------------------------------------------
 Nonseasonal AR                                    
   Lag  1                       0.8149         0.04782

 Seasonal AR                                       
   Lag 12                       0.3285         0.08184

 Variance                       0.83259E-05
 SE of Var                      0.99871E-06
 -----------------------------------------------------

 Likelihood Statistics
 ------------------------------------------------------------------
 Number of observations (nobs)                                  140
 Effective number of observations (nefobs)                      139
 Number of parameters estimated (np)                              5
 Log likelihood                                            614.3901
 Transformation Adjustment                                -672.9346
 Adjusted Log likelihood (L)                               -58.5445
 AIC                                                       127.0890 
 AICC (F-corrected-AIC)                                    127.5401 
 Hannan Quinn                                              133.0515 
 BIC                                                       141.7614 
 ------------------------------------------------------------------


 DIAGNOSTIC CHECKING
  Sample Autocorrelations of the Residuals with the Ljung-Box diagnostic.

  Lag      1     2     3     4     5     6     7     8     9    10    11    12
  ACF   0.06  0.03 -0.01 -0.05 -0.12 -0.04  0.13  0.08 -0.04 -0.04  0.07 -0.02
  SE    0.08  0.09  0.09  0.09  0.09  0.09  0.09  0.09  0.09  0.09  0.09  0.09
  Q     0.45  0.61  0.63  0.96  3.19  3.41  5.93  6.92  7.20  7.48  8.21  8.26
  DF       0     0     1     2     3     4     5     6     7     8     9    10
  P    0.000 0.000 0.426 0.620 0.364 0.492 0.313 0.328 0.408 0.486 0.513 0.604

  Lag     13    14    15    16    17    18    19    20    21    22    23    24
  ACF  -0.06  0.01 -0.21 -0.06 -0.01 -0.17  0.02 -0.09 -0.08 -0.04  0.04  0.03
  SE    0.09  0.09  0.09  0.09  0.09  0.09  0.10  0.10  0.10  0.10  0.10  0.10
  Q     8.91  8.92 15.65 16.14 16.15 20.78 20.83 22.02 23.09 23.40 23.70 23.86
  DF      11    12    13    14    15    16    17    18    19    20    21    22
  P    0.630 0.710 0.269 0.305 0.372 0.187 0.234 0.231 0.233 0.269 0.308 0.354

  The P-values approximate the probability of observing a Q-value at least
  this large when the model fitted is correct.  When DF is positive, small
  values of P, customarily those below 0.05, indicate model inadequacy.

  Sample Autocorrelations of the Residuals
                 -1.0 -0.8 -0.6 -0.4 -0.2  0.0  0.2  0.4  0.6  0.8  1.0
                   +----+----+----+----+----+----+----+----+----+----+
            1                           .   |X  .                      0.056
            2                           .   |X  .                      0.034
            3                           .   |   .                     -0.012
            4                           .  X|   .                     -0.047
            5                           .XXX|   .                     -0.123
            6                           .  X|   .                     -0.039
            7                           .   |XXX.                      0.130
            8                           .   |XX .                      0.081
            9                           .  X|   .                     -0.043
           10                           .  X|   .                     -0.043
           11                           .   |XX .                      0.069
           12       - - - - - - - - -   .   |   .   - - - - - - - -   -0.017
           13                           . XX|   .                     -0.065
           14                           .   |   .                      0.006
           15                          XXXXX|   .                     -0.206
           16                          .   X|    .                    -0.056
           17                          .    |    .                    -0.006
           18                          .XXXX|    .                    -0.169
           19                          .    |    .                     0.016
           20                          .  XX|    .                    -0.085
           21                          .  XX|    .                    -0.080
           22                          .   X|    .                    -0.043
           23                          .    |X   .                     0.042
           24       - - - - - - - - -  .    |X   .  - - - - - - - -    0.031
  
  Sample Autocorrelations of the Squared Residuals with the Ljung-Box diagnostic.

  Lag      1     2     3     4     5     6     7     8     9    10    11    12
  ACF   0.07  0.21  0.28  0.25  0.02  0.31  0.21  0.08  0.29  0.00  0.14  0.02
  SE    0.08  0.09  0.09  0.10  0.10  0.10  0.11  0.11  0.11  0.11  0.11  0.12
  Q     0.79  7.39 18.49 27.46 27.52 41.66 48.11 49.01 61.47 61.47 64.54 64.60
  DF       0     0     1     2     3     4     5     6     7     8     9    10
  P    0.000 0.000 0.000 0.000 0.000 0.000 0.000 0.000 0.000 0.000 0.000 0.000

  Lag     13    14    15    16    17    18    19    20    21    22    23    24
  ACF   0.13 -0.07  0.04 -0.02  0.03 -0.07 -0.04  0.02 -0.12 -0.05 -0.08 -0.09
  SE    0.12  0.12  0.12  0.12  0.12  0.12  0.12  0.12  0.12  0.12  0.12  0.12
  Q    67.32 68.14 68.33 68.42 68.56 69.35 69.58 69.65 72.12 72.53 73.53 74.77
  DF      11    12    13    14    15    16    17    18    19    20    21    22
  P    0.000 0.000 0.000 0.000 0.000 0.000 0.000 0.000 0.000 0.000 0.000 0.000

  The P-values approximate the probability of observing a Q-value at least
  this large when the model fitted is correct in a way that supports the
  standard interpretations of the test statistics, standard errors, and
  prediction intervals output by X-13ARIMA-SEATS. When DF is positive, small
  values of P, customarily those below 0.05, suggest that model-based
  inferences about statistical significance and uncertainty will be less
  dependable than usual.

  Sample Autocorrelations of the Squared Residuals
                 -1.0 -0.8 -0.6 -0.4 -0.2  0.0  0.2  0.4  0.6  0.8  1.0
                   +----+----+----+----+----+----+----+----+----+----+
            1                           .   |XX .                      0.075
            2                           .   |XXXXX                     0.215
            3                           .   |XXXXXXX                   0.278
            4                          .    |XXXXXX                    0.249
            5                          .    |X   .                     0.021
            6                          .    |XXXXXXXX                  0.310
            7                          .    |XXXXX                     0.208
            8                          .    |XX  .                     0.078
            9                          .    |XXXXXXX                   0.287
           10                         .     |     .                    0.005
           11                         .     |XXXX .                    0.142
           12       - - - - - - - -   .     |     .   - - - - - - -    0.019
           13                         .     |XXX  .                    0.132
           14                         .   XX|     .                   -0.072
           15                         .     |X    .                    0.035
           16                         .    X|     .                   -0.023
           17                         .     |X    .                    0.030
           18                         .   XX|     .                   -0.070
           19                         .    X|     .                   -0.037
           20                         .     |X    .                    0.021
           21                         .  XXX|     .                   -0.122
           22                         .    X|     .                   -0.050
           23                         .   XX|     .                   -0.077
           24       - - - - - - - -   .   XX|     .   - - - - - - -   -0.085
  
 Histogram of the Standardized and Mean-Centered Residuals
  Standard
  Deviations    Frequency

  Outlier [###

       -3 +
          |##
       -2 +#####
          |########
       -1 +##################
          |######################
        0 +############################
          |##########################
        1 +###########
          |######
        2 +####
          |###
        3 +##

  Outlier [#

  One '#'= 1 observation[s]

 Tabular Histogram of the Standardized and Mean-Centered Residuals

  Standard
  Deviations    Frequency
  Standard
  Deviations    Frequency

 -3.00                 0

 -2.50                 2

 -2.00                 5

 -1.50                 8

 -1.00                18

 -0.50                22

  0.00                28

  0.50                26

  1.00                11

  1.50                 6

  2.00                 4

  2.50                 3

  3.00                 2

  Residuals with |t|>3.25

  Obs       t-value
  -----------------
  2021.Nov    -3.98
  2022.Mar     3.70
  2022.Jun    -4.43
  2022.Dec    -3.64

 Summary Statistics for the Unstandardized Residuals
  Minimum                    -0.010
  Maximum                     0.009
  Median                      0.000
  Robust Std Dev              0.002

 Normality Statistics for regARIMA Model Residuals:

    Number of residuals  :    139

    Skewness coefficient :   -0.1963    
    Geary's a            :    0.7368   (significant at one percent level)
    Kurtosis             :    4.6871   (significant at one percent level)

  A significant value of one of these statistics indicates that the
  standardized residuals do not follow a standard normal distribution.
  If the regARIMA model fits the data well, such lack of normality
  ordinarily causes no problems.

  However, a significant value can occur because certain data effects are
  not captured well by the model. Sometimes these effects can be captured
  by additional or different regressors (e.g. trading day, holiday or 
  outlier regressors).

  There are other important effects that can cause a significant value,
  such as random variation of the coefficients or time-varying conditional
  variances, which cannot be represented by regARIMA models. These other
  effects cause the t-tests, AIC's and forecast coverage intervals of
  X-13ARIMA-SEATS to have reduced reliability. Their presence is often
  indicated by significant (high) values of the Ljung-Box Q-statistics of
  the squared residuals.

 Durbin-Watson Statistic for regARIMA Model Residuals:
  dw =     1.857857

 Friedman Non-Parametric Test for regARIMA Model Residuals:
  ken =    28.272727 ( Asymptotically distributed as Chi-Square(11), P-Value =     0.002940 )

 QS Statistic for regARIMA Model Residuals (full series):             0.00
                                                       (P-Value =     1.0000)

 QS Statistic for regARIMA Model Residuals (starting 2018.Sep):       0.00
                                                       (P-Value =     1.0000)
      10*LOG(SPECTRUM) of the regARIMA model residuals
      Spectrum estimated from 2018.Sep to 2026.Aug.
 ++++++++++I+++++++++++++++++++++++++++++++++++++++++++++++++++++++++++++I
     -44.92I                                                             I    -44.92
           I   *                                        *                I
           I   *                                        *                I
           I   *                                        *                I
     -46.15I   *                                        *            *   I    -46.15
           I   **     S                                 *            *   I
           I   **     S   *                             *            *   I
           I   **     S*  *                     *       *            *   I
     -47.37I   **     S* **     S               *       *            *   I    -47.37
           I   **     S* **     S*              *       *            *   I
           I   **     S* **     S*            ***       *            *   I
           I   **     S* ***    S*            ***       *            *   I
     -48.60I   **     S*******  S*            ***       *            *   I    -48.60
           I   **     S*******  S*            ***      **            *   I
           I   **     S*******  S*            ****     **      * *   *   I
           I   **     S*******  S*            ****     **      * *   *   I
     -49.83I   **     S*******  S*            ****     **      * **  *   I    -49.83
           I   **     S*******  S*            ****     ***    S* **  *   I
           I   **     S*******  S*           *****     ***    S* **  *   I
           I  ****    S******** S*           *****     ***    S* **  *   I
     -51.05I  ****    S******** S*           *****     ***    S* **  *   I    -51.05
           I  ****    S*********S*           *****     ***    S*T**  *   I
           I  ****   *S*********S*         *******     ***    S*T**  *   I
           I  ****   *S*********S*         *******     ***    S*T**  *   I
     -52.28I  ****   *S*********S*         *******     ***    S*T**  *   I    -52.28
           I  ****   *S*********S*        S*******    T***    S*T**  *   I
           I  ****   *S*********S*        S*******    T***    S*T**  *   I
           I  ****   *S*********S*        S*******    T***    S*T** **   I
     -53.51I  ****   *S*********S*        S*******    T***    S*T** **   I    -53.51
           I  *****  *S*********S*        S*******    T***    S*T******  I
           I  *****  *S*********S*        S*******    T***    S*T******  I
           I ******  *S*********S*        S********   T***    S*T******  I
     -54.73I ****** **S*********S*        S********   T***    S*T******  I    -54.73
           I ****** **S*********S*     * *S********   T***    S*T******  I
           I *********S*********S*     * *S********   T***    S*T******  I
           I**********S*********S*     * *S********   T***    S*T******  I
     -55.96I**********S*********S**   ****S********  *T***    S*T******  I    -55.96
           I**********S*********S**   ****S********  *T***   *S*T******  I
           I**********S*********S**   ****S********  *T****  *S*T******  I
           I**********S*********S**   ****S********  *T****  *S*T******  I
     -57.19I**********S*********S**   ****S********* *T****  *S*T******  I    -57.19
           I**********S*********S**   ****S*********S*T****  *S*T******  I
           I**********S*********S**   ****S*********S*T****  *S*T******  I
           I**********S*********S**   ****S*********S*T****  *S*T******  I
     -58.41I**********S*********S**   ****S*********S*T****  *S*T******  I    -58.41
           I**********S*********S**  *****S*********S*T****  *S*T******  I
           I**********S*********S**  *****S*********S*T****  *S*T******  I
           I**********S*********S*** *****S*********S*T*******S*T******* I
     -59.64I**********S*********S*** *****S*********S*T*******S*T******* I    -59.64
           I**********S*********S*********S*********S*T*******S*T******* I
           I**********S*********S*********S*********S*T*******S*T******* I
           I**********S*********S*********S*********S*T*******S*T******* I
     -60.87I**********S*********S*********S*********S*T*******S*T*******SI    -60.87
 ++++++++++I+++++++++++++++++++++++++++++++++++++++++++++++++++++++++++++I
            S=SEASONAL FREQUENCIES, T=TRADING DAY FREQUENCIES


 FORECASTING
  Origin  2026.Aug
  Number        12

  Forecasts and Standard Errors of the Transformed Data
   ------------------------------
                         Standard
       Date   Forecast      Error
   ------------------------------
   2026.Sep       5.14      0.003
   2026.Oct       5.14      0.006
   2026.Nov       5.14      0.009
   2026.Dec       5.15      0.013
   2027.Jan       5.15      0.016
   2027.Feb       5.15      0.020
   2027.Mar       5.15      0.023
   2027.Apr       5.16      0.027
   2027.May       5.16      0.030
   2027.Jun       5.17      0.033
   2027.Jul       5.17      0.036
   2027.Aug       5.18      0.039
   ------------------------------

  Confidence intervals with coverage probability ( 0.95000
  On the Original Scale
   ---------------------------------------
       Date      Lower  Forecast     Upper
   ---------------------------------------
   2026.Sep     169.03    169.99    170.96
   2026.Oct     168.68    170.68    172.71
   2026.Nov     168.03    171.15    174.33
   2026.Dec     167.42    171.70    176.10
   2027.Jan     166.71    172.17    177.80
   2027.Feb     166.00    172.61    179.48
   2027.Mar     165.48    173.23    181.34
   2027.Apr     165.00    173.87    183.21
   2027.May     164.68    174.64    185.20
   2027.Jun     164.24    175.25    187.01
   2027.Jul     164.12    176.18    189.13
   2027.Aug     163.74    176.80    190.90
   ---------------------------------------
        R35 monthly CPI index            PAGE   4, SERIES series
  
 A 8  RegARIMA combined outlier component
      (LS outliers included)
  From  2015.Jan to 2026.Aug
  Observations        140
 -----------------------------------------------------------------------------
               Jan      Feb      Mar      Apr      May      Jun 
               Jul      Aug      Sep      Oct      Nov      Dec         AVGE  
 -----------------------------------------------------------------------------
  2015        100.8    100.8    100.8    100.8    100.8    100.8
              100.8    100.8    100.8    100.8    100.8    100.8         100.8
 
  2016        100.8    100.8    100.8    100.8    100.8    100.8
              100.8    100.8    100.8    100.8    100.8    100.8         100.8
 
  2017        100.8    100.8    100.8    100.8    100.8    100.8
              100.8    100.8    100.8    100.8    100.8    100.8         100.8
 
  2018        100.8    100.8    100.8    100.8    100.8    100.8
              100.8    100.8    100.8    100.8    100.8    100.8         100.8
 
  2019        100.8    100.8    100.8    100.8    100.8    100.8
              100.8    100.8    100.8    100.8    100.8    100.8         100.8
 
  2020        100.8    100.8    100.8    100.8    100.8    100.8
              100.8    100.8    100.8    100.8    100.8    100.8         100.8
 
  2021        100.8    100.8    100.8    100.8    100.8    100.8
              100.8    100.8    100.8    100.8    100.8    100.8         100.8
 
  2022        100.8    100.8    100.8    100.8    100.8    100.8
              100.8    100.8    100.8    100.8    100.8    100.8         100.8
 
  2023        100.8    100.8    100.8    100.8    100.8    100.8
              100.8    100.8    100.8    100.8    100.8    100.8         100.8
 
  2024        100.0    100.0    100.0    100.0    100.0    100.0
              100.0    100.0    100.0    100.0    100.0    100.0         100.0
 
  2025        100.0    100.0    100.0    100.0    100.0    100.0
              100.0    100.0    100.0    100.0    100.0    100.0         100.0
 
  2026        100.0    100.0    100.0    100.0    100.0    100.0
              100.0    100.0                                             100.0
 
  AVGE        100.6    100.6    100.6    100.6    100.6    100.6
              100.6    100.6    100.7    100.7    100.7    100.7

  Table Total-     14091.80   Mean-     100.66   Std. Dev.-       0.75
                              Min -     100.00        Max -     100.85

 A 8.A  RegARIMA outlier component
  From  2026.Sep to 2027.Aug
  Observations         12
 -----------------------------------------------------------------------------
               Jan      Feb      Mar      Apr      May      Jun 
               Jul      Aug      Sep      Oct      Nov      Dec         AVGE  
 -----------------------------------------------------------------------------
  2026                                                          
                                100.0    100.0    100.0    100.0         100.0
 
  2027        100.0    100.0    100.0    100.0    100.0    100.0
              100.0    100.0                                             100.0
 
        R35 monthly CPI index            PAGE   5, SERIES series
  
 B 1  Original series (prior adjusted)
      (adjusted for regARIMA factors)
  From  2015.Jan to 2026.Aug
  Observations        140
 -----------------------------------------------------------------------------
               Jan      Feb      Mar      Apr      May      Jun 
               Jul      Aug      Sep      Oct      Nov      Dec        TOTAL  
 -----------------------------------------------------------------------------
  2015          99.      99.      99.      99.      99.      99.
                99.      99.      99.     100.     100.     100.         1190.
 
  2016         100.     100.     100.     100.     100.     100.
               100.     100.     101.     101.     101.     102.         1204.
 
  2017         102.     103.     103.     103.     104.     105.
               105.     106.     106.     106.     106.     106.         1254.
 
  2018         106.     106.     107.     107.     108.     108.
               109.     110.     110.     111.     112.     113.         1308.
 
  2019         113.     113.     113.     113.     114.     114.
               115.     115.     115.     116.     117.     117.         1375.
 
  2020         117.     117.     117.     117.     117.     117.
               117.     117.     117.     118.     118.     119.         1408.
 
  2021         119.     119.     119.     120.     121.     122.
               124.     127.     129.     133.     135.     136.         1506.
 
  2022         137.     138.     139.     141.     144.     147.
               148.     150.     151.     151.     151.     151.         1749.
 
  2023         150.     149.     148.     148.     149.     149.
               150.     150.     151.     151.     152.     152.         1799.
 
  2024         152.     151.     151.     151.     151.     152.
               152.     153.     154.     155.     156.     156.         1835.
 
  2025         156.     156.     156.     157.     158.     159.
               160.     161.     162.     163.     163.     164.         1915.
 
  2026         164.     164.     165.     166.     167.     167.
               169.     169.                                             1331.
 
  AVGE         126.     126.     126.     127.     128.     128.
               129.     130.     127.     128.     128.     129.

  Table Total-     17872.96   Mean-     127.66   Std. Dev.-      23.23
                              Min -      98.66        Max -     169.40

 B 1.A  Forecasts of (prior adjusted) original series
  From  2026.Sep to 2027.Aug
  Observations         12
 -----------------------------------------------------------------------------
               Jan      Feb      Mar      Apr      May      Jun 
               Jul      Aug      Sep      Oct      Nov      Dec        TOTAL  
 -----------------------------------------------------------------------------
  2026                                                          
                                 170.     171.     171.     172.          684.
 
  2027         172.     173.     173.     174.     175.     175.
               176.     177.                                             1395.
 
        R35 monthly CPI index            PAGE   6, SERIES series

 C 17  Final weights for irregular component
  From  2015.Jan to 2026.Aug
  Observations        140
  Lower sigma limit    1.50
  Upper sigma limit    2.50
 -----------------------------------------------------------------------------
               Jan      Feb      Mar      Apr      May      Jun 
               Jul      Aug      Sep      Oct      Nov      Dec         S.D.  
 -----------------------------------------------------------------------------
  2015        100.0    100.0    100.0    100.0    100.0    100.0
              100.0    100.0    100.0    100.0      0.0      0.0           0.1
 
  2016        100.0    100.0    100.0    100.0      0.0    100.0
              100.0    100.0    100.0    100.0      0.0     55.9           0.1
 
  2017        100.0    100.0    100.0    100.0    100.0    100.0
              100.0    100.0    100.0    100.0    100.0    100.0           0.1
 
  2018        100.0    100.0    100.0      0.0     38.8    100.0
               50.2    100.0    100.0    100.0    100.0    100.0           0.1
 
  2019        100.0    100.0    100.0     89.6    100.0    100.0
              100.0    100.0     64.6    100.0    100.0    100.0           0.1
 
  2020        100.0    100.0    100.0    100.0    100.0    100.0
              100.0    100.0    100.0    100.0    100.0    100.0           0.1
 
  2021        100.0    100.0    100.0    100.0    100.0    100.0
              100.0    100.0    100.0      0.0      0.0    100.0           0.1
 
  2022        100.0     82.3      0.0      0.0    100.0     36.5
              100.0    100.0     92.6     23.0    100.0     15.8           0.1
 
  2023        100.0     55.2    100.0    100.0    100.0    100.0
              100.0    100.0    100.0    100.0    100.0    100.0           0.1
 
  2024        100.0    100.0    100.0    100.0    100.0    100.0
              100.0    100.0    100.0    100.0    100.0    100.0           0.1
 
  2025        100.0    100.0    100.0    100.0    100.0    100.0
              100.0    100.0    100.0    100.0      0.0    100.0           0.1
 
  2026        100.0    100.0    100.0    100.0    100.0    100.0
               35.7    100.0                                               0.1
 
        R35 monthly CPI index            PAGE   7, SERIES series

 D 8  Final unmodified SI ratios
  From  2015.Jan to 2026.Aug
  Observations        140
 -----------------------------------------------------------------------------
               Jan      Feb      Mar      Apr      May      Jun 
               Jul      Aug      Sep      Oct      Nov      Dec         AVGE  
 -----------------------------------------------------------------------------
  2015        100.1     99.9     99.7     99.7    100.0    100.1
              100.0    100.0    100.1    100.1     99.9     99.9         100.0
 
  2016        100.1     99.9     99.7     99.7    100.2    100.1
              100.0    100.1    100.1    100.1     99.9    100.1         100.0
 
  2017        100.0     99.9     99.7     99.6     99.9    100.0
               99.9    100.1    100.1    100.3    100.2    100.3         100.0
 
  2018        100.1     99.8     99.6    100.0    100.1     99.9
               99.7    100.1    100.1    100.4    100.4    100.4         100.0
 
  2019        100.3     99.8     99.4     99.6     99.8     99.8
               99.8    100.0    100.0    100.3    100.5    100.6         100.0
 
  2020        100.4     99.9     99.6     99.3     99.6     99.8
               99.9     99.9    100.1    100.4    100.7    100.6         100.0
 
  2021        100.4     99.9     99.4     99.2     99.3     99.6
               99.8    100.1    100.4    101.3    101.6    100.8         100.1
 
  2022        100.2     99.4     98.6     98.7     99.2    100.0
              100.0    100.2    100.6    101.0    101.0    100.8         100.0
 
  2023        100.1     99.4     99.3     99.1     99.3     99.7
               99.9    100.2    100.4    100.7    100.9    100.5         100.0
 
  2024        100.0     99.7     99.4     99.2     99.5     99.7
               99.9    100.2    100.4    100.7    100.6    100.4         100.0
 
  2025        100.1     99.7     99.5     99.4     99.7     99.8
               99.8    100.1    100.2    100.5    100.3    100.3          99.9
 
  2026        100.0     99.7     99.6     99.6     99.8     99.7
              100.2    100.2                                              99.8
 
  AVGE        100.1     99.8     99.5     99.4     99.7     99.8
               99.9    100.1    100.2    100.5    100.6    100.4

  Table Total-     13999.20   Mean-      99.99   Std. Dev.-       0.45
                              Min -      98.61        Max -     101.61
        R35 monthly CPI index            PAGE   8, SERIES series

 D 8.B  Final unmodified SI ratios, with labels for outliers and extreme values
  From  2015.Jan to 2026.Aug
  Observations        140
 ---------------------------------------------------------------------
               Jan       Feb       Mar       Apr       May       Jun  
               Jul       Aug       Sep       Oct       Nov       Dec  
 ---------------------------------------------------------------------
  2015       100.1      99.9      99.7      99.7     100.0     100.1  
             100.0     100.0     100.1     100.1      99.9*     99.9* 
 
  2016       100.1      99.9      99.7      99.7     100.2*    100.1  
             100.0     100.1     100.1     100.1      99.9*    100.1* 
 
  2017       100.0      99.9      99.7      99.6      99.9     100.0  
              99.9     100.1     100.1     100.3     100.2     100.3  
 
  2018       100.1      99.8      99.6     100.0*    100.1*     99.9  
              99.7*    100.1     100.1     100.4     100.4     100.4  
 
  2019       100.3      99.8      99.4      99.6*     99.8      99.8  
              99.8     100.0     100.0*    100.3     100.5     100.6  
 
  2020       100.4      99.9      99.6      99.3      99.6      99.8  
              99.9      99.9     100.1     100.4     100.7     100.6  
 
  2021       100.4      99.9      99.4      99.2      99.3      99.6  
              99.8     100.1     100.4     101.3*    101.6*    100.8  
 
  2022       100.2      99.4*     98.6*     98.7*     99.2     100.0* 
             100.0     100.2     100.6*    101.0*    101.0     100.8* 
 
  2023       100.1      99.4*     99.3      99.1      99.3      99.7  
              99.9     100.2     100.4     100.7     100.9     100.5  
 
  2024       100.0#     99.7      99.4      99.2      99.5      99.7  
              99.9     100.2     100.4     100.7     100.6     100.4  
 
  2025       100.1      99.7      99.5      99.4      99.7      99.8  
              99.8     100.1     100.2     100.5     100.3*    100.3  
 
  2026       100.0      99.7      99.6      99.6      99.8      99.7  
             100.2*    100.2                                          
 

  Key to symbols:
    *  : extreme value as determined by X-11 extreme value procedure
    #  : regARIMA outlier (either AO, LS, TC, or Ramp)
 
        R35 monthly CPI index            PAGE   9, SERIES series

 D 9  Final replacement values for SI ratios
  From  2015.Jan to 2026.Aug
  Observations        140
 ---------------------------------------------------------------
               Jan      Feb      Mar      Apr      May      Jun 
               Jul      Aug      Sep      Oct      Nov      Dec 
 ---------------------------------------------------------------
  2015     ******** ******** ******** ******** ******** ********
           ******** ******** ******** ********    100.1    100.2
 
  2016     ******** ******** ******** ********    100.0 ********
           ******** ******** ******** ********    100.2    100.2
 
  2017     ******** ******** ******** ******** ******** ********
           ******** ******** ******** ******** ******** ********
 
  2018     ******** ******** ********     99.6    100.0 ********
               99.8 ******** ******** ******** ******** ********
 
  2019     ******** ******** ********     99.6 ******** ********
           ******** ********    100.0 ******** ******** ********
 
  2020     ******** ******** ******** ******** ******** ********
           ******** ******** ******** ******** ******** ********
 
  2021     ******** ******** ******** ******** ******** ********
           ******** ******** ********    100.7    100.9 ********
 
  2022     ********     99.5     99.3     99.1 ********     99.9
           ******** ********    100.6    100.7 ********    100.6
 
  2023     ********     99.6 ******** ******** ******** ********
           ******** ******** ******** ******** ******** ********
 
  2024     ******** ******** ******** ******** ******** ********
           ******** ******** ******** ******** ******** ********
 
  2025     ******** ******** ******** ******** ******** ********
           ******** ******** ******** ********    100.7 ********
 
  2026     ******** ******** ******** ******** ******** ********
              100.0 ********                                    
 

 D 9.A  Moving seasonality ratio
 ---------------------------------------------------------------
               Jan      Feb      Mar      Apr      May      Jun 
 ---------------------------------------------------------------
   I          0.072    0.121    0.081    0.090    0.091    0.088
   S          0.030    0.027    0.038    0.048    0.062    0.033
 RATIO        2.442    4.462    2.132    1.896    1.468    2.663



 ---------------------------------------------------------------
               Jul      Aug      Sep      Oct      Nov      Dec 
 ---------------------------------------------------------------
   I          0.112    0.100    0.118    0.097    0.089    0.095
   S          0.017    0.018    0.037    0.050    0.067    0.051
 RATIO        6.794    5.500    3.142    1.930    1.315    1.861



        R35 monthly CPI index            PAGE  10, SERIES series

 D 10  Final seasonal factors
  From  2015.Jan to 2026.Aug
  Observations        140
  Seasonal filter    3 x 3 moving average
 -----------------------------------------------------------------------------
               Jan      Feb      Mar      Apr      May      Jun 
               Jul      Aug      Sep      Oct      Nov      Dec         AVGE  
 -----------------------------------------------------------------------------
  2015       100.07    99.86    99.71    99.70    99.99   100.04
              99.98   100.03   100.08   100.17   100.18   100.20        100.00
 
  2016       100.08    99.87    99.70    99.69    99.98   100.01
              99.94   100.04   100.09   100.21   100.21   100.24        100.01
 
  2017       100.10    99.86    99.67    99.67    99.96    99.96
              99.88   100.05   100.08   100.27   100.28   100.32        100.01
 
  2018       100.16    99.86    99.61    99.62    99.90    99.90
              99.83   100.02   100.06   100.32   100.41   100.43        100.01
 
  2019       100.25    99.87    99.55    99.53    99.77    99.81
              99.80    99.99   100.09   100.38   100.56   100.56        100.02
 
  2020       100.32    99.85    99.49    99.39    99.58    99.75
              99.83    99.98   100.20   100.48   100.73   100.64        100.02
 
  2021       100.32    99.78    99.41    99.26    99.41    99.71
              99.85   100.04   100.34   100.60   100.85   100.67        100.02
 
  2022       100.23    99.67    99.35    99.17    99.33    99.73
              99.91   100.12   100.43   100.68   100.87   100.59        100.01
 
  2023       100.14    99.63    99.33    99.17    99.38    99.74
              99.92   100.16   100.43   100.69   100.82   100.49         99.99
 
  2024       100.07    99.64    99.38    99.26    99.51    99.76
              99.93   100.17   100.37   100.64   100.74   100.36         99.98
 
  2025       100.03    99.68    99.46    99.38    99.63    99.75
              99.93   100.16   100.30   100.55   100.71   100.27         99.99
 
  2026       100.01    99.69    99.54    99.48    99.70    99.74
              99.96   100.15                                             99.78
 
  AVGE       100.15    99.77    99.52    99.44    99.68    99.83
              99.90   100.08   100.23   100.45   100.58   100.43

  Table Total-     13998.90   Mean-      99.99   Std. Dev.-       0.39
                              Min -      99.17        Max -     100.87

 D 10.A  Final seasonal component forecasts
  From  2026.Sep to 2027.Aug
  Observations         12
 -----------------------------------------------------------------------------
               Jan      Feb      Mar      Apr      May      Jun 
               Jul      Aug      Sep      Oct      Nov      Dec         AVGE  
 -----------------------------------------------------------------------------
  2026                                                          
                               100.26   100.49   100.70   100.22        100.42
 
  2027        99.99    99.69    99.58    99.53    99.72    99.74
              99.98   100.14                                             99.79
 
        R35 monthly CPI index            PAGE  11, SERIES series

 D 11  Final seasonally adjusted data
  From  2015.Jan to 2026.Aug
  Observations        140
 -----------------------------------------------------------------------------
               Jan      Feb      Mar      Apr      May      Jun 
               Jul      Aug      Sep      Oct      Nov      Dec        TOTAL  
 -----------------------------------------------------------------------------
  2015         100.     100.     100.     100.     100.     100.
               100.     100.     100.     100.     100.     100.         1200.
 
  2016         101.     101.     101.     101.     101.     101.
               101.     101.     101.     101.     102.     102.         1214.
 
  2017         103.     104.     104.     104.     105.     105.
               106.     106.     107.     107.     107.     107.         1265.
 
  2018         107.     107.     108.     109.     109.     109.
               110.     111.     111.     112.     113.     113.         1319.
 
  2019         113.     114.     114.     115.     115.     116.
               116.     116.     116.     117.     117.     117.         1386.
 
  2020         118.     118.     118.     118.     118.     118.
               119.     118.     118.     118.     119.     119.         1419.
 
  2021         120.     121.     121.     122.     123.     124.
               126.     128.     130.     133.     135.     136.         1519.
 
  2022         138.     140.     141.     144.     146.     149.
               150.     151.     151.     152.     151.     152.         1764.
 
  2023         151.     151.     151.     151.     151.     151.
               151.     151.     151.     152.     152.     153.         1814.
 
  2024         152.     152.     152.     152.     152.     152.
               152.     153.     154.     154.     155.     155.         1835.
 
  2025         156.     157.     157.     158.     159.     159.
               160.     160.     161.     162.     162.     163.         1915.
 
  2026         164.     165.     166.     166.     167.     168.
               169.     169.                                             1334.
 
  AVGE         127.     127.     128.     128.     129.     129.
               130.     130.     127.     128.     128.     129.

  Table Total-     17983.23   Mean-     128.45   Std. Dev.-      23.01
                              Min -      99.53        Max -     169.15
        R35 monthly CPI index            PAGE  12, SERIES series

 D 12  Final trend cycle
  From  2015.Jan to 2026.Aug
  Observations        140
  Trend filter     9-term Henderson moving average
  I/C ratio        0.16
 -----------------------------------------------------------------------------
               Jan      Feb      Mar      Apr      May      Jun 
               Jul      Aug      Sep      Oct      Nov      Dec        TOTAL  
 -----------------------------------------------------------------------------
  2015         100.     100.     100.     100.     100.     100.
               100.     100.     100.     100.     100.     101.         1201.
 
  2016         101.     101.     101.     101.     101.     101.
               101.     101.     101.     102.     102.     102.         1214.
 
  2017         103.     103.     104.     104.     105.     105.
               106.     106.     107.     107.     107.     107.         1265.
 
  2018         107.     107.     108.     108.     109.     109.
               110.     111.     111.     112.     113.     113.         1319.
 
  2019         113.     114.     114.     115.     115.     116.
               116.     116.     116.     117.     117.     117.         1386.
 
  2020         118.     118.     118.     118.     118.     118.
               118.     118.     118.     118.     119.     119.         1419.
 
  2021         120.     121.     121.     122.     123.     124.
               126.     128.     130.     132.     134.     136.         1517.
 
  2022         138.     140.     142.     144.     146.     148.
               150.     151.     151.     151.     151.     151.         1764.
 
  2023         151.     151.     151.     151.     151.     151.
               151.     151.     151.     152.     152.     153.         1815.
 
  2024         152.     152.     152.     152.     152.     152.
               152.     153.     154.     154.     155.     155.         1835.
 
  2025         156.     157.     157.     158.     159.     159.
               160.     160.     161.     162.     163.     163.         1916.
 
  2026         164.     165.     166.     166.     167.     168.
               168.     169.                                             1333.
 
  AVGE         127.     127.     128.     128.     129.     129.
               130.     130.     127.     128.     128.     129.

  Table Total-     17982.91   Mean-     128.45   Std. Dev.-      23.01
                              Min -      99.54        Max -     169.05
        R35 monthly CPI index            PAGE  13, SERIES series

 D 13  Final irregular component
  From  2015.Jan to 2026.Aug
  Observations        140
 -----------------------------------------------------------------------------
               Jan      Feb      Mar      Apr      May      Jun 
               Jul      Aug      Sep      Oct      Nov      Dec         S.D.  
 -----------------------------------------------------------------------------
  2015        100.0    100.0    100.0    100.0    100.0    100.0
              100.0     99.9    100.0    100.0     99.8     99.7           0.1
 
  2016        100.0    100.0    100.0    100.0    100.2    100.0
              100.0    100.0    100.0     99.9     99.7     99.9           0.1
 
  2017        100.0    100.1    100.0    100.0    100.0    100.0
              100.0    100.0    100.0    100.1    100.0    100.0           0.0
 
  2018        100.0    100.0    100.0    100.3    100.2    100.0
               99.8    100.0    100.0    100.0    100.0    100.0           0.1
 
  2019        100.0    100.0     99.9    100.1    100.0    100.0
              100.0    100.0     99.9    100.0    100.0    100.0           0.1
 
  2020        100.0    100.0    100.0     99.9    100.0    100.0
              100.1     99.9    100.0    100.0    100.0     99.9           0.1
 
  2021        100.0    100.1    100.0    100.0    100.0     99.9
               99.9    100.0    100.0    100.6    100.7    100.1           0.3
 
  2022        100.0     99.8     99.3     99.6     99.9    100.3
              100.0    100.0    100.0    100.2    100.0    100.2           0.3
 
  2023        100.0     99.9    100.0    100.0    100.0    100.0
              100.0    100.0    100.0    100.0    100.0    100.0           0.0
 
  2024        100.0    100.1    100.0    100.0    100.0     99.9
              100.0    100.0    100.0    100.1     99.9    100.0           0.1
 
  2025        100.0    100.0    100.0    100.0    100.1    100.1
               99.9    100.0    100.0    100.0     99.6    100.0           0.1
 
  2026        100.0     99.9    100.0    100.0    100.0     99.9
              100.2    100.1                                               0.1
 
  S.D.          0.0      0.1      0.2      0.2      0.1      0.1
                0.1      0.0      0.0      0.2      0.3      0.1

  Table Total-     14000.16   Mean-     100.00   Std. Dev.-       0.14
                              Min -      99.33        Max -     100.71
        R35 monthly CPI index            PAGE  14, SERIES series

 D 16  Combined adjustment factors
  From  2015.Jan to 2026.Aug
  Observations        140
 -----------------------------------------------------------------------------
               Jan      Feb      Mar      Apr      May      Jun 
               Jul      Aug      Sep      Oct      Nov      Dec         AVGE  
 -----------------------------------------------------------------------------
  2015       100.07    99.86    99.71    99.70    99.99   100.04
              99.98   100.03   100.08   100.17   100.18   100.20        100.00
 
  2016       100.08    99.87    99.70    99.69    99.98   100.01
              99.94   100.04   100.09   100.21   100.21   100.24        100.01
 
  2017       100.10    99.86    99.67    99.67    99.96    99.96
              99.88   100.05   100.08   100.27   100.28   100.32        100.01
 
  2018       100.16    99.86    99.61    99.62    99.90    99.90
              99.83   100.02   100.06   100.32   100.41   100.43        100.01
 
  2019       100.25    99.87    99.55    99.53    99.77    99.81
              99.80    99.99   100.09   100.38   100.56   100.56        100.02
 
  2020       100.32    99.85    99.49    99.39    99.58    99.75
              99.83    99.98   100.20   100.48   100.73   100.64        100.02
 
  2021       100.32    99.78    99.41    99.26    99.41    99.71
              99.85   100.04   100.34   100.60   100.85   100.67        100.02
 
  2022       100.23    99.67    99.35    99.17    99.33    99.73
              99.91   100.12   100.43   100.68   100.87   100.59        100.01
 
  2023       100.14    99.63    99.33    99.17    99.38    99.74
              99.92   100.16   100.43   100.69   100.82   100.49         99.99
 
  2024       100.07    99.64    99.38    99.26    99.51    99.76
              99.93   100.17   100.37   100.64   100.74   100.36         99.98
 
  2025       100.03    99.68    99.46    99.38    99.63    99.75
              99.93   100.16   100.30   100.55   100.71   100.27         99.99
 
  2026       100.01    99.69    99.54    99.48    99.70    99.74
              99.96   100.15                                             99.78
 
  AVGE       100.15    99.77    99.52    99.44    99.68    99.83
              99.90   100.08   100.23   100.45   100.58   100.43

  Table Total-     13998.90   Mean-      99.99   Std. Dev.-       0.39
                              Min -      99.17        Max -     100.87

 D 16.A  Combined adjustment component forecasts
  From  2026.Sep to 2027.Aug
  Observations         12
 -----------------------------------------------------------------------------
               Jan      Feb      Mar      Apr      May      Jun 
               Jul      Aug      Sep      Oct      Nov      Dec         AVGE  
 -----------------------------------------------------------------------------
  2026                                                          
                               100.26   100.49   100.70   100.22        100.42
 
  2027        99.99    99.69    99.58    99.53    99.72    99.74
              99.98   100.14                                             99.79
 
        R35 monthly CPI index            PAGE  15, SERIES series

 E 4  Ratios of annual totals
  From          2015 to 2025
  Observations         11
 -----------------------------------
  Year       Unmodified     Modified
                  (D11)         (E2)
 -----------------------------------
  2015           100.00       100.00
 
  2016           100.01       100.01
 
  2017           100.01       100.01
 
  2018           100.01       100.01
 
  2019           100.02       100.02
 
  2020           100.02       100.02
 
  2021           100.04       100.04
 
  2022           100.02       100.02
 
  2023           100.00       100.00
 
  2024            99.99        99.99
 
  2025            99.99        99.99
 
        R35 monthly CPI index            PAGE  16, SERIES series

 E 5  Month-to-month percent change in the original series
  From  2015.Feb to 2026.Aug
  Observations        139
 -----------------------------------------------------------------------------
               Jan      Feb      Mar      Apr      May      Jun 
               Jul      Aug      Sep      Oct      Nov      Dec         AVGE  
 -----------------------------------------------------------------------------
  2015                  -0.1      0.0      0.1      0.4      0.1
                0.0      0.0      0.2      0.2     -0.1      0.1           0.1
 
  2016          0.2     -0.2     -0.1      0.1      0.6     -0.1
                0.0      0.2      0.2      0.3      0.1      0.7           0.2
 
  2017          0.5      0.4      0.3      0.4      0.8      0.5
                0.4      0.6      0.3      0.4      0.0      0.2           0.4
 
  2018          0.0      0.0      0.2      0.7      0.6      0.3
                0.4      1.0      0.6      0.9      0.5      0.4           0.5
 
  2019          0.2     -0.1      0.0      0.6      0.6      0.3
                0.2      0.4      0.2      0.6      0.5      0.3           0.3
 
  2020          0.1     -0.3     -0.2     -0.1      0.3      0.3
                0.1     -0.2      0.2      0.3      0.6      0.3           0.1
 
  2021          0.3      0.2      0.1      0.4      0.8      1.2
                1.5      1.9      2.1      2.6      1.9      0.7           1.2
 
  2022          0.8      0.6      0.6      1.6      2.0      2.1
                0.9      0.8      0.7      0.5      0.0     -0.2           0.9
 
  2023         -0.9     -0.7     -0.2     -0.2      0.3      0.5
                0.3      0.3      0.4      0.5      0.5     -0.1           0.1
 
  2024         -1.0     -0.1     -0.3     -0.1      0.3      0.3
                0.4      0.6      0.6      0.8      0.3      0.1           0.1
 
  2025          0.1      0.1      0.2      0.4      0.8      0.5
                0.4      0.6      0.6      0.7      0.2      0.4           0.4
 
  2026          0.2      0.1      0.4      0.4      0.7      0.4
                0.9      0.4                                               0.4
 
  AVGE          0.0     -0.0      0.1      0.4      0.7      0.5
                0.4      0.6      0.5      0.7      0.4      0.3

  Table Total-        53.40   Mean-       0.38   Std. Dev.-       0.65
                              Min -      -1.04        Max -       2.61
        R35 monthly CPI index            PAGE  17, SERIES series

 E 6  Month-to-month percent change in seasonally adjusted series (D11)
  From  2015.Feb to 2026.Aug
  Observations        139
 -----------------------------------------------------------------------------
               Jan      Feb      Mar      Apr      May      Jun 
               Jul      Aug      Sep      Oct      Nov      Dec         AVGE  
 -----------------------------------------------------------------------------
  2015                   0.1      0.1      0.1      0.1      0.1
                0.1     -0.0      0.1      0.1     -0.1      0.1           0.1
 
  2016          0.3      0.0      0.1      0.1      0.3     -0.1
                0.1      0.1      0.2      0.2      0.1      0.7           0.2
 
  2017          0.6      0.6      0.5      0.4      0.5      0.5
                0.5      0.4      0.3      0.2     -0.0      0.2           0.4
 
  2018          0.2      0.3      0.4      0.7      0.3      0.3
                0.4      0.8      0.6      0.6      0.4      0.4           0.5
 
  2019          0.4      0.3      0.3      0.6      0.4      0.3
                0.2      0.2      0.1      0.3      0.3      0.3           0.3
 
  2020          0.3      0.2      0.2      0.0      0.2      0.1
                0.0     -0.3     -0.0      0.1      0.3      0.4           0.1
 
  2021          0.7      0.7      0.5      0.6      0.7      0.9
                1.4      1.7      1.8      2.3      1.7      0.8           1.1
 
  2022          1.2      1.1      1.0      1.7      1.9      1.7
                0.7      0.6      0.4      0.3     -0.2      0.1           0.9
 
  2023         -0.4     -0.2      0.1     -0.0      0.1      0.1
                0.1      0.1      0.1      0.2      0.3      0.3           0.1
 
  2024         -0.6      0.3     -0.0     -0.0      0.0      0.0
                0.2      0.3      0.4      0.5      0.2      0.5           0.2
 
  2025          0.5      0.4      0.4      0.5      0.5      0.4
                0.2      0.4      0.4      0.4      0.1      0.8           0.4
 
  2026          0.5      0.4      0.6      0.5      0.4      0.3
                0.7      0.2                                               0.4
 
  AVGE          0.3      0.4      0.3      0.4      0.4      0.4
                0.4      0.4      0.4      0.5      0.3      0.4

  Table Total-        53.27   Mean-       0.38   Std. Dev.-       0.59
                              Min -      -0.63        Max -       2.34
        R35 monthly CPI index            PAGE  18, SERIES series

 E 7  Month-to-month percent change in final trend cycle (D12)
  From  2015.Feb to 2026.Aug
  Observations        139
 -----------------------------------------------------------------------------
               Jan      Feb      Mar      Apr      May      Jun 
               Jul      Aug      Sep      Oct      Nov      Dec         AVGE  
 -----------------------------------------------------------------------------
  2015                   0.1      0.1      0.1      0.1      0.1
                0.0      0.0      0.1      0.1      0.1      0.1           0.1
 
  2016          0.1      0.0      0.1      0.1      0.1      0.1
                0.1      0.1      0.2      0.2      0.3      0.5           0.1
 
  2017          0.5      0.5      0.5      0.5      0.5      0.5
                0.4      0.4      0.3      0.2      0.1      0.1           0.4
 
  2018          0.2      0.3      0.4      0.4      0.4      0.5
                0.5      0.6      0.6      0.6      0.5      0.4           0.5
 
  2019          0.3      0.4      0.4      0.4      0.4      0.3
                0.2      0.2      0.2      0.2      0.3      0.3           0.3
 
  2020          0.3      0.2      0.2      0.1      0.1      0.0
               -0.1     -0.1     -0.1      0.1      0.3      0.5           0.1
 
  2021          0.6      0.6      0.6      0.6      0.7      1.0
                1.4      1.6      1.8      1.8      1.6      1.4           1.1
 
  2022          1.3      1.4      1.4      1.5      1.5      1.3
                1.0      0.6      0.3      0.1     -0.0     -0.1           0.9
 
  2023         -0.1     -0.1     -0.1      0.0      0.0      0.1
                0.1      0.1      0.2      0.2      0.3      0.3           0.1
 
  2024         -0.6      0.2      0.1      0.0      0.0      0.1
                0.2      0.3      0.4      0.4      0.4      0.4           0.2
 
  2025          0.4      0.4      0.5      0.5      0.4      0.4
                0.3      0.3      0.4      0.4      0.4      0.4           0.4
 
  2026          0.5      0.5      0.5      0.5      0.5      0.4
                0.4      0.3                                               0.4
 
  AVGE          0.3      0.4      0.4      0.4      0.4      0.4
                0.4      0.4      0.4      0.4      0.4      0.4

  Table Total-        53.19   Mean-       0.38   Std. Dev.-       0.56
                              Min -      -0.59        Max -       1.77
        R35 monthly CPI index            PAGE  19, SERIES series

 E 8  Month-to-month percent change in original series adjusted for calendar factors (A18)
  From  2015.Feb to 2026.Aug
  Observations        139
 -----------------------------------------------------------------------------
               Jan      Feb      Mar      Apr      May      Jun 
               Jul      Aug      Sep      Oct      Nov      Dec         AVGE  
 -----------------------------------------------------------------------------
  2015                  -0.1      0.0      0.1      0.4      0.1
                0.0      0.0      0.2      0.2     -0.1      0.1           0.1
 
  2016          0.2     -0.2     -0.1      0.1      0.6     -0.1
                0.0      0.2      0.2      0.3      0.1      0.7           0.2
 
  2017          0.5      0.4      0.3      0.4      0.8      0.5
                0.4      0.6      0.3      0.4      0.0      0.2           0.4
 
  2018          0.0      0.0      0.2      0.7      0.6      0.3
                0.4      1.0      0.6      0.9      0.5      0.4           0.5
 
  2019          0.2     -0.1      0.0      0.6      0.6      0.3
                0.2      0.4      0.2      0.6      0.5      0.3           0.3
 
  2020          0.1     -0.3     -0.2     -0.1      0.3      0.3
                0.1     -0.2      0.2      0.3      0.6      0.3           0.1
 
  2021          0.3      0.2      0.1      0.4      0.8      1.2
                1.5      1.9      2.1      2.6      1.9      0.7           1.2
 
  2022          0.8      0.6      0.6      1.6      2.0      2.1
                0.9      0.8      0.7      0.5      0.0     -0.2           0.9
 
  2023         -0.9     -0.7     -0.2     -0.2      0.3      0.5
                0.3      0.3      0.4      0.5      0.5     -0.1           0.1
 
  2024         -1.0     -0.1     -0.3     -0.1      0.3      0.3
                0.4      0.6      0.6      0.8      0.3      0.1           0.1
 
  2025          0.1      0.1      0.2      0.4      0.8      0.5
                0.4      0.6      0.6      0.7      0.2      0.4           0.4
 
  2026          0.2      0.1      0.4      0.4      0.7      0.4
                0.9      0.4                                               0.4
 
  AVGE          0.0     -0.0      0.1      0.4      0.7      0.5
                0.4      0.6      0.5      0.7      0.4      0.3

  Table Total-        53.40   Mean-       0.38   Std. Dev.-       0.65
                              Min -      -1.04        Max -       2.61
        R35 monthly CPI index            PAGE  20, SERIES series

 E 18  Final adjustment ratios
  From  2015.Jan to 2026.Aug
  Observations        140
 -----------------------------------------------------------------------------
               Jan      Feb      Mar      Apr      May      Jun 
               Jul      Aug      Sep      Oct      Nov      Dec         AVGE  
 -----------------------------------------------------------------------------
  2015        100.1     99.9     99.7     99.7    100.0    100.0
              100.0    100.0    100.1    100.2    100.2    100.2         100.0
 
  2016        100.1     99.9     99.7     99.7    100.0    100.0
               99.9    100.0    100.1    100.2    100.2    100.2         100.0
 
  2017        100.1     99.9     99.7     99.7    100.0    100.0
               99.9    100.1    100.1    100.3    100.3    100.3         100.0
 
  2018        100.2     99.9     99.6     99.6     99.9     99.9
               99.8    100.0    100.1    100.3    100.4    100.4         100.0
 
  2019        100.3     99.9     99.6     99.5     99.8     99.8
               99.8    100.0    100.1    100.4    100.6    100.6         100.0
 
  2020        100.3     99.8     99.5     99.4     99.6     99.8
               99.8    100.0    100.2    100.5    100.7    100.6         100.0
 
  2021        100.3     99.8     99.4     99.3     99.4     99.7
               99.9    100.0    100.3    100.6    100.8    100.7         100.0
 
  2022        100.2     99.7     99.3     99.2     99.3     99.7
               99.9    100.1    100.4    100.7    100.9    100.6         100.0
 
  2023        100.1     99.6     99.3     99.2     99.4     99.7
               99.9    100.2    100.4    100.7    100.8    100.5         100.0
 
  2024        100.1     99.6     99.4     99.3     99.5     99.8
               99.9    100.2    100.4    100.6    100.7    100.4         100.0
 
  2025        100.0     99.7     99.5     99.4     99.6     99.8
               99.9    100.2    100.3    100.6    100.7    100.3         100.0
 
  2026        100.0     99.7     99.5     99.5     99.7     99.7
              100.0    100.1                                              99.8
 
  AVGE        100.1     99.8     99.5     99.4     99.7     99.8
               99.9    100.1    100.2    100.5    100.6    100.4

  Table Total-     13998.90   Mean-      99.99   Std. Dev.-       0.39
                              Min -      99.17        Max -     100.87

 E 18.A  Final adjustment ratio forecasts
  From  2026.Sep to 2027.Aug
  Observations         12
 -----------------------------------------------------------------------------
               Jan      Feb      Mar      Apr      May      Jun 
               Jul      Aug      Sep      Oct      Nov      Dec         AVGE  
 -----------------------------------------------------------------------------
  2026                                                          
                                100.3    100.5    100.7    100.2         100.4
 
  2027        100.0     99.7     99.6     99.5     99.7     99.7
              100.0    100.1                                              99.8
 

  QS statistic for seasonality:
  log(Original Series)                               23.32  (P-Value =     0.0000)
  log(Original Series (EV adj))                      25.81  (P-Value =     0.0000)
  Residuals                                           0.00  (P-Value =     1.0000)
  log(Seasonally Adjusted Series)                     0.00  (P-Value =     1.0000)
  log(SA Series (EV adj))                             0.00  (P-Value =     1.0000)
  Irregular Series                                    0.84  (P-Value =     0.6578)
  Irregular Series (EV adj)                           0.00  (P-Value =     1.0000)

  QS statistic for seasonality (starting 2018.Sep):
  log(Original Series)                                9.82  (P-Value =     0.0074)
  log(Original Series (EV adj))                      11.22  (P-Value =     0.0037)
  Residuals                                           0.00  (P-Value =     1.0000)
  log(Seasonally Adjusted Series)                     0.00  (P-Value =     1.0000)
  log(SA Series (EV adj))                             0.00  (P-Value =     1.0000)
  Irregular Series                                    0.10  (P-Value =     0.9497)
  Irregular Series (EV adj)                           0.00  (P-Value =     1.0000)
        R35 monthly CPI index            PAGE  21, SERIES series
 G 0  10*LOG(SPECTRUM) of the differenced, transformed Prior Adjusted Series
      (Table B1).  Spectrum estimated from 2018.Sep to 2026.Aug.
 ++++++++++I+++++++++++++++++++++++++++++++++++++++++++++++++++++++++++++I
     -33.62I          S                                                  I    -33.62
           I          S                                                  I
           I          S                                                  I
           I  **      S                                                  I
     -35.84I  **      S                                                  I    -35.84
           I  **      S                                                  I
           I  **      S                                                  I
           I  ***     S                                                  I
     -38.07I  ***     S                                                  I    -38.07
           I  ***     S                                                  I
           I  ***     S                                                  I
           I  ***     S                                                  I
     -40.29I  ***     S                                                  I    -40.29
           I  ****    S                                                  I
           I  ****    S         S                                        I
           I  ****    S*        S                                        I
     -42.52I *****    S*        S                                        I    -42.52
           I *****    S*        S                                        I
           I *****    S* *      S                                        I
           I *****    S***      S                                        I
     -44.75I******   *S***      S                                        I    -44.75
           I******   *S***      S                                        I
           I******   *S****     S                                        I
           I******   *S****     S                                        I
     -46.97I*******  *S****     S                                        I    -46.97
           I*******  *S**** **  S                                        I
           I*******  *S*******  S                                        I
           I*******  *S******* *S*                                       I
     -49.20I******* **S*********S*                                       I    -49.20
           I**********S*********S*                                       I
           I**********S*********S*                                       I
           I**********S*********S*                                       I
     -51.42I**********S*********S*        S                              I    -51.42
           I**********S*********S*        S    *        *                I
           I**********S*********S*        S   ***       *     S          I
           I**********S*********S*       *S*  ***       *     S*     *   I
     -53.65I**********S*********S*       *S*  ***       *     S*     *   I    -53.65
           I**********S*********S*       *S* *****     **     S*     *   I
           I**********S*********S*       *S*******     **     S* *   *   I
           I**********S*********S*       *S*******     **     S*T*   *   I
     -55.87I**********S*********S**      *S********    **     S*T**  *   I    -55.87
           I**********S*********S**     **S********   T**     S*T**  **  I
           I**********S*********S**     **S********   T***    S*T**  **  I
           I**********S*********S**     **S*********S*T***    S*T** ***  I
     -58.10I**********S*********S**    ***S*********S*T***    S*T******  I    -58.10
           I**********S*********S**   ****S*********S*T***   *S*T******  I
           I**********S*********S***  ****S*********S*T***   *S*T******  I
           I**********S*********S*** *****S*********S*T***   *S*T******  I
     -60.33I**********S*********S*********S*********S*T***   *S*T******  I    -60.33
           I**********S*********S*********S*********S*T***   *S*T******  I
           I**********S*********S*********S*********S*T****  *S*T******* I
           I**********S*********S*********S*********S*T**** **S*T******* I
     -62.55I**********S*********S*********S*********S*T*******S*T*******SI    -62.55
 ++++++++++I+++++++++++++++++++++++++++++++++++++++++++++++++++++++++++++I
            S=SEASONAL FREQUENCIES, T=TRADING DAY FREQUENCIES
        R35 monthly CPI index            PAGE  22, SERIES series
 G 1  10*LOG(SPECTRUM) of the differenced, transformed seasonally adjusted 
      data (Table D11).  Spectrum estimated from 2018.Sep to 2026.Aug.
 ++++++++++I+++++++++++++++++++++++++++++++++++++++++++++++++++++++++++++I
     -33.94I   *                                                         I    -33.94
           I   *                                                         I
           I  **                                                         I
           I  **                                                         I
     -36.16I  **                                                         I    -36.16
           I  **                                                         I
           I  **                                                         I
           I  **                                                         I
     -38.38I  ***                                                        I    -38.38
           I  ***                                                        I
           I  ***                                                        I
           I  ***                                                        I
     -40.60I  ***                                                        I    -40.60
           I  ***                                                        I
           I *****                                                       I
           I *****                                                       I
     -42.83I *****                                                       I    -42.83
           I *****       *                                               I
           I******       *                                               I
           I******       *                                               I
     -45.05I******       *                                               I    -45.05
           I******       *                                               I
           I*******      **                                              I
           I*******      **                                              I
     -47.27I*******      ** *                                            I    -47.27
           I*******     *** *                                            I
           I********    *****                                            I
           I**********  ******                                           I
     -49.49I**********  ******   *            *                          I    -49.49
           I**********S*******   *            *                          I
           I**********S*******   *           **                          I
           I**********S*******   *           **                          I
     -51.72I**********S*******   *           **   *                      I    -51.72
           I**********S*******   *           **   *    *                SI
           I**********S*******  S*           **   **   **               SI
           I**********S******** S*      *    **   **   **    *S   *    *SI
     -53.94I**********S******** S*     **    ***  **   **    *S  **    *SI    -53.94
           I**********S******** S*     **   ****  **   **    *S  **    *SI
           I**********S*********S*     **   **** ***   **    *S  **    *SI
           I**********S*********S*     **   **** ***   **    *S  **   **SI
     -56.16I**********S*********S*     **   ********   **    *S*T**   **SI    -56.16
           I**********S*********S*     *** *********   **    *S*T***  **SI
           I**********S*********S**    *** *********S T**    *S*T***  **SI
           I**********S*********S**    ***S*********S T**    *S*T*** ***SI
     -58.38I**********S*********S**    ***S*********S*T**   **S*T*******SI    -58.38
           I**********S*********S**    ***S*********S*T***  **S*T*******SI
           I**********S*********S**   ****S*********S*T***  **S*T*******SI
           I**********S*********S**   ****S*********S*T***  **S*T*******SI
     -60.61I**********S*********S**   ****S*********S*T***  **S*T*******SI    -60.61
           I**********S*********S**   ****S*********S*T*******S*T*******SI
           I**********S*********S***  ****S*********S*T*******S*T*******SI
           I**********S*********S*** *****S*********S*T*******S*T*******SI
     -62.83I**********S*********S*********S*********S*T*******S*T*******SI    -62.83
 ++++++++++I+++++++++++++++++++++++++++++++++++++++++++++++++++++++++++++I
            S=SEASONAL FREQUENCIES, T=TRADING DAY FREQUENCIES
        R35 monthly CPI index            PAGE  23, SERIES series
 G 2  10*LOG(SPECTRUM) of the Irregular (Table D13).  
      Spectrum estimated from 2018.Sep to 2026.Aug.
 ++++++++++I+++++++++++++++++++++++++++++++++++++++++++++++++++++++++++++I
     -49.68I             *                                               I    -49.68
           I             *                                               I
           I            **                                               I
           I            **                                               I
     -51.25I           ****  *                                           I    -51.25
           I         *S****  *                                           I
           I        **S**** **                                           I
           I        **S*******                                           I
     -52.81I        **S*******                                           I    -52.81
           I        **S*******                                           I
           I        **S********                                          I
           I        **S********  *                                       I
     -54.38I       ***S********  *                                       I    -54.38
           I       ***S********  *                                       I
           I       ***S******** S*                                       I
           I       ***S*********S*                      *                I
     -55.95I       ***S*********S*          *  *        *                I    -55.95
           I       ***S*********S*          *  **       *                I
           I       ***S*********S*          ** **       *                I
           I       ***S*********S*          *****       *                I
     -57.52I      ****S*********S*         ******       *                I    -57.52
           I      ****S*********S**        ******       *                I
           I      ****S*********S**        ******       *                I
           I      ****S*********S**        *******      *                I
     -59.09I      ****S*********S**        *******      *                I    -59.09
           I      ****S*********S**       S*******      *                I
           I     *****S*********S**       S********     *                I
           I     *****S*********S**      *S*********    *                I
     -60.66I     *****S*********S**     **S*********    *                I    -60.66
           I     *****S*********S**     **S*********    *     S       *  I
           I     *****S*********S**     **S*********   **     S*      *  I
           I    ******S*********S**     **S*********S  **     S*  *  **  I
     -62.22I    ******S*********S***   ***S*********S  **     S*  *  **  I    -62.22
           I   *******S*********S***   ***S*********S  **     S* **  **  I
           I   *******S*********S***   ***S*********S  **     S*T*** **  I
           I   *******S*********S***   ***S*********S* **     S*T******* I
     -63.79I  ********S*********S***   ***S*********S* **     S*T******* I    -63.79
           I *********S*********S***  ****S*********S*T**     S*T******* I
           I**********S*********S**** ****S*********S*T***    S*T*******SI
           I**********S*********S*********S*********S*T***    S*T*******SI
     -65.36I**********S*********S*********S*********S*T***    S*T*******SI    -65.36
           I**********S*********S*********S*********S*T***    S*T*******SI
           I**********S*********S*********S*********S*T***   *S*T*******SI
           I**********S*********S*********S*********S*T***   *S*T*******SI
     -66.93I**********S*********S*********S*********S*T***   *S*T*******SI    -66.93
           I**********S*********S*********S*********S*T***   *S*T*******SI
           I**********S*********S*********S*********S*T***   *S*T*******SI
           I**********S*********S*********S*********S*T***   *S*T*******SI
     -68.50I**********S*********S*********S*********S*T***   *S*T*******SI    -68.50
           I**********S*********S*********S*********S*T****  *S*T*******SI
           I**********S*********S*********S*********S*T**** **S*T*******SI
           I**********S*********S*********S*********S*T**** **S*T*******SI
     -70.07I**********S*********S*********S*********S*T*******S*T*******SI    -70.07
 ++++++++++I+++++++++++++++++++++++++++++++++++++++++++++++++++++++++++++I
            S=SEASONAL FREQUENCIES, T=TRADING DAY FREQUENCIES
        R35 monthly CPI index            PAGE  24, SERIES series

  Peak probabilities for Tukey spectrum estimator
  Spectrum estimated from 2018.Sep to 2026.Aug.

                                          S1       S2       S3       S4       S5       S6       TD
                                        ------   ------   ------   ------   ------   ------   ------
  Model Residuals                        0.784    0.964*   0.629    0.797    0.690    0.277    0.451  
  Prior Adjusted Series (Table B1)       0.977*   0.987*   0.862    0.865    0.757    0.272    0.516  
  Seasonally adjusted series (D11)       0.423    0.609    0.429    0.708    0.776    0.818    0.769  
  Irregular (D13)                        0.582    0.540    0.771    0.642    0.806    0.598    0.431  
  ----------
     ** - Peak Probability > 0.99,
      * - 0.90 < Peak Probability < 0.99



  NP statistic for residual seasonality:

  NP statistic for residual seasonality (Full series)
                                                  Residual Seasonality?
  log(Seasonally Adjusted Series)                          no
  log(Seasonally Adjusted Series (EV adj))                 no

  NP statistic for residual seasonality (Series start in 2018.Sep)
                                                  Residual Seasonality?
  log(Seasonally Adjusted Series)                          no
  log(Seasonally Adjusted Series (EV adj))                 no
