1
    Log for X-13ARIMA-SEATS program (Version 1.1 Build 62)  Sep 22, 2026  22.39.08 
    *-*-*-*-*-*-*-*-*-*-*-*-*-*-*-*-*-*-*-*-*-*-*-*-*-*-*-*-*-*-*-*-*-*-*-*-*



 Type of  Series      Additional                   Series title
 Adjust.  Ident.      Identifiers


  M-MLT    series -------- -------- R35 monthly CPI index                             
  Moving seasonality ratio     :       2.433
  I/C Ratio                    :       0.158
  Stable Seasonal F, B1 table  :       5.639
  Stable Seasonal F, D8 table  :      22.716
  Moving Seasonal F, D8 table  :      11.754
  Identifiable seasonality     : yes
    M01 :      0.028
    M02 :      0.004
    M03 :      0.000
    M04 :      1.096
    M05 :      0.000
    M06 :      0.627
    M07 :      0.964
    M08 :      1.463
    M09 :      0.525
    M10 :      1.479
    M11 :      1.061
    Q   :      0.561
    Q2  :      0.639

  QS statistic for seasonality:
  log(Original Series)                               23.32  (P-Value =     0.0000)
  log(Original Series (EV adj))                      25.81  (P-Value =     0.0000)
  Residuals                                           0.00  (P-Value =     1.0000)
  log(Seasonally Adjusted Series)                     0.00  (P-Value =     1.0000)
  log(SA Series (EV adj))                             0.00  (P-Value =     1.0000)
  Irregular Series                                    0.84  (P-Value =     0.6578)
  Irregular Series (EV adj)                           0.00  (P-Value =     1.0000)

  QS statistic for seasonality (starting 2018.Sep):
  Original Series                                     9.82  (P-Value =     0.0074)
  Original Series (EV adj)                           11.22  (P-Value =     0.0037)
  Residuals                                           0.00  (P-Value =     1.0000)
  Seasonally Adjusted Series                          0.00  (P-Value =     1.0000)
  Seasonally Adjusted Series (EV adj)                 0.00  (P-Value =     1.0000)
  Irregular Series                                    0.10  (P-Value =     0.9497)
  Irregular Series (EV adj)                           0.00  (P-Value =     1.0000)

 

  Peak probabilities for Tukey spectrum estimator
  Spectrum estimated from 2018.Sep to 2026.Aug.

                                          S1       S2       S3       S4       S5       S6       TD
                                        ------   ------   ------   ------   ------   ------   ------
  Model Residuals                                   *                                              
  Prior Adjusted Series (Table B1)         *        *                                              
  Seasonally adjusted series (D11)                                                                 
  Irregular (D13)                                                                                  
  ----------
     ** - Peak Probability > 0.99,
      * - 0.90 < Peak Probability < 0.99



  NP statistic for residual seasonality:

  NP statistic for residual seasonality (Full series)
                                                  Residual Seasonality?
  log(Seasonally Adjusted Series)                          no
  log(Seasonally Adjusted Series (EV adj))                 no

  NP statistic for residual seasonality (Series start in 2018.Sep)
                                                  Residual Seasonality?
  log(Seasonally Adjusted Series)                          no
  log(Seasonally Adjusted Series (EV adj))                 no

 Spectral Peak Summary:
  Seasonal Spectral Peaks : none
        TD Spectral Peaks : none
  
  
 For Peak Probability > 0.99
  Seasonal Tukey Spectral Peaks : none
        TD Tukey Spectral Peaks : none
  
 For Peak Probability > 0.90
  Seasonal Tukey Spectral Peaks : rsd ori
        TD Tukey Spectral Peaks : none
