1
    Log for X-13ARIMA-SEATS program (Version 1.1 Build 62)  Sep 22, 2026  22.39.19 
    *-*-*-*-*-*-*-*-*-*-*-*-*-*-*-*-*-*-*-*-*-*-*-*-*-*-*-*-*-*-*-*-*-*-*-*-*



 Type of  Series      Additional                   Series title
 Adjust.  Ident.      Identifiers


  M-MLT    series -------- -------- R35 monthly CPI index                             
  Moving seasonality ratio     :       6.269
  I/C Ratio                    :       1.424
  Stable Seasonal F, B1 table  :       1.595
  Stable Seasonal F, D8 table  :       3.538
  Moving Seasonal F, D8 table  :       1.034
  Identifiable seasonality     : yes
    M01 :      2.442
    M02 :      0.111
    M03 :      0.212
    M04 :      0.340
    M05 :      0.280
    M06 :      0.908
    M07 :      1.195
    M08 :      1.845
    M09 :      0.834
    M10 :      1.784
    M11 :      1.424
    Q   :      0.957
    Q2  :      1.062

  QS statistic for seasonality:
  log(Original Series)                                4.03  (P-Value =     0.1330)
  log(Original Series (EV adj))                       4.03  (P-Value =     0.1330)
  Residuals                                           3.87  (P-Value =     0.1444)
  log(Seasonally Adjusted Series)                     0.00  (P-Value =     1.0000)
  log(SA Series (EV adj))                             0.00  (P-Value =     1.0000)
  Irregular Series                                    0.00  (P-Value =     1.0000)
  Irregular Series (EV adj)                           0.00  (P-Value =     1.0000)

  QS statistic for seasonality (starting 2018.Aug):
  Original Series                                     3.04  (P-Value =     0.2185)
  Original Series (EV adj)                            3.04  (P-Value =     0.2185)
  Residuals                                           3.12  (P-Value =     0.2098)
  Seasonally Adjusted Series                          0.00  (P-Value =     1.0000)
  Seasonally Adjusted Series (EV adj)                 0.00  (P-Value =     1.0000)
  Irregular Series                                    0.00  (P-Value =     1.0000)
  Irregular Series (EV adj)                           0.00  (P-Value =     1.0000)

 

  Peak probabilities for Tukey spectrum estimator
  Spectrum estimated from 2018.Aug to 2026.Jul.

                                          S1       S2       S3       S4       S5       S6       TD
                                        ------   ------   ------   ------   ------   ------   ------
  Model Residuals                                                     *                            
  Original Series (Table A1 or B1)                           *        *                            
  Seasonally adjusted series (D11)                                                               * 
  Irregular (D13)                                                                                * 
  ----------
     ** - Peak Probability > 0.99,
      * - 0.90 < Peak Probability < 0.99



  NP statistic for residual seasonality:

  NP statistic for residual seasonality (Full series)
                                                  Residual Seasonality?
  log(Seasonally Adjusted Series)                          no
  log(Seasonally Adjusted Series (EV adj))                 no

  NP statistic for residual seasonality (Series start in 2018.Aug)
                                                  Residual Seasonality?
  log(Seasonally Adjusted Series)                          no
  log(Seasonally Adjusted Series (EV adj))                 no

 Spectral Peak Summary:
  Seasonal Spectral Peaks : rsd
        TD Spectral Peaks : none
  
  
 For Peak Probability > 0.99
  Seasonal Tukey Spectral Peaks : none
        TD Tukey Spectral Peaks : none
  
 For Peak Probability > 0.90
  Seasonal Tukey Spectral Peaks : rsd ori
        TD Tukey Spectral Peaks : sa irr
