1
    Log for X-13ARIMA-SEATS program (Version 1.1 Build 62)  Sep 22, 2026  22.39.04 
    *-*-*-*-*-*-*-*-*-*-*-*-*-*-*-*-*-*-*-*-*-*-*-*-*-*-*-*-*-*-*-*-*-*-*-*-*



 Type of  Series      Additional                   Series title
 Adjust.  Ident.      Identifiers


  M-MLT    series -------- -------- R35 monthly CPI index                             
  Moving seasonality ratio     :       2.091
  I/C Ratio                    :       0.245
  Stable Seasonal F, B1 table  :       8.430
  Stable Seasonal F, D8 table  :      16.369
  Moving Seasonal F, D8 table  :       2.604
  Identifiable seasonality     : yes
    M01 :      0.068
    M02 :      0.012
    M03 :      0.000
    M04 :      0.861
    M05 :      0.000
    M06 :      0.764
    M07 :      0.673
    M08 :      1.540
    M09 :      0.993
    M10 :      1.467
    M11 :      1.334
    Q   :      0.542
    Q2  :      0.615

  QS statistic for seasonality:
  log(Original Series)                                4.06  (P-Value =     0.1312)
  log(Original Series (EV adj))                      62.86  (P-Value =     0.0000)
  Residuals                                           0.00  (P-Value =     1.0000)
  log(Seasonally Adjusted Series)                     0.00  (P-Value =     1.0000)
  log(SA Series (EV adj))                             0.00  (P-Value =     1.0000)
  Irregular Series                                    0.00  (P-Value =     1.0000)
  Irregular Series (EV adj)                           0.00  (P-Value =     1.0000)

  QS statistic for seasonality (starting 2018.Sep):
  Original Series                                     4.42  (P-Value =     0.1097)
  Original Series (EV adj)                           52.06  (P-Value =     0.0000)
  Residuals                                           0.00  (P-Value =     0.9999)
  Seasonally Adjusted Series                          0.00  (P-Value =     1.0000)
  Seasonally Adjusted Series (EV adj)                 0.00  (P-Value =     1.0000)
  Irregular Series                                    0.00  (P-Value =     1.0000)
  Irregular Series (EV adj)                           0.00  (P-Value =     1.0000)

 

  Peak probabilities for Tukey spectrum estimator
  Spectrum estimated from 2018.Sep to 2026.Aug.

                                          S1       S2       S3       S4       S5       S6       TD
                                        ------   ------   ------   ------   ------   ------   ------
  Model Residuals                                                              *                   
  Prior Adjusted Series (Table B1)                  *                                   *          
  Seasonally adjusted series (D11)                                             *                   
  Irregular (D13)                                                                       *          
  ----------
     ** - Peak Probability > 0.99,
      * - 0.90 < Peak Probability < 0.99



  NP statistic for residual seasonality:

  NP statistic for residual seasonality (Full series)
                                                  Residual Seasonality?
  log(Seasonally Adjusted Series)                          no
  log(Seasonally Adjusted Series (EV adj))                 no

  NP statistic for residual seasonality (Series start in 2018.Sep)
                                                  Residual Seasonality?
  log(Seasonally Adjusted Series)                          no
  log(Seasonally Adjusted Series (EV adj))                 no

 Spectral Peak Summary:
  Seasonal Spectral Peaks : none
        TD Spectral Peaks : none
  
  
 For Peak Probability > 0.99
  Seasonal Tukey Spectral Peaks : none
        TD Tukey Spectral Peaks : none
  
 For Peak Probability > 0.90
  Seasonal Tukey Spectral Peaks : rsd ori sa irr
        TD Tukey Spectral Peaks : none
