{
  "schema_version": "live_bundle_r32/v1",
  "command": "readiness",
  "target": "2026-09",
  "as_of": "2026-09-22T17:41:42.9865242+00:00",
  "decision_time_prague": "2026-09-22T19:41:42.986524200+02:00",
  "status": "blocked",
  "ready_for_calculation": false,
  "forecast_available": false,
  "ready_for_first_release": false,
  "main_model": "HARD_BASE",
  "variant": "R31C_C123",
  "readiness": {
    "data_ready": false,
    "reasons": [
      {
        "code": "missing_release_calendar",
        "target": "2026-09",
        "required": "sourced first/detail release timestamps"
      },
      {
        "code": "component_history_gap",
        "component": "core",
        "required_through": "2026-08",
        "latest_released_value": "2026-07",
        "gap_months": 1
      },
      {
        "code": "component_history_gap",
        "component": "regulated",
        "required_through": "2026-08",
        "latest_released_value": "2026-07",
        "gap_months": 1
      },
      {
        "code": "stale_feature",
        "frame": "features",
        "column": "core_l1",
        "target": "2026-09"
      }
    ],
    "missing_inputs": [
      {
        "frame": "features",
        "column": "core_l1",
        "status": "STALE"
      },
      {
        "frame": "food_features",
        "column": "agri_l0",
        "status": "NOT_DUE"
      }
    ],
    "component_history_edges": {
      "headline": {
        "latest_released_value": "2026-08",
        "gap_months": 0
      },
      "core": {
        "latest_released_value": "2026-07",
        "gap_months": 1
      },
      "regulated": {
        "latest_released_value": "2026-07",
        "gap_months": 1
      },
      "alcohol": {
        "latest_released_value": "2026-08",
        "gap_months": 0
      },
      "food": {
        "latest_released_value": "2026-08",
        "gap_months": 0
      },
      "official_fuel": {
        "latest_released_value": "2026-08",
        "gap_months": 0
      }
    },
    "before_first_release": false,
    "first_release": null,
    "weekly_fuel": {
      "last_due": "2026-09-14T00:00:00",
      "last_available": "2026-09-14T00:00:00"
    }
  },
  "runtime": {
    "ready": true,
    "reasons": [],
    "python": "3.12.14",
    "packages": {
      "numpy": {
        "found": true,
        "version": "2.5.2"
      },
      "pandas": {
        "found": true,
        "version": "3.0.1"
      },
      "scipy": {
        "found": true,
        "version": "1.18.1"
      },
      "scikit-learn": {
        "found": true,
        "version": "1.9.0"
      },
      "statsmodels": {
        "found": true,
        "version": "0.15.0"
      },
      "quantile-forest": {
        "found": true,
        "version": "1.4.2"
      },
      "duckdb": {
        "found": true,
        "version": "1.5.5"
      },
      "requests": {
        "found": true,
        "version": "2.34.2"
      }
    },
    "x13_path": "C:\\Users\\luis_\\x13as\\x13as\\x13as.exe",
    "x13_sha256": "2e43194361ee096797f0431765193c316196ea6776f11535e76281a413d49669",
    "check": "module discovery only; binary import/execution is verified by run"
  },
  "calendar": {
    "frozen_sha256": "4e3dc40df53cbfdebf62f3c5f47494881ebbf46e044921c44b2e365fa79f1bc4",
    "frozen_last_target": "2026-08",
    "live_sha256": null,
    "not_yet_available": []
  },
  "fx": {
    "status": "applied",
    "ticker": "EURCZK CNB Curncy",
    "n_fixings": 15,
    "last_fixing": "2026-09-21",
    "rule": "exclude Prague call day; prior monthly mean rounded to 3 dp",
    "value_mm_pct": 0.3088079187173465
  },
  "provenance": {
    "variant": "R31C_C123",
    "bundle_manifest_sha256": "1a7da84977398f238f4bad5ccb253c2143f72efbc12a40e05fb66b9b129eb1f5",
    "bundle_files": {
      "market/history_long.csv": "7b9051bf8c933472a099db19f07a39a6cbf1536fa5b5de7fe941f8c672cead67",
      "nowcast/alcohol_tobacco.csv": "6829ab91d0fdd50e62c9f36cd343447c6c3bc72a2966f0746958b0b21102b796",
      "nowcast/cnb_core_mm.csv": "fcb9ec4065347d77db5a2731b0d67e3c6923267199012bbb4570aa77a0e6ce45",
      "nowcast/cnb_regulated_mm.csv": "747e803d13a51ac5ce7b382eb35e8f0893284c3f92c655f1410aeddf6780dcf2",
      "nowcast/component_food_fuel_mm.csv": "d27a2e6f0b449f1808268d5931011599b09a29bd3512fa0b0d842e66cf85de22",
      "nowcast/core_features.csv": "fc6a194dff921db412796c6367e79d3a0e338f1630893a5f31729fc9480b4d14",
      "nowcast/food_block_features.csv": "3856e398469ea32292dd81f25f210199255d3c872b75c25eff2e770f223890c0",
      "nowcast/fuel_weekly_variant_b.csv": "d6f2b28bea4d2dcb2e308b407ede137fdbb2125f83eb872b841f2b249529cb4f",
      "nowcast/target_headline_cpi_mm.csv": "12423f67a548f47f48378f5232ee593041dce170564e474493e418c38c9e9c38",
      "provenance.json": "23ce56c08be56aa22b5262e24903ae0a4c47419bd034418989b706fd23fccef5"
    },
    "snapshot_hashes": {
      "market/history_long.csv": "7b9051bf8c933472a099db19f07a39a6cbf1536fa5b5de7fe941f8c672cead67"
    },
    "fuel_ticker": "CP7FCZ Index",
    "weekly_source": "EC bulletin from Bloomberg, CZK/l",
    "dropped_feature": "services_l1",
    "vintage": "latest-vintage with publication rules; not prospective evidence"
  },
  "reasons": [
    {
      "code": "missing_release_calendar",
      "target": "2026-09",
      "required": "sourced first/detail release timestamps"
    },
    {
      "code": "component_history_gap",
      "component": "core",
      "required_through": "2026-08",
      "latest_released_value": "2026-07",
      "gap_months": 1
    },
    {
      "code": "component_history_gap",
      "component": "regulated",
      "required_through": "2026-08",
      "latest_released_value": "2026-07",
      "gap_months": 1
    },
    {
      "code": "stale_feature",
      "frame": "features",
      "column": "core_l1",
      "target": "2026-09"
    }
  ],
  "limitations": [
    "Latest-vintage Bloomberg data with publication rules; historical clocks are reconstructed replay, not a prospective archive.",
    "Readiness never extrapolates missing monthly observations or invents release dates.",
    "Farm prices, documented energy announcements, basket weights and X13 remain external/static requirements.",
    "This entry point calculates h0 only; it does not refresh sources or extend the monthly path."
  ]
}
