     Error messages generated from processing the X-13ARIMA-SEATS spec file
     series.spc:



 WARNING: Estimation was terminated because no further improvement in
          the likelihood was possible.  Check iteration output to 
          confirm that model estimation really converged.



 WARNING: Estimation was terminated because no further improvement in
          the likelihood was possible.  Check iteration output to 
          confirm that model estimation really converged.



 WARNING: Estimation was terminated because no further improvement in
          the likelihood was possible.  Check iteration output to 
          confirm that model estimation really converged.



 WARNING: Estimation was terminated because no further improvement in
          the likelihood was possible.  Check iteration output to 
          confirm that model estimation really converged.



 WARNING: Estimation was terminated because no further improvement in
          the likelihood was possible.  Check iteration output to 
          confirm that model estimation really converged.



 WARNING: Estimation was terminated because no further improvement in
          the likelihood was possible.  Check iteration output to 
          confirm that model estimation really converged.


