  Reading input spec file from series.spc

1

               U. S. Department of Commerce, U. S. Census Bureau

              X-13ARIMA-SEATS monthly seasonal adjustment Method,
                          Release Version 1.1 Build 62


           This software application provides an enhanced version of
             Statistics Canada's X-11-ARIMA extension (Dagum, 1980)
                 of the X-11 variant of the Census Method II of
                      Shiskin, Young and Musgrave (1967).

            It also provides an ARIMA model-based method following
       Hillmer and Tiao (1982) and Burman (1980) that is very similar
       to the update of the method of SEATS (Gomez and Maravall, 1996)
                produced at the Bank of Spain by G. Caporello and
               A. Maravall for TSW (Caporello and Maravall, 2004).
          The present application includes additional enhancements.

         X-13ARIMA-SEATS includes an automatic ARIMA model selection procedure
          based largely on the procedure of Gomez and Maravall (1998)
            as implemented in TRAMO (1996) and subsequent revisions.

              Primary Programmers: Brian Monsell, Mark Otto and,
                 for the ARIMA model-based signal extraction,
                      Gianluca Caporello and Victor Gomez


     Series Title- R35 monthly CPI index
     Series Name- series
     Sep 22, 2026  22.39.18 

        -Period covered-  1st month,2015 to  7th month,2026
        -Type of run - multiplicative seasonal adjustment

        -Sigma limits for graduating extreme values are  1.5 and  2.5 .
        -3x3 moving average used in section 1 of each iteration, 
         3x5 moving average in section 2 of iterations B and C,
         moving average for final seasonal factors chosen by Global MSR.
        -Spectral plots generated for selected series
        -Spectral plots generated for series starting in 2018.Aug

 FILE SAVE REQUESTS (* indicates file exists and will be overwritten)
  series.d10  final seasonal factors
  series.d11  final seasonally adjusted data
  series.d12  final trend cycle
  series.d13  final irregular component
  series.out  program output file
  series.err  program error file
  series.udg  seasonal adjustment and model diagnostics file
        R35 monthly CPI index            PAGE   1, SERIES series

     Contents of spc file series.spc

 Line #
 ------
      1: series { title="R35 monthly CPI index" start=2015.1 period=12 data=(
      2: 98 99.900000000000006 100.8 101.40000000000001 101.59999999999999 101.59999999999999
      3: 101.40000000000001 100.40000000000001 98.700000000000003 98.700000000000003 98.299999999999997 99.200000000000003
      4: 97.700000000000003 98.400000000000006 100.3 100.2 100.2 99.700000000000003
      5: 100.40000000000001 98.200000000000003 98.299999999999997 99 98.700000000000003 99
      6: 98.5 98.700000000000003 100.2 101 101.09999999999999 101.09999999999999
      7: 100.90000000000001 97.900000000000006 97.900000000000006 99.200000000000003 98.599999999999994 98.799999999999997
      8: 97.799999999999997 97.400000000000006 99.900000000000006 100.40000000000001 100.7 100.40000000000001
      9: 99.400000000000006 97.799999999999997 100.2 100.3 99.700000000000003 99.400000000000006
     10: 98.099999999999994 97.700000000000003 99.400000000000006 98 100.3 100.5
     11: 100.90000000000001 97.299999999999997 97.099999999999994 99.099999999999994 99.599999999999994 99.5
     12: 98.599999999999994 98.700000000000003 98.200000000000003 101.40000000000001 102.2 101.5
     13: 102.40000000000001 101.59999999999999 101.7 105.40000000000001 106.09999999999999 106.90000000000001
     14: 101.5 101.7 102.90000000000001 106.40000000000001 107.3 107.3
     15: 107.59999999999999 107.8 107.8 108.3 113.8 115.5
     16: 111.40000000000001 111.90000000000001 114.2 116 116.90000000000001 115.40000000000001
     17: 116.5 116.8 117 122.09999999999999 123 123
     18: 118 118.3 118.09999999999999 119.7 118.7 118.8
     19: 117.90000000000001 117.8 118.09999999999999 118.09999999999999 119 120.2
     20: 118.8 118.8 121.5 120.5 120.5 120.40000000000001
     21: 120.59999999999999 119.7 119.59999999999999 120.7 122.2 123.09999999999999
     22: 119.40000000000001 119.3 123.5 120.59999999999999 120.40000000000001 119.7
     23: 120.3 119.5 119.5 119.40000000000001 119.7 121.59999999999999
     24: 120.09999999999999 121 121.5 121.8 122.2 122
     25: 122.09999999999999
     26: ) }
     27: transform { function=log }
     28: automdl { }
     29: outlier { types=(ao ls tc) }
     30: x11 { mode=mult save=(d10 d11 d12 d13) appendfcst=no appendbcst=no savelog=all }
     31: spectrum { logqs=yes robustsa=no print=all savelog=all }
     32: check { }
        R35 monthly CPI index            PAGE   2, SERIES series

 A 1  Time series data (for the span analyzed)
  From  2015.Jan to 2026.Jul
  Observations        139
 -----------------------------------------------------------------------------
               Jan      Feb      Mar      Apr      May      Jun 
               Jul      Aug      Sep      Oct      Nov      Dec        TOTAL  
 -----------------------------------------------------------------------------
  2015          98.     100.     101.     101.     102.     102.
               101.     100.      99.      99.      98.      99.         1200.
 
  2016          98.      98.     100.     100.     100.     100.
               100.      98.      98.      99.      99.      99.         1190.
 
  2017          99.      99.     100.     101.     101.     101.
               101.      98.      98.      99.      99.      99.         1194.
 
  2018          98.      97.     100.     100.     101.     100.
                99.      98.     100.     100.     100.      99.         1193.
 
  2019          98.      98.      99.      98.     100.     101.
               101.      97.      97.      99.     100.     100.         1188.
 
  2020          99.      99.      98.     101.     102.     102.
               102.     102.     102.     105.     106.     107.         1225.
 
  2021         102.     102.     103.     106.     107.     107.
               108.     108.     108.     108.     114.     116.         1288.
 
  2022         111.     112.     114.     116.     117.     115.
               117.     117.     117.     122.     123.     123.         1404.
 
  2023         118.     118.     118.     120.     119.     119.
               118.     118.     118.     118.     119.     120.         1423.
 
  2024         119.     119.     122.     121.     121.     120.
               121.     120.     120.     121.     122.     123.         1446.
 
  2025         119.     119.     124.     121.     120.     120.
               120.     120.     120.     119.     120.     122.         1443.
 
  2026         120.     121.     122.     122.     122.     122.
               122.                                                       851.
 
  AVGE         106.     107.     108.     109.     109.     109.
               109.     107.     107.     108.     109.     110.

  Table Total-     15044.40   Mean-     108.23   Std. Dev.-       9.56
                              Min -      97.10        Max -     123.50
        R35 monthly CPI index            PAGE   3, SERIES series
                        Automatic ARIMA Model Selection

                    Procedure based closely on TRAMO method 
                         of Gomez and Maravall (2000)
              "Automatic Modeling Methods for Univariate Series",
                            A Course in Time Series
                  (Edited by D. Pena, G. C. Tiao, R. S. Tsay),
                         New York : J. Wiley and Sons


     Maximum order for regular ARMA parameters :   2
     Maximum order for seasonal ARMA parameters :   1
     Maximum order for regular differencing :   2
     Maximum order for seasonal differencing :   1

   Results of Unit Root Test for identifying orders of differencing:
     Regular difference order :   1
     Seasonal difference order :   0

     Mean is not significant.

  Automatic model choice : (0 1 2)(1 0 1)


  Final Checks for Identified Model


  Checking for Unit Roots.
   No unit roots found.

  Checking for nonseasonal overdifferencing.
   Nonseasonal MA not within  0.001 of 1.0 - model passes test.

  Checking for insignificant ARMA coefficients.

  Final automatic model choice : (0 1 2)(1 0 1)
   End of automatic model selection procedure.

 Average absolute percentage error in within-sample forecasts:
  Last year:   0.75      Last-1 year:   1.20     Last-2 year:   0.58
  Last three years:    0.84

 Estimation converged in   19 ARMA iterations,  245 function evaluations.

 Regression Model
 ------------------------------------------------------------------------------
                             Parameter        Standard
 Variable                     Estimate           Error      t-value
 ------------------------------------------------------------------------------
 Automatically Identified Outliers
   TC2018.Sep                   0.0256         0.00651         3.93
   AO2019.Apr                  -0.0242         0.00562        -4.31
   LS2020.Oct                   0.0300         0.00645         4.64
   TC2021.Jan                  -0.0335         0.00659        -5.08
   LS2021.Nov                   0.0399         0.00642         6.21
   TC2022.Oct                   0.0452         0.00653         6.91
   AO2025.Mar                   0.0235         0.00569         4.12
 ------------------------------------------------------------------------------


 ARIMA Model:  (0 1 2)(1 0 1)
   Nonseasonal differences: 1
                                              Standard
 Parameter                    Estimate          Errors
 -----------------------------------------------------
 Seasonal AR                                       
   Lag 12                       0.8489         0.04794

 Nonseasonal MA                                    
   Lag  1                       0.3058         0.05828
   Lag  2                       0.1536         0.00001

 Seasonal MA                                       
   Lag 12                       0.3532         0.06730

 Variance                       0.60775E-04
 SE of Var                      0.73164E-05
 -----------------------------------------------------

 Likelihood Statistics
 ------------------------------------------------------------------
 Number of observations (nobs)                                  139
 Effective number of observations (nefobs)                      138
 Number of parameters estimated (np)                             12
 Log likelihood                                            469.7944
 Transformation Adjustment                                -645.9961
 Adjusted Log likelihood (L)                              -176.2017
 AIC                                                       376.4033 
 AICC (F-corrected-AIC)                                    378.8993 
 Hannan Quinn                                              390.6781 
 BIC                                                       411.5304 
 ------------------------------------------------------------------


 DIAGNOSTIC CHECKING
  Sample Autocorrelations of the Residuals with the Ljung-Box diagnostic.

  Lag      1     2     3     4     5     6     7     8     9    10    11    12
  ACF  -0.06 -0.03  0.03  0.12 -0.05  0.03  0.09 -0.13  0.08 -0.15  0.06 -0.05
  SE    0.09  0.09  0.09  0.09  0.09  0.09  0.09  0.09  0.09  0.09  0.09  0.09
  Q     0.47  0.63  0.74  2.65  2.97  3.07  4.28  6.87  7.72 11.17 11.73 12.04
  DF       0     0     0     0     1     2     3     4     5     6     7     8
  P    0.000 0.000 0.000 0.000 0.085 0.215 0.233 0.143 0.172 0.083 0.110 0.149

  Lag     13    14    15    16    17    18    19    20    21    22    23    24
  ACF   0.06 -0.02  0.01  0.05 -0.12  0.14  0.04  0.00 -0.20  0.11  0.05  0.05
  SE    0.09  0.09  0.09  0.09  0.09  0.09  0.10  0.10  0.10  0.10  0.10  0.10
  Q    12.56 12.62 12.64 13.10 15.38 18.71 19.01 19.01 25.84 27.71 28.16 28.55
  DF       9    10    11    12    13    14    15    16    17    18    19    20
  P    0.184 0.245 0.317 0.362 0.284 0.177 0.213 0.268 0.077 0.067 0.080 0.097

  The P-values approximate the probability of observing a Q-value at least
  this large when the model fitted is correct.  When DF is positive, small
  values of P, customarily those below 0.05, indicate model inadequacy.

  Sample Autocorrelations of the Residuals
                 -1.0 -0.8 -0.6 -0.4 -0.2  0.0  0.2  0.4  0.6  0.8  1.0
                   +----+----+----+----+----+----+----+----+----+----+
            1                           .  X|   .                     -0.058
            2                           .  X|   .                     -0.034
            3                           .   |X  .                      0.028
            4                           .   |XXX.                      0.115
            5                           .  X|   .                     -0.047
            6                           .   |X  .                      0.026
            7                           .   |XX .                      0.090
            8                           .XXX|   .                     -0.132
            9                           .   |XX .                      0.075
           10                           XXXX|   .                     -0.151
           11                          .    |XX  .                     0.061
           12       - - - - - - - - -  .   X|    .  - - - - - - - -   -0.045
           13                          .    |X   .                     0.058
           14                          .   X|    .                    -0.021
           15                          .    |    .                     0.011
           16                          .    |X   .                     0.054
           17                          . XXX|    .                    -0.120
           18                          .    |XXXX.                     0.144
           19                          .    |X   .                     0.043
           20                          .    |    .                     0.001
           21                          XXXXX|    .                    -0.203
           22                          .    |XXX .                     0.106
           23                          .    |X   .                     0.052
           24       - - - - - - - - -  .    |X   .  - - - - - - - -    0.048
  
  Sample Autocorrelations of the Squared Residuals with the Ljung-Box diagnostic.

  Lag      1     2     3     4     5     6     7     8     9    10    11    12
  ACF   0.18  0.05 -0.09  0.08  0.09 -0.05 -0.03  0.12  0.02  0.10 -0.00  0.10
  SE    0.09  0.09  0.09  0.09  0.09  0.09  0.09  0.09  0.09  0.09  0.09  0.09
  Q     4.49  4.83  5.95  6.84  7.89  8.20  8.31 10.30 10.39 12.01 12.01 13.62
  DF       0     0     0     0     1     2     3     4     5     6     7     8
  P    0.000 0.000 0.000 0.000 0.005 0.017 0.040 0.036 0.065 0.062 0.100 0.092

  Lag     13    14    15    16    17    18    19    20    21    22    23    24
  ACF  -0.04 -0.10 -0.14  0.09  0.08 -0.05 -0.08 -0.01  0.08  0.10 -0.06  0.14
  SE    0.09  0.09  0.09  0.10  0.10  0.10  0.10  0.10  0.10  0.10  0.10  0.10
  Q    13.89 15.37 18.67 20.01 21.04 21.42 22.45 22.47 23.64 25.29 25.81 28.99
  DF       9    10    11    12    13    14    15    16    17    18    19    20
  P    0.126 0.119 0.067 0.067 0.072 0.091 0.096 0.129 0.130 0.117 0.136 0.088

  The P-values approximate the probability of observing a Q-value at least
  this large when the model fitted is correct in a way that supports the
  standard interpretations of the test statistics, standard errors, and
  prediction intervals output by X-13ARIMA-SEATS. When DF is positive, small
  values of P, customarily those below 0.05, suggest that model-based
  inferences about statistical significance and uncertainty will be less
  dependable than usual.

  Sample Autocorrelations of the Squared Residuals
                 -1.0 -0.8 -0.6 -0.4 -0.2  0.0  0.2  0.4  0.6  0.8  1.0
                   +----+----+----+----+----+----+----+----+----+----+
            1                           .   |XXXX                      0.178
            2                           .   |X  .                      0.049
            3                           . XX|   .                     -0.088
            4                           .   |XX .                      0.078
            5                           .   |XX .                      0.085
            6                           .  X|   .                     -0.046
            7                           .  X|   .                     -0.027
            8                           .   |XXX.                      0.116
            9                          .    |X   .                     0.024
           10                          .    |XXX .                     0.103
           11                          .    |    .                    -0.004
           12       - - - - - - - - -  .    |XXX .  - - - - - - - -    0.102
           13                          .   X|    .                    -0.042
           14                          .  XX|    .                    -0.097
           15                          .XXXX|    .                    -0.145
           16                          .    |XX  .                     0.092
           17                          .    |XX  .                     0.080
           18                          .   X|    .                    -0.049
           19                          .  XX|    .                    -0.080
           20                          .    |    .                    -0.008
           21                          .    |XX  .                     0.084
           22                          .    |XX  .                     0.099
           23                          .   X|    .                    -0.056
           24       - - - - - - - - -  .    |XXX .  - - - - - - - -    0.137
  
 Histogram of the Standardized and Mean-Centered Residuals
  Standard
  Deviations    Frequency
       -3 +##
          |###
       -2 +###
          |########
       -1 +#########
          |###########################
        0 +#########################
          |#########################
        1 +##################
          |##########
        2 +#####
          |#
        3 +##

  One '#'= 1 observation[s]

 Tabular Histogram of the Standardized and Mean-Centered Residuals

  Standard
  Deviations    Frequency

 -3.00                 2

 -2.50                 3

 -2.00                 3

 -1.50                 8

 -1.00                 9

 -0.50                27

  0.00                25

  0.50                25

  1.00                18

  1.50                10

  2.00                 5

  2.50                 1

  3.00                 2

 Summary Statistics for the Unstandardized Residuals
  Minimum                    -0.021
  Maximum                     0.020
  Median                      0.000
  Robust Std Dev              0.007

 Normality Statistics for regARIMA Model Residuals:

    Number of residuals  :    138

    Skewness coefficient :   -0.1712    
    Geary's a            :    0.7711    
    Kurtosis             :    3.4374    

  No indication of lack of normality.

 Durbin-Watson Statistic for regARIMA Model Residuals:
  dw =     2.095958

 Friedman Non-Parametric Test for regARIMA Model Residuals:
  ken =     7.461538 ( Asymptotically distributed as Chi-Square(11), P-Value =     0.760571 )

 QS Statistic for regARIMA Model Residuals (full series):             0.00
                                                       (P-Value =     1.0000)

 QS Statistic for regARIMA Model Residuals (starting 2018.Aug):       0.00
                                                       (P-Value =     1.0000)
      10*LOG(SPECTRUM) of the regARIMA model residuals
      Spectrum estimated from 2018.Aug to 2026.Jul.
 ++++++++++I+++++++++++++++++++++++++++++++++++++++++++++++++++++++++++++I
     -34.71I                                                      *      I    -34.71
           I                                                      *      I
           I                                                      *      I
           I                                                      *      I
     -35.80I                                                      *      I    -35.80
           I                                                      *      I
           I                                                      *      I
           I                                                      *      I
     -36.89I                               *                      *      I    -36.89
           I                          *    *                      *      I
           I                          *    *                      *      I
           I                          *    *      *               *      I
     -37.98I                          *    *      *               *      I    -37.98
           I*                         *    *      *               *      I
           I*                         *    *      **              *      I
           I*                         *    **     **              *      I
     -39.06I*                         *    **     **              *      I    -39.06
           I*    *                    *    **     **             **      I
           I*    *                    *    **     **             **      I
           I*    *               *    *    **     **             **      I
     -40.15I*    *   *           *    *    **     **             **      I    -40.15
           I*    *   *     *     *    *    ****   **             **      I
           I*    *   *     *     *    *    ****   **             **      I
           I*   **   *     *     *    *    ****   **             **      I
     -41.24I*   **   *     *     *    *    ****   **             **      I    -41.24
           I**  **   *     *     *    **   ****   **             **      I
           I**  **   *     *     *    **  S****   **             ***     I
           I**  **  **     *     *    **  S*****  **             ***     I
     -42.33I**  *** **     **    *    **  S***** ***   **        ***     I    -42.33
           I**  *** **     **    *    **  S***** ***   **        ***     I
           I**  *** **S   ***    *    **  S***** ***   **    *S  ***     I
           I**  *** **S   ***    *    **  S***** ***   **    *S  ***     I
     -43.41I**  ******S   ***   S*    **  S*********   **    *S  ***     I    -43.41
           I**  ******S   ***   S**   **  S*********   **    *S T***     I
           I** *******S   ***   S**  ***  S*********   **    *S T***     I
           I**********S   ***   S**  ***  S*********S  **    *S*T***     I
     -44.50I**********S   ***   S**  ***  S*********S  **    *S*T****    I    -44.50
           I**********S   ***   S**  ***  S*********S  **    *S*T*****   I
           I**********S   ****  S**  *****S*********S  **    *S*T*****   I
           I**********S   ****  S**  *****S*********S  **    *S*T******  I
     -45.59I**********S* *****  S**  *****S*********S T**    *S*T******  I    -45.59
           I**********S* *****  S**  *****S*********S*T**    *S*T******  I
           I**********S* *****  S**  *****S*********S*T**    *S*T******  I
           I**********S******* *S**  *****S*********S*T**   **S*T******* I
     -46.67I**********S*********S**  *****S*********S*T**   **S*T******* I    -46.67
           I**********S*********S*** *****S*********S*T***  **S*T*******SI
           I**********S*********S*********S*********S*T***  **S*T*******SI
           I**********S*********S*********S*********S*T***  **S*T*******SI
     -47.76I**********S*********S*********S*********S*T***  **S*T*******SI    -47.76
           I**********S*********S*********S*********S*T***  **S*T*******SI
           I**********S*********S*********S*********S*T***  **S*T*******SI
           I**********S*********S*********S*********S*T***  **S*T*******SI
     -48.85I**********S*********S*********S*********S*T*******S*T*******SI    -48.85
 ++++++++++I+++++++++++++++++++++++++++++++++++++++++++++++++++++++++++++I
            S=SEASONAL FREQUENCIES, T=TRADING DAY FREQUENCIES


 FORECASTING
  Origin  2026.Jul
  Number        12

  Forecasts and Standard Errors of the Transformed Data
   ------------------------------
                         Standard
       Date   Forecast      Error
   ------------------------------
   2026.Aug       4.80      0.008
   2026.Sep       4.80      0.009
   2026.Oct       4.80      0.010
   2026.Nov       4.81      0.011
   2026.Dec       4.82      0.012
   2027.Jan       4.80      0.013
   2027.Feb       4.81      0.013
   2027.Mar       4.81      0.014
   2027.Apr       4.81      0.015
   2027.May       4.81      0.015
   2027.Jun       4.81      0.016
   2027.Jul       4.81      0.016
   ------------------------------

  Confidence intervals with coverage probability ( 0.95000
  On the Original Scale
   ---------------------------------------
       Date      Lower  Forecast     Upper
   ---------------------------------------
   2026.Aug     119.62    121.46    123.33
   2026.Sep     119.22    121.46    123.74
   2026.Oct     119.16    121.61    124.11
   2026.Nov     119.50    122.15    124.86
   2026.Dec     120.53    123.39    126.32
   2027.Jan     118.76    121.75    124.82
   2027.Feb     119.05    122.21    125.45
   2027.Mar     119.56    122.89    126.33
   2027.Apr     119.57    123.05    126.63
   2027.May     119.58    123.20    126.94
   2027.Jun     119.21    122.96    126.83
   2027.Jul     119.24    123.13    127.14
   ---------------------------------------
        R35 monthly CPI index            PAGE   4, SERIES series
  
 A 8  RegARIMA combined outlier component
      (AO, LS, TC outliers included)
  From  2015.Jan to 2026.Jul
  Observations        139
 -----------------------------------------------------------------------------
               Jan      Feb      Mar      Apr      May      Jun 
               Jul      Aug      Sep      Oct      Nov      Dec         AVGE  
 -----------------------------------------------------------------------------
  2015         93.3     93.3     93.3     93.3     93.3     93.3
               93.3     93.3     93.3     93.3     93.3     93.3          93.3
 
  2016         93.3     93.3     93.3     93.3     93.3     93.3
               93.3     93.3     93.3     93.3     93.3     93.3          93.3
 
  2017         93.3     93.3     93.3     93.3     93.3     93.3
               93.3     93.3     93.3     93.3     93.3     93.3          93.3
 
  2018         93.3     93.3     93.3     93.3     93.3     93.3
               93.3     93.3     95.7     94.9     94.4     94.1          93.8
 
  2019         93.8     93.7     93.5     91.2     93.4     93.4
               93.3     93.3     93.3     93.3     93.3     93.3          93.2
 
  2020         93.3     93.3     93.3     93.3     93.3     93.3
               93.3     93.3     93.3     96.1     96.1     96.1          94.0
 
  2021         92.9     93.9     94.5     95.0     95.3     95.6
               95.7     95.8     95.9     96.0     99.9     99.9          95.9
 
  2022        100.0    100.0    100.0    100.0    100.0    100.0
              100.0    100.0    100.0    104.6    103.2    102.2         100.8
 
  2023        101.6    101.1    100.8    100.5    100.4    100.3
              100.2    100.1    100.1    100.1    100.0    100.0         100.4
 
  2024        100.0    100.0    100.0    100.0    100.0    100.0
              100.0    100.0    100.0    100.0    100.0    100.0         100.0
 
  2025        100.0    100.0    102.4    100.0    100.0    100.0
              100.0    100.0    100.0    100.0    100.0    100.0         100.2
 
  2026        100.0    100.0    100.0    100.0    100.0    100.0
              100.0                                                      100.0
 
  AVGE         96.2     96.2     96.5     96.1     96.3     96.3
               96.3     96.0     96.2     96.8     97.0     96.9

  Table Total-     13396.58   Mean-      96.38   Std. Dev.-       4.96
                              Min -      91.21        Max -     104.62

 A 8.A  RegARIMA outlier component
  From  2026.Aug to 2027.Jul
  Observations         12
 -----------------------------------------------------------------------------
               Jan      Feb      Mar      Apr      May      Jun 
               Jul      Aug      Sep      Oct      Nov      Dec         AVGE  
 -----------------------------------------------------------------------------
  2026                                                          
                       100.0    100.0    100.0    100.0    100.0         100.0
 
  2027        100.0    100.0    100.0    100.0    100.0    100.0
              100.0                                                      100.0
 
        R35 monthly CPI index            PAGE   5, SERIES series

 A 8.AO  RegARIMA AO outlier component
  From  2015.Jan to 2026.Jul
  Observations        139
 -----------------------------------------------------------------------------
               Jan      Feb      Mar      Apr      May      Jun 
               Jul      Aug      Sep      Oct      Nov      Dec         AVGE  
 -----------------------------------------------------------------------------
  2015        100.0    100.0    100.0    100.0    100.0    100.0
              100.0    100.0    100.0    100.0    100.0    100.0         100.0
 
  2016        100.0    100.0    100.0    100.0    100.0    100.0
              100.0    100.0    100.0    100.0    100.0    100.0         100.0
 
  2017        100.0    100.0    100.0    100.0    100.0    100.0
              100.0    100.0    100.0    100.0    100.0    100.0         100.0
 
  2018        100.0    100.0    100.0    100.0    100.0    100.0
              100.0    100.0    100.0    100.0    100.0    100.0         100.0
 
  2019        100.0    100.0    100.0     97.6    100.0    100.0
              100.0    100.0    100.0    100.0    100.0    100.0          99.8
 
  2020        100.0    100.0    100.0    100.0    100.0    100.0
              100.0    100.0    100.0    100.0    100.0    100.0         100.0
 
  2021        100.0    100.0    100.0    100.0    100.0    100.0
              100.0    100.0    100.0    100.0    100.0    100.0         100.0
 
  2022        100.0    100.0    100.0    100.0    100.0    100.0
              100.0    100.0    100.0    100.0    100.0    100.0         100.0
 
  2023        100.0    100.0    100.0    100.0    100.0    100.0
              100.0    100.0    100.0    100.0    100.0    100.0         100.0
 
  2024        100.0    100.0    100.0    100.0    100.0    100.0
              100.0    100.0    100.0    100.0    100.0    100.0         100.0
 
  2025        100.0    100.0    102.4    100.0    100.0    100.0
              100.0    100.0    100.0    100.0    100.0    100.0         100.2
 
  2026        100.0    100.0    100.0    100.0    100.0    100.0
              100.0                                                      100.0
 
  AVGE        100.0    100.0    100.2     99.8    100.0    100.0
              100.0    100.0    100.0    100.0    100.0    100.0

  Table Total-     13899.98   Mean-     100.00   Std. Dev.-       0.29
                              Min -      97.61        Max -     102.38
        R35 monthly CPI index            PAGE   6, SERIES series

 A 8.LS  RegARIMA level change outlier component
  From  2015.Jan to 2026.Jul
  Observations        139
 -----------------------------------------------------------------------------
               Jan      Feb      Mar      Apr      May      Jun 
               Jul      Aug      Sep      Oct      Nov      Dec         AVGE  
 -----------------------------------------------------------------------------
  2015         93.3     93.3     93.3     93.3     93.3     93.3
               93.3     93.3     93.3     93.3     93.3     93.3          93.3
 
  2016         93.3     93.3     93.3     93.3     93.3     93.3
               93.3     93.3     93.3     93.3     93.3     93.3          93.3
 
  2017         93.3     93.3     93.3     93.3     93.3     93.3
               93.3     93.3     93.3     93.3     93.3     93.3          93.3
 
  2018         93.3     93.3     93.3     93.3     93.3     93.3
               93.3     93.3     93.3     93.3     93.3     93.3          93.3
 
  2019         93.3     93.3     93.3     93.3     93.3     93.3
               93.3     93.3     93.3     93.3     93.3     93.3          93.3
 
  2020         93.3     93.3     93.3     93.3     93.3     93.3
               93.3     93.3     93.3     96.1     96.1     96.1          94.0
 
  2021         96.1     96.1     96.1     96.1     96.1     96.1
               96.1     96.1     96.1     96.1    100.0    100.0          96.7
 
  2022        100.0    100.0    100.0    100.0    100.0    100.0
              100.0    100.0    100.0    100.0    100.0    100.0         100.0
 
  2023        100.0    100.0    100.0    100.0    100.0    100.0
              100.0    100.0    100.0    100.0    100.0    100.0         100.0
 
  2024        100.0    100.0    100.0    100.0    100.0    100.0
              100.0    100.0    100.0    100.0    100.0    100.0         100.0
 
  2025        100.0    100.0    100.0    100.0    100.0    100.0
              100.0    100.0    100.0    100.0    100.0    100.0         100.0
 
  2026        100.0    100.0    100.0    100.0    100.0    100.0
              100.0                                                      100.0
 
  AVGE         96.3     96.3     96.3     96.3     96.3     96.3
               96.3     96.0     96.0     96.2     96.6     96.6

  Table Total-     13383.80   Mean-      96.29   Std. Dev.-       4.90
                              Min -      93.26        Max -     100.00
        R35 monthly CPI index            PAGE   7, SERIES series

 A 8.TC  RegARIMA temporary change outlier component
  From  2015.Jan to 2026.Jul
  Observations        139
 -----------------------------------------------------------------------------
               Jan      Feb      Mar      Apr      May      Jun 
               Jul      Aug      Sep      Oct      Nov      Dec         AVGE  
 -----------------------------------------------------------------------------
  2015        100.0    100.0    100.0    100.0    100.0    100.0
              100.0    100.0    100.0    100.0    100.0    100.0         100.0
 
  2016        100.0    100.0    100.0    100.0    100.0    100.0
              100.0    100.0    100.0    100.0    100.0    100.0         100.0
 
  2017        100.0    100.0    100.0    100.0    100.0    100.0
              100.0    100.0    100.0    100.0    100.0    100.0         100.0
 
  2018        100.0    100.0    100.0    100.0    100.0    100.0
              100.0    100.0    102.6    101.8    101.3    100.9         100.5
 
  2019        100.6    100.4    100.3    100.2    100.1    100.1
              100.1    100.1    100.0    100.0    100.0    100.0         100.2
 
  2020        100.0    100.0    100.0    100.0    100.0    100.0
              100.0    100.0    100.0    100.0    100.0    100.0         100.0
 
  2021         96.7     97.7     98.4     98.9     99.2     99.4
               99.6     99.7     99.8     99.9     99.9     99.9          99.1
 
  2022        100.0    100.0    100.0    100.0    100.0    100.0
              100.0    100.0    100.0    104.6    103.2    102.2         100.8
 
  2023        101.6    101.1    100.8    100.5    100.4    100.3
              100.2    100.1    100.1    100.1    100.0    100.0         100.4
 
  2024        100.0    100.0    100.0    100.0    100.0    100.0
              100.0    100.0    100.0    100.0    100.0    100.0         100.0
 
  2025        100.0    100.0    100.0    100.0    100.0    100.0
              100.0    100.0    100.0    100.0    100.0    100.0         100.0
 
  2026        100.0    100.0    100.0    100.0    100.0    100.0
              100.0                                                      100.0
 
  AVGE         99.9     99.9    100.0    100.0    100.0    100.0
              100.0    100.0    100.2    100.6    100.4    100.3

  Table Total-     13912.80   Mean-     100.09   Std. Dev.-       0.74
                              Min -      96.71        Max -     104.62

 A 8.TC.A  RegARIMA temporary change outlier component
  From  2026.Aug to 2027.Jul
  Observations         12
 -----------------------------------------------------------------------------
               Jan      Feb      Mar      Apr      May      Jun 
               Jul      Aug      Sep      Oct      Nov      Dec         AVGE  
 -----------------------------------------------------------------------------
  2026                                                          
                       100.0    100.0    100.0    100.0    100.0         100.0
 
  2027        100.0    100.0    100.0    100.0    100.0    100.0
              100.0                                                      100.0
 
        R35 monthly CPI index            PAGE   8, SERIES series
  
 B 1  Original series (prior adjusted)
      (adjusted for regARIMA factors)
  From  2015.Jan to 2026.Jul
  Observations        139
 -----------------------------------------------------------------------------
               Jan      Feb      Mar      Apr      May      Jun 
               Jul      Aug      Sep      Oct      Nov      Dec        TOTAL  
 -----------------------------------------------------------------------------
  2015         105.     107.     108.     109.     109.     109.
               109.     108.     106.     106.     105.     106.         1287.
 
  2016         105.     106.     108.     107.     107.     107.
               108.     105.     105.     106.     106.     106.         1276.
 
  2017         106.     106.     107.     108.     108.     108.
               108.     105.     105.     106.     106.     106.         1280.
 
  2018         105.     104.     107.     108.     108.     108.
               107.     105.     105.     106.     106.     106.         1273.
 
  2019         105.     104.     106.     107.     107.     108.
               108.     104.     104.     106.     107.     107.         1274.
 
  2020         106.     106.     105.     109.     110.     109.
               110.     109.     109.     110.     110.     111.         1303.
 
  2021         109.     108.     109.     112.     113.     112.
               112.     112.     112.     113.     114.     116.         1343.
 
  2022         111.     112.     114.     116.     117.     115.
               117.     117.     117.     117.     119.     120.         1392.
 
  2023         116.     117.     117.     119.     118.     118.
               118.     118.     118.     118.     119.     120.         1417.
 
  2024         119.     119.     121.     120.     120.     120.
               121.     120.     120.     121.     122.     123.         1446.
 
  2025         119.     119.     121.     121.     120.     120.
               120.     119.     119.     119.     120.     122.         1440.
 
  2026         120.     121.     121.     122.     122.     122.
               122.                                                       851.
 
  AVGE         110.     111.     112.     113.     113.     113.
               113.     111.     111.     112.     112.     113.

  Table Total-     15582.20   Mean-     112.10   Std. Dev.-       6.10
                              Min -     104.09        Max -     123.10

 B 1.A  Forecasts of (prior adjusted) original series
  From  2026.Aug to 2027.Jul
  Observations         12
 -----------------------------------------------------------------------------
               Jan      Feb      Mar      Apr      May      Jun 
               Jul      Aug      Sep      Oct      Nov      Dec        TOTAL  
 -----------------------------------------------------------------------------
  2026                                                          
                        121.     121.     122.     122.     123.          610.
 
  2027         122.     122.     123.     123.     123.     123.
               123.                                                       859.
 
        R35 monthly CPI index            PAGE   9, SERIES series

 C 17  Final weights for irregular component
  From  2015.Jan to 2026.Jul
  Observations        139
  Lower sigma limit    1.50
  Upper sigma limit    2.50
 -----------------------------------------------------------------------------
               Jan      Feb      Mar      Apr      May      Jun 
               Jul      Aug      Sep      Oct      Nov      Dec         S.D.  
 -----------------------------------------------------------------------------
  2015        100.0      0.0    100.0    100.0    100.0    100.0
              100.0      0.0    100.0     46.4    100.0    100.0           0.3
 
  2016        100.0    100.0    100.0    100.0    100.0    100.0
              100.0    100.0    100.0    100.0    100.0    100.0           0.3
 
  2017        100.0    100.0    100.0    100.0    100.0    100.0
              100.0     73.4    100.0    100.0    100.0    100.0           0.3
 
  2018        100.0    100.0    100.0    100.0    100.0    100.0
              100.0    100.0    100.0    100.0    100.0    100.0           0.3
 
  2019        100.0    100.0    100.0    100.0    100.0     93.2
                0.0      0.0      0.0    100.0    100.0    100.0           0.3
 
  2020        100.0    100.0      0.0    100.0    100.0    100.0
              100.0    100.0    100.0    100.0    100.0    100.0           0.4
 
  2021        100.0    100.0      0.0    100.0    100.0    100.0
              100.0    100.0    100.0    100.0    100.0     39.2           0.4
 
  2022          5.7     98.4    100.0    100.0    100.0     12.0
              100.0    100.0    100.0    100.0    100.0     61.1           0.4
 
  2023         97.5    100.0    100.0    100.0    100.0    100.0
              100.0    100.0    100.0    100.0    100.0    100.0           0.4
 
  2024        100.0    100.0      0.0    100.0    100.0    100.0
              100.0    100.0     83.9    100.0     99.2    100.0           0.4
 
  2025        100.0    100.0    100.0    100.0    100.0    100.0
              100.0    100.0    100.0    100.0     51.0    100.0           0.3
 
  2026        100.0     68.8    100.0    100.0    100.0    100.0
              100.0                                                        0.3
 
        R35 monthly CPI index            PAGE  10, SERIES series

 D 8  Final unmodified SI ratios
  From  2015.Jan to 2026.Jul
  Observations        139
 -----------------------------------------------------------------------------
               Jan      Feb      Mar      Apr      May      Jun 
               Jul      Aug      Sep      Oct      Nov      Dec         AVGE  
 -----------------------------------------------------------------------------
  2015         98.4    100.1    100.9    101.3    101.4    101.4
              101.3    100.4     98.9     99.1     98.9     99.9         100.2
 
  2016         98.4     99.2    101.2    101.2    101.3    100.8
              101.4     99.1     99.0     99.6     99.2     99.5         100.0
 
  2017         98.9     99.1    100.5    101.3    101.4    101.5
              101.4     98.4     98.6    100.0     99.5     99.8         100.0
 
  2018         98.8     98.3    100.9    101.3    101.7    101.4
              100.5     99.0     98.9     99.9     99.8     99.9         100.0
 
  2019         98.8     98.5    100.3    101.3    101.2    101.4
              101.8     98.2     97.9     99.9    100.2    100.0         100.0
 
  2020         98.8     98.7     98.0    100.9    101.3    100.3
              100.8     99.7     99.5     99.8    100.3    100.9          99.9
 
  2021         98.9     98.0     98.2    100.8    101.0    100.4
              100.2    100.0     99.6     99.8    100.5    101.8          99.9
 
  2022         97.9     98.1     99.7    100.8    101.1     99.4
              100.0     99.9     99.7     99.2    101.1    102.0          99.9
 
  2023         98.4     99.2     99.4    101.0    100.3    100.4
               99.7     99.6     99.8     99.7    100.3    101.0          99.9
 
  2024         99.6     99.3    101.4    100.4    100.3    100.2
              100.2     99.3     99.0     99.8    101.0    101.8         100.2
 
  2025         98.9     99.0    100.3    100.5    100.3     99.8
              100.3     99.6     99.6     99.5     99.6    101.0          99.9
 
  2026         99.5    100.0    100.2    100.2    100.4    100.1
              100.1                                                      100.1
 
  AVGE         98.8     99.0    100.1    100.9    101.0    100.6
              100.6     99.4     99.1     99.7    100.0    100.7

  Table Total-     13899.16   Mean-      99.99   Std. Dev.-       1.00
                              Min -      97.94        Max -     101.96
        R35 monthly CPI index            PAGE  11, SERIES series

 D 8.B  Final unmodified SI ratios, with labels for outliers and extreme values
  From  2015.Jan to 2026.Jul
  Observations        139
 ---------------------------------------------------------------------
               Jan       Feb       Mar       Apr       May       Jun  
               Jul       Aug       Sep       Oct       Nov       Dec  
 ---------------------------------------------------------------------
  2015        98.4     100.1*    100.9     101.3     101.4     101.4  
             101.3     100.4*     98.9      99.1*     98.9      99.9  
 
  2016        98.4      99.2     101.2     101.2     101.3     100.8  
             101.4      99.1      99.0      99.6      99.2      99.5  
 
  2017        98.9      99.1     100.5     101.3     101.4     101.5  
             101.4      98.4*     98.6     100.0      99.5      99.8  
 
  2018        98.8      98.3     100.9     101.3     101.7     101.4  
             100.5      99.0      98.9#     99.9      99.8      99.9  
 
  2019        98.8      98.5     100.3     101.3#    101.2     101.4* 
             101.8*     98.2*     97.9*     99.9     100.2     100.0  
 
  2020        98.8      98.7      98.0*    100.9     101.3     100.3  
             100.8      99.7 -    99.5 -    99.8#    100.3 -   100.9 -
 
  2021        98.9#     98.0      98.2*    100.8     101.0     100.4  
             100.2     100.0 -    99.6 -    99.8 -   100.5#    101.8*-
 
  2022        97.9*-    98.1*-    99.7     100.8     101.1      99.4* 
             100.0      99.9      99.7      99.2#    101.1     102.0* 
 
  2023        98.4*     99.2      99.4     101.0     100.3     100.4  
              99.7      99.6      99.8      99.7     100.3     101.0  
 
  2024        99.6      99.3     101.4*    100.4     100.3     100.2  
             100.2      99.3      99.0*     99.8     101.0*    101.8  
 
  2025        98.9      99.0     100.3#    100.5     100.3      99.8  
             100.3      99.6      99.6      99.5      99.6*    101.0  
 
  2026        99.5     100.0*    100.2     100.2     100.4     100.1  
             100.1                                                    
 

  Key to symbols:
    *  : extreme value as determined by X-11 extreme value procedure
    #  : regARIMA outlier (either AO, LS, TC, or Ramp)
    -  : values around a level shift most likely to be influenced by it
 
        R35 monthly CPI index            PAGE  12, SERIES series

 D 9  Final replacement values for SI ratios
  From  2015.Jan to 2026.Jul
  Observations        139
 ---------------------------------------------------------------
               Jan      Feb      Mar      Apr      May      Jun 
               Jul      Aug      Sep      Oct      Nov      Dec 
 ---------------------------------------------------------------
  2015     ********     99.1 ******** ******** ******** ********
           ********     99.1 ********     99.5 ******** ********
 
  2016     ******** ******** ******** ******** ******** ********
           ******** ******** ******** ******** ******** ********
 
  2017     ******** ******** ******** ******** ******** ********
           ********     98.6 ******** ******** ******** ********
 
  2018     ******** ******** ******** ******** ******** ********
           ******** ******** ******** ******** ******** ********
 
  2019     ******** ******** ******** ******** ********    101.4
              100.6     99.2     99.0 ******** ******** ********
 
  2020     ******** ********     99.9 ******** ******** ********
           ******** ******** ******** ******** ******** ********
 
  2021     ******** ********     99.8 ******** ******** ********
           ******** ******** ******** ******** ********    101.3
 
  2022         98.8     98.1 ******** ******** ********    100.2
           ******** ******** ******** ******** ********    101.7
 
  2023         98.4 ******** ******** ******** ******** ********
           ******** ******** ******** ******** ******** ********
 
  2024     ******** ********    100.0 ******** ******** ********
           ******** ********     99.1 ********    101.0 ********
 
  2025     ******** ******** ******** ******** ******** ********
           ******** ******** ******** ********    100.0 ********
 
  2026     ********     99.8 ******** ******** ******** ********
           ********                                             
 

 D 9.A  Moving seasonality ratio
 ---------------------------------------------------------------
               Jan      Feb      Mar      Apr      May      Jun 
 ---------------------------------------------------------------
   I          0.344    0.386    0.318    0.195    0.254    0.408
   S          0.062    0.129    0.115    0.086    0.107    0.120
 RATIO        5.533    2.999    2.763    2.268    2.377    3.390



 ---------------------------------------------------------------
               Jul      Aug      Sep      Oct      Nov      Dec 
 ---------------------------------------------------------------
   I          0.304    0.285    0.268    0.213    0.379    0.418
   S          0.116    0.091    0.081    0.030    0.141    0.181
 RATIO        2.614    3.137    3.332    7.201    2.689    2.312



        R35 monthly CPI index            PAGE  13, SERIES series

 D 10  Final seasonal factors
  From  2015.Jan to 2026.Jul
  Observations        139
  Seasonal filter    3 x 3 moving average
 -----------------------------------------------------------------------------
               Jan      Feb      Mar      Apr      May      Jun 
               Jul      Aug      Sep      Oct      Nov      Dec         AVGE  
 -----------------------------------------------------------------------------
  2015        98.47    99.14   100.94   101.27   101.36   101.15
             101.34    98.99    98.90    99.64    99.12    99.67        100.00
 
  2016        98.56    99.05   100.91   101.29   101.39   101.18
             101.24    98.93    98.87    99.71    99.26    99.68        100.01
 
  2017        98.69    98.89   100.78   101.31   101.42   101.27
             101.06    98.89    98.84    99.81    99.52    99.76        100.02
 
  2018        98.80    98.71   100.61   101.27   101.42   101.20
             100.81    99.00    98.93    99.86    99.83    99.96        100.03
 
  2019        98.87    98.57   100.32   101.18   101.34   101.02
             100.62    99.23    99.09    99.85   100.11   100.30        100.04
 
  2020        98.89    98.44   100.06   101.02   101.26   100.65
             100.46    99.53    99.34    99.74   100.37   100.77        100.04
 
  2021        98.85    98.39    99.81   100.92   101.07   100.44
             100.25    99.72    99.52    99.64   100.53   101.12        100.02
 
  2022        98.85    98.53    99.71   100.83   100.88   100.31
             100.08    99.72    99.58    99.54   100.66   101.37        100.00
 
  2023        98.87    98.81    99.74   100.75   100.59   100.27
             100.01    99.63    99.56    99.56   100.58   101.36         99.98
 
  2024        99.07    99.13    99.92   100.57   100.43   100.16
             100.09    99.53    99.47    99.59   100.48   101.33         99.98
 
  2025        99.19    99.35   100.09   100.42   100.35   100.07
             100.18    99.52    99.48    99.61   100.26   101.18         99.98
 
  2026        99.34    99.52   100.19   100.30   100.37   100.05
             100.22                                                     100.00
 
  AVGE        98.87    98.88   100.26   100.93   100.99   100.65
             100.53    99.34    99.24    99.69   100.07   100.59

  Table Total-     13901.26   Mean-     100.01   Std. Dev.-       0.85
                              Min -      98.39        Max -     101.42

 D 10.A  Final seasonal component forecasts
  From  2026.Aug to 2027.Jul
  Observations         12
 -----------------------------------------------------------------------------
               Jan      Feb      Mar      Apr      May      Jun 
               Jul      Aug      Sep      Oct      Nov      Dec         AVGE  
 -----------------------------------------------------------------------------
  2026                                                          
                       99.54    99.49    99.59   100.16   101.11         99.98
 
  2027        99.38    99.62   100.21   100.28   100.37   100.06
             100.20                                                     100.02
 
        R35 monthly CPI index            PAGE  14, SERIES series

 D 11  Final seasonally adjusted data
  From  2015.Jan to 2026.Jul
  Observations        139
 -----------------------------------------------------------------------------
               Jan      Feb      Mar      Apr      May      Jun 
               Jul      Aug      Sep      Oct      Nov      Dec        TOTAL  
 -----------------------------------------------------------------------------
  2015         100.     101.     100.     100.     100.     100.
               100.     101.     100.      99.      99.     100.         1200.
 
  2016          99.      99.      99.      99.      99.      99.
                99.      99.      99.      99.      99.      99.         1190.
 
  2017         100.     100.      99.     100.     100.     100.
               100.      99.      99.      99.      99.      99.         1194.
 
  2018          99.      99.      99.      99.      99.      99.
                99.      99.     101.     100.     100.      99.         1193.
 
  2019          99.      99.      99.      97.      99.      99.
               100.      98.      98.      99.      99.      99.         1187.
 
  2020         100.     100.      98.     100.     101.     101.
               102.     102.     102.     106.     106.     106.         1224.
 
  2021         103.     103.     103.     105.     106.     107.
               107.     108.     108.     109.     113.     114.         1287.
 
  2022         113.     114.     115.     115.     116.     115.
               116.     117.     117.     123.     122.     121.         1404.
 
  2023         119.     120.     118.     119.     118.     118.
               118.     118.     119.     119.     118.     119.         1423.
 
  2024         120.     120.     122.     120.     120.     120.
               120.     120.     120.     121.     122.     121.         1447.
 
  2025         120.     120.     123.     120.     120.     120.
               120.     120.     120.     120.     119.     120.         1443.
 
  2026         121.     122.     121.     121.     122.     122.
               122.                                                       851.
 
  AVGE         108.     108.     108.     108.     108.     108.
               109.     107.     108.     109.     109.     109.

  Table Total-     15042.89   Mean-     108.22   Std. Dev.-       9.51
                              Min -      96.86        Max -     123.38
        R35 monthly CPI index            PAGE  15, SERIES series

 D 12  Final trend cycle
  From  2015.Jan to 2026.Jul
  Observations        139
  Trend filter    13-term Henderson moving average
  I/C ratio        1.63
 -----------------------------------------------------------------------------
               Jan      Feb      Mar      Apr      May      Jun 
               Jul      Aug      Sep      Oct      Nov      Dec        TOTAL  
 -----------------------------------------------------------------------------
  2015         100.     100.     100.     100.     100.     100.
               100.     100.     100.     100.      99.      99.         1198.
 
  2016          99.      99.      99.      99.      99.      99.
                99.      99.      99.      99.      99.     100.         1190.
 
  2017         100.     100.     100.     100.     100.     100.
               100.      99.      99.      99.      99.      99.         1194.
 
  2018          99.      99.      99.      99.      99.      99.
                99.      99.      99.      99.      99.      99.         1187.
 
  2019          99.      99.      99.      99.      99.      99.
                99.      99.      99.      99.      99.      99.         1188.
 
  2020         100.     100.     100.     100.     101.     101.
               102.     102.     102.     106.     106.     106.         1226.
 
  2021         106.     106.     106.     107.     107.     107.
               108.     108.     109.     109.     113.     114.         1300.
 
  2022         114.     114.     115.     115.     116.     116.
               117.     117.     117.     118.     118.     118.         1394.
 
  2023         118.     118.     118.     118.     118.     118.
               118.     118.     118.     118.     119.     119.         1418.
 
  2024         119.     120.     120.     120.     120.     120.
               120.     121.     121.     121.     121.     121.         1444.
 
  2025         121.     121.     120.     120.     120.     120.
               120.     120.     120.     120.     120.     120.         1442.
 
  2026         121.     121.     121.     122.     122.     122.
               122.                                                       850.
 
  AVGE         108.     108.     108.     108.     108.     108.
               109.     107.     108.     108.     108.     109.

  Table Total-     15030.03   Mean-     108.13   Std. Dev.-       9.31
                              Min -      98.61        Max -     121.93
        R35 monthly CPI index            PAGE  16, SERIES series

 D 13  Final irregular component
  From  2015.Jan to 2026.Jul
  Observations        139
 -----------------------------------------------------------------------------
               Jan      Feb      Mar      Apr      May      Jun 
               Jul      Aug      Sep      Oct      Nov      Dec         S.D.  
 -----------------------------------------------------------------------------
  2015         99.8    101.0     99.9    100.0    100.0    100.2
               99.9    101.5    100.0     99.5     99.8    100.2           0.5
 
  2016         99.8    100.1    100.3     99.9     99.9     99.6
              100.2    100.1    100.2     99.9    100.0     99.8           0.2
 
  2017        100.2    100.2     99.7    100.0    100.0    100.2
              100.3     99.6     99.8    100.2    100.0    100.0           0.2
 
  2018        100.0     99.6    100.2    100.0    100.2    100.2
               99.7    100.0    102.6    101.8    101.3    100.8           1.0
 
  2019        100.6    100.4    100.3     97.9    100.0    100.4
              101.2     99.0     98.9    100.1    100.2     99.7           0.9
 
  2020        100.0    100.3     98.0     99.9    100.1     99.6
              100.3    100.1    100.0    100.0     99.9    100.1           0.6
 
  2021         96.8     97.4     96.9     98.8     99.2     99.4
               99.5     99.9     99.8     99.9     99.9    100.6           1.6
 
  2022         99.1     99.6    100.0    100.0    100.3     99.1
               99.9    100.1    100.1    104.2    103.6    102.8           1.8
 
  2023        101.1    101.4    100.4    100.8    100.1    100.5
               99.9    100.1    100.3    100.2     99.7     99.6           0.6
 
  2024        100.5    100.2    101.4     99.8     99.9    100.1
              100.2     99.8     99.5    100.2    100.4    100.4           0.5
 
  2025         99.6     99.6    102.6    100.0    100.0     99.7
              100.1    100.1    100.2     99.9     99.4     99.8           0.8
 
  2026        100.2    100.5     99.9     99.9    100.0    100.1
               99.9                                                        0.2
 
  S.D.          1.0      1.0      1.4      0.7      0.3      0.4
                0.4      0.6      0.9      1.4      1.2      0.9

  Table Total-     13910.46   Mean-     100.08   Std. Dev.-       0.92
                              Min -      96.85        Max -     104.21
        R35 monthly CPI index            PAGE  17, SERIES series

 D 16  Combined adjustment factors
  From  2015.Jan to 2026.Jul
  Observations        139
 -----------------------------------------------------------------------------
               Jan      Feb      Mar      Apr      May      Jun 
               Jul      Aug      Sep      Oct      Nov      Dec         AVGE  
 -----------------------------------------------------------------------------
  2015        98.47    99.14   100.94   101.27   101.36   101.15
             101.34    98.99    98.90    99.64    99.12    99.67        100.00
 
  2016        98.56    99.05   100.91   101.29   101.39   101.18
             101.24    98.93    98.87    99.71    99.26    99.68        100.01
 
  2017        98.69    98.89   100.78   101.31   101.42   101.27
             101.06    98.89    98.84    99.81    99.52    99.76        100.02
 
  2018        98.80    98.71   100.61   101.27   101.42   101.20
             100.81    99.00    98.93    99.86    99.83    99.96        100.03
 
  2019        98.87    98.57   100.32   101.18   101.34   101.02
             100.62    99.23    99.09    99.85   100.11   100.30        100.04
 
  2020        98.89    98.44   100.06   101.02   101.26   100.65
             100.46    99.53    99.34    99.74   100.37   100.77        100.04
 
  2021        98.85    98.39    99.81   100.92   101.07   100.44
             100.25    99.72    99.52    99.64   100.53   101.12        100.02
 
  2022        98.85    98.53    99.71   100.83   100.88   100.31
             100.08    99.72    99.58    99.54   100.66   101.37        100.00
 
  2023        98.87    98.81    99.74   100.75   100.59   100.27
             100.01    99.63    99.56    99.56   100.58   101.36         99.98
 
  2024        99.07    99.13    99.92   100.57   100.43   100.16
             100.09    99.53    99.47    99.59   100.48   101.33         99.98
 
  2025        99.19    99.35   100.09   100.42   100.35   100.07
             100.18    99.52    99.48    99.61   100.26   101.18         99.98
 
  2026        99.34    99.52   100.19   100.30   100.37   100.05
             100.22                                                     100.00
 
  AVGE        98.87    98.88   100.26   100.93   100.99   100.65
             100.53    99.34    99.24    99.69   100.07   100.59

  Table Total-     13901.26   Mean-     100.01   Std. Dev.-       0.85
                              Min -      98.39        Max -     101.42

 D 16.A  Combined adjustment component forecasts
  From  2026.Aug to 2027.Jul
  Observations         12
 -----------------------------------------------------------------------------
               Jan      Feb      Mar      Apr      May      Jun 
               Jul      Aug      Sep      Oct      Nov      Dec         AVGE  
 -----------------------------------------------------------------------------
  2026                                                          
                       99.54    99.49    99.59   100.16   101.11         99.98
 
  2027        99.38    99.62   100.21   100.28   100.37   100.06
             100.20                                                     100.02
 
        R35 monthly CPI index            PAGE  18, SERIES series

 E 4  Ratios of annual totals
  From          2015 to 2025
  Observations         11
 -----------------------------------
  Year       Unmodified     Modified
                  (D11)         (E2)
 -----------------------------------
  2015           100.00       100.00
 
  2016           100.01       100.01
 
  2017           100.02       100.02
 
  2018           100.03       100.03
 
  2019           100.04       100.06
 
  2020           100.05       100.05
 
  2021           100.04        99.90
 
  2022           100.01       100.01
 
  2023            99.98        99.98
 
  2024            99.98        99.98
 
  2025            99.98        99.98
 
        R35 monthly CPI index            PAGE  19, SERIES series

 E 5  Month-to-month percent change in the original series
  From  2015.Feb to 2026.Jul
  Observations        138
 -----------------------------------------------------------------------------
               Jan      Feb      Mar      Apr      May      Jun 
               Jul      Aug      Sep      Oct      Nov      Dec         AVGE  
 -----------------------------------------------------------------------------
  2015                   1.9      0.9      0.6      0.2      0.0
               -0.2     -1.0     -1.7      0.0     -0.4      0.9           0.1
 
  2016         -1.5      0.7      1.9     -0.1      0.0     -0.5
                0.7     -2.2      0.1      0.7     -0.3      0.3          -0.0
 
  2017         -0.5      0.2      1.5      0.8      0.1      0.0
               -0.2     -3.0      0.0      1.3     -0.6      0.2          -0.0
 
  2018         -1.0     -0.4      2.6      0.5      0.3     -0.3
               -1.0     -1.6      2.5      0.1     -0.6     -0.3           0.1
 
  2019         -1.3     -0.4      1.7     -1.4      2.3      0.2
                0.4     -3.6     -0.2      2.1      0.5     -0.1           0.0
 
  2020         -0.9      0.1     -0.5      3.3      0.8     -0.7
                0.9     -0.8      0.1      3.6      0.7      0.8           0.6
 
  2021         -5.1      0.2      1.2      3.4      0.8      0.0
                0.3      0.2      0.0      0.5      5.1      1.5           0.7
 
  2022         -3.5      0.4      2.1      1.6      0.8     -1.3
                1.0      0.3      0.2      4.4      0.7      0.0           0.5
 
  2023         -4.1      0.3     -0.2      1.4     -0.8      0.1
               -0.8     -0.1      0.3      0.0      0.8      1.0          -0.2
 
  2024         -1.2      0.0      2.3     -0.8      0.0     -0.1
                0.2     -0.7     -0.1      0.9      1.2      0.7           0.2
 
  2025         -3.0     -0.1      3.5     -2.3     -0.2     -0.6
                0.5     -0.7      0.0     -0.1      0.3      1.6          -0.1
 
  2026         -1.2      0.7      0.4      0.2      0.3     -0.2
                0.1                                                        0.1
 
  AVGE         -2.1      0.3      1.5      0.6      0.4     -0.3
                0.2     -1.2      0.1      1.2      0.7      0.6

  Table Total-        23.43   Mean-       0.17   Std. Dev.-       1.45
                              Min -      -5.05        Max -       5.08
        R35 monthly CPI index            PAGE  20, SERIES series

 E 6  Month-to-month percent change in seasonally adjusted series (D11)
  From  2015.Feb to 2026.Jul
  Observations        138
 -----------------------------------------------------------------------------
               Jan      Feb      Mar      Apr      May      Jun 
               Jul      Aug      Sep      Oct      Nov      Dec         AVGE  
 -----------------------------------------------------------------------------
  2015                   1.3     -0.9      0.3      0.1      0.2
               -0.4      1.4     -1.6     -0.7      0.1      0.4           0.0
 
  2016         -0.4      0.2      0.1     -0.5     -0.1     -0.3
                0.6      0.1      0.2     -0.1      0.1     -0.1          -0.0
 
  2017          0.5      0.0     -0.4      0.3     -0.0      0.1
                0.0     -0.8      0.1      0.3     -0.3     -0.0          -0.0
 
  2018         -0.0     -0.3      0.6     -0.2      0.2     -0.1
               -0.6      0.2      2.5     -0.8     -0.6     -0.4           0.0
 
  2019         -0.2     -0.1     -0.0     -2.2      2.2      0.5
                0.8     -2.2     -0.1      1.3      0.2     -0.3          -0.0
 
  2020          0.5      0.6     -2.1      2.3      0.6     -0.1
                1.1      0.1      0.3      3.2      0.0      0.4           0.6
 
  2021         -3.2      0.7     -0.3      2.3      0.7      0.6
                0.5      0.7      0.2      0.4      4.1      0.9           0.6
 
  2022         -1.3      0.8      0.8      0.4      0.7     -0.7
                1.2      0.6      0.3      4.4     -0.4     -0.7           0.5
 
  2023         -1.6      0.3     -1.1      0.3     -0.7      0.4
               -0.5      0.3      0.3      0.0     -0.3      0.2          -0.2
 
  2024          1.1     -0.1      1.5     -1.5      0.1      0.2
                0.2     -0.2     -0.0      0.8      0.4     -0.1           0.2
 
  2025         -0.9     -0.2      2.7     -2.7     -0.1     -0.3
                0.4     -0.0      0.0     -0.2     -0.4      0.7          -0.1
 
  2026          0.6      0.6     -0.3      0.1      0.3      0.2
               -0.1                                                        0.2
 
  AVGE         -0.5      0.3      0.1     -0.1      0.3      0.1
                0.3      0.0      0.2      0.8      0.3      0.1

  Table Total-        20.97   Mean-       0.15   Std. Dev.-       1.04
                              Min -      -3.20        Max -       4.41
        R35 monthly CPI index            PAGE  21, SERIES series

 E 7  Month-to-month percent change in final trend cycle (D12)
  From  2015.Feb to 2026.Jul
  Observations        138
 -----------------------------------------------------------------------------
               Jan      Feb      Mar      Apr      May      Jun 
               Jul      Aug      Sep      Oct      Nov      Dec         AVGE  
 -----------------------------------------------------------------------------
  2015                   0.1      0.1      0.1      0.1      0.0
               -0.1     -0.2     -0.2     -0.2     -0.1     -0.1          -0.0
 
  2016         -0.1     -0.1     -0.1     -0.1     -0.1      0.0
                0.1      0.1      0.1      0.1      0.1      0.1           0.0
 
  2017          0.0      0.1      0.1      0.0     -0.0     -0.1
               -0.1     -0.1     -0.1     -0.1     -0.1     -0.1          -0.0
 
  2018          0.0      0.0      0.0      0.0     -0.0     -0.1
               -0.1     -0.1     -0.1     -0.1     -0.0      0.0          -0.0
 
  2019          0.0      0.1      0.1      0.1      0.1      0.1
                0.0      0.0      0.0      0.1      0.1      0.2           0.1
 
  2020          0.2      0.2      0.3      0.3      0.4      0.4
                0.4      0.4      0.3      3.3      0.1      0.1           0.5
 
  2021          0.1      0.1      0.2      0.3      0.3      0.4
                0.4      0.4      0.3      0.2      4.2      0.1           0.6
 
  2022          0.2      0.3      0.4      0.4      0.5      0.4
                0.4      0.4      0.3      0.3      0.2      0.1           0.3
 
  2023          0.0     -0.0     -0.1     -0.1     -0.0      0.1
                0.1      0.1      0.1      0.2      0.2      0.3           0.1
 
  2024          0.3      0.2      0.2      0.1      0.1      0.0
                0.1      0.2      0.2      0.2      0.1     -0.1           0.1
 
  2025         -0.2     -0.2     -0.2     -0.2     -0.1     -0.0
               -0.0     -0.0      0.0      0.1      0.1      0.2          -0.0
 
  2026          0.3      0.3      0.3      0.2      0.1      0.1
                0.1                                                        0.2
 
  AVGE          0.1      0.1      0.1      0.1      0.1      0.1
                0.1      0.1      0.1      0.4      0.4      0.1

  Table Total-        20.31   Mean-       0.15   Std. Dev.-       0.49
                              Min -      -0.24        Max -       4.23
        R35 monthly CPI index            PAGE  22, SERIES series

 E 8  Month-to-month percent change in original series adjusted for calendar factors (A18)
  From  2015.Feb to 2026.Jul
  Observations        138
 -----------------------------------------------------------------------------
               Jan      Feb      Mar      Apr      May      Jun 
               Jul      Aug      Sep      Oct      Nov      Dec         AVGE  
 -----------------------------------------------------------------------------
  2015                   1.9      0.9      0.6      0.2      0.0
               -0.2     -1.0     -1.7      0.0     -0.4      0.9           0.1
 
  2016         -1.5      0.7      1.9     -0.1      0.0     -0.5
                0.7     -2.2      0.1      0.7     -0.3      0.3          -0.0
 
  2017         -0.5      0.2      1.5      0.8      0.1      0.0
               -0.2     -3.0      0.0      1.3     -0.6      0.2          -0.0
 
  2018         -1.0     -0.4      2.6      0.5      0.3     -0.3
               -1.0     -1.6      2.5      0.1     -0.6     -0.3           0.1
 
  2019         -1.3     -0.4      1.7     -1.4      2.3      0.2
                0.4     -3.6     -0.2      2.1      0.5     -0.1           0.0
 
  2020         -0.9      0.1     -0.5      3.3      0.8     -0.7
                0.9     -0.8      0.1      3.6      0.7      0.8           0.6
 
  2021         -5.1      0.2      1.2      3.4      0.8      0.0
                0.3      0.2      0.0      0.5      5.1      1.5           0.7
 
  2022         -3.5      0.4      2.1      1.6      0.8     -1.3
                1.0      0.3      0.2      4.4      0.7      0.0           0.5
 
  2023         -4.1      0.3     -0.2      1.4     -0.8      0.1
               -0.8     -0.1      0.3      0.0      0.8      1.0          -0.2
 
  2024         -1.2      0.0      2.3     -0.8      0.0     -0.1
                0.2     -0.7     -0.1      0.9      1.2      0.7           0.2
 
  2025         -3.0     -0.1      3.5     -2.3     -0.2     -0.6
                0.5     -0.7      0.0     -0.1      0.3      1.6          -0.1
 
  2026         -1.2      0.7      0.4      0.2      0.3     -0.2
                0.1                                                        0.1
 
  AVGE         -2.1      0.3      1.5      0.6      0.4     -0.3
                0.2     -1.2      0.1      1.2      0.7      0.6

  Table Total-        23.43   Mean-       0.17   Std. Dev.-       1.45
                              Min -      -5.05        Max -       5.08
        R35 monthly CPI index            PAGE  23, SERIES series

 E 18  Final adjustment ratios
  From  2015.Jan to 2026.Jul
  Observations        139
 -----------------------------------------------------------------------------
               Jan      Feb      Mar      Apr      May      Jun 
               Jul      Aug      Sep      Oct      Nov      Dec         AVGE  
 -----------------------------------------------------------------------------
  2015         98.5     99.1    100.9    101.3    101.4    101.1
              101.3     99.0     98.9     99.6     99.1     99.7         100.0
 
  2016         98.6     99.1    100.9    101.3    101.4    101.2
              101.2     98.9     98.9     99.7     99.3     99.7         100.0
 
  2017         98.7     98.9    100.8    101.3    101.4    101.3
              101.1     98.9     98.8     99.8     99.5     99.8         100.0
 
  2018         98.8     98.7    100.6    101.3    101.4    101.2
              100.8     99.0     98.9     99.9     99.8    100.0         100.0
 
  2019         98.9     98.6    100.3    101.2    101.3    101.0
              100.6     99.2     99.1     99.9    100.1    100.3         100.0
 
  2020         98.9     98.4    100.1    101.0    101.3    100.6
              100.5     99.5     99.3     99.7    100.4    100.8         100.0
 
  2021         98.8     98.4     99.8    100.9    101.1    100.4
              100.3     99.7     99.5     99.6    100.5    101.1         100.0
 
  2022         98.8     98.5     99.7    100.8    100.9    100.3
              100.1     99.7     99.6     99.5    100.7    101.4         100.0
 
  2023         98.9     98.8     99.7    100.7    100.6    100.3
              100.0     99.6     99.6     99.6    100.6    101.4         100.0
 
  2024         99.1     99.1     99.9    100.6    100.4    100.2
              100.1     99.5     99.5     99.6    100.5    101.3         100.0
 
  2025         99.2     99.3    100.1    100.4    100.4    100.1
              100.2     99.5     99.5     99.6    100.3    101.2         100.0
 
  2026         99.3     99.5    100.2    100.3    100.4    100.0
              100.2                                                      100.0
 
  AVGE         98.9     98.9    100.3    100.9    101.0    100.6
              100.5     99.3     99.2     99.7    100.1    100.6

  Table Total-     13901.26   Mean-     100.01   Std. Dev.-       0.85
                              Min -      98.39        Max -     101.42

 E 18.A  Final adjustment ratio forecasts
  From  2026.Aug to 2027.Jul
  Observations         12
 -----------------------------------------------------------------------------
               Jan      Feb      Mar      Apr      May      Jun 
               Jul      Aug      Sep      Oct      Nov      Dec         AVGE  
 -----------------------------------------------------------------------------
  2026                                                          
                        99.5     99.5     99.6    100.2    101.1         100.0
 
  2027         99.4     99.6    100.2    100.3    100.4    100.1
              100.2                                                      100.0
 

  QS statistic for seasonality:
  log(Original Series)                               65.22  (P-Value =     0.0000)
  log(Original Series (EV adj))                     103.38  (P-Value =     0.0000)
  Residuals                                           0.00  (P-Value =     1.0000)
  log(Seasonally Adjusted Series)                     1.36  (P-Value =     0.5061)
  log(SA Series (EV adj))                             0.00  (P-Value =     1.0000)
  Irregular Series                                    0.11  (P-Value =     0.9449)
  Irregular Series (EV adj)                           0.00  (P-Value =     1.0000)

  QS statistic for seasonality (starting 2018.Aug):
  log(Original Series)                               35.99  (P-Value =     0.0000)
  log(Original Series (EV adj))                      57.26  (P-Value =     0.0000)
  Residuals                                           0.00  (P-Value =     1.0000)
  log(Seasonally Adjusted Series)                     1.21  (P-Value =     0.5453)
  log(SA Series (EV adj))                             0.00  (P-Value =     1.0000)
  Irregular Series                                    0.42  (P-Value =     0.8086)
  Irregular Series (EV adj)                           0.00  (P-Value =     1.0000)
        R35 monthly CPI index            PAGE  24, SERIES series
 G 0  10*LOG(SPECTRUM) of the differenced, transformed Prior Adjusted Series
      (Table B1).  Spectrum estimated from 2018.Aug to 2026.Jul.
 ++++++++++I+++++++++++++++++++++++++++++++++++++++++++++++++++++++++++++I
     -27.05I                    S                                        I    -27.05
           I                    S                                        I
           I                    S                                        I
           I                    S                                        I
     -28.79I                    S                                        I    -28.79
           I                    S         S                              I
           I                    S         S                              I
           I                    S         S                   S          I
     -30.54I                    S         S                   S          I    -30.54
           I                    S         S                   S          I
           I                    S         S                   S          I
           I                    S         S                   S          I
     -32.28I                    S         S                   S          I    -32.28
           I                    S         S                   S          I
           I                    S         S                   S          I
           I                    S         S                   S          I
     -34.03I                    S         S                   S          I    -34.03
           I                    S         S                   S          I
           I                    S         S*                  S          I
           I                    S         S*       *          S          I
     -35.77I                    S         S*       *          S   *      I    -35.77
           I                    S         S*       *          S   *      I
           I                    S         S*       *S         S   *      I
           I                    S        *S*      **S         S   *      I
     -37.52I                   *S*       *S*      **S         S   *      I    -37.52
           I                   *S*       *S*      **S*        S   *      I
           I                   *S*       *S*      **S*        S   *      I
           I                   *S*       *S**     **S*        S   *      I
     -39.26I                   *S*       *S**     **S*        S* **      I    -39.26
           I                   *S*      **S***    **S*        S* **      I
           I                   *S*     ***S***    **S*T       S* **      I
           I         *         *S*     ***S****  ***S*T      *S* **     SI
     -41.01I         *         *S*     ***S****  ***S*T      *S* **     SI    -41.01
           I         *        **S*     ***S****  ***S*T      *S* **     SI
           I         *        **S*     ***S***** ***S*T      *S*T**     SI
           I         *        **S*    ****S*********S*T      *S*T**    *SI
     -42.75I         *        **S*    ****S*********S*T*     *S*T**    *SI    -42.75
           I         *       ***S*    ****S*********S*T*     *S*T**    *SI
           I         *S    *****S*    ****S*********S*T*     *S*T***   *SI
           I         *S    *****S**   ****S*********S*T*     *S*T***   *SI
     -44.50I         *S    *****S**   ****S*********S*T**    *S*T***   *SI    -44.50
           I         *S   ******S**   ****S*********S*T**    *S*T***  **SI
           I        **S   ******S**   ****S*********S*T**    *S*T***  **SI
           I        **S   ******S**  *****S*********S*T***  **S*T***  **SI
     -46.24I*       **S   ******S**  *****S*********S*T***  **S*T***  **SI    -46.24
           I*    *  **S   ******S**  *****S*********S*T***  **S*T*******SI
           I*    *  **S   ******S*** *****S*********S*T**** **S*T*******SI
           I*    *****S* *******S*********S*********S*T*******S*T*******SI
     -47.99I**   *****S* *******S*********S*********S*T*******S*T*******SI    -47.99
           I**  ******S* *******S*********S*********S*T*******S*T*******SI
           I**  ******S*********S*********S*********S*T*******S*T*******SI
           I**  ******S*********S*********S*********S*T*******S*T*******SI
     -49.73I**********S*********S*********S*********S*T*******S*T*******SI    -49.73
 ++++++++++I+++++++++++++++++++++++++++++++++++++++++++++++++++++++++++++I
            S=SEASONAL FREQUENCIES, T=TRADING DAY FREQUENCIES
        R35 monthly CPI index            PAGE  25, SERIES series
 G 1  10*LOG(SPECTRUM) of the differenced, transformed seasonally adjusted 
      data (Table D11).  Spectrum estimated from 2018.Aug to 2026.Jul.
 ++++++++++I+++++++++++++++++++++++++++++++++++++++++++++++++++++++++++++I
     -34.01I                                                  S          I    -34.01
           I                                                  S      *   I
           I                    S                             S      *   I
           I               *    S*                      *     S      *   I
     -35.08I               *    S*                      *     S      **  I    -35.08
           I               *    S*                      *     S      **  I
           I               *    S*                      *     S      **  I
           I               *    S*                      *     S     ***  I
     -36.16I               *    S*                      *     S     ***  I    -36.16
           I               *    S*                      *     S     ***  I
           I               *    S*       *              *     S    ****  I
           I               *    S*      **   *         **     S    ****  I
     -37.23I               *    S*      **   *    *    **     S    ****  I    -37.23
           I               *    S*      **   *    *    **     S    ****  I
           I               *    S*      **   *    *    **     S    ****  I
           I               *    S**     **  **    *    **     S    ****  I
     -38.30I               *    S***    **S **    *    **     S    ****  I    -38.30
           I         *     *    S****   **S ***   *    **     S*  ****** I
           I         *S    *    S****   **S ***  **    **    *S*  ****** I
           I         *S    *    S****   **S****  **    **    *S*  ****** I
     -39.37I         *S    *    S****  ***S****  **    **    *S*  ****** I    -39.37
           I         *S    *    S****  ***S****  ***   **    *S*  ****** I
           I *       *S    *    S***** ***S****  ***   **    *S*  ******SI
           I***      *S    *    S***** ***S****  ***   ***   *S*  ******SI
     -40.44I****     *S    *    S*********S****  ***   ***   *S*  ******SI    -40.44
           I****     *S    *    S*********S***** ***  T***   *S*  ******SI
           I****     *S    *    S*********S*********  T***   *S*  ******SI
           I*****    *S    *    S*********S*********  T***   *S* *******SI
     -41.51I*****    *S   **    S*********S*********  T***   *S*T*******SI    -41.51
           I*****    *S   **    S*********S*********S T***   *S*T*******SI
           I*****    *S   **    S*********S*********S*T***   *S*T*******SI
           I*****    *S   **    S*********S*********S*T***   *S*T*******SI
     -42.58I*****    *S   **   *S*********S*********S*T***   *S*T*******SI    -42.58
           I*****    *S   **   *S*********S*********S*T***  **S*T*******SI
           I******   *S   **   *S*********S*********S*T***  **S*T*******SI
           I******   *S   **   *S*********S*********S*T**** **S*T*******SI
     -43.65I******   *S   **   *S*********S*********S*T**** **S*T*******SI    -43.65
           I******   *S   **   *S*********S*********S*T**** **S*T*******SI
           I******   *S   ***  *S*********S*********S*T*******S*T*******SI
           I******   *S   ***  *S*********S*********S*T*******S*T*******SI
     -44.72I******  **S   ***  *S*********S*********S*T*******S*T*******SI    -44.72
           I******  **S   ***  *S*********S*********S*T*******S*T*******SI
           I******* **S   ***  *S*********S*********S*T*******S*T*******SI
           I******* **S   ***  *S*********S*********S*T*******S*T*******SI
     -45.79I******* **S*  ***  *S*********S*********S*T*******S*T*******SI    -45.79
           I******* **S*  ***  *S*********S*********S*T*******S*T*******SI
           I**********S*  *** **S*********S*********S*T*******S*T*******SI
           I**********S*  *** **S*********S*********S*T*******S*T*******SI
     -46.86I**********S*  ******S*********S*********S*T*******S*T*******SI    -46.86
           I**********S* *******S*********S*********S*T*******S*T*******SI
           I**********S* *******S*********S*********S*T*******S*T*******SI
           I**********S* *******S*********S*********S*T*******S*T*******SI
     -47.93I**********S*********S*********S*********S*T*******S*T*******SI    -47.93
 ++++++++++I+++++++++++++++++++++++++++++++++++++++++++++++++++++++++++++I
            S=SEASONAL FREQUENCIES, T=TRADING DAY FREQUENCIES
        R35 monthly CPI index            PAGE  26, SERIES series
 G 2  10*LOG(SPECTRUM) of the Irregular (Table D13).  
      Spectrum estimated from 2018.Aug to 2026.Jul.
 ++++++++++I+++++++++++++++++++++++++++++++++++++++++++++++++++++++++++++I
     -39.26I                          *                                  I    -39.26
           I                          *                                  I
           I                          *                                  I
           I                          *                                  I
     -40.53I                          *                                  I    -40.53
           I                          *     *                            I
           I                          *     *                            I
           I                          *     *                            I
     -41.81I                     *    *     *      *                     I    -41.81
           I                     *    *     *      *                     I
           I                     *    *     *      *                     I
           I                     *    *     *      *                     I
     -43.08I                     *    *     *      *                     I    -43.08
           I                     *    *     *      *              *      I
           I                     *    *     *     **              *      I
           I                     *    *     *     **              *      I
     -44.35I                     *    *     *     **              *      I    -44.35
           I                     *    *     *     **         *    *      I
           I                     *    *     **    **         *    *      I
           I                     *    *     **    **         *    *      I
     -45.62I         *           *    *     **    **         *   **      I    -45.62
           I         *     *    S*    *     **    **         *S  **      I
           I         *     *    S**   *     **    **         *S  **      I
           I        **     **   S**   *     **    **         *S  **      I
     -46.90I        **     **   S**   *     **   ***         *S  **      I    -46.90
           I        **    ***   S**   **    **   ***         *S  **      I
           I        **    ****  S**  ***   **** ****S  *     *S  **      I
           I*       **    ****  S**  ***   *********S  *     *S  **      I
     -48.17I**      **    ****  S**  ***   *********S  *     *S  **      I    -48.17
           I**      **    ******S**  ***   *********S  *     *S  **      I
           I**      **    ******S**  ***   *********S  *     *S  **      I
           I***     **    ******S**  ***   *********S  **    *S  **      I
     -49.44I***     **    ******S**  ***   *********S  **    *S  ***     I    -49.44
           I***     **   *******S**  ***   *********S  **    *S*T***     I
           I***     **   *******S*** ***   *********S*T**    *S*T***     I
           I***     **S  *******S*******   *********S*T**    *S*T***   *SI
     -50.71I***     **S  *******S*******   *********S*T**    *S*T***   *SI    -50.71
           I****    **S  *******S*******   *********S*T**    *S*T***  **SI
           I****    **S  *******S*******   *********S*T**    *S*T***  **SI
           I****   ***S  *******S*******   *********S*T**    *S*T***  **SI
     -51.99I****   ***S ********S******** S*********S*T**    *S*T*******SI    -51.99
           I****   ***S*********S******** S*********S*T**   **S*T*******SI
           I****   ***S*********S******** S*********S*T**   **S*T*******SI
           I****   ***S*********S******** S*********S*T**   **S*T*******SI
     -53.26I*****  ***S*********S*********S*********S*T**   **S*T*******SI    -53.26
           I*****  ***S*********S*********S*********S*T**   **S*T*******SI
           I***** ****S*********S*********S*********S*T***  **S*T*******SI
           I**********S*********S*********S*********S*T***  **S*T*******SI
     -54.53I**********S*********S*********S*********S*T***  **S*T*******SI    -54.53
           I**********S*********S*********S*********S*T***  **S*T*******SI
           I**********S*********S*********S*********S*T***  **S*T*******SI
           I**********S*********S*********S*********S*T*** ***S*T*******SI
     -55.80I**********S*********S*********S*********S*T*******S*T*******SI    -55.80
 ++++++++++I+++++++++++++++++++++++++++++++++++++++++++++++++++++++++++++I
            S=SEASONAL FREQUENCIES, T=TRADING DAY FREQUENCIES
        R35 monthly CPI index            PAGE  27, SERIES series

  Peak probabilities for Tukey spectrum estimator
  Spectrum estimated from 2018.Aug to 2026.Jul.

                                          S1       S2       S3       S4       S5       S6       TD
                                        ------   ------   ------   ------   ------   ------   ------
  Model Residuals                        0.401    0.971*   0.248    0.791    0.339    0.501    0.888  
  Prior Adjusted Series (Table B1)       0.435    0.994**  0.972*   0.558    0.995**  0.944*   0.130  
  Seasonally adjusted series (D11)       0.339    0.493    0.509    0.411    0.721    0.467    0.502  
  Irregular (D13)                        0.080    0.374    0.116    0.586    0.733    0.685    0.519  
  ----------
     ** - Peak Probability > 0.99,
      * - 0.90 < Peak Probability < 0.99



  NP statistic for residual seasonality:

  NP statistic for residual seasonality (Full series)
                                                  Residual Seasonality?
  log(Seasonally Adjusted Series)                          no
  log(Seasonally Adjusted Series (EV adj))                 no

  NP statistic for residual seasonality (Series start in 2018.Aug)
                                                  Residual Seasonality?
  log(Seasonally Adjusted Series)                          no
  log(Seasonally Adjusted Series (EV adj))                 no
