1
    Log for X-13ARIMA-SEATS program (Version 1.1 Build 62)  Sep 22, 2026  22.39.18 
    *-*-*-*-*-*-*-*-*-*-*-*-*-*-*-*-*-*-*-*-*-*-*-*-*-*-*-*-*-*-*-*-*-*-*-*-*



 Type of  Series      Additional                   Series title
 Adjust.  Ident.      Identifiers


  M-MLT    series -------- -------- R35 monthly CPI index                             
  Moving seasonality ratio     :       2.999
  I/C Ratio                    :       1.631
  Stable Seasonal F, B1 table  :      12.890
  Stable Seasonal F, D8 table  :      16.221
  Moving Seasonal F, D8 table  :       1.417
  Identifiable seasonality     : yes
    M01 :      0.569
    M02 :      0.077
    M03 :      0.315
    M04 :      0.498
    M05 :      0.499
    M06 :      0.400
    M07 :      0.589
    M08 :      1.484
    M09 :      0.917
    M10 :      1.508
    M11 :      1.237
    Q   :      0.639
    Q2  :      0.718

  QS statistic for seasonality:
  log(Original Series)                               65.22  (P-Value =     0.0000)
  log(Original Series (EV adj))                     103.38  (P-Value =     0.0000)
  Residuals                                           0.00  (P-Value =     1.0000)
  log(Seasonally Adjusted Series)                     1.36  (P-Value =     0.5061)
  log(SA Series (EV adj))                             0.00  (P-Value =     1.0000)
  Irregular Series                                    0.11  (P-Value =     0.9449)
  Irregular Series (EV adj)                           0.00  (P-Value =     1.0000)

  QS statistic for seasonality (starting 2018.Aug):
  Original Series                                    35.99  (P-Value =     0.0000)
  Original Series (EV adj)                           57.26  (P-Value =     0.0000)
  Residuals                                           0.00  (P-Value =     1.0000)
  Seasonally Adjusted Series                          1.21  (P-Value =     0.5453)
  Seasonally Adjusted Series (EV adj)                 0.00  (P-Value =     1.0000)
  Irregular Series                                    0.42  (P-Value =     0.8086)
  Irregular Series (EV adj)                           0.00  (P-Value =     1.0000)

 

  Peak probabilities for Tukey spectrum estimator
  Spectrum estimated from 2018.Aug to 2026.Jul.

                                          S1       S2       S3       S4       S5       S6       TD
                                        ------   ------   ------   ------   ------   ------   ------
  Model Residuals                                   *                                              
  Prior Adjusted Series (Table B1)                  **       *                 **       *          
  Seasonally adjusted series (D11)                                                                 
  Irregular (D13)                                                                                  
  ----------
     ** - Peak Probability > 0.99,
      * - 0.90 < Peak Probability < 0.99



  NP statistic for residual seasonality:

  NP statistic for residual seasonality (Full series)
                                                  Residual Seasonality?
  log(Seasonally Adjusted Series)                          no
  log(Seasonally Adjusted Series (EV adj))                 no

  NP statistic for residual seasonality (Series start in 2018.Aug)
                                                  Residual Seasonality?
  log(Seasonally Adjusted Series)                          no
  log(Seasonally Adjusted Series (EV adj))                 no

 Spectral Peak Summary:
  Seasonal Spectral Peaks : none
        TD Spectral Peaks : none
  
  
 For Peak Probability > 0.99
  Seasonal Tukey Spectral Peaks : ori
        TD Tukey Spectral Peaks : none
  
 For Peak Probability > 0.90
  Seasonal Tukey Spectral Peaks : rsd ori
        TD Tukey Spectral Peaks : none
