1
    Log for X-13ARIMA-SEATS program (Version 1.1 Build 62)  Sep 22, 2026  22.39.13 
    *-*-*-*-*-*-*-*-*-*-*-*-*-*-*-*-*-*-*-*-*-*-*-*-*-*-*-*-*-*-*-*-*-*-*-*-*



 Type of  Series      Additional                   Series title
 Adjust.  Ident.      Identifiers


  M-MLT    series -------- -------- R35 monthly CPI index                             
  Moving seasonality ratio     :       4.436
  I/C Ratio                    :       0.918
  Stable Seasonal F, B1 table  :       3.510
  Stable Seasonal F, D8 table  :       5.272
  Moving Seasonal F, D8 table  :       1.460
  Identifiable seasonality     : yes
    M01 :      0.529
    M02 :      0.027
    M03 :      0.000
    M04 :      0.391
    M05 :      0.185
    M06 :      0.175
    M07 :      1.039
    M08 :      1.744
    M09 :      0.905
    M10 :      2.073
    M11 :      1.999
    Q   :      0.660
    Q2  :      0.739

  QS statistic for seasonality:
  log(Original Series)                               37.00  (P-Value =     0.0000)
  log(Original Series (EV adj))                      32.98  (P-Value =     0.0000)
  Residuals                                           0.00  (P-Value =     1.0000)
  log(Seasonally Adjusted Series)                     0.00  (P-Value =     1.0000)
  log(SA Series (EV adj))                             0.00  (P-Value =     1.0000)
  Irregular Series                                    0.00  (P-Value =     1.0000)
  Irregular Series (EV adj)                           0.00  (P-Value =     1.0000)

  QS statistic for seasonality (starting 2018.Sep):
  Original Series                                    27.78  (P-Value =     0.0000)
  Original Series (EV adj)                           24.55  (P-Value =     0.0000)
  Residuals                                           0.15  (P-Value =     0.9288)
  Seasonally Adjusted Series                          0.00  (P-Value =     1.0000)
  Seasonally Adjusted Series (EV adj)                 0.00  (P-Value =     1.0000)
  Irregular Series                                    0.00  (P-Value =     1.0000)
  Irregular Series (EV adj)                           0.00  (P-Value =     1.0000)

 

  Peak probabilities for Tukey spectrum estimator
  Spectrum estimated from 2018.Sep to 2026.Aug.

                                          S1       S2       S3       S4       S5       S6       TD
                                        ------   ------   ------   ------   ------   ------   ------
  Model Residuals                                   *                                              
  Prior Adjusted Series (Table B1)                  *        *        *                            
  Seasonally adjusted series (D11)                           *                                     
  Irregular (D13)                                                                                * 
  ----------
     ** - Peak Probability > 0.99,
      * - 0.90 < Peak Probability < 0.99



  NP statistic for residual seasonality:

  NP statistic for residual seasonality (Full series)
                                                  Residual Seasonality?
  log(Seasonally Adjusted Series)                          no
  log(Seasonally Adjusted Series (EV adj))                 no

  NP statistic for residual seasonality (Series start in 2018.Sep)
                                                  Residual Seasonality?
  log(Seasonally Adjusted Series)                          no
  log(Seasonally Adjusted Series (EV adj))                 no

 Spectral Peak Summary:
  Seasonal Spectral Peaks : none
        TD Spectral Peaks : none
  
  
 For Peak Probability > 0.99
  Seasonal Tukey Spectral Peaks : none
        TD Tukey Spectral Peaks : none
  
 For Peak Probability > 0.90
  Seasonal Tukey Spectral Peaks : rsd ori sa
        TD Tukey Spectral Peaks : irr
