  Reading input spec file from series.spc

1

               U. S. Department of Commerce, U. S. Census Bureau

              X-13ARIMA-SEATS monthly seasonal adjustment Method,
                          Release Version 1.1 Build 62


           This software application provides an enhanced version of
             Statistics Canada's X-11-ARIMA extension (Dagum, 1980)
                 of the X-11 variant of the Census Method II of
                      Shiskin, Young and Musgrave (1967).

            It also provides an ARIMA model-based method following
       Hillmer and Tiao (1982) and Burman (1980) that is very similar
       to the update of the method of SEATS (Gomez and Maravall, 1996)
                produced at the Bank of Spain by G. Caporello and
               A. Maravall for TSW (Caporello and Maravall, 2004).
          The present application includes additional enhancements.

         X-13ARIMA-SEATS includes an automatic ARIMA model selection procedure
          based largely on the procedure of Gomez and Maravall (1998)
            as implemented in TRAMO (1996) and subsequent revisions.

              Primary Programmers: Brian Monsell, Mark Otto and,
                 for the ARIMA model-based signal extraction,
                      Gianluca Caporello and Victor Gomez


     Series Title- R35 monthly CPI index
     Series Name- series
     Sep 22, 2026  22.39.13 

        -Period covered-  1st month,2015 to  8th month,2026
        -Type of run - multiplicative seasonal adjustment

        -Sigma limits for graduating extreme values are  1.5 and  2.5 .
        -3x3 moving average used in section 1 of each iteration, 
         3x5 moving average in section 2 of iterations B and C,
         moving average for final seasonal factors chosen by Global MSR.
        -Spectral plots generated for selected series
        -Spectral plots generated for series starting in 2018.Sep

 FILE SAVE REQUESTS (* indicates file exists and will be overwritten)
  series.d10  final seasonal factors
  series.d11  final seasonally adjusted data
  series.d12  final trend cycle
  series.d13  final irregular component
  series.out  program output file
  series.err  program error file
  series.udg  seasonal adjustment and model diagnostics file
        R35 monthly CPI index            PAGE   1, SERIES series

     Contents of spc file series.spc

 Line #
 ------
      1: series { title="R35 monthly CPI index" start=2015.1 period=12 data=(
      2: 99.5 99.299999999999997 100.5 100.59999999999999 101.3 100.40000000000001
      3: 99.700000000000003 100 100 100 99.5 99.5
      4: 100.8 99.900000000000006 100.3 100.5 100.90000000000001 100.8
      5: 100.90000000000001 100.7 101.09999999999999 100.90000000000001 100.8 99.200000000000003
      6: 100 99.599999999999994 100.40000000000001 100.40000000000001 100.59999999999999 100
      7: 99.5 100.2 101.59999999999999 100.8 100.7 99.599999999999994
      8: 101.8 101.59999999999999 103 102.59999999999999 102.09999999999999 102.8
      9: 103.5 103.40000000000001 102.8 104.90000000000001 104.2 103.3
     10: 103.2 104.40000000000001 105.09999999999999 106.7 106 106.5
     11: 107.2 108.09999999999999 106.7 110.59999999999999 109.2 108.09999999999999
     12: 107.59999999999999 109.3 109.7 110.90000000000001 110.2 111.5
     13: 111.8 111.40000000000001 112 113.3 111.3 110.2
     14: 111.90000000000001 110.3 110.8 112.59999999999999 112 111.7
     15: 114 113.7 115 121.7 121.40000000000001 121.7
     16: 123 125.8 127.40000000000001 129.09999999999999 130.30000000000001 131.59999999999999
     17: 133.59999999999999 136.40000000000001 137.59999999999999 139.40000000000001 141.80000000000001 141.09999999999999
     18: 141.90000000000001 145.90000000000001 143.59999999999999 145.90000000000001 144.30000000000001 142.30000000000001
     19: 146.30000000000001 145 146.09999999999999 149.19999999999999 148.69999999999999 149.19999999999999
     20: 150.19999999999999 151.30000000000001 148.90000000000001 153.09999999999999 152.5 152.09999999999999
     21: 152.5 151.30000000000001 154.90000000000001 157.09999999999999 158.69999999999999 158.30000000000001
     22: 159.90000000000001 160.90000000000001 159.5 164.30000000000001 162.5 164.90000000000001
     23: 164.90000000000001 164.30000000000001 165.5 166.69999999999999 166.59999999999999 165.30000000000001
     24: 168.5 167.69999999999999 167 169.40000000000001 168.90000000000001 170.19999999999999
     25: 171 172.09999999999999
     26: ) }
     27: transform { function=log }
     28: automdl { }
     29: outlier { types=(ao ls tc) }
     30: x11 { mode=mult save=(d10 d11 d12 d13) appendfcst=no appendbcst=no savelog=all }
     31: spectrum { logqs=yes robustsa=no print=all savelog=all }
     32: check { }
        R35 monthly CPI index            PAGE   2, SERIES series

 A 1  Time series data (for the span analyzed)
  From  2015.Jan to 2026.Aug
  Observations        140
 -----------------------------------------------------------------------------
               Jan      Feb      Mar      Apr      May      Jun 
               Jul      Aug      Sep      Oct      Nov      Dec        TOTAL  
 -----------------------------------------------------------------------------
  2015         100.      99.     101.     101.     101.     100.
               100.     100.     100.     100.     100.     100.         1200.
 
  2016         101.     100.     100.     101.     101.     101.
               101.     101.     101.     101.     101.      99.         1207.
 
  2017         100.     100.     100.     100.     101.     100.
               100.     100.     102.     101.     101.     100.         1203.
 
  2018         102.     102.     103.     103.     102.     103.
               104.     103.     103.     105.     104.     103.         1236.
 
  2019         103.     104.     105.     107.     106.     107.
               107.     108.     107.     111.     109.     108.         1282.
 
  2020         108.     109.     110.     111.     110.     112.
               112.     111.     112.     113.     111.     110.         1329.
 
  2021         112.     110.     111.     113.     112.     112.
               114.     114.     115.     122.     121.     122.         1377.
 
  2022         123.     126.     127.     129.     130.     132.
               134.     136.     138.     139.     142.     141.         1597.
 
  2023         142.     146.     144.     146.     144.     142.
               146.     145.     146.     149.     149.     149.         1748.
 
  2024         150.     151.     149.     153.     153.     152.
               153.     151.     155.     157.     159.     158.         1841.
 
  2025         160.     161.     160.     164.     163.     165.
               165.     164.     166.     167.     167.     165.         1965.
 
  2026         169.     168.     167.     169.     169.     170.
               171.     172.                                             1355.
 
  AVGE         122.     123.     123.     125.     124.     125.
               125.     126.     122.     124.     124.     123.

  Table Total-     17340.80   Mean-     123.86   Std. Dev.-      24.73
                              Min -      99.20        Max -     172.10
        R35 monthly CPI index            PAGE   3, SERIES series
                        Automatic ARIMA Model Selection

                    Procedure based closely on TRAMO method 
                         of Gomez and Maravall (2000)
              "Automatic Modeling Methods for Univariate Series",
                            A Course in Time Series
                  (Edited by D. Pena, G. C. Tiao, R. S. Tsay),
                         New York : J. Wiley and Sons


     Maximum order for regular ARMA parameters :   2
     Maximum order for seasonal ARMA parameters :   1
     Maximum order for regular differencing :   2
     Maximum order for seasonal differencing :   1

   Results of Unit Root Test for identifying orders of differencing:
     Regular difference order :   1
     Seasonal difference order :   0

     Mean is significant.

  Automatic model choice : (1 1 2)(1 0 0)


  Final Checks for Identified Model


  Checking for Unit Roots.
   No unit roots found.

  Checking for nonseasonal overdifferencing.
   Nonseasonal MA not within  0.001 of 1.0 - model passes test.

  Checking for insignificant ARMA coefficients.

  Final automatic model choice : (1 1 2)(1 0 0)
   End of automatic model selection procedure.

 Average absolute percentage error in within-sample forecasts:
  Last year:   2.00      Last-1 year:   3.48     Last-2 year:   1.77
  Last three years:    2.41

 Estimation converged in    9 ARMA iterations,   69 function evaluations.

 Regression Model
 ------------------------------------------------------------------------------
                             Parameter        Standard
 Variable                     Estimate           Error      t-value
 ------------------------------------------------------------------------------
 Constant                       0.0036         0.00171         2.12

 Automatically Identified Outliers
   LS2021.Oct                   0.0405         0.00713         5.67
 ------------------------------------------------------------------------------


 ARIMA Model:  (1 1 2)(1 0 0)
   Nonseasonal differences: 1
                                              Standard
 Parameter                    Estimate          Errors
 -----------------------------------------------------
 Nonseasonal AR                                    
   Lag  1                       0.8008         0.09351

 Seasonal AR                                       
   Lag 12                       0.4066         0.07822

 Nonseasonal MA                                    
   Lag  1                       1.2161         0.09892
   Lag  2                      -0.5062         0.07318

 Variance                       0.78885E-04
 SE of Var                      0.94624E-05
 -----------------------------------------------------

 Likelihood Statistics
 ------------------------------------------------------------------
 Number of observations (nobs)                                  140
 Effective number of observations (nefobs)                      139
 Number of parameters estimated (np)                              7
 Log likelihood                                            457.9815
 Transformation Adjustment                                -667.4379
 Adjusted Log likelihood (L)                              -209.4564
 AIC                                                       432.9129 
 AICC (F-corrected-AIC)                                    433.7678 
 Hannan Quinn                                              441.2603 
 BIC                                                       453.4542 
 ------------------------------------------------------------------


 DIAGNOSTIC CHECKING
  Sample Autocorrelations of the Residuals with the Ljung-Box diagnostic.

  Lag      1     2     3     4     5     6     7     8     9    10    11    12
  ACF   0.05 -0.06  0.03 -0.03  0.04  0.15 -0.04 -0.09 -0.05 -0.06  0.01 -0.02
  SE    0.08  0.09  0.09  0.09  0.09  0.09  0.09  0.09  0.09  0.09  0.09  0.09
  Q     0.39  0.82  0.95  1.08  1.29  4.62  4.87  6.02  6.44  6.98  7.00  7.04
  DF       0     0     0     0     1     2     3     4     5     6     7     8
  P    0.000 0.000 0.000 0.000 0.256 0.099 0.181 0.198 0.266 0.323 0.428 0.532

  Lag     13    14    15    16    17    18    19    20    21    22    23    24
  ACF  -0.08  0.06 -0.11 -0.09 -0.07 -0.10  0.07 -0.03  0.06 -0.17 -0.03  0.01
  SE    0.09  0.09  0.09  0.09  0.09  0.09  0.09  0.09  0.09  0.09  0.10  0.10
  Q     8.15  8.71 10.60 11.97 12.67 14.44 15.14 15.29 15.88 20.68 20.89 20.91
  DF       9    10    11    12    13    14    15    16    17    18    19    20
  P    0.519 0.560 0.478 0.448 0.474 0.418 0.442 0.503 0.532 0.296 0.343 0.402

  The P-values approximate the probability of observing a Q-value at least
  this large when the model fitted is correct.  When DF is positive, small
  values of P, customarily those below 0.05, indicate model inadequacy.

  Sample Autocorrelations of the Residuals
                 -1.0 -0.8 -0.6 -0.4 -0.2  0.0  0.2  0.4  0.6  0.8  1.0
                   +----+----+----+----+----+----+----+----+----+----+
            1                           .   |X  .                      0.052
            2                           .  X|   .                     -0.055
            3                           .   |X  .                      0.030
            4                           .  X|   .                     -0.029
            5                           .   |X  .                      0.038
            6                           .   |XXXX                      0.150
            7                           .  X|   .                     -0.041
            8                           . XX|   .                     -0.088
            9                           .  X|   .                     -0.053
           10                           .  X|   .                     -0.059
           11                           .   |   .                      0.013
           12       - - - - - - - - -   .   |   .   - - - - - - - -   -0.016
           13                           . XX|   .                     -0.084
           14                           .   |XX .                      0.060
           15                           .XXX|   .                     -0.109
           16                          .  XX|    .                    -0.093
           17                          .  XX|    .                    -0.066
           18                          . XXX|    .                    -0.105
           19                          .    |XX  .                     0.065
           20                          .   X|    .                    -0.031
           21                          .    |X   .                     0.059
           22                          .XXXX|    .                    -0.169
           23                          .   X|    .                    -0.035
           24       - - - - - - - - -  .    |    .  - - - - - - - -    0.013
  
  Sample Autocorrelations of the Squared Residuals with the Ljung-Box diagnostic.

  Lag      1     2     3     4     5     6     7     8     9    10    11    12
  ACF   0.12 -0.08  0.09  0.08 -0.02  0.03  0.04 -0.06  0.03  0.02 -0.06  0.04
  SE    0.08  0.09  0.09  0.09  0.09  0.09  0.09  0.09  0.09  0.09  0.09  0.09
  Q     2.13  3.10  4.33  5.25  5.30  5.44  5.65  6.19  6.30  6.36  6.92  7.21
  DF       0     0     0     0     1     2     3     4     5     6     7     8
  P    0.000 0.000 0.000 0.000 0.021 0.066 0.130 0.185 0.278 0.384 0.437 0.514

  Lag     13    14    15    16    17    18    19    20    21    22    23    24
  ACF   0.22  0.05  0.20  0.18 -0.07 -0.13  0.00  0.04 -0.05 -0.07 -0.11 -0.06
  SE    0.09  0.09  0.09  0.10  0.10  0.10  0.10  0.10  0.10  0.10  0.10  0.10
  Q    14.93 15.27 21.33 26.68 27.46 30.01 30.01 30.33 30.70 31.47 33.38 33.93
  DF       9    10    11    12    13    14    15    16    17    18    19    20
  P    0.093 0.123 0.030 0.009 0.011 0.008 0.012 0.016 0.022 0.025 0.022 0.027

  The P-values approximate the probability of observing a Q-value at least
  this large when the model fitted is correct in a way that supports the
  standard interpretations of the test statistics, standard errors, and
  prediction intervals output by X-13ARIMA-SEATS. When DF is positive, small
  values of P, customarily those below 0.05, suggest that model-based
  inferences about statistical significance and uncertainty will be less
  dependable than usual.

  Sample Autocorrelations of the Squared Residuals
                 -1.0 -0.8 -0.6 -0.4 -0.2  0.0  0.2  0.4  0.6  0.8  1.0
                   +----+----+----+----+----+----+----+----+----+----+
            1                           .   |XXX.                      0.122
            2                           . XX|   .                     -0.082
            3                           .   |XX .                      0.092
            4                           .   |XX .                      0.079
            5                           .   |   .                     -0.019
            6                           .   |X  .                      0.031
            7                           .   |X  .                      0.037
            8                           .  X|   .                     -0.060
            9                           .   |X  .                      0.028
           10                           .   |   .                      0.019
           11                           . XX|   .                     -0.061
           12       - - - - - - - - -   .   |X  .   - - - - - - - -    0.044
           13                           .   |XXXXXX                    0.223
           14                          .    |X   .                     0.047
           15                          .    |XXXXX                     0.196
           16                          .    |XXXXX                     0.183
           17                          .  XX|    .                    -0.070
           18                          . XXX|    .                    -0.125
           19                          .    |    .                     0.003
           20                          .    |X   .                     0.044
           21                          .   X|    .                    -0.047
           22                          .  XX|    .                    -0.068
           23                          . XXX|    .                    -0.106
           24       - - - - - - - - -  .   X|    .  - - - - - - - -   -0.057
  
 Histogram of the Standardized and Mean-Centered Residuals
  Standard
  Deviations    Frequency

  Outlier [#

       -3 +#
          |##
       -2 +#########
          |##########
       -1 +############
          |######################
        0 +#######################
          |###########################
        1 +#########
          |########
        2 +###########
          |###
        3 +#

  One '#'= 1 observation[s]

 Tabular Histogram of the Standardized and Mean-Centered Residuals

  Standard
  Deviations    Frequency
  Standard
  Deviations    Frequency

 -3.00                 1

 -2.50                 2

 -2.00                 9

 -1.50                10

 -1.00                12

 -0.50                22

  0.00                23

  0.50                27

  1.00                 9

  1.50                 8

  2.00                11

  2.50                 3

  3.00                 1

  Residuals with |t|>3.25

  Obs       t-value
  -----------------
  2023.May    -3.54

 Summary Statistics for the Unstandardized Residuals
  Minimum                    -0.025
  Maximum                     0.022
  Median                      0.000
  Robust Std Dev              0.007

 Normality Statistics for regARIMA Model Residuals:

    Number of residuals  :    139

    Skewness coefficient :   -0.0572    
    Geary's a            :    0.7827    
    Kurtosis             :    2.8872    

  No indication of lack of normality.

 Durbin-Watson Statistic for regARIMA Model Residuals:
  dw =     1.890465

 Friedman Non-Parametric Test for regARIMA Model Residuals:
  ken =    17.937063 ( Asymptotically distributed as Chi-Square(11), P-Value =     0.083053 )

 QS Statistic for regARIMA Model Residuals (full series):             0.00
                                                       (P-Value =     1.0000)

 QS Statistic for regARIMA Model Residuals (starting 2018.Sep):       0.15
                                                       (P-Value =     0.9288)
      10*LOG(SPECTRUM) of the regARIMA model residuals
      Spectrum estimated from 2018.Sep to 2026.Aug.
 ++++++++++I+++++++++++++++++++++++++++++++++++++++++++++++++++++++++++++I
     -33.90I    *                                                        I    -33.90
           I    *                                                        I
           I    *                                                        I
           I    *                                                        I
     -34.94I    *                                                        I    -34.94
           I    *                                    *  *                I
           I    *                                    *  *                I
           I    *                                    *  *                I
     -35.98I    *                                    *  *                I    -35.98
           I    *                                    *  *                I
           I    *                                    *  *                I
           I    *                                    *  *                I
     -37.01I    *                                   S*  *                I    -37.01
           I    *                               *   S*  *                I
           I    *                               *   S*  *                I
           I    *             *                 *   S*  *       T        I
     -38.05I    *             *                 *   S*  *       T        I    -38.05
           I    *             *  *              *   S*  *       T        I
           I    *             * S*              *   S*  *       T        I
           I    *            ** S*              *   S*  *      *T        I
     -39.09I   **            ** S*              *   S*  *      *T        I    -39.09
           I   **            ***S**             *   S*T *      *T    *   I
           I   **   **       ***S***        *  **   S*T**      *T    *   I
           I   **   **       ***S***        *  **   S*T***     *T    **  I
     -40.13I   **   **       ***S***        *  **   S*T***     *T    **  I    -40.13
           I   **   ** *     ***S***        *  **   S*T***     *T    **  I
           I   **   ** *     ***S***        *  **   S*T***     *T    **  I
           I   **   ** **    ***S****       ** **   S*T***     *T    **  I
     -41.17I   **   ** **    ***S****       ** **   S*T***     *T    *** I    -41.17
           I   **   **S**    ***S****       ** **   S*T***     *T    ***SI
           I   **   **S**    ***S****       ** ***  S*T***     *T    ***SI
           I   **   **S**    ***S****       ******  S*T***     *T    ***SI
     -42.21I   **   **S**    ***S****       ******  S*T***     *T    ***SI    -42.21
           I   ***  **S**    ***S****      ******* *S*T***     *T    ***SI
           I   ***  **S**    ***S*****     ******* *S*T***     *T    ***SI
           I   ***  **S**    ***S***** *   ******* *S*T***    S*T   ****SI
     -43.25I   ***  **S**    ***S***** **  ******* *S*T***    S*T   ****SI    -43.25
           I   *** ***S**    ***S********  ******* *S*T***    S*T   ****SI
           I   *** ***S**    ***S********  *********S*T***    S*T   ****SI
           I   *** ***S**    ***S********  *********S*T****   S*T*  ****SI
     -44.29I  **** ***S**   ****S********  *********S*T****   S*T*  ****SI    -44.29
           I  **** ***S**   ****S*********S*********S*T****   S*T*  ****SI
           I  ********S**   ****S*********S*********S*T****   S*T*  ****SI
           I  ********S**   ****S*********S*********S*T****  *S*T*  ****SI
     -45.33I  ********S***  ****S*********S*********S*T***** *S*T*  ****SI    -45.33
           I  ********S***  ****S*********S*********S*T*******S*T*  ****SI
           I  ********S***  ****S*********S*********S*T*******S*T*  ****SI
           I *********S***  ****S*********S*********S*T*******S*T* *****SI
     -46.37I**********S***  ****S*********S*********S*T*******S*T* *****SI    -46.37
           I**********S***  ****S*********S*********S*T*******S*T*******SI
           I**********S***  ****S*********S*********S*T*******S*T*******SI
           I**********S*** *****S*********S*********S*T*******S*T*******SI
     -47.40I**********S*********S*********S*********S*T*******S*T*******SI    -47.40
 ++++++++++I+++++++++++++++++++++++++++++++++++++++++++++++++++++++++++++I
            S=SEASONAL FREQUENCIES, T=TRADING DAY FREQUENCIES


 FORECASTING
  Origin  2026.Aug
  Number        12

  Forecasts and Standard Errors of the Transformed Data
   ------------------------------
                         Standard
       Date   Forecast      Error
   ------------------------------
   2026.Sep       5.15      0.009
   2026.Oct       5.16      0.010
   2026.Nov       5.16      0.012
   2026.Dec       5.16      0.015
   2027.Jan       5.17      0.017
   2027.Feb       5.17      0.020
   2027.Mar       5.17      0.023
   2027.Apr       5.18      0.025
   2027.May       5.18      0.028
   2027.Jun       5.19      0.031
   2027.Jul       5.19      0.033
   2027.Aug       5.20      0.035
   ------------------------------

  Confidence intervals with coverage probability ( 0.95000
  On the Original Scale
   ---------------------------------------
       Date      Lower  Forecast     Upper
   ---------------------------------------
   2026.Sep     169.51    172.50    175.54
   2026.Oct     170.16    173.65    177.21
   2026.Nov     170.02    174.20    178.49
   2026.Dec     169.21    174.20    179.33
   2027.Jan     170.17    176.08    182.20
   2027.Feb     169.42    176.23    183.31
   2027.Mar     168.70    176.40    184.46
   2027.Apr     169.24    177.89    186.97
   2027.May     168.60    178.11    188.16
   2027.Jun     168.70    179.10    190.14
   2027.Jul     168.62    179.87    191.88
   2027.Aug     168.66    180.76    193.73
   ---------------------------------------
        R35 monthly CPI index            PAGE   4, SERIES series
  
 A 8  RegARIMA combined outlier component
      (LS outliers included)
  From  2015.Jan to 2026.Aug
  Observations        140
 -----------------------------------------------------------------------------
               Jan      Feb      Mar      Apr      May      Jun 
               Jul      Aug      Sep      Oct      Nov      Dec         AVGE  
 -----------------------------------------------------------------------------
  2015         96.0     96.0     96.0     96.0     96.0     96.0
               96.0     96.0     96.0     96.0     96.0     96.0          96.0
 
  2016         96.0     96.0     96.0     96.0     96.0     96.0
               96.0     96.0     96.0     96.0     96.0     96.0          96.0
 
  2017         96.0     96.0     96.0     96.0     96.0     96.0
               96.0     96.0     96.0     96.0     96.0     96.0          96.0
 
  2018         96.0     96.0     96.0     96.0     96.0     96.0
               96.0     96.0     96.0     96.0     96.0     96.0          96.0
 
  2019         96.0     96.0     96.0     96.0     96.0     96.0
               96.0     96.0     96.0     96.0     96.0     96.0          96.0
 
  2020         96.0     96.0     96.0     96.0     96.0     96.0
               96.0     96.0     96.0     96.0     96.0     96.0          96.0
 
  2021         96.0     96.0     96.0     96.0     96.0     96.0
               96.0     96.0     96.0    100.0    100.0    100.0          97.0
 
  2022        100.0    100.0    100.0    100.0    100.0    100.0
              100.0    100.0    100.0    100.0    100.0    100.0         100.0
 
  2023        100.0    100.0    100.0    100.0    100.0    100.0
              100.0    100.0    100.0    100.0    100.0    100.0         100.0
 
  2024        100.0    100.0    100.0    100.0    100.0    100.0
              100.0    100.0    100.0    100.0    100.0    100.0         100.0
 
  2025        100.0    100.0    100.0    100.0    100.0    100.0
              100.0    100.0    100.0    100.0    100.0    100.0         100.0
 
  2026        100.0    100.0    100.0    100.0    100.0    100.0
              100.0    100.0                                             100.0
 
  AVGE         97.7     97.7     97.7     97.7     97.7     97.7
               97.7     97.7     97.5     97.8     97.8     97.8

  Table Total-     13678.79   Mean-      97.71   Std. Dev.-       3.02
                              Min -      96.03        Max -     100.00

 A 8.A  RegARIMA outlier component
  From  2026.Sep to 2027.Aug
  Observations         12
 -----------------------------------------------------------------------------
               Jan      Feb      Mar      Apr      May      Jun 
               Jul      Aug      Sep      Oct      Nov      Dec         AVGE  
 -----------------------------------------------------------------------------
  2026                                                          
                                100.0    100.0    100.0    100.0         100.0
 
  2027        100.0    100.0    100.0    100.0    100.0    100.0
              100.0    100.0                                             100.0
 
        R35 monthly CPI index            PAGE   5, SERIES series
  
 B 1  Original series (prior adjusted)
      (adjusted for regARIMA factors)
  From  2015.Jan to 2026.Aug
  Observations        140
 -----------------------------------------------------------------------------
               Jan      Feb      Mar      Apr      May      Jun 
               Jul      Aug      Sep      Oct      Nov      Dec        TOTAL  
 -----------------------------------------------------------------------------
  2015         104.     103.     105.     105.     105.     105.
               104.     104.     104.     104.     104.     104.         1250.
 
  2016         105.     104.     104.     105.     105.     105.
               105.     105.     105.     105.     105.     103.         1257.
 
  2017         104.     104.     105.     105.     105.     104.
               104.     104.     106.     105.     105.     104.         1253.
 
  2018         106.     106.     107.     107.     106.     107.
               108.     108.     107.     109.     109.     108.         1287.
 
  2019         107.     109.     109.     111.     110.     111.
               112.     113.     111.     115.     114.     113.         1335.
 
  2020         112.     114.     114.     115.     115.     116.
               116.     116.     117.     118.     116.     115.         1384.
 
  2021         117.     115.     115.     117.     117.     116.
               119.     118.     120.     122.     121.     122.         1419.
 
  2022         123.     126.     127.     129.     130.     132.
               134.     136.     138.     139.     142.     141.         1597.
 
  2023         142.     146.     144.     146.     144.     142.
               146.     145.     146.     149.     149.     149.         1748.
 
  2024         150.     151.     149.     153.     153.     152.
               153.     151.     155.     157.     159.     158.         1841.
 
  2025         160.     161.     159.     164.     162.     165.
               165.     164.     165.     167.     167.     165.         1965.
 
  2026         168.     168.     167.     169.     169.     170.
               171.     172.                                             1355.
 
  AVGE         125.     125.     126.     127.     127.     127.
               128.     128.     125.     126.     126.     126.

  Table Total-     17690.53   Mean-     126.36   Std. Dev.-      22.83
                              Min -     103.30        Max -     172.10

 B 1.A  Forecasts of (prior adjusted) original series
  From  2026.Sep to 2027.Aug
  Observations         12
 -----------------------------------------------------------------------------
               Jan      Feb      Mar      Apr      May      Jun 
               Jul      Aug      Sep      Oct      Nov      Dec        TOTAL  
 -----------------------------------------------------------------------------
  2026                                                          
                                 172.     174.     174.     174.          695.
 
  2027         176.     176.     176.     178.     178.     179.
               180.     181.                                             1424.
 
        R35 monthly CPI index            PAGE   6, SERIES series

 C 17  Final weights for irregular component
  From  2015.Jan to 2026.Aug
  Observations        140
  Lower sigma limit    1.50
  Upper sigma limit    2.50
 -----------------------------------------------------------------------------
               Jan      Feb      Mar      Apr      May      Jun 
               Jul      Aug      Sep      Oct      Nov      Dec         S.D.  
 -----------------------------------------------------------------------------
  2015        100.0    100.0    100.0    100.0    100.0    100.0
              100.0    100.0    100.0    100.0    100.0    100.0           0.3
 
  2016         98.7    100.0    100.0    100.0    100.0    100.0
              100.0    100.0    100.0    100.0    100.0    100.0           0.3
 
  2017        100.0    100.0    100.0    100.0    100.0    100.0
               73.9    100.0      0.0    100.0    100.0     59.3           0.3
 
  2018        100.0    100.0     79.1    100.0    100.0    100.0
              100.0    100.0     66.1    100.0    100.0    100.0           0.3
 
  2019         23.2    100.0    100.0    100.0    100.0    100.0
              100.0    100.0      0.0      0.0    100.0    100.0           0.4
 
  2020          0.0    100.0    100.0    100.0    100.0    100.0
              100.0    100.0    100.0    100.0    100.0    100.0           0.4
 
  2021          0.0     50.5    100.0    100.0    100.0    100.0
              100.0    100.0    100.0    100.0    100.0    100.0           0.4
 
  2022        100.0    100.0     71.0    100.0    100.0    100.0
              100.0     98.7    100.0     51.2    100.0    100.0           0.4
 
  2023        100.0      0.0    100.0    100.0    100.0      0.0
              100.0    100.0    100.0    100.0    100.0    100.0           0.4
 
  2024        100.0    100.0     36.5    100.0    100.0    100.0
              100.0      0.0    100.0    100.0    100.0    100.0           0.3
 
  2025        100.0    100.0    100.0    100.0    100.0    100.0
              100.0    100.0    100.0    100.0    100.0    100.0           0.3
 
  2026        100.0    100.0    100.0    100.0    100.0    100.0
              100.0    100.0                                               0.3
 
        R35 monthly CPI index            PAGE   7, SERIES series

 D 8  Final unmodified SI ratios
  From  2015.Jan to 2026.Aug
  Observations        140
 -----------------------------------------------------------------------------
               Jan      Feb      Mar      Apr      May      Jun 
               Jul      Aug      Sep      Oct      Nov      Dec         AVGE  
 -----------------------------------------------------------------------------
  2015        100.2     99.5    100.4    100.1    100.7    100.0
               99.6    100.1    100.3    100.2     99.5     99.3         100.0
 
  2016        100.5     99.6    100.0    100.2    100.4    100.1
              100.1     99.8    100.2    100.1    100.2     98.9         100.0
 
  2017         99.9     99.6    100.3    100.3    100.5    100.0
               99.5    100.2    101.5    100.4    100.0     98.5         100.1
 
  2018        100.2     99.6    100.7    100.2     99.6    100.0
              100.5    100.2     99.4    101.1    100.2     99.1         100.1
 
  2019         98.8     99.6     99.8    100.8     99.8     99.8
              100.1    100.5     98.8    102.0    100.3     99.0          99.9
 
  2020         98.3     99.6     99.7    100.4     99.4    100.3
              100.4     99.9    100.4    101.6     99.9     99.0          99.9
 
  2021        100.7     99.1     99.4    100.8     99.9     99.2
              100.7     99.8    100.3    101.2    100.1     99.4         100.0
 
  2022         99.2    100.2    100.2    100.3     99.9     99.5
               99.6    100.3     99.9    100.1    100.9     99.6         100.0
 
  2023         99.5    101.8     99.7    100.9     99.5     97.8
              100.3     99.1     99.5    101.1    100.2     99.9          99.9
 
  2024        100.2    100.5     98.5    100.9    100.2     99.6
               99.5     98.2     99.8    100.4    100.7     99.8          99.8
 
  2025        100.2    100.3     98.9    101.1     99.4    100.3
              100.0     99.3     99.9    100.5    100.3     99.2         100.0
 
  2026        100.8    100.0     99.3    100.4     99.8    100.0
               99.9    100.1                                             100.0
 
  AVGE         99.9     99.9     99.7    100.5     99.9     99.7
              100.0     99.8    100.0    100.8    100.2     99.3

  Table Total-     13997.85   Mean-      99.98   Std. Dev.-       0.67
                              Min -      97.83        Max -     102.00
        R35 monthly CPI index            PAGE   8, SERIES series

 D 8.B  Final unmodified SI ratios, with labels for outliers and extreme values
  From  2015.Jan to 2026.Aug
  Observations        140
 ---------------------------------------------------------------------
               Jan       Feb       Mar       Apr       May       Jun  
               Jul       Aug       Sep       Oct       Nov       Dec  
 ---------------------------------------------------------------------
  2015       100.2      99.5     100.4     100.1     100.7     100.0  
              99.6     100.1     100.3     100.2      99.5      99.3  
 
  2016       100.5*     99.6     100.0     100.2     100.4     100.1  
             100.1      99.8     100.2     100.1     100.2      98.9  
 
  2017        99.9      99.6     100.3     100.3     100.5     100.0  
              99.5*    100.2     101.5*    100.4     100.0      98.5* 
 
  2018       100.2      99.6     100.7*    100.2      99.6     100.0  
             100.5     100.2      99.4*    101.1     100.2      99.1  
 
  2019        98.8*     99.6      99.8     100.8      99.8      99.8  
             100.1     100.5      98.8*    102.0*    100.3      99.0  
 
  2020        98.3*     99.6      99.7     100.4      99.4     100.3  
             100.4      99.9     100.4     101.6      99.9      99.0  
 
  2021       100.7*     99.1*     99.4     100.8      99.9      99.2  
             100.7      99.8 -   100.3 -   101.2#    100.1 -    99.4 -
 
  2022        99.2     100.2     100.2*    100.3      99.9      99.5  
              99.6     100.3*     99.9     100.1*    100.9      99.6  
 
  2023        99.5     101.8*     99.7     100.9      99.5      97.8* 
             100.3      99.1      99.5     101.1     100.2      99.9  
 
  2024       100.2     100.5      98.5*    100.9     100.2      99.6  
              99.5      98.2*     99.8     100.4     100.7      99.8  
 
  2025       100.2     100.3      98.9     101.1      99.4     100.3  
             100.0      99.3      99.9     100.5     100.3      99.2  
 
  2026       100.8     100.0      99.3     100.4      99.8     100.0  
              99.9     100.1                                          
 

  Key to symbols:
    *  : extreme value as determined by X-11 extreme value procedure
    #  : regARIMA outlier (either AO, LS, TC, or Ramp)
    -  : values around a level shift most likely to be influenced by it
 
        R35 monthly CPI index            PAGE   9, SERIES series

 D 9  Final replacement values for SI ratios
  From  2015.Jan to 2026.Aug
  Observations        140
 ---------------------------------------------------------------
               Jan      Feb      Mar      Apr      May      Jun 
               Jul      Aug      Sep      Oct      Nov      Dec 
 ---------------------------------------------------------------
  2015     ******** ******** ******** ******** ******** ********
           ******** ******** ******** ******** ******** ********
 
  2016        100.5 ******** ******** ******** ******** ********
           ******** ******** ******** ******** ******** ********
 
  2017     ******** ******** ******** ******** ******** ********
               99.7 ********    100.1 ******** ********     98.7
 
  2018     ******** ********    100.6 ******** ******** ********
           ******** ********     99.6 ******** ******** ********
 
  2019         99.4 ******** ******** ******** ******** ********
           ******** ********    100.0    101.0 ******** ********
 
  2020         99.4 ******** ******** ******** ******** ********
           ******** ******** ******** ******** ******** ********
 
  2021         99.6     99.5 ******** ******** ******** ********
           ******** ******** ******** ******** ******** ********
 
  2022     ******** ********    100.0 ******** ******** ********
           ********    100.3 ********    100.5 ******** ********
 
  2023     ********    100.2 ******** ******** ********     99.6
           ******** ******** ******** ******** ******** ********
 
  2024     ******** ********     99.0 ******** ******** ********
           ********     99.6 ******** ******** ******** ********
 
  2025     ******** ******** ******** ******** ******** ********
           ******** ******** ******** ******** ******** ********
 
  2026     ******** ******** ******** ******** ******** ********
           ******** ********                                    
 

 D 9.A  Moving seasonality ratio
 ---------------------------------------------------------------
               Jan      Feb      Mar      Apr      May      Jun 
 ---------------------------------------------------------------
   I          0.315    0.164    0.376    0.354    0.421    0.322
   S          0.125    0.070    0.119    0.076    0.078    0.069
 RATIO        2.519    2.335    3.165    4.630    5.409    4.680



 ---------------------------------------------------------------
               Jul      Aug      Sep      Oct      Nov      Dec 
 ---------------------------------------------------------------
   I          0.517    0.451    0.323    0.404    0.403    0.260
   S          0.067    0.069    0.059    0.105    0.059    0.074
 RATIO        7.752    6.585    5.464    3.842    6.802    3.497



        R35 monthly CPI index            PAGE  10, SERIES series

 D 10  Final seasonal factors
  From  2015.Jan to 2026.Aug
  Observations        140
  Seasonal filter    3 x 5 moving average
 -----------------------------------------------------------------------------
               Jan      Feb      Mar      Apr      May      Jun 
               Jul      Aug      Sep      Oct      Nov      Dec         AVGE  
 -----------------------------------------------------------------------------
  2015       100.19    99.57   100.29   100.19   100.39   100.02
              99.88   100.07   100.09   100.38    99.96    99.00        100.00
 
  2016       100.14    99.58   100.28   100.24   100.30   100.01
              99.92   100.10   100.06   100.46   100.00    99.02        100.01
 
  2017       100.04    99.58   100.22   100.30   100.13   100.01
             100.02   100.12   100.03   100.64   100.07    99.01        100.01
 
  2018        99.89    99.59   100.11   100.41    99.97    99.96
             100.12   100.13   100.04   100.83   100.11    99.02        100.02
 
  2019        99.74    99.63   100.00   100.47    99.82    99.89
             100.21   100.12   100.04   100.99   100.18    99.08        100.02
 
  2020        99.59    99.71    99.88   100.57    99.76    99.78
             100.24   100.05   100.02   101.06   100.23    99.22        100.01
 
  2021        99.54    99.86    99.74   100.63    99.75    99.71
             100.18    99.92    99.99   101.03   100.30    99.38        100.00
 
  2022        99.59   100.01    99.56   100.72    99.77    99.67
             100.11    99.75    99.94   100.92   100.35    99.50         99.99
 
  2023        99.77   100.14    99.43   100.75    99.79    99.71
              99.99    99.67    99.88   100.75   100.41    99.60         99.99
 
  2024        99.97   100.19    99.34   100.76    99.77    99.80
              99.93    99.62    99.81   100.62   100.41    99.64         99.99
 
  2025       100.18   100.20    99.26   100.70    99.78    99.92
              99.87    99.65    99.80   100.53   100.39    99.65         99.99
 
  2026       100.32   100.15    99.22   100.66    99.77   100.00
              99.88    99.67                                             99.96
 
  AVGE        99.91    99.85    99.78   100.53    99.92    99.87
             100.03    99.91    99.97   100.75   100.22    99.28

  Table Total-     14000.09   Mean-     100.00   Std. Dev.-       0.41
                              Min -      99.00        Max -     101.06

 D 10.A  Final seasonal component forecasts
  From  2026.Sep to 2027.Aug
  Observations         12
 -----------------------------------------------------------------------------
               Jan      Feb      Mar      Apr      May      Jun 
               Jul      Aug      Sep      Oct      Nov      Dec         AVGE  
 -----------------------------------------------------------------------------
  2026                                                          
                                99.81   100.49   100.36    99.64        100.07
 
  2027       100.39   100.12    99.20   100.62    99.77   100.05
              99.88    99.72                                             99.97
 
        R35 monthly CPI index            PAGE  11, SERIES series

 D 11  Final seasonally adjusted data
  From  2015.Jan to 2026.Aug
  Observations        140
 -----------------------------------------------------------------------------
               Jan      Feb      Mar      Apr      May      Jun 
               Jul      Aug      Sep      Oct      Nov      Dec        TOTAL  
 -----------------------------------------------------------------------------
  2015          99.     100.     100.     100.     101.     100.
               100.     100.     100.     100.     100.     101.         1200.
 
  2016         101.     100.     100.     100.     101.     101.
               101.     101.     101.     100.     101.     100.         1207.
 
  2017         100.     100.     100.     100.     100.     100.
                99.     100.     102.     100.     101.     101.         1203.
 
  2018         102.     102.     103.     102.     102.     103.
               103.     103.     103.     104.     104.     104.         1236.
 
  2019         103.     105.     105.     106.     106.     107.
               107.     108.     107.     110.     109.     109.         1282.
 
  2020         108.     110.     110.     110.     110.     112.
               112.     111.     112.     112.     111.     111.         1329.
 
  2021         112.     110.     111.     112.     112.     112.
               114.     114.     115.     120.     121.     122.         1377.
 
  2022         124.     126.     128.     128.     131.     132.
               133.     137.     138.     138.     141.     142.         1597.
 
  2023         142.     146.     144.     145.     145.     143.
               146.     145.     146.     148.     148.     150.         1749.
 
  2024         150.     151.     150.     152.     153.     152.
               153.     152.     155.     156.     158.     159.         1841.
 
  2025         160.     161.     161.     163.     163.     165.
               165.     165.     166.     166.     166.     166.         1965.
 
  2026         168.     167.     168.     168.     169.     170.
               171.     173.                                             1355.
 
  AVGE         122.     123.     123.     124.     124.     125.
               125.     126.     122.     123.     124.     124.

  Table Total-     17340.88   Mean-     123.86   Std. Dev.-      24.74
                              Min -      99.31        Max -     172.66
        R35 monthly CPI index            PAGE  12, SERIES series

 D 12  Final trend cycle
  From  2015.Jan to 2026.Aug
  Observations        140
  Trend filter     9-term Henderson moving average
  I/C ratio        0.92
 -----------------------------------------------------------------------------
               Jan      Feb      Mar      Apr      May      Jun 
               Jul      Aug      Sep      Oct      Nov      Dec        TOTAL  
 -----------------------------------------------------------------------------
  2015          99.     100.     100.     100.     101.     100.
               100.     100.     100.     100.     100.     100.         1200.
 
  2016         100.     100.     100.     100.     101.     101.
               101.     101.     101.     101.     100.     100.         1207.
 
  2017         100.     100.     100.     100.     100.     100.
               100.     100.     100.     100.     101.     101.         1203.
 
  2018         102.     102.     102.     102.     103.     103.
               103.     103.     103.     104.     104.     104.         1235.
 
  2019         104.     105.     105.     106.     106.     107.
               107.     108.     108.     108.     109.     109.         1283.
 
  2020         109.     110.     110.     110.     111.     111.
               112.     112.     112.     112.     111.     111.         1331.
 
  2021         111.     111.     111.     112.     112.     113.
               113.     114.     115.     120.     121.     122.         1376.
 
  2022         124.     126.     127.     129.     130.     132.
               134.     136.     138.     139.     141.     142.         1597.
 
  2023         143.     144.     144.     145.     145.     145.
               146.     146.     147.     147.     149.     150.         1749.
 
  2024         150.     151.     151.     152.     152.     153.
               153.     154.     155.     156.     158.     159.         1844.
 
  2025         160.     160.     161.     162.     164.     164.
               165.     165.     166.     166.     166.     167.         1966.
 
  2026         167.     168.     168.     169.     169.     170.
               171.     172.                                             1355.
 
  AVGE         122.     123.     123.     124.     124.     125.
               125.     126.     122.     123.     124.     124.

  Table Total-     17344.58   Mean-     123.89   Std. Dev.-      24.76
                              Min -      99.37        Max -     172.15
        R35 monthly CPI index            PAGE  13, SERIES series

 D 13  Final irregular component
  From  2015.Jan to 2026.Aug
  Observations        140
 -----------------------------------------------------------------------------
               Jan      Feb      Mar      Apr      May      Jun 
               Jul      Aug      Sep      Oct      Nov      Dec         S.D.  
 -----------------------------------------------------------------------------
  2015         99.9     99.9    100.0     99.9    100.4    100.0
               99.7    100.1    100.2     99.9     99.6    100.3           0.2
 
  2016        100.3    100.0     99.7     99.9    100.1    100.1
              100.1     99.7    100.2     99.8    100.3     99.9           0.2
 
  2017         99.9    100.0    100.1     99.9    100.3    100.0
               99.5    100.1    101.5     99.9    100.0     99.5           0.5
 
  2018        100.2     99.9    100.6     99.8     99.6    100.1
              100.4    100.0     99.3    100.3    100.1    100.1           0.3
 
  2019         99.1    100.0     99.8    100.4     99.9     99.9
               99.8    100.3     98.7    100.9    100.2    100.0           0.6
 
  2020         98.8    100.0    100.0    100.0     99.7    100.5
              100.0     99.6    100.2    100.4     99.6     99.9           0.4
 
  2021        101.3     99.4     99.8    100.2    100.2     99.5
              100.4     99.8    100.2    100.1     99.9    100.0           0.5
 
  2022         99.7    100.2    100.6     99.6    100.2     99.9
               99.6    100.6    100.0     99.1    100.5    100.1           0.4
 
  2023         99.7    101.5    100.2    100.1     99.7     98.2
              100.5     99.6     99.7    100.4     99.7    100.2           0.7
 
  2024        100.0    100.2     99.1    100.1    100.4     99.9
               99.7     98.7    100.1     99.8    100.2    100.1           0.5
 
  2025        100.0    100.1     99.6    100.4     99.6    100.4
              100.1     99.7    100.2    100.1     99.9     99.6           0.3
 
  2026        100.5     99.9    100.1     99.8    100.0     99.9
               99.9    100.3                                               0.2
 
  S.D.          0.6      0.5      0.4      0.2      0.3      0.6
                0.3      0.5      0.7      0.4      0.3      0.2

  Table Total-     13997.49   Mean-      99.98   Std. Dev.-       0.44
                              Min -      98.22        Max -     101.52
        R35 monthly CPI index            PAGE  14, SERIES series

 D 16  Combined adjustment factors
  From  2015.Jan to 2026.Aug
  Observations        140
 -----------------------------------------------------------------------------
               Jan      Feb      Mar      Apr      May      Jun 
               Jul      Aug      Sep      Oct      Nov      Dec         AVGE  
 -----------------------------------------------------------------------------
  2015       100.19    99.57   100.29   100.19   100.39   100.02
              99.88   100.07   100.09   100.38    99.96    99.00        100.00
 
  2016       100.14    99.58   100.28   100.24   100.30   100.01
              99.92   100.10   100.06   100.46   100.00    99.02        100.01
 
  2017       100.04    99.58   100.22   100.30   100.13   100.01
             100.02   100.12   100.03   100.64   100.07    99.01        100.01
 
  2018        99.89    99.59   100.11   100.41    99.97    99.96
             100.12   100.13   100.04   100.83   100.11    99.02        100.02
 
  2019        99.74    99.63   100.00   100.47    99.82    99.89
             100.21   100.12   100.04   100.99   100.18    99.08        100.02
 
  2020        99.59    99.71    99.88   100.57    99.76    99.78
             100.24   100.05   100.02   101.06   100.23    99.22        100.01
 
  2021        99.54    99.86    99.74   100.63    99.75    99.71
             100.18    99.92    99.99   101.03   100.30    99.38        100.00
 
  2022        99.59   100.01    99.56   100.72    99.77    99.67
             100.11    99.75    99.94   100.92   100.35    99.50         99.99
 
  2023        99.77   100.14    99.43   100.75    99.79    99.71
              99.99    99.67    99.88   100.75   100.41    99.60         99.99
 
  2024        99.97   100.19    99.34   100.76    99.77    99.80
              99.93    99.62    99.81   100.62   100.41    99.64         99.99
 
  2025       100.18   100.20    99.26   100.70    99.78    99.92
              99.87    99.65    99.80   100.53   100.39    99.65         99.99
 
  2026       100.32   100.15    99.22   100.66    99.77   100.00
              99.88    99.67                                             99.96
 
  AVGE        99.91    99.85    99.78   100.53    99.92    99.87
             100.03    99.91    99.97   100.75   100.22    99.28

  Table Total-     14000.09   Mean-     100.00   Std. Dev.-       0.41
                              Min -      99.00        Max -     101.06

 D 16.A  Combined adjustment component forecasts
  From  2026.Sep to 2027.Aug
  Observations         12
 -----------------------------------------------------------------------------
               Jan      Feb      Mar      Apr      May      Jun 
               Jul      Aug      Sep      Oct      Nov      Dec         AVGE  
 -----------------------------------------------------------------------------
  2026                                                          
                                99.81   100.49   100.36    99.64        100.07
 
  2027       100.39   100.12    99.20   100.62    99.77   100.05
              99.88    99.72                                             99.97
 
        R35 monthly CPI index            PAGE  15, SERIES series

 E 4  Ratios of annual totals
  From          2015 to 2025
  Observations         11
 -----------------------------------
  Year       Unmodified     Modified
                  (D11)         (E2)
 -----------------------------------
  2015           100.00       100.00
 
  2016           100.01       100.01
 
  2017           100.01       100.01
 
  2018           100.02       100.02
 
  2019           100.02       100.02
 
  2020           100.01       100.01
 
  2021           100.01       100.01
 
  2022           100.00       100.00
 
  2023            99.99        99.99
 
  2024            99.99        99.99
 
  2025           100.00       100.00
 
        R35 monthly CPI index            PAGE  16, SERIES series

 E 5  Month-to-month percent change in the original series
  From  2015.Feb to 2026.Aug
  Observations        139
 -----------------------------------------------------------------------------
               Jan      Feb      Mar      Apr      May      Jun 
               Jul      Aug      Sep      Oct      Nov      Dec         AVGE  
 -----------------------------------------------------------------------------
  2015                  -0.2      1.2      0.1      0.7     -0.9
               -0.7      0.3      0.0      0.0     -0.5      0.0           0.0
 
  2016          1.3     -0.9      0.4      0.2      0.4     -0.1
                0.1     -0.2      0.4     -0.2     -0.1     -1.6          -0.0
 
  2017          0.8     -0.4      0.8      0.0      0.2     -0.6
               -0.5      0.7      1.4     -0.8     -0.1     -1.1           0.0
 
  2018          2.2     -0.2      1.4     -0.4     -0.5      0.7
                0.7     -0.1     -0.6      2.0     -0.7     -0.9           0.3
 
  2019         -0.1      1.2      0.7      1.5     -0.7      0.5
                0.7      0.8     -1.3      3.7     -1.3     -1.0           0.4
 
  2020         -0.5      1.6      0.4      1.1     -0.6      1.2
                0.3     -0.4      0.5      1.2     -1.8     -1.0           0.2
 
  2021          1.5     -1.4      0.5      1.6     -0.5     -0.3
                2.1     -0.3      1.1      5.8     -0.2      0.2           0.8
 
  2022          1.1      2.3      1.3      1.3      0.9      1.0
                1.5      2.1      0.9      1.3      1.7     -0.5           1.2
 
  2023          0.6      2.8     -1.6      1.6     -1.1     -1.4
                2.8     -0.9      0.8      2.1     -0.3      0.3           0.5
 
  2024          0.7      0.7     -1.6      2.8     -0.4     -0.3
                0.3     -0.8      2.4      1.4      1.0     -0.3           0.5
 
  2025          1.0      0.6     -0.9      3.0     -1.1      1.5
                0.0     -0.4      0.7      0.7     -0.1     -0.8           0.4
 
  2026          1.9     -0.5     -0.4      1.4     -0.3      0.8
                0.5      0.6                                               0.5
 
  AVGE          1.0      0.5      0.2      1.2     -0.2      0.2
                0.6      0.1      0.6      1.6     -0.2     -0.6

  Table Total-        55.84   Mean-       0.40   Std. Dev.-       1.23
                              Min -      -1.77        Max -       5.83
        R35 monthly CPI index            PAGE  17, SERIES series

 E 6  Month-to-month percent change in seasonally adjusted series (D11)
  From  2015.Feb to 2026.Aug
  Observations        139
 -----------------------------------------------------------------------------
               Jan      Feb      Mar      Apr      May      Jun 
               Jul      Aug      Sep      Oct      Nov      Dec         AVGE  
 -----------------------------------------------------------------------------
  2015                   0.4      0.5      0.2      0.5     -0.5
               -0.6      0.1     -0.0     -0.3     -0.1      1.0           0.1
 
  2016          0.2     -0.3     -0.3      0.2      0.3      0.2
                0.2     -0.4      0.4     -0.6      0.4     -0.6          -0.0
 
  2017         -0.2      0.1      0.2     -0.1      0.4     -0.5
               -0.5      0.6      1.5     -1.4      0.5     -0.0           0.0
 
  2018          1.3      0.1      0.9     -0.7     -0.1      0.7
                0.5     -0.1     -0.5      1.2      0.0      0.2           0.3
 
  2019         -0.8      1.3      0.3      1.0     -0.0      0.4
                0.3      0.9     -1.2      2.7     -0.5      0.1           0.4
 
  2020         -1.0      1.5      0.2      0.4      0.2      1.2
               -0.2     -0.2      0.6      0.1     -0.9      0.0           0.2
 
  2021          1.2     -1.7      0.6      0.7      0.3     -0.2
                1.6      0.0      1.1      4.7      0.5      1.2           0.8
 
  2022          0.9      1.9      1.7      0.2      1.9      1.1
                1.1      2.5      0.7      0.3      2.3      0.4           1.2
 
  2023          0.3      2.4     -0.9      0.3     -0.1     -1.3
                2.5     -0.6      0.5      1.2     -0.0      1.2           0.5
 
  2024          0.3      0.5     -0.7      1.4      0.6     -0.3
                0.1     -0.5      2.2      0.6      1.2      0.5           0.5
 
  2025          0.5      0.6      0.1      1.5     -0.2      1.3
                0.0     -0.1      0.6     -0.0      0.1     -0.0           0.4
 
  2026          1.3     -0.3      0.5     -0.0      0.6      0.5
                0.6      0.9                                               0.5
 
  AVGE          0.3      0.5      0.2      0.4      0.4      0.2
                0.5      0.3      0.5      0.8      0.3      0.3

  Table Total-        55.95   Mean-       0.40   Std. Dev.-       0.97
                              Min -      -1.74        Max -       4.74
        R35 monthly CPI index            PAGE  18, SERIES series

 E 7  Month-to-month percent change in final trend cycle (D12)
  From  2015.Feb to 2026.Aug
  Observations        139
 -----------------------------------------------------------------------------
               Jan      Feb      Mar      Apr      May      Jun 
               Jul      Aug      Sep      Oct      Nov      Dec         AVGE  
 -----------------------------------------------------------------------------
  2015                   0.4      0.4      0.3      0.1     -0.2
               -0.3     -0.3     -0.2      0.0      0.2      0.3           0.1
 
  2016          0.2     -0.0     -0.1      0.0      0.2      0.2
                0.1      0.0     -0.1     -0.1     -0.2     -0.2           0.0
 
  2017         -0.2     -0.0      0.1      0.1     -0.0     -0.1
               -0.1      0.0      0.1      0.2      0.3      0.5           0.1
 
  2018          0.6      0.4      0.2      0.1      0.1      0.2
                0.3      0.2      0.2      0.2      0.3      0.2           0.3
 
  2019          0.2      0.3      0.5      0.5      0.5      0.4
                0.4      0.4      0.4      0.4      0.3      0.3           0.4
 
  2020          0.2      0.2      0.3      0.4      0.4      0.4
                0.3      0.2      0.0     -0.1     -0.2     -0.3           0.2
 
  2021         -0.2      0.1      0.2      0.3      0.4      0.5
                0.6      0.7      0.7      4.8      0.7      1.0           0.8
 
  2022          1.2      1.3      1.3      1.2      1.2      1.4
                1.5      1.4      1.3      1.2      0.9      0.8           1.2
 
  2023          0.7      0.6      0.4      0.4      0.3      0.2
                0.2      0.3      0.4      0.6      0.7      0.6           0.4
 
  2024          0.4      0.4      0.4      0.3      0.3      0.3
                0.3      0.5      0.8      0.9      0.8      0.7           0.5
 
  2025          0.6      0.5      0.6      0.7      0.7      0.5
                0.4      0.2      0.1      0.1      0.2      0.3           0.4
 
  2026          0.3      0.3      0.3      0.3      0.4      0.6
                0.6      0.5                                               0.4
 
  AVGE          0.4      0.4      0.4      0.4      0.4      0.4
                0.4      0.3      0.4      0.7      0.4      0.4

  Table Total-        55.25   Mean-       0.40   Std. Dev.-       0.66
                              Min -      -0.27        Max -       4.81
        R35 monthly CPI index            PAGE  19, SERIES series

 E 8  Month-to-month percent change in original series adjusted for calendar factors (A18)
  From  2015.Feb to 2026.Aug
  Observations        139
 -----------------------------------------------------------------------------
               Jan      Feb      Mar      Apr      May      Jun 
               Jul      Aug      Sep      Oct      Nov      Dec         AVGE  
 -----------------------------------------------------------------------------
  2015                  -0.2      1.2      0.1      0.7     -0.9
               -0.7      0.3      0.0      0.0     -0.5      0.0           0.0
 
  2016          1.3     -0.9      0.4      0.2      0.4     -0.1
                0.1     -0.2      0.4     -0.2     -0.1     -1.6          -0.0
 
  2017          0.8     -0.4      0.8      0.0      0.2     -0.6
               -0.5      0.7      1.4     -0.8     -0.1     -1.1           0.0
 
  2018          2.2     -0.2      1.4     -0.4     -0.5      0.7
                0.7     -0.1     -0.6      2.0     -0.7     -0.9           0.3
 
  2019         -0.1      1.2      0.7      1.5     -0.7      0.5
                0.7      0.8     -1.3      3.7     -1.3     -1.0           0.4
 
  2020         -0.5      1.6      0.4      1.1     -0.6      1.2
                0.3     -0.4      0.5      1.2     -1.8     -1.0           0.2
 
  2021          1.5     -1.4      0.5      1.6     -0.5     -0.3
                2.1     -0.3      1.1      5.8     -0.2      0.2           0.8
 
  2022          1.1      2.3      1.3      1.3      0.9      1.0
                1.5      2.1      0.9      1.3      1.7     -0.5           1.2
 
  2023          0.6      2.8     -1.6      1.6     -1.1     -1.4
                2.8     -0.9      0.8      2.1     -0.3      0.3           0.5
 
  2024          0.7      0.7     -1.6      2.8     -0.4     -0.3
                0.3     -0.8      2.4      1.4      1.0     -0.3           0.5
 
  2025          1.0      0.6     -0.9      3.0     -1.1      1.5
                0.0     -0.4      0.7      0.7     -0.1     -0.8           0.4
 
  2026          1.9     -0.5     -0.4      1.4     -0.3      0.8
                0.5      0.6                                               0.5
 
  AVGE          1.0      0.5      0.2      1.2     -0.2      0.2
                0.6      0.1      0.6      1.6     -0.2     -0.6

  Table Total-        55.84   Mean-       0.40   Std. Dev.-       1.23
                              Min -      -1.77        Max -       5.83
        R35 monthly CPI index            PAGE  20, SERIES series

 E 18  Final adjustment ratios
  From  2015.Jan to 2026.Aug
  Observations        140
 -----------------------------------------------------------------------------
               Jan      Feb      Mar      Apr      May      Jun 
               Jul      Aug      Sep      Oct      Nov      Dec         AVGE  
 -----------------------------------------------------------------------------
  2015        100.2     99.6    100.3    100.2    100.4    100.0
               99.9    100.1    100.1    100.4    100.0     99.0         100.0
 
  2016        100.1     99.6    100.3    100.2    100.3    100.0
               99.9    100.1    100.1    100.5    100.0     99.0         100.0
 
  2017        100.0     99.6    100.2    100.3    100.1    100.0
              100.0    100.1    100.0    100.6    100.1     99.0         100.0
 
  2018         99.9     99.6    100.1    100.4    100.0    100.0
              100.1    100.1    100.0    100.8    100.1     99.0         100.0
 
  2019         99.7     99.6    100.0    100.5     99.8     99.9
              100.2    100.1    100.0    101.0    100.2     99.1         100.0
 
  2020         99.6     99.7     99.9    100.6     99.8     99.8
              100.2    100.0    100.0    101.1    100.2     99.2         100.0
 
  2021         99.5     99.9     99.7    100.6     99.8     99.7
              100.2     99.9    100.0    101.0    100.3     99.4         100.0
 
  2022         99.6    100.0     99.6    100.7     99.8     99.7
              100.1     99.7     99.9    100.9    100.4     99.5         100.0
 
  2023         99.8    100.1     99.4    100.7     99.8     99.7
              100.0     99.7     99.9    100.7    100.4     99.6         100.0
 
  2024        100.0    100.2     99.3    100.8     99.8     99.8
               99.9     99.6     99.8    100.6    100.4     99.6         100.0
 
  2025        100.2    100.2     99.3    100.7     99.8     99.9
               99.9     99.7     99.8    100.5    100.4     99.7         100.0
 
  2026        100.3    100.1     99.2    100.7     99.8    100.0
               99.9     99.7                                             100.0
 
  AVGE         99.9     99.9     99.8    100.5     99.9     99.9
              100.0     99.9    100.0    100.7    100.2     99.3

  Table Total-     14000.09   Mean-     100.00   Std. Dev.-       0.41
                              Min -      99.00        Max -     101.06

 E 18.A  Final adjustment ratio forecasts
  From  2026.Sep to 2027.Aug
  Observations         12
 -----------------------------------------------------------------------------
               Jan      Feb      Mar      Apr      May      Jun 
               Jul      Aug      Sep      Oct      Nov      Dec         AVGE  
 -----------------------------------------------------------------------------
  2026                                                          
                                 99.8    100.5    100.4     99.6         100.1
 
  2027        100.4    100.1     99.2    100.6     99.8    100.1
               99.9     99.7                                             100.0
 

  QS statistic for seasonality:
  log(Original Series)                               37.00  (P-Value =     0.0000)
  log(Original Series (EV adj))                      32.98  (P-Value =     0.0000)
  Residuals                                           0.00  (P-Value =     1.0000)
  log(Seasonally Adjusted Series)                     0.00  (P-Value =     1.0000)
  log(SA Series (EV adj))                             0.00  (P-Value =     1.0000)
  Irregular Series                                    0.00  (P-Value =     1.0000)
  Irregular Series (EV adj)                           0.00  (P-Value =     1.0000)

  QS statistic for seasonality (starting 2018.Sep):
  log(Original Series)                               27.78  (P-Value =     0.0000)
  log(Original Series (EV adj))                      24.55  (P-Value =     0.0000)
  Residuals                                           0.15  (P-Value =     0.9288)
  log(Seasonally Adjusted Series)                     0.00  (P-Value =     1.0000)
  log(SA Series (EV adj))                             0.00  (P-Value =     1.0000)
  Irregular Series                                    0.00  (P-Value =     1.0000)
  Irregular Series (EV adj)                           0.00  (P-Value =     1.0000)
        R35 monthly CPI index            PAGE  21, SERIES series
 G 0  10*LOG(SPECTRUM) of the differenced, transformed Prior Adjusted Series
      (Table B1).  Spectrum estimated from 2018.Sep to 2026.Aug.
 ++++++++++I+++++++++++++++++++++++++++++++++++++++++++++++++++++++++++++I
     -27.19I                                        S                    I    -27.19
           I                                        S                    I
           I                                        S                    I
           I                                        S                    I
     -29.07I                                        S                    I    -29.07
           I                                        S                    I
           I                                        S                    I
           I                                        S                    I
     -30.95I                                        S                    I    -30.95
           I                                        S          *         I
           I                                        S          *         I
           I                                        S          *         I
     -32.83I                                        S          *         I    -32.83
           I                                        S*         *         I
           I                                        S*         *         I
           I                                        S*         *         I
     -34.70I                                        S*         *         I    -34.70
           I                                        S*         *         I
           I                                        S*         *T       SI
           I   *                                    S*  *     S*T       SI
     -36.58I   *                S                   S* **     S*T      *SI    -36.58
           I   *                S                   S* **     S*T      *SI
           I   *                S                  *S*T**     S*T     **SI
           I   *               *S*                 *S*T**     S*T     **SI
     -38.46I   *               *S*         *       *S*T**     S*T     **SI    -38.46
           I   *               *S*        S*       *S*T**     S*T    ***SI
           I   **              *S*        S*   **  *S*T**    *S*T    ***SI
           I   **              *S*        S*   **  *S*T**    *S*T    ***SI
     -40.33I  ***              *S*        S*   **  *S*T**    *S*T    ***SI    -40.33
           I  ***             **S*        S*   **  *S*T***   *S*T    ***SI
           I  ***             **S*       *S** ******S*T***   *S*T*  ****SI
           I  ***             **S*       *S** ******S*T***  **S*T*  ****SI
     -42.21I*****     S       **S*       *S*********S*T***  **S*T*  ****SI    -42.21
           I*****    *S       **S**      *S*********S*T***  **S*T*  ****SI
           I*****    *S       **S**     **S*********S*T*******S*T*  ****SI
           I*****    *S*      **S**     **S*********S*T*******S*T* *****SI
     -44.09I*****    *S*      **S**    ***S*********S*T*******S*T*******SI    -44.09
           I******   *S*      **S**    ***S*********S*T*******S*T*******SI
           I******  **S*      **S**   ****S*********S*T*******S*T*******SI
           I******  **S*      **S***  ****S*********S*T*******S*T*******SI
     -45.96I******  **S*     ***S*** *****S*********S*T*******S*T*******SI    -45.96
           I******  **S*     ***S*********S*********S*T*******S*T*******SI
           I**********S*     ***S*********S*********S*T*******S*T*******SI
           I**********S**    ***S*********S*********S*T*******S*T*******SI
     -47.84I**********S**    ***S*********S*********S*T*******S*T*******SI    -47.84
           I**********S**    ***S*********S*********S*T*******S*T*******SI
           I**********S**    ***S*********S*********S*T*******S*T*******SI
           I**********S**    ***S*********S*********S*T*******S*T*******SI
     -49.72I**********S**   ****S*********S*********S*T*******S*T*******SI    -49.72
           I**********S***  ****S*********S*********S*T*******S*T*******SI
           I**********S***  ****S*********S*********S*T*******S*T*******SI
           I**********S***  ****S*********S*********S*T*******S*T*******SI
     -51.60I**********S*********S*********S*********S*T*******S*T*******SI    -51.60
 ++++++++++I+++++++++++++++++++++++++++++++++++++++++++++++++++++++++++++I
            S=SEASONAL FREQUENCIES, T=TRADING DAY FREQUENCIES
        R35 monthly CPI index            PAGE  22, SERIES series
 G 1  10*LOG(SPECTRUM) of the differenced, transformed seasonally adjusted 
      data (Table D11).  Spectrum estimated from 2018.Sep to 2026.Aug.
 ++++++++++I+++++++++++++++++++++++++++++++++++++++++++++++++++++++++++++I
     -35.25I                                                    T        I    -35.25
           I   *                                               *T        I
           I   *                                *              *T        I
           I   *                                *        *     *T        I
     -36.48I   *                                *        *     *T        I    -36.48
           I  **                                *        *     *T        I
           I  **                                *       **     *T        I
           I  **                                *       **     *T        I
     -37.71I  **                                *       **     *T        I    -37.71
           I  ***                               *      ***     *T        I
           I  ***                               *      ***     *T       SI
           I  ***                               *      ****    *T       SI
     -38.95I  ***                              **      ****    *T      *SI    -38.95
           I  ***                              ***    T****    *T      *SI
           I  ***                              ***    T****    *T   ****SI
           I  ***                              ***    T****    *T   ****SI
     -40.18I  ***                              ***    T****    *T   ****SI    -40.18
           I  ***                  *           ***   *T****    *T*  ****SI
           I ****    *             *           ***   *T****    *T* *****SI
           I ****    *             *           **** S*T****    *T* *****SI
     -41.41I *****   *             *           *****S*T****   S*T* *****SI    -41.41
           I *****   *             *           *****S*T****   S*T* *****SI
           I *****   *             *   *       *****S*T****   S*T*******SI
           I******   *             *   *       *****S*T****   S*T*******SI
     -42.64I******   *             *   *       *****S*T*****  S*T*******SI    -42.64
           I******   *S            **  ** S    *****S*T*****  S*T*******SI
           I******   *S            **  ** S*   *****S*T*****  S*T*******SI
           I******   *S      **   *** ****S*  ******S*T*****  S*T*******SI
     -43.87I******   *S     ***   *** ****S*  ******S*T*****  S*T*******SI    -43.87
           I******   *S     ***   ********S*  ******S*T*****  S*T*******SI
           I******   *S     ***   ********S*  ******S*T*******S*T*******SI
           I*******  *S     ***   ********S** ******S*T*******S*T*******SI
     -45.10I*******  *S     ****  ********S*********S*T*******S*T*******SI    -45.10
           I*******  *S     ****  ********S*********S*T*******S*T*******SI
           I******* **S    *****  ********S*********S*T*******S*T*******SI
           I******* **S    *****  ********S*********S*T*******S*T*******SI
     -46.33I******* **S    ***** *********S*********S*T*******S*T*******SI    -46.33
           I**********S    *****S*********S*********S*T*******S*T*******SI
           I**********S    *****S*********S*********S*T*******S*T*******SI
           I**********S    *****S*********S*********S*T*******S*T*******SI
     -47.57I**********S    *****S*********S*********S*T*******S*T*******SI    -47.57
           I**********S    *****S*********S*********S*T*******S*T*******SI
           I**********S    *****S*********S*********S*T*******S*T*******SI
           I**********S    *****S*********S*********S*T*******S*T*******SI
     -48.80I**********S    *****S*********S*********S*T*******S*T*******SI    -48.80
           I**********S*  ******S*********S*********S*T*******S*T*******SI
           I**********S*  ******S*********S*********S*T*******S*T*******SI
           I**********S*  ******S*********S*********S*T*******S*T*******SI
     -50.03I**********S*  ******S*********S*********S*T*******S*T*******SI    -50.03
           I**********S*  ******S*********S*********S*T*******S*T*******SI
           I**********S*  ******S*********S*********S*T*******S*T*******SI
           I**********S*  ******S*********S*********S*T*******S*T*******SI
     -51.26I**********S*********S*********S*********S*T*******S*T*******SI    -51.26
 ++++++++++I+++++++++++++++++++++++++++++++++++++++++++++++++++++++++++++I
            S=SEASONAL FREQUENCIES, T=TRADING DAY FREQUENCIES
        R35 monthly CPI index            PAGE  23, SERIES series
 G 2  10*LOG(SPECTRUM) of the Irregular (Table D13).  
      Spectrum estimated from 2018.Sep to 2026.Aug.
 ++++++++++I+++++++++++++++++++++++++++++++++++++++++++++++++++++++++++++I
     -40.19I                                           *                 I    -40.19
           I                                           *                 I
           I                                           *                 I
           I                                           *                 I
     -41.45I                                           *                 I    -41.45
           I                                    *      *              *  I
           I                                    *      *       *      *  I
           I                                    *     T*       *T     *  I
     -42.72I                                    *     T**      *T     *  I    -42.72
           I                                    *     T**      *T     *  I
           I                                    *     T**      *T     *  I
           I                                *   *     T**      *T     *  I
     -43.98I                                *   *     T***     *T     *  I    -43.98
           I                  *             **  *     T***     *T     *  I
           I                  *             ** **     T***     *T    **  I
           I                  *    *        ** **     T***     *T    **  I
     -45.24I                 **    *        ** **     T***     *T    *** I    -45.24
           I                 **    *        ** **     T***     *T    *** I
           I                 **    *   *    ** **     T***     *T    *** I
           I                 **    *   *    ******    T***    S*T    *** I
     -46.51I                 **   **   *    ******    T***    S*T*   *** I    -46.51
           I                 **   **   *    ******    T***    S*T*   ***SI
           I          S     ***   **   *    ******    T****   S*T*   ***SI
           I          S     ***   **   *    ******    T****   S*T*   ***SI
     -47.77I          S     ****  **   **   ******   *T****   S*T*   ***SI    -47.77
           I          S     ****  **   **  *******   *T****   S*T*   ***SI
           I         *S*   *****  **   **  *******   *T****   S*T*  ****SI
           I         *S*   *****  ***  **  *******   *T****   S*T*  ****SI
     -49.04I         *S*   *****  *** ***  *******   *T****   S*T** ****SI    -49.04
           I  *      *S*   *****  *** ***  *******   *T****   S*T** ****SI
           I  *      *S*   *****  *** ***  *******   *T***** *S*T*******SI
           I  *      *S*  ****** **** ***  ******** S*T***** *S*T*******SI
     -50.30I  *      *S** ******S********* ******** S*T***** *S*T*******SI    -50.30
           I  *     **S** ******S*********S******** S*T*******S*T*******SI
           I  **    **S*********S*********S******** S*T*******S*T*******SI
           I  **    **S*********S*********S*********S*T*******S*T*******SI
     -51.56I  **    **S*********S*********S*********S*T*******S*T*******SI    -51.56
           I  **    **S*********S*********S*********S*T*******S*T*******SI
           I  **    **S*********S*********S*********S*T*******S*T*******SI
           I  **    **S*********S*********S*********S*T*******S*T*******SI
     -52.83I  **    **S*********S*********S*********S*T*******S*T*******SI    -52.83
           I  **    **S*********S*********S*********S*T*******S*T*******SI
           I  **   ***S*********S*********S*********S*T*******S*T*******SI
           I  **   ***S*********S*********S*********S*T*******S*T*******SI
     -54.09I  **   ***S*********S*********S*********S*T*******S*T*******SI    -54.09
           I ***   ***S*********S*********S*********S*T*******S*T*******SI
           I ***   ***S*********S*********S*********S*T*******S*T*******SI
           I ***   ***S*********S*********S*********S*T*******S*T*******SI
     -55.36I ****  ***S*********S*********S*********S*T*******S*T*******SI    -55.36
           I ****  ***S*********S*********S*********S*T*******S*T*******SI
           I***** ****S*********S*********S*********S*T*******S*T*******SI
           I***** ****S*********S*********S*********S*T*******S*T*******SI
     -56.62I**********S*********S*********S*********S*T*******S*T*******SI    -56.62
 ++++++++++I+++++++++++++++++++++++++++++++++++++++++++++++++++++++++++++I
            S=SEASONAL FREQUENCIES, T=TRADING DAY FREQUENCIES
        R35 monthly CPI index            PAGE  24, SERIES series

  Peak probabilities for Tukey spectrum estimator
  Spectrum estimated from 2018.Sep to 2026.Aug.

                                          S1       S2       S3       S4       S5       S6       TD
                                        ------   ------   ------   ------   ------   ------   ------
  Model Residuals                        0.367    0.982*   0.674    0.841    0.783    0.315    0.665  
  Prior Adjusted Series (Table B1)       0.264    0.932*   0.911*   0.973*   0.751    0.666    0.474  
  Seasonally adjusted series (D11)       0.375    0.747    0.924*   0.613    0.453    0.639    0.824  
  Irregular (D13)                        0.710    0.021    0.225    0.278    0.526    0.425    0.946* 
  ----------
     ** - Peak Probability > 0.99,
      * - 0.90 < Peak Probability < 0.99



  NP statistic for residual seasonality:

  NP statistic for residual seasonality (Full series)
                                                  Residual Seasonality?
  log(Seasonally Adjusted Series)                          no
  log(Seasonally Adjusted Series (EV adj))                 no

  NP statistic for residual seasonality (Series start in 2018.Sep)
                                                  Residual Seasonality?
  log(Seasonally Adjusted Series)                          no
  log(Seasonally Adjusted Series (EV adj))                 no
