  Reading input spec file from series.spc

1

               U. S. Department of Commerce, U. S. Census Bureau

              X-13ARIMA-SEATS monthly seasonal adjustment Method,
                          Release Version 1.1 Build 62


           This software application provides an enhanced version of
             Statistics Canada's X-11-ARIMA extension (Dagum, 1980)
                 of the X-11 variant of the Census Method II of
                      Shiskin, Young and Musgrave (1967).

            It also provides an ARIMA model-based method following
       Hillmer and Tiao (1982) and Burman (1980) that is very similar
       to the update of the method of SEATS (Gomez and Maravall, 1996)
                produced at the Bank of Spain by G. Caporello and
               A. Maravall for TSW (Caporello and Maravall, 2004).
          The present application includes additional enhancements.

         X-13ARIMA-SEATS includes an automatic ARIMA model selection procedure
          based largely on the procedure of Gomez and Maravall (1998)
            as implemented in TRAMO (1996) and subsequent revisions.

              Primary Programmers: Brian Monsell, Mark Otto and,
                 for the ARIMA model-based signal extraction,
                      Gianluca Caporello and Victor Gomez


     Series Title- R35 monthly CPI index
     Series Name- series
     Sep 22, 2026  22.39.23 

        -Period covered-  1st month,2015 to  8th month,2026
        -Type of run - multiplicative seasonal adjustment

        -Sigma limits for graduating extreme values are  1.5 and  2.5 .
        -3x3 moving average used in section 1 of each iteration, 
         3x5 moving average in section 2 of iterations B and C,
         moving average for final seasonal factors chosen by Global MSR.
        -Spectral plots generated for selected series
        -Spectral plots generated for series starting in 2018.Sep

 FILE SAVE REQUESTS (* indicates file exists and will be overwritten)
  series.d10  final seasonal factors
  series.d11  final seasonally adjusted data
  series.d12  final trend cycle
  series.d13  final irregular component
  series.out  program output file
  series.err  program error file
  series.udg  seasonal adjustment and model diagnostics file
        R35 monthly CPI index            PAGE   1, SERIES series

     Contents of spc file series.spc

 Line #
 ------
      1: series { title="R35 monthly CPI index" start=2015.1 period=12 data=(
      2: 100.90000000000001 100.7 100.5 100 100.09999999999999 100.2
      3: 100.5 99.700000000000003 100 99 98.200000000000003 100.3
      4: 99.799999999999997 99.700000000000003 98.299999999999997 97.599999999999994 97.099999999999994 97.299999999999997
      5: 96.5 96.700000000000003 95.700000000000003 94 94.099999999999994 94
      6: 93.5 93 92 91.700000000000003 91.599999999999994 91.299999999999997
      7: 91.200000000000003 90.5 89.799999999999997 89.900000000000006 88.5 88
      8: 86.900000000000006 86.599999999999994 86.299999999999997 85.900000000000006 85.099999999999994 84.099999999999994
      9: 83.400000000000006 82.799999999999997 82.5 81.799999999999997 81.200000000000003 80.700000000000003
     10: 79.900000000000006 80.099999999999994 79.200000000000003 79.400000000000006 78.599999999999994 77.599999999999994
     11: 77.299999999999997 76.400000000000006 75.799999999999997 76.200000000000003 76 75.700000000000003
     12: 75.099999999999994 74.799999999999997 74.700000000000003 74.799999999999997 74.599999999999994 74.700000000000003
     13: 74.599999999999994 73.599999999999994 73.299999999999997 73.200000000000003 73 72.900000000000006
     14: 72.799999999999997 72.700000000000003 72.799999999999997 72.200000000000003 72.5 73.400000000000006
     15: 73.799999999999997 74.299999999999997 76.099999999999994 77 77.799999999999997 78.599999999999994
     16: 78.900000000000006 80.099999999999994 80.299999999999997 80.400000000000006 81.099999999999994 81.200000000000003
     17: 81.799999999999997 82.299999999999997 82.400000000000006 82.5 82.299999999999997 83.099999999999994
     18: 83.5 84.700000000000003 84.599999999999994 85 85.200000000000003 85.200000000000003
     19: 85.299999999999997 85.700000000000003 86 86.200000000000003 85.5 86.799999999999997
     20: 87.099999999999994 87.599999999999994 87.700000000000003 88.099999999999994 87.799999999999997 86.799999999999997
     21: 86.700000000000003 86.099999999999994 88.400000000000006 89.099999999999994 87.5 88.5
     22: 88.700000000000003 89.599999999999994 89.200000000000003 88.900000000000006 88.700000000000003 89.200000000000003
     23: 89.799999999999997 89.799999999999997 90.700000000000003 92 89 90.299999999999997
     24: 90.099999999999994 93 93.400000000000006 94.400000000000006 93.599999999999994 94.200000000000003
     25: 94.5 95.599999999999994
     26: ) }
     27: transform { function=log }
     28: automdl { }
     29: outlier { types=(ao ls tc) }
     30: x11 { mode=mult save=(d10 d11 d12 d13) appendfcst=no appendbcst=no savelog=all }
     31: spectrum { logqs=yes robustsa=no print=all savelog=all }
     32: check { }
        R35 monthly CPI index            PAGE   2, SERIES series

 A 1  Time series data (for the span analyzed)
  From  2015.Jan to 2026.Aug
  Observations        140
 -----------------------------------------------------------------------------
               Jan      Feb      Mar      Apr      May      Jun 
               Jul      Aug      Sep      Oct      Nov      Dec        TOTAL  
 -----------------------------------------------------------------------------
  2015         101.     101.     101.     100.     100.     100.
               101.     100.     100.      99.      98.     100.         1200.
 
  2016         100.     100.      98.      98.      97.      97.
                97.      97.      96.      94.      94.      94.         1161.
 
  2017          94.      93.      92.      92.      92.      91.
                91.      91.      90.      90.      89.      88.         1091.
 
  2018          87.      87.      86.      86.      85.      84.
                83.      83.      83.      82.      81.      81.         1007.
 
  2019          80.      80.      79.      79.      79.      78.
                77.      76.      76.      76.      76.      76.          932.
 
  2020          75.      75.      75.      75.      75.      75.
                75.      74.      73.      73.      73.      73.          889.
 
  2021          73.      73.      73.      72.      73.      73.
                74.      74.      76.      77.      78.      79.          894.
 
  2022          79.      80.      80.      80.      81.      81.
                82.      82.      82.      83.      82.      83.          976.
 
  2023          84.      85.      85.      85.      85.      85.
                85.      86.      86.      86.      86.      87.         1024.
 
  2024          87.      88.      88.      88.      88.      87.
                87.      86.      88.      89.      88.      89.         1051.
 
  2025          89.      90.      89.      89.      89.      89.
                90.      90.      91.      92.      89.      90.         1076.
 
  2026          90.      93.      93.      94.      94.      94.
                95.      96.                                              749.
 
  AVGE          86.      87.      87.      87.      86.      86.
                86.      86.      86.      86.      85.      85.

  Table Total-     12050.90   Mean-      86.08   Std. Dev.-       8.19
                              Min -      72.20        Max -     100.90
        R35 monthly CPI index            PAGE   3, SERIES series
                        Automatic ARIMA Model Selection

                    Procedure based closely on TRAMO method 
                         of Gomez and Maravall (2000)
              "Automatic Modeling Methods for Univariate Series",
                            A Course in Time Series
                  (Edited by D. Pena, G. C. Tiao, R. S. Tsay),
                         New York : J. Wiley and Sons


     Maximum order for regular ARMA parameters :   2
     Maximum order for seasonal ARMA parameters :   1
     Maximum order for regular differencing :   2
     Maximum order for seasonal differencing :   1

   Results of Unit Root Test for identifying orders of differencing:
     Regular difference order :   1
     Seasonal difference order :   0

     Mean is not significant.

  Automatic model choice : (1 1 1)(1 0 0)


  Final Checks for Identified Model


  Checking for Unit Roots.
   No unit roots found.

  Checking for nonseasonal overdifferencing.
   Nonseasonal MA not within  0.001 of 1.0 - model passes test.

  Checking for insignificant ARMA coefficients.

  Final automatic model choice : (1 1 1)(1 0 0)
   End of automatic model selection procedure.

 Average absolute percentage error in within-sample forecasts:
  Last year:   2.98      Last-1 year:   1.69     Last-2 year:   0.73
  Last three years:    1.80

 Estimation converged in    8 ARMA iterations,   66 function evaluations.

 Regression Model
 ------------------------------------------------------------------------------
                             Parameter        Standard
 Variable                     Estimate           Error      t-value
 ------------------------------------------------------------------------------
 Automatically Identified Outliers
   LS2015.Dec                   0.0248         0.00587         4.23
   LS2024.Sep                   0.0253         0.00573         4.41
   TC2025.Nov                  -0.0340         0.00524        -6.49
   AO2026.Jan                  -0.0173         0.00395        -4.38
 ------------------------------------------------------------------------------


 ARIMA Model:  (1 1 1)(1 0 0)
   Nonseasonal differences: 1
                                              Standard
 Parameter                    Estimate          Errors
 -----------------------------------------------------
 Nonseasonal AR                                    
   Lag  1                       0.9483         0.04145

 Seasonal AR                                       
   Lag 12                       0.2102         0.09121

 Nonseasonal MA                                    
   Lag  1                       0.7777         0.08144

 Variance                       0.36929E-04
 SE of Var                      0.44297E-05
 -----------------------------------------------------

 Likelihood Statistics
 ------------------------------------------------------------------
 Number of observations (nobs)                                  140
 Effective number of observations (nefobs)                      139
 Number of parameters estimated (np)                              8
 Log likelihood                                            511.4668
 Transformation Adjustment                                -618.4830
 Adjusted Log likelihood (L)                              -107.0162
 AIC                                                       230.0324 
 AICC (F-corrected-AIC)                                    231.1401 
 Hannan Quinn                                              239.5723 
 BIC                                                       253.5082 
 ------------------------------------------------------------------


 DIAGNOSTIC CHECKING
  Sample Autocorrelations of the Residuals with the Ljung-Box diagnostic.

  Lag      1     2     3     4     5     6     7     8     9    10    11    12
  ACF  -0.11  0.08  0.04 -0.03  0.08  0.06 -0.07  0.04 -0.03 -0.04 -0.07  0.06
  SE    0.08  0.09  0.09  0.09  0.09  0.09  0.09  0.09  0.09  0.09  0.09  0.09
  Q     1.60  2.58  2.78  2.92  3.78  4.25  4.98  5.20  5.37  5.58  6.32  6.87
  DF       0     0     0     1     2     3     4     5     6     7     8     9
  P    0.000 0.000 0.000 0.088 0.151 0.236 0.290 0.392 0.498 0.589 0.611 0.650

  Lag     13    14    15    16    17    18    19    20    21    22    23    24
  ACF  -0.12  0.12 -0.11  0.01 -0.08  0.03  0.05  0.11 -0.05  0.08 -0.01  0.02
  SE    0.09  0.09  0.09  0.09  0.09  0.09  0.09  0.09  0.09  0.09  0.09  0.09
  Q     8.95 11.30 13.34 13.35 14.35 14.52 14.96 16.87 17.24 18.37 18.40 18.47
  DF      10    11    12    13    14    15    16    17    18    19    20    21
  P    0.537 0.419 0.345 0.421 0.424 0.487 0.527 0.463 0.507 0.498 0.561 0.619

  The P-values approximate the probability of observing a Q-value at least
  this large when the model fitted is correct.  When DF is positive, small
  values of P, customarily those below 0.05, indicate model inadequacy.

  Sample Autocorrelations of the Residuals
                 -1.0 -0.8 -0.6 -0.4 -0.2  0.0  0.2  0.4  0.6  0.8  1.0
                   +----+----+----+----+----+----+----+----+----+----+
            1                           .XXX|   .                     -0.106
            2                           .   |XX .                      0.083
            3                           .   |X  .                      0.037
            4                           .  X|   .                     -0.031
            5                           .   |XX .                      0.077
            6                           .   |X  .                      0.056
            7                           . XX|   .                     -0.070
            8                           .   |X  .                      0.038
            9                           .  X|   .                     -0.034
           10                           .  X|   .                     -0.038
           11                           . XX|   .                     -0.069
           12       - - - - - - - - -   .   |X  .   - - - - - - - -    0.060
           13                           .XXX|   .                     -0.116
           14                           .   |XXX.                      0.122
           15                          . XXX|    .                    -0.114
           16                          .    |    .                     0.006
           17                          .  XX|    .                    -0.079
           18                          .    |X   .                     0.032
           19                          .    |X   .                     0.052
           20                          .    |XXX .                     0.108
           21                          .   X|    .                    -0.048
           22                          .    |XX  .                     0.082
           23                          .    |    .                    -0.014
           24       - - - - - - - - -  .    |    .  - - - - - - - -    0.020
  
  Sample Autocorrelations of the Squared Residuals with the Ljung-Box diagnostic.

  Lag      1     2     3     4     5     6     7     8     9    10    11    12
  ACF   0.09 -0.06  0.08 -0.06  0.03 -0.03 -0.06 -0.05 -0.12 -0.01 -0.02  0.05
  SE    0.08  0.09  0.09  0.09  0.09  0.09  0.09  0.09  0.09  0.09  0.09  0.09
  Q     1.03  1.55  2.42  2.95  3.05  3.19  3.73  4.16  6.35  6.38  6.43  6.80
  DF       0     0     0     1     2     3     4     5     6     7     8     9
  P    0.000 0.000 0.000 0.086 0.217 0.363 0.443 0.527 0.385 0.497 0.600 0.658

  Lag     13    14    15    16    17    18    19    20    21    22    23    24
  ACF   0.02 -0.06  0.03 -0.10 -0.00  0.04 -0.10 -0.05 -0.01 -0.03  0.11 -0.08
  SE    0.09  0.09  0.09  0.09  0.09  0.09  0.09  0.09  0.09  0.09  0.09  0.09
  Q     6.88  7.37  7.51  9.22  9.22  9.50 11.29 11.63 11.64 11.83 13.89 14.98
  DF      10    11    12    13    14    15    16    17    18    19    20    21
  P    0.737 0.768 0.822 0.756 0.817 0.850 0.791 0.822 0.865 0.893 0.836 0.824

  The P-values approximate the probability of observing a Q-value at least
  this large when the model fitted is correct in a way that supports the
  standard interpretations of the test statistics, standard errors, and
  prediction intervals output by X-13ARIMA-SEATS. When DF is positive, small
  values of P, customarily those below 0.05, suggest that model-based
  inferences about statistical significance and uncertainty will be less
  dependable than usual.

  Sample Autocorrelations of the Squared Residuals
                 -1.0 -0.8 -0.6 -0.4 -0.2  0.0  0.2  0.4  0.6  0.8  1.0
                   +----+----+----+----+----+----+----+----+----+----+
            1                           .   |XX .                      0.085
            2                           . XX|   .                     -0.060
            3                           .   |XX .                      0.078
            4                           .  X|   .                     -0.060
            5                           .   |X  .                      0.027
            6                           .  X|   .                     -0.031
            7                           . XX|   .                     -0.060
            8                           .  X|   .                     -0.053
            9                           .XXX|   .                     -0.121
           10                           .   |   .                     -0.013
           11                           .   |   .                     -0.018
           12       - - - - - - - - -   .   |X  .   - - - - - - - -    0.049
           13                           .   |X  .                      0.023
           14                           .  X|   .                     -0.056
           15                           .   |X  .                      0.030
           16                           .XXX|   .                     -0.104
           17                           .   |   .                     -0.002
           18                           .   |X  .                      0.041
           19                          . XXX|    .                    -0.105
           20                          .   X|    .                    -0.045
           21                          .    |    .                    -0.010
           22                          .   X|    .                    -0.034
           23                          .    |XXX .                     0.110
           24       - - - - - - - - -  .  XX|    .  - - - - - - - -   -0.080
  
 Histogram of the Standardized and Mean-Centered Residuals
  Standard
  Deviations    Frequency
       -3 +#
          |###
       -2 +##
          |#############
       -1 +###############
          |##################
        0 +###########################
          |###############################
        1 +########
          |###############
        2 +###
          |##
        3 +

  Outlier [#

  One '#'= 1 observation[s]

 Tabular Histogram of the Standardized and Mean-Centered Residuals

  Standard
  Deviations    Frequency

 -3.00                 1

 -2.50                 3

 -2.00                 2

 -1.50                13

 -1.00                15

 -0.50                18

  0.00                27

  0.50                31

  1.00                 8

  1.50                15

  2.00                 3

  2.50                 2

  3.00                 0

  Residuals with |t|>3.25

  Obs       t-value
  -----------------
  2021.Aug     3.97

 Summary Statistics for the Unstandardized Residuals
  Minimum                    -0.016
  Maximum                     0.021
  Median                      0.000
  Robust Std Dev              0.005

 Normality Statistics for regARIMA Model Residuals:

    Number of residuals  :    139

    Skewness coefficient :    0.1005    
    Geary's a            :    0.7741    
    Kurtosis             :    3.5344    

  No indication of lack of normality.

 Durbin-Watson Statistic for regARIMA Model Residuals:
  dw =     2.194999

 Friedman Non-Parametric Test for regARIMA Model Residuals:
  ken =    12.454545 ( Asymptotically distributed as Chi-Square(11), P-Value =     0.330463 )

 QS Statistic for regARIMA Model Residuals (full series):             0.62
                                                       (P-Value =     0.7328)

 QS Statistic for regARIMA Model Residuals (starting 2018.Sep):       0.66
                                                       (P-Value =     0.7195)
      10*LOG(SPECTRUM) of the regARIMA model residuals
      Spectrum estimated from 2018.Sep to 2026.Aug.
 ++++++++++I+++++++++++++++++++++++++++++++++++++++++++++++++++++++++++++I
     -38.90I                                                            SI    -38.90
           I      *                                                     SI
           I      *                                                     SI
           I      *                                                     SI
     -39.81I      *                                                     SI    -39.81
           I      *                                    *                SI
           I      *                                    *                SI
           I      *                                   T*                SI
     -40.71I      *                                   T*                SI    -40.71
           I      *                                   T*      S         SI
           I      *                                   T*      S        *SI
           I      *                                   T*      S        *SI
     -41.62I      *                                   T*     *S        *SI    -41.62
           I      *                                   T*     *S        *SI
           I   *  *                                   T*     *S*       *SI
           I   *  *                                   T*     *S*       *SI
     -42.53I   *  *                                   T*     *S*       *SI    -42.53
           I   * **    *              *               T*     *S*T*     *SI
           I   * **    *              **              T*     *S*T*     *SI
           I   * **    *              **    *         T*    **S*T*     *SI
     -43.43I   * **    *       *      **    *         T*    **S*T*     *SI    -43.43
           I   ****    *    *  *      **    *         T*    **S*T*     *SI
           I   *****   *    *  *S     **    *         T*   ***S*T*     *SI
           I   *****   *    *  *S     **    *         T*   ***S*T*     *SI
     -44.34I   *****   *    *  *S     ***   *         T**  ***S*T*     *SI    -44.34
           I   *****   *   **  *S     ***  ***        T** ****S*T*     *SI
           I   *****   *   **  *S     **** ***        T** ****S*T*     *SI
           I  ******   **  **  *S     ****S***        T** ****S*T*     *SI
     -45.24I  ******   **  *****S     ****S***    *  *T*******S*T**   **SI    -45.24
           I  ******   **  *****S     ****S***    *  *T*******S*T**   **SI
           I  ******   **  *****S     ****S***    *  *T*******S*T**   **SI
           I  ******  S**  *****S     ****S***    *  *T*******S*T**   **SI
     -46.15I  ******  S**  *****S    *****S***    ** *T*******S*T**   **SI    -46.15
           I  ******  S**  *****S    *****S***    ** *T*******S*T**   **SI
           I  ******  S**  *****S    *****S***    **S*T*******S*T**   **SI
           I  ******  S** ******S    *****S***    **S*T*******S*T**   **SI
     -47.06I  ******  S*********S    *****S***   ***S*T*******S*T**   **SI    -47.06
           I  ******  S*********S    *****S***   ***S*T*******S*T**   **SI
           I  ******  S*********S    *****S***   ***S*T*******S*T**   **SI
           I  ******* S*********S    *****S****  ***S*T*******S*T**   **SI
     -47.96I  ******* S*********S*   *****S****  ***S*T*******S*T*** ***SI    -47.96
           I  ********S*********S*   *****S****  ***S*T*******S*T*** ***SI
           I  ********S*********S*   *****S****  ***S*T*******S*T*** ***SI
           I  ********S*********S*   *****S****  ***S*T*******S*T*** ***SI
     -48.87I *********S*********S*   *****S****  ***S*T*******S*T*******SI    -48.87
           I *********S*********S*   *****S**** ****S*T*******S*T*******SI
           I *********S*********S*  ******S*********S*T*******S*T*******SI
           I *********S*********S*  ******S*********S*T*******S*T*******SI
     -49.77I *********S*********S*  ******S*********S*T*******S*T*******SI    -49.77
           I *********S*********S*  ******S*********S*T*******S*T*******SI
           I**********S*********S** ******S*********S*T*******S*T*******SI
           I**********S*********S** ******S*********S*T*******S*T*******SI
     -50.68I**********S*********S*********S*********S*T*******S*T*******SI    -50.68
 ++++++++++I+++++++++++++++++++++++++++++++++++++++++++++++++++++++++++++I
            S=SEASONAL FREQUENCIES, T=TRADING DAY FREQUENCIES


 FORECASTING
  Origin  2026.Aug
  Number        12

  Forecasts and Standard Errors of the Transformed Data
   ------------------------------
                         Standard
       Date   Forecast      Error
   ------------------------------
   2026.Sep       4.57      0.006
   2026.Oct       4.57      0.009
   2026.Nov       4.58      0.012
   2026.Dec       4.58      0.015
   2027.Jan       4.58      0.018
   2027.Feb       4.59      0.021
   2027.Mar       4.59      0.024
   2027.Apr       4.59      0.027
   2027.May       4.59      0.030
   2027.Jun       4.60      0.033
   2027.Jul       4.60      0.036
   2027.Aug       4.60      0.039
   ------------------------------

  Confidence intervals with coverage probability ( 0.95000
  On the Original Scale
   ---------------------------------------
       Date      Lower  Forecast     Upper
   ---------------------------------------
   2026.Sep      95.01     96.15     97.30
   2026.Oct      95.01     96.77     98.56
   2026.Nov      94.75     97.08     99.47
   2026.Dec      94.57     97.46    100.43
   2027.Jan      94.44     97.88    101.45
   2027.Feb      94.33     98.33    102.50
   2027.Mar      94.03     98.58    103.36
   2027.Apr      93.86     98.98    104.37
   2027.May      93.32     98.98    104.98
   2027.Jun      93.06     99.29    105.93
   2027.Jul      92.75     99.53    106.80
   2027.Aug      92.59     99.94    107.87
   ---------------------------------------
        R35 monthly CPI index            PAGE   4, SERIES series
  
 A 8  RegARIMA combined outlier component
      (AO, LS, TC outliers included)
  From  2015.Jan to 2026.Aug
  Observations        140
 -----------------------------------------------------------------------------
               Jan      Feb      Mar      Apr      May      Jun 
               Jul      Aug      Sep      Oct      Nov      Dec         AVGE  
 -----------------------------------------------------------------------------
  2015         95.1     95.1     95.1     95.1     95.1     95.1
               95.1     95.1     95.1     95.1     95.1     97.5          95.3
 
  2016         97.5     97.5     97.5     97.5     97.5     97.5
               97.5     97.5     97.5     97.5     97.5     97.5          97.5
 
  2017         97.5     97.5     97.5     97.5     97.5     97.5
               97.5     97.5     97.5     97.5     97.5     97.5          97.5
 
  2018         97.5     97.5     97.5     97.5     97.5     97.5
               97.5     97.5     97.5     97.5     97.5     97.5          97.5
 
  2019         97.5     97.5     97.5     97.5     97.5     97.5
               97.5     97.5     97.5     97.5     97.5     97.5          97.5
 
  2020         97.5     97.5     97.5     97.5     97.5     97.5
               97.5     97.5     97.5     97.5     97.5     97.5          97.5
 
  2021         97.5     97.5     97.5     97.5     97.5     97.5
               97.5     97.5     97.5     97.5     97.5     97.5          97.5
 
  2022         97.5     97.5     97.5     97.5     97.5     97.5
               97.5     97.5     97.5     97.5     97.5     97.5          97.5
 
  2023         97.5     97.5     97.5     97.5     97.5     97.5
               97.5     97.5     97.5     97.5     97.5     97.5          97.5
 
  2024         97.5     97.5     97.5     97.5     97.5     97.5
               97.5     97.5    100.0    100.0    100.0    100.0          98.3
 
  2025        100.0    100.0    100.0    100.0    100.0    100.0
              100.0    100.0    100.0    100.0     96.7     97.6          99.5
 
  2026         96.7     98.8     99.2     99.4     99.6     99.7
               99.8     99.9                                              99.1
 
  AVGE         97.4     97.6     97.7     97.7     97.7     97.7
               97.7     97.7     97.7     97.7     97.4     97.7

  Table Total-     13671.60   Mean-      97.65   Std. Dev.-       2.60
                              Min -      95.12        Max -     100.00

 A 8.A  RegARIMA outlier component
  From  2026.Sep to 2027.Aug
  Observations         12
 -----------------------------------------------------------------------------
               Jan      Feb      Mar      Apr      May      Jun 
               Jul      Aug      Sep      Oct      Nov      Dec         AVGE  
 -----------------------------------------------------------------------------
  2026                                                          
                                 99.9     99.9    100.0    100.0          99.9
 
  2027        100.0    100.0    100.0    100.0    100.0    100.0
              100.0    100.0                                             100.0
 
        R35 monthly CPI index            PAGE   5, SERIES series

 A 8.AO  RegARIMA AO outlier component
  From  2015.Jan to 2026.Aug
  Observations        140
 -----------------------------------------------------------------------------
               Jan      Feb      Mar      Apr      May      Jun 
               Jul      Aug      Sep      Oct      Nov      Dec         AVGE  
 -----------------------------------------------------------------------------
  2015        100.0    100.0    100.0    100.0    100.0    100.0
              100.0    100.0    100.0    100.0    100.0    100.0         100.0
 
  2016        100.0    100.0    100.0    100.0    100.0    100.0
              100.0    100.0    100.0    100.0    100.0    100.0         100.0
 
  2017        100.0    100.0    100.0    100.0    100.0    100.0
              100.0    100.0    100.0    100.0    100.0    100.0         100.0
 
  2018        100.0    100.0    100.0    100.0    100.0    100.0
              100.0    100.0    100.0    100.0    100.0    100.0         100.0
 
  2019        100.0    100.0    100.0    100.0    100.0    100.0
              100.0    100.0    100.0    100.0    100.0    100.0         100.0
 
  2020        100.0    100.0    100.0    100.0    100.0    100.0
              100.0    100.0    100.0    100.0    100.0    100.0         100.0
 
  2021        100.0    100.0    100.0    100.0    100.0    100.0
              100.0    100.0    100.0    100.0    100.0    100.0         100.0
 
  2022        100.0    100.0    100.0    100.0    100.0    100.0
              100.0    100.0    100.0    100.0    100.0    100.0         100.0
 
  2023        100.0    100.0    100.0    100.0    100.0    100.0
              100.0    100.0    100.0    100.0    100.0    100.0         100.0
 
  2024        100.0    100.0    100.0    100.0    100.0    100.0
              100.0    100.0    100.0    100.0    100.0    100.0         100.0
 
  2025        100.0    100.0    100.0    100.0    100.0    100.0
              100.0    100.0    100.0    100.0    100.0    100.0         100.0
 
  2026         98.3    100.0    100.0    100.0    100.0    100.0
              100.0    100.0                                              99.8
 
  AVGE         99.9    100.0    100.0    100.0    100.0    100.0
              100.0    100.0    100.0    100.0    100.0    100.0

  Table Total-     13998.28   Mean-      99.99   Std. Dev.-       0.14
                              Min -      98.28        Max -     100.00
        R35 monthly CPI index            PAGE   6, SERIES series

 A 8.LS  RegARIMA level change outlier component
  From  2015.Jan to 2026.Aug
  Observations        140
 -----------------------------------------------------------------------------
               Jan      Feb      Mar      Apr      May      Jun 
               Jul      Aug      Sep      Oct      Nov      Dec         AVGE  
 -----------------------------------------------------------------------------
  2015         95.1     95.1     95.1     95.1     95.1     95.1
               95.1     95.1     95.1     95.1     95.1     97.5          95.3
 
  2016         97.5     97.5     97.5     97.5     97.5     97.5
               97.5     97.5     97.5     97.5     97.5     97.5          97.5
 
  2017         97.5     97.5     97.5     97.5     97.5     97.5
               97.5     97.5     97.5     97.5     97.5     97.5          97.5
 
  2018         97.5     97.5     97.5     97.5     97.5     97.5
               97.5     97.5     97.5     97.5     97.5     97.5          97.5
 
  2019         97.5     97.5     97.5     97.5     97.5     97.5
               97.5     97.5     97.5     97.5     97.5     97.5          97.5
 
  2020         97.5     97.5     97.5     97.5     97.5     97.5
               97.5     97.5     97.5     97.5     97.5     97.5          97.5
 
  2021         97.5     97.5     97.5     97.5     97.5     97.5
               97.5     97.5     97.5     97.5     97.5     97.5          97.5
 
  2022         97.5     97.5     97.5     97.5     97.5     97.5
               97.5     97.5     97.5     97.5     97.5     97.5          97.5
 
  2023         97.5     97.5     97.5     97.5     97.5     97.5
               97.5     97.5     97.5     97.5     97.5     97.5          97.5
 
  2024         97.5     97.5     97.5     97.5     97.5     97.5
               97.5     97.5    100.0    100.0    100.0    100.0          98.3
 
  2025        100.0    100.0    100.0    100.0    100.0    100.0
              100.0    100.0    100.0    100.0    100.0    100.0         100.0
 
  2026        100.0    100.0    100.0    100.0    100.0    100.0
              100.0    100.0                                             100.0
 
  AVGE         97.7     97.7     97.7     97.7     97.7     97.7
               97.7     97.7     97.7     97.7     97.7     98.0

  Table Total-     13684.18   Mean-      97.74   Std. Dev.-       2.56
                              Min -      95.12        Max -     100.00
        R35 monthly CPI index            PAGE   7, SERIES series

 A 8.TC  RegARIMA temporary change outlier component
  From  2015.Jan to 2026.Aug
  Observations        140
 -----------------------------------------------------------------------------
               Jan      Feb      Mar      Apr      May      Jun 
               Jul      Aug      Sep      Oct      Nov      Dec         AVGE  
 -----------------------------------------------------------------------------
  2015        100.0    100.0    100.0    100.0    100.0    100.0
              100.0    100.0    100.0    100.0    100.0    100.0         100.0
 
  2016        100.0    100.0    100.0    100.0    100.0    100.0
              100.0    100.0    100.0    100.0    100.0    100.0         100.0
 
  2017        100.0    100.0    100.0    100.0    100.0    100.0
              100.0    100.0    100.0    100.0    100.0    100.0         100.0
 
  2018        100.0    100.0    100.0    100.0    100.0    100.0
              100.0    100.0    100.0    100.0    100.0    100.0         100.0
 
  2019        100.0    100.0    100.0    100.0    100.0    100.0
              100.0    100.0    100.0    100.0    100.0    100.0         100.0
 
  2020        100.0    100.0    100.0    100.0    100.0    100.0
              100.0    100.0    100.0    100.0    100.0    100.0         100.0
 
  2021        100.0    100.0    100.0    100.0    100.0    100.0
              100.0    100.0    100.0    100.0    100.0    100.0         100.0
 
  2022        100.0    100.0    100.0    100.0    100.0    100.0
              100.0    100.0    100.0    100.0    100.0    100.0         100.0
 
  2023        100.0    100.0    100.0    100.0    100.0    100.0
              100.0    100.0    100.0    100.0    100.0    100.0         100.0
 
  2024        100.0    100.0    100.0    100.0    100.0    100.0
              100.0    100.0    100.0    100.0    100.0    100.0         100.0
 
  2025        100.0    100.0    100.0    100.0    100.0    100.0
              100.0    100.0    100.0    100.0     96.7     97.6          99.5
 
  2026         98.3     98.8     99.2     99.4     99.6     99.7
               99.8     99.9                                              99.3
 
  AVGE         99.9     99.9     99.9    100.0    100.0    100.0
              100.0    100.0    100.0    100.0     99.7     99.8

  Table Total-     13989.11   Mean-      99.92   Std. Dev.-       0.40
                              Min -      96.66        Max -     100.00

 A 8.TC.A  RegARIMA temporary change outlier component
  From  2026.Sep to 2027.Aug
  Observations         12
 -----------------------------------------------------------------------------
               Jan      Feb      Mar      Apr      May      Jun 
               Jul      Aug      Sep      Oct      Nov      Dec         AVGE  
 -----------------------------------------------------------------------------
  2026                                                          
                                 99.9     99.9    100.0    100.0          99.9
 
  2027        100.0    100.0    100.0    100.0    100.0    100.0
              100.0    100.0                                             100.0
 
        R35 monthly CPI index            PAGE   8, SERIES series
  
 B 1  Original series (prior adjusted)
      (adjusted for regARIMA factors)
  From  2015.Jan to 2026.Aug
  Observations        140
 -----------------------------------------------------------------------------
               Jan      Feb      Mar      Apr      May      Jun 
               Jul      Aug      Sep      Oct      Nov      Dec        TOTAL  
 -----------------------------------------------------------------------------
  2015         106.     106.     106.     105.     105.     105.
               106.     105.     105.     104.     103.     103.         1259.
 
  2016         102.     102.     101.     100.     100.     100.
                99.      99.      98.      96.      97.      96.         1191.
 
  2017          96.      95.      94.      94.      94.      94.
                94.      93.      92.      92.      91.      90.         1119.
 
  2018          89.      89.      89.      88.      87.      86.
                86.      85.      85.      84.      83.      83.         1033.
 
  2019          82.      82.      81.      81.      81.      80.
                79.      78.      78.      78.      78.      78.          956.
 
  2020          77.      77.      77.      77.      77.      77.
                77.      75.      75.      75.      75.      75.          912.
 
  2021          75.      75.      75.      74.      74.      75.
                76.      76.      78.      79.      80.      81.          917.
 
  2022          81.      82.      82.      82.      83.      83.
                84.      84.      85.      85.      84.      85.         1001.
 
  2023          86.      87.      87.      87.      87.      87.
                87.      88.      88.      88.      88.      89.         1050.
 
  2024          89.      90.      90.      90.      90.      89.
                89.      88.      88.      89.      88.      88.         1069.
 
  2025          89.      90.      89.      89.      89.      89.
                90.      90.      91.      92.      92.      92.         1081.
 
  2026          93.      94.      94.      95.      94.      94.
                95.      96.                                              755.
 
  AVGE          89.      89.      89.      89.      88.      88.
                88.      88.      88.      88.      87.      87.

  Table Total-     12343.67   Mean-      88.17   Std. Dev.-       8.64
                              Min -      74.05        Max -     106.08

 B 1.A  Forecasts of (prior adjusted) original series
  From  2026.Sep to 2027.Aug
  Observations         12
 -----------------------------------------------------------------------------
               Jan      Feb      Mar      Apr      May      Jun 
               Jul      Aug      Sep      Oct      Nov      Dec        TOTAL  
 -----------------------------------------------------------------------------
  2026                                                          
                                  96.      97.      97.      97.          388.
 
  2027          98.      98.      99.      99.      99.      99.
               100.     100.                                              792.
 
        R35 monthly CPI index            PAGE   9, SERIES series

 C 17  Final weights for irregular component
  From  2015.Jan to 2026.Aug
  Observations        140
  Lower sigma limit    1.50
  Upper sigma limit    2.50
 -----------------------------------------------------------------------------
               Jan      Feb      Mar      Apr      May      Jun 
               Jul      Aug      Sep      Oct      Nov      Dec         S.D.  
 -----------------------------------------------------------------------------
  2015        100.0    100.0    100.0    100.0    100.0    100.0
               81.0    100.0     16.7    100.0    100.0    100.0           0.2
 
  2016        100.0    100.0    100.0    100.0    100.0    100.0
              100.0      0.0    100.0      0.0    100.0    100.0           0.2
 
  2017        100.0    100.0    100.0    100.0    100.0    100.0
              100.0    100.0    100.0      0.0    100.0    100.0           0.2
 
  2018        100.0    100.0    100.0    100.0    100.0    100.0
              100.0    100.0    100.0    100.0    100.0    100.0           0.2
 
  2019        100.0    100.0    100.0      0.0    100.0    100.0
              100.0    100.0      0.0    100.0    100.0    100.0           0.2
 
  2020        100.0    100.0    100.0    100.0    100.0    100.0
              100.0    100.0    100.0    100.0    100.0    100.0           0.2
 
  2021        100.0    100.0    100.0      4.6     91.1     49.9
              100.0    100.0     97.9    100.0    100.0    100.0           0.2
 
  2022        100.0    100.0    100.0    100.0    100.0    100.0
              100.0      0.0    100.0    100.0    100.0    100.0           0.2
 
  2023        100.0    100.0    100.0    100.0    100.0    100.0
              100.0    100.0    100.0    100.0      0.0    100.0           0.2
 
  2024        100.0    100.0    100.0     83.5     72.5    100.0
              100.0    100.0    100.0     14.8      0.0    100.0           0.2
 
  2025        100.0    100.0    100.0    100.0    100.0    100.0
              100.0    100.0    100.0    100.0    100.0    100.0           0.2
 
  2026        100.0    100.0    100.0    100.0      0.0    100.0
               90.7    100.0                                               0.2
 
        R35 monthly CPI index            PAGE  10, SERIES series

 D 8  Final unmodified SI ratios
  From  2015.Jan to 2026.Aug
  Observations        140
 -----------------------------------------------------------------------------
               Jan      Feb      Mar      Apr      May      Jun 
               Jul      Aug      Sep      Oct      Nov      Dec         AVGE  
 -----------------------------------------------------------------------------
  2015        100.0     99.9     99.9     99.5     99.8    100.1
              100.6    100.1    100.8    100.2     99.8     99.9         100.0
 
  2016         99.9    100.4     99.6     99.5     99.7    100.5
              100.2    100.9    100.5     99.2     99.7    100.0         100.0
 
  2017        100.0    100.1     99.6     99.8    100.0    100.0
              100.3    100.1    100.0    100.8     99.9    100.1         100.1
 
  2018         99.5     99.8    100.1    100.3    100.2    100.0
              100.0     99.9    100.2    100.0     99.9    100.0         100.0
 
  2019         99.6    100.4     99.8    100.7    100.4     99.8
              100.1     99.5     99.2    100.1    100.2    100.2         100.0
 
  2020         99.9     99.9    100.0    100.2     99.9    100.1
              100.3     99.5     99.7    100.1    100.1    100.2         100.0
 
  2021        100.1    100.1    100.3     99.4     99.5    100.2
               99.8     99.3    100.3    100.2    100.1    100.2         100.0
 
  2022         99.8    100.7    100.3     99.8    100.1     99.7
               99.9    100.2    100.1    100.0     99.5    100.0         100.0
 
  2023        100.0    100.9    100.3    100.3    100.1     99.8
               99.5     99.7     99.8     99.8     98.7    100.0          99.9
 
  2024        100.2    100.5    100.4    100.7    100.4     99.5
               99.7     99.3     99.6    100.6     98.8     99.9         100.0
 
  2025        100.1    101.1    100.6    100.2     99.7     99.7
               99.8     99.2     99.6    100.4    100.0     99.9         100.0
 
  2026        100.3    100.7    100.3    100.6     99.2     99.3
               99.1     99.8                                              99.9
 
  AVGE         99.9    100.4    100.1    100.1     99.9     99.9
              100.0     99.8    100.0    100.1     99.7    100.0

  Table Total-     13998.67   Mean-      99.99   Std. Dev.-       0.41
                              Min -      98.73        Max -     101.06
        R35 monthly CPI index            PAGE  11, SERIES series

 D 8.B  Final unmodified SI ratios, with labels for outliers and extreme values
  From  2015.Jan to 2026.Aug
  Observations        140
 ---------------------------------------------------------------------
               Jan       Feb       Mar       Apr       May       Jun  
               Jul       Aug       Sep       Oct       Nov       Dec  
 ---------------------------------------------------------------------
  2015       100.0      99.9      99.9      99.5      99.8     100.1  
             100.6*    100.1     100.8*    100.2      99.8 -    99.9# 
 
  2016        99.9 -   100.4      99.6      99.5      99.7     100.5  
             100.2     100.9*    100.5      99.2*     99.7     100.0  
 
  2017       100.0     100.1      99.6      99.8     100.0     100.0  
             100.3     100.1     100.0     100.8*     99.9     100.1  
 
  2018        99.5      99.8     100.1     100.3     100.2     100.0  
             100.0      99.9     100.2     100.0      99.9     100.0  
 
  2019        99.6     100.4      99.8     100.7*    100.4      99.8  
             100.1      99.5      99.2*    100.1     100.2     100.2  
 
  2020        99.9      99.9     100.0     100.2      99.9     100.1  
             100.3      99.5      99.7     100.1     100.1     100.2  
 
  2021       100.1     100.1     100.3      99.4*     99.5*    100.2* 
              99.8      99.3     100.3*    100.2     100.1     100.2  
 
  2022        99.8     100.7     100.3      99.8     100.1      99.7  
              99.9     100.2*    100.1     100.0      99.5     100.0  
 
  2023       100.0     100.9     100.3     100.3     100.1      99.8  
              99.5      99.7      99.8      99.8      98.7*    100.0  
 
  2024       100.2     100.5     100.4     100.7*    100.4*     99.5  
              99.7      99.3 -    99.6#    100.6*-    98.8*     99.9  
 
  2025       100.1     101.1     100.6     100.2      99.7      99.7  
              99.8      99.2      99.6     100.4     100.0#     99.9  
 
  2026       100.3#    100.7     100.3     100.6      99.2*     99.3  
              99.1*     99.8                                          
 

  Key to symbols:
    *  : extreme value as determined by X-11 extreme value procedure
    #  : regARIMA outlier (either AO, LS, TC, or Ramp)
    -  : values around a level shift most likely to be influenced by it
 
        R35 monthly CPI index            PAGE  12, SERIES series

 D 9  Final replacement values for SI ratios
  From  2015.Jan to 2026.Aug
  Observations        140
 ---------------------------------------------------------------
               Jan      Feb      Mar      Apr      May      Jun 
               Jul      Aug      Sep      Oct      Nov      Dec 
 ---------------------------------------------------------------
  2015     ******** ******** ******** ******** ******** ********
              100.5 ********    100.3 ******** ******** ********
 
  2016     ******** ******** ******** ******** ******** ********
           ********    100.0 ********    100.1 ******** ********
 
  2017     ******** ******** ******** ******** ******** ********
           ******** ******** ********    100.2 ******** ********
 
  2018     ******** ******** ******** ******** ******** ********
           ******** ******** ******** ******** ******** ********
 
  2019     ******** ******** ********    100.1 ******** ********
           ******** ********     99.9 ******** ******** ********
 
  2020     ******** ******** ******** ******** ******** ********
           ******** ******** ******** ******** ******** ********
 
  2021     ******** ******** ********     99.9     99.6    100.0
           ******** ********    100.3 ******** ******** ********
 
  2022     ******** ******** ******** ******** ******** ********
           ********     99.6 ******** ******** ******** ********
 
  2023     ******** ******** ******** ******** ******** ********
           ******** ******** ******** ********     99.7 ********
 
  2024     ******** ******** ********    100.7    100.3 ********
           ******** ******** ********    100.1     99.7 ********
 
  2025     ******** ******** ******** ******** ******** ********
           ******** ******** ******** ******** ******** ********
 
  2026     ******** ******** ******** ********     99.8 ********
               99.2 ********                                    
 

 D 9.A  Moving seasonality ratio
 ---------------------------------------------------------------
               Jan      Feb      Mar      Apr      May      Jun 
 ---------------------------------------------------------------
   I          0.196    0.352    0.192    0.280    0.328    0.230
   S          0.043    0.079    0.068    0.079    0.053    0.061
 RATIO        4.533    4.437    2.840    3.555    6.145    3.784



 ---------------------------------------------------------------
               Jul      Aug      Sep      Oct      Nov      Dec 
 ---------------------------------------------------------------
   I          0.288    0.224    0.222    0.179    0.198    0.097
   S          0.074    0.071    0.058    0.021    0.043    0.026
 RATIO        3.882    3.175    3.854    8.721    4.638    3.665



        R35 monthly CPI index            PAGE  13, SERIES series

 D 10  Final seasonal factors
  From  2015.Jan to 2026.Aug
  Observations        140
  Seasonal filter    3 x 5 moving average
 -----------------------------------------------------------------------------
               Jan      Feb      Mar      Apr      May      Jun 
               Jul      Aug      Sep      Oct      Nov      Dec         AVGE  
 -----------------------------------------------------------------------------
  2015        99.89   100.07    99.75    99.73    99.90   100.16
             100.29   100.05   100.25   100.11    99.82    99.99        100.00
 
  2016        99.85   100.08    99.77    99.78    99.95   100.12
             100.26   100.01   100.22   100.10    99.84   100.00        100.00
 
  2017        99.80   100.08    99.80    99.89   100.00   100.10
             100.22    99.93   100.15   100.08    99.89   100.03        100.00
 
  2018        99.79   100.08    99.86    99.98   100.04   100.05
             100.18    99.81   100.07   100.08    99.96   100.07        100.00
 
  2019        99.79   100.10    99.96   100.05   100.04   100.00
             100.12    99.69   100.02   100.06    99.97   100.10         99.99
 
  2020        99.83   100.20   100.06   100.08   100.04    99.94
             100.04    99.58    99.99   100.04    99.95   100.11         99.99
 
  2021        99.88   100.32   100.16   100.11   100.03    99.89
              99.97    99.52    99.95   100.01    99.87   100.09         99.98
 
  2022        99.97   100.48   100.25   100.15   100.01    99.82
              99.88    99.47    99.91   100.03    99.81   100.06         99.99
 
  2023       100.03   100.61   100.34   100.23   100.00    99.73
              99.77    99.47    99.85   100.05    99.77   100.02         99.99
 
  2024       100.09   100.72   100.39   100.32    99.97    99.65
              99.65    99.47    99.80   100.09    99.79   100.01         99.99
 
  2025       100.15   100.75   100.41   100.41    99.95    99.58
              99.56    99.48    99.75   100.12    99.83   100.01        100.00
 
  2026       100.20   100.74   100.44   100.45    99.88    99.56
              99.51    99.46                                            100.03
 
  AVGE        99.94   100.35   100.10   100.10    99.98    99.88
              99.95    99.66   100.00   100.07    99.86   100.04

  Table Total-     13999.35   Mean-     100.00   Std. Dev.-       0.25
                              Min -      99.46        Max -     100.75

 D 10.A  Final seasonal component forecasts
  From  2026.Sep to 2027.Aug
  Observations         12
 -----------------------------------------------------------------------------
               Jan      Feb      Mar      Apr      May      Jun 
               Jul      Aug      Sep      Oct      Nov      Dec         AVGE  
 -----------------------------------------------------------------------------
  2026                                                          
                                99.72   100.15    99.88   100.01         99.94
 
  2027       100.22   100.74   100.45   100.44    99.84    99.56
              99.50    99.45                                            100.03
 
        R35 monthly CPI index            PAGE  14, SERIES series

 D 11  Final seasonally adjusted data
  From  2015.Jan to 2026.Aug
  Observations        140
 -----------------------------------------------------------------------------
               Jan      Feb      Mar      Apr      May      Jun 
               Jul      Aug      Sep      Oct      Nov      Dec        TOTAL  
 -----------------------------------------------------------------------------
  2015         101.     101.     101.     100.     100.     100.
               100.     100.     100.      99.      98.     100.         1200.
 
  2016         100.     100.      99.      98.      97.      97.
                96.      97.      95.      94.      94.      94.         1161.
 
  2017          94.      93.      92.      92.      92.      91.
                91.      91.      90.      90.      89.      88.         1091.
 
  2018          87.      87.      86.      86.      85.      84.
                83.      83.      82.      82.      81.      81.         1007.
 
  2019          80.      80.      79.      79.      79.      78.
                77.      77.      76.      76.      76.      76.          932.
 
  2020          75.      75.      75.      75.      75.      75.
                75.      74.      73.      73.      73.      73.          889.
 
  2021          73.      72.      73.      72.      72.      73.
                74.      75.      76.      77.      78.      79.          894.
 
  2022          79.      80.      80.      80.      81.      81.
                82.      83.      82.      82.      82.      83.          977.
 
  2023          83.      84.      84.      85.      85.      85.
                85.      86.      86.      86.      86.      87.         1024.
 
  2024          87.      87.      87.      88.      88.      87.
                87.      87.      89.      89.      88.      88.         1051.
 
  2025          89.      89.      89.      89.      89.      90.
                90.      90.      91.      92.      89.      90.         1076.
 
  2026          90.      92.      93.      94.      94.      95.
                95.      96.                                              749.
 
  AVGE          86.      87.      87.      86.      86.      86.
                86.      86.      86.      85.      85.      85.

  Table Total-     12051.53   Mean-      86.08   Std. Dev.-       8.20
                              Min -      72.12        Max -     101.01
        R35 monthly CPI index            PAGE  15, SERIES series

 D 12  Final trend cycle
  From  2015.Jan to 2026.Aug
  Observations        140
  Trend filter     9-term Henderson moving average
  I/C ratio        0.47
 -----------------------------------------------------------------------------
               Jan      Feb      Mar      Apr      May      Jun 
               Jul      Aug      Sep      Oct      Nov      Dec        TOTAL  
 -----------------------------------------------------------------------------
  2015         101.     101.     101.     100.     100.     100.
               100.     100.      99.      99.      98.     100.         1200.
 
  2016         100.      99.      99.      98.      97.      97.
                96.      96.      95.      95.      94.      94.         1161.
 
  2017          93.      93.      92.      92.      92.      91.
                91.      90.      90.      89.      89.      88.         1090.
 
  2018          87.      87.      86.      86.      85.      84.
                83.      83.      82.      82.      81.      81.         1007.
 
  2019          80.      80.      79.      79.      78.      78.
                77.      77.      76.      76.      76.      76.          932.
 
  2020          75.      75.      75.      75.      75.      75.
                74.      74.      74.      73.      73.      73.          890.
 
  2021          73.      73.      73.      73.      73.      73.
                74.      75.      76.      77.      78.      79.          894.
 
  2022          79.      80.      80.      80.      81.      81.
                82.      82.      82.      82.      83.      83.          976.
 
  2023          83.      84.      84.      85.      85.      85.
                86.      86.      86.      86.      87.      87.         1025.
 
  2024          87.      87.      87.      88.      88.      87.
                87.      87.      89.      89.      88.      89.         1052.
 
  2025          89.      89.      89.      89.      89.      89.
                90.      91.      91.      92.      92.      93.         1081.
 
  2026          93.      93.      94.      94.      95.      95.
                95.      96.                                              756.
 
  AVGE          87.      87.      87.      86.      86.      86.
                86.      86.      86.      85.      85.      86.

  Table Total-     12063.55   Mean-      86.17   Std. Dev.-       8.25
                              Min -      72.52        Max -     100.95
        R35 monthly CPI index            PAGE  16, SERIES series

 D 13  Final irregular component
  From  2015.Jan to 2026.Aug
  Observations        140
 -----------------------------------------------------------------------------
               Jan      Feb      Mar      Apr      May      Jun 
               Jul      Aug      Sep      Oct      Nov      Dec         S.D.  
 -----------------------------------------------------------------------------
  2015        100.1     99.9    100.2     99.9    100.0     99.9
              100.3     99.9    100.4    100.0    100.0     99.9           0.2
 
  2016        100.0    100.3     99.9     99.9     99.8    100.4
               99.9    100.8    100.2     99.0     99.8    100.0           0.4
 
  2017        100.2    100.0     99.8     99.9    100.1     99.9
              100.1    100.1     99.8    100.6    100.0    100.1           0.2
 
  2018         99.8     99.8    100.2    100.2    100.1     99.8
               99.8    100.1    100.1     99.9    100.0    100.0           0.2
 
  2019         99.8    100.3     99.8    100.6    100.3     99.8
              100.0     99.9     99.2    100.0    100.1    100.1           0.3
 
  2020        100.1     99.7    100.0    100.1     99.8    100.1
              100.3     99.9     99.7    100.0    100.1     99.9           0.2
 
  2021        100.2     99.8    100.2     99.4     99.7    100.4
               99.9     99.7    100.3    100.0    100.1    100.0           0.3
 
  2022         99.8    100.2    100.1     99.7    100.2     99.9
              100.0    100.7    100.1    100.0     99.7    100.0           0.2
 
  2023        100.0    100.2     99.8    100.0    100.1    100.0
               99.8    100.3    100.0     99.8     99.1    100.1           0.3
 
  2024        100.1     99.8     99.9    100.3    100.3     99.8
              100.1     99.9     99.9    100.6     99.1     99.9           0.3
 
  2025         99.9    100.3    100.2     99.8     99.7    100.2
              100.3     99.7     99.8    100.3     96.7     97.5           1.2
 
  2026         96.7     98.8     99.1     99.7     99.1     99.6
               99.5    100.2                                               1.4
 
  S.D.          1.0      0.4      0.3      0.3      0.3      0.2
                0.2      0.4      0.3      0.4      1.1      0.8

  Table Total-     13986.93   Mean-      99.91   Std. Dev.-       0.54
                              Min -      96.70        Max -     100.85
        R35 monthly CPI index            PAGE  17, SERIES series

 D 16  Combined adjustment factors
  From  2015.Jan to 2026.Aug
  Observations        140
 -----------------------------------------------------------------------------
               Jan      Feb      Mar      Apr      May      Jun 
               Jul      Aug      Sep      Oct      Nov      Dec         AVGE  
 -----------------------------------------------------------------------------
  2015        99.89   100.07    99.75    99.73    99.90   100.16
             100.29   100.05   100.25   100.11    99.82    99.99        100.00
 
  2016        99.85   100.08    99.77    99.78    99.95   100.12
             100.26   100.01   100.22   100.10    99.84   100.00        100.00
 
  2017        99.80   100.08    99.80    99.89   100.00   100.10
             100.22    99.93   100.15   100.08    99.89   100.03        100.00
 
  2018        99.79   100.08    99.86    99.98   100.04   100.05
             100.18    99.81   100.07   100.08    99.96   100.07        100.00
 
  2019        99.79   100.10    99.96   100.05   100.04   100.00
             100.12    99.69   100.02   100.06    99.97   100.10         99.99
 
  2020        99.83   100.20   100.06   100.08   100.04    99.94
             100.04    99.58    99.99   100.04    99.95   100.11         99.99
 
  2021        99.88   100.32   100.16   100.11   100.03    99.89
              99.97    99.52    99.95   100.01    99.87   100.09         99.98
 
  2022        99.97   100.48   100.25   100.15   100.01    99.82
              99.88    99.47    99.91   100.03    99.81   100.06         99.99
 
  2023       100.03   100.61   100.34   100.23   100.00    99.73
              99.77    99.47    99.85   100.05    99.77   100.02         99.99
 
  2024       100.09   100.72   100.39   100.32    99.97    99.65
              99.65    99.47    99.80   100.09    99.79   100.01         99.99
 
  2025       100.15   100.75   100.41   100.41    99.95    99.58
              99.56    99.48    99.75   100.12    99.83   100.01        100.00
 
  2026       100.20   100.74   100.44   100.45    99.88    99.56
              99.51    99.46                                            100.03
 
  AVGE        99.94   100.35   100.10   100.10    99.98    99.88
              99.95    99.66   100.00   100.07    99.86   100.04

  Table Total-     13999.35   Mean-     100.00   Std. Dev.-       0.25
                              Min -      99.46        Max -     100.75

 D 16.A  Combined adjustment component forecasts
  From  2026.Sep to 2027.Aug
  Observations         12
 -----------------------------------------------------------------------------
               Jan      Feb      Mar      Apr      May      Jun 
               Jul      Aug      Sep      Oct      Nov      Dec         AVGE  
 -----------------------------------------------------------------------------
  2026                                                          
                                99.72   100.15    99.88   100.01         99.94
 
  2027       100.22   100.74   100.45   100.44    99.84    99.56
              99.50    99.45                                            100.03
 
        R35 monthly CPI index            PAGE  18, SERIES series

 E 4  Ratios of annual totals
  From          2015 to 2025
  Observations         11
 -----------------------------------
  Year       Unmodified     Modified
                  (D11)         (E2)
 -----------------------------------
  2015           100.00       100.00
 
  2016           100.00       100.00
 
  2017           100.00       100.00
 
  2018           100.00       100.00
 
  2019            99.99        99.99
 
  2020            99.99        99.99
 
  2021            99.98        99.98
 
  2022            99.98        99.98
 
  2023            99.99        99.99
 
  2024           100.00        99.99
 
  2025           100.00       100.00
 
        R35 monthly CPI index            PAGE  19, SERIES series

 E 5  Month-to-month percent change in the original series
  From  2015.Feb to 2026.Aug
  Observations        139
 -----------------------------------------------------------------------------
               Jan      Feb      Mar      Apr      May      Jun 
               Jul      Aug      Sep      Oct      Nov      Dec         AVGE  
 -----------------------------------------------------------------------------
  2015                  -0.2     -0.2     -0.5      0.1      0.1
                0.3     -0.8      0.3     -1.0     -0.8      2.1          -0.1
 
  2016         -0.5     -0.1     -1.4     -0.7     -0.5      0.2
               -0.8      0.2     -1.0     -1.8      0.1     -0.1          -0.5
 
  2017         -0.5     -0.5     -1.1     -0.3     -0.1     -0.3
               -0.1     -0.8     -0.8      0.1     -1.6     -0.6          -0.5
 
  2018         -1.2     -0.3     -0.3     -0.5     -0.9     -1.2
               -0.8     -0.7     -0.4     -0.8     -0.7     -0.6          -0.7
 
  2019         -1.0      0.3     -1.1      0.3     -1.0     -1.3
               -0.4     -1.2     -0.8      0.5     -0.3     -0.4          -0.5
 
  2020         -0.8     -0.4     -0.1      0.1     -0.3      0.1
               -0.1     -1.3     -0.4     -0.1     -0.3     -0.1          -0.3
 
  2021         -0.1     -0.1      0.1     -0.8      0.4      1.2
                0.5      0.7      2.4      1.2      1.0      1.0           0.6
 
  2022          0.4      1.5      0.2      0.1      0.9      0.1
                0.7      0.6      0.1      0.1     -0.2      1.0           0.5
 
  2023          0.5      1.4     -0.1      0.5      0.2      0.0
                0.1      0.5      0.4      0.2     -0.8      1.5           0.4
 
  2024          0.3      0.6      0.1      0.5     -0.3     -1.1
               -0.1     -0.7      2.7      0.8     -1.8      1.1           0.2
 
  2025          0.2      1.0     -0.4     -0.3     -0.2      0.6
                0.7      0.0      1.0      1.4     -3.3      1.5           0.2
 
  2026         -0.2      3.2      0.4      1.1     -0.8      0.6
                0.3      1.2                                               0.7
 
  AVGE         -0.3      0.5     -0.3     -0.1     -0.2     -0.1
                0.0     -0.2      0.3      0.1     -0.8      0.6

  Table Total-        -4.85   Mean-      -0.03   Std. Dev.-       0.89
                              Min -      -3.26        Max -       3.22
        R35 monthly CPI index            PAGE  20, SERIES series

 E 6  Month-to-month percent change in seasonally adjusted series (D11)
  From  2015.Feb to 2026.Aug
  Observations        139
 -----------------------------------------------------------------------------
               Jan      Feb      Mar      Apr      May      Jun 
               Jul      Aug      Sep      Oct      Nov      Dec         AVGE  
 -----------------------------------------------------------------------------
  2015                  -0.4      0.1     -0.5     -0.1     -0.2
                0.2     -0.6      0.1     -0.9     -0.5      2.0          -0.1
 
  2016         -0.4     -0.3     -1.1     -0.7     -0.7      0.0
               -1.0      0.5     -1.2     -1.7      0.4     -0.3          -0.5
 
  2017         -0.3     -0.8     -0.8     -0.4     -0.2     -0.4
               -0.2     -0.5     -1.0      0.2     -1.4     -0.7          -0.5
 
  2018         -1.0     -0.6     -0.1     -0.6     -1.0     -1.2
               -1.0     -0.4     -0.6     -0.9     -0.6     -0.7          -0.7
 
  2019         -0.7     -0.1     -1.0      0.2     -1.0     -1.2
               -0.5     -0.7     -1.1      0.5     -0.2     -0.5          -0.5
 
  2020         -0.5     -0.8      0.0      0.1     -0.2      0.2
               -0.2     -0.9     -0.8     -0.2     -0.2     -0.3          -0.3
 
  2021          0.1     -0.6      0.3     -0.8      0.5      1.4
                0.5      1.1      2.0      1.1      1.2      0.8           0.6
 
  2022          0.5      1.0      0.5      0.2      1.0      0.3
                0.7      1.0     -0.3     -0.0     -0.0      0.7           0.5
 
  2023          0.5      0.9      0.2      0.6      0.5      0.3
                0.1      0.8     -0.0      0.0     -0.5      1.3           0.4
 
  2024          0.3     -0.1      0.4      0.5      0.0     -0.8
               -0.1     -0.5      2.3      0.5     -1.5      0.9           0.2
 
  2025          0.1      0.4     -0.1     -0.3      0.2      0.9
                0.7      0.1      0.7      1.1     -3.0      1.3           0.2
 
  2026         -0.4      2.7      0.7      1.1     -0.3      1.0
                0.4      1.2                                               0.8
 
  AVGE         -0.2      0.1     -0.1     -0.1     -0.1      0.0
               -0.0      0.1      0.0     -0.0     -0.6      0.4

  Table Total-        -4.50   Mean-      -0.03   Std. Dev.-       0.82
                              Min -      -2.99        Max -       2.67
        R35 monthly CPI index            PAGE  21, SERIES series

 E 7  Month-to-month percent change in final trend cycle (D12)
  From  2015.Feb to 2026.Aug
  Observations        139
 -----------------------------------------------------------------------------
               Jan      Feb      Mar      Apr      May      Jun 
               Jul      Aug      Sep      Oct      Nov      Dec         AVGE  
 -----------------------------------------------------------------------------
  2015                  -0.2     -0.2     -0.2     -0.1     -0.1
               -0.2     -0.2     -0.4     -0.5     -0.5      2.1          -0.0
 
  2016         -0.5     -0.6     -0.7     -0.7     -0.6     -0.5
               -0.5     -0.5     -0.6     -0.5     -0.4     -0.5          -0.6
 
  2017         -0.5     -0.6     -0.6     -0.5     -0.4     -0.3
               -0.4     -0.5     -0.6     -0.7     -0.8     -0.8          -0.6
 
  2018         -0.7     -0.6     -0.5     -0.6     -0.8     -1.0
               -0.9     -0.7     -0.6     -0.7     -0.7     -0.7          -0.7
 
  2019         -0.6     -0.5     -0.5     -0.6     -0.7     -0.8
               -0.7     -0.6     -0.4     -0.3     -0.3     -0.4          -0.5
 
  2020         -0.5     -0.4     -0.2     -0.0      0.1     -0.1
               -0.4     -0.6     -0.6     -0.5     -0.3     -0.2          -0.3
 
  2021         -0.1     -0.2     -0.1      0.0      0.3      0.6
                1.0      1.3      1.4      1.3      1.1      0.9           0.6
 
  2022          0.7      0.6      0.6      0.6      0.6      0.6
                0.5      0.4      0.2      0.1      0.2      0.4           0.5
 
  2023          0.6      0.6      0.5      0.4      0.4      0.4
                0.3      0.3      0.2      0.2      0.2      0.2           0.4
 
  2024          0.3      0.3      0.3      0.2     -0.0     -0.3
               -0.4     -0.4      2.3     -0.1     -0.0      0.1           0.2
 
  2025          0.1      0.1     -0.0      0.1      0.3      0.5
                0.6      0.6      0.6      0.6      0.6      0.5           0.4
 
  2026          0.4      0.5      0.5      0.4      0.4      0.4
                0.5      0.5                                               0.4
 
  AVGE         -0.1     -0.1     -0.1     -0.1     -0.1     -0.1
               -0.0     -0.0      0.1     -0.1     -0.1      0.1

  Table Total-        -4.84   Mean-      -0.03   Std. Dev.-       0.59
                              Min -      -0.96        Max -       2.32
        R35 monthly CPI index            PAGE  22, SERIES series

 E 8  Month-to-month percent change in original series adjusted for calendar factors (A18)
  From  2015.Feb to 2026.Aug
  Observations        139
 -----------------------------------------------------------------------------
               Jan      Feb      Mar      Apr      May      Jun 
               Jul      Aug      Sep      Oct      Nov      Dec         AVGE  
 -----------------------------------------------------------------------------
  2015                  -0.2     -0.2     -0.5      0.1      0.1
                0.3     -0.8      0.3     -1.0     -0.8      2.1          -0.1
 
  2016         -0.5     -0.1     -1.4     -0.7     -0.5      0.2
               -0.8      0.2     -1.0     -1.8      0.1     -0.1          -0.5
 
  2017         -0.5     -0.5     -1.1     -0.3     -0.1     -0.3
               -0.1     -0.8     -0.8      0.1     -1.6     -0.6          -0.5
 
  2018         -1.3     -0.3     -0.3     -0.5     -0.9     -1.2
               -0.8     -0.7     -0.4     -0.8     -0.7     -0.6          -0.7
 
  2019         -1.0      0.3     -1.1      0.3     -1.0     -1.3
               -0.4     -1.2     -0.8      0.5     -0.3     -0.4          -0.5
 
  2020         -0.8     -0.4     -0.1      0.1     -0.3      0.1
               -0.1     -1.3     -0.4     -0.1     -0.3     -0.1          -0.3
 
  2021         -0.1     -0.1      0.1     -0.8      0.4      1.2
                0.5      0.7      2.4      1.2      1.0      1.0           0.6
 
  2022          0.4      1.5      0.2      0.1      0.9      0.1
                0.7      0.6      0.1      0.1     -0.2      1.0           0.5
 
  2023          0.5      1.4     -0.1      0.5      0.2      0.0
                0.1      0.5      0.4      0.2     -0.8      1.5           0.4
 
  2024          0.3      0.6      0.1      0.5     -0.3     -1.1
               -0.1     -0.7      2.7      0.8     -1.8      1.1           0.2
 
  2025          0.2      1.0     -0.4     -0.3     -0.2      0.6
                0.7      0.0      1.0      1.4     -3.3      1.5           0.2
 
  2026         -0.2      3.2      0.4      1.1     -0.8      0.6
                0.3      1.2                                               0.7
 
  AVGE         -0.3      0.5     -0.3     -0.1     -0.2     -0.1
                0.0     -0.2      0.3      0.1     -0.8      0.6

  Table Total-        -4.85   Mean-      -0.03   Std. Dev.-       0.89
                              Min -      -3.26        Max -       3.22
        R35 monthly CPI index            PAGE  23, SERIES series

 E 18  Final adjustment ratios
  From  2015.Jan to 2026.Aug
  Observations        140
 -----------------------------------------------------------------------------
               Jan      Feb      Mar      Apr      May      Jun 
               Jul      Aug      Sep      Oct      Nov      Dec         AVGE  
 -----------------------------------------------------------------------------
  2015         99.9    100.1     99.7     99.7     99.9    100.2
              100.3    100.1    100.2    100.1     99.8    100.0         100.0
 
  2016         99.8    100.1     99.8     99.8     99.9    100.1
              100.3    100.0    100.2    100.1     99.8    100.0         100.0
 
  2017         99.8    100.1     99.8     99.9    100.0    100.1
              100.2     99.9    100.2    100.1     99.9    100.0         100.0
 
  2018         99.8    100.1     99.9    100.0    100.0    100.0
              100.2     99.8    100.1    100.1    100.0    100.1         100.0
 
  2019         99.8    100.1    100.0    100.0    100.0    100.0
              100.1     99.7    100.0    100.1    100.0    100.1         100.0
 
  2020         99.8    100.2    100.1    100.1    100.0     99.9
              100.0     99.6    100.0    100.0    100.0    100.1         100.0
 
  2021         99.9    100.3    100.2    100.1    100.0     99.9
              100.0     99.5    100.0    100.0     99.9    100.1         100.0
 
  2022        100.0    100.5    100.3    100.2    100.0     99.8
               99.9     99.5     99.9    100.0     99.8    100.1         100.0
 
  2023        100.0    100.6    100.3    100.2    100.0     99.7
               99.8     99.5     99.9    100.1     99.8    100.0         100.0
 
  2024        100.1    100.7    100.4    100.3    100.0     99.6
               99.6     99.5     99.8    100.1     99.8    100.0         100.0
 
  2025        100.1    100.7    100.4    100.4     99.9     99.6
               99.6     99.5     99.7    100.1     99.8    100.0         100.0
 
  2026        100.2    100.7    100.4    100.4     99.9     99.6
               99.5     99.5                                             100.0
 
  AVGE         99.9    100.4    100.1    100.1    100.0     99.9
              100.0     99.7    100.0    100.1     99.9    100.0

  Table Total-     13999.35   Mean-     100.00   Std. Dev.-       0.25
                              Min -      99.46        Max -     100.75

 E 18.A  Final adjustment ratio forecasts
  From  2026.Sep to 2027.Aug
  Observations         12
 -----------------------------------------------------------------------------
               Jan      Feb      Mar      Apr      May      Jun 
               Jul      Aug      Sep      Oct      Nov      Dec         AVGE  
 -----------------------------------------------------------------------------
  2026                                                          
                                 99.7    100.2     99.9    100.0          99.9
 
  2027        100.2    100.7    100.4    100.4     99.8     99.6
               99.5     99.4                                             100.0
 

  QS statistic for seasonality:
  log(Original Series)                               16.89  (P-Value =     0.0002)
  log(Original Series (EV adj))                      10.85  (P-Value =     0.0044)
  Residuals                                           0.62  (P-Value =     0.7328)
  log(Seasonally Adjusted Series)                     2.49  (P-Value =     0.2875)
  log(SA Series (EV adj))                             0.00  (P-Value =     1.0000)
  Irregular Series                                    0.01  (P-Value =     0.9938)
  Irregular Series (EV adj)                           0.00  (P-Value =     1.0000)

  QS statistic for seasonality (starting 2018.Sep):
  log(Original Series)                               18.69  (P-Value =     0.0001)
  log(Original Series (EV adj))                      16.16  (P-Value =     0.0003)
  Residuals                                           0.66  (P-Value =     0.7195)
  log(Seasonally Adjusted Series)                     6.56  (P-Value =     0.0376)
  log(SA Series (EV adj))                             0.00  (P-Value =     1.0000)
  Irregular Series                                    1.50  (P-Value =     0.4716)
  Irregular Series (EV adj)                           0.00  (P-Value =     1.0000)


 WARNING: Series should not be a candidate for seasonal adjustment
          because the spectrum of the prior adjusted series (Table B1)
          has no visually significant seasonal peaks.

          If this is a component series of an indirectly adjusted
          composite series, consider using type = trend or type = summary
          in the x11 spec.
        R35 monthly CPI index            PAGE  24, SERIES series
 G 0  10*LOG(SPECTRUM) of the differenced, transformed Prior Adjusted Series
      (Table B1).  Spectrum estimated from 2018.Sep to 2026.Aug.
 ++++++++++I+++++++++++++++++++++++++++++++++++++++++++++++++++++++++++++I
     -32.30I  *                                                          I    -32.30
           I  *                                                          I
           I  *                                                          I
           I  *                                                          I
     -33.79I  *                                                          I    -33.79
           I  *                                                          I
           I  *                                                          I
           I  *                                                          I
     -35.29I  *                                                          I    -35.29
           I  *                                                          I
           I **                                                          I
           I **                                                          I
     -36.79I **                                                          I    -36.79
           I **                                                          I
           I **                                                          I
           I **                                                          I
     -38.29I **                                                         SI    -38.29
           I **                                                         SI
           I***                                               S         SI
           I****  *                                           S         SI
     -39.79I****  *                                           S         SI    -39.79
           I**** **                                           S        *SI
           I**** **                                           S        *SI
           I**** **                                   T      *S        *SI
     -41.28I**** **                                   T*     *S        *SI    -41.28
           I*******                                   T*     *S*       *SI
           I*******                                   T*     *S*       *SI
           I*******             S                     T*     *S*       *SI
     -42.78I*******    *        S                     T*     *S*       *SI    -42.78
           I*******    *       *S      *    *         T*     *S*       *SI
           I*******    *       *S      *   **         T*     *S*T*     *SI
           I********   **      *S      *   **         T*    **S*T*     *SI
     -44.28I********   **    ***S     **  S**         T*    **S*T*     *SI    -44.28
           I********   **    ***S     **  S**     *   T*    **S*T*     *SI
           I********   **   ****S     ****S**     *   T*    **S*T*    **SI
           I********  S**   ****S     ****S***    ** *T*    **S*T*    **SI
     -45.78I********  S**   ****S     ****S***    ** *T*   ***S*T*    **SI    -45.78
           I********  S***  ****S     ****S***    ** *T*   ***S*T*    **SI
           I********  S*** *****S*    ****S***    **S*T**  ***S*T**   **SI
           I********* S*** *****S*    ****S***    **S*T** ****S*T**   **SI
     -47.27I**********S*********S*    ****S***    **S*T*******S*T**   **SI    -47.27
           I**********S*********S*    ****S***    **S*T*******S*T**   **SI
           I**********S*********S*    ****S***    **S*T*******S*T**   **SI
           I**********S*********S*    ****S***   ***S*T*******S*T**   **SI
     -48.77I**********S*********S*   *****S***   ***S*T*******S*T**  ***SI    -48.77
           I**********S*********S*   *****S****  ***S*T*******S*T*** ***SI
           I**********S*********S*   *****S****  ***S*T*******S*T*** ***SI
           I**********S*********S*   *****S****  ***S*T*******S*T*******SI
     -50.27I**********S*********S**  *****S****  ***S*T*******S*T*******SI    -50.27
           I**********S*********S**  *****S**** ****S*T*******S*T*******SI
           I**********S*********S**  *****S*********S*T*******S*T*******SI
           I**********S*********S** ******S*********S*T*******S*T*******SI
     -51.77I**********S*********S*********S*********S*T*******S*T*******SI    -51.77
 ++++++++++I+++++++++++++++++++++++++++++++++++++++++++++++++++++++++++++I
            S=SEASONAL FREQUENCIES, T=TRADING DAY FREQUENCIES
        R35 monthly CPI index            PAGE  25, SERIES series
 G 1  10*LOG(SPECTRUM) of the differenced, transformed seasonally adjusted 
      data (Table D11).  Spectrum estimated from 2018.Sep to 2026.Aug.
 ++++++++++I+++++++++++++++++++++++++++++++++++++++++++++++++++++++++++++I
     -32.76I  *                                                          I    -32.76
           I  *                                                          I
           I  *                                                          I
           I  *                                                          I
     -34.20I  *                                                          I    -34.20
           I  *                                                          I
           I  *                                                          I
           I **                                                          I
     -35.63I **                                                          I    -35.63
           I **                                                          I
           I **                                                          I
           I **                                                          I
     -37.06I **                                                         SI    -37.06
           I **                                                         SI
           I **                                                         SI
           I***                                                         SI
     -38.50I***                         *                      *        SI    -38.50
           I***   *                     *             T        *     *  SI
           I***   *                     *             T        *     *  SI
           I***   *                     *             T        *    **  SI
     -39.93I****  *                     *             T        *    **  SI    -39.93
           I****  *                     *             T*       *    ** *SI
           I****  *                     *             T*       *    ** *SI
           I****  *                     *             T*       *    ** *SI
     -41.36I****  *       *             *          *  T*      S*    ** *SI    -41.36
           I****  *       *     S*      *          *  T*      S*    ****SI
           I**** **      **    *S*      **         *  T*      S*    ****SI
           I**** **      **    *S*     ***        **  T*    * S*    ****SI
     -42.80I********     ***  **S*     ***        **  T*    * S*    ****SI    -42.80
           I********     *******S*     ***        **  T*   ***S*    ****SI
           I********     *******S**    ***        **  T*   ***S*T   ****SI
           I********     *******S**    ***        ** *T*   ***S*T   ****SI
     -44.23I********     *******S**    *** **     **S*T*   ***S*T   ****SI    -44.23
           I********     *******S**    ***S**     **S*T*   ***S*T   ****SI
           I********     *******S**    ***S**     **S*T*   ***S*T   ****SI
           I********    ********S**    ***S**     **S*T*   ***S*T  *****SI
     -45.66I********    ********S***   ***S**     **S*T*   ***S*T  *****SI    -45.66
           I********    ********S***  ****S**     **S*T*   ***S*T  *****SI
           I********    ********S***  ****S**     **S*T*  ****S*T  *****SI
           I********    ********S***  ****S**     **S*T** ****S*T  *****SI
     -47.09I********    ********S**** ****S**     **S*T** ****S*T  *****SI    -47.09
           I*********   ********S*********S***    **S*T** ****S*T* *****SI
           I*********   ********S*********S***    **S*T*******S*T*******SI
           I*********   ********S*********S***   ***S*T*******S*T*******SI
     -48.53I*********  *********S*********S***   ***S*T*******S*T*******SI    -48.53
           I*********  *********S*********S***   ***S*T*******S*T*******SI
           I*********  *********S*********S***   ***S*T*******S*T*******SI
           I********** *********S*********S***   ***S*T*******S*T*******SI
     -49.96I**********S*********S*********S***   ***S*T*******S*T*******SI    -49.96
           I**********S*********S*********S****  ***S*T*******S*T*******SI
           I**********S*********S*********S****  ***S*T*******S*T*******SI
           I**********S*********S*********S**** ****S*T*******S*T*******SI
     -51.39I**********S*********S*********S*********S*T*******S*T*******SI    -51.39
 ++++++++++I+++++++++++++++++++++++++++++++++++++++++++++++++++++++++++++I
            S=SEASONAL FREQUENCIES, T=TRADING DAY FREQUENCIES
        R35 monthly CPI index            PAGE  26, SERIES series
 G 2  10*LOG(SPECTRUM) of the Irregular (Table D13).  
      Spectrum estimated from 2018.Sep to 2026.Aug.
 ++++++++++I+++++++++++++++++++++++++++++++++++++++++++++++++++++++++++++I
     -45.49I                                           *                 I    -45.49
           I                                           *                 I
           I                                           *                 I
           I                                           *                 I
     -46.85I                                           *                 I    -46.85
           I                   *       **   *         T*                 I
           I                   *       **   *         T*                SI
           I                   *       **   *         T*                SI
     -48.22I            *      *       **   *         T*                SI    -48.22
           I            *      *       **   *         T*                SI
           I            *      *      ***   *         T*        T       SI
           I            *      *      ***   **        T*        T       SI
     -49.58I            *      *      ***   **        T*        T       SI    -49.58
           I            *      *      ***   **        T*    *   T       SI
           I            *      *      ***   **        T*    *   T*     *SI
           I            *     **      ***   **    *   T*    *   T*     *SI
     -50.94I            *     **      ****  **    *   T*    *   T*     *SI    -50.94
           I            *     **      ****  **    *   T*   **   T*     *SI
           I            *     **     *****  **    *  *T*   **  *T*     *SI
           I            *     **     ***** ***   **  *T*   *** *T*     *SI
     -52.30I       *   **     **S    ***** ***   *** *T**  *** *T*     *SI    -52.30
           I       *   **     **S    ***** ***   *** *T**  *** *T*     *SI
           I       *   **     **S    *****S***   ***S*T**  ***S*T*     *SI
           I       *   **     **S    *****S***   ***S*T**  ***S*T*    **SI
     -53.66I       **  **    ***S    *****S***   ***S*T**  ***S*T**   **SI    -53.66
           I       **  ***   ***S    *****S****  ***S*T** ****S*T**   **SI
           I       **  ***   ***S    *****S****  ***S*T*******S*T**  ***SI
           I       **  ***   ***S    *****S**** ****S*T*******S*T*** ***SI
     -55.03I   *   **  ***   ***S    *****S**** ****S*T*******S*T*******SI    -55.03
           I   *   **  ***  ****S   ******S*********S*T*******S*T*******SI
           I   *   **  ***  ****S   ******S*********S*T*******S*T*******SI
           I   ** *** S***  ****S   ******S*********S*T*******S*T*******SI
     -56.39I   ** ****S***  ****S   ******S*********S*T*******S*T*******SI    -56.39
           I   ** ****S**** ****S*  ******S*********S*T*******S*T*******SI
           I   ** ****S*********S*  ******S*********S*T*******S*T*******SI
           I   *******S*********S*  ******S*********S*T*******S*T*******SI
     -57.75I   *******S*********S* *******S*********S*T*******S*T*******SI    -57.75
           I   *******S*********S* *******S*********S*T*******S*T*******SI
           I   *******S*********S*********S*********S*T*******S*T*******SI
           I   *******S*********S*********S*********S*T*******S*T*******SI
     -59.11I  ********S*********S*********S*********S*T*******S*T*******SI    -59.11
           I  ********S*********S*********S*********S*T*******S*T*******SI
           I  ********S*********S*********S*********S*T*******S*T*******SI
           I  ********S*********S*********S*********S*T*******S*T*******SI
     -60.47I  ********S*********S*********S*********S*T*******S*T*******SI    -60.47
           I  ********S*********S*********S*********S*T*******S*T*******SI
           I  ********S*********S*********S*********S*T*******S*T*******SI
           I  ********S*********S*********S*********S*T*******S*T*******SI
     -61.84I  ********S*********S*********S*********S*T*******S*T*******SI    -61.84
           I *********S*********S*********S*********S*T*******S*T*******SI
           I *********S*********S*********S*********S*T*******S*T*******SI
           I *********S*********S*********S*********S*T*******S*T*******SI
     -63.20I**********S*********S*********S*********S*T*******S*T*******SI    -63.20
 ++++++++++I+++++++++++++++++++++++++++++++++++++++++++++++++++++++++++++I
            S=SEASONAL FREQUENCIES, T=TRADING DAY FREQUENCIES
        R35 monthly CPI index            PAGE  27, SERIES series

  Peak probabilities for Tukey spectrum estimator
  Spectrum estimated from 2018.Sep to 2026.Aug.

                                          S1       S2       S3       S4       S5       S6       TD
                                        ------   ------   ------   ------   ------   ------   ------
  Model Residuals                        0.783    0.019    0.483    0.061    0.664    0.795    0.469  
  Prior Adjusted Series (Table B1)       0.348    0.799    0.703    0.635    0.904*   0.904*   0.985* 
  Seasonally adjusted series (D11)       0.072    0.762    0.371    0.696    0.752    0.689    0.987* 
  Irregular (D13)                        0.174    0.811    0.086    0.468    0.372    0.788    0.994**
  ----------
     ** - Peak Probability > 0.99,
      * - 0.90 < Peak Probability < 0.99



  NP statistic for residual seasonality:

  NP statistic for residual seasonality (Full series)
                                                  Residual Seasonality?
  log(Seasonally Adjusted Series)                          no
  log(Seasonally Adjusted Series (EV adj))                 no

  NP statistic for residual seasonality (Series start in 2018.Sep)
                                                  Residual Seasonality?
  log(Seasonally Adjusted Series)                          no
  log(Seasonally Adjusted Series (EV adj))                 no
