  Reading input spec file from series.spc

1

               U. S. Department of Commerce, U. S. Census Bureau

              X-13ARIMA-SEATS monthly seasonal adjustment Method,
                          Release Version 1.1 Build 62


           This software application provides an enhanced version of
             Statistics Canada's X-11-ARIMA extension (Dagum, 1980)
                 of the X-11 variant of the Census Method II of
                      Shiskin, Young and Musgrave (1967).

            It also provides an ARIMA model-based method following
       Hillmer and Tiao (1982) and Burman (1980) that is very similar
       to the update of the method of SEATS (Gomez and Maravall, 1996)
                produced at the Bank of Spain by G. Caporello and
               A. Maravall for TSW (Caporello and Maravall, 2004).
          The present application includes additional enhancements.

         X-13ARIMA-SEATS includes an automatic ARIMA model selection procedure
          based largely on the procedure of Gomez and Maravall (1998)
            as implemented in TRAMO (1996) and subsequent revisions.

              Primary Programmers: Brian Monsell, Mark Otto and,
                 for the ARIMA model-based signal extraction,
                      Gianluca Caporello and Victor Gomez


     Series Title- R35 monthly CPI index
     Series Name- series
     Sep 22, 2026  22.39.44 

        -Period covered-  1st month,2015 to  7th month,2026
        -Type of run - multiplicative seasonal adjustment

        -Sigma limits for graduating extreme values are  1.5 and  2.5 .
        -3x3 moving average used in section 1 of each iteration, 
         3x5 moving average in section 2 of iterations B and C,
         moving average for final seasonal factors chosen by Global MSR.
        -Spectral plots generated for selected series
        -Spectral plots generated for series starting in 2018.Aug

 FILE SAVE REQUESTS (* indicates file exists and will be overwritten)
  series.d10  final seasonal factors
  series.d11  final seasonally adjusted data
  series.d12  final trend cycle
  series.d13  final irregular component
  series.out  program output file
  series.err  program error file
  series.udg  seasonal adjustment and model diagnostics file
        R35 monthly CPI index            PAGE   1, SERIES series

     Contents of spc file series.spc

 Line #
 ------
      1: series { title="R35 monthly CPI index" start=2015.1 period=12 data=(
      2: 98.700000000000003 99.5 99.5 99.700000000000003 99.900000000000006 100.3
      3: 100.3 100.3 100.40000000000001 100.40000000000001 100.40000000000001 100.5
      4: 100.59999999999999 100.5 100.5 101.5 101.7 102.09999999999999
      5: 102.40000000000001 102.3 102.8 103.2 102.90000000000001 102.2
      6: 102.40000000000001 101.5 101.5 101.59999999999999 100.90000000000001 100.90000000000001
      7: 100.59999999999999 100.40000000000001 100.5 100.59999999999999 100.8 100.8
      8: 101.09999999999999 101.7 101.90000000000001 102.09999999999999 102.5 103.09999999999999
      9: 104.59999999999999 104.59999999999999 104.8 105.59999999999999 105.7 106
     10: 106.3 106.5 106.90000000000001 107.7 108.3 108.3
     11: 109.90000000000001 109.90000000000001 110 110 109.8 109.8
     12: 110.3 111.09999999999999 111.3 111.40000000000001 111.5 111.40000000000001
     13: 111.90000000000001 112 112.09999999999999 112.2 112.2 113.40000000000001
     14: 114.59999999999999 116.40000000000001 117.5 117.8 117.8 117.8
     15: 117.8 119 119.09999999999999 119.09999999999999 120 120
     16: 121.09999999999999 122.8 122.90000000000001 123.59999999999999 124 124
     17: 125.40000000000001 125.5 125.59999999999999 126.40000000000001 126.8 127.09999999999999
     18: 128.69999999999999 128 128.09999999999999 128.19999999999999 128.19999999999999 128.30000000000001
     19: 128.40000000000001 128.80000000000001 129.19999999999999 129.40000000000001 130 130.30000000000001
     20: 130.90000000000001 133.40000000000001 133.69999999999999 133.69999999999999 134.40000000000001 134.5
     21: 135.30000000000001 135.40000000000001 135.80000000000001 135.90000000000001 136 136.09999999999999
     22: 137 139.5 139.90000000000001 140.69999999999999 141 141.19999999999999
     23: 141.40000000000001 141.59999999999999 142 142.09999999999999 143.40000000000001 143.69999999999999
     24: 145.09999999999999 146.30000000000001 146.40000000000001 146.5 146.59999999999999 146.90000000000001
     25: 147.19999999999999
     26: ) }
     27: transform { function=log }
     28: automdl { }
     29: outlier { types=(ao ls tc) }
     30: x11 { mode=mult save=(d10 d11 d12 d13) appendfcst=no appendbcst=no savelog=all }
     31: spectrum { logqs=yes robustsa=no print=all savelog=all }
     32: check { }
        R35 monthly CPI index            PAGE   2, SERIES series

 A 1  Time series data (for the span analyzed)
  From  2015.Jan to 2026.Jul
  Observations        139
 -----------------------------------------------------------------------------
               Jan      Feb      Mar      Apr      May      Jun 
               Jul      Aug      Sep      Oct      Nov      Dec        TOTAL  
 -----------------------------------------------------------------------------
  2015          99.     100.     100.     100.     100.     100.
               100.     100.     100.     100.     100.     101.         1200.
 
  2016         101.     101.     101.     102.     102.     102.
               102.     102.     103.     103.     103.     102.         1223.
 
  2017         102.     102.     102.     102.     101.     101.
               101.     100.     101.     101.     101.     101.         1213.
 
  2018         101.     102.     102.     102.     103.     103.
               105.     105.     105.     106.     106.     106.         1244.
 
  2019         106.     107.     107.     108.     108.     108.
               110.     110.     110.     110.     110.     110.         1303.
 
  2020         110.     111.     111.     111.     112.     111.
               112.     112.     112.     112.     112.     113.         1341.
 
  2021         115.     116.     118.     118.     118.     118.
               118.     119.     119.     119.     120.     120.         1417.
 
  2022         121.     123.     123.     124.     124.     124.
               125.     126.     126.     126.     127.     127.         1495.
 
  2023         129.     128.     128.     128.     128.     128.
               128.     129.     129.     129.     130.     130.         1546.
 
  2024         131.     133.     134.     134.     134.     135.
               135.     135.     136.     136.     136.     136.         1615.
 
  2025         137.     140.     140.     141.     141.     141.
               141.     142.     142.     142.     143.     144.         1694.
 
  2026         145.     146.     146.     147.     147.     147.
               147.                                                      1025.
 
  AVGE         116.     117.     118.     118.     118.     118.
               119.     116.     117.     117.     117.     117.

  Table Total-     16314.30   Mean-     117.37   Std. Dev.-      15.15
                              Min -      98.70        Max -     147.20
        R35 monthly CPI index            PAGE   3, SERIES series
                        Automatic ARIMA Model Selection

                    Procedure based closely on TRAMO method 
                         of Gomez and Maravall (2000)
              "Automatic Modeling Methods for Univariate Series",
                            A Course in Time Series
                  (Edited by D. Pena, G. C. Tiao, R. S. Tsay),
                         New York : J. Wiley and Sons


     Maximum order for regular ARMA parameters :   2
     Maximum order for seasonal ARMA parameters :   1
     Maximum order for regular differencing :   2
     Maximum order for seasonal differencing :   1

   Results of Unit Root Test for identifying orders of differencing:
     Regular difference order :   1
     Seasonal difference order :   0

     Mean is significant.

  Automatic model choice : (1 1 0)(1 0 1)

   Results of Unit Root Test for identifying orders of differencing:
     Regular difference order :   1
     Seasonal difference order :   0

     Mean is significant.

  Automatic model choice : (1 1 1)(1 0 1)


  Final Checks for Identified Model


  Checking for Unit Roots.
   No unit roots found.

  Checking for nonseasonal overdifferencing.
   Nonseasonal MA not within  0.001 of 1.0 - model passes test.

  Checking for insignificant ARMA coefficients.

  Final automatic model choice : (3 1 1)(1 0 1)
   End of automatic model selection procedure.

 Average absolute percentage error in within-sample forecasts:
  Last year:   0.58      Last-1 year:   0.52     Last-2 year:   1.08
  Last three years:    0.73

 Estimation converged in   22 ARMA iterations,  178 function evaluations.

 Regression Model
 ------------------------------------------------------------------------------
                             Parameter        Standard
 Variable                     Estimate           Error      t-value
 ------------------------------------------------------------------------------
 Constant                       0.0028         0.00092         3.07

 Automatically Identified Outliers
   AO2023.Jan                   0.0105         0.00223         4.70
 ------------------------------------------------------------------------------


 ARIMA Model:  (3 1 1)(1 0 1)
   Nonseasonal differences: 1
                                              Standard
 Parameter                    Estimate          Errors
 -----------------------------------------------------
 Nonseasonal AR                                    
   Lag  1                      -0.5431         0.13080
   Lag  2                       0.2160         0.09366
   Lag  3                       0.3032         0.08140

 Seasonal AR                                       
   Lag 12                       0.7598         0.10298

 Nonseasonal MA                                    
   Lag  1                      -0.7112         0.11645

 Seasonal MA                                       
   Lag 12                       0.5180         0.11594

 Variance                       0.14444E-04
 SE of Var                      0.17388E-05
 -----------------------------------------------------

 Likelihood Statistics
 ------------------------------------------------------------------
 Number of observations (nobs)                                  139
 Effective number of observations (nefobs)                      138
 Number of parameters estimated (np)                              9
 Log likelihood                                            571.9705
 Transformation Adjustment                                -656.6579
 Adjusted Log likelihood (L)                               -84.6874
 AIC                                                       187.3748 
 AICC (F-corrected-AIC)                                    188.7810 
 Hannan Quinn                                              198.0809 
 BIC                                                       213.7201 
 ------------------------------------------------------------------


 DIAGNOSTIC CHECKING
  Sample Autocorrelations of the Residuals with the Ljung-Box diagnostic.

  Lag      1     2     3     4     5     6     7     8     9    10    11    12
  ACF  -0.00  0.03 -0.07 -0.10  0.05  0.04 -0.10 -0.03 -0.00 -0.08  0.11 -0.01
  SE    0.09  0.09  0.09  0.09  0.09  0.09  0.09  0.09  0.09  0.09  0.09  0.09
  Q     0.00  0.16  0.83  2.28  2.64  2.89  4.31  4.45  4.45  5.42  7.30  7.31
  DF       0     0     0     0     0     0     1     2     3     4     5     6
  P    0.000 0.000 0.000 0.000 0.000 0.000 0.038 0.108 0.217 0.247 0.199 0.293

  Lag     13    14    15    16    17    18    19    20    21    22    23    24
  ACF  -0.03 -0.08 -0.17 -0.03 -0.08 -0.04  0.14 -0.02  0.04 -0.01 -0.09  0.01
  SE    0.09  0.09  0.09  0.09  0.09  0.09  0.09  0.09  0.09  0.09  0.09  0.10
  Q     7.46  8.44 13.01 13.16 14.09 14.29 17.63 17.73 18.02 18.04 19.50 19.52
  DF       7     8     9    10    11    12    13    14    15    16    17    18
  P    0.383 0.392 0.162 0.215 0.228 0.283 0.172 0.220 0.262 0.321 0.300 0.361

  The P-values approximate the probability of observing a Q-value at least
  this large when the model fitted is correct.  When DF is positive, small
  values of P, customarily those below 0.05, indicate model inadequacy.

  Sample Autocorrelations of the Residuals
                 -1.0 -0.8 -0.6 -0.4 -0.2  0.0  0.2  0.4  0.6  0.8  1.0
                   +----+----+----+----+----+----+----+----+----+----+
            1                           .   |   .                     -0.004
            2                           .   |X  .                      0.033
            3                           . XX|   .                     -0.068
            4                           .XXX|   .                     -0.100
            5                           .   |X  .                      0.050
            6                           .   |X  .                      0.041
            7                           . XX|   .                     -0.098
            8                           .  X|   .                     -0.031
            9                           .   |   .                     -0.000
           10                           . XX|   .                     -0.080
           11                           .   |XXX.                      0.111
           12       - - - - - - - - -   .   |   .   - - - - - - - -   -0.009
           13                           .  X|   .                     -0.031
           14                           . XX|   .                     -0.079
           15                           XXXX|   .                     -0.171
           16                          .   X|    .                    -0.031
           17                          .  XX|    .                    -0.076
           18                          .   X|    .                    -0.035
           19                          .    |XXXX.                     0.144
           20                          .   X|    .                    -0.024
           21                          .    |X   .                     0.042
           22                          .    |    .                    -0.012
           23                          .  XX|    .                    -0.093
           24       - - - - - - - - -  .    |    .  - - - - - - - -    0.009
  
  Sample Autocorrelations of the Squared Residuals with the Ljung-Box diagnostic.

  Lag      1     2     3     4     5     6     7     8     9    10    11    12
  ACF   0.01  0.03 -0.00 -0.12 -0.01  0.04 -0.07 -0.01 -0.06 -0.07  0.00  0.24
  SE    0.09  0.09  0.09  0.09  0.09  0.09  0.09  0.09  0.09  0.09  0.09  0.09
  Q     0.01  0.13  0.13  2.25  2.29  2.57  3.23  3.26  3.72  4.48  4.48 13.08
  DF       0     0     0     0     0     0     1     2     3     4     5     6
  P    0.000 0.000 0.000 0.000 0.000 0.000 0.072 0.196 0.293 0.345 0.483 0.042

  Lag     13    14    15    16    17    18    19    20    21    22    23    24
  ACF  -0.07  0.01 -0.04 -0.10  0.10 -0.01  0.19 -0.07 -0.05 -0.05 -0.08 -0.04
  SE    0.09  0.09  0.09  0.09  0.09  0.09  0.09  0.10  0.10  0.10  0.10  0.10
  Q    13.84 13.86 14.12 15.57 17.14 17.16 22.94 23.68 24.11 24.53 25.59 25.83
  DF       7     8     9    10    11    12    13    14    15    16    17    18
  P    0.054 0.086 0.118 0.113 0.104 0.144 0.042 0.050 0.063 0.078 0.082 0.104

  The P-values approximate the probability of observing a Q-value at least
  this large when the model fitted is correct in a way that supports the
  standard interpretations of the test statistics, standard errors, and
  prediction intervals output by X-13ARIMA-SEATS. When DF is positive, small
  values of P, customarily those below 0.05, suggest that model-based
  inferences about statistical significance and uncertainty will be less
  dependable than usual.

  Sample Autocorrelations of the Squared Residuals
                 -1.0 -0.8 -0.6 -0.4 -0.2  0.0  0.2  0.4  0.6  0.8  1.0
                   +----+----+----+----+----+----+----+----+----+----+
            1                           .   |   .                      0.010
            2                           .   |X  .                      0.029
            3                           .   |   .                     -0.002
            4                           .XXX|   .                     -0.121
            5                           .   |   .                     -0.015
            6                           .   |X  .                      0.044
            7                           . XX|   .                     -0.067
            8                           .   |   .                     -0.014
            9                           .  X|   .                     -0.055
           10                           . XX|   .                     -0.071
           11                           .   |   .                      0.001
           12       - - - - - - - - -   .   |XXXXXX   - - - - - - -    0.237
           13                          .  XX|    .                    -0.070
           14                          .    |    .                     0.012
           15                          .   X|    .                    -0.041
           16                          .  XX|    .                    -0.096
           17                          .    |XX  .                     0.099
           18                          .    |    .                    -0.013
           19                          .    |XXXXX                     0.189
           20                          .  XX|    .                    -0.068
           21                          .   X|    .                    -0.051
           22                          .   X|    .                    -0.050
           23                          .  XX|    .                    -0.079
           24       - - - - - - - - -  .   X|    .  - - - - - - - -   -0.037
  
 Histogram of the Standardized and Mean-Centered Residuals
  Standard
  Deviations    Frequency
       -3 +#
          |##
       -2 +#
          |###############
       -1 +#########
          |#############################
        0 +#####################
          |#############################
        1 +######
          |########
        2 +####
          |#####
        3 +#

  Outlier [#######

  One '#'= 1 observation[s]

 Tabular Histogram of the Standardized and Mean-Centered Residuals

  Standard
  Deviations    Frequency

 -3.00                 1

 -2.50                 2

 -2.00                 1

 -1.50                15

 -1.00                 9

 -0.50                29

  0.00                21

  0.50                29

  1.00                 6

  1.50                 8

  2.00                 4

  2.50                 5

  3.00                 1

  Residuals with |t|>3.25

  Obs       t-value
  -----------------
  2018.Jun     4.82
  2019.Jun     3.64
  2020.Nov     3.85
  2021.Jan     4.01
  2021.Jul     4.04
  2024.Jan     4.96
  2025.Jan     3.71

 Summary Statistics for the Unstandardized Residuals
  Minimum                    -0.007
  Maximum                     0.013
  Median                     -0.000
  Robust Std Dev              0.003

 Normality Statistics for regARIMA Model Residuals:

    Number of residuals  :    138

    Skewness coefficient :    1.0238   (significant positive skewness at one percent level)
    Geary's a            :    0.7315   (significant at one percent level)
    Kurtosis             :    4.5430   (significant at one percent level)

  Significant skewness has been detected in the model residuals;
  this makes the Geary's a and Kurtosis statistics unreliable indicators
  of the normality of the residuals.

 Durbin-Watson Statistic for regARIMA Model Residuals:
  dw =     1.993391

 Friedman Non-Parametric Test for regARIMA Model Residuals:
  ken =    10.706294 ( Asymptotically distributed as Chi-Square(11), P-Value =     0.468187 )

 QS Statistic for regARIMA Model Residuals (full series):             0.00
                                                       (P-Value =     1.0000)

 QS Statistic for regARIMA Model Residuals (starting 2018.Aug):       0.39
                                                       (P-Value =     0.8221)
      10*LOG(SPECTRUM) of the regARIMA model residuals
      Spectrum estimated from 2018.Aug to 2026.Jul.
 ++++++++++I+++++++++++++++++++++++++++++++++++++++++++++++++++++++++++++I
     -43.09I           *                                                 I    -43.09
           I           *                                *                I
           I           *                                *                I
           I           *                                *                I
     -44.40I           *       *                        *                I    -44.40
           I           *       *                        *                I
           I           **      *                        *                I
           I           **      *                        *                I
     -45.72I           **      *                        *                I    -45.72
           I           **     **                        *            *   I
           I           **     **S                       *            *   I
           I       *   **     **S**                     **      T   **   I
     -47.03I       *   **     **S**        *       *    **      T   **   I    -47.03
           I       *   **     **S**        *       *S   **      T   **   I
           I       *   **     **S**        *       *S  ***      T   **   I
           I       *   ***    **S**        *       *S  ***      T*  **   I
     -48.35I       *   ***    **S**        *       *S  ***     *T*  **   I    -48.35
           I       *   ***    **S***       *       *S  ***     *T* ***   I
           I      **  S****   **S*** *    S*       *S  ***     *T******  I
           I      **  S****  ***S*** *    S*       *S  ***     *T******  I
     -49.67I      **  S****  ***S*****    S*       *S* ***     *T******  I    -49.67
           I      **  S***** ***S******   S*       *S*T****    *T******  I
           I      **  S***** ***S******   S*       *S*T****    *T******  I
           I      *** S*********S******   S*       *S*T****   S*T******  I
     -50.98I      *** S*********S******   S*      **S*T****   S*T******  I    -50.98
           I   *  *** S*********S******   S*      **S*T****   S*T******  I
           I   *  ****S*********S******   S**     **S*T****   S*T******* I
           I   *******S*********S******   S**  *  **S*T*****  S*T******* I
     -52.30I   *******S*********S******   S**  *  **S*T***** *S*T******* I    -52.30
           I   *******S*********S******   S** **  **S*T*******S*T*******SI
           I   *******S*********S******   S** *** **S*T*******S*T*******SI
           I   *******S*********S******* *S*********S*T*******S*T*******SI
     -53.61I   *******S*********S******* *S*********S*T*******S*T*******SI    -53.61
           I   *******S*********S******* *S*********S*T*******S*T*******SI
           I   *******S*********S******* *S*********S*T*******S*T*******SI
           I   *******S*********S*********S*********S*T*******S*T*******SI
     -54.93I   *******S*********S*********S*********S*T*******S*T*******SI    -54.93
           I   *******S*********S*********S*********S*T*******S*T*******SI
           I  ********S*********S*********S*********S*T*******S*T*******SI
           I  ********S*********S*********S*********S*T*******S*T*******SI
     -56.24I  ********S*********S*********S*********S*T*******S*T*******SI    -56.24
           I  ********S*********S*********S*********S*T*******S*T*******SI
           I  ********S*********S*********S*********S*T*******S*T*******SI
           I  ********S*********S*********S*********S*T*******S*T*******SI
     -57.56I  ********S*********S*********S*********S*T*******S*T*******SI    -57.56
           I  ********S*********S*********S*********S*T*******S*T*******SI
           I  ********S*********S*********S*********S*T*******S*T*******SI
           I  ********S*********S*********S*********S*T*******S*T*******SI
     -58.87I  ********S*********S*********S*********S*T*******S*T*******SI    -58.87
           I *********S*********S*********S*********S*T*******S*T*******SI
           I *********S*********S*********S*********S*T*******S*T*******SI
           I *********S*********S*********S*********S*T*******S*T*******SI
     -60.19I**********S*********S*********S*********S*T*******S*T*******SI    -60.19
 ++++++++++I+++++++++++++++++++++++++++++++++++++++++++++++++++++++++++++I
            S=SEASONAL FREQUENCIES, T=TRADING DAY FREQUENCIES


 FORECASTING
  Origin  2026.Jul
  Number        12

  Forecasts and Standard Errors of the Transformed Data
   ------------------------------
                         Standard
       Date   Forecast      Error
   ------------------------------
   2026.Aug       4.99      0.004
   2026.Sep       5.00      0.006
   2026.Oct       5.00      0.008
   2026.Nov       5.00      0.010
   2026.Dec       5.01      0.011
   2027.Jan       5.01      0.013
   2027.Feb       5.02      0.014
   2027.Mar       5.02      0.016
   2027.Apr       5.02      0.017
   2027.May       5.02      0.018
   2027.Jun       5.03      0.020
   2027.Jul       5.03      0.021
   ------------------------------

  Confidence intervals with coverage probability ( 0.95000
  On the Original Scale
   ---------------------------------------
       Date      Lower  Forecast     Upper
   ---------------------------------------
   2026.Aug     146.46    147.56    148.66
   2026.Sep     146.23    147.92    149.63
   2026.Oct     145.98    148.20    150.45
   2026.Nov     146.01    148.84    151.72
   2026.Dec     145.88    149.16    152.52
   2027.Jan     146.18    149.96    153.83
   2027.Feb     146.85    151.08    155.42
   2027.Mar     146.78    151.41    156.18
   2027.Apr     146.77    151.79    156.98
   2027.May     146.75    152.13    157.70
   2027.Jun     146.74    152.46    158.41
   2027.Jul     146.82    152.88    159.19
   ---------------------------------------
        R35 monthly CPI index            PAGE   4, SERIES series
  
 A 8  RegARIMA combined outlier component
      (AO outliers included)
  From  2015.Jan to 2026.Jul
  Observations        139
 -----------------------------------------------------------------------------
               Jan      Feb      Mar      Apr      May      Jun 
               Jul      Aug      Sep      Oct      Nov      Dec         AVGE  
 -----------------------------------------------------------------------------
  2015        100.0    100.0    100.0    100.0    100.0    100.0
              100.0    100.0    100.0    100.0    100.0    100.0         100.0
 
  2016        100.0    100.0    100.0    100.0    100.0    100.0
              100.0    100.0    100.0    100.0    100.0    100.0         100.0
 
  2017        100.0    100.0    100.0    100.0    100.0    100.0
              100.0    100.0    100.0    100.0    100.0    100.0         100.0
 
  2018        100.0    100.0    100.0    100.0    100.0    100.0
              100.0    100.0    100.0    100.0    100.0    100.0         100.0
 
  2019        100.0    100.0    100.0    100.0    100.0    100.0
              100.0    100.0    100.0    100.0    100.0    100.0         100.0
 
  2020        100.0    100.0    100.0    100.0    100.0    100.0
              100.0    100.0    100.0    100.0    100.0    100.0         100.0
 
  2021        100.0    100.0    100.0    100.0    100.0    100.0
              100.0    100.0    100.0    100.0    100.0    100.0         100.0
 
  2022        100.0    100.0    100.0    100.0    100.0    100.0
              100.0    100.0    100.0    100.0    100.0    100.0         100.0
 
  2023        101.1    100.0    100.0    100.0    100.0    100.0
              100.0    100.0    100.0    100.0    100.0    100.0         100.1
 
  2024        100.0    100.0    100.0    100.0    100.0    100.0
              100.0    100.0    100.0    100.0    100.0    100.0         100.0
 
  2025        100.0    100.0    100.0    100.0    100.0    100.0
              100.0    100.0    100.0    100.0    100.0    100.0         100.0
 
  2026        100.0    100.0    100.0    100.0    100.0    100.0
              100.0                                                      100.0
 
  AVGE        100.1    100.0    100.0    100.0    100.0    100.0
              100.0    100.0    100.0    100.0    100.0    100.0

  Table Total-     13901.05   Mean-     100.01   Std. Dev.-       0.09
                              Min -     100.00        Max -     101.05

 A 8.A  RegARIMA outlier component
  From  2026.Aug to 2027.Jul
  Observations         12
 -----------------------------------------------------------------------------
               Jan      Feb      Mar      Apr      May      Jun 
               Jul      Aug      Sep      Oct      Nov      Dec         AVGE  
 -----------------------------------------------------------------------------
  2026                                                          
                       100.0    100.0    100.0    100.0    100.0         100.0
 
  2027        100.0    100.0    100.0    100.0    100.0    100.0
              100.0                                                      100.0
 
        R35 monthly CPI index            PAGE   5, SERIES series
  
 B 1  Original series (prior adjusted)
      (adjusted for regARIMA factors)
  From  2015.Jan to 2026.Jul
  Observations        139
 -----------------------------------------------------------------------------
               Jan      Feb      Mar      Apr      May      Jun 
               Jul      Aug      Sep      Oct      Nov      Dec        TOTAL  
 -----------------------------------------------------------------------------
  2015          99.      99.      99.     100.     100.     100.
               100.     100.     100.     100.     100.     100.         1200.
 
  2016         101.     100.     100.     101.     102.     102.
               102.     102.     103.     103.     103.     102.         1223.
 
  2017         102.     101.     101.     102.     101.     101.
               101.     100.     100.     101.     101.     101.         1213.
 
  2018         101.     102.     102.     102.     103.     103.
               105.     105.     105.     106.     106.     106.         1244.
 
  2019         106.     107.     107.     108.     108.     108.
               110.     110.     110.     110.     110.     110.         1303.
 
  2020         110.     111.     111.     111.     112.     111.
               112.     112.     112.     112.     112.     113.         1341.
 
  2021         115.     116.     117.     118.     118.     118.
               118.     119.     119.     119.     120.     120.         1417.
 
  2022         121.     123.     123.     124.     124.     124.
               125.     126.     126.     126.     127.     127.         1495.
 
  2023         127.     128.     128.     128.     128.     128.
               128.     129.     129.     129.     130.     130.         1544.
 
  2024         131.     133.     134.     134.     134.     134.
               135.     135.     136.     136.     136.     136.         1615.
 
  2025         137.     139.     140.     141.     141.     141.
               141.     142.     142.     142.     143.     144.         1693.
 
  2026         145.     146.     146.     147.     147.     147.
               147.                                                      1025.
 
  AVGE         116.     117.     118.     118.     118.     118.
               119.     116.     117.     117.     117.     117.

  Table Total-     16312.96   Mean-     117.36   Std. Dev.-      15.15
                              Min -      98.70        Max -     147.20

 B 1.A  Forecasts of (prior adjusted) original series
  From  2026.Aug to 2027.Jul
  Observations         12
 -----------------------------------------------------------------------------
               Jan      Feb      Mar      Apr      May      Jun 
               Jul      Aug      Sep      Oct      Nov      Dec        TOTAL  
 -----------------------------------------------------------------------------
  2026                                                          
                        148.     148.     148.     149.     149.          742.
 
  2027         150.     151.     151.     152.     152.     152.
               153.                                                      1062.
 
        R35 monthly CPI index            PAGE   6, SERIES series

 C 17  Final weights for irregular component
  From  2015.Jan to 2026.Jul
  Observations        139
  Lower sigma limit    1.50
  Upper sigma limit    2.50
 -----------------------------------------------------------------------------
               Jan      Feb      Mar      Apr      May      Jun 
               Jul      Aug      Sep      Oct      Nov      Dec         S.D.  
 -----------------------------------------------------------------------------
  2015         47.3    100.0    100.0    100.0    100.0    100.0
              100.0    100.0    100.0    100.0    100.0    100.0           0.2
 
  2016        100.0    100.0     39.9    100.0    100.0    100.0
              100.0    100.0    100.0    100.0    100.0    100.0           0.2
 
  2017         73.2      8.9    100.0    100.0    100.0    100.0
              100.0    100.0    100.0    100.0    100.0    100.0           0.2
 
  2018        100.0    100.0    100.0     47.4    100.0    100.0
                0.0    100.0    100.0    100.0    100.0    100.0           0.2
 
  2019        100.0    100.0    100.0    100.0    100.0     33.7
                0.0    100.0    100.0    100.0    100.0    100.0           0.2
 
  2020        100.0    100.0    100.0    100.0    100.0    100.0
              100.0    100.0    100.0    100.0      0.0    100.0           0.2
 
  2021        100.0    100.0      0.0    100.0    100.0    100.0
                0.0    100.0    100.0     56.5    100.0    100.0           0.2
 
  2022        100.0     18.9    100.0    100.0    100.0     75.5
               98.7    100.0     27.0    100.0    100.0    100.0           0.1
 
  2023        100.0    100.0    100.0    100.0    100.0    100.0
              100.0    100.0    100.0    100.0    100.0    100.0           0.2
 
  2024         83.4      3.7    100.0     80.6    100.0    100.0
              100.0    100.0    100.0    100.0    100.0    100.0           0.1
 
  2025        100.0     79.9    100.0    100.0    100.0    100.0
              100.0    100.0    100.0     39.8    100.0    100.0           0.1
 
  2026          0.0    100.0    100.0    100.0    100.0    100.0
              100.0                                                        0.1
 
        R35 monthly CPI index            PAGE   7, SERIES series

 D 8  Final unmodified SI ratios
  From  2015.Jan to 2026.Jul
  Observations        139
 -----------------------------------------------------------------------------
               Jan      Feb      Mar      Apr      May      Jun 
               Jul      Aug      Sep      Oct      Nov      Dec         AVGE  
 -----------------------------------------------------------------------------
  2015         99.5    100.0     99.8     99.8     99.9    100.1
              100.1    100.1    100.2    100.2    100.1    100.0         100.0
 
  2016        100.0     99.7     99.4    100.1     99.9    100.0
              100.1     99.9    100.2    100.5    100.2     99.7         100.0
 
  2017        100.1     99.5     99.7    100.1     99.8    100.1
              100.1    100.0    100.2    100.2    100.2     99.8         100.0
 
  2018         99.8    100.0     99.9     99.8     99.8     99.9
              100.9    100.3    100.0    100.2     99.9     99.8         100.0
 
  2019         99.9     99.8     99.9    100.2    100.2     99.7
              100.7    100.3    100.1     99.9     99.6     99.5         100.0
 
  2020         99.7    100.3    100.3    100.2    100.2    100.0
              100.3    100.1     99.9     99.6     99.0     99.4          99.9
 
  2021         99.7    100.5    100.8    100.6    100.2     99.9
               99.5    100.1     99.8     99.4     99.8     99.4         100.0
 
  2022         99.8    100.8    100.4    100.5    100.2     99.7
              100.3     99.9     99.5     99.7     99.7     99.7         100.0
 
  2023         99.8    100.4    100.4    100.4    100.2    100.1
               99.9     99.9     99.9     99.6     99.7     99.5         100.0
 
  2024         99.5    100.9    100.7    100.2    100.3    100.0
              100.2     99.8     99.8     99.7     99.6     99.3         100.0
 
  2025         99.5    100.8    100.5    100.6    100.3    100.1
              100.0     99.8     99.7     99.3     99.7     99.5         100.0
 
  2026        100.1    100.7    100.6    100.5    100.3    100.1
               99.9                                                      100.3
 
  AVGE         99.8    100.3    100.2    100.2    100.1    100.0
              100.2    100.0     99.9     99.9     99.8     99.6

  Table Total-     13900.02   Mean-     100.00   Std. Dev.-       0.36
                              Min -      99.04        Max -     100.90
        R35 monthly CPI index            PAGE   8, SERIES series

 D 8.B  Final unmodified SI ratios, with labels for outliers and extreme values
  From  2015.Jan to 2026.Jul
  Observations        139
 ---------------------------------------------------------------------
               Jan       Feb       Mar       Apr       May       Jun  
               Jul       Aug       Sep       Oct       Nov       Dec  
 ---------------------------------------------------------------------
  2015        99.5*    100.0      99.8      99.8      99.9     100.1  
             100.1     100.1     100.2     100.2     100.1     100.0  
 
  2016       100.0      99.7      99.4*    100.1      99.9     100.0  
             100.1      99.9     100.2     100.5     100.2      99.7  
 
  2017       100.1*     99.5*     99.7     100.1      99.8     100.1  
             100.1     100.0     100.2     100.2     100.2      99.8  
 
  2018        99.8     100.0      99.9      99.8*     99.8      99.9  
             100.9*    100.3     100.0     100.2      99.9      99.8  
 
  2019        99.9      99.8      99.9     100.2     100.2      99.7* 
             100.7*    100.3     100.1      99.9      99.6      99.5  
 
  2020        99.7     100.3     100.3     100.2     100.2     100.0  
             100.3     100.1      99.9      99.6      99.0*     99.4  
 
  2021        99.7     100.5     100.8*    100.6     100.2      99.9  
              99.5*    100.1      99.8      99.4*     99.8      99.4  
 
  2022        99.8     100.8*    100.4     100.5     100.2      99.7* 
             100.3*     99.9      99.5*     99.7      99.7      99.7  
 
  2023        99.8#    100.4     100.4     100.4     100.2     100.1  
              99.9      99.9      99.9      99.6      99.7      99.5  
 
  2024        99.5*    100.9*    100.7     100.2*    100.3     100.0  
             100.2      99.8      99.8      99.7      99.6      99.3  
 
  2025        99.5     100.8*    100.5     100.6     100.3     100.1  
             100.0      99.8      99.7      99.3*     99.7      99.5  
 
  2026       100.1*    100.7     100.6     100.5     100.3     100.1  
              99.9                                                    
 

  Key to symbols:
    *  : extreme value as determined by X-11 extreme value procedure
    #  : regARIMA outlier (either AO, LS, TC, or Ramp)
 
        R35 monthly CPI index            PAGE   9, SERIES series

 D 9  Final replacement values for SI ratios
  From  2015.Jan to 2026.Jul
  Observations        139
 ---------------------------------------------------------------
               Jan      Feb      Mar      Apr      May      Jun 
               Jul      Aug      Sep      Oct      Nov      Dec 
 ---------------------------------------------------------------
  2015         99.7 ******** ******** ******** ******** ********
           ******** ******** ******** ******** ******** ********
 
  2016     ******** ********     99.6 ******** ******** ********
           ******** ******** ******** ******** ******** ********
 
  2017        100.0     99.8 ******** ******** ******** ********
           ******** ******** ******** ******** ******** ********
 
  2018     ******** ******** ********     99.9 ******** ********
              100.2 ******** ******** ******** ******** ********
 
  2019     ******** ******** ******** ******** ********     99.9
              100.2 ******** ******** ******** ******** ********
 
  2020     ******** ******** ******** ******** ******** ********
           ******** ******** ******** ********     99.6 ********
 
  2021     ******** ********    100.4 ******** ******** ********
              100.1 ******** ********     99.5 ******** ********
 
  2022     ********    100.5 ******** ******** ********     99.8
              100.3 ********     99.7 ******** ******** ********
 
  2023     ******** ******** ******** ******** ******** ********
           ******** ******** ******** ******** ******** ********
 
  2024         99.5    100.6 ********    100.3 ******** ********
           ******** ******** ******** ******** ******** ********
 
  2025     ********    100.8 ******** ******** ******** ********
           ******** ******** ********     99.5 ******** ********
 
  2026         99.7 ******** ******** ******** ******** ********
           ********                                             
 

 D 9.A  Moving seasonality ratio
 ---------------------------------------------------------------
               Jan      Feb      Mar      Apr      May      Jun 
 ---------------------------------------------------------------
   I          0.141    0.183    0.121    0.165    0.078    0.106
   S          0.031    0.077    0.083    0.050    0.047    0.030
 RATIO        4.527    2.396    1.459    3.298    1.641    3.507



 ---------------------------------------------------------------
               Jul      Aug      Sep      Oct      Nov      Dec 
 ---------------------------------------------------------------
   I          0.138    0.122    0.100    0.174    0.140    0.177
   S          0.028    0.040    0.041    0.076    0.054    0.047
 RATIO        4.899    3.063    2.427    2.279    2.573    3.740



        R35 monthly CPI index            PAGE  10, SERIES series

 D 10  Final seasonal factors
  From  2015.Jan to 2026.Jul
  Observations        139
  Seasonal filter    3 x 3 moving average
 -----------------------------------------------------------------------------
               Jan      Feb      Mar      Apr      May      Jun 
               Jul      Aug      Sep      Oct      Nov      Dec         AVGE  
 -----------------------------------------------------------------------------
  2015        99.86    99.86    99.72    99.96    99.85   100.09
             100.10    99.99   100.21   100.31   100.16    99.87        100.00
 
  2016        99.89    99.85    99.72    99.99    99.84   100.07
             100.12   100.02   100.17   100.30   100.13    99.84        100.00
 
  2017        99.91    99.86    99.75   100.03    99.86   100.03
             100.15   100.11   100.13   100.22   100.03    99.79         99.99
 
  2018        99.87    99.91    99.85   100.07    99.94    99.99
             100.21   100.19   100.07   100.10    99.88    99.68         99.98
 
  2019        99.82   100.03    99.99   100.16   100.07    99.96
             100.23   100.23   100.01    99.89    99.74    99.55         99.97
 
  2020        99.77   100.21   100.17   100.29   100.17    99.93
             100.24   100.17    99.92    99.73    99.67    99.48         99.98
 
  2021        99.76   100.36   100.31   100.42   100.23    99.91
             100.19   100.08    99.86    99.64    99.68    99.46         99.99
 
  2022        99.75   100.46   100.42   100.43   100.24    99.91
             100.16    99.98    99.82    99.64    99.67    99.49        100.00
 
  2023        99.71   100.50   100.48   100.42   100.27    99.98
             100.09    99.92    99.82    99.64    99.67    99.48        100.00
 
  2024        99.64   100.57   100.53   100.41   100.30   100.04
             100.06    99.86    99.80    99.62    99.65    99.47        100.00
 
  2025        99.61   100.64   100.55   100.45   100.31   100.09
             100.01    99.83    99.75    99.57    99.66    99.49        100.00
 
  2026        99.63   100.67   100.57   100.47   100.30   100.11
              99.99                                                     100.25
 
  AVGE        99.77   100.24   100.17   100.26   100.11   100.01
             100.13   100.03    99.96    99.88    99.81    99.60

  Table Total-     13900.42   Mean-     100.00   Std. Dev.-       0.28
                              Min -      99.46        Max -     100.67

 D 10.A  Final seasonal component forecasts
  From  2026.Aug to 2027.Jul
  Observations         12
 -----------------------------------------------------------------------------
               Jan      Feb      Mar      Apr      May      Jun 
               Jul      Aug      Sep      Oct      Nov      Dec         AVGE  
 -----------------------------------------------------------------------------
  2026                                                          
                       99.81    99.72    99.54    99.67    99.52         99.65
 
  2027        99.66   100.66   100.56   100.48   100.29   100.12
              99.97                                                     100.25
 
        R35 monthly CPI index            PAGE  11, SERIES series

 D 11  Final seasonally adjusted data
  From  2015.Jan to 2026.Jul
  Observations        139
 -----------------------------------------------------------------------------
               Jan      Feb      Mar      Apr      May      Jun 
               Jul      Aug      Sep      Oct      Nov      Dec        TOTAL  
 -----------------------------------------------------------------------------
  2015          99.     100.     100.     100.     100.     100.
               100.     100.     100.     100.     100.     101.         1200.
 
  2016         101.     101.     101.     102.     102.     102.
               102.     102.     103.     103.     103.     102.         1223.
 
  2017         102.     102.     102.     102.     101.     101.
               100.     100.     100.     100.     101.     101.         1213.
 
  2018         101.     102.     102.     102.     103.     103.
               104.     104.     105.     105.     106.     106.         1244.
 
  2019         106.     106.     107.     108.     108.     108.
               110.     110.     110.     110.     110.     110.         1304.
 
  2020         111.     111.     111.     111.     111.     111.
               112.     112.     112.     113.     113.     114.         1341.
 
  2021         115.     116.     117.     117.     118.     118.
               118.     119.     119.     120.     120.     121.         1417.
 
  2022         121.     122.     122.     123.     124.     124.
               125.     126.     126.     127.     127.     128.         1495.
 
  2023         129.     127.     127.     128.     128.     128.
               128.     129.     129.     130.     130.     131.         1546.
 
  2024         131.     133.     133.     133.     134.     134.
               135.     136.     136.     136.     136.     137.         1615.
 
  2025         138.     139.     139.     140.     141.     141.
               141.     142.     142.     143.     144.     144.         1694.
 
  2026         146.     145.     146.     146.     146.     147.
               147.                                                      1022.
 
  AVGE         117.     117.     117.     118.     118.     118.
               119.     116.     117.     117.     117.     118.

  Table Total-     16313.49   Mean-     117.36   Std. Dev.-      15.13
                              Min -      98.84        Max -     147.22
        R35 monthly CPI index            PAGE  12, SERIES series

 D 12  Final trend cycle
  From  2015.Jan to 2026.Jul
  Observations        139
  Trend filter     9-term Henderson moving average
  I/C ratio        0.36
 -----------------------------------------------------------------------------
               Jan      Feb      Mar      Apr      May      Jun 
               Jul      Aug      Sep      Oct      Nov      Dec        TOTAL  
 -----------------------------------------------------------------------------
  2015          99.      99.     100.     100.     100.     100.
               100.     100.     100.     100.     100.     100.         1200.
 
  2016         101.     101.     101.     101.     102.     102.
               102.     102.     103.     103.     103.     103.         1223.
 
  2017         102.     102.     102.     101.     101.     101.
               101.     100.     100.     100.     101.     101.         1213.
 
  2018         101.     102.     102.     102.     103.     103.
               104.     104.     105.     105.     106.     106.         1243.
 
  2019         106.     107.     107.     108.     108.     109.
               109.     110.     110.     110.     110.     110.         1304.
 
  2020         111.     111.     111.     111.     111.     111.
               112.     112.     112.     113.     113.     114.         1342.
 
  2021         115.     116.     117.     117.     118.     118.
               118.     119.     119.     120.     120.     121.         1417.
 
  2022         121.     122.     122.     123.     124.     124.
               125.     126.     126.     127.     127.     128.         1495.
 
  2023         128.     128.     128.     128.     128.     128.
               128.     129.     129.     130.     130.     131.         1544.
 
  2024         132.     132.     133.     133.     134.     135.
               135.     136.     136.     136.     137.     137.         1615.
 
  2025         138.     138.     139.     140.     141.     141.
               141.     142.     142.     143.     144.     144.         1694.
 
  2026         145.     145.     146.     146.     146.     147.
               147.                                                      1022.
 
  AVGE         117.     117.     117.     118.     118.     118.
               119.     116.     117.     117.     117.     118.

  Table Total-     16312.54   Mean-     117.36   Std. Dev.-      15.11
                              Min -      99.24        Max -     147.24
        R35 monthly CPI index            PAGE  13, SERIES series

 D 13  Final irregular component
  From  2015.Jan to 2026.Jul
  Observations        139
 -----------------------------------------------------------------------------
               Jan      Feb      Mar      Apr      May      Jun 
               Jul      Aug      Sep      Oct      Nov      Dec         S.D.  
 -----------------------------------------------------------------------------
  2015         99.6    100.2    100.1     99.9    100.0    100.1
              100.0    100.1    100.0     99.9     99.9    100.2           0.2
 
  2016        100.1     99.8     99.7    100.1    100.1    100.0
              100.0     99.8    100.0    100.2    100.1     99.8           0.1
 
  2017        100.2     99.6    100.0    100.1     99.9    100.1
               99.9    100.0    100.0     99.9    100.1    100.0           0.1
 
  2018         99.9    100.1    100.1     99.8     99.9    100.0
              100.7    100.1     99.9    100.1    100.0    100.1           0.2
 
  2019        100.1     99.8     99.9    100.0    100.1     99.7
              100.4    100.0    100.1    100.0     99.9    100.0           0.2
 
  2020        100.0    100.0    100.1     99.9    100.0    100.0
              100.0    100.0    100.0     99.9     99.4    100.0           0.2
 
  2021         99.9    100.1    100.4    100.1     99.9    100.0
               99.3    100.1    100.0     99.8    100.1     99.9           0.2
 
  2022        100.1    100.3    100.0    100.0    100.0     99.8
              100.2     99.9     99.7    100.0     99.9    100.1           0.2
 
  2023        101.1     99.8    100.0    100.0    100.0    100.1
               99.8    100.0    100.1    100.0    100.0    100.0           0.3
 
  2024         99.9    100.3    100.1     99.8    100.0     99.9
              100.1    100.0    100.0    100.1     99.9     99.9           0.1
 
  2025         99.9    100.2     99.9    100.1    100.0    100.0
              100.0    100.0    100.0     99.8    100.1    100.0           0.1
 
  2026        100.5    100.0    100.0    100.0    100.0    100.0
              100.0                                                        0.2
 
  S.D.          0.4      0.2      0.2      0.1      0.1      0.1
                0.3      0.1      0.1      0.1      0.2      0.1

  Table Total-     13900.59   Mean-     100.00   Std. Dev.-       0.19
                              Min -      99.35        Max -     101.14
        R35 monthly CPI index            PAGE  14, SERIES series

 D 16  Combined adjustment factors
  From  2015.Jan to 2026.Jul
  Observations        139
 -----------------------------------------------------------------------------
               Jan      Feb      Mar      Apr      May      Jun 
               Jul      Aug      Sep      Oct      Nov      Dec         AVGE  
 -----------------------------------------------------------------------------
  2015        99.86    99.86    99.72    99.96    99.85   100.09
             100.10    99.99   100.21   100.31   100.16    99.87        100.00
 
  2016        99.89    99.85    99.72    99.99    99.84   100.07
             100.12   100.02   100.17   100.30   100.13    99.84        100.00
 
  2017        99.91    99.86    99.75   100.03    99.86   100.03
             100.15   100.11   100.13   100.22   100.03    99.79         99.99
 
  2018        99.87    99.91    99.85   100.07    99.94    99.99
             100.21   100.19   100.07   100.10    99.88    99.68         99.98
 
  2019        99.82   100.03    99.99   100.16   100.07    99.96
             100.23   100.23   100.01    99.89    99.74    99.55         99.97
 
  2020        99.77   100.21   100.17   100.29   100.17    99.93
             100.24   100.17    99.92    99.73    99.67    99.48         99.98
 
  2021        99.76   100.36   100.31   100.42   100.23    99.91
             100.19   100.08    99.86    99.64    99.68    99.46         99.99
 
  2022        99.75   100.46   100.42   100.43   100.24    99.91
             100.16    99.98    99.82    99.64    99.67    99.49        100.00
 
  2023        99.71   100.50   100.48   100.42   100.27    99.98
             100.09    99.92    99.82    99.64    99.67    99.48        100.00
 
  2024        99.64   100.57   100.53   100.41   100.30   100.04
             100.06    99.86    99.80    99.62    99.65    99.47        100.00
 
  2025        99.61   100.64   100.55   100.45   100.31   100.09
             100.01    99.83    99.75    99.57    99.66    99.49        100.00
 
  2026        99.63   100.67   100.57   100.47   100.30   100.11
              99.99                                                     100.25
 
  AVGE        99.77   100.24   100.17   100.26   100.11   100.01
             100.13   100.03    99.96    99.88    99.81    99.60

  Table Total-     13900.42   Mean-     100.00   Std. Dev.-       0.28
                              Min -      99.46        Max -     100.67

 D 16.A  Combined adjustment component forecasts
  From  2026.Aug to 2027.Jul
  Observations         12
 -----------------------------------------------------------------------------
               Jan      Feb      Mar      Apr      May      Jun 
               Jul      Aug      Sep      Oct      Nov      Dec         AVGE  
 -----------------------------------------------------------------------------
  2026                                                          
                       99.81    99.72    99.54    99.67    99.52         99.65
 
  2027        99.66   100.66   100.56   100.48   100.29   100.12
              99.97                                                     100.25
 
        R35 monthly CPI index            PAGE  15, SERIES series

 E 4  Ratios of annual totals
  From          2015 to 2025
  Observations         11
 -----------------------------------
  Year       Unmodified     Modified
                  (D11)         (E2)
 -----------------------------------
  2015           100.00       100.00
 
  2016           100.00       100.00
 
  2017            99.99        99.99
 
  2018            99.98        99.98
 
  2019            99.97        99.97
 
  2020            99.98        99.98
 
  2021            99.99        99.99
 
  2022            99.99        99.99
 
  2023            99.99        99.99
 
  2024            99.99        99.99
 
  2025            99.99        99.99
 
        R35 monthly CPI index            PAGE  16, SERIES series

 E 5  Month-to-month percent change in the original series
  From  2015.Feb to 2026.Jul
  Observations        138
 -----------------------------------------------------------------------------
               Jan      Feb      Mar      Apr      May      Jun 
               Jul      Aug      Sep      Oct      Nov      Dec         AVGE  
 -----------------------------------------------------------------------------
  2015                   0.8      0.0      0.2      0.2      0.4
                0.0      0.0      0.1      0.0      0.0      0.1           0.2
 
  2016          0.1     -0.1      0.0      1.0      0.2      0.4
                0.3     -0.1      0.5      0.4     -0.3     -0.7           0.1
 
  2017          0.2     -0.9      0.0      0.1     -0.7      0.0
               -0.3     -0.2      0.1      0.1      0.2      0.0          -0.1
 
  2018          0.3      0.6      0.2      0.2      0.4      0.6
                1.5      0.0      0.2      0.8      0.1      0.3           0.4
 
  2019          0.3      0.2      0.4      0.7      0.6      0.0
                1.5      0.0      0.1      0.0     -0.2      0.0           0.3
 
  2020          0.5      0.7      0.2      0.1      0.1     -0.1
                0.4      0.1      0.1      0.1      0.0      1.1           0.3
 
  2021          1.1      1.6      0.9      0.3      0.0      0.0
                0.0      1.0      0.1      0.0      0.8      0.0           0.5
 
  2022          0.9      1.4      0.1      0.6      0.3      0.0
                1.1      0.1      0.1      0.6      0.3      0.2           0.5
 
  2023          1.3     -0.5      0.1      0.1      0.0      0.1
                0.1      0.3      0.3      0.2      0.5      0.2           0.2
 
  2024          0.5      1.9      0.2      0.0      0.5      0.1
                0.6      0.1      0.3      0.1      0.1      0.1           0.4
 
  2025          0.7      1.8      0.3      0.6      0.2      0.1
                0.1      0.1      0.3      0.1      0.9      0.2           0.5
 
  2026          1.0      0.8      0.1      0.1      0.1      0.2
                0.2                                                        0.3
 
  AVGE          0.6      0.7      0.2      0.3      0.2      0.1
                0.5      0.1      0.2      0.2      0.2      0.1

  Table Total-        40.17   Mean-       0.29   Std. Dev.-       0.53
                              Min -      -0.88        Max -       1.91
        R35 monthly CPI index            PAGE  17, SERIES series

 E 6  Month-to-month percent change in seasonally adjusted series (D11)
  From  2015.Feb to 2026.Jul
  Observations        138
 -----------------------------------------------------------------------------
               Jan      Feb      Mar      Apr      May      Jun 
               Jul      Aug      Sep      Oct      Nov      Dec         AVGE  
 -----------------------------------------------------------------------------
  2015                   0.8      0.1     -0.0      0.3      0.2
               -0.0      0.1     -0.1     -0.1      0.2      0.4           0.2
 
  2016          0.1     -0.1      0.1      0.7      0.3      0.2
                0.2     -0.0      0.3      0.3     -0.1     -0.4           0.1
 
  2017          0.1     -0.8      0.1     -0.2     -0.5     -0.2
               -0.4     -0.2      0.1      0.0      0.4      0.2          -0.1
 
  2018          0.2      0.6      0.3     -0.0      0.5      0.5
                1.2      0.0      0.3      0.7      0.3      0.5           0.4
 
  2019          0.1     -0.0      0.4      0.6      0.7      0.1
                1.2      0.0      0.3      0.1     -0.0      0.2           0.3
 
  2020          0.2      0.3      0.2     -0.0      0.2      0.2
                0.1      0.2      0.3      0.3      0.1      1.3           0.3
 
  2021          0.8      1.0      1.0      0.1      0.2      0.3
               -0.3      1.1      0.3      0.2      0.7      0.2           0.5
 
  2022          0.6      0.7      0.1      0.6      0.5      0.3
                0.9      0.3      0.2      0.8      0.3      0.4           0.5
 
  2023          1.0     -1.3      0.1      0.1      0.2      0.4
               -0.0      0.5      0.4      0.3      0.4      0.4           0.2
 
  2024          0.3      1.0      0.3      0.1      0.6      0.3
                0.6      0.3      0.4      0.2      0.0      0.3           0.4
 
  2025          0.5      0.8      0.4      0.7      0.4      0.4
                0.2      0.3      0.4      0.3      0.8      0.4           0.5
 
  2026          0.8     -0.2      0.2      0.2      0.2      0.4
                0.3                                                        0.3
 
  AVGE          0.4      0.2      0.3      0.2      0.3      0.3
                0.3      0.2      0.3      0.3      0.3      0.4

  Table Total-        40.00   Mean-       0.29   Std. Dev.-       0.47
                              Min -      -1.33        Max -       1.27
        R35 monthly CPI index            PAGE  18, SERIES series

 E 7  Month-to-month percent change in final trend cycle (D12)
  From  2015.Feb to 2026.Jul
  Observations        138
 -----------------------------------------------------------------------------
               Jan      Feb      Mar      Apr      May      Jun 
               Jul      Aug      Sep      Oct      Nov      Dec         AVGE  
 -----------------------------------------------------------------------------
  2015                   0.2      0.2      0.2      0.2      0.1
                0.1     -0.0     -0.0      0.0      0.1      0.1           0.1
 
  2016          0.2      0.2      0.3      0.3      0.3      0.3
                0.2      0.2      0.2      0.1     -0.0     -0.2           0.2
 
  2017         -0.2     -0.2     -0.3     -0.3     -0.3     -0.3
               -0.3     -0.2     -0.0      0.1      0.2      0.3          -0.1
 
  2018          0.3      0.3      0.3      0.3      0.4      0.5
                0.6      0.6      0.6      0.5      0.4      0.3           0.4
 
  2019          0.2      0.2      0.3      0.5      0.5      0.5
                0.5      0.4      0.3      0.2      0.1      0.1           0.3
 
  2020          0.2      0.2      0.2      0.1      0.1      0.1
                0.2      0.2      0.3      0.4      0.6      0.7           0.3
 
  2021          0.8      0.8      0.7      0.5      0.3      0.3
                0.3      0.4      0.4      0.4      0.4      0.4           0.5
 
  2022          0.4      0.5      0.5      0.5      0.5      0.5
                0.5      0.5      0.5      0.5      0.4      0.2           0.5
 
  2023          0.0     -0.1     -0.0      0.1      0.2      0.2
                0.3      0.3      0.4      0.4      0.4      0.4           0.2
 
  2024          0.5      0.5      0.5      0.4      0.4      0.4
                0.4      0.4      0.3      0.2      0.2      0.3           0.4
 
  2025          0.5      0.6      0.6      0.5      0.4      0.3
                0.3      0.3      0.4      0.5      0.5      0.5           0.4
 
  2026          0.4      0.2      0.2      0.2      0.3      0.3
                0.4                                                        0.3
 
  AVGE          0.3      0.3      0.3      0.3      0.3      0.3
                0.3      0.3      0.3      0.3      0.3      0.3

  Table Total-        39.55   Mean-       0.29   Std. Dev.-       0.36
                              Min -      -0.35        Max -       0.81
        R35 monthly CPI index            PAGE  19, SERIES series

 E 8  Month-to-month percent change in original series adjusted for calendar factors (A18)
  From  2015.Feb to 2026.Jul
  Observations        138
 -----------------------------------------------------------------------------
               Jan      Feb      Mar      Apr      May      Jun 
               Jul      Aug      Sep      Oct      Nov      Dec         AVGE  
 -----------------------------------------------------------------------------
  2015                   0.8      0.0      0.2      0.2      0.4
                0.0      0.0      0.1      0.0      0.0      0.1           0.2
 
  2016          0.1     -0.1      0.0      1.0      0.2      0.4
                0.3     -0.1      0.5      0.4     -0.3     -0.7           0.1
 
  2017          0.2     -0.9      0.0      0.1     -0.7      0.0
               -0.3     -0.2      0.1      0.1      0.2      0.0          -0.1
 
  2018          0.3      0.6      0.2      0.2      0.4      0.6
                1.5      0.0      0.2      0.8      0.1      0.3           0.4
 
  2019          0.3      0.2      0.4      0.7      0.6      0.0
                1.5      0.0      0.1      0.0     -0.2      0.0           0.3
 
  2020          0.5      0.7      0.2      0.1      0.1     -0.1
                0.4      0.1      0.1      0.1      0.0      1.1           0.3
 
  2021          1.1      1.6      0.9      0.3      0.0      0.0
                0.0      1.0      0.1      0.0      0.8      0.0           0.5
 
  2022          0.9      1.4      0.1      0.6      0.3      0.0
                1.1      0.1      0.1      0.6      0.3      0.2           0.5
 
  2023          1.3     -0.5      0.1      0.1      0.0      0.1
                0.1      0.3      0.3      0.2      0.5      0.2           0.2
 
  2024          0.5      1.9      0.2      0.0      0.5      0.1
                0.6      0.1      0.3      0.1      0.1      0.1           0.4
 
  2025          0.7      1.8      0.3      0.6      0.2      0.1
                0.1      0.1      0.3      0.1      0.9      0.2           0.5
 
  2026          1.0      0.8      0.1      0.1      0.1      0.2
                0.2                                                        0.3
 
  AVGE          0.6      0.7      0.2      0.3      0.2      0.1
                0.5      0.1      0.2      0.2      0.2      0.1

  Table Total-        40.17   Mean-       0.29   Std. Dev.-       0.53
                              Min -      -0.88        Max -       1.91
        R35 monthly CPI index            PAGE  20, SERIES series

 E 18  Final adjustment ratios
  From  2015.Jan to 2026.Jul
  Observations        139
 -----------------------------------------------------------------------------
               Jan      Feb      Mar      Apr      May      Jun 
               Jul      Aug      Sep      Oct      Nov      Dec         AVGE  
 -----------------------------------------------------------------------------
  2015         99.9     99.9     99.7    100.0     99.9    100.1
              100.1    100.0    100.2    100.3    100.2     99.9         100.0
 
  2016         99.9     99.8     99.7    100.0     99.8    100.1
              100.1    100.0    100.2    100.3    100.1     99.8         100.0
 
  2017         99.9     99.9     99.8    100.0     99.9    100.0
              100.2    100.1    100.1    100.2    100.0     99.8         100.0
 
  2018         99.9     99.9     99.8    100.1     99.9    100.0
              100.2    100.2    100.1    100.1     99.9     99.7         100.0
 
  2019         99.8    100.0    100.0    100.2    100.1    100.0
              100.2    100.2    100.0     99.9     99.7     99.6         100.0
 
  2020         99.8    100.2    100.2    100.3    100.2     99.9
              100.2    100.2     99.9     99.7     99.7     99.5         100.0
 
  2021         99.8    100.4    100.3    100.4    100.2     99.9
              100.2    100.1     99.9     99.6     99.7     99.5         100.0
 
  2022         99.8    100.5    100.4    100.4    100.2     99.9
              100.2    100.0     99.8     99.6     99.7     99.5         100.0
 
  2023         99.7    100.5    100.5    100.4    100.3    100.0
              100.1     99.9     99.8     99.6     99.7     99.5         100.0
 
  2024         99.6    100.6    100.5    100.4    100.3    100.0
              100.1     99.9     99.8     99.6     99.6     99.5         100.0
 
  2025         99.6    100.6    100.6    100.4    100.3    100.1
              100.0     99.8     99.8     99.6     99.7     99.5         100.0
 
  2026         99.6    100.7    100.6    100.5    100.3    100.1
              100.0                                                      100.2
 
  AVGE         99.8    100.2    100.2    100.3    100.1    100.0
              100.1    100.0    100.0     99.9     99.8     99.6

  Table Total-     13900.42   Mean-     100.00   Std. Dev.-       0.28
                              Min -      99.46        Max -     100.67

 E 18.A  Final adjustment ratio forecasts
  From  2026.Aug to 2027.Jul
  Observations         12
 -----------------------------------------------------------------------------
               Jan      Feb      Mar      Apr      May      Jun 
               Jul      Aug      Sep      Oct      Nov      Dec         AVGE  
 -----------------------------------------------------------------------------
  2026                                                          
                        99.8     99.7     99.5     99.7     99.5          99.7
 
  2027         99.7    100.7    100.6    100.5    100.3    100.1
              100.0                                                      100.2
 

  QS statistic for seasonality:
  log(Original Series)                                6.22  (P-Value =     0.0446)
  log(Original Series (EV adj))                      15.32  (P-Value =     0.0005)
  Residuals                                           0.00  (P-Value =     1.0000)
  log(Seasonally Adjusted Series)                     0.00  (P-Value =     1.0000)
  log(SA Series (EV adj))                             0.00  (P-Value =     1.0000)
  Irregular Series                                    0.00  (P-Value =     1.0000)
  Irregular Series (EV adj)                           0.00  (P-Value =     1.0000)

  QS statistic for seasonality (starting 2018.Aug):
  log(Original Series)                                4.36  (P-Value =     0.1128)
  log(Original Series (EV adj))                      15.49  (P-Value =     0.0004)
  Residuals                                           0.39  (P-Value =     0.8221)
  log(Seasonally Adjusted Series)                     0.00  (P-Value =     1.0000)
  log(SA Series (EV adj))                             0.00  (P-Value =     1.0000)
  Irregular Series                                    0.00  (P-Value =     1.0000)
  Irregular Series (EV adj)                           0.00  (P-Value =     1.0000)


 WARNING: Series should not be a candidate for seasonal adjustment
          because the spectrum of the prior adjusted series (Table B1)
          has no visually significant seasonal peaks.

          If this is a component series of an indirectly adjusted
          composite series, consider using type = trend or type = summary
          in the x11 spec.
        R35 monthly CPI index            PAGE  21, SERIES series
 G 0  10*LOG(SPECTRUM) of the differenced, transformed Prior Adjusted Series
      (Table B1).  Spectrum estimated from 2018.Aug to 2026.Jul.
 ++++++++++I+++++++++++++++++++++++++++++++++++++++++++++++++++++++++++++I
     -40.42I           *                                                 I    -40.42
           I           *                                                 I
           I           *                                                 I
           I           *        S                                        I
     -41.92I           *        S                                        I    -41.92
           I           *        S                                        I
           I           *        S                                        I
           I           *        S                       *                I
     -43.42I          S*       *S                   S   *      *         I    -43.42
           I          S*       *S                  *S   *      *         I
           I          S*       *S                  *S   *      *         I
           I          S*       *S*                 *S   *      *         I
     -44.92I       *  S**      *S*                 *S   *      *         I    -44.92
           I       *  S**      *S*                 *S   **    S*         I
           I   *   *  S**      *S*                 *S   **    S*         I
           I   *   *  S***     *S*                 *S  ***    S*         I
     -46.42I   *   *  S***     *S*                 *S  ***    S*         I    -46.42
           I   *   *  S***     *S*                 *S  ***    S*T        I
           I   *   *  S***     *S*        S        *S  ***    S*T        I
           I   *   *  S***     *S*        S        *S* ***    S*T        I
     -47.92I   *   ***S***     *S*        S*       *S* ***    S*T        I    -47.92
           I   *  ****S****    *S*        S*       *S*T***    S*T        I
           I   *  ****S****   **S*        S*       *S*T***    S*T        I
           I   *  ****S****   **S*        S*       *S*T***    S*T*       I
     -49.41I   *  ****S****   **S**       S*       *S*T****   S*T*       I    -49.41
           I   ** ****S****   **S**       S*       *S*T****   S*T*       I
           I   ** ****S****   **S**       S*       *S*T****  *S*T*  *    I
           I   ** ****S****   **S**       S*       *S*T****  *S*T** *    I
     -50.91I   ** ****S****   **S**       S*       *S*T****  *S*T****    I    -50.91
           I   *******S****   **S**       S*       *S*T****  *S*T****    I
           I   *******S*****  **S**       S*      **S*T***** *S*T*****   I
           I   *******S*****  **S**       S*      **S*T***** *S*T*****   I
     -52.41I   *******S***** ***S*** *    S*      **S*T*******S*T*****   I    -52.41
           I   *******S***** ***S*****    S*      **S*T*******S*T*****   I
           I   *******S*********S*****    S*  **  **S*T*******S*T*****   I
           I  ********S*********S*****    S** **  **S*T*******S*T*****   I
     -53.91I  ********S*********S*****    S** **  **S*T*******S*T*****   I    -53.91
           I  ********S*********S******   S** **  **S*T*******S*T*****   I
           I  ********S*********S******  *S*********S*T*******S*T*****   I
           I  ********S*********S******  *S*********S*T*******S*T*****   I
     -55.41I  ********S*********S******  *S*********S*T*******S*T*****   I    -55.41
           I  ********S*********S******  *S*********S*T*******S*T*****   I
           I  ********S*********S******  *S*********S*T*******S*T******  I
           I  ********S*********S******  *S*********S*T*******S*T******  I
     -56.91I  ********S*********S******* *S*********S*T*******S*T******  I    -56.91
           I  ********S*********S*********S*********S*T*******S*T******  I
           I  ********S*********S*********S*********S*T*******S*T******  I
           I *********S*********S*********S*********S*T*******S*T******  I
     -58.41I *********S*********S*********S*********S*T*******S*T******  I    -58.41
           I *********S*********S*********S*********S*T*******S*T******  I
           I *********S*********S*********S*********S*T*******S*T******* I
           I**********S*********S*********S*********S*T*******S*T******* I
     -59.90I**********S*********S*********S*********S*T*******S*T*******SI    -59.90
 ++++++++++I+++++++++++++++++++++++++++++++++++++++++++++++++++++++++++++I
            S=SEASONAL FREQUENCIES, T=TRADING DAY FREQUENCIES
        R35 monthly CPI index            PAGE  22, SERIES series
 G 1  10*LOG(SPECTRUM) of the differenced, transformed seasonally adjusted 
      data (Table D11).  Spectrum estimated from 2018.Aug to 2026.Jul.
 ++++++++++I+++++++++++++++++++++++++++++++++++++++++++++++++++++++++++++I
     -42.81I   *                                                         I    -42.81
           I   *                                       **                I
           I   *                                       **                I
           I   *        *                              **            *   I
     -44.27I   *        *                              **            *   I    -44.27
           I   *        *                              ***           *   I
           I   *        *                              ***           *   I
           I   *   *    *                              ***           *   I
     -45.73I   *   *    *                              ***           *   I    -45.73
           I   *   *    *    *                         ***       *   *   I
           I   *   *    *    *                         ***       *   *   I
           I   *   *    *    *                         ***       *   *   I
     -47.18I   *   *    *    *                         ***       *   *   I    -47.18
           I   *   *    **   *                         ****      *   *   I
           I   *   *    **   *                         ****      *   *   I
           I   *   *    **   *                         ****      *   *   I
     -48.64I   *  **    **   *                         ****  *   *   *   I    -48.64
           I   *  **    **   *                         ****  *S  *   *   I
           I   *  **    **   *    *                    ****  *S  *   *   I
           I   *  **    **   *    **           *       ****  *S  **  *   I
     -50.10I   *  **    **   *    **           *       ****  *S  **  *   I    -50.10
           I   *  **    **   **   **           *       ****  *S  **  *   I
           I   *  **    **  ***   **          **       ***** *S  **  *   I
           I   *  **    **  ***   **          **       *******S*T**  *   I
     -51.55I   *  **   ***  ***   ***         **       *******S*T**  *   I    -51.55
           I   *  **   **** ***   ****   *    ** *    T*******S*T**  *   I
           I   ** **   **** ***   ****   *    *****   T*******S*T**  *   I
           I   ** **   ********   ****   *    *****   T*******S*T** **   I
     -53.01I   ** **   ********   *****  *    *****   T*******S*T** **   I    -53.01
           I   ** **   ********  ******  *    *****   T*******S*T** **   I
           I   *****   ********  ****** **    *****   T*******S*T*****   I
           I   ******  ********  ****** **    *****   T*******S*T******  I
     -54.47I   ******  ********* *********S   *****   T*******S*T******  I    -54.47
           I   ******  ********* *********S   *****   T*******S*T******  I
           I  *******  *********S*********S   ******  T*******S*T******  I
           I  ******* S*********S*********S   ****** *T*******S*T******  I
     -55.92I  ******* S*********S*********S  ******* *T*******S*T******  I    -55.92
           I  ********S*********S*********S  *******S*T*******S*T******  I
           I  ********S*********S*********S  *******S*T*******S*T******  I
           I  ********S*********S*********S  *******S*T*******S*T******  I
     -57.38I  ********S*********S*********S* *******S*T*******S*T******  I    -57.38
           I  ********S*********S*********S* *******S*T*******S*T******  I
           I  ********S*********S*********S*********S*T*******S*T******  I
           I  ********S*********S*********S*********S*T*******S*T******  I
     -58.84I  ********S*********S*********S*********S*T*******S*T******  I    -58.84
           I  ********S*********S*********S*********S*T*******S*T******  I
           I  ********S*********S*********S*********S*T*******S*T******* I
           I  ********S*********S*********S*********S*T*******S*T******* I
     -60.29I  ********S*********S*********S*********S*T*******S*T******* I    -60.29
           I *********S*********S*********S*********S*T*******S*T******* I
           I *********S*********S*********S*********S*T*******S*T*******SI
           I *********S*********S*********S*********S*T*******S*T*******SI
     -61.75I**********S*********S*********S*********S*T*******S*T*******SI    -61.75
 ++++++++++I+++++++++++++++++++++++++++++++++++++++++++++++++++++++++++++I
            S=SEASONAL FREQUENCIES, T=TRADING DAY FREQUENCIES
        R35 monthly CPI index            PAGE  23, SERIES series
 G 2  10*LOG(SPECTRUM) of the Irregular (Table D13).  
      Spectrum estimated from 2018.Aug to 2026.Jul.
 ++++++++++I+++++++++++++++++++++++++++++++++++++++++++++++++++++++++++++I
     -49.36I                                            *                I    -49.36
           I                                           **                I
           I                                           **                I
           I                                           **                I
     -50.55I                                           **                I    -50.55
           I                                           **                I
           I                                           **                I
           I                                           ***               I
     -51.74I            *                              ***               I    -51.74
           I            *                              ***               I
           I            *                              ***               I
           I            **                             ***               I
     -52.93I            **   *                         ***               I    -52.93
           I           ***   **                        ***               I
           I           ***   **                        ***               I
           I           ***   **                        ***               I
     -54.12I           ***   **                        ****              I    -54.12
           I           ***   **                        ****              I
           I          S***   **                        ****              I
           I          S***   **    *                   ****      *       I
     -55.31I          S***   **   **                  T****      *       I    -55.31
           I          S***   **   ***                 T****      *       I
           I          S**** ****  ***                 T****      *   *   I
           I          S**** ****  ***                 T*****    T** **   I
     -56.50I          S**** **** *****       *        T*****    T** **   I    -56.50
           I          S**** **** *****      **        T*****    T** **   I
           I          S*********S*****      **        T*****    T*****   I
           I          S*********S*****      **        T******  *T*****   I
     -57.69I          S*********S******     **        T******* *T*****   I    -57.69
           I          S*********S******     **        T*******S*T*****   I
           I          S*********S******     ***       T*******S*T*****   I
           I          S*********S******     ***       T*******S*T******  I
     -58.88I         *S*********S******     ***       T*******S*T******  I    -58.88
           I         *S*********S*******    ****      T*******S*T******  I
           I         *S*********S*******    *****     T*******S*T******  I
           I         *S*********S*******    *****     T*******S*T******  I
     -60.07I         *S*********S*******   ******    *T*******S*T******  I    -60.07
           I         *S*********S*******   ******    *T*******S*T******  I
           I         *S*********S*******   ******    *T*******S*T******  I
           I         *S*********S********  *******   *T*******S*T******  I
     -61.26I         *S*********S********  *******   *T*******S*T******* I    -61.26
           I         *S*********S********  *******   *T*******S*T******* I
           I*        *S*********S******** S*******   *T*******S*T******* I
           I*        *S*********S*********S*******  S*T*******S*T*******SI
     -62.45I**       *S*********S*********S*******  S*T*******S*T*******SI    -62.45
           I** **   **S*********S*********S******** S*T*******S*T*******SI
           I*****   **S*********S*********S******** S*T*******S*T*******SI
           I*****   **S*********S*********S*********S*T*******S*T*******SI
     -63.64I*****   **S*********S*********S*********S*T*******S*T*******SI    -63.64
           I******  **S*********S*********S*********S*T*******S*T*******SI
           I******  **S*********S*********S*********S*T*******S*T*******SI
           I******  **S*********S*********S*********S*T*******S*T*******SI
     -64.83I**********S*********S*********S*********S*T*******S*T*******SI    -64.83
 ++++++++++I+++++++++++++++++++++++++++++++++++++++++++++++++++++++++++++I
            S=SEASONAL FREQUENCIES, T=TRADING DAY FREQUENCIES
        R35 monthly CPI index            PAGE  24, SERIES series

  Peak probabilities for Tukey spectrum estimator
  Spectrum estimated from 2018.Aug to 2026.Jul.

                                          S1       S2       S3       S4       S5       S6       TD
                                        ------   ------   ------   ------   ------   ------   ------
  Model Residuals                        0.412    0.693    0.263    0.861    0.148    0.449    0.691  
  Prior Adjusted Series (Table B1)       0.776    0.980*   0.962*   0.997**  0.962*   0.296    0.586  
  Seasonally adjusted series (D11)       0.105    0.231    0.489    0.207    0.173    0.126    0.738  
  Irregular (D13)                        0.636    0.482    0.127    0.033    0.350    0.391    0.657  
  ----------
     ** - Peak Probability > 0.99,
      * - 0.90 < Peak Probability < 0.99



  NP statistic for residual seasonality:

  NP statistic for residual seasonality (Full series)
                                                  Residual Seasonality?
  log(Seasonally Adjusted Series)                          no
  log(Seasonally Adjusted Series (EV adj))                 no

  NP statistic for residual seasonality (Series start in 2018.Aug)
                                                  Residual Seasonality?
  log(Seasonally Adjusted Series)                          no
  log(Seasonally Adjusted Series (EV adj))                 no
