  Reading input spec file from series.spc

1

               U. S. Department of Commerce, U. S. Census Bureau

              X-13ARIMA-SEATS monthly seasonal adjustment Method,
                          Release Version 1.1 Build 62


           This software application provides an enhanced version of
             Statistics Canada's X-11-ARIMA extension (Dagum, 1980)
                 of the X-11 variant of the Census Method II of
                      Shiskin, Young and Musgrave (1967).

            It also provides an ARIMA model-based method following
       Hillmer and Tiao (1982) and Burman (1980) that is very similar
       to the update of the method of SEATS (Gomez and Maravall, 1996)
                produced at the Bank of Spain by G. Caporello and
               A. Maravall for TSW (Caporello and Maravall, 2004).
          The present application includes additional enhancements.

         X-13ARIMA-SEATS includes an automatic ARIMA model selection procedure
          based largely on the procedure of Gomez and Maravall (1998)
            as implemented in TRAMO (1996) and subsequent revisions.

              Primary Programmers: Brian Monsell, Mark Otto and,
                 for the ARIMA model-based signal extraction,
                      Gianluca Caporello and Victor Gomez


     Series Title- R35 monthly CPI index
     Series Name- series
     Sep 22, 2026  22.39.11 

        -Period covered-  1st month,2015 to  7th month,2026
        -Type of run - multiplicative seasonal adjustment

        -Sigma limits for graduating extreme values are  1.5 and  2.5 .
        -3x3 moving average used in section 1 of each iteration, 
         3x5 moving average in section 2 of iterations B and C,
         moving average for final seasonal factors chosen by Global MSR.
        -Spectral plots generated for selected series
        -Spectral plots generated for series starting in 2018.Aug

 FILE SAVE REQUESTS (* indicates file exists and will be overwritten)
  series.d10  final seasonal factors
  series.d11  final seasonally adjusted data
  series.d12  final trend cycle
  series.d13  final irregular component
  series.out  program output file
  series.err  program error file
  series.udg  seasonal adjustment and model diagnostics file
        R35 monthly CPI index            PAGE   1, SERIES series

     Contents of spc file series.spc

 Line #
 ------
      1: series { title="R35 monthly CPI index" start=2015.1 period=12 data=(
      2: 99.700000000000003 99.900000000000006 100 100 100 100.09999999999999
      3: 100.09999999999999 100.09999999999999 100 100.09999999999999 100.09999999999999 100.09999999999999
      4: 100.40000000000001 100.40000000000001 100.40000000000001 100.59999999999999 98.900000000000006 98.900000000000006
      5: 98.900000000000006 99 99 99.099999999999994 99.099999999999994 99.099999999999994
      6: 99.5 98.799999999999997 98.799999999999997 98.799999999999997 98.700000000000003 98.700000000000003
      7: 98.700000000000003 98.700000000000003 98.700000000000003 98.799999999999997 98.900000000000006 98.900000000000006
      8: 100.40000000000001 100.09999999999999 100 100 100 101.09999999999999
      9: 101.09999999999999 101.40000000000001 101.40000000000001 101.40000000000001 101.7 101.8
     10: 105.2 106.3 107.7 107.7 108 108.2
     11: 108.2 108.3 108.3 108.3 109.09999999999999 109.5
     12: 111.09999999999999 111.09999999999999 112 111.90000000000001 112 112
     13: 112.09999999999999 112.09999999999999 112.09999999999999 109.40000000000001 109.40000000000001 109.40000000000001
     14: 108.90000000000001 108.90000000000001 108.8 108.8 108.8 108.8
     15: 108.8 108.90000000000001 109.5 111.90000000000001 100 100.09999999999999
     16: 129.30000000000001 133.59999999999999 137.59999999999999 143.40000000000001 145.69999999999999 148.69999999999999
     17: 151.09999999999999 152.69999999999999 162.90000000000001 121.40000000000001 131.59999999999999 133.40000000000001
     18: 195.80000000000001 195.09999999999999 194.19999999999999 194.80000000000001 195.30000000000001 195.69999999999999
     19: 194.90000000000001 195.59999999999999 191.40000000000001 187.80000000000001 189.69999999999999 190.80000000000001
     20: 205 204.59999999999999 203.69999999999999 203 202.69999999999999 202.40000000000001
     21: 201.09999999999999 201.19999999999999 199.80000000000001 199.80000000000001 200.30000000000001 199.19999999999999
     22: 198.40000000000001 197.69999999999999 196.80000000000001 196.40000000000001 196.09999999999999 195.59999999999999
     23: 195.30000000000001 194.90000000000001 193.59999999999999 193 191.69999999999999 191.40000000000001
     24: 183.69999999999999 183 182.59999999999999 182.69999999999999 182.40000000000001 182.19999999999999
     25: 182.19999999999999
     26: ) }
     27: transform { function=log }
     28: automdl { }
     29: outlier { types=(ao ls tc) }
     30: x11 { mode=mult save=(d10 d11 d12 d13) appendfcst=no appendbcst=no savelog=all }
     31: spectrum { logqs=yes robustsa=no print=all savelog=all }
     32: check { }
        R35 monthly CPI index            PAGE   2, SERIES series

 A 1  Time series data (for the span analyzed)
  From  2015.Jan to 2026.Jul
  Observations        139
 -----------------------------------------------------------------------------
               Jan      Feb      Mar      Apr      May      Jun 
               Jul      Aug      Sep      Oct      Nov      Dec        TOTAL  
 -----------------------------------------------------------------------------
  2015         100.     100.     100.     100.     100.     100.
               100.     100.     100.     100.     100.     100.         1200.
 
  2016         100.     100.     100.     101.      99.      99.
                99.      99.      99.      99.      99.      99.         1194.
 
  2017         100.      99.      99.      99.      99.      99.
                99.      99.      99.      99.      99.      99.         1186.
 
  2018         100.     100.     100.     100.     100.     101.
               101.     101.     101.     101.     102.     102.         1210.
 
  2019         105.     106.     108.     108.     108.     108.
               108.     108.     108.     108.     109.     110.         1295.
 
  2020         111.     111.     112.     112.     112.     112.
               112.     112.     112.     109.     109.     109.         1335.
 
  2021         109.     109.     109.     109.     109.     109.
               109.     109.     110.     112.     100.     100.         1292.
 
  2022         129.     134.     138.     143.     146.     149.
               151.     153.     163.     121.     132.     133.         1691.
 
  2023         196.     195.     194.     195.     195.     196.
               195.     196.     191.     188.     190.     191.         2321.
 
  2024         205.     205.     204.     203.     203.     202.
               201.     201.     200.     200.     200.     199.         2423.
 
  2025         198.     198.     197.     196.     196.     196.
               195.     195.     194.     193.     192.     191.         2341.
 
  2026         184.     183.     183.     183.     182.     182.
               182.                                                      1279.
 
  AVGE         136.     137.     137.     137.     137.     138.
               138.     134.     134.     130.     130.     130.

  Table Total-     18767.00   Mean-     135.01   Std. Dev.-      41.58
                              Min -      98.70        Max -     205.00
        R35 monthly CPI index            PAGE   3, SERIES series
                        Automatic ARIMA Model Selection

                    Procedure based closely on TRAMO method 
                         of Gomez and Maravall (2000)
              "Automatic Modeling Methods for Univariate Series",
                            A Course in Time Series
                  (Edited by D. Pena, G. C. Tiao, R. S. Tsay),
                         New York : J. Wiley and Sons


     Maximum order for regular ARMA parameters :   2
     Maximum order for seasonal ARMA parameters :   1
     Maximum order for regular differencing :   2
     Maximum order for seasonal differencing :   1

   Results of Unit Root Test for identifying orders of differencing:
     Regular difference order :   1
     Seasonal difference order :   1

     Mean is significant.

  Automatic model choice : (1 1 0)(0 1 0)
     Deleted constant regressor(s) due to insignificant t-value.


  Final Checks for Identified Model


  Checking for Unit Roots.
   No unit roots found.
   Nonseasonal MA not within  0.001 of 1.0 - model passes test.

  Checking for insignificant ARMA coefficients.

  Final automatic model choice : (1 1 0)(0 1 0)
   End of automatic model selection procedure.

 Average absolute percentage error in within-sample forecasts:
  Last year:   0.31      Last-1 year:   1.26     Last-2 year:   1.06
  Last three years:    0.88

 Estimation converged in    8 ARMA iterations,  177 function evaluations.

 Regression Model
 ------------------------------------------------------------------------------
                             Parameter        Standard
 Variable                     Estimate           Error      t-value
 ------------------------------------------------------------------------------
 Automatically Identified Outliers
   LS2016.May                  -0.0167         0.00209        -8.01
   LS2018.Jun                   0.0111         0.00209         5.28
   LS2019.Jan                   0.0536         0.00617         8.68
   TC2019.Jan                  -0.0355         0.00558        -6.36
   LS2020.Oct                  -0.0231         0.00262        -8.85
   LS2021.Jan                  -0.0155         0.00264        -5.85
   LS2021.Oct                   0.1005         0.01073         9.36
   TC2021.Oct                  -0.0779         0.01026        -7.59
   TC2021.Nov                  -0.1319         0.00326       -40.43
   TC2021.Dec                  -0.0566         0.00331       -17.09
   LS2022.Jan                   0.1926         0.00416        46.25
   LS2022.Apr                   0.0198         0.00218         9.10
   LS2022.Jun                   0.0095         0.00213         4.47
   TC2022.Jul                   0.0091         0.00195         4.67
   LS2022.Sep                   0.0611         0.00246        24.88
   TC2022.Oct                  -0.2933         0.00294       -99.85
   LS2022.Dec                  -0.0519         0.00251       -20.65
   LS2023.Jan                   0.2362         0.00756        31.25
   TC2023.Jan                   0.0993         0.00649        15.31
   LS2023.Sep                  -0.0192         0.00243        -7.92
   AO2023.Oct                  -0.0180         0.00185        -9.76
   LS2024.Jan                   0.0694         0.00265        26.15
   TC2024.Nov                   0.0114         0.00210         5.41
   LS2026.Jan                  -0.0392         0.00297       -13.20
 ------------------------------------------------------------------------------


 ARIMA Model:  (1 1 0)(0 1 0)
   Nonseasonal differences: 1
   Seasonal differences:    1
                                              Standard
 Parameter                    Estimate          Errors
 -----------------------------------------------------
 Nonseasonal AR                                    
   Lag  1                       0.1321         0.08835

 Variance                       0.88752E-05
 SE of Var                      0.11182E-05
 -----------------------------------------------------

 Likelihood Statistics
 ------------------------------------------------------------------
 Number of observations (nobs)                                  139
 Effective number of observations (nefobs)                      126
 Number of parameters estimated (np)                             26
 Log likelihood                                            554.0368
 Transformation Adjustment                                -615.8784
 Adjusted Log likelihood (L)                               -61.8416
 AIC                                                       175.6832 
 AICC (F-corrected-AIC)                                    189.8650 
 Hannan Quinn                                              205.6428 
 BIC                                                       249.4265 
 ------------------------------------------------------------------


 DIAGNOSTIC CHECKING
  Sample Autocorrelations of the Residuals with the Ljung-Box diagnostic.

  Lag      1     2     3     4     5     6     7     8     9    10    11    12
  ACF  -0.02  0.08  0.01  0.17 -0.09 -0.05 -0.10  0.11 -0.04  0.04 -0.08 -0.09
  SE    0.09  0.09  0.09  0.09  0.09  0.09  0.09  0.09  0.10  0.10  0.10  0.10
  Q     0.05  0.91  0.93  4.75  5.82  6.12  7.57  9.21  9.40  9.60 10.53 11.58
  DF       0     1     2     3     4     5     6     7     8     9    10    11
  P    0.000 0.339 0.629 0.191 0.213 0.295 0.271 0.238 0.310 0.384 0.395 0.396

  Lag     13    14    15    16    17    18    19    20    21    22    23    24
  ACF   0.09  0.11 -0.10  0.07  0.03  0.03 -0.03 -0.01 -0.01  0.02 -0.04 -0.08
  SE    0.10  0.10  0.10  0.10  0.10  0.10  0.10  0.10  0.10  0.10  0.10  0.10
  Q    12.64 14.49 16.03 16.77 16.92 17.03 17.14 17.17 17.19 17.28 17.56 18.47
  DF      12    13    14    15    16    17    18    19    20    21    22    23
  P    0.396 0.340 0.312 0.333 0.391 0.452 0.514 0.578 0.641 0.694 0.732 0.731

  The P-values approximate the probability of observing a Q-value at least
  this large when the model fitted is correct.  When DF is positive, small
  values of P, customarily those below 0.05, indicate model inadequacy.

  Sample Autocorrelations of the Residuals
                 -1.0 -0.8 -0.6 -0.4 -0.2  0.0  0.2  0.4  0.6  0.8  1.0
                   +----+----+----+----+----+----+----+----+----+----+
            1                           .   |   .                     -0.019
            2                           .   |XX .                      0.082
            3                           .   |   .                      0.011
            4                           .   |XXXX                      0.170
            5                          .  XX|    .                    -0.090
            6                          .   X|    .                    -0.047
            7                          . XXX|    .                    -0.103
            8                          .    |XXX .                     0.110
            9                          .   X|    .                    -0.037
           10                          .    |X   .                     0.039
           11                          .  XX|    .                    -0.081
           12       - - - - - - - - -  .  XX|    .  - - - - - - - -   -0.086
           13                          .    |XX  .                     0.086
           14                          .    |XXX .                     0.113
           15                          . XXX|    .                    -0.103
           16                          .    |XX  .                     0.071
           17                          .    |X   .                     0.032
           18                          .    |X   .                     0.027
           19                          .   X|    .                    -0.026
           20                          .    |    .                    -0.015
           21                          .    |    .                    -0.010
           22                          .    |X   .                     0.025
           23                          .   X|    .                    -0.042
           24       - - - - - - - - -  .  XX|    .  - - - - - - - -   -0.076
  
  Sample Autocorrelations of the Squared Residuals with the Ljung-Box diagnostic.

  Lag      1     2     3     4     5     6     7     8     9    10    11    12
  ACF  -0.02 -0.11 -0.10  0.02 -0.08  0.00  0.05 -0.01 -0.10 -0.05  0.19 -0.00
  SE    0.09  0.09  0.09  0.09  0.09  0.09  0.09  0.09  0.09  0.09  0.09  0.10
  Q     0.03  1.48  2.70  2.78  3.58  3.58  3.92  3.93  5.27  5.64 10.71 10.71
  DF       0     1     2     3     4     5     6     7     8     9    10    11
  P    0.000 0.224 0.260 0.427 0.466 0.612 0.687 0.788 0.728 0.776 0.381 0.468

  Lag     13    14    15    16    17    18    19    20    21    22    23    24
  ACF   0.01  0.03  0.06 -0.05  0.03 -0.04 -0.05 -0.02  0.03 -0.01 -0.02  0.12
  SE    0.10  0.10  0.10  0.10  0.10  0.10  0.10  0.10  0.10  0.10  0.10  0.10
  Q    10.72 10.88 11.37 11.81 11.94 12.16 12.51 12.56 12.70 12.72 12.79 14.94
  DF      12    13    14    15    16    17    18    19    20    21    22    23
  P    0.553 0.621 0.656 0.694 0.748 0.790 0.820 0.860 0.890 0.918 0.939 0.897

  The P-values approximate the probability of observing a Q-value at least
  this large when the model fitted is correct in a way that supports the
  standard interpretations of the test statistics, standard errors, and
  prediction intervals output by X-13ARIMA-SEATS. When DF is positive, small
  values of P, customarily those below 0.05, suggest that model-based
  inferences about statistical significance and uncertainty will be less
  dependable than usual.

  Sample Autocorrelations of the Squared Residuals
                 -1.0 -0.8 -0.6 -0.4 -0.2  0.0  0.2  0.4  0.6  0.8  1.0
                   +----+----+----+----+----+----+----+----+----+----+
            1                           .   |   .                     -0.016
            2                           .XXX|   .                     -0.105
            3                          .  XX|    .                    -0.096
            4                          .    |X   .                     0.025
            5                          .  XX|    .                    -0.078
            6                          .    |    .                     0.001
            7                          .    |X   .                     0.051
            8                          .    |    .                    -0.007
            9                          .  XX|    .                    -0.099
           10                          .   X|    .                    -0.051
           11                          .    |XXXXX                     0.190
           12       - - - - - - - - -  .    |    .  - - - - - - - -   -0.002
           13                          .    |    .                     0.009
           14                          .    |X   .                     0.033
           15                          .    |X   .                     0.058
           16                          .   X|    .                    -0.054
           17                          .    |X   .                     0.030
           18                          .   X|    .                    -0.038
           19                          .   X|    .                    -0.048
           20                          .    |    .                    -0.018
           21                          .    |X   .                     0.030
           22                          .    |    .                    -0.010
           23                          .   X|    .                    -0.021
           24       - - - - - - - - -  .    |XXX .  - - - - - - - -    0.117
  
 Histogram of the Standardized and Mean-Centered Residuals
  Standard
  Deviations    Frequency

  Outlier [#####

       -3 +###
          |
       -2 +########
          |##########
       -1 +######
          |#############
        0 +#################################
          |####################
        1 +################
          |####
        2 +###
          |##
        3 +#

  Outlier [##

  One '#'= 1 observation[s]

 Tabular Histogram of the Standardized and Mean-Centered Residuals

  Standard
  Deviations    Frequency
  Standard
  Deviations    Frequency

 -3.00                 3

 -2.50                 0

 -2.00                 8

 -1.50                10

 -1.00                 6

 -0.50                13

  0.00                33

  0.50                20

  1.00                16

  1.50                 4

  2.00                 3

  2.50                 2

  3.00                 1

  Residuals with |t|>3.25

  Obs       t-value
  -----------------
  2016.Jan    -3.48
  2016.Dec     5.33
  2019.Oct    -3.31
  2020.Feb    -4.31
  2021.Jul     3.71
  2022.Feb    -3.56
  2023.Nov    -3.74

 Summary Statistics for the Unstandardized Residuals
  Minimum                    -0.009
  Maximum                     0.011
  Median                      0.000
  Robust Std Dev              0.002

 Normality Statistics for regARIMA Model Residuals:

    Number of residuals  :    126

    Skewness coefficient :   -0.0676    
    Geary's a            :    0.7101   (significant at one percent level)
    Kurtosis             :    4.8514   (significant at one percent level)

  A significant value of one of these statistics indicates that the
  standardized residuals do not follow a standard normal distribution.
  If the regARIMA model fits the data well, such lack of normality
  ordinarily causes no problems.

  However, a significant value can occur because certain data effects are
  not captured well by the model. Sometimes these effects can be captured
  by additional or different regressors (e.g. trading day, holiday or 
  outlier regressors).

  There are other important effects that can cause a significant value,
  such as random variation of the coefficients or time-varying conditional
  variances, which cannot be represented by regARIMA models. These other
  effects cause the t-tests, AIC's and forecast coverage intervals of
  X-13ARIMA-SEATS to have reduced reliability. Their presence is often
  indicated by significant (high) values of the Ljung-Box Q-statistics of
  the squared residuals.

 Durbin-Watson Statistic for regARIMA Model Residuals:
  dw =     2.018686

 Friedman Non-Parametric Test for regARIMA Model Residuals:
  ken =     3.565385 ( Asymptotically distributed as Chi-Square(11), P-Value =     0.980954 )

 QS Statistic for regARIMA Model Residuals (full series):             0.00
                                                       (P-Value =     1.0000)

 QS Statistic for regARIMA Model Residuals (starting 2018.Aug):       0.00
                                                       (P-Value =     1.0000)
      10*LOG(SPECTRUM) of the regARIMA model residuals
      Spectrum estimated from 2018.Aug to 2026.Jul.
 ++++++++++I+++++++++++++++++++++++++++++++++++++++++++++++++++++++++++++I
     -46.30I                                                           * I    -46.30
           I        *                   *                              *SI
           I        *                   *                              *SI
           I        *                   *                             **SI
     -47.42I       **                   *                             **SI    -47.42
           I       **                  **                             **SI
           I       **                  **   *            *            **SI
           I       **    *             **   *            *            **SI
     -48.54I       **    *             **   *            **          ***SI    -48.54
           I   *   **    *             **   *            **          ***SI
           I   *   **    *             **   *   *        **          ***SI
           I   *   **    *             **   **  *        **        * ***SI
     -49.66I   *   **   **             **   **  *        **       ******SI    -49.66
           I  ***  **   **            ****  **  *        **       ******SI
           I  ***  **   **           ***** ***  *      ****       ******SI
           I  ***  **   **          ****** ***  *      ****       ******SI
     -50.78I  *** ***   **          ****** ***  *     T****      *******SI    -50.78
           I  *** ***   *** *       ****** *** ***    T****      *******SI
           I *********  *** *       ******S*** ***    T****      *******SI
           I**********  *** *       ******S*******    T****      *******SI
     -51.89I**********  *****       ******S*******    T****      *******SI    -51.89
           I**********  *****       ******S*******    T*****    T*******SI
           I**********  *****       ******S*******    T*****    T*******SI
           I********** ******       ******S*******    T*****    T*******SI
     -53.01I********** ******       ******S*******    T*****    T*******SI    -53.01
           I**********S*******      ******S*******    T*****    T*******SI
           I**********S*******      ******S*******    T*****   *T*******SI
           I**********S*******      ******S*******   *T*****   *T*******SI
     -54.13I**********S*******      ******S*******   *T*****   *T*******SI    -54.13
           I**********S*******     *******S*******   *T****** S*T*******SI
           I**********S*******     *******S********  *T****** S*T*******SI
           I**********S*******     *******S********  *T*******S*T*******SI
     -55.25I**********S*******     *******S********  *T*******S*T*******SI    -55.25
           I**********S*******     *******S******** S*T*******S*T*******SI
           I**********S*******     *******S******** S*T*******S*T*******SI
           I**********S*******     *******S*********S*T*******S*T*******SI
     -56.37I**********S*******     *******S*********S*T*******S*T*******SI    -56.37
           I**********S*******     *******S*********S*T*******S*T*******SI
           I**********S*******     *******S*********S*T*******S*T*******SI
           I**********S*******     *******S*********S*T*******S*T*******SI
     -57.48I**********S********    *******S*********S*T*******S*T*******SI    -57.48
           I**********S********    *******S*********S*T*******S*T*******SI
           I**********S********   ********S*********S*T*******S*T*******SI
           I**********S********   ********S*********S*T*******S*T*******SI
     -58.60I**********S********   ********S*********S*T*******S*T*******SI    -58.60
           I**********S********   ********S*********S*T*******S*T*******SI
           I**********S********   ********S*********S*T*******S*T*******SI
           I**********S********   ********S*********S*T*******S*T*******SI
     -59.72I**********S********   ********S*********S*T*******S*T*******SI    -59.72
           I**********S*********  ********S*********S*T*******S*T*******SI
           I**********S********* *********S*********S*T*******S*T*******SI
           I**********S********* *********S*********S*T*******S*T*******SI
     -60.84I**********S*********S*********S*********S*T*******S*T*******SI    -60.84
 ++++++++++I+++++++++++++++++++++++++++++++++++++++++++++++++++++++++++++I
            S=SEASONAL FREQUENCIES, T=TRADING DAY FREQUENCIES


 FORECASTING
  Origin  2026.Jul
  Number        12

  Forecasts and Standard Errors of the Transformed Data
   ------------------------------
                         Standard
       Date   Forecast      Error
   ------------------------------
   2026.Aug       5.20      0.003
   2026.Sep       5.20      0.005
   2026.Oct       5.19      0.006
   2026.Nov       5.19      0.007
   2026.Dec       5.19      0.007
   2027.Jan       5.18      0.009
   2027.Feb       5.18      0.009
   2027.Mar       5.18      0.010
   2027.Apr       5.18      0.011
   2027.May       5.18      0.011
   2027.Jun       5.18      0.012
   2027.Jul       5.18      0.012
   ------------------------------

  Confidence intervals with coverage probability ( 0.95000
  On the Original Scale
   ---------------------------------------
       Date      Lower  Forecast     Upper
   ---------------------------------------
   2026.Aug     180.83    181.89    182.96
   2026.Sep     179.12    180.71    182.31
   2026.Oct     178.18    180.17    182.17
   2026.Nov     176.66    178.96    181.30
   2026.Dec     176.10    178.69    181.32
   2027.Jan     175.34    178.37    181.45
   2027.Feb     174.46    177.69    180.99
   2027.Mar     173.87    177.31    180.81
   2027.Apr     173.77    177.41    181.12
   2027.May     173.30    177.12    181.01
   2027.Jun     172.94    176.92    181.00
   2027.Jul     172.77    176.92    181.18
   ---------------------------------------
        R35 monthly CPI index            PAGE   4, SERIES series
  
 A 8  RegARIMA combined outlier component
      (AO, LS, TC outliers included)
  From  2015.Jan to 2026.Jul
  Observations        139
 -----------------------------------------------------------------------------
               Jan      Feb      Mar      Apr      May      Jun 
               Jul      Aug      Sep      Oct      Nov      Dec         AVGE  
 -----------------------------------------------------------------------------
  2015         55.5     55.5     55.5     55.5     55.5     55.5
               55.5     55.5     55.5     55.5     55.5     55.5          55.5
 
  2016         55.5     55.5     55.5     55.5     54.6     54.6
               54.6     54.6     54.6     54.6     54.6     54.6          54.9
 
  2017         54.6     54.6     54.6     54.6     54.6     54.6
               54.6     54.6     54.6     54.6     54.6     54.6          54.6
 
  2018         54.6     54.6     54.6     54.6     54.6     55.2
               55.2     55.2     55.2     55.2     55.2     55.2          55.0
 
  2019         56.2     56.8     57.3     57.6     57.8     57.9
               58.0     58.1     58.1     58.2     58.2     58.2          57.7
 
  2020         58.2     58.2     58.3     58.3     58.3     58.3
               58.3     58.3     58.3     56.9     56.9     56.9          57.9
 
  2021         56.1     56.1     56.1     56.1     56.1     56.1
               56.1     56.1     56.1     57.3     51.4     51.4          55.4
 
  2022         65.9     68.6     70.5     73.3     74.3     75.7
               76.9     77.0     82.0     61.2     66.9     67.6          71.7
 
  2023         98.7     98.8     98.8     98.8     98.9     98.9
               98.9     98.9     97.0     95.3     97.0     97.0          98.1
 
  2024        104.0    104.0    104.0    104.0    104.0    104.0
              104.0    104.0    104.0    104.0    105.2    104.8         104.2
 
  2025        104.6    104.4    104.3    104.2    104.1    104.1
              104.1    104.0    104.0    104.0    104.0    104.0         104.2
 
  2026        100.0    100.0    100.0    100.0    100.0    100.0
              100.0                                                      100.0
 
  AVGE         72.0     72.3     72.5     72.7     72.7     72.9
               73.0     70.6     70.9     68.8     69.1     69.1

  Table Total-      9929.74   Mean-      71.44   Std. Dev.-      35.41
                              Min -      51.41        Max -     105.19

 A 8.A  RegARIMA outlier component
  From  2026.Aug to 2027.Jul
  Observations         12
 -----------------------------------------------------------------------------
               Jan      Feb      Mar      Apr      May      Jun 
               Jul      Aug      Sep      Oct      Nov      Dec         AVGE  
 -----------------------------------------------------------------------------
  2026                                                          
                       100.0    100.0    100.0    100.0    100.0         100.0
 
  2027        100.0    100.0    100.0    100.0    100.0    100.0
              100.0                                                      100.0
 
        R35 monthly CPI index            PAGE   5, SERIES series

 A 8.AO  RegARIMA AO outlier component
  From  2015.Jan to 2026.Jul
  Observations        139
 -----------------------------------------------------------------------------
               Jan      Feb      Mar      Apr      May      Jun 
               Jul      Aug      Sep      Oct      Nov      Dec         AVGE  
 -----------------------------------------------------------------------------
  2015        100.0    100.0    100.0    100.0    100.0    100.0
              100.0    100.0    100.0    100.0    100.0    100.0         100.0
 
  2016        100.0    100.0    100.0    100.0    100.0    100.0
              100.0    100.0    100.0    100.0    100.0    100.0         100.0
 
  2017        100.0    100.0    100.0    100.0    100.0    100.0
              100.0    100.0    100.0    100.0    100.0    100.0         100.0
 
  2018        100.0    100.0    100.0    100.0    100.0    100.0
              100.0    100.0    100.0    100.0    100.0    100.0         100.0
 
  2019        100.0    100.0    100.0    100.0    100.0    100.0
              100.0    100.0    100.0    100.0    100.0    100.0         100.0
 
  2020        100.0    100.0    100.0    100.0    100.0    100.0
              100.0    100.0    100.0    100.0    100.0    100.0         100.0
 
  2021        100.0    100.0    100.0    100.0    100.0    100.0
              100.0    100.0    100.0    100.0    100.0    100.0         100.0
 
  2022        100.0    100.0    100.0    100.0    100.0    100.0
              100.0    100.0    100.0    100.0    100.0    100.0         100.0
 
  2023        100.0    100.0    100.0    100.0    100.0    100.0
              100.0    100.0    100.0     98.2    100.0    100.0          99.9
 
  2024        100.0    100.0    100.0    100.0    100.0    100.0
              100.0    100.0    100.0    100.0    100.0    100.0         100.0
 
  2025        100.0    100.0    100.0    100.0    100.0    100.0
              100.0    100.0    100.0    100.0    100.0    100.0         100.0
 
  2026        100.0    100.0    100.0    100.0    100.0    100.0
              100.0                                                      100.0
 
  AVGE        100.0    100.0    100.0    100.0    100.0    100.0
              100.0    100.0    100.0     99.8    100.0    100.0

  Table Total-     13898.21   Mean-      99.99   Std. Dev.-       0.15
                              Min -      98.21        Max -     100.00
        R35 monthly CPI index            PAGE   6, SERIES series

 A 8.LS  RegARIMA level change outlier component
  From  2015.Jan to 2026.Jul
  Observations        139
 -----------------------------------------------------------------------------
               Jan      Feb      Mar      Apr      May      Jun 
               Jul      Aug      Sep      Oct      Nov      Dec         AVGE  
 -----------------------------------------------------------------------------
  2015         55.5     55.5     55.5     55.5     55.5     55.5
               55.5     55.5     55.5     55.5     55.5     55.5          55.5
 
  2016         55.5     55.5     55.5     55.5     54.6     54.6
               54.6     54.6     54.6     54.6     54.6     54.6          54.9
 
  2017         54.6     54.6     54.6     54.6     54.6     54.6
               54.6     54.6     54.6     54.6     54.6     54.6          54.6
 
  2018         54.6     54.6     54.6     54.6     54.6     55.2
               55.2     55.2     55.2     55.2     55.2     55.2          55.0
 
  2019         58.3     58.3     58.3     58.3     58.3     58.3
               58.3     58.3     58.3     58.3     58.3     58.3          58.3
 
  2020         58.3     58.3     58.3     58.3     58.3     58.3
               58.3     58.3     58.3     56.9     56.9     56.9          57.9
 
  2021         56.1     56.1     56.1     56.1     56.1     56.1
               56.1     56.1     56.1     62.0     62.0     62.0          57.5
 
  2022         75.1     75.1     75.1     76.7     76.7     77.4
               77.4     77.4     82.3     82.3     82.3     78.1          78.0
 
  2023         98.9     98.9     98.9     98.9     98.9     98.9
               98.9     98.9     97.0     97.0     97.0     97.0          98.3
 
  2024        104.0    104.0    104.0    104.0    104.0    104.0
              104.0    104.0    104.0    104.0    104.0    104.0         104.0
 
  2025        104.0    104.0    104.0    104.0    104.0    104.0
              104.0    104.0    104.0    104.0    104.0    104.0         104.0
 
  2026        100.0    100.0    100.0    100.0    100.0    100.0
              100.0                                                      100.0
 
  AVGE         72.9     72.9     72.9     73.0     73.0     73.1
               73.1     70.6     70.9     71.3     71.3     70.9

  Table Total-     10036.69   Mean-      72.21   Std. Dev.-      34.70
                              Min -      54.62        Max -     104.00
        R35 monthly CPI index            PAGE   7, SERIES series

 A 8.TC  RegARIMA temporary change outlier component
  From  2015.Jan to 2026.Jul
  Observations        139
 -----------------------------------------------------------------------------
               Jan      Feb      Mar      Apr      May      Jun 
               Jul      Aug      Sep      Oct      Nov      Dec         AVGE  
 -----------------------------------------------------------------------------
  2015        100.0    100.0    100.0    100.0    100.0    100.0
              100.0    100.0    100.0    100.0    100.0    100.0         100.0
 
  2016        100.0    100.0    100.0    100.0    100.0    100.0
              100.0    100.0    100.0    100.0    100.0    100.0         100.0
 
  2017        100.0    100.0    100.0    100.0    100.0    100.0
              100.0    100.0    100.0    100.0    100.0    100.0         100.0
 
  2018        100.0    100.0    100.0    100.0    100.0    100.0
              100.0    100.0    100.0    100.0    100.0    100.0         100.0
 
  2019         96.5     97.5     98.3     98.8     99.2     99.4
               99.6     99.7     99.8     99.9     99.9     99.9          99.0
 
  2020        100.0    100.0    100.0    100.0    100.0    100.0
              100.0    100.0    100.0    100.0    100.0    100.0         100.0
 
  2021        100.0    100.0    100.0    100.0    100.0    100.0
              100.0    100.0    100.0     92.5     83.0     82.9          96.5
 
  2022         87.7     91.2     93.8     95.6     96.9     97.8
               99.4     99.6     99.7     74.4     81.3     86.5          92.0
 
  2023         99.8     99.9     99.9     99.9    100.0    100.0
              100.0    100.0    100.0    100.0    100.0    100.0          99.9
 
  2024        100.0    100.0    100.0    100.0    100.0    100.0
              100.0    100.0    100.0    100.0    101.1    100.8         100.2
 
  2025        100.6    100.4    100.3    100.2    100.1    100.1
              100.1    100.0    100.0    100.0    100.0    100.0         100.2
 
  2026        100.0    100.0    100.0    100.0    100.0    100.0
              100.0                                                      100.0
 
  AVGE         98.7     99.1     99.4     99.5     99.7     99.8
               99.9     99.9    100.0     97.0     96.9     97.3

  Table Total-     13753.83   Mean-      98.95   Std. Dev.-       3.93
                              Min -      74.42        Max -     101.14

 A 8.TC.A  RegARIMA temporary change outlier component
  From  2026.Aug to 2027.Jul
  Observations         12
 -----------------------------------------------------------------------------
               Jan      Feb      Mar      Apr      May      Jun 
               Jul      Aug      Sep      Oct      Nov      Dec         AVGE  
 -----------------------------------------------------------------------------
  2026                                                          
                       100.0    100.0    100.0    100.0    100.0         100.0
 
  2027        100.0    100.0    100.0    100.0    100.0    100.0
              100.0                                                      100.0
 
        R35 monthly CPI index            PAGE   8, SERIES series
  
 B 1  Original series (prior adjusted)
      (adjusted for regARIMA factors)
  From  2015.Jan to 2026.Jul
  Observations        139
 -----------------------------------------------------------------------------
               Jan      Feb      Mar      Apr      May      Jun 
               Jul      Aug      Sep      Oct      Nov      Dec        TOTAL  
 -----------------------------------------------------------------------------
  2015         180.     180.     180.     180.     180.     180.
               180.     180.     180.     180.     180.     180.         2161.
 
  2016         181.     181.     181.     181.     181.     181.
               181.     181.     181.     181.     181.     181.         2173.
 
  2017         182.     181.     181.     181.     181.     181.
               181.     181.     181.     181.     181.     181.         2171.
 
  2018         184.     183.     183.     183.     183.     183.
               183.     184.     184.     184.     184.     184.         2202.
 
  2019         187.     187.     188.     187.     187.     187.
               186.     186.     186.     186.     187.     188.         2244.
 
  2020         191.     191.     192.     192.     192.     192.
               192.     192.     192.     192.     192.     192.         2304.
 
  2021         194.     194.     194.     194.     194.     194.
               194.     194.     195.     195.     194.     195.         2333.
 
  2022         196.     195.     195.     196.     196.     196.
               196.     198.     199.     198.     197.     197.         2360.
 
  2023         198.     198.     197.     197.     198.     198.
               197.     198.     197.     197.     196.     197.         2366.
 
  2024         197.     197.     196.     195.     195.     195.
               193.     193.     192.     192.     190.     190.         2326.
 
  2025         190.     189.     189.     188.     188.     188.
               188.     187.     186.     186.     184.     184.         2247.
 
  2026         184.     183.     183.     183.     182.     182.
               182.                                                      1279.
 
  AVGE         189.     188.     188.     188.     188.     188.
               188.     189.     189.     188.     188.     188.

  Table Total-     26167.22   Mean-     188.25   Std. Dev.-       6.30
                              Min -     179.51        Max -     198.64

 B 1.A  Forecasts of (prior adjusted) original series
  From  2026.Aug to 2027.Jul
  Observations         12
 -----------------------------------------------------------------------------
               Jan      Feb      Mar      Apr      May      Jun 
               Jul      Aug      Sep      Oct      Nov      Dec        TOTAL  
 -----------------------------------------------------------------------------
  2026                                                          
                        182.     181.     180.     179.     179.          900.
 
  2027         178.     178.     177.     177.     177.     177.
               177.                                                      1242.
 
        R35 monthly CPI index            PAGE   9, SERIES series

 C 17  Final weights for irregular component
  From  2015.Jan to 2026.Jul
  Observations        139
  Lower sigma limit    1.50
  Upper sigma limit    2.50
 -----------------------------------------------------------------------------
               Jan      Feb      Mar      Apr      May      Jun 
               Jul      Aug      Sep      Oct      Nov      Dec         S.D.  
 -----------------------------------------------------------------------------
  2015         79.9    100.0    100.0    100.0    100.0    100.0
              100.0    100.0    100.0    100.0    100.0      0.0           0.1
 
  2016         30.0    100.0    100.0    100.0    100.0    100.0
              100.0    100.0    100.0    100.0    100.0      0.0           0.1
 
  2017        100.0     62.4    100.0    100.0    100.0    100.0
              100.0    100.0    100.0    100.0    100.0    100.0           0.1
 
  2018          0.0    100.0    100.0    100.0    100.0    100.0
              100.0    100.0    100.0     39.5    100.0    100.0           0.1
 
  2019        100.0     87.7      0.0    100.0    100.0    100.0
              100.0    100.0     31.5      0.0    100.0    100.0           0.1
 
  2020        100.0    100.0      0.0    100.0    100.0    100.0
              100.0    100.0    100.0    100.0    100.0    100.0           0.1
 
  2021        100.0    100.0    100.0    100.0    100.0    100.0
              100.0     38.4      3.0    100.0    100.0    100.0           0.1
 
  2022        100.0      0.0    100.0    100.0    100.0    100.0
              100.0     82.1      0.0    100.0    100.0    100.0           0.1
 
  2023        100.0    100.0      0.0    100.0    100.0    100.0
              100.0    100.0    100.0    100.0     35.2    100.0           0.1
 
  2024        100.0    100.0    100.0    100.0    100.0    100.0
              100.0    100.0    100.0    100.0    100.0    100.0           0.1
 
  2025         40.1    100.0    100.0    100.0    100.0    100.0
              100.0    100.0    100.0    100.0    100.0    100.0           0.1
 
  2026        100.0    100.0    100.0    100.0    100.0    100.0
               95.9                                                        0.1
 
        R35 monthly CPI index            PAGE  10, SERIES series

 D 8  Final unmodified SI ratios
  From  2015.Jan to 2026.Jul
  Observations        139
 -----------------------------------------------------------------------------
               Jan      Feb      Mar      Apr      May      Jun 
               Jul      Aug      Sep      Oct      Nov      Dec         AVGE  
 -----------------------------------------------------------------------------
  2015        100.2    100.2    100.2    100.0     99.9    100.0
              100.0    100.0     99.9    100.0    100.0    100.0         100.0
 
  2016        100.2    100.1    100.0    100.1    100.0    100.0
               99.9     99.9     99.9     99.9     99.9    100.0         100.0
 
  2017        100.6    100.0    100.1    100.2    100.0    100.0
               99.9     99.8     99.8     99.8     99.7     99.6         100.0
 
  2018        100.9    100.5    100.3    100.2    100.1    100.0
               99.8     99.9     99.7     99.5     99.6     99.5         100.0
 
  2019        100.7    100.5    101.0    100.3    100.2    100.1
               99.8     99.7     99.5     99.2     99.5     99.6         100.0
 
  2020        100.7    100.3    100.8    100.4    100.2    100.0
               99.9     99.9     99.9     99.7     99.7     99.6         100.1
 
  2021        100.5    100.4    100.2    100.1    100.0    100.0
               99.9     99.8    100.3    100.1     99.6     99.8         100.0
 
  2022        100.5     99.8     99.9    100.0    100.0    100.0
               99.8    100.4    100.5    100.3     99.5     99.9         100.0
 
  2023        100.4    100.0     99.5     99.8    100.0    100.2
               99.8    100.3    100.1    100.1     99.3     99.9         100.0
 
  2024        100.2    100.1     99.9     99.8    100.0    100.2
              100.0    100.4    100.0    100.2     99.6     99.7         100.0
 
  2025         99.9    100.0     99.8    100.0    100.1    100.1
              100.3    100.4    100.0    100.0     99.6     99.8         100.0
 
  2026         99.9     99.8     99.8    100.1    100.1    100.1
              100.4                                                      100.0
 
  AVGE        100.4    100.1    100.1    100.1    100.1    100.1
              100.0    100.0     99.9     99.9     99.7     99.7

  Table Total-     13901.42   Mean-     100.01   Std. Dev.-       0.30
                              Min -      99.16        Max -     100.95
        R35 monthly CPI index            PAGE  11, SERIES series

 D 8.B  Final unmodified SI ratios, with labels for outliers and extreme values
  From  2015.Jan to 2026.Jul
  Observations        139
 ---------------------------------------------------------------------
               Jan       Feb       Mar       Apr       May       Jun  
               Jul       Aug       Sep       Oct       Nov       Dec  
 ---------------------------------------------------------------------
  2015       100.2*    100.2     100.2     100.0      99.9     100.0  
             100.0     100.0      99.9     100.0     100.0     100.0* 
 
  2016       100.2*    100.1     100.0     100.1 -   100.0#    100.0 -
              99.9      99.9      99.9      99.9      99.9     100.0* 
 
  2017       100.6     100.0*    100.1     100.2     100.0     100.0  
              99.9      99.8      99.8      99.8      99.7      99.6  
 
  2018       100.9*    100.5     100.3     100.2     100.1     100.0# 
              99.8      99.9      99.7      99.5*     99.6 -    99.5 -
 
  2019       100.7@    100.5*-   101.0*-   100.3     100.2     100.1  
              99.8      99.7      99.5*     99.2*     99.5      99.6  
 
  2020       100.7     100.3     100.8*    100.4     100.2     100.0  
              99.9      99.9      99.9 -    99.7#     99.7 -    99.6 -
 
  2021       100.5#    100.4 -   100.2     100.1     100.0     100.0  
              99.9      99.8*-   100.3*-   100.1@     99.6#-    99.8#-
 
  2022       100.5#     99.8*-    99.9 -   100.0#    100.0 -   100.0# 
              99.8#-   100.4*-   100.5&    100.3#-    99.5 -    99.9#-
 
  2023       100.4@-   100.0 -    99.5*-    99.8     100.0     100.2  
              99.8     100.3 -   100.1#    100.1#-    99.3*-    99.9 -
 
  2024       100.2#    100.1 -    99.9 -    99.8     100.0     100.2  
             100.0     100.4     100.0     100.2      99.6#     99.7  
 
  2025        99.9*    100.0      99.8     100.0     100.1     100.1  
             100.3     100.4     100.0     100.0      99.6 -    99.8 -
 
  2026        99.9#     99.8 -    99.8 -   100.1     100.1     100.1  
             100.4*                                                   
 

  Key to symbols:
    *  : extreme value as determined by X-11 extreme value procedure
    #  : regARIMA outlier (either AO, LS, TC, or Ramp)
    @  : extreme value and at least one type of regARIMA outlier
    &  : more than one type of regARIMA outlier
    -  : values around a level shift most likely to be influenced by it
 
        R35 monthly CPI index            PAGE  12, SERIES series

 D 9  Final replacement values for SI ratios
  From  2015.Jan to 2026.Jul
  Observations        139
 ---------------------------------------------------------------
               Jan      Feb      Mar      Apr      May      Jun 
               Jul      Aug      Sep      Oct      Nov      Dec 
 ---------------------------------------------------------------
  2015        100.3 ******** ******** ******** ******** ********
           ******** ******** ******** ******** ********     99.6
 
  2016        100.4 ******** ******** ******** ******** ********
           ******** ******** ******** ******** ********     99.6
 
  2017     ********    100.1 ******** ******** ******** ********
           ******** ******** ******** ******** ******** ********
 
  2018        100.6 ******** ******** ******** ******** ********
           ******** ******** ********     99.7 ******** ********
 
  2019     ********    100.5    100.3 ******** ******** ********
           ******** ********     99.6     99.7 ******** ********
 
  2020     ******** ********    100.2 ******** ******** ********
           ******** ******** ******** ******** ******** ********
 
  2021     ******** ******** ******** ******** ******** ********
           ********    100.0    100.0 ******** ******** ********
 
  2022     ********    100.1 ******** ******** ******** ********
           ********    100.4    100.1 ******** ******** ********
 
  2023     ******** ********     99.9 ******** ******** ********
           ******** ******** ******** ********     99.5 ********
 
  2024     ******** ******** ******** ******** ******** ********
           ******** ******** ******** ******** ******** ********
 
  2025        100.0 ******** ******** ******** ******** ********
           ******** ******** ******** ******** ******** ********
 
  2026     ******** ******** ******** ******** ******** ********
              100.4                                             
 

 D 9.A  Moving seasonality ratio
 ---------------------------------------------------------------
               Jan      Feb      Mar      Apr      May      Jun 
 ---------------------------------------------------------------
   I          0.078    0.116    0.074    0.103    0.041    0.068
   S          0.063    0.046    0.037    0.033    0.011    0.022
 RATIO        1.231    2.512    1.982    3.094    3.725    3.050



 ---------------------------------------------------------------
               Jul      Aug      Sep      Oct      Nov      Dec 
 ---------------------------------------------------------------
   I          0.090    0.098    0.091    0.119    0.082    0.078
   S          0.037    0.056    0.032    0.044    0.033    0.028
 RATIO        2.452    1.740    2.826    2.740    2.465    2.776



        R35 monthly CPI index            PAGE  13, SERIES series

 D 10  Final seasonal factors
  From  2015.Jan to 2026.Jul
  Observations        139
  Seasonal filter    3 x 3 moving average
 -----------------------------------------------------------------------------
               Jan      Feb      Mar      Apr      May      Jun 
               Jul      Aug      Sep      Oct      Nov      Dec         AVGE  
 -----------------------------------------------------------------------------
  2015       100.40   100.18   100.11   100.09    99.99    99.99
              99.95    99.94    99.85    99.91    99.91    99.61        100.00
 
  2016       100.45   100.20   100.12   100.12   100.02    99.99
              99.93    99.92    99.82    99.86    99.85    99.59         99.99
 
  2017       100.53   100.25   100.15   100.16   100.06   100.00
              99.90    99.88    99.77    99.79    99.75    99.56         99.98
 
  2018       100.61   100.34   100.20   100.22   100.11   100.00
              99.86    99.85    99.74    99.73    99.67    99.55         99.99
 
  2019       100.65   100.40   100.22   100.25   100.12    99.99
              99.86    99.83    99.75    99.75    99.63    99.58        100.00
 
  2020       100.64   100.37   100.18   100.22   100.11    99.97
              99.85    99.92    99.84    99.85    99.61    99.65        100.02
 
  2021       100.57   100.28   100.10   100.11   100.06    99.99
              99.84   100.05    99.95   100.00    99.59    99.74        100.02
 
  2022       100.46   100.16    99.99    99.98   100.03   100.04
              99.83   100.21   100.03   100.13    99.56    99.81        100.02
 
  2023       100.33   100.07    99.91    99.88   100.02   100.12
              99.90   100.30   100.06   100.16    99.56    99.83        100.01
 
  2024       100.18   100.00    99.86    99.88   100.04   100.16
             100.03   100.36   100.05   100.15    99.59    99.81        100.01
 
  2025       100.04    99.92    99.84    99.94   100.06   100.17
             100.18   100.38   100.04   100.09    99.62    99.78        100.00
 
  2026        99.95    99.86    99.82   100.00   100.07   100.15
             100.29                                                     100.02
 
  AVGE       100.40   100.17   100.04   100.07   100.06   100.05
              99.95   100.06    99.90    99.95    99.67    99.68

  Table Total-     13900.64   Mean-     100.00   Std. Dev.-       0.24
                              Min -      99.55        Max -     100.65

 D 10.A  Final seasonal component forecasts
  From  2026.Aug to 2027.Jul
  Observations         12
 -----------------------------------------------------------------------------
               Jan      Feb      Mar      Apr      May      Jun 
               Jul      Aug      Sep      Oct      Nov      Dec         AVGE  
 -----------------------------------------------------------------------------
  2026                                                          
                      100.40   100.03   100.06    99.64    99.77         99.98
 
  2027        99.91    99.81    99.81   100.04   100.08   100.15
             100.33                                                     100.02
 
        R35 monthly CPI index            PAGE  14, SERIES series

 D 11  Final seasonally adjusted data
  From  2015.Jan to 2026.Jul
  Observations        139
 -----------------------------------------------------------------------------
               Jan      Feb      Mar      Apr      May      Jun 
               Jul      Aug      Sep      Oct      Nov      Dec        TOTAL  
 -----------------------------------------------------------------------------
  2015          99.     100.     100.     100.     100.     100.
               100.     100.     100.     100.     100.     100.         1200.
 
  2016         100.     100.     100.     100.      99.      99.
                99.      99.      99.      99.      99.     100.         1194.
 
  2017          99.      99.      99.      99.      99.      99.
                99.      99.      99.      99.      99.      99.         1186.
 
  2018         100.     100.     100.     100.     100.     101.
               101.     102.     102.     102.     102.     102.         1211.
 
  2019         105.     106.     107.     107.     108.     108.
               108.     108.     109.     109.     110.     110.         1295.
 
  2020         110.     111.     112.     112.     112.     112.
               112.     112.     112.     110.     110.     110.         1334.
 
  2021         108.     109.     109.     109.     109.     109.
               109.     109.     110.     112.     100.     100.         1292.
 
  2022         129.     133.     138.     143.     146.     149.
               151.     152.     163.     121.     132.     134.         1691.
 
  2023         195.     195.     194.     195.     195.     195.
               195.     195.     191.     187.     191.     191.         2321.
 
  2024         205.     205.     204.     203.     203.     202.
               201.     200.     200.     200.     201.     200.         2423.
 
  2025         198.     198.     197.     197.     196.     195.
               195.     194.     194.     193.     192.     192.         2341.
 
  2026         184.     183.     183.     183.     182.     182.
               182.                                                      1279.
 
  AVGE         136.     136.     137.     137.     137.     138.
               138.     134.     134.     130.     131.     131.

  Table Total-     18765.87   Mean-     135.01   Std. Dev.-      41.57
                              Min -      98.55        Max -     204.63
        R35 monthly CPI index            PAGE  15, SERIES series

 D 12  Final trend cycle
  From  2015.Jan to 2026.Jul
  Observations        139
  Trend filter     9-term Henderson moving average
  I/C ratio        0.46
 -----------------------------------------------------------------------------
               Jan      Feb      Mar      Apr      May      Jun 
               Jul      Aug      Sep      Oct      Nov      Dec        TOTAL  
 -----------------------------------------------------------------------------
  2015          99.     100.     100.     100.     100.     100.
               100.     100.     100.     100.     100.     100.         1200.
 
  2016         100.     100.     100.     100.      99.      99.
                99.      99.      99.      99.      99.      99.         1194.
 
  2017          99.      99.      99.      99.      99.      99.
                99.      99.      99.      99.      99.      99.         1186.
 
  2018         100.     100.     100.     100.     100.     101.
               101.     101.     102.     102.     102.     102.         1210.
 
  2019         108.     108.     109.     109.     109.     109.
               109.     109.     109.     109.     110.     110.         1307.
 
  2020         110.     111.     111.     112.     112.     112.
               112.     112.     112.     110.     110.     110.         1334.
 
  2021         108.     109.     109.     109.     109.     109.
               109.     109.     109.     121.     121.     121.         1342.
 
  2022         147.     147.     147.     150.     150.     152.
               152.     153.     163.     163.     163.     154.         1840.
 
  2023         195.     195.     195.     195.     195.     195.
               195.     195.     191.     191.     191.     191.         2327.
 
  2024         205.     204.     204.     203.     203.     202.
               201.     200.     200.     199.     199.     198.         2419.
 
  2025         198.     197.     197.     196.     196.     195.
               195.     194.     193.     193.     192.     192.         2337.
 
  2026         184.     183.     183.     183.     182.     182.
               182.                                                      1279.
 
  AVGE         138.     138.     138.     138.     138.     138.
               138.     134.     134.     135.     135.     134.

  Table Total-     18975.27   Mean-     136.51   Std. Dev.-      41.48
                              Min -      98.62        Max -     204.68
        R35 monthly CPI index            PAGE  16, SERIES series

 D 13  Final irregular component
  From  2015.Jan to 2026.Jul
  Observations        139
 -----------------------------------------------------------------------------
               Jan      Feb      Mar      Apr      May      Jun 
               Jul      Aug      Sep      Oct      Nov      Dec         S.D.  
 -----------------------------------------------------------------------------
  2015         99.8    100.1    100.1    100.0    100.0    100.0
              100.0    100.0    100.0    100.0    100.0    100.3           0.1
 
  2016         99.8    100.0    100.0    100.1    100.0    100.0
              100.0    100.0    100.0    100.0    100.0    100.4           0.1
 
  2017        100.1     99.8    100.0    100.0    100.0    100.0
              100.0    100.0    100.0    100.0    100.0    100.0           0.1
 
  2018        100.3    100.1    100.0     99.9    100.0    100.0
              100.0    100.1    100.0     99.8    100.0     99.9           0.1
 
  2019         96.6     97.6     98.9     98.8     99.2     99.5
               99.6     99.7     99.6     99.3     99.9     99.9           1.4
 
  2020        100.0     99.9    100.5    100.1    100.0     99.9
              100.1    100.0    100.0     99.9    100.1     99.9           0.2
 
  2021         99.9    100.1    100.1    100.0    100.0    100.0
              100.0     99.8    100.3     92.5     83.0     82.9           7.3
 
  2022         87.8     90.9     93.7     95.6     96.9     97.8
               99.3     99.7    100.1     74.5     81.2     86.5          11.1
 
  2023         99.8     99.8     99.5     99.9    100.0    100.1
               99.9    100.0    100.1     98.1     99.8    100.1           0.6
 
  2024        100.0    100.1    100.0     99.9    100.0    100.1
               99.9    100.0     99.9    100.1    101.2    100.7           0.4
 
  2025        100.4    100.4    100.3    100.2    100.2    100.0
              100.1    100.0    100.0    100.0    100.1    100.0           0.2
 
  2026        100.0    100.0    100.0    100.0    100.0    100.0
              100.1                                                        0.0
 
  S.D.          3.7      2.7      1.8      1.3      0.9      0.7
                0.2      0.2      0.2      8.0      7.6      6.6

  Table Total-     13752.77   Mean-      98.94   Std. Dev.-       3.94
                              Min -      74.48        Max -     101.20
        R35 monthly CPI index            PAGE  17, SERIES series

 D 16  Combined adjustment factors
  From  2015.Jan to 2026.Jul
  Observations        139
 -----------------------------------------------------------------------------
               Jan      Feb      Mar      Apr      May      Jun 
               Jul      Aug      Sep      Oct      Nov      Dec         AVGE  
 -----------------------------------------------------------------------------
  2015       100.40   100.18   100.11   100.09    99.99    99.99
              99.95    99.94    99.85    99.91    99.91    99.61        100.00
 
  2016       100.45   100.20   100.12   100.12   100.02    99.99
              99.93    99.92    99.82    99.86    99.85    99.59         99.99
 
  2017       100.53   100.25   100.15   100.16   100.06   100.00
              99.90    99.88    99.77    99.79    99.75    99.56         99.98
 
  2018       100.61   100.34   100.20   100.22   100.11   100.00
              99.86    99.85    99.74    99.73    99.67    99.55         99.99
 
  2019       100.65   100.40   100.22   100.25   100.12    99.99
              99.86    99.83    99.75    99.75    99.63    99.58        100.00
 
  2020       100.64   100.37   100.18   100.22   100.11    99.97
              99.85    99.92    99.84    99.85    99.61    99.65        100.02
 
  2021       100.57   100.28   100.10   100.11   100.06    99.99
              99.84   100.05    99.95   100.00    99.59    99.74        100.02
 
  2022       100.46   100.16    99.99    99.98   100.03   100.04
              99.83   100.21   100.03   100.13    99.56    99.81        100.02
 
  2023       100.33   100.07    99.91    99.88   100.02   100.12
              99.90   100.30   100.06   100.16    99.56    99.83        100.01
 
  2024       100.18   100.00    99.86    99.88   100.04   100.16
             100.03   100.36   100.05   100.15    99.59    99.81        100.01
 
  2025       100.04    99.92    99.84    99.94   100.06   100.17
             100.18   100.38   100.04   100.09    99.62    99.78        100.00
 
  2026        99.95    99.86    99.82   100.00   100.07   100.15
             100.29                                                     100.02
 
  AVGE       100.40   100.17   100.04   100.07   100.06   100.05
              99.95   100.06    99.90    99.95    99.67    99.68

  Table Total-     13900.64   Mean-     100.00   Std. Dev.-       0.24
                              Min -      99.55        Max -     100.65

 D 16.A  Combined adjustment component forecasts
  From  2026.Aug to 2027.Jul
  Observations         12
 -----------------------------------------------------------------------------
               Jan      Feb      Mar      Apr      May      Jun 
               Jul      Aug      Sep      Oct      Nov      Dec         AVGE  
 -----------------------------------------------------------------------------
  2026                                                          
                      100.40   100.03   100.06    99.64    99.77         99.98
 
  2027        99.91    99.81    99.81   100.04   100.08   100.15
             100.33                                                     100.02
 
        R35 monthly CPI index            PAGE  18, SERIES series

 E 4  Ratios of annual totals
  From          2015 to 2025
  Observations         11
 -----------------------------------
  Year       Unmodified     Modified
                  (D11)         (E2)
 -----------------------------------
  2015            99.99        99.99
 
  2016            99.99        99.99
 
  2017            99.98        99.98
 
  2018            99.99        99.99
 
  2019           100.00        99.85
 
  2020           100.02       100.02
 
  2021           100.03       100.02
 
  2022           100.02        99.23
 
  2023           100.01       100.00
 
  2024           100.01       100.01
 
  2025           100.01       100.01
 
        R35 monthly CPI index            PAGE  19, SERIES series

 E 5  Month-to-month percent change in the original series
  From  2015.Feb to 2026.Jul
  Observations        138
 -----------------------------------------------------------------------------
               Jan      Feb      Mar      Apr      May      Jun 
               Jul      Aug      Sep      Oct      Nov      Dec         AVGE  
 -----------------------------------------------------------------------------
  2015                   0.2      0.1      0.0      0.0      0.1
                0.0      0.0     -0.1      0.1      0.0      0.0           0.0
 
  2016          0.3      0.0      0.0      0.2     -1.7      0.0
                0.0      0.1      0.0      0.1      0.0      0.0          -0.1
 
  2017          0.4     -0.7      0.0      0.0     -0.1      0.0
                0.0      0.0      0.0      0.1      0.1      0.0          -0.0
 
  2018          1.5     -0.3     -0.1      0.0      0.0      1.1
                0.0      0.3      0.0      0.0      0.3      0.1           0.2
 
  2019          3.3      1.0      1.3      0.0      0.3      0.2
                0.0      0.1      0.0      0.0      0.7      0.4           0.6
 
  2020          1.5      0.0      0.8     -0.1      0.1      0.0
                0.1      0.0      0.0     -2.4      0.0      0.0          -0.0
 
  2021         -0.5      0.0     -0.1      0.0      0.0      0.0
                0.0      0.1      0.6      2.2    -10.6      0.1          -0.7
 
  2022         29.2      3.3      3.0      4.2      1.6      2.1
                1.6      1.1      6.7    -25.5      8.4      1.4           3.1
 
  2023         46.8     -0.4     -0.5      0.3      0.3      0.2
               -0.4      0.4     -2.1     -1.9      1.0      0.6           3.7
 
  2024          7.4     -0.2     -0.4     -0.3     -0.1     -0.1
               -0.6      0.0     -0.7      0.0      0.3     -0.5           0.4
 
  2025         -0.4     -0.4     -0.5     -0.2     -0.2     -0.3
               -0.2     -0.2     -0.7     -0.3     -0.7     -0.2          -0.3
 
  2026         -4.0     -0.4     -0.2      0.1     -0.2     -0.1
                0.0                                                       -0.7
 
  AVGE          7.8      0.2      0.3      0.3     -0.0      0.3
                0.0      0.2      0.3     -2.5     -0.0      0.2

  Table Total-        78.20   Mean-       0.57   Std. Dev.-       5.44
                              Min -     -25.48        Max -      46.78
        R35 monthly CPI index            PAGE  20, SERIES series

 E 6  Month-to-month percent change in seasonally adjusted series (D11)
  From  2015.Feb to 2026.Jul
  Observations        138
 -----------------------------------------------------------------------------
               Jan      Feb      Mar      Apr      May      Jun 
               Jul      Aug      Sep      Oct      Nov      Dec         AVGE  
 -----------------------------------------------------------------------------
  2015                   0.4      0.2      0.0      0.1      0.1
                0.0      0.0     -0.0      0.0      0.0      0.3           0.1
 
  2016         -0.5      0.3      0.1      0.2     -1.6      0.0
                0.1      0.1      0.1      0.1      0.0      0.3          -0.1
 
  2017         -0.5     -0.4      0.1     -0.0      0.0      0.1
                0.1      0.0      0.1      0.1      0.1      0.2          -0.0
 
  2018          0.5     -0.0      0.0     -0.0      0.1      1.2
                0.1      0.3      0.1      0.0      0.4      0.2           0.2
 
  2019          2.2      1.3      1.5     -0.0      0.4      0.3
                0.1      0.1      0.1      0.0      0.9      0.4           0.6
 
  2020          0.4      0.3      1.0     -0.1      0.2      0.1
                0.2     -0.1      0.1     -2.4      0.2     -0.0          -0.0
 
  2021         -1.4      0.3      0.1     -0.0      0.0      0.1
                0.2     -0.1      0.6      2.1    -10.3     -0.1          -0.7
 
  2022         28.2      3.6      3.2      4.2      1.5      2.1
                1.8      0.7      6.9    -25.5      9.0      1.1           3.1
 
  2023         46.0     -0.1     -0.3      0.3      0.1      0.1
               -0.2     -0.0     -1.9     -2.0      1.6      0.3           3.7
 
  2024          7.1     -0.0     -0.3     -0.4     -0.3     -0.3
               -0.5     -0.3     -0.4     -0.1      0.8     -0.8           0.4
 
  2025         -0.6     -0.2     -0.4     -0.3     -0.3     -0.4
               -0.2     -0.4     -0.3     -0.4     -0.2     -0.3          -0.3
 
  2026         -4.2     -0.3     -0.2     -0.1     -0.2     -0.2
               -0.1                                                       -0.8
 
  AVGE          7.0      0.4      0.4      0.3      0.0      0.3
                0.1      0.0      0.5     -2.6      0.2      0.1

  Table Total-        77.88   Mean-       0.56   Std. Dev.-       5.36
                              Min -     -25.55        Max -      46.02
        R35 monthly CPI index            PAGE  21, SERIES series

 E 7  Month-to-month percent change in final trend cycle (D12)
  From  2015.Feb to 2026.Jul
  Observations        138
 -----------------------------------------------------------------------------
               Jan      Feb      Mar      Apr      May      Jun 
               Jul      Aug      Sep      Oct      Nov      Dec         AVGE  
 -----------------------------------------------------------------------------
  2015                   0.2      0.2      0.1      0.1      0.1
                0.0      0.0      0.0     -0.0     -0.0     -0.0           0.1
 
  2016          0.0      0.1      0.1      0.1     -1.6      0.1
                0.1      0.1      0.1      0.1     -0.0     -0.1          -0.1
 
  2017         -0.2     -0.2     -0.1     -0.0      0.0      0.1
                0.1      0.1      0.1      0.1      0.1      0.2           0.0
 
  2018          0.2      0.2      0.1      0.1      0.1      1.2
                0.2      0.2      0.2      0.2      0.2      0.2           0.2
 
  2019          5.8      0.2      0.2      0.1      0.0      0.0
                0.0      0.0      0.1      0.2      0.3      0.3           0.6
 
  2020          0.4      0.4      0.4      0.3      0.3      0.2
                0.1      0.0      0.0     -2.3      0.0      0.1          -0.0
 
  2021         -1.4      0.2      0.1      0.1      0.0      0.1
                0.1      0.1      0.1     10.7      0.1      0.0           0.9
 
  2022         21.2      0.0      0.1      2.1      0.2      1.2
                0.3      0.2      6.5      0.1     -0.0     -5.1           2.2
 
  2023         26.6     -0.1     -0.0      0.0      0.0      0.0
               -0.0     -0.1     -2.0     -0.1     -0.0      0.0           2.0
 
  2024          7.2     -0.1     -0.2     -0.3     -0.3     -0.4
               -0.4     -0.3     -0.3     -0.3     -0.3     -0.3           0.3
 
  2025         -0.3     -0.3     -0.2     -0.2     -0.2     -0.2
               -0.3     -0.3     -0.3     -0.3     -0.3     -0.3          -0.3
 
  2026         -4.1     -0.3     -0.2     -0.2     -0.2     -0.2
               -0.2                                                       -0.8
 
  AVGE          5.0      0.0      0.0      0.2     -0.1      0.2
               -0.0      0.0      0.4      0.8      0.0     -0.4

  Table Total-        66.65   Mean-       0.48   Std. Dev.-       3.26
                              Min -      -5.11        Max -      26.57
        R35 monthly CPI index            PAGE  22, SERIES series

 E 8  Month-to-month percent change in original series adjusted for calendar factors (A18)
  From  2015.Feb to 2026.Jul
  Observations        138
 -----------------------------------------------------------------------------
               Jan      Feb      Mar      Apr      May      Jun 
               Jul      Aug      Sep      Oct      Nov      Dec         AVGE  
 -----------------------------------------------------------------------------
  2015                   0.2      0.1      0.0      0.0      0.1
                0.0      0.0     -0.1      0.1      0.0      0.0           0.0
 
  2016          0.3      0.0      0.0      0.2     -1.7      0.0
                0.0      0.1      0.0      0.1      0.0      0.0          -0.1
 
  2017          0.4     -0.7      0.0      0.0     -0.1      0.0
                0.0      0.0      0.0      0.1      0.1      0.0          -0.0
 
  2018          1.5     -0.3     -0.1      0.0      0.0      1.1
                0.0      0.3      0.0      0.0      0.3      0.1           0.2
 
  2019          3.3      1.0      1.3      0.0      0.3      0.2
                0.0      0.1      0.0      0.0      0.7      0.4           0.6
 
  2020          1.5      0.0      0.8     -0.1      0.1      0.0
                0.1      0.0      0.0     -2.4      0.0      0.0          -0.0
 
  2021         -0.5      0.0     -0.1      0.0      0.0      0.0
                0.0      0.1      0.6      2.2    -10.6      0.1          -0.7
 
  2022         29.2      3.3      3.0      4.2      1.6      2.1
                1.6      1.1      6.7    -25.5      8.4      1.4           3.1
 
  2023         46.8     -0.4     -0.5      0.3      0.3      0.2
               -0.4      0.4     -2.1     -1.9      1.0      0.6           3.7
 
  2024          7.4     -0.2     -0.4     -0.3     -0.1     -0.1
               -0.6      0.0     -0.7      0.0      0.3     -0.5           0.4
 
  2025         -0.4     -0.4     -0.5     -0.2     -0.2     -0.3
               -0.2     -0.2     -0.7     -0.3     -0.7     -0.2          -0.3
 
  2026         -4.0     -0.4     -0.2      0.1     -0.2     -0.1
                0.0                                                       -0.7
 
  AVGE          7.8      0.2      0.3      0.3     -0.0      0.3
                0.0      0.2      0.3     -2.5     -0.0      0.2

  Table Total-        78.20   Mean-       0.57   Std. Dev.-       5.44
                              Min -     -25.48        Max -      46.78
        R35 monthly CPI index            PAGE  23, SERIES series

 E 18  Final adjustment ratios
  From  2015.Jan to 2026.Jul
  Observations        139
 -----------------------------------------------------------------------------
               Jan      Feb      Mar      Apr      May      Jun 
               Jul      Aug      Sep      Oct      Nov      Dec         AVGE  
 -----------------------------------------------------------------------------
  2015        100.4    100.2    100.1    100.1    100.0    100.0
               99.9     99.9     99.9     99.9     99.9     99.6         100.0
 
  2016        100.4    100.2    100.1    100.1    100.0    100.0
               99.9     99.9     99.8     99.9     99.8     99.6         100.0
 
  2017        100.5    100.3    100.2    100.2    100.1    100.0
               99.9     99.9     99.8     99.8     99.8     99.6         100.0
 
  2018        100.6    100.3    100.2    100.2    100.1    100.0
               99.9     99.8     99.7     99.7     99.7     99.5         100.0
 
  2019        100.7    100.4    100.2    100.3    100.1    100.0
               99.9     99.8     99.8     99.8     99.6     99.6         100.0
 
  2020        100.6    100.4    100.2    100.2    100.1    100.0
               99.8     99.9     99.8     99.9     99.6     99.6         100.0
 
  2021        100.6    100.3    100.1    100.1    100.1    100.0
               99.8    100.0    100.0    100.0     99.6     99.7         100.0
 
  2022        100.5    100.2    100.0    100.0    100.0    100.0
               99.8    100.2    100.0    100.1     99.6     99.8         100.0
 
  2023        100.3    100.1     99.9     99.9    100.0    100.1
               99.9    100.3    100.1    100.2     99.6     99.8         100.0
 
  2024        100.2    100.0     99.9     99.9    100.0    100.2
              100.0    100.4    100.0    100.1     99.6     99.8         100.0
 
  2025        100.0     99.9     99.8     99.9    100.1    100.2
              100.2    100.4    100.0    100.1     99.6     99.8         100.0
 
  2026         99.9     99.9     99.8    100.0    100.1    100.2
              100.3                                                      100.0
 
  AVGE        100.4    100.2    100.0    100.1    100.1    100.0
               99.9    100.1     99.9     99.9     99.7     99.7

  Table Total-     13900.64   Mean-     100.00   Std. Dev.-       0.24
                              Min -      99.55        Max -     100.65

 E 18.A  Final adjustment ratio forecasts
  From  2026.Aug to 2027.Jul
  Observations         12
 -----------------------------------------------------------------------------
               Jan      Feb      Mar      Apr      May      Jun 
               Jul      Aug      Sep      Oct      Nov      Dec         AVGE  
 -----------------------------------------------------------------------------
  2026                                                          
                       100.4    100.0    100.1     99.6     99.8         100.0
 
  2027         99.9     99.8     99.8    100.0    100.1    100.1
              100.3                                                      100.0
 

  QS statistic for seasonality:
  log(Original Series)                                9.42  (P-Value =     0.0090)
  log(Original Series (EV adj))                     123.16  (P-Value =     0.0000)
  Residuals                                           0.00  (P-Value =     1.0000)
  log(Seasonally Adjusted Series)                     8.20  (P-Value =     0.0166)
  log(SA Series (EV adj))                             0.00  (P-Value =     1.0000)
  Irregular Series                                   17.34  (P-Value =     0.0002)
  Irregular Series (EV adj)                           0.00  (P-Value =     1.0000)

  QS statistic for seasonality (starting 2018.Aug):
  log(Original Series)                                6.74  (P-Value =     0.0343)
  log(Original Series (EV adj))                      65.36  (P-Value =     0.0000)
  Residuals                                           0.00  (P-Value =     1.0000)
  log(Seasonally Adjusted Series)                     5.94  (P-Value =     0.0512)
  log(SA Series (EV adj))                             0.00  (P-Value =     1.0000)
  Irregular Series                                   11.75  (P-Value =     0.0028)
  Irregular Series (EV adj)                           0.00  (P-Value =     1.0000)
        R35 monthly CPI index            PAGE  24, SERIES series
 G 0  10*LOG(SPECTRUM) of the differenced, transformed Prior Adjusted Series
      (Table B1).  Spectrum estimated from 2018.Aug to 2026.Jul.
 ++++++++++I+++++++++++++++++++++++++++++++++++++++++++++++++++++++++++++I
     -38.72I *                                                           I    -38.72
           I *                            S                              I
           I *                            S                              I
           I *                            S                              I
     -40.37I *                            S                              I    -40.37
           I *                            S                            * I
           I *                            S                            * I
           I *                            S                   S        * I
     -42.02I**                  S         S                   S        * I    -42.02
           I**                  S         S                   S        *SI
           I**                  S         S                   S        *SI
           I**                  S         S                   S        *SI
     -43.67I**                  S         S                   S*       *SI    -43.67
           I**                  S         S                   S*       *SI
           I**      *           S         S                   S*       *SI
           I**      *           S         S                   S*       *SI
     -45.32I***     ** *        S         S                   S*       *SI    -45.32
           I***     **S*        S        *S*        S         S*       *SI
           I***     **S*        S        *S*        S         S*      **SI
           I***     **S*        S        *S*        S         S*      **SI
     -46.97I***     **S*        S        *S*        S         S*      **SI    -46.97
           I***     **S**       S        *S*        S         S*      **SI
           I***     **S**       S        *S*        S        *S*      **SI
           I***     **S**       S        *S*        S        *S*      **SI
     -48.62I***     **S**       S        *S*        S        *S*T     **SI    -48.62
           I***    ***S**       S        *S*        S        *S*T     **SI
           I***    ***S**       S       **S*        S*       *S*T     **SI
           I***    ***S**       S       **S*        S*       *S*T     **SI
     -50.27I***    ***S**      *S*      **S*        S*       *S*T     **SI    -50.27
           I***    ***S***     *S*      **S**       S*       *S*T     **SI
           I***    ***S***     *S*      **S**       S*       *S*T     **SI
           I***    ***S***     *S*     ***S**       S*       *S*T     **SI
     -51.92I****   ***S***     *S*     ***S**       S*       *S*T     **SI    -51.92
           I****   ***S***     *S*     ***S**       S*      **S*T    ***SI
           I****   ***S***     *S*     ***S**       S*      **S*T*   ***SI
           I****  ****S***     *S*    ****S***      S*      **S*T*   ***SI
     -53.57I****  ****S****    *S*    ****S***      S*   *  **S*T*   ***SI    -53.57
           I****  ****S****    *S*    ****S***      S*  **  **S*T*   ***SI
           I****  ****S****    *S**   ****S***      S*  ******S*T*   ***SI
           I***** ****S****    *S**  *****S***     *S*T ******S*T*   ***SI
     -55.22I**********S****   **S**  *****S***     *S*T ******S*T*  ****SI    -55.22
           I**********S*****  **S**  *****S****    *S*T*******S*T** ****SI
           I**********S*****  **S*********S****    *S*T*******S*T** ****SI
           I**********S*****  **S*********S****    *S*T*******S*T*******SI
     -56.87I**********S*********S*********S****    *S*T*******S*T*******SI    -56.87
           I**********S*********S*********S****    *S*T*******S*T*******SI
           I**********S*********S*********S****    *S*T*******S*T*******SI
           I**********S*********S*********S*****   *S*T*******S*T*******SI
     -58.52I**********S*********S*********S*****   *S*T*******S*T*******SI    -58.52
           I**********S*********S*********S*****  **S*T*******S*T*******SI
           I**********S*********S*********S*****  **S*T*******S*T*******SI
           I**********S*********S*********S****** **S*T*******S*T*******SI
     -60.17I**********S*********S*********S*********S*T*******S*T*******SI    -60.17
 ++++++++++I+++++++++++++++++++++++++++++++++++++++++++++++++++++++++++++I
            S=SEASONAL FREQUENCIES, T=TRADING DAY FREQUENCIES
        R35 monthly CPI index            PAGE  25, SERIES series
 G 1  10*LOG(SPECTRUM) of the differenced, transformed seasonally adjusted 
      data (Table D11).  Spectrum estimated from 2018.Aug to 2026.Jul.
 ++++++++++I+++++++++++++++++++++++++++++++++++++++++++++++++++++++++++++I
     -19.26I                                                            SI    -19.26
           I                                                            SI
           I                      *                                     SI
           I                    S *                                     SI
     -20.56I                    S *                                    *SI    -20.56
           I                    S**                                    *SI
           I                   *S**                                    *SI
           I                   *S**                                    *SI
     -21.85I           *       *S**       S                          ***SI    -21.85
           I           **      *S**       S                          ***SI
           I           **      *S***      S                  *       ***SI
           I           **      *S***      S*                 *S     ****SI
     -23.15I  *      *S**      *S***     *S**                *S     ****SI    -23.15
           I  *      *S**      *S***     *S***               *S*    ****SI
           I  *      *S**      *S***     *S***              **S*T   ****SI
           I  *      *S**      *S***     *S***              **S*T   ****SI
     -24.44I  *      *S**      *S***     *S***              **S*T  *****SI    -24.44
           I  *      *S**      *S***     *S***              **S*T* *****SI
           I  *      *S**      *S***     *S***            ****S*T* *****SI
           I  *      *S**      *S***     *S***            ****S*T*******SI
     -25.73I  *      *S**      *S***     *S***            ****S*T*******SI    -25.73
           I  *      *S**     **S***     *S***            ****S*T*******SI
           I  *      *S**     **S***     *S***           *****S*T*******SI
           I  *      *S**     **S***     *S***           *****S*T*******SI
     -27.03I  *      *S***    **S****   **S****          *****S*T*******SI    -27.03
           I  *      *S***    **S****   **S****    *     *****S*T*******SI
           I  *      *S***    **S****   **S****    *     *****S*T*******SI
           I  *      *S***    **S****   **S****    *     *****S*T*******SI
     -28.32I  *     **S***    **S****   **S****    *     *****S*T*******SI    -28.32
           I **     **S***    **S****   **S****    *     *****S*T*******SI
           I **     **S***    **S****   **S****    *     *****S*T*******SI
           I **     **S***   ***S****   **S****    *     *****S*T*******SI
     -29.62I **     **S***   ***S***** ***S****    *     *****S*T*******SI    -29.62
           I ***    **S***   ***S***** ***S****   **     *****S*T*******SI
           I ***    **S****  ***S***** ***S****   **S   ******S*T*******SI
           I ***    **S****  ***S*********S*****  **S   ******S*T*******SI
     -30.91I****    **S****  ***S*********S*****  **S   ******S*T*******SI    -30.91
           I****    **S**** ****S*********S*****  **S   ******S*T*******SI
           I****    **S*********S*********S*****  **S   ******S*T*******SI
           I****    **S*********S*********S*****  **S   ******S*T*******SI
     -32.20I****    **S*********S*********S***** ***S   ******S*T*******SI    -32.20
           I****    **S*********S*********S*********S   ******S*T*******SI
           I****    **S*********S*********S*********S   ******S*T*******SI
           I****   ***S*********S*********S*********S*  ******S*T*******SI
     -33.50I****   ***S*********S*********S*********S*  ******S*T*******SI    -33.50
           I****   ***S*********S*********S*********S* *******S*T*******SI
           I****   ***S*********S*********S*********S* *******S*T*******SI
           I****   ***S*********S*********S*********S*T*******S*T*******SI
     -34.79I*****  ***S*********S*********S*********S*T*******S*T*******SI    -34.79
           I*****  ***S*********S*********S*********S*T*******S*T*******SI
           I*****  ***S*********S*********S*********S*T*******S*T*******SI
           I***** ****S*********S*********S*********S*T*******S*T*******SI
     -36.09I**********S*********S*********S*********S*T*******S*T*******SI    -36.09
 ++++++++++I+++++++++++++++++++++++++++++++++++++++++++++++++++++++++++++I
            S=SEASONAL FREQUENCIES, T=TRADING DAY FREQUENCIES
        R35 monthly CPI index            PAGE  26, SERIES series
 G 2  10*LOG(SPECTRUM) of the Irregular (Table D13).  
      Spectrum estimated from 2018.Aug to 2026.Jul.
 ++++++++++I+++++++++++++++++++++++++++++++++++++++++++++++++++++++++++++I
     -48.66I            *                                                I    -48.66
           I            *                                                I
           I            *                                                I
           I            *                                                I
     -50.17I            *                                                I    -50.17
           I            *               *                                I
           I         *  *               *                                I
           I         *  *               *                                I
     -51.69I         *  *               *                                I    -51.69
           I         *  *               *                               SI
           I         *  *               *                              *SI
           I         *  *               *   *                          *SI
     -53.21I         *  *               **  *                          *SI    -53.21
           I        **  *               **  *       S                  *SI
           I        **  *               **  *       S                  *SI
           I        ** **               **  *       S                  *SI
     -54.72I        ** **               **  *       S                  *SI    -54.72
           I        **S**               ** **       S                  *SI
           I        **S**               ** **      *S                  *SI
           I        **S**               ** **      *S                 **SI
     -56.24I        **S**               **S**      *S                 **SI    -56.24
           I        **S**              ***S**      *S                 **SI
           I       ***S**              ***S**      *S                 **SI
           I       ***S***             ***S**      *S                 **SI
     -57.76I       ***S***     *       ***S***     *S                 **SI    -57.76
           I      ****S***    **       ***S***     *S*                **SI
           I      ****S***    **    ** ***S***     *S*                **SI
           I      ****S***    **    ******S***     *S*                **SI
     -59.27I      ****S***    **    ******S***     *S*      *         **SI    -59.27
           I      ****S***    **S   ******S***    **S*  *   **        **SI
           I      ****S***    **S   ******S***    **S*  *   **       ***SI
           I      ****S***   ***S  *******S***    **S*  *   **   *   ***SI
     -60.79I      ****S***   ***S  *******S****   **S* ***  **   *   ***SI    -60.79
           I      ****S***   ***S  *******S****  ***S*T***  **   *   ***SI
           I      ****S***   ***S* *******S**** ****S*T*** ***  T**  ***SI
           I     *****S***   ***S*********S*********S*T*** ***S T**  ***SI
     -62.31I     *****S****  ***S*********S*********S*T*******S T** ****SI    -62.31
           I     *****S**** ****S*********S*********S*T*******S*T** ****SI
           I*    *****S**** ****S*********S*********S*T*******S*T*******SI
           I*    *****S*********S*********S*********S*T*******S*T*******SI
     -63.82I*    *****S*********S*********S*********S*T*******S*T*******SI    -63.82
           I*    *****S*********S*********S*********S*T*******S*T*******SI
           I*    *****S*********S*********S*********S*T*******S*T*******SI
           I*    *****S*********S*********S*********S*T*******S*T*******SI
     -65.34I*    *****S*********S*********S*********S*T*******S*T*******SI    -65.34
           I**   *****S*********S*********S*********S*T*******S*T*******SI
           I**   *****S*********S*********S*********S*T*******S*T*******SI
           I**  ******S*********S*********S*********S*T*******S*T*******SI
     -66.85I**  ******S*********S*********S*********S*T*******S*T*******SI    -66.85
           I**  ******S*********S*********S*********S*T*******S*T*******SI
           I**  ******S*********S*********S*********S*T*******S*T*******SI
           I**  ******S*********S*********S*********S*T*******S*T*******SI
     -68.37I**********S*********S*********S*********S*T*******S*T*******SI    -68.37
 ++++++++++I+++++++++++++++++++++++++++++++++++++++++++++++++++++++++++++I
            S=SEASONAL FREQUENCIES, T=TRADING DAY FREQUENCIES
        R35 monthly CPI index            PAGE  27, SERIES series

  Peak probabilities for Tukey spectrum estimator
  Spectrum estimated from 2018.Aug to 2026.Jul.

                                          S1       S2       S3       S4       S5       S6       TD
                                        ------   ------   ------   ------   ------   ------   ------
  Model Residuals                        0.169    0.266    0.222    0.023    0.302    0.946*   0.578  
  Prior Adjusted Series (Table B1)       0.557    0.992**  0.973*   0.971*   0.992**  0.924*   0.269  
  Seasonally adjusted series (D11)       0.723    0.637    0.648    0.746    0.599    0.671    0.090  
  Irregular (D13)                        0.287    0.703    0.050    0.967*   0.189    0.883    0.603  
  ----------
     ** - Peak Probability > 0.99,
      * - 0.90 < Peak Probability < 0.99



  NP statistic for residual seasonality:

  NP statistic for residual seasonality (Full series)
                                                  Residual Seasonality?
  log(Seasonally Adjusted Series)                          no
  log(Seasonally Adjusted Series (EV adj))                 no

  NP statistic for residual seasonality (Series start in 2018.Aug)
                                                  Residual Seasonality?
  log(Seasonally Adjusted Series)                          no
  log(Seasonally Adjusted Series (EV adj))                 no
