  Reading input spec file from series.spc

1

               U. S. Department of Commerce, U. S. Census Bureau

              X-13ARIMA-SEATS monthly seasonal adjustment Method,
                          Release Version 1.1 Build 62


           This software application provides an enhanced version of
             Statistics Canada's X-11-ARIMA extension (Dagum, 1980)
                 of the X-11 variant of the Census Method II of
                      Shiskin, Young and Musgrave (1967).

            It also provides an ARIMA model-based method following
       Hillmer and Tiao (1982) and Burman (1980) that is very similar
       to the update of the method of SEATS (Gomez and Maravall, 1996)
                produced at the Bank of Spain by G. Caporello and
               A. Maravall for TSW (Caporello and Maravall, 2004).
          The present application includes additional enhancements.

         X-13ARIMA-SEATS includes an automatic ARIMA model selection procedure
          based largely on the procedure of Gomez and Maravall (1998)
            as implemented in TRAMO (1996) and subsequent revisions.

              Primary Programmers: Brian Monsell, Mark Otto and,
                 for the ARIMA model-based signal extraction,
                      Gianluca Caporello and Victor Gomez


     Series Title- R35 monthly CPI index
     Series Name- series
     Sep 22, 2026  22.39.21 

        -Period covered-  1st month,2015 to  8th month,2026
        -Type of run - multiplicative seasonal adjustment

        -Sigma limits for graduating extreme values are  1.5 and  2.5 .
        -3x3 moving average used in section 1 of each iteration, 
         3x5 moving average in section 2 of iterations B and C,
         moving average for final seasonal factors chosen by Global MSR.
        -Spectral plots generated for selected series
        -Spectral plots generated for series starting in 2018.Sep

 FILE SAVE REQUESTS (* indicates file exists and will be overwritten)
  series.d10  final seasonal factors
  series.d11  final seasonally adjusted data
  series.d12  final trend cycle
  series.d13  final irregular component
  series.out  program output file
  series.err  program error file
  series.udg  seasonal adjustment and model diagnostics file
        R35 monthly CPI index            PAGE   1, SERIES series

     Contents of spc file series.spc

 Line #
 ------
      1: series { title="R35 monthly CPI index" start=2015.1 period=12 data=(
      2: 97.299999999999997 100.09999999999999 100.3 100.3 100.3 100.3
      3: 100.3 100.3 100.3 100.3 100.3 100.3
      4: 100.40000000000001 99.799999999999997 99.900000000000006 99.900000000000006 110.7 110.7
      5: 111 111.09999999999999 111.09999999999999 111.09999999999999 111.09999999999999 111.40000000000001
      6: 113.90000000000001 114.2 114.09999999999999 114.2 114.2 114.40000000000001
      7: 114.90000000000001 115.09999999999999 115.09999999999999 115.09999999999999 115.09999999999999 115.09999999999999
      8: 116 121.3 121.3 121.3 121.59999999999999 122.3
      9: 122.5 122.5 123 123 123.3 124.8
     10: 125 125 127.5 127.5 127.3 127.3
     11: 127.3 127.3 127.90000000000001 128 128 128
     12: 131 133 133 133.19999999999999 133.40000000000001 133.40000000000001
     13: 133.40000000000001 133.5 133.69999999999999 134.30000000000001 134.40000000000001 134.40000000000001
     14: 134.5 134.5 134.5 134.59999999999999 134.59999999999999 134.69999999999999
     15: 134.69999999999999 135.09999999999999 135.80000000000001 135.90000000000001 137.19999999999999 138.09999999999999
     16: 139 139.09999999999999 140.90000000000001 141.09999999999999 142.09999999999999 142.80000000000001
     17: 144.5 144.59999999999999 146.40000000000001 146.59999999999999 151.90000000000001 152.40000000000001
     18: 152.69999999999999 159.30000000000001 159.30000000000001 159.40000000000001 159.5 160.90000000000001
     19: 171.40000000000001 171.5 171.5 171.5 171.5 171.69999999999999
     20: 172.40000000000001 172.40000000000001 172.5 172.69999999999999 173 173
     21: 173.19999999999999 173.19999999999999 173.40000000000001 174.40000000000001 174.40000000000001 174.80000000000001
     22: 176.19999999999999 180.69999999999999 181.30000000000001 181.40000000000001 181.5 183.09999999999999
     23: 184.5 184.40000000000001 187.19999999999999 188.19999999999999 188.30000000000001 191
     24: 194.09999999999999 194.30000000000001 194.69999999999999 195.40000000000001 196.40000000000001 196.59999999999999
     25: 199.5 199.80000000000001
     26: ) }
     27: transform { function=log }
     28: automdl { }
     29: outlier { types=(ao ls tc) }
     30: x11 { mode=mult save=(d10 d11 d12 d13) appendfcst=no appendbcst=no savelog=all }
     31: spectrum { logqs=yes robustsa=no print=all savelog=all }
     32: check { }
        R35 monthly CPI index            PAGE   2, SERIES series

 A 1  Time series data (for the span analyzed)
  From  2015.Jan to 2026.Aug
  Observations        140
 -----------------------------------------------------------------------------
               Jan      Feb      Mar      Apr      May      Jun 
               Jul      Aug      Sep      Oct      Nov      Dec        TOTAL  
 -----------------------------------------------------------------------------
  2015          97.     100.     100.     100.     100.     100.
               100.     100.     100.     100.     100.     100.         1200.
 
  2016         100.     100.     100.     100.     111.     111.
               111.     111.     111.     111.     111.     111.         1288.
 
  2017         114.     114.     114.     114.     114.     114.
               115.     115.     115.     115.     115.     115.         1375.
 
  2018         116.     121.     121.     121.     122.     122.
               123.     123.     123.     123.     123.     125.         1463.
 
  2019         125.     125.     128.     128.     127.     127.
               127.     127.     128.     128.     128.     128.         1526.
 
  2020         131.     133.     133.     133.     133.     133.
               133.     134.     134.     134.     134.     134.         1601.
 
  2021         135.     135.     135.     135.     135.     135.
               135.     135.     136.     136.     137.     138.         1624.
 
  2022         139.     139.     141.     141.     142.     143.
               145.     145.     146.     147.     152.     152.         1731.
 
  2023         153.     159.     159.     159.     160.     161.
               171.     172.     172.     172.     172.     172.         1980.
 
  2024         172.     172.     173.     173.     173.     173.
               173.     173.     173.     174.     174.     175.         2079.
 
  2025         176.     181.     181.     181.     182.     183.
               185.     184.     187.     188.     188.     191.         2208.
 
  2026         194.     194.     195.     195.     196.     197.
               200.     200.                                             1571.
 
  AVGE         138.     139.     140.     140.     141.     142.
               143.     143.     139.     139.     140.     140.

  Table Total-     19647.50   Mean-     140.34   Std. Dev.-      28.96
                              Min -      97.30        Max -     199.80
        R35 monthly CPI index            PAGE   3, SERIES series
                        Automatic ARIMA Model Selection

                    Procedure based closely on TRAMO method 
                         of Gomez and Maravall (2000)
              "Automatic Modeling Methods for Univariate Series",
                            A Course in Time Series
                  (Edited by D. Pena, G. C. Tiao, R. S. Tsay),
                         New York : J. Wiley and Sons


     Maximum order for regular ARMA parameters :   2
     Maximum order for seasonal ARMA parameters :   1
     Maximum order for regular differencing :   2
     Maximum order for seasonal differencing :   1

   Results of Unit Root Test for identifying orders of differencing:
     Regular difference order :   2
     Seasonal difference order :   0

     Mean is significant.

  Automatic model choice : (0 2 2)(1 0 0)


  Final Checks for Identified Model


  Checking for Unit Roots.
   No unit roots found.

  Checking for nonseasonal overdifferencing.
   Reduce order of nonseasonal MA, nonseasonal differencing.
   ( 0, 1, 1) ( 1, 0, 0)

  Checking for insignificant ARMA coefficients.
   Due to insignificant ARMA coefficients, model changed to
   ( 0, 1, 1) ( 0, 0, 0)

  Checking for insignificant ARMA coefficients.

  Final automatic model choice : (0 1 1)
   End of automatic model selection procedure.

 Average absolute percentage error in within-sample forecasts:
  Last year:   0.20      Last-1 year:   1.18     Last-2 year:   0.80
  Last three years:    0.73

 Estimation converged in  200 ARMA iterations, 1157 function evaluations.

 Regression Model
 ------------------------------------------------------------------------------
                             Parameter        Standard
 Variable                     Estimate           Error      t-value
 ------------------------------------------------------------------------------
 Constant                       0.0022         0.00032         6.94

 Automatically Identified Outliers
   TC2015.Feb                   0.0209         0.00162        12.97
   LS2016.Feb                  -0.0082         0.00120        -6.84
   LS2016.May                   0.1039         0.00126        82.70
   TC2017.Jan                   0.0147         0.00071        20.70
   LS2018.Feb                   0.0370         0.00078        47.38
   LS2018.Dec                   0.0062         0.00121         5.15
   TC2019.Mar                   0.0173         0.00104        16.73
   LS2020.Jan                   0.0238         0.00191        12.47
   TC2020.Feb                   0.0136         0.00159         8.57
   LS2021.Nov                   0.0074         0.00101         7.34
   LS2022.Mar                   0.0152         0.00131        11.64
   TC2022.Jul                   0.0094         0.00137         6.84
   LS2022.Sep                   0.0113         0.00186         6.11
   LS2022.Nov                   0.0329         0.00169        19.44
   LS2023.Feb                   0.0419         0.00142        29.63
   TC2023.Jun                   0.0078         0.00204         3.83
   LS2023.Jul                   0.0654         0.00221        29.63
   LS2025.Feb                   0.0197         0.00082        23.98
   LS2025.Sep                   0.0126         0.00128         9.84
   AO2025.Dec                   0.0142         0.00215         6.60
   LS2026.Jan                   0.0294         0.00395         7.45
   LS2026.Jul                   0.0152         0.00151        10.02
 ------------------------------------------------------------------------------


 ARIMA Model:  (0 1 1)
   Nonseasonal differences: 1
                                              Standard
 Parameter                    Estimate          Errors
 -----------------------------------------------------
 Nonseasonal MA                                    
   Lag  1                      -1.0000         0.03307

 Variance                       0.34377E-05
 SE of Var                      0.41235E-06
 -----------------------------------------------------

 Likelihood Statistics
 ------------------------------------------------------------------
 Number of observations (nobs)                                  140
 Effective number of observations (nefobs)                      139
 Number of parameters estimated (np)                             25
 Log likelihood                                            674.6580
 Transformation Adjustment                                -684.6743
 Adjusted Log likelihood (L)                               -10.0163
 AIC                                                        70.0326 
 AICC (F-corrected-AIC)                                     81.5370 
 Hannan Quinn                                               99.8449 
 BIC                                                       143.3945 
 ------------------------------------------------------------------


 DIAGNOSTIC CHECKING
  Sample Autocorrelations of the Residuals with the Ljung-Box diagnostic.

  Lag      1     2     3     4     5     6     7     8     9    10    11    12
  ACF  -0.22 -0.03 -0.03  0.04  0.09 -0.02  0.02 -0.13  0.05 -0.12  0.09 -0.01
  SE    0.08  0.09  0.09  0.09  0.09  0.09  0.09  0.09  0.09  0.09  0.09  0.09
  Q     7.11  7.27  7.37  7.57  8.82  8.88  8.93 11.39 11.75 14.06 15.24 15.25
  DF       0     1     2     3     4     5     6     7     8     9    10    11
  P    0.000 0.007 0.025 0.056 0.066 0.114 0.178 0.122 0.163 0.120 0.123 0.171

  Lag     13    14    15    16    17    18    19    20    21    22    23    24
  ACF  -0.05 -0.08  0.03 -0.10  0.08 -0.17  0.03 -0.06 -0.06  0.04 -0.04  0.04
  SE    0.09  0.09  0.09  0.09  0.09  0.10  0.10  0.10  0.10  0.10  0.10  0.10
  Q    15.60 16.66 16.78 18.40 19.44 23.90 24.05 24.55 25.15 25.45 25.68 26.00
  DF      12    13    14    15    16    17    18    19    20    21    22    23
  P    0.210 0.215 0.268 0.242 0.247 0.122 0.153 0.176 0.196 0.228 0.266 0.301

  The P-values approximate the probability of observing a Q-value at least
  this large when the model fitted is correct.  When DF is positive, small
  values of P, customarily those below 0.05, indicate model inadequacy.

  Sample Autocorrelations of the Residuals
                 -1.0 -0.8 -0.6 -0.4 -0.2  0.0  0.2  0.4  0.6  0.8  1.0
                   +----+----+----+----+----+----+----+----+----+----+
            1                         XXXXXX|   .                     -0.224
            2                           .  X|   .                     -0.033
            3                           .  X|   .                     -0.026
            4                           .   |X  .                      0.037
            5                           .   |XX .                      0.092
            6                           .   |   .                     -0.020
            7                           .   |   .                      0.019
            8                           .XXX|   .                     -0.128
            9                          .    |X   .                     0.049
           10                          . XXX|    .                    -0.123
           11                          .    |XX  .                     0.088
           12       - - - - - - - - -  .    |    .  - - - - - - - -   -0.006
           13                          .   X|    .                    -0.048
           14                          .  XX|    .                    -0.082
           15                          .    |X   .                     0.027
           16                          . XXX|    .                    -0.101
           17                          .    |XX  .                     0.081
           18                          .XXXX|    .                    -0.166
           19                          .    |X   .                     0.031
           20                          .   X|    .                    -0.055
           21                          .  XX|    .                    -0.060
           22                          .    |X   .                     0.043
           23                          .   X|    .                    -0.036
           24       - - - - - - - - -  .    |X   .  - - - - - - - -    0.044
  
  Sample Autocorrelations of the Squared Residuals with the Ljung-Box diagnostic.

  Lag      1     2     3     4     5     6     7     8     9    10    11    12
  ACF  -0.06  0.03 -0.00 -0.05  0.13 -0.04  0.00 -0.05  0.08  0.12 -0.11  0.17
  SE    0.08  0.09  0.09  0.09  0.09  0.09  0.09  0.09  0.09  0.09  0.09  0.09
  Q     0.54  0.68  0.68  1.01  3.68  3.96  3.97  4.33  5.36  7.44  9.17 13.76
  DF       0     1     2     3     4     5     6     7     8     9    10    11
  P    0.000 0.410 0.712 0.798 0.452 0.555 0.681 0.741 0.719 0.591 0.516 0.247

  Lag     13    14    15    16    17    18    19    20    21    22    23    24
  ACF  -0.09 -0.09 -0.09 -0.08 -0.02  0.00 -0.05 -0.05  0.08 -0.05  0.04 -0.10
  SE    0.09  0.09  0.09  0.09  0.09  0.09  0.09  0.09  0.10  0.10  0.10  0.10
  Q    14.89 16.24 17.62 18.70 18.79 18.79 19.25 19.72 20.73 21.12 21.32 23.07
  DF      12    13    14    15    16    17    18    19    20    21    22    23
  P    0.247 0.236 0.225 0.228 0.280 0.341 0.377 0.411 0.413 0.452 0.501 0.457

  The P-values approximate the probability of observing a Q-value at least
  this large when the model fitted is correct in a way that supports the
  standard interpretations of the test statistics, standard errors, and
  prediction intervals output by X-13ARIMA-SEATS. When DF is positive, small
  values of P, customarily those below 0.05, suggest that model-based
  inferences about statistical significance and uncertainty will be less
  dependable than usual.

  Sample Autocorrelations of the Squared Residuals
                 -1.0 -0.8 -0.6 -0.4 -0.2  0.0  0.2  0.4  0.6  0.8  1.0
                   +----+----+----+----+----+----+----+----+----+----+
            1                           . XX|   .                     -0.061
            2                           .   |X  .                      0.032
            3                           .   |   .                     -0.002
            4                           .  X|   .                     -0.048
            5                           .   |XXX.                      0.135
            6                           .  X|   .                     -0.044
            7                           .   |   .                      0.004
            8                           .  X|   .                     -0.049
            9                           .   |XX .                      0.083
           10                           .   |XXX.                      0.117
           11                           .XXX|   .                     -0.106
           12       - - - - - - - - -   .   |XXXX   - - - - - - - -    0.173
           13                          .  XX|    .                    -0.085
           14                          .  XX|    .                    -0.093
           15                          .  XX|    .                    -0.093
           16                          .  XX|    .                    -0.082
           17                          .   X|    .                    -0.023
           18                          .    |    .                     0.003
           19                          .   X|    .                    -0.053
           20                          .   X|    .                    -0.054
           21                          .    |XX  .                     0.078
           22                          .   X|    .                    -0.048
           23                          .    |X   .                     0.035
           24       - - - - - - - - -  . XXX|    .  - - - - - - - -   -0.101
  
 Histogram of the Standardized and Mean-Centered Residuals
  Standard
  Deviations    Frequency
       -3 +
          |#
       -2 +#
          |###############
       -1 +##############
          |#################
        0 +##############################
          |##########################
        1 +###############
          |#######
        2 +#######
          |##
        3 +##

  Outlier [##

  One '#'= 1 observation[s]

 Tabular Histogram of the Standardized and Mean-Centered Residuals

  Standard
  Deviations    Frequency

 -3.00                 0

 -2.50                 1

 -2.00                 1

 -1.50                15

 -1.00                14

 -0.50                17

  0.00                30

  0.50                26

  1.00                15

  1.50                 7

  2.00                 7

  2.50                 2

  3.00                 2

  Residuals with |t|>3.25

  Obs       t-value
  -----------------
  2017.Dec     3.80
  2025.May     3.65

 Summary Statistics for the Unstandardized Residuals
  Minimum                    -0.004
  Maximum                     0.006
  Median                     -0.000
  Robust Std Dev              0.002

 Normality Statistics for regARIMA Model Residuals:

    Number of residuals  :    139

    Skewness coefficient :    0.5508   (significant positive skewness at one percent level)
    Geary's a            :    0.7811    
    Kurtosis             :    3.4671    

  Significant skewness has been detected in the model residuals;
  this makes the Geary's a and Kurtosis statistics unreliable indicators
  of the normality of the residuals.

 Durbin-Watson Statistic for regARIMA Model Residuals:
  dw =     2.406680

 Friedman Non-Parametric Test for regARIMA Model Residuals:
  ken =     8.342657 ( Asymptotically distributed as Chi-Square(11), P-Value =     0.682320 )

 QS Statistic for regARIMA Model Residuals (full series):             0.00
                                                       (P-Value =     1.0000)

 QS Statistic for regARIMA Model Residuals (starting 2018.Sep):       0.00
                                                       (P-Value =     1.0000)
      10*LOG(SPECTRUM) of the regARIMA model residuals
      Spectrum estimated from 2018.Sep to 2026.Aug.
 ++++++++++I+++++++++++++++++++++++++++++++++++++++++++++++++++++++++++++I
     -46.14I                                                       *     I    -46.14
           I                                                       *     I
           I                                                       *     I
           I                                                       *     I
     -47.86I                                                       *     I    -47.86
           I                                                       *     I
           I                                                       *     I
           I                                                       *     I
     -49.57I                                                       *     I    -49.57
           I                                                       *     I
           I                                                   *   **    I
           I                                                   *   **    I
     -51.29I                                                   *   **    I    -51.29
           I                              S           T        *  ***    I
           I                              S           T*       *  ***    I
           I                             *S        *  T*       *  ***    I
     -53.01I                          *  *S        *  T* *     *  ***    I    -53.01
           I                       *  ** *S        *  T* *     *T ***    I
           I                       *  ** *S  *     *  T* **    *T ****   I
           I                       *******S* *    ** *T****   S*T ****   I
     -54.73I                       *******S* *    **S*T****   S*T ****   I    -54.73
           I    *                  *******S****   **S*T****   S*T*****   I
           I   **             *    *******S****   **S*T****   S*T******  I
           I   **   *         *   ********S****   **S*T****   S*T******  I
     -56.45I   **   *         *   ********S****   **S*T****   S*T******  I    -56.45
           I   **   *         *   ********S****   **S*T****   S*T******* I
           I   **   *     *   **  ********S****   **S*T****   S*T*******SI
           I   **   *     *   **  ********S****   **S*T*****  S*T*******SI
     -58.17I   **   *     *   **  ********S****  ***S*T*****  S*T*******SI    -58.17
           I   **   *     *   **  ********S***** ***S*T***** *S*T*******SI
           I   **   *     *  *** *********S***** ***S*T***** *S*T*******SI
           I   **   **    *  ***S*********S***** ***S*T*******S*T*******SI
     -59.89I   **  ***    ** ***S*********S*********S*T*******S*T*******SI    -59.89
           I   **  ***   *** ***S*********S*********S*T*******S*T*******SI
           I   **  ***   *******S*********S*********S*T*******S*T*******SI
           I   *** ***   *******S*********S*********S*T*******S*T*******SI
     -61.61I   *** ***   *******S*********S*********S*T*******S*T*******SI    -61.61
           I   *******   *******S*********S*********S*T*******S*T*******SI
           I   *******   *******S*********S*********S*T*******S*T*******SI
           I   *******   *******S*********S*********S*T*******S*T*******SI
     -63.33I   *******S ********S*********S*********S*T*******S*T*******SI    -63.33
           I   *******S ********S*********S*********S*T*******S*T*******SI
           I  ********S ********S*********S*********S*T*******S*T*******SI
           I  ********S*********S*********S*********S*T*******S*T*******SI
     -65.05I  ********S*********S*********S*********S*T*******S*T*******SI    -65.05
           I  ********S*********S*********S*********S*T*******S*T*******SI
           I  ********S*********S*********S*********S*T*******S*T*******SI
           I  ********S*********S*********S*********S*T*******S*T*******SI
     -66.77I  ********S*********S*********S*********S*T*******S*T*******SI    -66.77
           I  ********S*********S*********S*********S*T*******S*T*******SI
           I *********S*********S*********S*********S*T*******S*T*******SI
           I *********S*********S*********S*********S*T*******S*T*******SI
     -68.48I**********S*********S*********S*********S*T*******S*T*******SI    -68.48
 ++++++++++I+++++++++++++++++++++++++++++++++++++++++++++++++++++++++++++I
            S=SEASONAL FREQUENCIES, T=TRADING DAY FREQUENCIES


 FORECASTING
  Origin  2026.Aug
  Number        12

  Forecasts and Standard Errors of the Transformed Data
   ------------------------------
                         Standard
       Date   Forecast      Error
   ------------------------------
   2026.Sep       5.30      0.002
   2026.Oct       5.30      0.004
   2026.Nov       5.30      0.006
   2026.Dec       5.31      0.007
   2027.Jan       5.31      0.008
   2027.Feb       5.31      0.009
   2027.Mar       5.31      0.010
   2027.Apr       5.31      0.010
   2027.May       5.32      0.011
   2027.Jun       5.32      0.012
   2027.Jul       5.32      0.012
   2027.Aug       5.32      0.013
   ------------------------------

  Confidence intervals with coverage probability ( 0.95000
  On the Original Scale
   ---------------------------------------
       Date      Lower  Forecast     Upper
   ---------------------------------------
   2026.Sep     199.28    200.17    201.06
   2026.Oct     198.90    200.61    202.34
   2026.Nov     198.79    201.05    203.34
   2026.Dec     198.79    201.50    204.24
   2027.Jan     198.85    201.94    205.09
   2027.Feb     198.94    202.39    205.90
   2027.Mar     199.06    202.83    206.68
   2027.Apr     199.20    203.28    207.44
   2027.May     199.36    203.73    208.19
   2027.Jun     199.53    204.18    208.93
   2027.Jul     199.72    204.63    209.66
   2027.Aug     199.91    205.08    210.38
   ---------------------------------------
        R35 monthly CPI index            PAGE   4, SERIES series
  
 A 8  RegARIMA combined outlier component
      (AO, LS, TC outliers included)
  From  2015.Jan to 2026.Aug
  Observations        140
 -----------------------------------------------------------------------------
               Jan      Feb      Mar      Apr      May      Jun 
               Jul      Aug      Sep      Oct      Nov      Dec         AVGE  
 -----------------------------------------------------------------------------
  2015         66.1     67.5     67.1     66.8     66.6     66.4
               66.3     66.3     66.2     66.2     66.2     66.2          66.5
 
  2016         66.1     65.6     65.6     65.6     72.8     72.8
               72.8     72.7     72.7     72.7     72.7     72.7          70.4
 
  2017         73.8     73.5     73.3     73.1     73.0     72.9
               72.9     72.8     72.8     72.8     72.8     72.8          73.0
 
  2018         72.8     75.5     75.5     75.5     75.5     75.5
               75.5     75.5     75.5     75.5     75.5     76.0          75.3
 
  2019         76.0     76.0     77.3     76.9     76.6     76.4
               76.3     76.2     76.1     76.1     76.0     76.0          76.3
 
  2020         77.8     78.9     78.6     78.3     78.2     78.1
               78.0     77.9     77.9     77.9     77.8     77.8          78.1
 
  2021         77.8     77.8     77.8     77.8     77.8     77.8
               77.8     77.8     77.8     77.8     78.4     78.4          77.9
 
  2022         78.4     78.4     79.6     79.6     79.6     79.6
               80.3     80.1     80.9     80.7     83.4     83.3          80.3
 
  2023         83.3     86.8     86.8     86.8     86.8     87.4
               93.1     93.0     92.9     92.8     92.7     92.7          89.6
 
  2024         92.7     92.6     92.6     92.6     92.6     92.6
               92.6     92.6     92.6     92.6     92.6     92.6          92.6
 
  2025         92.6     94.4     94.4     94.4     94.4     94.4
               94.4     94.4     95.6     95.6     95.6     97.0          94.8
 
  2026         98.5     98.5     98.5     98.5     98.5     98.5
              100.0    100.0                                              98.9
 
  AVGE         79.7     80.5     80.6     80.5     81.0     81.0
               81.7     81.6     80.1     80.1     80.3     80.5

  Table Total-     11289.41   Mean-      80.64   Std. Dev.-      21.65
                              Min -      65.58        Max -     100.00

 A 8.A  RegARIMA outlier component
  From  2026.Sep to 2027.Aug
  Observations         12
 -----------------------------------------------------------------------------
               Jan      Feb      Mar      Apr      May      Jun 
               Jul      Aug      Sep      Oct      Nov      Dec         AVGE  
 -----------------------------------------------------------------------------
  2026                                                          
                                100.0    100.0    100.0    100.0         100.0
 
  2027        100.0    100.0    100.0    100.0    100.0    100.0
              100.0    100.0                                             100.0
 
        R35 monthly CPI index            PAGE   5, SERIES series

 A 8.AO  RegARIMA AO outlier component
  From  2015.Jan to 2026.Aug
  Observations        140
 -----------------------------------------------------------------------------
               Jan      Feb      Mar      Apr      May      Jun 
               Jul      Aug      Sep      Oct      Nov      Dec         AVGE  
 -----------------------------------------------------------------------------
  2015        100.0    100.0    100.0    100.0    100.0    100.0
              100.0    100.0    100.0    100.0    100.0    100.0         100.0
 
  2016        100.0    100.0    100.0    100.0    100.0    100.0
              100.0    100.0    100.0    100.0    100.0    100.0         100.0
 
  2017        100.0    100.0    100.0    100.0    100.0    100.0
              100.0    100.0    100.0    100.0    100.0    100.0         100.0
 
  2018        100.0    100.0    100.0    100.0    100.0    100.0
              100.0    100.0    100.0    100.0    100.0    100.0         100.0
 
  2019        100.0    100.0    100.0    100.0    100.0    100.0
              100.0    100.0    100.0    100.0    100.0    100.0         100.0
 
  2020        100.0    100.0    100.0    100.0    100.0    100.0
              100.0    100.0    100.0    100.0    100.0    100.0         100.0
 
  2021        100.0    100.0    100.0    100.0    100.0    100.0
              100.0    100.0    100.0    100.0    100.0    100.0         100.0
 
  2022        100.0    100.0    100.0    100.0    100.0    100.0
              100.0    100.0    100.0    100.0    100.0    100.0         100.0
 
  2023        100.0    100.0    100.0    100.0    100.0    100.0
              100.0    100.0    100.0    100.0    100.0    100.0         100.0
 
  2024        100.0    100.0    100.0    100.0    100.0    100.0
              100.0    100.0    100.0    100.0    100.0    100.0         100.0
 
  2025        100.0    100.0    100.0    100.0    100.0    100.0
              100.0    100.0    100.0    100.0    100.0    101.4         100.1
 
  2026        100.0    100.0    100.0    100.0    100.0    100.0
              100.0    100.0                                             100.0
 
  AVGE        100.0    100.0    100.0    100.0    100.0    100.0
              100.0    100.0    100.0    100.0    100.0    100.1

  Table Total-     14001.43   Mean-     100.01   Std. Dev.-       0.12
                              Min -     100.00        Max -     101.43
        R35 monthly CPI index            PAGE   6, SERIES series

 A 8.LS  RegARIMA level change outlier component
  From  2015.Jan to 2026.Aug
  Observations        140
 -----------------------------------------------------------------------------
               Jan      Feb      Mar      Apr      May      Jun 
               Jul      Aug      Sep      Oct      Nov      Dec         AVGE  
 -----------------------------------------------------------------------------
  2015         66.1     66.1     66.1     66.1     66.1     66.1
               66.1     66.1     66.1     66.1     66.1     66.1          66.1
 
  2016         66.1     65.6     65.6     65.6     72.7     72.7
               72.7     72.7     72.7     72.7     72.7     72.7          70.4
 
  2017         72.7     72.7     72.7     72.7     72.7     72.7
               72.7     72.7     72.7     72.7     72.7     72.7          72.7
 
  2018         72.7     75.5     75.5     75.5     75.5     75.5
               75.5     75.5     75.5     75.5     75.5     76.0          75.3
 
  2019         76.0     76.0     76.0     76.0     76.0     76.0
               76.0     76.0     76.0     76.0     76.0     76.0          76.0
 
  2020         77.8     77.8     77.8     77.8     77.8     77.8
               77.8     77.8     77.8     77.8     77.8     77.8          77.8
 
  2021         77.8     77.8     77.8     77.8     77.8     77.8
               77.8     77.8     77.8     77.8     78.4     78.4          77.9
 
  2022         78.4     78.4     79.6     79.6     79.6     79.6
               79.6     79.6     80.5     80.5     83.2     83.2          80.1
 
  2023         83.2     86.7     86.7     86.7     86.7     86.7
               92.6     92.6     92.6     92.6     92.6     92.6          89.4
 
  2024         92.6     92.6     92.6     92.6     92.6     92.6
               92.6     92.6     92.6     92.6     92.6     92.6          92.6
 
  2025         92.6     94.4     94.4     94.4     94.4     94.4
               94.4     94.4     95.6     95.6     95.6     95.6          94.7
 
  2026         98.5     98.5     98.5     98.5     98.5     98.5
              100.0    100.0                                              98.9
 
  AVGE         79.5     80.2     80.3     80.3     80.9     80.9
               81.5     81.5     80.0     80.0     80.3     80.3

  Table Total-     11266.95   Mean-      80.48   Std. Dev.-      21.82
                              Min -      65.57        Max -     100.00
        R35 monthly CPI index            PAGE   7, SERIES series

 A 8.TC  RegARIMA temporary change outlier component
  From  2015.Jan to 2026.Aug
  Observations        140
 -----------------------------------------------------------------------------
               Jan      Feb      Mar      Apr      May      Jun 
               Jul      Aug      Sep      Oct      Nov      Dec         AVGE  
 -----------------------------------------------------------------------------
  2015        100.0    102.1    101.5    101.0    100.7    100.5
              100.4    100.2    100.2    100.1    100.1    100.1         100.6
 
  2016        100.0    100.0    100.0    100.0    100.0    100.0
              100.0    100.0    100.0    100.0    100.0    100.0         100.0
 
  2017        101.5    101.0    100.7    100.5    100.4    100.2
              100.2    100.1    100.1    100.1    100.0    100.0         100.4
 
  2018        100.0    100.0    100.0    100.0    100.0    100.0
              100.0    100.0    100.0    100.0    100.0    100.0         100.0
 
  2019        100.0    100.0    101.7    101.2    100.9    100.6
              100.4    100.3    100.2    100.1    100.1    100.1         100.5
 
  2020        100.0    101.4    101.0    100.7    100.5    100.3
              100.2    100.2    100.1    100.1    100.1    100.0         100.4
 
  2021        100.0    100.0    100.0    100.0    100.0    100.0
              100.0    100.0    100.0    100.0    100.0    100.0         100.0
 
  2022        100.0    100.0    100.0    100.0    100.0    100.0
              100.9    100.7    100.5    100.3    100.2    100.2         100.2
 
  2023        100.1    100.1    100.1    100.0    100.0    100.8
              100.6    100.4    100.3    100.2    100.1    100.1         100.2
 
  2024        100.1    100.0    100.0    100.0    100.0    100.0
              100.0    100.0    100.0    100.0    100.0    100.0         100.0
 
  2025        100.0    100.0    100.0    100.0    100.0    100.0
              100.0    100.0    100.0    100.0    100.0    100.0         100.0
 
  2026        100.0    100.0    100.0    100.0    100.0    100.0
              100.0    100.0                                             100.0
 
  AVGE        100.1    100.4    100.4    100.3    100.2    100.2
              100.2    100.2    100.1    100.1    100.1    100.0

  Table Total-     14028.05   Mean-     100.20   Std. Dev.-       0.43
                              Min -     100.00        Max -     102.12

 A 8.TC.A  RegARIMA temporary change outlier component
  From  2026.Sep to 2027.Aug
  Observations         12
 -----------------------------------------------------------------------------
               Jan      Feb      Mar      Apr      May      Jun 
               Jul      Aug      Sep      Oct      Nov      Dec         AVGE  
 -----------------------------------------------------------------------------
  2026                                                          
                                100.0    100.0    100.0    100.0         100.0
 
  2027        100.0    100.0    100.0    100.0    100.0    100.0
              100.0    100.0                                             100.0
 
        R35 monthly CPI index            PAGE   8, SERIES series
  
 B 1  Original series (prior adjusted)
      (adjusted for regARIMA factors)
  From  2015.Jan to 2026.Aug
  Observations        140
 -----------------------------------------------------------------------------
               Jan      Feb      Mar      Apr      May      Jun 
               Jul      Aug      Sep      Oct      Nov      Dec        TOTAL  
 -----------------------------------------------------------------------------
  2015         147.     148.     150.     150.     151.     151.
               151.     151.     151.     152.     152.     152.         1805.
 
  2016         152.     152.     152.     152.     152.     152.
               153.     153.     153.     153.     153.     153.         1830.
 
  2017         154.     155.     156.     156.     156.     157.
               158.     158.     158.     158.     158.     158.         1883.
 
  2018         159.     161.     161.     161.     161.     162.
               162.     162.     163.     163.     163.     164.         1942.
 
  2019         165.     165.     165.     166.     166.     167.
               167.     167.     168.     168.     168.     168.         2000.
 
  2020         168.     169.     169.     170.     171.     171.
               171.     171.     172.     172.     173.     173.         2050.
 
  2021         173.     173.     173.     173.     173.     173.
               173.     174.     175.     175.     175.     176.         2085.
 
  2022         177.     177.     177.     177.     179.     179.
               180.     181.     181.     182.     182.     183.         2155.
 
  2023         183.     184.     184.     184.     184.     184.
               184.     184.     185.     185.     185.     185.         2210.
 
  2024         186.     186.     186.     186.     187.     187.
               187.     187.     187.     188.     188.     189.         2245.
 
  2025         190.     191.     192.     192.     192.     194.
               195.     195.     196.     197.     197.     197.         2329.
 
  2026         197.     197.     198.     198.     199.     200.
               199.     200.                                             1589.
 
  AVGE         171.     172.     172.     172.     173.     173.
               173.     174.     172.     172.     172.     173.

  Table Total-     24123.10   Mean-     172.31   Std. Dev.-      14.99
                              Min -     147.18        Max -     199.80

 B 1.A  Forecasts of (prior adjusted) original series
  From  2026.Sep to 2027.Aug
  Observations         12
 -----------------------------------------------------------------------------
               Jan      Feb      Mar      Apr      May      Jun 
               Jul      Aug      Sep      Oct      Nov      Dec        TOTAL  
 -----------------------------------------------------------------------------
  2026                                                          
                                 200.     201.     201.     201.          803.
 
  2027         202.     202.     203.     203.     204.     204.
               205.     205.                                             1628.
 
        R35 monthly CPI index            PAGE   9, SERIES series

 C 17  Final weights for irregular component
  From  2015.Jan to 2026.Aug
  Observations        140
  Lower sigma limit    1.50
  Upper sigma limit    2.50
 -----------------------------------------------------------------------------
               Jan      Feb      Mar      Apr      May      Jun 
               Jul      Aug      Sep      Oct      Nov      Dec         S.D.  
 -----------------------------------------------------------------------------
  2015        100.0    100.0    100.0    100.0    100.0    100.0
              100.0    100.0    100.0    100.0    100.0    100.0           0.1
 
  2016        100.0    100.0    100.0    100.0    100.0    100.0
              100.0    100.0    100.0    100.0    100.0     58.9           0.1
 
  2017        100.0     96.7    100.0    100.0    100.0    100.0
              100.0    100.0    100.0    100.0    100.0      0.0           0.1
 
  2018        100.0      0.0    100.0     85.6    100.0     13.3
              100.0    100.0    100.0    100.0    100.0     92.2           0.1
 
  2019        100.0      0.0     98.7    100.0    100.0    100.0
              100.0    100.0    100.0    100.0    100.0    100.0           0.1
 
  2020        100.0      1.0    100.0    100.0    100.0    100.0
              100.0    100.0    100.0     64.3     58.2    100.0           0.1
 
  2021        100.0    100.0    100.0    100.0    100.0    100.0
              100.0    100.0     39.8    100.0    100.0    100.0           0.1
 
  2022          0.0    100.0     59.9      0.0    100.0    100.0
              100.0    100.0    100.0    100.0    100.0    100.0           0.1
 
  2023        100.0    100.0    100.0    100.0    100.0    100.0
              100.0    100.0    100.0    100.0    100.0    100.0           0.1
 
  2024        100.0    100.0    100.0    100.0    100.0    100.0
              100.0    100.0    100.0     67.6    100.0      0.0           0.1
 
  2025        100.0     90.1      0.0    100.0      0.0    100.0
                0.0    100.0    100.0    100.0    100.0    100.0           0.1
 
  2026        100.0    100.0    100.0    100.0     14.0    100.0
              100.0    100.0                                               0.1
 
        R35 monthly CPI index            PAGE  10, SERIES series

 D 8  Final unmodified SI ratios
  From  2015.Jan to 2026.Aug
  Observations        140
 -----------------------------------------------------------------------------
               Jan      Feb      Mar      Apr      May      Jun 
               Jul      Aug      Sep      Oct      Nov      Dec         AVGE  
 -----------------------------------------------------------------------------
  2015         99.9    100.1    100.3    100.2    100.1    100.1
              100.1    100.1    100.0     99.8     99.7     99.7         100.0
 
  2016         99.9    100.1    100.2    100.2    100.0    100.0
              100.2    100.1    100.0     99.8     99.6     99.6         100.0
 
  2017        100.0    100.3    100.2    100.1    100.0    100.0
              100.2    100.2    100.0     99.8     99.7     99.4         100.0
 
  2018         99.9    100.4    100.2    100.0    100.0    100.3
              100.2     99.9    100.1     99.8     99.8    100.0         100.1
 
  2019        100.0     99.8     99.8    100.1    100.1    100.1
              100.0     99.9    100.1    100.1    100.0    100.0         100.0
 
  2020         99.8     99.8     99.9    100.0    100.1    100.0
               99.9     99.9     99.9    100.2    100.2    100.1         100.0
 
  2021        100.1    100.0    100.0    100.0    100.0    100.0
               99.8     99.9    100.2    100.0     99.9    100.2         100.0
 
  2022        100.5    100.3     99.7     99.6     99.9    100.0
               99.9     99.9     99.9     99.9    100.0    100.2         100.0
 
  2023        100.2    100.1    100.0    100.0    100.0     99.9
               99.9    100.0    100.0    100.0     99.9    100.0         100.0
 
  2024        100.2    100.1    100.0    100.0    100.1    100.0
              100.0     99.9     99.8    100.2     99.9     99.7         100.0
 
  2025        100.1    100.2    100.2     99.9     99.6    100.1
              100.4    100.0     99.9    100.2    100.0     99.9         100.0
 
  2026        100.0     99.9     99.9    100.0    100.3    100.2
              100.0    100.0                                             100.0
 
  AVGE        100.0    100.1    100.0    100.0    100.0    100.0
              100.0    100.0    100.0    100.0     99.9     99.9

  Table Total-     14000.28   Mean-     100.00   Std. Dev.-       0.17
                              Min -      99.42        Max -     100.51
        R35 monthly CPI index            PAGE  11, SERIES series

 D 8.B  Final unmodified SI ratios, with labels for outliers and extreme values
  From  2015.Jan to 2026.Aug
  Observations        140
 ---------------------------------------------------------------------
               Jan       Feb       Mar       Apr       May       Jun  
               Jul       Aug       Sep       Oct       Nov       Dec  
 ---------------------------------------------------------------------
  2015        99.9     100.1#    100.3     100.2     100.1     100.1  
             100.1     100.1     100.0      99.8      99.7      99.7  
 
  2016        99.9     100.1#    100.2 -   100.2 -   100.0#    100.0 -
             100.2 -   100.1     100.0      99.8      99.6      99.6* 
 
  2017       100.0#    100.3*    100.2     100.1     100.0     100.0  
             100.2     100.2     100.0      99.8      99.7      99.4*-
 
  2018        99.9 -   100.4&    100.2 -   100.0*-   100.0     100.3* 
             100.2      99.9     100.1      99.8      99.8     100.0& 
 
  2019       100.0      99.8*     99.8&    100.1     100.1     100.1  
             100.0      99.9     100.1     100.1     100.0     100.0 -
 
  2020        99.8#     99.8&-    99.9     100.0     100.1     100.0  
              99.9      99.9      99.9     100.2*    100.2*    100.1  
 
  2021       100.1     100.0     100.0     100.0     100.0     100.0  
              99.8      99.9     100.2*    100.0      99.9#    100.2  
 
  2022       100.5*    100.3 -    99.7&     99.6*-    99.9     100.0  
              99.9#     99.9      99.9#-    99.9 -   100.0#    100.2 -
 
  2023       100.2 -   100.1#    100.0 -   100.0 -   100.0 -    99.9#-
              99.9#    100.0 -   100.0 -   100.0      99.9     100.0  
 
  2024       100.2     100.1     100.0     100.0     100.1     100.0  
             100.0      99.9      99.8     100.2*     99.9      99.7* 
 
  2025       100.1 -   100.2&    100.2*-    99.9      99.6*    100.1  
             100.4*    100.0 -    99.9#    100.2 -   100.0 -    99.9#-
 
  2026       100.0#     99.9 -    99.9 -   100.0     100.3*    100.2 -
             100.0#    100.0 -                                        
 

  Key to symbols:
    *  : extreme value as determined by X-11 extreme value procedure
    #  : regARIMA outlier (either AO, LS, TC, or Ramp)
    &  : more than one type of regARIMA outlier
    -  : values around a level shift most likely to be influenced by it
 
        R35 monthly CPI index            PAGE  12, SERIES series

 D 9  Final replacement values for SI ratios
  From  2015.Jan to 2026.Aug
  Observations        140
 ---------------------------------------------------------------
               Jan      Feb      Mar      Apr      May      Jun 
               Jul      Aug      Sep      Oct      Nov      Dec 
 ---------------------------------------------------------------
  2015     ******** ******** ******** ******** ******** ********
           ******** ******** ******** ******** ******** ********
 
  2016     ******** ******** ******** ******** ******** ********
           ******** ******** ******** ******** ********     99.7
 
  2017     ********    100.3 ******** ******** ******** ********
           ******** ******** ******** ******** ********     99.8
 
  2018     ********    100.2 ********    100.0 ********    100.1
           ******** ******** ******** ******** ********    100.0
 
  2019     ********    100.1     99.8 ******** ******** ********
           ******** ******** ******** ******** ******** ********
 
  2020     ********    100.1 ******** ******** ******** ********
           ******** ******** ********    100.1    100.1 ********
 
  2021     ******** ******** ******** ******** ******** ********
           ******** ********    100.1 ******** ******** ********
 
  2022        100.1 ********     99.8    100.0 ******** ********
           ******** ******** ******** ******** ******** ********
 
  2023     ******** ******** ******** ******** ******** ********
           ******** ******** ******** ******** ******** ********
 
  2024     ******** ******** ******** ******** ******** ********
           ******** ******** ********    100.1 ********    100.0
 
  2025     ********    100.2    100.0 ********    100.0 ********
              100.0 ******** ******** ******** ******** ********
 
  2026     ******** ******** ******** ********    100.1 ********
           ******** ********                                    
 

 D 9.A  Moving seasonality ratio
 ---------------------------------------------------------------
               Jan      Feb      Mar      Apr      May      Jun 
 ---------------------------------------------------------------
   I          0.092    0.112    0.096    0.054    0.059    0.058
   S          0.023    0.017    0.033    0.019    0.011    0.008
 RATIO        3.939    6.591    2.872    2.908    5.537    7.357



 ---------------------------------------------------------------
               Jul      Aug      Sep      Oct      Nov      Dec 
 ---------------------------------------------------------------
   I          0.074    0.064    0.095    0.092    0.103    0.091
   S          0.029    0.024    0.019    0.027    0.036    0.038
 RATIO        2.553    2.709    4.966    3.392    2.837    2.379



        R35 monthly CPI index            PAGE  13, SERIES series

 D 10  Final seasonal factors
  From  2015.Jan to 2026.Aug
  Observations        140
  Seasonal filter    3 x 5 moving average
 -----------------------------------------------------------------------------
               Jan      Feb      Mar      Apr      May      Jun 
               Jul      Aug      Sep      Oct      Nov      Dec         AVGE  
 -----------------------------------------------------------------------------
  2015        99.91   100.16   100.22   100.14   100.02   100.01
             100.15   100.09   100.00    99.83    99.68    99.78        100.00
 
  2016        99.92   100.16   100.20   100.14   100.02   100.02
             100.14   100.07   100.02    99.85    99.71    99.81        100.00
 
  2017        99.92   100.16   100.15   100.12   100.02   100.02
             100.12   100.03   100.03    99.89    99.76    99.86        100.01
 
  2018        99.94   100.15   100.08   100.10   100.03   100.01
             100.07    99.99   100.04    99.94    99.82    99.93        100.01
 
  2019        99.96   100.14   100.02   100.06   100.02   100.01
             100.02    99.94   100.03    99.97    99.88   100.01        100.01
 
  2020       100.00   100.13    99.96   100.04   100.01   100.01
              99.95    99.92   100.03   100.00    99.94   100.06        100.00
 
  2021       100.05   100.12    99.94   100.01   100.00   100.00
              99.92    99.91    99.99   100.01    99.96   100.08        100.00
 
  2022       100.10   100.12    99.94    99.99    99.99    99.99
              99.90    99.92    99.96   100.03    99.96   100.07        100.00
 
  2023       100.12   100.12    99.94    99.97    99.99   100.00
              99.92    99.94    99.94   100.03    99.96   100.04        100.00
 
  2024       100.12   100.10    99.95    99.97   100.00   100.02
              99.94    99.95    99.94   100.05    99.96   100.01        100.00
 
  2025       100.08   100.07    99.95    99.97   100.02   100.05
              99.97    99.97    99.93   100.07    99.97    99.98        100.00
 
  2026       100.05   100.03    99.95    99.97   100.03   100.06
              99.99    99.98                                            100.01
 
  AVGE       100.01   100.12   100.02   100.04   100.01   100.02
             100.01    99.98    99.99    99.97    99.87    99.97

  Table Total-     14000.40   Mean-     100.00   Std. Dev.-       0.09
                              Min -      99.68        Max -     100.22

 D 10.A  Final seasonal component forecasts
  From  2026.Sep to 2027.Aug
  Observations         12
 -----------------------------------------------------------------------------
               Jan      Feb      Mar      Apr      May      Jun 
               Jul      Aug      Sep      Oct      Nov      Dec         AVGE  
 -----------------------------------------------------------------------------
  2026                                                          
                                99.93   100.09    99.97    99.97         99.99
 
  2027       100.02   100.02    99.94    99.97   100.04   100.08
             100.00    99.99                                            100.01
 
        R35 monthly CPI index            PAGE  14, SERIES series

 D 11  Final seasonally adjusted data
  From  2015.Jan to 2026.Aug
  Observations        140
 -----------------------------------------------------------------------------
               Jan      Feb      Mar      Apr      May      Jun 
               Jul      Aug      Sep      Oct      Nov      Dec        TOTAL  
 -----------------------------------------------------------------------------
  2015          97.     100.     100.     100.     100.     100.
               100.     100.     100.     100.     101.     101.         1200.
 
  2016         100.     100.     100.     100.     111.     111.
               111.     111.     111.     111.     111.     112.         1288.
 
  2017         114.     114.     114.     114.     114.     114.
               115.     115.     115.     115.     115.     115.         1375.
 
  2018         116.     121.     121.     121.     122.     122.
               122.     123.     123.     123.     124.     125.         1463.
 
  2019         125.     125.     127.     127.     127.     127.
               127.     127.     128.     128.     128.     128.         1526.
 
  2020         131.     133.     133.     133.     133.     133.
               133.     134.     134.     134.     134.     134.         1601.
 
  2021         134.     134.     135.     135.     135.     135.
               135.     135.     136.     136.     137.     138.         1624.
 
  2022         139.     139.     141.     141.     142.     143.
               145.     145.     146.     147.     152.     152.         1731.
 
  2023         153.     159.     159.     159.     160.     161.
               172.     172.     172.     171.     172.     172.         1980.
 
  2024         172.     172.     173.     173.     173.     173.
               173.     173.     174.     174.     174.     175.         2079.
 
  2025         176.     181.     181.     181.     181.     183.
               185.     184.     187.     188.     188.     191.         2208.
 
  2026         194.     194.     195.     195.     196.     196.
               200.     200.                                             1571.
 
  AVGE         138.     139.     140.     140.     141.     142.
               143.     143.     139.     139.     140.     140.

  Table Total-     19647.07   Mean-     140.34   Std. Dev.-      28.96
                              Min -      97.38        Max -     199.84
        R35 monthly CPI index            PAGE  15, SERIES series

 D 12  Final trend cycle
  From  2015.Jan to 2026.Aug
  Observations        140
  Trend filter     9-term Henderson moving average
  I/C ratio        0.41
 -----------------------------------------------------------------------------
               Jan      Feb      Mar      Apr      May      Jun 
               Jul      Aug      Sep      Oct      Nov      Dec        TOTAL  
 -----------------------------------------------------------------------------
  2015          97.      98.      99.      99.     100.     100.
               100.     100.     100.     100.     100.     100.         1194.
 
  2016         100.     100.     100.     100.     111.     111.
               111.     111.     111.     111.     111.     112.         1288.
 
  2017         112.     113.     113.     113.     114.     114.
               115.     115.     115.     115.     115.     116.         1370.
 
  2018         116.     121.     121.     121.     122.     122.
               122.     123.     123.     123.     124.     125.         1462.
 
  2019         125.     125.     125.     126.     126.     126.
               127.     127.     128.     128.     128.     128.         1519.
 
  2020         131.     131.     132.     132.     133.     133.
               133.     133.     134.     134.     134.     134.         1595.
 
  2021         134.     134.     134.     135.     135.     135.
               135.     135.     136.     136.     137.     138.         1624.
 
  2022         138.     139.     141.     142.     142.     143.
               143.     144.     146.     146.     152.     152.         1728.
 
  2023         152.     159.     159.     159.     159.     160.
               171.     171.     171.     171.     171.     172.         1976.
 
  2024         172.     172.     173.     173.     173.     173.
               173.     173.     174.     174.     175.     175.         2079.
 
  2025         176.     180.     181.     182.     182.     183.
               184.     184.     187.     188.     188.     188.         2204.
 
  2026         194.     194.     195.     195.     196.     196.
               200.     200.                                             1570.
 
  AVGE         137.     139.     139.     140.     141.     141.
               143.     143.     139.     139.     140.     140.

  Table Total-     19609.64   Mean-     140.07   Std. Dev.-      29.02
                              Min -      97.42        Max -     199.89
        R35 monthly CPI index            PAGE  16, SERIES series

 D 13  Final irregular component
  From  2015.Jan to 2026.Aug
  Observations        140
 -----------------------------------------------------------------------------
               Jan      Feb      Mar      Apr      May      Jun 
               Jul      Aug      Sep      Oct      Nov      Dec         S.D.  
 -----------------------------------------------------------------------------
  2015        100.0    102.0    101.6    101.1    100.8    100.6
              100.3    100.2    100.1    100.1    100.2    100.0           0.9
 
  2016        100.0    100.0    100.0    100.1    100.0    100.0
              100.0    100.1    100.0    100.0    100.0     99.8           0.1
 
  2017        101.5    101.1    100.7    100.5    100.3    100.2
              100.2    100.2    100.0    100.0    100.0     99.6           0.6
 
  2018        100.0    100.3    100.1     99.9     99.9    100.3
              100.1     99.9    100.1     99.9     99.9    100.1           0.1
 
  2019        100.0     99.7    101.6    101.3    100.9    100.6
              100.4    100.2    100.3    100.2    100.2    100.0           0.7
 
  2020         99.9    101.1    101.0    100.7    100.6    100.3
              100.2    100.2    100.0    100.2    100.2    100.0           0.5
 
  2021        100.0     99.9    100.1    100.0    100.0    100.0
               99.9    100.0    100.2    100.0     99.9    100.1           0.1
 
  2022        100.4    100.1     99.8     99.6    100.0    100.1
              101.0    100.7    100.5    100.2    100.3    100.2           0.4
 
  2023        100.1    100.0    100.1    100.0    100.0    100.8
              100.5    100.4    100.3    100.1    100.1    100.0           0.3
 
  2024        100.2    100.0    100.0    100.0    100.1    100.0
              100.1    100.0     99.9    100.2     99.9     99.7           0.1
 
  2025        100.0    100.1    100.2     99.9     99.6    100.0
              100.4    100.0     99.9    100.1    100.1    101.4           0.5
 
  2026        100.0     99.9    100.0    100.0    100.2    100.1
               99.9    100.0                                               0.1
 
  S.D.          0.5      0.8      0.7      0.6      0.4      0.4
                0.4      0.3      0.2      0.1      0.1      0.5

  Table Total-     14029.26   Mean-     100.21   Std. Dev.-       0.45
                              Min -      99.57        Max -     102.00
        R35 monthly CPI index            PAGE  17, SERIES series

 D 16  Combined adjustment factors
  From  2015.Jan to 2026.Aug
  Observations        140
 -----------------------------------------------------------------------------
               Jan      Feb      Mar      Apr      May      Jun 
               Jul      Aug      Sep      Oct      Nov      Dec         AVGE  
 -----------------------------------------------------------------------------
  2015        99.91   100.16   100.22   100.14   100.02   100.01
             100.15   100.09   100.00    99.83    99.68    99.78        100.00
 
  2016        99.92   100.16   100.20   100.14   100.02   100.02
             100.14   100.07   100.02    99.85    99.71    99.81        100.00
 
  2017        99.92   100.16   100.15   100.12   100.02   100.02
             100.12   100.03   100.03    99.89    99.76    99.86        100.01
 
  2018        99.94   100.15   100.08   100.10   100.03   100.01
             100.07    99.99   100.04    99.94    99.82    99.93        100.01
 
  2019        99.96   100.14   100.02   100.06   100.02   100.01
             100.02    99.94   100.03    99.97    99.88   100.01        100.01
 
  2020       100.00   100.13    99.96   100.04   100.01   100.01
              99.95    99.92   100.03   100.00    99.94   100.06        100.00
 
  2021       100.05   100.12    99.94   100.01   100.00   100.00
              99.92    99.91    99.99   100.01    99.96   100.08        100.00
 
  2022       100.10   100.12    99.94    99.99    99.99    99.99
              99.90    99.92    99.96   100.03    99.96   100.07        100.00
 
  2023       100.12   100.12    99.94    99.97    99.99   100.00
              99.92    99.94    99.94   100.03    99.96   100.04        100.00
 
  2024       100.12   100.10    99.95    99.97   100.00   100.02
              99.94    99.95    99.94   100.05    99.96   100.01        100.00
 
  2025       100.08   100.07    99.95    99.97   100.02   100.05
              99.97    99.97    99.93   100.07    99.97    99.98        100.00
 
  2026       100.05   100.03    99.95    99.97   100.03   100.06
              99.99    99.98                                            100.01
 
  AVGE       100.01   100.12   100.02   100.04   100.01   100.02
             100.01    99.98    99.99    99.97    99.87    99.97

  Table Total-     14000.40   Mean-     100.00   Std. Dev.-       0.09
                              Min -      99.68        Max -     100.22

 D 16.A  Combined adjustment component forecasts
  From  2026.Sep to 2027.Aug
  Observations         12
 -----------------------------------------------------------------------------
               Jan      Feb      Mar      Apr      May      Jun 
               Jul      Aug      Sep      Oct      Nov      Dec         AVGE  
 -----------------------------------------------------------------------------
  2026                                                          
                                99.93   100.09    99.97    99.97         99.99
 
  2027       100.02   100.02    99.94    99.97   100.04   100.08
             100.00    99.99                                            100.01
 
        R35 monthly CPI index            PAGE  18, SERIES series

 E 4  Ratios of annual totals
  From          2015 to 2025
  Observations         11
 -----------------------------------
  Year       Unmodified     Modified
                  (D11)         (E2)
 -----------------------------------
  2015           100.00       100.00
 
  2016           100.00       100.00
 
  2017           100.01       100.01
 
  2018           100.01       100.01
 
  2019           100.01       100.01
 
  2020           100.00       100.00
 
  2021           100.00       100.00
 
  2022           100.00       100.00
 
  2023           100.00       100.00
 
  2024           100.00       100.00
 
  2025           100.00       100.00
 
        R35 monthly CPI index            PAGE  19, SERIES series

 E 5  Month-to-month percent change in the original series
  From  2015.Feb to 2026.Aug
  Observations        139
 -----------------------------------------------------------------------------
               Jan      Feb      Mar      Apr      May      Jun 
               Jul      Aug      Sep      Oct      Nov      Dec         AVGE  
 -----------------------------------------------------------------------------
  2015                   2.9      0.2      0.0      0.0      0.0
                0.0      0.0      0.0      0.0      0.0      0.0           0.3
 
  2016          0.1     -0.6      0.1      0.0     10.8      0.0
                0.3      0.1      0.0      0.0      0.0      0.3           0.9
 
  2017          2.2      0.3     -0.1      0.1      0.0      0.2
                0.4      0.2      0.0      0.0      0.0      0.0           0.3
 
  2018          0.8      4.6      0.0      0.0      0.2      0.6
                0.2      0.0      0.4      0.0      0.2      1.2           0.7
 
  2019          0.2      0.0      2.0      0.0     -0.2      0.0
                0.0      0.0      0.5      0.1      0.0      0.0           0.2
 
  2020          2.3      1.5      0.0      0.2      0.2      0.0
                0.0      0.1      0.1      0.4      0.1      0.0           0.4
 
  2021          0.1      0.0      0.0      0.1      0.0      0.1
                0.0      0.3      0.5      0.1      1.0      0.7           0.2
 
  2022          0.7      0.1      1.3      0.1      0.7      0.5
                1.2      0.1      1.2      0.1      3.6      0.3           0.8
 
  2023          0.2      4.3      0.0      0.1      0.1      0.9
                6.5      0.1      0.0      0.0      0.0      0.1           1.0
 
  2024          0.4      0.0      0.1      0.1      0.2      0.0
                0.1      0.0      0.1      0.6      0.0      0.2           0.1
 
  2025          0.8      2.6      0.3      0.1      0.1      0.9
                0.8     -0.1      1.5      0.5      0.1      1.4           0.7
 
  2026          1.6      0.1      0.2      0.4      0.5      0.1
                1.5      0.2                                               0.6
 
  AVGE          0.9      1.3      0.3      0.1      1.0      0.3
                0.9      0.1      0.4      0.2      0.4      0.4

  Table Total-        73.24   Mean-       0.53   Std. Dev.-       1.39
                              Min -      -0.60        Max -      10.81
        R35 monthly CPI index            PAGE  20, SERIES series

 E 6  Month-to-month percent change in seasonally adjusted series (D11)
  From  2015.Feb to 2026.Aug
  Observations        139
 -----------------------------------------------------------------------------
               Jan      Feb      Mar      Apr      May      Jun 
               Jul      Aug      Sep      Oct      Nov      Dec         AVGE  
 -----------------------------------------------------------------------------
  2015                   2.6      0.1      0.1      0.1      0.0
               -0.1      0.1      0.1      0.2      0.2     -0.1           0.3
 
  2016         -0.0     -0.8      0.1      0.1     10.9      0.0
                0.1      0.2      0.0      0.2      0.1      0.2           0.9
 
  2017          2.1      0.0     -0.1      0.1      0.1      0.2
                0.3      0.3      0.0      0.1      0.1     -0.1           0.3
 
  2018          0.7      4.3      0.1     -0.0      0.3      0.6
                0.1      0.1      0.4      0.1      0.4      1.1           0.7
 
  2019          0.1     -0.2      2.1     -0.0     -0.1      0.0
               -0.0      0.1      0.4      0.1      0.1     -0.1           0.2
 
  2020          2.4      1.4      0.2      0.1      0.2     -0.0
                0.1      0.1      0.0      0.5      0.1     -0.1           0.4
 
  2021          0.1     -0.1      0.2     -0.0      0.0      0.1
                0.1      0.3      0.4      0.1      1.0      0.5           0.2
 
  2022          0.6      0.0      1.5      0.1      0.7      0.5
                1.3      0.1      1.2      0.1      3.7      0.2           0.8
 
  2023          0.1      4.3      0.2      0.0      0.0      0.9
                6.6      0.0     -0.0     -0.1      0.1      0.0           1.0
 
  2024          0.3      0.0      0.2      0.1      0.1     -0.0
                0.2     -0.0      0.1      0.5      0.1      0.2           0.2
 
  2025          0.7      2.6      0.5      0.0      0.0      0.9
                0.8     -0.0      1.6      0.4      0.2      1.4           0.7
 
  2026          1.6      0.1      0.3      0.3      0.4      0.1
                1.5      0.2                                               0.6
 
  AVGE          0.8      1.2      0.4      0.1      1.1      0.3
                0.9      0.1      0.4      0.2      0.5      0.3

  Table Total-        73.18   Mean-       0.53   Std. Dev.-       1.39
                              Min -      -0.83        Max -      10.94
        R35 monthly CPI index            PAGE  21, SERIES series

 E 7  Month-to-month percent change in final trend cycle (D12)
  From  2015.Feb to 2026.Aug
  Observations        139
 -----------------------------------------------------------------------------
               Jan      Feb      Mar      Apr      May      Jun 
               Jul      Aug      Sep      Oct      Nov      Dec         AVGE  
 -----------------------------------------------------------------------------
  2015                   0.6      0.6      0.5      0.4      0.2
                0.1      0.1      0.2      0.2      0.1      0.0           0.3
 
  2016         -0.0     -0.8      0.0      0.0     11.0      0.1
                0.1      0.1      0.1      0.1      0.2      0.3           0.9
 
  2017          0.4      0.4      0.4      0.3      0.3      0.3
                0.3      0.2      0.2      0.1      0.2      0.3           0.3
 
  2018          0.3      4.1      0.2      0.2      0.2      0.3
                0.3      0.2      0.2      0.3      0.3      0.9           0.6
 
  2019          0.2      0.2      0.2      0.3      0.3      0.3
                0.3      0.3      0.3      0.2      0.1      0.0           0.2
 
  2020          2.5      0.2      0.3      0.4      0.3      0.2
                0.2      0.2      0.2      0.2      0.2      0.1           0.4
 
  2021          0.0      0.0      0.0      0.0      0.0      0.1
                0.2      0.2      0.3      0.3      1.1      0.4           0.2
 
  2022          0.3      0.3      1.8      0.3      0.4      0.4
                0.4      0.3      1.4      0.3      3.7      0.3           0.8
 
  2023          0.2      4.4      0.1      0.1      0.1      0.1
                6.9      0.1      0.1      0.1      0.1      0.1           1.0
 
  2024          0.2      0.2      0.2      0.1      0.1      0.1
                0.1      0.1      0.2      0.2      0.3      0.4           0.2
 
  2025          0.4      2.4      0.4      0.3      0.4      0.4
                0.4      0.4      1.6      0.3      0.2      0.1           0.6
 
  2026          3.0      0.1      0.2      0.3      0.3      0.2
                1.7      0.1                                               0.8
 
  AVGE          0.7      1.0      0.4      0.2      1.1      0.2
                0.9      0.2      0.4      0.2      0.6      0.3

  Table Total-        73.11   Mean-       0.53   Std. Dev.-       1.37
                              Min -      -0.82        Max -      10.99
        R35 monthly CPI index            PAGE  22, SERIES series

 E 8  Month-to-month percent change in original series adjusted for calendar factors (A18)
  From  2015.Feb to 2026.Aug
  Observations        139
 -----------------------------------------------------------------------------
               Jan      Feb      Mar      Apr      May      Jun 
               Jul      Aug      Sep      Oct      Nov      Dec         AVGE  
 -----------------------------------------------------------------------------
  2015                   2.9      0.2      0.0      0.0      0.0
                0.0      0.0      0.0      0.0      0.0      0.0           0.3
 
  2016          0.1     -0.6      0.1      0.0     10.8      0.0
                0.3      0.1      0.0      0.0      0.0      0.3           0.9
 
  2017          2.2      0.3     -0.1      0.1      0.0      0.2
                0.4      0.2      0.0      0.0      0.0      0.0           0.3
 
  2018          0.8      4.6      0.0      0.0      0.2      0.6
                0.2      0.0      0.4      0.0      0.2      1.2           0.7
 
  2019          0.2      0.0      2.0      0.0     -0.2      0.0
                0.0      0.0      0.5      0.1      0.0      0.0           0.2
 
  2020          2.3      1.5      0.0      0.2      0.2      0.0
                0.0      0.1      0.1      0.4      0.1      0.0           0.4
 
  2021          0.1      0.0      0.0      0.1      0.0      0.1
                0.0      0.3      0.5      0.1      1.0      0.7           0.2
 
  2022          0.7      0.1      1.3      0.1      0.7      0.5
                1.2      0.1      1.2      0.1      3.6      0.3           0.8
 
  2023          0.2      4.3      0.0      0.1      0.1      0.9
                6.5      0.1      0.0      0.0      0.0      0.1           1.0
 
  2024          0.4      0.0      0.1      0.1      0.2      0.0
                0.1      0.0      0.1      0.6      0.0      0.2           0.1
 
  2025          0.8      2.6      0.3      0.1      0.1      0.9
                0.8     -0.1      1.5      0.5      0.1      1.4           0.7
 
  2026          1.6      0.1      0.2      0.4      0.5      0.1
                1.5      0.2                                               0.6
 
  AVGE          0.9      1.3      0.3      0.1      1.0      0.3
                0.9      0.1      0.4      0.2      0.4      0.4

  Table Total-        73.24   Mean-       0.53   Std. Dev.-       1.39
                              Min -      -0.60        Max -      10.81
        R35 monthly CPI index            PAGE  23, SERIES series

 E 18  Final adjustment ratios
  From  2015.Jan to 2026.Aug
  Observations        140
 -----------------------------------------------------------------------------
               Jan      Feb      Mar      Apr      May      Jun 
               Jul      Aug      Sep      Oct      Nov      Dec         AVGE  
 -----------------------------------------------------------------------------
  2015         99.9    100.2    100.2    100.1    100.0    100.0
              100.2    100.1    100.0     99.8     99.7     99.8         100.0
 
  2016         99.9    100.2    100.2    100.1    100.0    100.0
              100.1    100.1    100.0     99.9     99.7     99.8         100.0
 
  2017         99.9    100.2    100.1    100.1    100.0    100.0
              100.1    100.0    100.0     99.9     99.8     99.9         100.0
 
  2018         99.9    100.1    100.1    100.1    100.0    100.0
              100.1    100.0    100.0     99.9     99.8     99.9         100.0
 
  2019        100.0    100.1    100.0    100.1    100.0    100.0
              100.0     99.9    100.0    100.0     99.9    100.0         100.0
 
  2020        100.0    100.1    100.0    100.0    100.0    100.0
              100.0     99.9    100.0    100.0     99.9    100.1         100.0
 
  2021        100.0    100.1     99.9    100.0    100.0    100.0
               99.9     99.9    100.0    100.0    100.0    100.1         100.0
 
  2022        100.1    100.1     99.9    100.0    100.0    100.0
               99.9     99.9    100.0    100.0    100.0    100.1         100.0
 
  2023        100.1    100.1     99.9    100.0    100.0    100.0
               99.9     99.9     99.9    100.0    100.0    100.0         100.0
 
  2024        100.1    100.1     99.9    100.0    100.0    100.0
               99.9    100.0     99.9    100.1    100.0    100.0         100.0
 
  2025        100.1    100.1     99.9    100.0    100.0    100.0
              100.0    100.0     99.9    100.1    100.0    100.0         100.0
 
  2026        100.0    100.0     99.9    100.0    100.0    100.1
              100.0    100.0                                             100.0
 
  AVGE        100.0    100.1    100.0    100.0    100.0    100.0
              100.0    100.0    100.0    100.0     99.9    100.0

  Table Total-     14000.40   Mean-     100.00   Std. Dev.-       0.09
                              Min -      99.68        Max -     100.22

 E 18.A  Final adjustment ratio forecasts
  From  2026.Sep to 2027.Aug
  Observations         12
 -----------------------------------------------------------------------------
               Jan      Feb      Mar      Apr      May      Jun 
               Jul      Aug      Sep      Oct      Nov      Dec         AVGE  
 -----------------------------------------------------------------------------
  2026                                                          
                                 99.9    100.1    100.0    100.0         100.0
 
  2027        100.0    100.0     99.9    100.0    100.0    100.1
              100.0    100.0                                             100.0
 

  QS statistic for seasonality:
  log(Original Series)                                0.00  (P-Value =     1.0000)
  log(Original Series (EV adj))                       0.05  (P-Value =     0.9748)
  Residuals                                           0.00  (P-Value =     1.0000)
  log(Seasonally Adjusted Series)                     0.00  (P-Value =     1.0000)
  log(SA Series (EV adj))                             0.00  (P-Value =     1.0000)
  Irregular Series                                    0.00  (P-Value =     1.0000)
  Irregular Series (EV adj)                           0.00  (P-Value =     1.0000)

  QS statistic for seasonality (starting 2018.Sep):
  log(Original Series)                                0.00  (P-Value =     1.0000)
  log(Original Series (EV adj))                       0.00  (P-Value =     1.0000)
  Residuals                                           0.00  (P-Value =     1.0000)
  log(Seasonally Adjusted Series)                     0.00  (P-Value =     1.0000)
  log(SA Series (EV adj))                             0.00  (P-Value =     1.0000)
  Irregular Series                                    0.00  (P-Value =     1.0000)
  Irregular Series (EV adj)                           0.00  (P-Value =     1.0000)


 WARNING: Series should not be a candidate for seasonal adjustment
          because the spectrum of the prior adjusted series (Table B1)
          has no visually significant seasonal peaks.

          If this is a component series of an indirectly adjusted
          composite series, consider using type = trend or type = summary
          in the x11 spec.
        R35 monthly CPI index            PAGE  24, SERIES series
 G 0  10*LOG(SPECTRUM) of the differenced, transformed Prior Adjusted Series
      (Table B1).  Spectrum estimated from 2018.Sep to 2026.Aug.
 ++++++++++I+++++++++++++++++++++++++++++++++++++++++++++++++++++++++++++I
     -47.72I                          *                                  I    -47.72
           I   *                      *                                  I
           I   *                   *  *  *S                              I
           I   *              *    *  *  *S                              I
     -50.18I   **             *    * **  *S  *                           I    -50.18
           I   **             *   ** *** *S  *                           I
           I   **   *     *   *   ****** *S  *                           I
           I   **   *     *   *   ********S  *        T                  I
     -52.65I   **   **    *   *   ********S***        T                  I    -52.65
           I   **   **    *   **  ********S***    *  *T                  I
           I   **  ***    *   **  ********S***    ** *T                  I
           I   *** ***    ** ***  ********S****   **S*T* *               I
     -55.11I   *******    ** *** *********S****   **S*T***               I    -55.11
           I   *******   *** ***S*********S****   **S*T***               I
           I   *******   *** ***S*********S****  ***S*T***               I
           I   *******S  *******S*********S****  ***S*T***               I
     -57.58I   *******S  *******S*********S****  ***S*T***               I    -57.58
           I   *******S  *******S*********S***** ***S*T****    *   *     I
           I  ********S  *******S*********S*********S*T****    *   *     I
           I  ********S*********S*********S*********S*T****    *   *     I
     -60.04I  ********S*********S*********S*********S*T****    *T  *     I    -60.04
           I  ********S*********S*********S*********S*T****   S*T  *     I
           I  ********S*********S*********S*********S*T****   S*T  *     I
           I  ********S*********S*********S*********S*T*****  S*T  *     I
     -62.50I *********S*********S*********S*********S*T*****  S*T  *     I    -62.50
           I *********S*********S*********S*********S*T*******S*T* *     I
           I**********S*********S*********S*********S*T*******S*T***     I
           I**********S*********S*********S*********S*T*******S*T****    I
     -64.97I**********S*********S*********S*********S*T*******S*T****    I    -64.97
           I**********S*********S*********S*********S*T*******S*T****    I
           I**********S*********S*********S*********S*T*******S*T****    I
           I**********S*********S*********S*********S*T*******S*T****    I
     -67.43I**********S*********S*********S*********S*T*******S*T****    I    -67.43
           I**********S*********S*********S*********S*T*******S*T****    I
           I**********S*********S*********S*********S*T*******S*T****    I
           I**********S*********S*********S*********S*T*******S*T****    I
     -69.90I**********S*********S*********S*********S*T*******S*T****    I    -69.90
           I**********S*********S*********S*********S*T*******S*T****    I
           I**********S*********S*********S*********S*T*******S*T****    I
           I**********S*********S*********S*********S*T*******S*T****    I
     -72.36I**********S*********S*********S*********S*T*******S*T****    I    -72.36
           I**********S*********S*********S*********S*T*******S*T*****   I
           I**********S*********S*********S*********S*T*******S*T*****   I
           I**********S*********S*********S*********S*T*******S*T*****   I
     -74.82I**********S*********S*********S*********S*T*******S*T*****   I    -74.82
           I**********S*********S*********S*********S*T*******S*T*****   I
           I**********S*********S*********S*********S*T*******S*T*****   I
           I**********S*********S*********S*********S*T*******S*T*****   I
     -77.29I**********S*********S*********S*********S*T*******S*T******  I    -77.29
           I**********S*********S*********S*********S*T*******S*T******  I
           I**********S*********S*********S*********S*T*******S*T******  I
           I**********S*********S*********S*********S*T*******S*T******* I
     -79.75I**********S*********S*********S*********S*T*******S*T*******SI    -79.75
 ++++++++++I+++++++++++++++++++++++++++++++++++++++++++++++++++++++++++++I
            S=SEASONAL FREQUENCIES, T=TRADING DAY FREQUENCIES
        R35 monthly CPI index            PAGE  25, SERIES series
 G 1  10*LOG(SPECTRUM) of the differenced, transformed seasonally adjusted 
      data (Table D11).  Spectrum estimated from 2018.Sep to 2026.Aug.
 ++++++++++I+++++++++++++++++++++++++++++++++++++++++++++++++++++++++++++I
     -35.73I   *                                                         I    -35.73
           I   *                                                         I
           I   *                           *                             I
           I   *                           *                             I
     -36.66I   *                           *              *              I    -36.66
           I   *                     *     *              *              I
           I   *                     *     *              *              I
           I   *                     *     *             **   S          I
     -37.59I   *                     *     **            **   S         SI    -37.59
           I   *                     *     **            **  *S         SI
           I  **                     *     **            **  *S         SI
           I  **                S    *     **            *** *S         SI
     -38.53I  **                S    **    **            *** *S         SI    -38.53
           I  **                S    **    **          ***** *S         SI
           I  **               *S    **   S**          ***** *S         SI
           I  ***              *S   ***   S**          *******S         SI
     -39.46I  ***              *S   ***   S**          *******S         SI    -39.46
           I  ***              *S   ***   S**          *******S         SI
           I  ***        *     *S   ****  S**   *      *******S         SI
           I  ***        *     *S   ****  S**   *      *******S        *SI
     -40.39I  ***        *     *S   ******S**   *     T*******S        *SI    -40.39
           I  ***        *     *S   ******S**   *     T*******S*       *SI
           I  ***        *     *S   ******S**   *     T*******S*       *SI
           I  ***       **     *S   ******S**   *     T*******S*       *SI
     -41.32I  ****      **     *S   ******S***  *     T*******S*       *SI    -41.32
           I  ****      **     *S*  ******S***  *     T*******S*       *SI
           I  ****      ***   **S*  ******S*** **     T*******S*       *SI
           I *****      ***   **S*  ******S*** **     T*******S*       *SI
     -42.26I *****      ***   **S* *******S*** ***    T*******S*       *SI    -42.26
           I ******     ***   **S* *******S*** ***    T*******S*       *SI
           I ******     ***   **S* *******S*******    T*******S*       *SI
           I ******     ****  **S*********S*******    T*******S*      **SI
     -43.19I*******     **** ***S*********S*******    T*******S*      **SI    -43.19
           I*******     ********S*********S*******    T*******S*      **SI
           I*******     ********S*********S*******    T*******S*    ****SI
           I*******     ********S*********S*******   *T*******S*    ****SI
     -44.12I*******     ********S*********S*******   *T*******S*T   ****SI    -44.12
           I*******     ********S*********S*******   *T*******S*T   ****SI
           I*******     ********S*********S*******   *T*******S*T  *****SI
           I********   *********S*********S*******   *T*******S*T  *****SI
     -45.06I********   *********S*********S*******   *T*******S*T  *****SI    -45.06
           I********   *********S*********S********  *T*******S*T  *****SI
           I********   *********S*********S********  *T*******S*T ******SI
           I********   *********S*********S******** S*T*******S*T*******SI
     -45.99I********   *********S*********S******** S*T*******S*T*******SI    -45.99
           I********   *********S*********S******** S*T*******S*T*******SI
           I********   *********S*********S*********S*T*******S*T*******SI
           I********   *********S*********S*********S*T*******S*T*******SI
     -46.92I*********  *********S*********S*********S*T*******S*T*******SI    -46.92
           I*********  *********S*********S*********S*T*******S*T*******SI
           I********* S*********S*********S*********S*T*******S*T*******SI
           I********* S*********S*********S*********S*T*******S*T*******SI
     -47.86I**********S*********S*********S*********S*T*******S*T*******SI    -47.86
 ++++++++++I+++++++++++++++++++++++++++++++++++++++++++++++++++++++++++++I
            S=SEASONAL FREQUENCIES, T=TRADING DAY FREQUENCIES
        R35 monthly CPI index            PAGE  26, SERIES series
 G 2  10*LOG(SPECTRUM) of the Irregular (Table D13).  
      Spectrum estimated from 2018.Sep to 2026.Aug.
 ++++++++++I+++++++++++++++++++++++++++++++++++++++++++++++++++++++++++++I
     -49.97I                          *                                  I    -49.97
           I                          *                                  I
           I                          *                                  I
           I                       *  *                                 SI
     -51.65I                       *  *                                 SI    -51.65
           I                       *  *                                 SI
           I                       *  *                                 SI
           I                       * **                                 SI
     -53.32I                      ** **                                 SI    -53.32
           I                      ** ***                                SI
           I                  *   ******     *                          SI
           I                  *   ******     *                          SI
     -54.99I                  *   ******    **                          SI    -54.99
           I                  **  ******    **                          SI
           I                  **  ******    **                          SI
           I         *        **  *******   **                          SI
     -56.66I         *        **  ********S***                          SI    -56.66
           I         *        **  ********S***                          SI
           I         *        ** *********S***                          SI
           I         *        ** *********S***    *                     SI
     -58.33I         *        **S*********S***    *                     SI    -58.33
           I         *        **S*********S***    *   T*                SI
           I         *        **S*********S***    *   T*                SI
           I         *S   *  ***S*********S****   *   T**               SI
     -60.00I         *S  **  ***S*********S****   **  T***              SI    -60.00
           I         *S  **  ***S*********S****   **  T***              SI
           I         *S  **  ***S*********S****  *** *T***              SI
           I   *     *S  **  ***S*********S****  *** *T***              SI
     -61.67I   *    **S  *** ***S*********S****  ***S*T***    S         SI    -61.67
           I   *    **S  *******S*********S****  ***S*T***    S         SI
           I   *    **S*********S*********S***** ***S*T***    S         SI
           I   *    **S*********S*********S*********S*T***    S*        SI
     -63.35I   *    **S*********S*********S*********S*T***    S*        SI    -63.35
           I   *    **S*********S*********S*********S*T****   S*        SI
           I  **    **S*********S*********S*********S*T****   S*        SI
           I  ***   **S*********S*********S*********S*T****   S*        SI
     -65.02I  ***   **S*********S*********S*********S*T****   S*        SI    -65.02
           I  ***   **S*********S*********S*********S*T****   S*        SI
           I  ***  ***S*********S*********S*********S*T****   S*   *    SI
           I  ***  ***S*********S*********S*********S*T****   S*   *    SI
     -66.69I  ***  ***S*********S*********S*********S*T****  *S*  **    SI    -66.69
           I  **** ***S*********S*********S*********S*T***** *S*  **   *SI
           I *********S*********S*********S*********S*T***** *S*T **   *SI
           I *********S*********S*********S*********S*T***** *S*T **   *SI
     -68.36I *********S*********S*********S*********S*T*******S*T **   *SI    -68.36
           I**********S*********S*********S*********S*T*******S*T***   *SI
           I**********S*********S*********S*********S*T*******S*T***   *SI
           I**********S*********S*********S*********S*T*******S*T****  *SI
     -70.03I**********S*********S*********S*********S*T*******S*T****  *SI    -70.03
           I**********S*********S*********S*********S*T*******S*T****  *SI
           I**********S*********S*********S*********S*T*******S*T****  *SI
           I**********S*********S*********S*********S*T*******S*T**** **SI
     -71.70I**********S*********S*********S*********S*T*******S*T*******SI    -71.70
 ++++++++++I+++++++++++++++++++++++++++++++++++++++++++++++++++++++++++++I
            S=SEASONAL FREQUENCIES, T=TRADING DAY FREQUENCIES
        R35 monthly CPI index            PAGE  27, SERIES series

  Peak probabilities for Tukey spectrum estimator
  Spectrum estimated from 2018.Sep to 2026.Aug.

                                          S1       S2       S3       S4       S5       S6       TD
                                        ------   ------   ------   ------   ------   ------   ------
  Model Residuals                        0.693    0.206    0.928*   0.004    0.817    0.095    0.503  
  Prior Adjusted Series (Table B1)       0.102    0.496    0.211    0.561    0.786    0.677    0.732  
  Seasonally adjusted series (D11)       0.515    0.894    0.558    0.084    0.620    0.805    0.467  
  Irregular (D13)                        0.422    0.524    0.058    0.365    0.966*   1.000**  0.802  
  ----------
     ** - Peak Probability > 0.99,
      * - 0.90 < Peak Probability < 0.99



  NP statistic for residual seasonality:

  NP statistic for residual seasonality (Full series)
                                                  Residual Seasonality?
  log(Seasonally Adjusted Series)                          no
  log(Seasonally Adjusted Series (EV adj))                 no

  NP statistic for residual seasonality (Series start in 2018.Sep)
                                                  Residual Seasonality?
  log(Seasonally Adjusted Series)                          no
  log(Seasonally Adjusted Series (EV adj))                 no
