  Reading input spec file from series.spc

1

               U. S. Department of Commerce, U. S. Census Bureau

              X-13ARIMA-SEATS monthly seasonal adjustment Method,
                          Release Version 1.1 Build 62


           This software application provides an enhanced version of
             Statistics Canada's X-11-ARIMA extension (Dagum, 1980)
                 of the X-11 variant of the Census Method II of
                      Shiskin, Young and Musgrave (1967).

            It also provides an ARIMA model-based method following
       Hillmer and Tiao (1982) and Burman (1980) that is very similar
       to the update of the method of SEATS (Gomez and Maravall, 1996)
                produced at the Bank of Spain by G. Caporello and
               A. Maravall for TSW (Caporello and Maravall, 2004).
          The present application includes additional enhancements.

         X-13ARIMA-SEATS includes an automatic ARIMA model selection procedure
          based largely on the procedure of Gomez and Maravall (1998)
            as implemented in TRAMO (1996) and subsequent revisions.

              Primary Programmers: Brian Monsell, Mark Otto and,
                 for the ARIMA model-based signal extraction,
                      Gianluca Caporello and Victor Gomez


     Series Title- R35 monthly CPI index
     Series Name- series
     Sep 22, 2026  22.39.33 

        -Period covered-  1st month,2015 to  7th month,2026
        -Type of run - multiplicative seasonal adjustment

        -Sigma limits for graduating extreme values are  1.5 and  2.5 .
        -3x3 moving average used in section 1 of each iteration, 
         3x5 moving average in section 2 of iterations B and C,
         moving average for final seasonal factors chosen by Global MSR.
        -Spectral plots generated for selected series
        -Spectral plots generated for series starting in 2018.Aug

 FILE SAVE REQUESTS (* indicates file exists and will be overwritten)
  series.d10  final seasonal factors
  series.d11  final seasonally adjusted data
  series.d12  final trend cycle
  series.d13  final irregular component
  series.out  program output file
  series.err  program error file
  series.udg  seasonal adjustment and model diagnostics file
        R35 monthly CPI index            PAGE   1, SERIES series

     Contents of spc file series.spc

 Line #
 ------
      1: series { title="R35 monthly CPI index" start=2015.1 period=12 data=(
      2: 99.599999999999994 99.400000000000006 99.5 99.799999999999997 100 99.400000000000006
      3: 99.099999999999994 99.5 99.5 100.3 101.3 102.59999999999999
      4: 102.8 102.5 102.3 102.8 103 103.59999999999999
      5: 102.7 102.7 102.90000000000001 103.8 104 104
      6: 104.09999999999999 102.7 101.5 101.3 100.7 100.3
      7: 99.700000000000003 99.299999999999997 99.099999999999994 99.099999999999994 97.900000000000006 98
      8: 98.700000000000003 98.099999999999994 98.400000000000006 98.299999999999997 98.299999999999997 98.200000000000003
      9: 98.599999999999994 97.799999999999997 97.900000000000006 98.900000000000006 99.599999999999994 99.099999999999994
     10: 99.400000000000006 100.3 101.2 100.8 100.7 100.8
     11: 100.90000000000001 100.59999999999999 101 101.3 100.7 100.7
     12: 101.09999999999999 100.59999999999999 100.3 99.599999999999994 100.7 101.2
     13: 100.90000000000001 101.09999999999999 101.7 102.09999999999999 102.09999999999999 103.2
     14: 102.59999999999999 102.09999999999999 102.3 102 103.09999999999999 102.90000000000001
     15: 102.90000000000001 103 103.3 103.90000000000001 104.7 104.59999999999999
     16: 105.2 105.7 106.40000000000001 108.40000000000001 108.7 109
     17: 109.7 110.5 111.3 111.8 112.3 112.90000000000001
     18: 112.90000000000001 113 112.5 112.59999999999999 112.8 112.8
     19: 112.8 112.8 113.2 113.59999999999999 113.2 113.40000000000001
     20: 112.90000000000001 112.90000000000001 113.3 113.59999999999999 113.59999999999999 114.59999999999999
     21: 114.8 115.5 115.59999999999999 115 115.09999999999999 114.40000000000001
     22: 114.09999999999999 114.2 114.09999999999999 113.90000000000001 113.7 113.7
     23: 113.3 113.3 113.5 113.7 113.59999999999999 114
     24: 115.5 114.7 114.7 114.40000000000001 114.09999999999999 113.7
     25: 114.2
     26: ) }
     27: transform { function=log }
     28: automdl { }
     29: outlier { types=(ao ls tc) }
     30: x11 { mode=mult save=(d10 d11 d12 d13) appendfcst=no appendbcst=no savelog=all }
     31: spectrum { logqs=yes robustsa=no print=all savelog=all }
     32: check { }
        R35 monthly CPI index            PAGE   2, SERIES series

 A 1  Time series data (for the span analyzed)
  From  2015.Jan to 2026.Jul
  Observations        139
 -----------------------------------------------------------------------------
               Jan      Feb      Mar      Apr      May      Jun 
               Jul      Aug      Sep      Oct      Nov      Dec        TOTAL  
 -----------------------------------------------------------------------------
  2015         100.      99.     100.     100.     100.      99.
                99.     100.     100.     100.     101.     103.         1200.
 
  2016         103.     103.     102.     103.     103.     104.
               103.     103.     103.     104.     104.     104.         1237.
 
  2017         104.     103.     102.     101.     101.     100.
               100.      99.      99.      99.      98.      98.         1204.
 
  2018          99.      98.      98.      98.      98.      98.
                99.      98.      98.      99.     100.      99.         1182.
 
  2019          99.     100.     101.     101.     101.     101.
               101.     101.     101.     101.     101.     101.         1208.
 
  2020         101.     101.     100.     100.     101.     101.
               101.     101.     102.     102.     102.     103.         1215.
 
  2021         103.     102.     102.     102.     103.     103.
               103.     103.     103.     104.     105.     105.         1237.
 
  2022         105.     106.     106.     108.     109.     109.
               110.     111.     111.     112.     112.     113.         1312.
 
  2023         113.     113.     113.     113.     113.     113.
               113.     113.     113.     114.     113.     113.         1356.
 
  2024         113.     113.     113.     114.     114.     115.
               115.     116.     116.     115.     115.     114.         1371.
 
  2025         114.     114.     114.     114.     114.     114.
               113.     113.     114.     114.     114.     114.         1365.
 
  2026         116.     115.     115.     114.     114.     114.
               114.                                                       801.
 
  AVGE         106.     106.     106.     106.     106.     106.
               106.     105.     105.     106.     106.     106.

  Table Total-     14688.30   Mean-     105.67   Std. Dev.-       6.13
                              Min -      97.80        Max -     115.60
        R35 monthly CPI index            PAGE   3, SERIES series
                        Automatic ARIMA Model Selection

                    Procedure based closely on TRAMO method 
                         of Gomez and Maravall (2000)
              "Automatic Modeling Methods for Univariate Series",
                            A Course in Time Series
                  (Edited by D. Pena, G. C. Tiao, R. S. Tsay),
                         New York : J. Wiley and Sons


     Maximum order for regular ARMA parameters :   2
     Maximum order for seasonal ARMA parameters :   1
     Maximum order for regular differencing :   2
     Maximum order for seasonal differencing :   1

   Results of Unit Root Test for identifying orders of differencing:
     Regular difference order :   1
     Seasonal difference order :   0

     Mean is not significant.

  Automatic model choice : (1 1 0)
   Model changed to 
   ( 0, 1, 1) ( 0, 1, 1)


  Final Checks for Identified Model


  Checking for Unit Roots.
   No unit roots found.

  Checking for nonseasonal overdifferencing.
   Nonseasonal MA not within  0.001 of 1.0 - model passes test.

  Checking for insignificant ARMA coefficients.

  Final automatic model choice : (0 1 1)(0 1 1)
   End of automatic model selection procedure.

 Average absolute percentage error in within-sample forecasts:
  Last year:   0.45      Last-1 year:   1.93     Last-2 year:   0.99
  Last three years:    1.12

 Estimation converged in   19 ARMA iterations,   58 function evaluations.

 ARIMA Model:  (0 1 1)(0 1 1)
   Nonseasonal differences: 1
   Seasonal differences:    1
                                              Standard
 Parameter                    Estimate          Errors
 -----------------------------------------------------
 Nonseasonal MA                                    
   Lag  1                      -0.1773         0.07888

 Seasonal MA                                       
   Lag 12                       0.9994         0.06643

 Variance                       0.25949E-04
 SE of Var                      0.32692E-05
 -----------------------------------------------------

 Likelihood Statistics
 ------------------------------------------------------------------
 Number of observations (nobs)                                  139
 Effective number of observations (nefobs)                      126
 Number of parameters estimated (np)                              3
 Log likelihood                                            471.8274
 Transformation Adjustment                                -587.6612
 Adjusted Log likelihood (L)                              -115.8338
 AIC                                                       237.6676 
 AICC (F-corrected-AIC)                                    237.8643 
 Hannan Quinn                                              241.1244 
 BIC                                                       246.1764 
 ------------------------------------------------------------------


 DIAGNOSTIC CHECKING
  Sample Autocorrelations of the Residuals with the Ljung-Box diagnostic.

  Lag      1     2     3     4     5     6     7     8     9    10    11    12
  ACF  -0.02  0.07  0.16  0.13  0.10  0.06  0.06  0.06  0.01  0.01  0.11 -0.04
  SE    0.09  0.09  0.09  0.09  0.09  0.09  0.09  0.09  0.10  0.10  0.10  0.10
  Q     0.04  0.69  4.01  6.38  7.84  8.33  8.85  9.40  9.42  9.44 10.99 11.26
  DF       0     0     1     2     3     4     5     6     7     8     9    10
  P    0.000 0.000 0.045 0.041 0.049 0.080 0.115 0.152 0.224 0.306 0.276 0.337

  Lag     13    14    15    16    17    18    19    20    21    22    23    24
  ACF  -0.15  0.08 -0.05  0.03 -0.05  0.06  0.04 -0.06  0.01 -0.01  0.05 -0.14
  SE    0.10  0.10  0.10  0.10  0.10  0.10  0.10  0.10  0.10  0.10  0.10  0.10
  Q    14.61 15.63 15.97 16.09 16.46 16.94 17.14 17.60 17.64 17.64 18.05 21.34
  DF      11    12    13    14    15    16    17    18    19    20    21    22
  P    0.201 0.209 0.251 0.308 0.352 0.390 0.445 0.482 0.547 0.611 0.646 0.500

  The P-values approximate the probability of observing a Q-value at least
  this large when the model fitted is correct.  When DF is positive, small
  values of P, customarily those below 0.05, indicate model inadequacy.

  Sample Autocorrelations of the Residuals
                 -1.0 -0.8 -0.6 -0.4 -0.2  0.0  0.2  0.4  0.6  0.8  1.0
                   +----+----+----+----+----+----+----+----+----+----+
            1                           .   |   .                     -0.017
            2                           .   |XX .                      0.071
            3                           .   |XXXX                      0.159
            4                          .    |XXX .                     0.134
            5                          .    |XXX .                     0.105
            6                          .    |XX  .                     0.061
            7                          .    |XX  .                     0.061
            8                          .    |XX  .                     0.064
            9                          .    |    .                     0.014
           10                          .    |    .                     0.011
           11                          .    |XXX .                     0.105
           12       - - - - - - - - -  .   X|    .  - - - - - - - -   -0.043
           13                          .XXXX|    .                    -0.153
           14                          .    |XX  .                     0.084
           15                          .   X|    .                    -0.048
           16                          .    |X   .                     0.029
           17                          .   X|    .                    -0.050
           18                          .    |X   .                     0.057
           19                          .    |X   .                     0.036
           20                          .   X|    .                    -0.055
           21                          .    |    .                     0.015
           22                          .    |    .                    -0.006
           23                          .    |X   .                     0.051
           24       - - - - - - - - -  .XXXX|    .  - - - - - - - -   -0.144
  
  Sample Autocorrelations of the Squared Residuals with the Ljung-Box diagnostic.

  Lag      1     2     3     4     5     6     7     8     9    10    11    12
  ACF   0.01 -0.02 -0.04  0.02 -0.05 -0.05 -0.06  0.04  0.03 -0.13  0.07 -0.09
  SE    0.09  0.09  0.09  0.09  0.09  0.09  0.09  0.09  0.09  0.09  0.09  0.09
  Q     0.02  0.08  0.34  0.37  0.77  1.11  1.57  1.74  1.89  4.37  5.08  6.29
  DF       0     0     1     2     3     4     5     6     7     8     9    10
  P    0.000 0.000 0.561 0.831 0.856 0.892 0.905 0.942 0.966 0.822 0.827 0.791

  Lag     13    14    15    16    17    18    19    20    21    22    23    24
  ACF   0.01 -0.09  0.16  0.04 -0.05 -0.07 -0.01 -0.11  0.07 -0.00  0.11  0.06
  SE    0.09  0.09  0.09  0.10  0.10  0.10  0.10  0.10  0.10  0.10  0.10  0.10
  Q     6.31  7.53 11.28 11.51 11.93 12.61 12.63 14.44 15.11 15.11 17.04 17.58
  DF      11    12    13    14    15    16    17    18    19    20    21    22
  P    0.852 0.820 0.587 0.646 0.684 0.701 0.761 0.700 0.715 0.770 0.709 0.731

  The P-values approximate the probability of observing a Q-value at least
  this large when the model fitted is correct in a way that supports the
  standard interpretations of the test statistics, standard errors, and
  prediction intervals output by X-13ARIMA-SEATS. When DF is positive, small
  values of P, customarily those below 0.05, suggest that model-based
  inferences about statistical significance and uncertainty will be less
  dependable than usual.

  Sample Autocorrelations of the Squared Residuals
                 -1.0 -0.8 -0.6 -0.4 -0.2  0.0  0.2  0.4  0.6  0.8  1.0
                   +----+----+----+----+----+----+----+----+----+----+
            1                           .   |   .                      0.012
            2                           .  X|   .                     -0.022
            3                           .  X|   .                     -0.044
            4                           .   |   .                      0.016
            5                           .  X|   .                     -0.055
            6                           .  X|   .                     -0.050
            7                           .  X|   .                     -0.058
            8                          .    |X   .                     0.036
            9                          .    |X   .                     0.032
           10                          . XXX|    .                    -0.134
           11                          .    |XX  .                     0.071
           12       - - - - - - - - -  .  XX|    .  - - - - - - - -   -0.092
           13                          .    |    .                     0.011
           14                          .  XX|    .                    -0.092
           15                          .    |XXXX.                     0.161
           16                          .    |X   .                     0.039
           17                          .   X|    .                    -0.053
           18                          .  XX|    .                    -0.068
           19                          .    |    .                    -0.010
           20                          . XXX|    .                    -0.109
           21                          .    |XX  .                     0.066
           22                          .    |    .                    -0.002
           23                          .    |XXX .                     0.111
           24       - - - - - - - - -  .    |X   .  - - - - - - - -    0.058
  
 Histogram of the Standardized and Mean-Centered Residuals
  Standard
  Deviations    Frequency
       -3 +
          |##
       -2 +######
          |######
       -1 +##########
          |######################
        0 +############################
          |######################
        1 +############
          |###########
        2 +##
          |####
        3 +

  Outlier [#

  One '#'= 1 observation[s]

 Tabular Histogram of the Standardized and Mean-Centered Residuals

  Standard
  Deviations    Frequency

 -3.00                 0

 -2.50                 2

 -2.00                 6

 -1.50                 6

 -1.00                10

 -0.50                22

  0.00                28

  0.50                22

  1.00                12

  1.50                11

  2.00                 2

  2.50                 4

  3.00                 0

  Residuals with |t|>3.25

  Obs       t-value
  -----------------
  2021.Mar     3.95

 Summary Statistics for the Unstandardized Residuals
  Minimum                    -0.012
  Maximum                     0.017
  Median                     -0.000
  Robust Std Dev              0.004

 Normality Statistics for regARIMA Model Residuals:

    Number of residuals  :    126

    Skewness coefficient :    0.2295    
    Geary's a            :    0.7623    
    Kurtosis             :    3.7140    

  No indication of lack of normality.

 Durbin-Watson Statistic for regARIMA Model Residuals:
  dw =     2.022543

 Friedman Non-Parametric Test for regARIMA Model Residuals:
  ken =     2.938462 ( Asymptotically distributed as Chi-Square(11), P-Value =     0.991514 )

 QS Statistic for regARIMA Model Residuals (full series):             0.00
                                                       (P-Value =     1.0000)

 QS Statistic for regARIMA Model Residuals (starting 2018.Aug):       0.00
                                                       (P-Value =     1.0000)
      10*LOG(SPECTRUM) of the regARIMA model residuals
      Spectrum estimated from 2018.Aug to 2026.Jul.
 ++++++++++I+++++++++++++++++++++++++++++++++++++++++++++++++++++++++++++I
     -40.90I                                                             I    -40.90
           I                                           *                 I
           I                                           *                 I
           I                                           *                 I
     -42.08I                                *          *                 I    -42.08
           I  *                             *          *                 I
           I  *                             *          *                 I
           I  *   *                         **         *        T        I
     -43.27I  *   *                         **         *  *     T        I    -43.27
           I  *   *                *       ***         *  *     T        I
           I  *   *                *       ***         *  *     T*       I
           I  *   *                *       ***         *  *     T*       I
     -44.46I  *   *                *       ***         *  *     T*       I    -44.46
           I  *   *               **       ***         *  *     T*       I
           I  *   *      *        **       ***         *  *    *T*       I
           I  *   *      *        **  *    ***         *  *    *T*       I
     -45.65I  *   *      *        **  *    ****       T*  *    *T*       I    -45.65
           I **   *      *        *****    ****       T*  **   *T*     * I
           I **  **      *        *****    ****       T* ***   *T*    ** I
           I *** **      *        *****    ****       T*****   *T*    ** I
     -46.83I *** **      *        *****    ****  *    T*****   *T*    **SI    -46.83
           I *** **      *        *****    ****  *    T*****   *T*    **SI
           I *** ***     *        *****   S****  *    T*****   *T**   **SI
           I *** ***     **       *****   S****  **   T*****  S*T**   **SI
     -48.02I**** ***     **       ******  S***** **   T*****  S*T**   **SI    -48.02
           I********     **      *******  S********   T*****  S*T**   **SI
           I********     **      *******  S********   T*****  S*T**   **SI
           I********     **      *******  S********   T*****  S*T**   **SI
     -49.21I********    ***      *******  S********   T****** S*T**  ***SI    -49.21
           I********  S ***      *******  S********   T*******S*T**  ***SI
           I********  S****      ******* *S********   T*******S*T**  ***SI
           I**********S****     S*********S********   T*******S*T*** ***SI
     -50.39I**********S****     S*********S********   T*******S*T*** ***SI    -50.39
           I**********S****     S*********S********* *T*******S*T*******SI
           I**********S****     S*********S********* *T*******S*T*******SI
           I**********S****     S*********S********* *T*******S*T*******SI
     -51.58I**********S****     S*********S********* *T*******S*T*******SI    -51.58
           I**********S****     S*********S*********S*T*******S*T*******SI
           I**********S****    *S*********S*********S*T*******S*T*******SI
           I**********S****    *S*********S*********S*T*******S*T*******SI
     -52.77I**********S****    *S*********S*********S*T*******S*T*******SI    -52.77
           I**********S****    *S*********S*********S*T*******S*T*******SI
           I**********S****    *S*********S*********S*T*******S*T*******SI
           I**********S*****   *S*********S*********S*T*******S*T*******SI
     -53.96I**********S*****   *S*********S*********S*T*******S*T*******SI    -53.96
           I**********S*****   *S*********S*********S*T*******S*T*******SI
           I**********S*****   *S*********S*********S*T*******S*T*******SI
           I**********S*****  **S*********S*********S*T*******S*T*******SI
     -55.14I**********S*****  **S*********S*********S*T*******S*T*******SI    -55.14
           I**********S*****  **S*********S*********S*T*******S*T*******SI
           I**********S*****  **S*********S*********S*T*******S*T*******SI
           I**********S*****  **S*********S*********S*T*******S*T*******SI
     -56.33I**********S*********S*********S*********S*T*******S*T*******SI    -56.33
 ++++++++++I+++++++++++++++++++++++++++++++++++++++++++++++++++++++++++++I
            S=SEASONAL FREQUENCIES, T=TRADING DAY FREQUENCIES


 FORECASTING
  Origin  2026.Jul
  Number        12

  Forecasts and Standard Errors of the Transformed Data
   ------------------------------
                         Standard
       Date   Forecast      Error
   ------------------------------
   2026.Aug       4.74      0.005
   2026.Sep       4.74      0.008
   2026.Oct       4.75      0.010
   2026.Nov       4.75      0.012
   2026.Dec       4.75      0.013
   2027.Jan       4.75      0.014
   2027.Feb       4.75      0.016
   2027.Mar       4.75      0.017
   2027.Apr       4.75      0.018
   2027.May       4.75      0.019
   2027.Jun       4.75      0.020
   2027.Jul       4.75      0.021
   ------------------------------

  Confidence intervals with coverage probability ( 0.95000
  On the Original Scale
   ---------------------------------------
       Date      Lower  Forecast     Upper
   ---------------------------------------
   2026.Aug     113.24    114.38    115.52
   2026.Sep     112.90    114.66    116.44
   2026.Oct     112.91    115.12    117.37
   2026.Nov     112.63    115.22    117.86
   2026.Dec     112.55    115.46    118.45
   2027.Jan     112.49    115.70    119.00
   2027.Feb     111.99    115.45    119.02
   2027.Mar     111.77    115.48    119.32
   2027.Apr     111.62    115.57    119.65
   2027.May     111.58    115.75    120.07
   2027.Jun     111.44    115.81    120.36
   2027.Jul     111.18    115.75    120.50
   ---------------------------------------
        R35 monthly CPI index            PAGE   4, SERIES series

 B 1  Original series (prior adjusted)
  From  2015.Jan to 2026.Jul
  Observations        139
 -----------------------------------------------------------------------------
               Jan      Feb      Mar      Apr      May      Jun 
               Jul      Aug      Sep      Oct      Nov      Dec        TOTAL  
 -----------------------------------------------------------------------------
  2015         100.      99.      99.     100.     100.      99.
                99.      99.      99.     100.     101.     103.         1200.
 
  2016         103.     103.     102.     103.     103.     104.
               103.     103.     103.     104.     104.     104.         1237.
 
  2017         104.     103.     101.     101.     101.     100.
               100.      99.      99.      99.      98.      98.         1204.
 
  2018          99.      98.      98.      98.      98.      98.
                99.      98.      98.      99.     100.      99.         1182.
 
  2019          99.     100.     101.     101.     101.     101.
               101.     101.     101.     101.     101.     101.         1208.
 
  2020         101.     101.     100.     100.     101.     101.
               101.     101.     102.     102.     102.     103.         1215.
 
  2021         103.     102.     102.     102.     103.     103.
               103.     103.     103.     104.     105.     105.         1237.
 
  2022         105.     106.     106.     108.     109.     109.
               110.     111.     111.     112.     112.     113.         1312.
 
  2023         113.     113.     112.     113.     113.     113.
               113.     113.     113.     114.     113.     113.         1356.
 
  2024         113.     113.     113.     114.     114.     115.
               115.     115.     116.     115.     115.     114.         1371.
 
  2025         114.     114.     114.     114.     114.     114.
               113.     113.     114.     114.     114.     114.         1365.
 
  2026         115.     115.     115.     114.     114.     114.
               114.                                                       801.
 
  AVGE         106.     106.     106.     106.     106.     106.
               106.     105.     105.     106.     106.     106.

  Table Total-     14688.30   Mean-     105.67   Std. Dev.-       6.13
                              Min -      97.80        Max -     115.60

 B 1.A  Forecasts of (prior adjusted) original series
  From  2026.Aug to 2027.Jul
  Observations         12
 -----------------------------------------------------------------------------
               Jan      Feb      Mar      Apr      May      Jun 
               Jul      Aug      Sep      Oct      Nov      Dec        TOTAL  
 -----------------------------------------------------------------------------
  2026                                                          
                        114.     115.     115.     115.     115.          575.
 
  2027         116.     115.     115.     116.     116.     116.
               116.                                                       810.
 
        R35 monthly CPI index            PAGE   5, SERIES series

 C 17  Final weights for irregular component
  From  2015.Jan to 2026.Jul
  Observations        139
  Lower sigma limit    1.50
  Upper sigma limit    2.50
 -----------------------------------------------------------------------------
               Jan      Feb      Mar      Apr      May      Jun 
               Jul      Aug      Sep      Oct      Nov      Dec         S.D.  
 -----------------------------------------------------------------------------
  2015        100.0    100.0    100.0    100.0    100.0    100.0
              100.0    100.0    100.0      0.0    100.0      0.0           0.2
 
  2016        100.0    100.0    100.0    100.0    100.0     18.1
              100.0    100.0    100.0    100.0    100.0     98.4           0.2
 
  2017        100.0    100.0    100.0    100.0    100.0    100.0
              100.0    100.0    100.0    100.0      0.0    100.0           0.2
 
  2018        100.0    100.0    100.0    100.0    100.0    100.0
                0.0    100.0    100.0    100.0      0.0    100.0           0.2
 
  2019          0.0    100.0      0.0    100.0    100.0    100.0
              100.0    100.0    100.0    100.0    100.0    100.0           0.2
 
  2020        100.0    100.0    100.0      0.0    100.0     36.6
              100.0    100.0    100.0    100.0    100.0      0.0           0.2
 
  2021        100.0    100.0    100.0      0.0     82.6    100.0
              100.0    100.0    100.0    100.0      0.0    100.0           0.2
 
  2022        100.0    100.0    100.0      0.0    100.0    100.0
              100.0    100.0    100.0    100.0    100.0    100.0           0.2
 
  2023        100.0    100.0    100.0    100.0    100.0    100.0
              100.0    100.0    100.0     78.1    100.0    100.0           0.2
 
  2024         96.6    100.0    100.0    100.0      0.0    100.0
              100.0      0.0     83.4    100.0    100.0    100.0           0.1
 
  2025        100.0    100.0    100.0    100.0    100.0    100.0
              100.0    100.0    100.0    100.0     38.6    100.0           0.1
 
  2026          0.0    100.0    100.0    100.0    100.0      0.0
              100.0                                                        0.1
 
        R35 monthly CPI index            PAGE   6, SERIES series

 D 8  Final unmodified SI ratios
  From  2015.Jan to 2026.Jul
  Observations        139
 -----------------------------------------------------------------------------
               Jan      Feb      Mar      Apr      May      Jun 
               Jul      Aug      Sep      Oct      Nov      Dec         AVGE  
 -----------------------------------------------------------------------------
  2015        100.9    100.2    100.0    100.0    100.1     99.6
               99.2     99.5     99.2     99.7    100.4    101.3         100.0
 
  2016        101.1    100.4     99.8    100.0     99.9    100.3
               99.4     99.3     99.4    100.2    100.3    100.5         100.0
 
  2017        101.0    100.2     99.7    100.1     99.9     99.9
               99.6     99.5     99.7    100.2     99.5     99.9          99.9
 
  2018        100.7    100.0    100.2    100.0    100.0     99.9
              100.4     99.6     99.6    100.3    100.7     99.8         100.1
 
  2019         99.7    100.2    100.8    100.1     99.9     99.9
               99.9     99.6    100.0    100.3     99.8     99.9         100.0
 
  2020        100.4    100.0     99.8     99.1    100.1    100.3
               99.8     99.7    100.1    100.2    100.1    101.0         100.1
 
  2021        100.3     99.7     99.8     99.4    100.3    100.0
               99.9     99.9    100.0    100.3    100.7    100.1         100.0
 
  2022        100.1     99.8     99.6    100.7    100.2     99.9
               99.9    100.0    100.2    100.2    100.1    100.2         100.1
 
  2023        100.0    100.0     99.6     99.8    100.0    100.0
              100.0     99.9    100.2    100.5    100.1    100.3         100.0
 
  2024         99.8     99.7     99.9     99.8     99.5    100.0
               99.9    100.4    100.4    100.0    100.3     99.9         100.0
 
  2025         99.8    100.0    100.0     99.9     99.9    100.0
               99.8     99.9    100.1    100.2     99.9    100.0         100.0
 
  2026        101.0    100.2    100.1     99.9     99.8     99.4
               99.8                                                      100.0
 
  AVGE        100.4    100.0     99.9     99.9    100.0     99.9
               99.8     99.8     99.9    100.2    100.2    100.3

  Table Total-     13903.13   Mean-     100.02   Std. Dev.-       0.38
                              Min -      99.09        Max -     101.33
        R35 monthly CPI index            PAGE   7, SERIES series

 D 8.B  Final unmodified SI ratios, with labels for outliers and extreme values
  From  2015.Jan to 2026.Jul
  Observations        139
 ---------------------------------------------------------------------
               Jan       Feb       Mar       Apr       May       Jun  
               Jul       Aug       Sep       Oct       Nov       Dec  
 ---------------------------------------------------------------------
  2015       100.9     100.2     100.0     100.0     100.1      99.6  
              99.2      99.5      99.2      99.7*    100.4     101.3* 
 
  2016       101.1     100.4      99.8     100.0      99.9     100.3* 
              99.4      99.3      99.4     100.2     100.3     100.5* 
 
  2017       101.0     100.2      99.7     100.1      99.9      99.9  
              99.6      99.5      99.7     100.2      99.5*     99.9  
 
  2018       100.7     100.0     100.2     100.0     100.0      99.9  
             100.4*     99.6      99.6     100.3     100.7*     99.8  
 
  2019        99.7*    100.2     100.8*    100.1      99.9      99.9  
              99.9      99.6     100.0     100.3      99.8      99.9  
 
  2020       100.4     100.0      99.8      99.1*    100.1     100.3* 
              99.8      99.7     100.1     100.2     100.1     101.0* 
 
  2021       100.3      99.7      99.8      99.4*    100.3*    100.0  
              99.9      99.9     100.0     100.3     100.7*    100.1  
 
  2022       100.1      99.8      99.6     100.7*    100.2      99.9  
              99.9     100.0     100.2     100.2     100.1     100.2  
 
  2023       100.0     100.0      99.6      99.8     100.0     100.0  
             100.0      99.9     100.2     100.5*    100.1     100.3  
 
  2024        99.8*     99.7      99.9      99.8      99.5*    100.0  
              99.9     100.4*    100.4*    100.0     100.3      99.9  
 
  2025        99.8     100.0     100.0      99.9      99.9     100.0  
              99.8      99.9     100.1     100.2      99.9*    100.0  
 
  2026       101.0*    100.2     100.1      99.9      99.8      99.4* 
              99.8                                                    
 

  Key to symbols:
    *  : extreme value as determined by X-11 extreme value procedure
 
        R35 monthly CPI index            PAGE   8, SERIES series

 D 9  Final replacement values for SI ratios
  From  2015.Jan to 2026.Jul
  Observations        139
 ---------------------------------------------------------------
               Jan      Feb      Mar      Apr      May      Jun 
               Jul      Aug      Sep      Oct      Nov      Dec 
 ---------------------------------------------------------------
  2015     ******** ******** ******** ******** ******** ********
           ******** ******** ********    100.3 ********    100.2
 
  2016     ******** ******** ******** ******** ********     99.9
           ******** ******** ******** ******** ********    100.5
 
  2017     ******** ******** ******** ******** ******** ********
           ******** ******** ******** ********    100.1 ********
 
  2018     ******** ******** ******** ******** ******** ********
               99.8 ******** ******** ********    100.1 ********
 
  2019        100.6 ********     99.9 ******** ******** ********
           ******** ******** ******** ******** ******** ********
 
  2020     ******** ******** ********     99.9 ********    100.1
           ******** ******** ******** ******** ********    100.1
 
  2021     ******** ******** ********     99.9    100.2 ********
           ******** ******** ******** ********    100.1 ********
 
  2022     ******** ******** ********     99.9 ******** ********
           ******** ******** ******** ******** ******** ********
 
  2023     ******** ******** ******** ******** ******** ********
           ******** ******** ********    100.4 ******** ********
 
  2024         99.8 ******** ******** ********     99.9 ********
           ********    100.0    100.4 ******** ******** ********
 
  2025     ******** ******** ******** ******** ******** ********
           ******** ******** ******** ********    100.1 ********
 
  2026        100.1 ******** ******** ******** ********    100.0
           ********                                             
 

 D 9.A  Moving seasonality ratio
 ---------------------------------------------------------------
               Jan      Feb      Mar      Apr      May      Jun 
 ---------------------------------------------------------------
   I          0.107    0.162    0.162    0.092    0.095    0.114
   S          0.104    0.040    0.029    0.019    0.027    0.022
 RATIO        1.026    4.046    5.503    4.934    3.526    5.295



 ---------------------------------------------------------------
               Jul      Aug      Sep      Oct      Nov      Dec 
 ---------------------------------------------------------------
   I          0.087    0.100    0.180    0.145    0.135    0.171
   S          0.048    0.055    0.084    0.020    0.034    0.018
 RATIO        1.835    1.805    2.133    7.436    3.959    9.488



        R35 monthly CPI index            PAGE   9, SERIES series

 D 10  Final seasonal factors
  From  2015.Jan to 2026.Jul
  Observations        139
  Seasonal filter    3 x 5 moving average
 -----------------------------------------------------------------------------
               Jan      Feb      Mar      Apr      May      Jun 
               Jul      Aug      Sep      Oct      Nov      Dec         AVGE  
 -----------------------------------------------------------------------------
  2015       100.97   100.26    99.89   100.02   100.00    99.82
              99.46    99.47    99.48   100.25   100.26   100.15        100.00
 
  2016       100.93   100.24    99.90   100.02    99.99    99.83
              99.51    99.48    99.52   100.26   100.23   100.12        100.00
 
  2017       100.86   100.21    99.90   100.02    99.97    99.87
              99.59    99.51    99.61   100.27   100.17   100.08        100.00
 
  2018       100.76   100.14    99.89   100.01    99.97    99.90
              99.68    99.57    99.74   100.28   100.11   100.04        100.01
 
  2019       100.62   100.06    99.87    99.99   100.01    99.94
              99.77    99.65    99.87   100.28   100.07   100.03        100.01
 
  2020       100.45    99.98    99.83    99.96   100.05    99.94
              99.83    99.75    99.98   100.29   100.05   100.06        100.01
 
  2021       100.29    99.92    99.78    99.92   100.08    99.95
              99.87    99.83   100.08   100.26   100.08   100.11        100.01
 
  2022       100.14    99.89    99.75    99.88   100.07    99.97
              99.89    99.89   100.14   100.24   100.11   100.12        100.01
 
  2023       100.03    99.88    99.79    99.87   100.03    99.98
              99.89    99.93   100.16   100.20   100.13   100.12        100.00
 
  2024        99.99    99.93    99.85    99.87    99.96    99.98
              99.88    99.93   100.15   100.18   100.13   100.10        100.00
 
  2025        99.99    99.97    99.92    99.89    99.91    99.98
              99.85    99.91   100.14   100.16   100.14   100.08         99.99
 
  2026       100.01   100.01    99.98    99.90    99.88    99.97
              99.82                                                      99.94
 
  AVGE       100.42   100.04    99.86    99.95    99.99    99.93
              99.75    99.72    99.90   100.24   100.13   100.09

  Table Total-     13900.23   Mean-     100.00   Std. Dev.-       0.25
                              Min -      99.46        Max -     100.97

 D 10.A  Final seasonal component forecasts
  From  2026.Aug to 2027.Jul
  Observations         12
 -----------------------------------------------------------------------------
               Jan      Feb      Mar      Apr      May      Jun 
               Jul      Aug      Sep      Oct      Nov      Dec         AVGE  
 -----------------------------------------------------------------------------
  2026                                                          
                       99.90   100.13   100.15   100.14   100.06        100.08
 
  2027       100.03   100.02   100.01    99.91    99.86    99.96
              99.79                                                      99.94
 
        R35 monthly CPI index            PAGE  10, SERIES series

 D 11  Final seasonally adjusted data
  From  2015.Jan to 2026.Jul
  Observations        139
 -----------------------------------------------------------------------------
               Jan      Feb      Mar      Apr      May      Jun 
               Jul      Aug      Sep      Oct      Nov      Dec        TOTAL  
 -----------------------------------------------------------------------------
  2015          99.      99.     100.     100.     100.     100.
               100.     100.     100.     100.     101.     102.         1200.
 
  2016         102.     102.     102.     103.     103.     104.
               103.     103.     103.     104.     104.     104.         1237.
 
  2017         103.     102.     102.     101.     101.     100.
               100.     100.      99.      99.      98.      98.         1204.
 
  2018          98.      98.      99.      98.      98.      98.
                99.      98.      98.      99.      99.      99.         1182.
 
  2019          99.     100.     101.     101.     101.     101.
               101.     101.     101.     101.     101.     101.         1208.
 
  2020         101.     101.     100.     100.     101.     101.
               101.     101.     102.     102.     102.     103.         1214.
 
  2021         102.     102.     103.     102.     103.     103.
               103.     103.     103.     104.     105.     104.         1237.
 
  2022         105.     106.     107.     109.     109.     109.
               110.     111.     111.     112.     112.     113.         1312.
 
  2023         113.     113.     113.     113.     113.     113.
               113.     113.     113.     113.     113.     113.         1356.
 
  2024         113.     113.     113.     114.     114.     115.
               115.     116.     115.     115.     115.     114.         1371.
 
  2025         114.     114.     114.     114.     114.     114.
               113.     113.     113.     114.     113.     114.         1365.
 
  2026         115.     115.     115.     115.     114.     114.
               114.                                                       802.
 
  AVGE         105.     105.     106.     106.     106.     106.
               106.     105.     105.     106.     106.     106.

  Table Total-     14688.11   Mean-     105.67   Std. Dev.-       6.13
                              Min -      97.73        Max -     115.58
        R35 monthly CPI index            PAGE  11, SERIES series

 D 12  Final trend cycle
  From  2015.Jan to 2026.Jul
  Observations        139
  Trend filter     9-term Henderson moving average
  I/C ratio        0.57
 -----------------------------------------------------------------------------
               Jan      Feb      Mar      Apr      May      Jun 
               Jul      Aug      Sep      Oct      Nov      Dec        TOTAL  
 -----------------------------------------------------------------------------
  2015          99.      99.     100.     100.     100.     100.
               100.     100.     100.     101.     101.     101.         1200.
 
  2016         102.     102.     102.     103.     103.     103.
               103.     103.     103.     104.     104.     104.         1236.
 
  2017         103.     103.     102.     101.     101.     100.
               100.     100.      99.      99.      98.      98.         1204.
 
  2018          98.      98.      98.      98.      98.      98.
                98.      98.      98.      99.      99.      99.         1181.
 
  2019         100.     100.     100.     101.     101.     101.
               101.     101.     101.     101.     101.     101.         1208.
 
  2020         101.     101.     101.     101.     101.     101.
               101.     101.     102.     102.     102.     102.         1214.
 
  2021         102.     102.     102.     103.     103.     103.
               103.     103.     103.     104.     104.     104.         1237.
 
  2022         105.     106.     107.     108.     108.     109.
               110.     111.     111.     112.     112.     113.         1311.
 
  2023         113.     113.     113.     113.     113.     113.
               113.     113.     113.     113.     113.     113.         1355.
 
  2024         113.     113.     113.     114.     114.     115.
               115.     115.     115.     115.     115.     114.         1371.
 
  2025         114.     114.     114.     114.     114.     114.
               114.     113.     113.     113.     114.     114.         1366.
 
  2026         114.     115.     115.     115.     114.     114.
               114.                                                       801.
 
  AVGE         105.     105.     106.     106.     106.     106.
               106.     105.     105.     106.     106.     106.

  Table Total-     14684.99   Mean-     105.65   Std. Dev.-       6.12
                              Min -      97.97        Max -     115.18
        R35 monthly CPI index            PAGE  12, SERIES series

 D 13  Final irregular component
  From  2015.Jan to 2026.Jul
  Observations        139
 -----------------------------------------------------------------------------
               Jan      Feb      Mar      Apr      May      Jun 
               Jul      Aug      Sep      Oct      Nov      Dec         S.D.  
 -----------------------------------------------------------------------------
  2015         99.9    100.0    100.1    100.0    100.2     99.8
               99.9    100.1     99.8     99.5    100.1    101.0           0.3
 
  2016        100.0    100.1     99.9    100.0    100.0    100.6
               99.9     99.9    100.0     99.9    100.0    100.2           0.2
 
  2017        100.0    100.0     99.8    100.1    100.0    100.0
              100.0    100.0    100.1    100.0     99.4     99.9           0.2
 
  2018        100.0     99.9    100.3     99.9    100.0    100.0
              100.7    100.0     99.8    100.1    100.7     99.8           0.3
 
  2019         99.1    100.1    100.8    100.1     99.9    100.0
              100.1     99.9    100.1    100.1     99.8    100.0           0.4
 
  2020        100.0    100.1    100.0     99.1    100.0    100.4
               99.9    100.0    100.1     99.9    100.0    101.0           0.4
 
  2021        100.1     99.8    100.0     99.4    100.2    100.0
              100.0    100.0     99.9    100.0    100.6    100.0           0.3
 
  2022        100.0    100.0     99.9    100.8    100.2     99.9
              100.0    100.1    100.0     99.9    100.0    100.1           0.3
 
  2023        100.0    100.2     99.9    100.0    100.0    100.0
              100.0     99.9    100.0    100.2     99.9    100.2           0.1
 
  2024         99.9     99.9    100.1    100.0     99.5    100.0
              100.0    100.4    100.2     99.8    100.2     99.9           0.2
 
  2025         99.9    100.1    100.1    100.0    100.0    100.1
              100.0    100.0    100.0    100.0     99.8     99.9           0.1
 
  2026        101.0    100.1    100.1    100.0     99.9     99.5
              100.0                                                        0.4
 
  S.D.          0.4      0.1      0.3      0.4      0.2      0.3
                0.2      0.1      0.1      0.2      0.4      0.4

  Table Total-     13902.96   Mean-     100.02   Std. Dev.-       0.28
                              Min -      99.09        Max -     101.01
        R35 monthly CPI index            PAGE  13, SERIES series

 D 16  Combined adjustment factors
  From  2015.Jan to 2026.Jul
  Observations        139
 -----------------------------------------------------------------------------
               Jan      Feb      Mar      Apr      May      Jun 
               Jul      Aug      Sep      Oct      Nov      Dec         AVGE  
 -----------------------------------------------------------------------------
  2015       100.97   100.26    99.89   100.02   100.00    99.82
              99.46    99.47    99.48   100.25   100.26   100.15        100.00
 
  2016       100.93   100.24    99.90   100.02    99.99    99.83
              99.51    99.48    99.52   100.26   100.23   100.12        100.00
 
  2017       100.86   100.21    99.90   100.02    99.97    99.87
              99.59    99.51    99.61   100.27   100.17   100.08        100.00
 
  2018       100.76   100.14    99.89   100.01    99.97    99.90
              99.68    99.57    99.74   100.28   100.11   100.04        100.01
 
  2019       100.62   100.06    99.87    99.99   100.01    99.94
              99.77    99.65    99.87   100.28   100.07   100.03        100.01
 
  2020       100.45    99.98    99.83    99.96   100.05    99.94
              99.83    99.75    99.98   100.29   100.05   100.06        100.01
 
  2021       100.29    99.92    99.78    99.92   100.08    99.95
              99.87    99.83   100.08   100.26   100.08   100.11        100.01
 
  2022       100.14    99.89    99.75    99.88   100.07    99.97
              99.89    99.89   100.14   100.24   100.11   100.12        100.01
 
  2023       100.03    99.88    99.79    99.87   100.03    99.98
              99.89    99.93   100.16   100.20   100.13   100.12        100.00
 
  2024        99.99    99.93    99.85    99.87    99.96    99.98
              99.88    99.93   100.15   100.18   100.13   100.10        100.00
 
  2025        99.99    99.97    99.92    99.89    99.91    99.98
              99.85    99.91   100.14   100.16   100.14   100.08         99.99
 
  2026       100.01   100.01    99.98    99.90    99.88    99.97
              99.82                                                      99.94
 
  AVGE       100.42   100.04    99.86    99.95    99.99    99.93
              99.75    99.72    99.90   100.24   100.13   100.09

  Table Total-     13900.23   Mean-     100.00   Std. Dev.-       0.25
                              Min -      99.46        Max -     100.97

 D 16.A  Combined adjustment component forecasts
  From  2026.Aug to 2027.Jul
  Observations         12
 -----------------------------------------------------------------------------
               Jan      Feb      Mar      Apr      May      Jun 
               Jul      Aug      Sep      Oct      Nov      Dec         AVGE  
 -----------------------------------------------------------------------------
  2026                                                          
                       99.90   100.13   100.15   100.14   100.06        100.08
 
  2027       100.03   100.02   100.01    99.91    99.86    99.96
              99.79                                                      99.94
 
        R35 monthly CPI index            PAGE  14, SERIES series

 E 4  Ratios of annual totals
  From          2015 to 2025
  Observations         11
 -----------------------------------
  Year       Unmodified     Modified
                  (D11)         (E2)
 -----------------------------------
  2015           100.00       100.00
 
  2016           100.00       100.00
 
  2017           100.01       100.01
 
  2018           100.01       100.01
 
  2019           100.01       100.01
 
  2020           100.01       100.01
 
  2021           100.01       100.01
 
  2022           100.01       100.01
 
  2023           100.00       100.00
 
  2024           100.00       100.00
 
  2025            99.99        99.99
 
        R35 monthly CPI index            PAGE  15, SERIES series

 E 5  Month-to-month percent change in the original series
  From  2015.Feb to 2026.Jul
  Observations        138
 -----------------------------------------------------------------------------
               Jan      Feb      Mar      Apr      May      Jun 
               Jul      Aug      Sep      Oct      Nov      Dec         AVGE  
 -----------------------------------------------------------------------------
  2015                  -0.2      0.1      0.3      0.2     -0.6
               -0.3      0.4      0.0      0.8      1.0      1.3           0.3
 
  2016          0.2     -0.3     -0.2      0.5      0.2      0.6
               -0.9      0.0      0.2      0.9      0.2      0.0           0.1
 
  2017          0.1     -1.3     -1.2     -0.2     -0.6     -0.4
               -0.6     -0.4     -0.2      0.0     -1.2      0.1          -0.5
 
  2018          0.7     -0.6      0.3     -0.1      0.0     -0.1
                0.4     -0.8      0.1      1.0      0.7     -0.5           0.1
 
  2019          0.3      0.9      0.9     -0.4     -0.1      0.1
                0.1     -0.3      0.4      0.3     -0.6      0.0           0.1
 
  2020          0.4     -0.5     -0.3     -0.7      1.1      0.5
               -0.3      0.2      0.6      0.4      0.0      1.1           0.2
 
  2021         -0.6     -0.5      0.2     -0.3      1.1     -0.2
                0.0      0.1      0.3      0.6      0.8     -0.1           0.1
 
  2022          0.6      0.5      0.7      1.9      0.3      0.3
                0.6      0.7      0.7      0.4      0.4      0.5           0.6
 
  2023          0.0      0.1     -0.4      0.1      0.2      0.0
                0.0      0.0      0.4      0.4     -0.4      0.2           0.0
 
  2024         -0.4      0.0      0.4      0.3      0.0      0.9
                0.2      0.6      0.1     -0.5      0.1     -0.6           0.1
 
  2025         -0.3      0.1     -0.1     -0.2     -0.2      0.0
               -0.4      0.0      0.2      0.2     -0.1      0.4          -0.0
 
  2026          1.3     -0.7      0.0     -0.3     -0.3     -0.4
                0.4                                                        0.0
 
  AVGE          0.2     -0.2      0.0      0.1      0.2      0.1
               -0.1      0.0      0.2      0.4      0.1      0.2

  Table Total-        13.87   Mean-       0.10   Std. Dev.-       0.53
                              Min -      -1.34        Max -       1.88
        R35 monthly CPI index            PAGE  16, SERIES series

 E 6  Month-to-month percent change in seasonally adjusted series (D11)
  From  2015.Feb to 2026.Jul
  Observations        138
 -----------------------------------------------------------------------------
               Jan      Feb      Mar      Apr      May      Jun 
               Jul      Aug      Sep      Oct      Nov      Dec         AVGE  
 -----------------------------------------------------------------------------
  2015                   0.5      0.5      0.2      0.2     -0.4
                0.1      0.4     -0.0      0.0      1.0      1.4           0.3
 
  2016         -0.6      0.4      0.1      0.4      0.2      0.7
               -0.6      0.0      0.2      0.1      0.2      0.1           0.1
 
  2017         -0.6     -0.7     -0.9     -0.3     -0.5     -0.3
               -0.3     -0.3     -0.3     -0.7     -1.1      0.2          -0.5
 
  2018          0.0      0.0      0.6     -0.2      0.0     -0.0
                0.6     -0.7     -0.1      0.5      0.9     -0.4           0.1
 
  2019         -0.3      1.5      1.1     -0.5     -0.1      0.2
                0.3     -0.2      0.2     -0.1     -0.4      0.0           0.1
 
  2020         -0.0     -0.0     -0.1     -0.8      1.0      0.6
               -0.2      0.3      0.4      0.1      0.2      1.1           0.2
 
  2021         -0.8     -0.1      0.3     -0.4      0.9     -0.1
                0.1      0.1      0.0      0.4      1.0     -0.1           0.1
 
  2022          0.5      0.7      0.8      1.7      0.1      0.4
                0.7      0.7      0.5      0.4      0.6      0.5           0.6
 
  2023          0.1      0.2     -0.3      0.0      0.0      0.0
                0.1     -0.0      0.1      0.3     -0.3      0.2           0.0
 
  2024         -0.3      0.1      0.4      0.2     -0.1      0.9
                0.3      0.6     -0.1     -0.5      0.1     -0.6           0.1
 
  2025         -0.1      0.1     -0.0     -0.1     -0.2     -0.1
               -0.2     -0.1     -0.1      0.2     -0.1      0.4          -0.0
 
  2026          1.4     -0.7      0.0     -0.2     -0.2     -0.4
                0.6                                                        0.1
 
  AVGE         -0.1      0.2      0.2     -0.0      0.1      0.1
                0.1      0.1      0.1      0.1      0.2      0.3

  Table Total-        15.00   Mean-       0.11   Std. Dev.-       0.51
                              Min -      -1.11        Max -       1.75
        R35 monthly CPI index            PAGE  17, SERIES series

 E 7  Month-to-month percent change in final trend cycle (D12)
  From  2015.Feb to 2026.Jul
  Observations        138
 -----------------------------------------------------------------------------
               Jan      Feb      Mar      Apr      May      Jun 
               Jul      Aug      Sep      Oct      Nov      Dec         AVGE  
 -----------------------------------------------------------------------------
  2015                   0.4      0.3      0.2      0.1     -0.0
               -0.0      0.1      0.3      0.4      0.4      0.4           0.2
 
  2016          0.4      0.3      0.3      0.3      0.2      0.2
                0.1      0.0      0.1      0.2      0.1     -0.1           0.2
 
  2017         -0.4     -0.6     -0.7     -0.6     -0.4     -0.3
               -0.3     -0.3     -0.4     -0.5     -0.5     -0.3          -0.5
 
  2018         -0.1      0.1      0.2      0.1      0.0     -0.1
               -0.1      0.0      0.1      0.2      0.3      0.4           0.1
 
  2019          0.5      0.4      0.3      0.2      0.1      0.1
                0.1      0.1     -0.0     -0.1     -0.1     -0.1           0.1
 
  2020         -0.1     -0.1     -0.0      0.0      0.1      0.2
                0.2      0.3      0.2      0.2      0.2      0.1           0.1
 
  2021          0.1      0.1      0.1      0.2      0.2      0.1
                0.1      0.1      0.2      0.3      0.4      0.5           0.2
 
  2022          0.6      0.7      0.8      0.8      0.8      0.7
                0.6      0.6      0.6      0.5      0.5      0.4           0.6
 
  2023          0.2      0.1     -0.1     -0.1     -0.0      0.0
                0.1      0.1      0.1      0.1      0.0     -0.1           0.0
 
  2024         -0.0      0.1      0.2      0.3      0.4      0.4
                0.3      0.2      0.0     -0.1     -0.2     -0.2           0.1
 
  2025         -0.2     -0.1     -0.1     -0.1     -0.1     -0.2
               -0.1     -0.1     -0.0      0.1      0.2      0.3          -0.0
 
  2026          0.3      0.2      0.0     -0.1     -0.1     -0.1
                0.0                                                        0.0
 
  AVGE          0.1      0.1      0.1      0.1      0.1      0.1
                0.1      0.1      0.1      0.1      0.1      0.1

  Table Total-        14.70   Mean-       0.11   Std. Dev.-       0.30
                              Min -      -0.69        Max -       0.83
        R35 monthly CPI index            PAGE  18, SERIES series

 E 8  Month-to-month percent change in original series adjusted for calendar factors (A18)
  From  2015.Feb to 2026.Jul
  Observations        138
 -----------------------------------------------------------------------------
               Jan      Feb      Mar      Apr      May      Jun 
               Jul      Aug      Sep      Oct      Nov      Dec         AVGE  
 -----------------------------------------------------------------------------
  2015                  -0.2      0.1      0.3      0.2     -0.6
               -0.3      0.4      0.0      0.8      1.0      1.3           0.3
 
  2016          0.2     -0.3     -0.2      0.5      0.2      0.6
               -0.9      0.0      0.2      0.9      0.2      0.0           0.1
 
  2017          0.1     -1.3     -1.2     -0.2     -0.6     -0.4
               -0.6     -0.4     -0.2      0.0     -1.2      0.1          -0.5
 
  2018          0.7     -0.6      0.3     -0.1      0.0     -0.1
                0.4     -0.8      0.1      1.0      0.7     -0.5           0.1
 
  2019          0.3      0.9      0.9     -0.4     -0.1      0.1
                0.1     -0.3      0.4      0.3     -0.6      0.0           0.1
 
  2020          0.4     -0.5     -0.3     -0.7      1.1      0.5
               -0.3      0.2      0.6      0.4      0.0      1.1           0.2
 
  2021         -0.6     -0.5      0.2     -0.3      1.1     -0.2
                0.0      0.1      0.3      0.6      0.8     -0.1           0.1
 
  2022          0.6      0.5      0.7      1.9      0.3      0.3
                0.6      0.7      0.7      0.4      0.4      0.5           0.6
 
  2023          0.0      0.1     -0.4      0.1      0.2      0.0
                0.0      0.0      0.4      0.4     -0.4      0.2           0.0
 
  2024         -0.4      0.0      0.4      0.3      0.0      0.9
                0.2      0.6      0.1     -0.5      0.1     -0.6           0.1
 
  2025         -0.3      0.1     -0.1     -0.2     -0.2      0.0
               -0.4      0.0      0.2      0.2     -0.1      0.4          -0.0
 
  2026          1.3     -0.7      0.0     -0.3     -0.3     -0.4
                0.4                                                        0.0
 
  AVGE          0.2     -0.2      0.0      0.1      0.2      0.1
               -0.1      0.0      0.2      0.4      0.1      0.2

  Table Total-        13.87   Mean-       0.10   Std. Dev.-       0.53
                              Min -      -1.34        Max -       1.88
        R35 monthly CPI index            PAGE  19, SERIES series

 E 18  Final adjustment ratios
  From  2015.Jan to 2026.Jul
  Observations        139
 -----------------------------------------------------------------------------
               Jan      Feb      Mar      Apr      May      Jun 
               Jul      Aug      Sep      Oct      Nov      Dec         AVGE  
 -----------------------------------------------------------------------------
  2015        101.0    100.3     99.9    100.0    100.0     99.8
               99.5     99.5     99.5    100.2    100.3    100.2         100.0
 
  2016        100.9    100.2     99.9    100.0    100.0     99.8
               99.5     99.5     99.5    100.3    100.2    100.1         100.0
 
  2017        100.9    100.2     99.9    100.0    100.0     99.9
               99.6     99.5     99.6    100.3    100.2    100.1         100.0
 
  2018        100.8    100.1     99.9    100.0    100.0     99.9
               99.7     99.6     99.7    100.3    100.1    100.0         100.0
 
  2019        100.6    100.1     99.9    100.0    100.0     99.9
               99.8     99.7     99.9    100.3    100.1    100.0         100.0
 
  2020        100.5    100.0     99.8    100.0    100.1     99.9
               99.8     99.7    100.0    100.3    100.1    100.1         100.0
 
  2021        100.3     99.9     99.8     99.9    100.1    100.0
               99.9     99.8    100.1    100.3    100.1    100.1         100.0
 
  2022        100.1     99.9     99.8     99.9    100.1    100.0
               99.9     99.9    100.1    100.2    100.1    100.1         100.0
 
  2023        100.0     99.9     99.8     99.9    100.0    100.0
               99.9     99.9    100.2    100.2    100.1    100.1         100.0
 
  2024        100.0     99.9     99.8     99.9    100.0    100.0
               99.9     99.9    100.2    100.2    100.1    100.1         100.0
 
  2025        100.0    100.0     99.9     99.9     99.9    100.0
               99.8     99.9    100.1    100.2    100.1    100.1         100.0
 
  2026        100.0    100.0    100.0     99.9     99.9    100.0
               99.8                                                       99.9
 
  AVGE        100.4    100.0     99.9     99.9    100.0     99.9
               99.8     99.7     99.9    100.2    100.1    100.1

  Table Total-     13900.23   Mean-     100.00   Std. Dev.-       0.25
                              Min -      99.46        Max -     100.97

 E 18.A  Final adjustment ratio forecasts
  From  2026.Aug to 2027.Jul
  Observations         12
 -----------------------------------------------------------------------------
               Jan      Feb      Mar      Apr      May      Jun 
               Jul      Aug      Sep      Oct      Nov      Dec         AVGE  
 -----------------------------------------------------------------------------
  2026                                                          
                        99.9    100.1    100.2    100.1    100.1         100.1
 
  2027        100.0    100.0    100.0     99.9     99.9    100.0
               99.8                                                       99.9
 

  QS statistic for seasonality:
  log(Original Series)                                0.21  (P-Value =     0.9000)
  log(Original Series (EV adj))                       0.21  (P-Value =     0.9000)
  Residuals                                           0.00  (P-Value =     1.0000)
  log(Seasonally Adjusted Series)                     0.00  (P-Value =     1.0000)
  log(SA Series (EV adj))                             0.00  (P-Value =     1.0000)
  Irregular Series                                    0.00  (P-Value =     1.0000)
  Irregular Series (EV adj)                           0.00  (P-Value =     1.0000)

  QS statistic for seasonality (starting 2018.Aug):
  log(Original Series)                                0.00  (P-Value =     1.0000)
  log(Original Series (EV adj))                       0.00  (P-Value =     1.0000)
  Residuals                                           0.00  (P-Value =     1.0000)
  log(Seasonally Adjusted Series)                     0.00  (P-Value =     1.0000)
  log(SA Series (EV adj))                             0.00  (P-Value =     1.0000)
  Irregular Series                                    0.00  (P-Value =     1.0000)
  Irregular Series (EV adj)                           0.00  (P-Value =     1.0000)
        R35 monthly CPI index            PAGE  20, SERIES series


  Visually significant residual trading day peaks have been
  found in the spectral plot of the following series starting in 2018.Aug:

          differenced, transformed original series (Table A1 or B1) (1 Trading Day peak(s))



 WARNING: Series should not be a candidate for seasonal adjustment
          because the spectrum of the original series (Table A1 or B1)
          has no visually significant seasonal peaks.

          If this is a component series of an indirectly adjusted
          composite series, consider using type = trend or type = summary
          in the x11 spec.
        R35 monthly CPI index            PAGE  21, SERIES series
 G 0  10*LOG(SPECTRUM) of the differenced, transformed Original Series
      (Table A1 or B1).  Spectrum estimated from 2018.Aug to 2026.Jul.
 ++++++++++I+++++++++++++++++++++++++++++++++++++++++++++++++++++++++++++I
     -39.56I  *                                                          I    -39.56
           I  *                                                          I
           I  *                                                          I
           I  *                                                          I
     -40.76I  *                                                          I    -40.76
           I  *                                        *                 I
           I  *                                        *                 I
           I  *   *                                    *                 I
     -41.97I  *   *                                    *                 I    -41.97
           I  *   *                         *          *                 I
           I  *   *                         *          *                 I
           I  *   *                         *          *                 I
     -43.17I  *   *               *        **          *                 I    -43.17
           I  *   *               *        ***         *                 I
           I  *   *               *        ***         *        T        I
           I  *  **      *        *        ***         *        T        I
     -44.37I  *  **      *        **       ***         *        T        I    -44.37
           I  *  **      *        **       ****        *  *     T        I
           I **  **      *        **       ****        *  *     T        I
           I **  **      *        **       ****        *  *     T        I
     -45.57I *** **      *        **       ****        *  *     T        I    -45.57
           I *** **      *        ** *     ****        *  *    *T        I
           I *** **      *        ** **    ****        *  *    *T*       I
           I *** **      *        ** **    ****        *  **   *T*       I
     -46.78I *** **      *        ** **    ****  *     ** **   *T*       I    -46.78
           I *** **      *        *****    ****  *     ** **   *T*       I
           I ******      **       *****    ****  *     *****   *T*       I
           I*******      **      ******    ***** *     *****   *T*       I
     -47.98I*******      **    * ******    ***** *     *****   *T*       I    -47.98
           I********     **    * ******    ********    *****   *T*       I
           I********  S  **    *S******    ********    *****   *T*    ** I
           I********  S ***    *S******    ********    *****   *T*    ** I
     -49.18I********  S ***    *S******   S********   T*****  S*T**   **SI    -49.18
           I********  S****    *S******   S********   T*****  S*T**   **SI
           I******** *S****    *S******   S********   T*****  S*T**   **SI
           I******** *S****    *S******   S********   T*****  S*T**  ***SI
     -50.39I**********S****    *S******   S********   T****** S*T**  ***SI    -50.39
           I**********S****    *S******   S********   T****** S*T**  ***SI
           I**********S****    *S*******  S********   T*******S*T*** ***SI
           I**********S****   **S*******  S********   T*******S*T*******SI
     -51.59I**********S****   **S*******  S********   T*******S*T*******SI    -51.59
           I**********S****   **S*******  S********   T*******S*T*******SI
           I**********S****   **S*******  S********   T*******S*T*******SI
           I**********S****   **S*******  S*********  T*******S*T*******SI
     -52.79I**********S****   **S******* *S*********  T*******S*T*******SI    -52.79
           I**********S****   **S*********S*********  T*******S*T*******SI
           I**********S*****  **S*********S********* *T*******S*T*******SI
           I**********S*****  **S*********S********* *T*******S*T*******SI
     -53.99I**********S*****  **S*********S*********S*T*******S*T*******SI    -53.99
           I**********S*****  **S*********S*********S*T*******S*T*******SI
           I**********S***** ***S*********S*********S*T*******S*T*******SI
           I**********S***** ***S*********S*********S*T*******S*T*******SI
     -55.20I**********S*********S*********S*********S*T*******S*T*******SI    -55.20
 ++++++++++I+++++++++++++++++++++++++++++++++++++++++++++++++++++++++++++I
            S=SEASONAL FREQUENCIES, T=TRADING DAY FREQUENCIES
        R35 monthly CPI index            PAGE  22, SERIES series
 G 1  10*LOG(SPECTRUM) of the differenced, transformed seasonally adjusted 
      data (Table D11).  Spectrum estimated from 2018.Aug to 2026.Jul.
 ++++++++++I+++++++++++++++++++++++++++++++++++++++++++++++++++++++++++++I
     -40.96I  *                                                          I    -40.96
           I  *   *                                                      I
           I  *   *                                                      I
           I  *   *                                                      I
     -42.01I  *   *                                                      I    -42.01
           I  *   *                *                                     I
           I  *   *                *                                     I
           I  *   *                *                                     I
     -43.05I  *   *                *          *                          I    -43.05
           I  *   *      *         *         **        *                 I
           I  *   *      *         *         **        *                 I
           I  *   *      *         *         **        *                 I
     -44.10I  *   *      *         *         **        *                 I    -44.10
           I  **  *      *         *         **        *                 I
           I ***  *      *         *        ***       T*                 I
           I ***  *      *         *        ***    *  T*                 I
     -45.14I *** **      *        **        ***   **  T*  *              I    -45.14
           I *** **      *        **       ****   **  T*  *              I
           I *** **      *        **       ****   **  T** *      *       I
           I *** **      *        **       ****   **  T** *      *       I
     -46.19I *** **      *        *** *    ****   **  T*****    T*       I    -46.19
           I*******      *        *** *    *****  **S*T*****    T*       I
           I*******      *        *** *    *****  **S*T*****    T*       I
           I********     *        *****    *****  **S*T*****    T*       I
     -47.23I********     **       *****    *****  **S*T*****    T*       I    -47.23
           I********     **       *****   S*****  **S*T*****    T*       I
           I********     **       ******  S***** ***S*T*****    T*       I
           I********     **       ******  S***** ***S*T*****    T*       I
     -48.27I********     **       ******  S*********S*T*****    T*       I    -48.27
           I********     **       ******  S*********S*T*****    T*       I
           I********     **       ******  S*********S*T******  *T*    *  I
           I********     **       ******  S*********S*T******  *T*    *  I
     -49.32I********     **       ********S*********S*T******  *T**   *  I    -49.32
           I********     **       ********S*********S*T******  *T**   ** I
           I********     **       ********S*********S*T******  *T**  *** I
           I********     **      *********S*********S*T*******S*T**  ***SI
     -50.36I********    ***      *********S*********S*T*******S*T**  ***SI    -50.36
           I********    ***      *********S*********S*T*******S*T**  ***SI
           I********    ***      *********S*********S*T*******S*T**  ***SI
           I********    ***      *********S*********S*T*******S*T*** ***SI
     -51.41I********    ***      *********S*********S*T*******S*T*******SI    -51.41
           I*********   ***      *********S*********S*T*******S*T*******SI
           I*********   ***   **S*********S*********S*T*******S*T*******SI
           I*********   ****  **S*********S*********S*T*******S*T*******SI
     -52.45I*********   ****  **S*********S*********S*T*******S*T*******SI    -52.45
           I*********   ****  **S*********S*********S*T*******S*T*******SI
           I*********   **** ***S*********S*********S*T*******S*T*******SI
           I*********   **** ***S*********S*********S*T*******S*T*******SI
     -53.50I*********   ********S*********S*********S*T*******S*T*******SI    -53.50
           I*********  *********S*********S*********S*T*******S*T*******SI
           I********** *********S*********S*********S*T*******S*T*******SI
           I********** *********S*********S*********S*T*******S*T*******SI
     -54.54I**********S*********S*********S*********S*T*******S*T*******SI    -54.54
 ++++++++++I+++++++++++++++++++++++++++++++++++++++++++++++++++++++++++++I
            S=SEASONAL FREQUENCIES, T=TRADING DAY FREQUENCIES
        R35 monthly CPI index            PAGE  23, SERIES series
 G 2  10*LOG(SPECTRUM) of the Irregular (Table D13).  
      Spectrum estimated from 2018.Aug to 2026.Jul.
 ++++++++++I+++++++++++++++++++++++++++++++++++++++++++++++++++++++++++++I
     -43.77I                       *                                     I    -43.77
           I                       *                                     I
           I                       *                                     I
           I                       *                                     I
     -45.31I                       *                                     I    -45.31
           I                       *                                     I
           I                       *                                     I
           I                       *                                     I
     -46.84I                       *                                     I    -46.84
           I                      **         **                          I
           I                      **         **                          I
           I                      **         **                          I
     -48.37I                      ***       ***        *                 I    -48.37
           I        *             *** *    ****        *                 I
           I        *             *** *    ****        *                 I
           I        *             *****    ****       T*                 I
     -49.90I        *     *       *****    ****   **  T*                 I    -49.90
           I        *     *       ******   *****  **  T*                 I
           I        *    **       ******  S*****  **  T*  *              I
           I        *    **       ******  S*****  **  T** *              I
     -51.44I        *    **   *   ******  S*****  **S*T****      *       I    -51.44
           I        *    ***  *  *******  S***** ***S*T*****     *       I
           I       **    *** *** *********S*********S*T*****    T*       I
           I       **    *** *** *********S*********S*T*****    T*       I
     -52.97I       **    ******* *********S*********S*T*****    T*       I    -52.97
           I       **   ********S*********S*********S*T*****    T*       I
           I       **   ********S*********S*********S*T*****    T*       I
           I       **   ********S*********S*********S*T******   T*       I
     -54.50I       ***  ********S*********S*********S*T******   T*       I    -54.50
           I   *   ***  ********S*********S*********S*T******  *T*    *  I
           I   *   *** *********S*********S*********S*T******  *T**   ** I
           I   *   *** *********S*********S*********S*T******  *T**   ** I
     -56.04I   *   ***S*********S*********S*********S*T*******S*T**  ***SI    -56.04
           I   *   ***S*********S*********S*********S*T*******S*T**  ***SI
           I   *   ***S*********S*********S*********S*T*******S*T**  ***SI
           I   *   ***S*********S*********S*********S*T*******S*T*******SI
     -57.57I   *   ***S*********S*********S*********S*T*******S*T*******SI    -57.57
           I   *  ****S*********S*********S*********S*T*******S*T*******SI
           I   ** ****S*********S*********S*********S*T*******S*T*******SI
           I  *** ****S*********S*********S*********S*T*******S*T*******SI
     -59.10I  *** ****S*********S*********S*********S*T*******S*T*******SI    -59.10
           I  ********S*********S*********S*********S*T*******S*T*******SI
           I  ********S*********S*********S*********S*T*******S*T*******SI
           I  ********S*********S*********S*********S*T*******S*T*******SI
     -60.64I  ********S*********S*********S*********S*T*******S*T*******SI    -60.64
           I  ********S*********S*********S*********S*T*******S*T*******SI
           I  ********S*********S*********S*********S*T*******S*T*******SI
           I  ********S*********S*********S*********S*T*******S*T*******SI
     -62.17I  ********S*********S*********S*********S*T*******S*T*******SI    -62.17
           I *********S*********S*********S*********S*T*******S*T*******SI
           I *********S*********S*********S*********S*T*******S*T*******SI
           I *********S*********S*********S*********S*T*******S*T*******SI
     -63.70I**********S*********S*********S*********S*T*******S*T*******SI    -63.70
 ++++++++++I+++++++++++++++++++++++++++++++++++++++++++++++++++++++++++++I
            S=SEASONAL FREQUENCIES, T=TRADING DAY FREQUENCIES
        R35 monthly CPI index            PAGE  24, SERIES series

  Peak probabilities for Tukey spectrum estimator
  Spectrum estimated from 2018.Aug to 2026.Jul.

                                          S1       S2       S3       S4       S5       S6       TD
                                        ------   ------   ------   ------   ------   ------   ------
  Model Residuals                        0.135    0.135    0.047    0.003    0.304    0.558    0.442  
  Original Series (Table A1 or B1)       0.540    0.496    0.461    0.155    0.273    0.503    0.991**
  Seasonally adjusted series (D11)       0.016    0.170    0.195    0.580    0.210    0.437    0.868  
  Irregular (D13)                        0.321    0.213    0.203    0.569    0.210    0.437    0.863  
  ----------
     ** - Peak Probability > 0.99,
      * - 0.90 < Peak Probability < 0.99



  NP statistic for residual seasonality:

  NP statistic for residual seasonality (Full series)
                                                  Residual Seasonality?
  log(Seasonally Adjusted Series)                          no
  log(Seasonally Adjusted Series (EV adj))                 no

  NP statistic for residual seasonality (Series start in 2018.Aug)
                                                  Residual Seasonality?
  log(Seasonally Adjusted Series)                          no
  log(Seasonally Adjusted Series (EV adj))                 no
