  Reading input spec file from series.spc

1

               U. S. Department of Commerce, U. S. Census Bureau

              X-13ARIMA-SEATS monthly seasonal adjustment Method,
                          Release Version 1.1 Build 62


           This software application provides an enhanced version of
             Statistics Canada's X-11-ARIMA extension (Dagum, 1980)
                 of the X-11 variant of the Census Method II of
                      Shiskin, Young and Musgrave (1967).

            It also provides an ARIMA model-based method following
       Hillmer and Tiao (1982) and Burman (1980) that is very similar
       to the update of the method of SEATS (Gomez and Maravall, 1996)
                produced at the Bank of Spain by G. Caporello and
               A. Maravall for TSW (Caporello and Maravall, 2004).
          The present application includes additional enhancements.

         X-13ARIMA-SEATS includes an automatic ARIMA model selection procedure
          based largely on the procedure of Gomez and Maravall (1998)
            as implemented in TRAMO (1996) and subsequent revisions.

              Primary Programmers: Brian Monsell, Mark Otto and,
                 for the ARIMA model-based signal extraction,
                      Gianluca Caporello and Victor Gomez


     Series Title- R35 monthly CPI index
     Series Name- series
     Sep 22, 2026  22.39.04 

        -Period covered-  1st month,2015 to  7th month,2026
        -Type of run - multiplicative seasonal adjustment

        -Sigma limits for graduating extreme values are  1.5 and  2.5 .
        -3x3 moving average used in section 1 of each iteration, 
         3x5 moving average in section 2 of iterations B and C,
         moving average for final seasonal factors chosen by Global MSR.
        -Spectral plots generated for selected series
        -Spectral plots generated for series starting in 2018.Aug

 FILE SAVE REQUESTS (* indicates file exists and will be overwritten)
  series.d10  final seasonal factors
  series.d11  final seasonally adjusted data
  series.d12  final trend cycle
  series.d13  final irregular component
  series.out  program output file
  series.err  program error file
  series.udg  seasonal adjustment and model diagnostics file
        R35 monthly CPI index            PAGE   1, SERIES series

     Contents of spc file series.spc

 Line #
 ------
      1: series { title="R35 monthly CPI index" start=2015.1 period=12 data=(
      2: 94.400000000000006 98.099999999999994 100.3 100.5 101 100.8
      3: 100.8 101 101 100.90000000000001 100.5 100.5
      4: 100.5 100.90000000000001 102.7 104.5 105.3 106
      5: 106.2 106.8 107 107.09999999999999 107.09999999999999 107
      6: 107 107.2 107.7 108.09999999999999 108.59999999999999 108.8
      7: 109 109.2 109.2 109.3 109.3 109.40000000000001
      8: 109.5 109.5 110.8 111.90000000000001 112.5 112.8
      9: 112.90000000000001 112.90000000000001 113 113.2 113.59999999999999 113.7
     10: 114 114.2 114.2 114.3 114.3 114.3
     11: 114.3 114.3 114.3 114.40000000000001 114.5 114.59999999999999
     12: 116.3 117.3 117.8 118 122.40000000000001 128.19999999999999
     13: 130.09999999999999 130.30000000000001 130.5 130.5 131.40000000000001 133.40000000000001
     14: 134 135 138.40000000000001 141 141.19999999999999 141.09999999999999
     15: 141 143.19999999999999 146.5 147.40000000000001 147.5 147.40000000000001
     16: 147.40000000000001 149.5 152.90000000000001 153 153.09999999999999 153.09999999999999
     17: 153.19999999999999 154.09999999999999 156.19999999999999 156.90000000000001 157 157
     18: 157.09999999999999 159.40000000000001 162.09999999999999 162.19999999999999 162.30000000000001 162.30000000000001
     19: 163.40000000000001 165.59999999999999 167.69999999999999 167.59999999999999 167.80000000000001 168
     20: 168 168.09999999999999 171.69999999999999 173.69999999999999 174.19999999999999 174.19999999999999
     21: 174.19999999999999 176.40000000000001 178.69999999999999 179.40000000000001 179.59999999999999 179.80000000000001
     22: 180.5 184 185.69999999999999 186.59999999999999 186.69999999999999 186.80000000000001
     23: 186.80000000000001 186.90000000000001 188.5 190.19999999999999 190.90000000000001 191.69999999999999
     24: 191.90000000000001 194.30000000000001 195.90000000000001 197 197.19999999999999 197.69999999999999
     25: 197.80000000000001
     26: ) }
     27: transform { function=log }
     28: automdl { }
     29: outlier { types=(ao ls tc) }
     30: x11 { mode=mult save=(d10 d11 d12 d13) appendfcst=no appendbcst=no savelog=all }
     31: spectrum { logqs=yes robustsa=no print=all savelog=all }
     32: check { }
        R35 monthly CPI index            PAGE   2, SERIES series

 A 1  Time series data (for the span analyzed)
  From  2015.Jan to 2026.Jul
  Observations        139
 -----------------------------------------------------------------------------
               Jan      Feb      Mar      Apr      May      Jun 
               Jul      Aug      Sep      Oct      Nov      Dec        TOTAL  
 -----------------------------------------------------------------------------
  2015          94.      98.     100.     101.     101.     101.
               101.     101.     101.     101.     101.     101.         1200.
 
  2016         101.     101.     103.     105.     105.     106.
               106.     107.     107.     107.     107.     107.         1261.
 
  2017         107.     107.     108.     108.     109.     109.
               109.     109.     109.     109.     109.     109.         1303.
 
  2018         110.     110.     111.     112.     113.     113.
               113.     113.     113.     113.     114.     114.         1346.
 
  2019         114.     114.     114.     114.     114.     114.
               114.     114.     114.     114.     115.     115.         1372.
 
  2020         116.     117.     118.     118.     122.     128.
               130.     130.     131.     131.     131.     133.         1506.
 
  2021         134.     135.     138.     141.     141.     141.
               141.     143.     147.     147.     148.     147.         1704.
 
  2022         147.     150.     153.     153.     153.     153.
               153.     154.     156.     157.     157.     157.         1843.
 
  2023         157.     159.     162.     162.     162.     162.
               163.     166.     168.     168.     168.     168.         1965.
 
  2024         168.     168.     172.     174.     174.     174.
               174.     176.     179.     179.     180.     180.         2098.
 
  2025         181.     184.     186.     187.     187.     187.
               187.     187.     189.     190.     191.     192.         2245.
 
  2026         192.     194.     196.     197.     197.     198.
               198.                                                      1372.
 
  AVGE         135.     136.     138.     139.     140.     141.
               141.     136.     138.     138.     138.     138.

  Table Total-     19215.60   Mean-     138.24   Std. Dev.-      31.58
                              Min -      94.40        Max -     197.80
        R35 monthly CPI index            PAGE   3, SERIES series
                        Automatic ARIMA Model Selection

                    Procedure based closely on TRAMO method 
                         of Gomez and Maravall (2000)
              "Automatic Modeling Methods for Univariate Series",
                            A Course in Time Series
                  (Edited by D. Pena, G. C. Tiao, R. S. Tsay),
                         New York : J. Wiley and Sons


     Maximum order for regular ARMA parameters :   2
     Maximum order for seasonal ARMA parameters :   1
     Maximum order for regular differencing :   2
     Maximum order for seasonal differencing :   1

   Results of Unit Root Test for identifying orders of differencing:
     Regular difference order :   1
     Seasonal difference order :   0

     Mean is significant.

  Automatic model choice : (1 1 1)(1 0 1)

   Results of Unit Root Test for identifying orders of differencing:
     Regular difference order :   1
     Seasonal difference order :   0

     Mean is significant.

  Automatic model choice : (1 1 2)(1 0 0)


  Final Checks for Identified Model


  Checking for Unit Roots.
   No unit roots found.

  Checking for nonseasonal overdifferencing.
   Nonseasonal MA not within  0.001 of 1.0 - model passes test.

  Checking for insignificant ARMA coefficients.

  Final automatic model choice : (1 1 2)(1 0 0)
   End of automatic model selection procedure.

 Average absolute percentage error in within-sample forecasts:
  Last year:   0.20      Last-1 year:   0.47     Last-2 year:   0.71
  Last three years:    0.46

 Estimation converged in   36 ARMA iterations,  293 function evaluations.

 Regression Model
 ------------------------------------------------------------------------------
                             Parameter        Standard
 Variable                     Estimate           Error      t-value
 ------------------------------------------------------------------------------
 Constant                       0.0039         0.00098         3.96

 Automatically Identified Outliers
   AO2015.Jan                  -0.0350         0.00372        -9.39
   TC2015.Mar                   0.0155         0.00261         5.94
   LS2016.Jun                   0.0079         0.00171         4.63
   LS2018.Mar                   0.0055         0.00165         3.35
   LS2020.Jan                   0.0086         0.00186         4.64
   AO2020.May                   0.0356         0.00262        13.60
   LS2020.Jun                   0.0819         0.00501        16.34
   TC2020.Jul                   0.0145         0.00215         6.73
   LS2020.Dec                   0.0094         0.00194         4.84
   LS2021.Mar                   0.0209         0.00276         7.58
   LS2021.Apr                   0.0169         0.00256         6.61
   TC2022.Mar                   0.0123         0.00191         6.41
   AO2023.Mar                   0.0053         0.00111         4.77
   TC2024.Feb                  -0.0180         0.00153       -11.79
   AO2024.Jul                  -0.0033         0.00091        -3.61
 ------------------------------------------------------------------------------


 ARIMA Model:  (1 1 2)(1 0 0)
   Nonseasonal differences: 1
                                              Standard
 Parameter                    Estimate          Errors
 -----------------------------------------------------
 Nonseasonal AR                                    
   Lag  1                       0.8396         0.10135

 Seasonal AR                                       
   Lag 12                       0.6973         0.06580

 Nonseasonal MA                                    
   Lag  1                       0.1112         0.09879
   Lag  2                       0.6709         0.07897

 Variance                       0.90201E-05
 SE of Var                      0.10859E-05
 -----------------------------------------------------

 Likelihood Statistics
 ------------------------------------------------------------------
 Number of observations (nobs)                                  139
 Effective number of observations (nefobs)                      138
 Number of parameters estimated (np)                             21
 Log likelihood                                            601.3594
 Transformation Adjustment                                -677.0365
 Adjusted Log likelihood (L)                               -75.6771
 AIC                                                       193.3543 
 AICC (F-corrected-AIC)                                    201.3198 
 Hannan Quinn                                              218.3351 
 BIC                                                       254.8266 
 ------------------------------------------------------------------


 DIAGNOSTIC CHECKING
  Sample Autocorrelations of the Residuals with the Ljung-Box diagnostic.

  Lag      1     2     3     4     5     6     7     8     9    10    11    12
  ACF   0.07 -0.06 -0.14  0.02  0.06  0.07  0.01  0.06  0.05  0.17 -0.20 -0.03
  SE    0.09  0.09  0.09  0.09  0.09  0.09  0.09  0.09  0.09  0.09  0.09  0.09
  Q     0.70  1.29  3.95  4.00  4.61  5.33  5.37  5.92  6.23 10.80 16.75 16.90
  DF       0     0     0     0     1     2     3     4     5     6     7     8
  P    0.000 0.000 0.000 0.000 0.032 0.069 0.147 0.205 0.284 0.095 0.019 0.031

  Lag     13    14    15    16    17    18    19    20    21    22    23    24
  ACF  -0.05  0.09 -0.08 -0.08  0.03  0.12  0.08 -0.02 -0.10  0.09  0.02  0.19
  SE    0.09  0.09  0.10  0.10  0.10  0.10  0.10  0.10  0.10  0.10  0.10  0.10
  Q    17.23 18.37 19.50 20.63 20.74 23.02 24.13 24.19 25.86 27.08 27.17 33.00
  DF       9    10    11    12    13    14    15    16    17    18    19    20
  P    0.045 0.049 0.053 0.056 0.078 0.060 0.063 0.085 0.077 0.077 0.101 0.034

  The P-values approximate the probability of observing a Q-value at least
  this large when the model fitted is correct.  When DF is positive, small
  values of P, customarily those below 0.05, indicate model inadequacy.

  Sample Autocorrelations of the Residuals
                 -1.0 -0.8 -0.6 -0.4 -0.2  0.0  0.2  0.4  0.6  0.8  1.0
                   +----+----+----+----+----+----+----+----+----+----+
            1                           .   |XX .                      0.071
            2                           . XX|   .                     -0.064
            3                           .XXX|   .                     -0.136
            4                           .   |   .                      0.019
            5                           .   |XX .                      0.065
            6                           .   |XX .                      0.070
            7                           .   |   .                      0.015
            8                           .   |XX .                      0.061
            9                           .   |X  .                      0.046
           10                           .   |XXXX                      0.174
           11                          XXXXX|    .                    -0.198
           12       - - - - - - - - -  .   X|    .  - - - - - - - -   -0.032
           13                          .   X|    .                    -0.046
           14                          .    |XX  .                     0.086
           15                          .  XX|    .                    -0.085
           16                          .  XX|    .                    -0.084
           17                          .    |X   .                     0.026
           18                          .    |XXX .                     0.119
           19                          .    |XX  .                     0.083
           20                          .    |    .                    -0.019
           21                          . XXX|    .                    -0.101
           22                          .    |XX  .                     0.086
           23                          .    |X   .                     0.023
           24       - - - - - - - - -  .    |XXXXX  - - - - - - - -    0.185
  
  Sample Autocorrelations of the Squared Residuals with the Ljung-Box diagnostic.

  Lag      1     2     3     4     5     6     7     8     9    10    11    12
  ACF   0.22 -0.03 -0.02 -0.07  0.05  0.15 -0.11 -0.13  0.02 -0.03 -0.02  0.15
  SE    0.09  0.09  0.09  0.09  0.09  0.09  0.09  0.09  0.09  0.09  0.09  0.09
  Q     6.86  7.00  7.08  7.78  8.13 11.27 13.19 15.68 15.72 15.84 15.88 19.13
  DF       0     0     0     0     1     2     3     4     5     6     7     8
  P    0.000 0.000 0.000 0.000 0.004 0.004 0.004 0.003 0.008 0.015 0.026 0.014

  Lag     13    14    15    16    17    18    19    20    21    22    23    24
  ACF  -0.01 -0.11 -0.04 -0.12 -0.05  0.05 -0.05 -0.01 -0.05 -0.04  0.03  0.11
  SE    0.10  0.10  0.10  0.10  0.10  0.10  0.10  0.10  0.10  0.10  0.10  0.10
  Q    19.16 21.08 21.27 23.50 23.85 24.24 24.57 24.59 25.02 25.28 25.44 27.58
  DF       9    10    11    12    13    14    15    16    17    18    19    20
  P    0.024 0.021 0.031 0.024 0.033 0.043 0.056 0.077 0.094 0.118 0.146 0.120

  The P-values approximate the probability of observing a Q-value at least
  this large when the model fitted is correct in a way that supports the
  standard interpretations of the test statistics, standard errors, and
  prediction intervals output by X-13ARIMA-SEATS. When DF is positive, small
  values of P, customarily those below 0.05, suggest that model-based
  inferences about statistical significance and uncertainty will be less
  dependable than usual.

  Sample Autocorrelations of the Squared Residuals
                 -1.0 -0.8 -0.6 -0.4 -0.2  0.0  0.2  0.4  0.6  0.8  1.0
                   +----+----+----+----+----+----+----+----+----+----+
            1                           .   |XXXXXX                    0.220
            2                           .  X|   .                     -0.032
            3                           .  X|   .                     -0.023
            4                           . XX|   .                     -0.070
            5                           .   |X  .                      0.049
            6                           .   |XXXX                      0.147
            7                          . XXX|    .                    -0.114
            8                          . XXX|    .                    -0.130
            9                          .    |    .                     0.016
           10                          .   X|    .                    -0.028
           11                          .    |    .                    -0.016
           12       - - - - - - - - -  .    |XXXX.  - - - - - - - -    0.146
           13                          .    |    .                    -0.012
           14                          . XXX|    .                    -0.111
           15                          .   X|    .                    -0.035
           16                          . XXX|    .                    -0.119
           17                          .   X|    .                    -0.047
           18                          .    |X   .                     0.050
           19                          .   X|    .                    -0.045
           20                          .    |    .                    -0.009
           21                          .   X|    .                    -0.051
           22                          .   X|    .                    -0.039
           23                          .    |X   .                     0.032
           24       - - - - - - - - -  .    |XXX .  - - - - - - - -    0.112
  
 Histogram of the Standardized and Mean-Centered Residuals
  Standard
  Deviations    Frequency
       -3 +
          |#
       -2 +####
          |########
       -1 +#################
          |###########################
        0 +##############################
          |###################
        1 +#################
          |######
        2 +###
          |#
        3 +#

  Outlier [####

  One '#'= 1 observation[s]

 Tabular Histogram of the Standardized and Mean-Centered Residuals

  Standard
  Deviations    Frequency

 -3.00                 0

 -2.50                 1

 -2.00                 4

 -1.50                 8

 -1.00                17

 -0.50                27

  0.00                30

  0.50                19

  1.00                17

  1.50                 6

  2.00                 3

  2.50                 1

  3.00                 1

  Residuals with |t|>3.25

  Obs       t-value
  -----------------
  2016.Feb     3.57
  2021.Jul     4.23
  2021.Aug     4.05
  2022.Jan     3.37

 Summary Statistics for the Unstandardized Residuals
  Minimum                    -0.007
  Maximum                     0.011
  Median                     -0.000
  Robust Std Dev              0.003

 Normality Statistics for regARIMA Model Residuals:

    Number of residuals  :    138

    Skewness coefficient :    0.9470   (significant positive skewness at one percent level)
    Geary's a            :    0.7370   (significant at one percent level)
    Kurtosis             :    5.0471   (significant at one percent level)

  Significant skewness has been detected in the model residuals;
  this makes the Geary's a and Kurtosis statistics unreliable indicators
  of the normality of the residuals.

 Durbin-Watson Statistic for regARIMA Model Residuals:
  dw =     1.853190

 Friedman Non-Parametric Test for regARIMA Model Residuals:
  ken =    11.000000 ( Asymptotically distributed as Chi-Square(11), P-Value =     0.443263 )

 QS Statistic for regARIMA Model Residuals (full series):             0.00
                                                       (P-Value =     1.0000)

 QS Statistic for regARIMA Model Residuals (starting 2018.Aug):       3.31
                                                       (P-Value =     0.1913)
      10*LOG(SPECTRUM) of the regARIMA model residuals
      Spectrum estimated from 2018.Aug to 2026.Jul.
 ++++++++++I+++++++++++++++++++++++++++++++++++++++++++++++++++++++++++++I
     -42.82I                                                            SI    -42.82
           I                                                            SI
           I                                                            SI
           I                                                            SI
     -44.06I                                                            SI    -44.06
           I                                                            SI
           I                                                            SI
           I                                                  S         SI
     -45.29I               *                                  S         SI    -45.29
           I               *           *                      S         SI
           I               *   *       *                      S         SI
           I               *   *S     **                      S         SI
     -46.53I               *   *S     **                      S         SI    -46.53
           I               *   *S     **                      S         SI
           I               *   *S     **                      S         SI
           I               *   *S     **                      S        *SI
     -47.77I  *            *   *S     **                      S        *SI    -47.77
           I  *         *  *   *S     **                      S        *SI
           I  *         *  *   *S     **                      S        *SI
           I  *         *  *   *S     **                      S        *SI
     -49.00I  *         *  **  *S     **                      S        *SI    -49.00
           I  *         *  **  *S     **                     *S        *SI
           I  *         * ***  *S     **           *S        *S        *SI
           I  *         * ***  *S*    **         * *S        *S        *SI
     -50.24I  *        ** ***  *S*    **         ***S        *S        *SI    -50.24
           I  **       ** *** **S*    **         ***S        *S       **SI
           I  **       ** *** **S**  ***         ***S        *S       **SI
           I  **       ****** **S*** ***        ****S        *S*      **SI
     -51.47I  **       ****** **S*** ***        ****S*       *S*     ***SI    -51.47
           I  **       *********S*******        ****S*   *   *S*     ***SI
           I  **       *********S*******        ****S*   *   *S*     ***SI
           I  **       *********S*******        ****S*   *   *S*     ***SI
     -52.71I  **       *********S*******    *   ****S*   ** **S*     ***SI    -52.71
           I ***  *    *********S********   *   ****S*  *** **S*    ****SI
           I *** **    *********S********   ** *****S*  *** **S*    ****SI
           I *** **    *********S********   ** *****S*T ******S*    ****SI
     -53.95I ******    *********S********   ** *****S*T ******S*    ****SI    -53.95
           I ******    *********S********   ********S*T*******S*    ****SI
           I ******    *********S********  *********S*T*******S*    ****SI
           I*******    *********S********  *********S*T*******S*    ****SI
     -55.18I*******    *********S********  *********S*T*******S*    ****SI    -55.18
           I*******    *********S********  *********S*T*******S*   *****SI
           I*******    *********S********  *********S*T*******S*T  *****SI
           I*******    *********S*********S*********S*T*******S*T  *****SI
     -56.42I********  S*********S*********S*********S*T*******S*T  *****SI    -56.42
           I********  S*********S*********S*********S*T*******S*T  *****SI
           I********  S*********S*********S*********S*T*******S*T  *****SI
           I********  S*********S*********S*********S*T*******S*T  *****SI
     -57.66I********  S*********S*********S*********S*T*******S*T*******SI    -57.66
           I********  S*********S*********S*********S*T*******S*T*******SI
           I********  S*********S*********S*********S*T*******S*T*******SI
           I********  S*********S*********S*********S*T*******S*T*******SI
     -58.89I**********S*********S*********S*********S*T*******S*T*******SI    -58.89
 ++++++++++I+++++++++++++++++++++++++++++++++++++++++++++++++++++++++++++I
            S=SEASONAL FREQUENCIES, T=TRADING DAY FREQUENCIES


 FORECASTING
  Origin  2026.Jul
  Number        12

  Forecasts and Standard Errors of the Transformed Data
   ------------------------------
                         Standard
       Date   Forecast      Error
   ------------------------------
   2026.Aug       5.29      0.003
   2026.Sep       5.29      0.006
   2026.Oct       5.30      0.008
   2026.Nov       5.31      0.009
   2026.Dec       5.31      0.010
   2027.Jan       5.31      0.012
   2027.Feb       5.32      0.012
   2027.Mar       5.33      0.013
   2027.Apr       5.33      0.014
   2027.May       5.34      0.015
   2027.Jun       5.34      0.015
   2027.Jul       5.34      0.016
   ------------------------------

  Confidence intervals with coverage probability ( 0.95000
  On the Original Scale
   ---------------------------------------
       Date      Lower  Forecast     Upper
   ---------------------------------------
   2026.Aug     196.57    197.73    198.90
   2026.Sep     196.82    199.16    201.52
   2026.Oct     197.58    200.66    203.78
   2026.Nov     197.78    201.42    205.12
   2026.Dec     198.14    202.25    206.45
   2027.Jan     198.12    202.65    207.27
   2027.Feb     199.73    204.66    209.71
   2027.Mar     200.79    206.08    211.51
   2027.Apr     201.51    207.13    212.92
   2027.May     201.60    207.53    213.63
   2027.Jun     201.93    208.14    214.55
   2027.Jul     201.98    208.46    215.15
   ---------------------------------------
        R35 monthly CPI index            PAGE   4, SERIES series
  
 A 8  RegARIMA combined outlier component
      (AO, LS, TC outliers included)
  From  2015.Jan to 2026.Jul
  Observations        139
 -----------------------------------------------------------------------------
               Jan      Feb      Mar      Apr      May      Jun 
               Jul      Aug      Sep      Oct      Nov      Dec         AVGE  
 -----------------------------------------------------------------------------
  2015         83.0     86.0     87.3     86.9     86.6     86.4
               86.3     86.2     86.1     86.1     86.0     86.0          86.1
 
  2016         86.0     86.0     86.0     86.0     86.0     86.7
               86.7     86.7     86.7     86.7     86.6     86.6          86.4
 
  2017         86.6     86.6     86.6     86.6     86.6     86.6
               86.6     86.6     86.6     86.6     86.6     86.6          86.6
 
  2018         86.6     86.6     87.1     87.1     87.1     87.1
               87.1     87.1     87.1     87.1     87.1     87.1          87.0
 
  2019         87.1     87.1     87.1     87.1     87.1     87.1
               87.1     87.1     87.1     87.1     87.1     87.1          87.1
 
  2020         87.9     87.9     87.9     87.9     91.1     95.4
               96.8     96.4     96.1     95.9     95.7     96.5          92.9
 
  2021         96.5     96.4     98.4    100.1    100.0    100.0
              100.0    100.0    100.0    100.0    100.0    100.0          99.3
 
  2022        100.0    100.0    101.2    100.9    100.6    100.4
              100.3    100.2    100.1    100.1    100.1    100.0         100.3
 
  2023        100.0    100.0    100.5    100.0    100.0    100.0
              100.0    100.0    100.0    100.0    100.0    100.0         100.1
 
  2024        100.0     98.2     98.7     99.1     99.4     99.6
               99.4     99.8     99.9     99.9     99.9     99.9          99.5
 
  2025        100.0    100.0    100.0    100.0    100.0    100.0
              100.0    100.0    100.0    100.0    100.0    100.0         100.0
 
  2026        100.0    100.0    100.0    100.0    100.0    100.0
              100.0                                                      100.0
 
  AVGE         92.8     92.9     93.4     93.5     93.7     94.1
               94.2     93.6     93.6     93.6     93.6     93.6

  Table Total-     13004.48   Mean-      93.56   Std. Dev.-       9.10
                              Min -      83.01        Max -     101.24

 A 8.A  RegARIMA outlier component
  From  2026.Aug to 2027.Jul
  Observations         12
 -----------------------------------------------------------------------------
               Jan      Feb      Mar      Apr      May      Jun 
               Jul      Aug      Sep      Oct      Nov      Dec         AVGE  
 -----------------------------------------------------------------------------
  2026                                                          
                       100.0    100.0    100.0    100.0    100.0         100.0
 
  2027        100.0    100.0    100.0    100.0    100.0    100.0
              100.0                                                      100.0
 
        R35 monthly CPI index            PAGE   5, SERIES series

 A 8.AO  RegARIMA AO outlier component
  From  2015.Jan to 2026.Jul
  Observations        139
 -----------------------------------------------------------------------------
               Jan      Feb      Mar      Apr      May      Jun 
               Jul      Aug      Sep      Oct      Nov      Dec         AVGE  
 -----------------------------------------------------------------------------
  2015         96.6    100.0    100.0    100.0    100.0    100.0
              100.0    100.0    100.0    100.0    100.0    100.0          99.7
 
  2016        100.0    100.0    100.0    100.0    100.0    100.0
              100.0    100.0    100.0    100.0    100.0    100.0         100.0
 
  2017        100.0    100.0    100.0    100.0    100.0    100.0
              100.0    100.0    100.0    100.0    100.0    100.0         100.0
 
  2018        100.0    100.0    100.0    100.0    100.0    100.0
              100.0    100.0    100.0    100.0    100.0    100.0         100.0
 
  2019        100.0    100.0    100.0    100.0    100.0    100.0
              100.0    100.0    100.0    100.0    100.0    100.0         100.0
 
  2020        100.0    100.0    100.0    100.0    103.6    100.0
              100.0    100.0    100.0    100.0    100.0    100.0         100.3
 
  2021        100.0    100.0    100.0    100.0    100.0    100.0
              100.0    100.0    100.0    100.0    100.0    100.0         100.0
 
  2022        100.0    100.0    100.0    100.0    100.0    100.0
              100.0    100.0    100.0    100.0    100.0    100.0         100.0
 
  2023        100.0    100.0    100.5    100.0    100.0    100.0
              100.0    100.0    100.0    100.0    100.0    100.0         100.0
 
  2024        100.0    100.0    100.0    100.0    100.0    100.0
               99.7    100.0    100.0    100.0    100.0    100.0         100.0
 
  2025        100.0    100.0    100.0    100.0    100.0    100.0
              100.0    100.0    100.0    100.0    100.0    100.0         100.0
 
  2026        100.0    100.0    100.0    100.0    100.0    100.0
              100.0                                                      100.0
 
  AVGE         99.7    100.0    100.0    100.0    100.3    100.0
              100.0    100.0    100.0    100.0    100.0    100.0

  Table Total-     13900.39   Mean-     100.00   Std. Dev.-       0.43
                              Min -      96.56        Max -     103.62
        R35 monthly CPI index            PAGE   6, SERIES series

 A 8.LS  RegARIMA level change outlier component
  From  2015.Jan to 2026.Jul
  Observations        139
 -----------------------------------------------------------------------------
               Jan      Feb      Mar      Apr      May      Jun 
               Jul      Aug      Sep      Oct      Nov      Dec         AVGE  
 -----------------------------------------------------------------------------
  2015         86.0     86.0     86.0     86.0     86.0     86.0
               86.0     86.0     86.0     86.0     86.0     86.0          86.0
 
  2016         86.0     86.0     86.0     86.0     86.0     86.6
               86.6     86.6     86.6     86.6     86.6     86.6          86.4
 
  2017         86.6     86.6     86.6     86.6     86.6     86.6
               86.6     86.6     86.6     86.6     86.6     86.6          86.6
 
  2018         86.6     86.6     87.1     87.1     87.1     87.1
               87.1     87.1     87.1     87.1     87.1     87.1          87.0
 
  2019         87.1     87.1     87.1     87.1     87.1     87.1
               87.1     87.1     87.1     87.1     87.1     87.1          87.1
 
  2020         87.9     87.9     87.9     87.9     87.9     95.4
               95.4     95.4     95.4     95.4     95.4     96.3          92.3
 
  2021         96.3     96.3     98.3    100.0    100.0    100.0
              100.0    100.0    100.0    100.0    100.0    100.0          99.2
 
  2022        100.0    100.0    100.0    100.0    100.0    100.0
              100.0    100.0    100.0    100.0    100.0    100.0         100.0
 
  2023        100.0    100.0    100.0    100.0    100.0    100.0
              100.0    100.0    100.0    100.0    100.0    100.0         100.0
 
  2024        100.0    100.0    100.0    100.0    100.0    100.0
              100.0    100.0    100.0    100.0    100.0    100.0         100.0
 
  2025        100.0    100.0    100.0    100.0    100.0    100.0
              100.0    100.0    100.0    100.0    100.0    100.0         100.0
 
  2026        100.0    100.0    100.0    100.0    100.0    100.0
              100.0                                                      100.0
 
  AVGE         93.0     93.0     93.3     93.4     93.4     94.1
               94.1     93.5     93.5     93.5     93.5     93.6

  Table Total-     12996.82   Mean-      93.50   Std. Dev.-       9.15
                              Min -      85.97        Max -     100.00
        R35 monthly CPI index            PAGE   7, SERIES series

 A 8.TC  RegARIMA temporary change outlier component
  From  2015.Jan to 2026.Jul
  Observations        139
 -----------------------------------------------------------------------------
               Jan      Feb      Mar      Apr      May      Jun 
               Jul      Aug      Sep      Oct      Nov      Dec         AVGE  
 -----------------------------------------------------------------------------
  2015        100.0    100.0    101.6    101.1    100.8    100.5
              100.4    100.3    100.2    100.1    100.1    100.1         100.4
 
  2016        100.0    100.0    100.0    100.0    100.0    100.0
              100.0    100.0    100.0    100.0    100.0    100.0         100.0
 
  2017        100.0    100.0    100.0    100.0    100.0    100.0
              100.0    100.0    100.0    100.0    100.0    100.0         100.0
 
  2018        100.0    100.0    100.0    100.0    100.0    100.0
              100.0    100.0    100.0    100.0    100.0    100.0         100.0
 
  2019        100.0    100.0    100.0    100.0    100.0    100.0
              100.0    100.0    100.0    100.0    100.0    100.0         100.0
 
  2020        100.0    100.0    100.0    100.0    100.0    100.0
              101.5    101.0    100.7    100.5    100.3    100.2         100.4
 
  2021        100.2    100.1    100.1    100.1    100.0    100.0
              100.0    100.0    100.0    100.0    100.0    100.0         100.0
 
  2022        100.0    100.0    101.2    100.9    100.6    100.4
              100.3    100.2    100.1    100.1    100.1    100.0         100.3
 
  2023        100.0    100.0    100.0    100.0    100.0    100.0
              100.0    100.0    100.0    100.0    100.0    100.0         100.0
 
  2024        100.0     98.2     98.7     99.1     99.4     99.6
               99.7     99.8     99.9     99.9     99.9     99.9          99.5
 
  2025        100.0    100.0    100.0    100.0    100.0    100.0
              100.0    100.0    100.0    100.0    100.0    100.0         100.0
 
  2026        100.0    100.0    100.0    100.0    100.0    100.0
              100.0                                                      100.0
 
  AVGE        100.0     99.9    100.1    100.1    100.1    100.0
              100.2    100.1    100.1    100.1    100.0    100.0

  Table Total-     13908.17   Mean-     100.06   Std. Dev.-       0.36
                              Min -      98.21        Max -     101.57

 A 8.TC.A  RegARIMA temporary change outlier component
  From  2026.Aug to 2027.Jul
  Observations         12
 -----------------------------------------------------------------------------
               Jan      Feb      Mar      Apr      May      Jun 
               Jul      Aug      Sep      Oct      Nov      Dec         AVGE  
 -----------------------------------------------------------------------------
  2026                                                          
                       100.0    100.0    100.0    100.0    100.0         100.0
 
  2027        100.0    100.0    100.0    100.0    100.0    100.0
              100.0                                                      100.0
 
        R35 monthly CPI index            PAGE   8, SERIES series
  
 B 1  Original series (prior adjusted)
      (adjusted for regARIMA factors)
  From  2015.Jan to 2026.Jul
  Observations        139
 -----------------------------------------------------------------------------
               Jan      Feb      Mar      Apr      May      Jun 
               Jul      Aug      Sep      Oct      Nov      Dec        TOTAL  
 -----------------------------------------------------------------------------
  2015         114.     114.     115.     116.     117.     117.
               117.     117.     117.     117.     117.     117.         1394.
 
  2016         117.     117.     119.     122.     122.     122.
               123.     123.     123.     124.     124.     123.         1460.
 
  2017         123.     124.     124.     125.     125.     126.
               126.     126.     126.     126.     126.     126.         1504.
 
  2018         126.     126.     127.     128.     129.     129.
               130.     130.     130.     130.     130.     130.         1547.
 
  2019         131.     131.     131.     131.     131.     131.
               131.     131.     131.     131.     131.     132.         1574.
 
  2020         132.     133.     134.     134.     134.     134.
               134.     135.     136.     136.     137.     138.         1620.
 
  2021         139.     140.     141.     141.     141.     141.
               141.     143.     146.     147.     147.     147.         1716.
 
  2022         147.     149.     151.     152.     152.     152.
               153.     154.     156.     157.     157.     157.         1837.
 
  2023         157.     159.     161.     162.     162.     162.
               163.     166.     168.     168.     168.     168.         1964.
 
  2024         168.     171.     174.     175.     175.     175.
               175.     177.     179.     180.     180.     180.         2109.
 
  2025         181.     184.     186.     187.     187.     187.
               187.     187.     189.     190.     191.     192.         2246.
 
  2026         192.     194.     196.     197.     197.     198.
               198.                                                      1372.
 
  AVGE         144.     145.     147.     147.     148.     148.
               148.     144.     146.     146.     146.     146.

  Table Total-     20341.67   Mean-     146.34   Std. Dev.-      24.61
                              Min -     113.72        Max -     197.80

 B 1.A  Forecasts of (prior adjusted) original series
  From  2026.Aug to 2027.Jul
  Observations         12
 -----------------------------------------------------------------------------
               Jan      Feb      Mar      Apr      May      Jun 
               Jul      Aug      Sep      Oct      Nov      Dec        TOTAL  
 -----------------------------------------------------------------------------
  2026                                                          
                        198.     199.     201.     201.     202.         1001.
 
  2027         203.     205.     206.     207.     208.     208.
               208.                                                      1445.
 
        R35 monthly CPI index            PAGE   9, SERIES series

 C 17  Final weights for irregular component
  From  2015.Jan to 2026.Jul
  Observations        139
  Lower sigma limit    1.50
  Upper sigma limit    2.50
 -----------------------------------------------------------------------------
               Jan      Feb      Mar      Apr      May      Jun 
               Jul      Aug      Sep      Oct      Nov      Dec         S.D.  
 -----------------------------------------------------------------------------
  2015        100.0    100.0    100.0    100.0    100.0    100.0
              100.0    100.0    100.0    100.0    100.0    100.0           0.1
 
  2016         12.6      0.0    100.0      9.2     73.7    100.0
              100.0    100.0    100.0    100.0    100.0    100.0           0.1
 
  2017        100.0    100.0    100.0    100.0    100.0    100.0
              100.0    100.0    100.0    100.0    100.0    100.0           0.1
 
  2018        100.0     11.2     88.5    100.0    100.0    100.0
              100.0    100.0    100.0    100.0    100.0    100.0           0.2
 
  2019        100.0    100.0    100.0    100.0    100.0    100.0
              100.0    100.0    100.0    100.0    100.0    100.0           0.2
 
  2020         98.9     90.3    100.0    100.0    100.0    100.0
              100.0    100.0    100.0     59.0    100.0     24.6           0.2
 
  2021          2.7    100.0    100.0    100.0    100.0    100.0
                0.0    100.0      0.0      0.6    100.0    100.0           0.2
 
  2022        100.0    100.0    100.0    100.0    100.0    100.0
              100.0    100.0    100.0    100.0    100.0    100.0           0.2
 
  2023        100.0    100.0    100.0    100.0    100.0     96.1
              100.0      0.0      0.0    100.0    100.0    100.0           0.2
 
  2024         14.2    100.0    100.0    100.0    100.0    100.0
              100.0    100.0    100.0    100.0    100.0     85.4           0.2
 
  2025        100.0    100.0    100.0    100.0    100.0    100.0
              100.0    100.0      0.0    100.0    100.0    100.0           0.2
 
  2026        100.0    100.0    100.0    100.0    100.0    100.0
              100.0                                                        0.2
 
        R35 monthly CPI index            PAGE  10, SERIES series

 D 8  Final unmodified SI ratios
  From  2015.Jan to 2026.Jul
  Observations        139
 -----------------------------------------------------------------------------
               Jan      Feb      Mar      Apr      May      Jun 
               Jul      Aug      Sep      Oct      Nov      Dec         AVGE  
 -----------------------------------------------------------------------------
  2015         99.2     99.3     99.8    100.2    100.8    100.5
              100.4    100.5    100.4    100.1     99.5     99.3         100.0
 
  2016         98.8     98.6     99.6    100.7    101.0    100.4
              100.3    100.5    100.2    100.0     99.7     99.4          99.9
 
  2017         99.3     99.5     99.9    100.2    100.5    100.5
              100.4    100.3    100.0     99.9     99.7     99.6         100.0
 
  2018         99.6     99.4     99.7    100.3    100.5    100.4
              100.2    100.0     99.9     99.8     99.8     99.7          99.9
 
  2019         99.9    100.1    100.1    100.2    100.2    100.1
              100.0     99.9     99.9     99.9     99.8     99.6         100.0
 
  2020         99.9    100.4    100.4    100.3    100.1     99.8
               99.6     99.9    100.0     99.7    100.1    100.2         100.0
 
  2021        100.1    100.5    100.5    100.3    100.1     99.5
               98.8     99.5    101.0    100.8    100.3     99.7         100.1
 
  2022         99.3    100.2    100.6    100.4    100.1     99.7
               99.4     99.6    100.5    100.4    100.0     99.6         100.0
 
  2023         99.2    100.1    100.7    100.7    100.2     99.6
               99.6    100.3    100.9    100.3     99.9     99.4         100.1
 
  2024         98.8     99.9    100.8    101.0    100.4     99.7
               99.4     99.7    100.3    100.2     99.8     99.3          99.9
 
  2025         99.1    100.4    100.8    100.8    100.4    100.0
               99.6     99.3     99.6    100.0     99.8     99.6         100.0
 
  2026         99.3    100.2    100.7    100.8    100.4    100.1
               99.7                                                      100.2
 
  AVGE         99.4     99.9    100.3    100.5    100.4    100.0
               99.8     99.9    100.2    100.1     99.9     99.6

  Table Total-     13900.48   Mean-     100.00   Std. Dev.-       0.49
                              Min -      98.59        Max -     100.98
        R35 monthly CPI index            PAGE  11, SERIES series

 D 8.B  Final unmodified SI ratios, with labels for outliers and extreme values
  From  2015.Jan to 2026.Jul
  Observations        139
 ---------------------------------------------------------------------
               Jan       Feb       Mar       Apr       May       Jun  
               Jul       Aug       Sep       Oct       Nov       Dec  
 ---------------------------------------------------------------------
  2015        99.2#     99.3      99.8#    100.2     100.8     100.5  
             100.4     100.5     100.4     100.1      99.5      99.3  
 
  2016        98.8*     98.6*     99.6     100.7*    101.0*    100.4# 
             100.3     100.5     100.2     100.0      99.7      99.4  
 
  2017        99.3      99.5      99.9     100.2     100.5     100.5  
             100.4     100.3     100.0      99.9      99.7      99.6  
 
  2018        99.6      99.4*     99.7&    100.3     100.5     100.4  
             100.2     100.0      99.9      99.8      99.8      99.7  
 
  2019        99.9     100.1     100.1     100.2     100.2     100.1  
             100.0      99.9      99.9      99.9      99.8      99.6  
 
  2020        99.9&    100.4*    100.4     100.3 -   100.1#-    99.8# 
              99.6#-    99.9 -   100.0      99.7*    100.1     100.2& 
 
  2021       100.1*    100.5 -   100.5#-   100.3#-   100.1 -    99.5  
              98.8*     99.5     101.0*    100.8*    100.3      99.7  
 
  2022        99.3     100.2     100.6#    100.4     100.1      99.7  
              99.4      99.6     100.5     100.4     100.0      99.6  
 
  2023        99.2     100.1     100.7#    100.7     100.2      99.6* 
              99.6     100.3*    100.9*    100.3      99.9      99.4  
 
  2024        98.8*     99.9#    100.8     101.0     100.4      99.7  
              99.4#     99.7     100.3     100.2      99.8      99.3* 
 
  2025        99.1     100.4     100.8     100.8     100.4     100.0  
              99.6      99.3      99.6*    100.0      99.8      99.6  
 
  2026        99.3     100.2     100.7     100.8     100.4     100.1  
              99.7                                                    
 

  Key to symbols:
    *  : extreme value as determined by X-11 extreme value procedure
    #  : regARIMA outlier (either AO, LS, TC, or Ramp)
    &  : more than one type of regARIMA outlier
    -  : values around a level shift most likely to be influenced by it
 
        R35 monthly CPI index            PAGE  12, SERIES series

 D 9  Final replacement values for SI ratios
  From  2015.Jan to 2026.Jul
  Observations        139
 ---------------------------------------------------------------
               Jan      Feb      Mar      Apr      May      Jun 
               Jul      Aug      Sep      Oct      Nov      Dec 
 ---------------------------------------------------------------
  2015     ******** ******** ******** ******** ******** ********
           ******** ******** ******** ******** ******** ********
 
  2016         99.1     99.4 ********    100.4    100.9 ********
           ******** ******** ******** ******** ******** ********
 
  2017     ******** ******** ******** ******** ******** ********
           ******** ******** ******** ******** ******** ********
 
  2018     ********     99.7     99.8 ******** ******** ********
           ******** ******** ******** ******** ******** ********
 
  2019     ******** ******** ******** ******** ******** ********
           ******** ******** ******** ******** ******** ********
 
  2020         99.9    100.4 ******** ******** ******** ********
           ******** ******** ********     99.9 ********     99.9
 
  2021         99.7 ******** ******** ******** ******** ********
               99.6 ********    100.4    100.3 ******** ********
 
  2022     ******** ******** ******** ******** ******** ********
           ******** ******** ******** ******** ******** ********
 
  2023     ******** ******** ******** ******** ********     99.6
           ********     99.7    100.4 ******** ******** ********
 
  2024         99.1 ******** ******** ******** ******** ********
           ******** ******** ******** ******** ********     99.4
 
  2025     ******** ******** ******** ******** ******** ********
           ******** ********    100.2 ******** ******** ********
 
  2026     ******** ******** ******** ******** ******** ********
           ********                                             
 

 D 9.A  Moving seasonality ratio
 ---------------------------------------------------------------
               Jan      Feb      Mar      Apr      May      Jun 
 ---------------------------------------------------------------
   I          0.155    0.183    0.123    0.138    0.119    0.156
   S          0.068    0.089    0.099    0.055    0.065    0.081
 RATIO        2.285    2.057    1.246    2.481    1.828    1.925



 ---------------------------------------------------------------
               Jul      Aug      Sep      Oct      Nov      Dec 
 ---------------------------------------------------------------
   I          0.140    0.143    0.135    0.147    0.129    0.140
   S          0.082    0.089    0.041    0.039    0.043    0.038
 RATIO        1.708    1.605    3.265    3.748    3.012    3.725



        R35 monthly CPI index            PAGE  13, SERIES series

 D 10  Final seasonal factors
  From  2015.Jan to 2026.Jul
  Observations        139
  Seasonal filter    3 x 3 moving average
 -----------------------------------------------------------------------------
               Jan      Feb      Mar      Apr      May      Jun 
               Jul      Aug      Sep      Oct      Nov      Dec         AVGE  
 -----------------------------------------------------------------------------
  2015        99.17    99.37    99.75   100.30   100.79   100.49
             100.35   100.43   100.24   100.02    99.64    99.40        100.00
 
  2016        99.23    99.42    99.77   100.32   100.75   100.48
             100.33   100.36   100.16    99.95    99.67    99.47         99.99
 
  2017        99.37    99.55    99.84   100.31   100.62   100.43
             100.28   100.23   100.04    99.88    99.71    99.56         99.98
 
  2018        99.57    99.78    99.96   100.33   100.46   100.31
             100.15   100.07    99.93    99.83    99.79    99.65         99.98
 
  2019        99.74   100.05   100.16   100.31   100.28   100.09
              99.95    99.92    99.94    99.89    99.89    99.70         99.99
 
  2020        99.75   100.26   100.36   100.33   100.17    99.86
              99.72    99.79   100.07   100.02   100.01    99.73        100.01
 
  2021        99.61   100.32   100.52   100.38   100.11    99.68
              99.59    99.70   100.27   100.21   100.07    99.67        100.01
 
  2022        99.39   100.23   100.62   100.50   100.14    99.65
              99.51    99.67   100.39   100.31   100.02    99.57        100.00
 
  2023        99.22   100.15   100.69   100.66   100.23    99.69
              99.52    99.63   100.41   100.29    99.92    99.49         99.99
 
  2024        99.14   100.12   100.73   100.79   100.34    99.82
              99.54    99.54   100.34   100.17    99.83    99.50         99.99
 
  2025        99.15   100.20   100.74   100.82   100.39    99.95
              99.58    99.41   100.26   100.05    99.79    99.58         99.99
 
  2026        99.19   100.25   100.73   100.81   100.40   100.04
              99.61                                                     100.15
 
  AVGE        99.38    99.98   100.32   100.49   100.39   100.04
              99.84    99.89   100.19   100.06    99.85    99.57

  Table Total-     13900.34   Mean-     100.00   Std. Dev.-       0.41
                              Min -      99.14        Max -     100.82

 D 10.A  Final seasonal component forecasts
  From  2026.Aug to 2027.Jul
  Observations         12
 -----------------------------------------------------------------------------
               Jan      Feb      Mar      Apr      May      Jun 
               Jul      Aug      Sep      Oct      Nov      Dec         AVGE  
 -----------------------------------------------------------------------------
  2026                                                          
                       99.31   100.21    99.97    99.78    99.65         99.79
 
  2027        99.22   100.29   100.71   100.78   100.39   100.07
              99.64                                                     100.16
 
        R35 monthly CPI index            PAGE  14, SERIES series

 D 11  Final seasonally adjusted data
  From  2015.Jan to 2026.Jul
  Observations        139
 -----------------------------------------------------------------------------
               Jan      Feb      Mar      Apr      May      Jun 
               Jul      Aug      Sep      Oct      Nov      Dec        TOTAL  
 -----------------------------------------------------------------------------
  2015          95.      99.     101.     100.     100.     100.
               100.     101.     101.     101.     101.     101.         1200.
 
  2016         101.     101.     103.     104.     105.     105.
               106.     106.     107.     107.     107.     108.         1261.
 
  2017         108.     108.     108.     108.     108.     108.
               109.     109.     109.     109.     110.     110.         1303.
 
  2018         110.     110.     111.     112.     112.     112.
               113.     113.     113.     113.     114.     114.         1347.
 
  2019         114.     114.     114.     114.     114.     114.
               114.     114.     114.     115.     115.     115.         1372.
 
  2020         117.     117.     117.     118.     122.     128.
               130.     131.     130.     130.     131.     134.         1506.
 
  2021         135.     135.     138.     140.     141.     142.
               142.     144.     146.     147.     147.     148.         1704.
 
  2022         148.     149.     152.     152.     153.     154.
               154.     155.     156.     156.     157.     158.         1843.
 
  2023         158.     159.     161.     161.     162.     163.
               164.     166.     167.     167.     168.     169.         1966.
 
  2024         169.     168.     170.     172.     174.     175.
               175.     177.     178.     179.     180.     181.         2098.
 
  2025         182.     184.     184.     185.     186.     187.
               188.     188.     188.     190.     191.     193.         2245.
 
  2026         193.     194.     194.     195.     196.     198.
               199.                                                      1370.
 
  AVGE         136.     136.     138.     138.     139.     141.
               141.     137.     137.     138.     138.     139.

  Table Total-     19214.64   Mean-     138.23   Std. Dev.-      31.55
                              Min -      95.19        Max -     198.57
        R35 monthly CPI index            PAGE  15, SERIES series

 D 12  Final trend cycle
  From  2015.Jan to 2026.Jul
  Observations        139
  Trend filter     9-term Henderson moving average
  I/C ratio        0.24
 -----------------------------------------------------------------------------
               Jan      Feb      Mar      Apr      May      Jun 
               Jul      Aug      Sep      Oct      Nov      Dec        TOTAL  
 -----------------------------------------------------------------------------
  2015          99.      99.      99.      99.      99.     100.
               100.     100.     101.     101.     101.     101.         1198.
 
  2016         102.     102.     103.     104.     104.     106.
               106.     106.     107.     107.     107.     108.         1262.
 
  2017         108.     108.     108.     108.     108.     108.
               109.     109.     109.     109.     110.     110.         1303.
 
  2018         110.     110.     111.     111.     112.     112.
               113.     113.     113.     113.     114.     114.         1347.
 
  2019         114.     114.     114.     114.     114.     114.
               114.     114.     114.     114.     115.     115.         1372.
 
  2020         116.     117.     117.     118.     118.     128.
               129.     129.     130.     130.     131.     133.         1496.
 
  2021         134.     134.     138.     140.     141.     142.
               143.     144.     145.     146.     147.     148.         1702.
 
  2022         148.     149.     150.     151.     152.     153.
               154.     154.     155.     156.     157.     158.         1837.
 
  2023         158.     159.     160.     161.     162.     163.
               164.     165.     166.     167.     168.     169.         1963.
 
  2024         170.     171.     173.     174.     175.     175.
               176.     177.     178.     179.     180.     181.         2110.
 
  2025         182.     183.     184.     185.     186.     187.
               187.     188.     189.     190.     191.     192.         2247.
 
  2026         193.     194.     195.     195.     196.     198.
               198.                                                      1370.
 
  AVGE         136.     137.     138.     138.     139.     140.
               141.     136.     137.     138.     138.     139.

  Table Total-     19205.80   Mean-     138.17   Std. Dev.-      31.65
                              Min -      98.57        Max -     198.42
        R35 monthly CPI index            PAGE  16, SERIES series

 D 13  Final irregular component
  From  2015.Jan to 2026.Jul
  Observations        139
 -----------------------------------------------------------------------------
               Jan      Feb      Mar      Apr      May      Jun 
               Jul      Aug      Sep      Oct      Nov      Dec         S.D.  
 -----------------------------------------------------------------------------
  2015         96.6    100.0    101.6    101.0    100.8    100.6
              100.4    100.2    100.2    100.2    100.0    100.0           1.2
 
  2016         99.7     99.3     99.9    100.4    100.2     99.9
               99.9    100.0    100.0    100.0    100.0    100.0           0.3
 
  2017        100.0    100.0    100.1     99.9     99.9    100.0
              100.1    100.0    100.0    100.0    100.0    100.1           0.1
 
  2018        100.0     99.6     99.8    100.1    100.0    100.1
              100.1     99.9    100.0    100.0    100.0    100.0           0.1
 
  2019        100.1    100.0    100.0    100.0     99.9    100.0
              100.1    100.0    100.0    100.0     99.9     99.9           0.1
 
  2020        100.1    100.1    100.0    100.0    103.6    100.0
              101.4    101.2    100.7    100.2    100.4    100.6           1.2
 
  2021        100.6    100.2    100.1    100.0    100.1     99.9
               99.3     99.9    100.7    100.6    100.1    100.0           0.4
 
  2022         99.9    100.0    101.3    100.8    100.6    100.6
              100.2    100.1    100.2    100.2    100.0    100.1           0.5
 
  2023        100.0    100.0    100.6    100.1    100.0     99.9
              100.0    100.6    100.5    100.0    100.0    100.0           0.3
 
  2024         99.7     98.1     98.8     99.2     99.4     99.5
               99.2     99.9     99.9     99.9     99.9     99.8           0.8
 
  2025         99.9    100.2    100.0     99.9    100.0    100.1
              100.0     99.9     99.4    100.0    100.0    100.1           0.2
 
  2026        100.1     99.9     99.9    100.0    100.0    100.1
              100.1                                                        0.1
 
  S.D.          1.0      0.6      0.7      0.5      1.1      0.3
                0.5      0.4      0.4      0.2      0.1      0.2

  Table Total-     13908.58   Mean-     100.06   Std. Dev.-       0.59
                              Min -      96.58        Max -     103.61
        R35 monthly CPI index            PAGE  17, SERIES series

 D 16  Combined adjustment factors
  From  2015.Jan to 2026.Jul
  Observations        139
 -----------------------------------------------------------------------------
               Jan      Feb      Mar      Apr      May      Jun 
               Jul      Aug      Sep      Oct      Nov      Dec         AVGE  
 -----------------------------------------------------------------------------
  2015        99.17    99.37    99.75   100.30   100.79   100.49
             100.35   100.43   100.24   100.02    99.64    99.40        100.00
 
  2016        99.23    99.42    99.77   100.32   100.75   100.48
             100.33   100.36   100.16    99.95    99.67    99.47         99.99
 
  2017        99.37    99.55    99.84   100.31   100.62   100.43
             100.28   100.23   100.04    99.88    99.71    99.56         99.98
 
  2018        99.57    99.78    99.96   100.33   100.46   100.31
             100.15   100.07    99.93    99.83    99.79    99.65         99.98
 
  2019        99.74   100.05   100.16   100.31   100.28   100.09
              99.95    99.92    99.94    99.89    99.89    99.70         99.99
 
  2020        99.75   100.26   100.36   100.33   100.17    99.86
              99.72    99.79   100.07   100.02   100.01    99.73        100.01
 
  2021        99.61   100.32   100.52   100.38   100.11    99.68
              99.59    99.70   100.27   100.21   100.07    99.67        100.01
 
  2022        99.39   100.23   100.62   100.50   100.14    99.65
              99.51    99.67   100.39   100.31   100.02    99.57        100.00
 
  2023        99.22   100.15   100.69   100.66   100.23    99.69
              99.52    99.63   100.41   100.29    99.92    99.49         99.99
 
  2024        99.14   100.12   100.73   100.79   100.34    99.82
              99.54    99.54   100.34   100.17    99.83    99.50         99.99
 
  2025        99.15   100.20   100.74   100.82   100.39    99.95
              99.58    99.41   100.26   100.05    99.79    99.58         99.99
 
  2026        99.19   100.25   100.73   100.81   100.40   100.04
              99.61                                                     100.15
 
  AVGE        99.38    99.98   100.32   100.49   100.39   100.04
              99.84    99.89   100.19   100.06    99.85    99.57

  Table Total-     13900.34   Mean-     100.00   Std. Dev.-       0.41
                              Min -      99.14        Max -     100.82

 D 16.A  Combined adjustment component forecasts
  From  2026.Aug to 2027.Jul
  Observations         12
 -----------------------------------------------------------------------------
               Jan      Feb      Mar      Apr      May      Jun 
               Jul      Aug      Sep      Oct      Nov      Dec         AVGE  
 -----------------------------------------------------------------------------
  2026                                                          
                       99.31   100.21    99.97    99.78    99.65         99.79
 
  2027        99.22   100.29   100.71   100.78   100.39   100.07
              99.64                                                     100.16
 
        R35 monthly CPI index            PAGE  18, SERIES series

 E 4  Ratios of annual totals
  From          2015 to 2025
  Observations         11
 -----------------------------------
  Year       Unmodified     Modified
                  (D11)         (E2)
 -----------------------------------
  2015           100.00       100.00
 
  2016            99.99       100.00
 
  2017            99.98        99.98
 
  2018            99.98        99.98
 
  2019            99.99        99.99
 
  2020           100.00       100.00
 
  2021           100.01       100.01
 
  2022           100.00       100.00
 
  2023            99.99        99.99
 
  2024            99.99        99.99
 
  2025            99.99        99.99
 
        R35 monthly CPI index            PAGE  19, SERIES series

 E 5  Month-to-month percent change in the original series
  From  2015.Feb to 2026.Jul
  Observations        138
 -----------------------------------------------------------------------------
               Jan      Feb      Mar      Apr      May      Jun 
               Jul      Aug      Sep      Oct      Nov      Dec         AVGE  
 -----------------------------------------------------------------------------
  2015                   3.9      2.2      0.2      0.5     -0.2
                0.0      0.2      0.0     -0.1     -0.4      0.0           0.6
 
  2016          0.0      0.4      1.8      1.8      0.8      0.7
                0.2      0.6      0.2      0.1      0.0     -0.1           0.5
 
  2017          0.0      0.2      0.5      0.4      0.5      0.2
                0.2      0.2      0.0      0.1      0.0      0.1           0.2
 
  2018          0.1      0.0      1.2      1.0      0.5      0.3
                0.1      0.0      0.1      0.2      0.4      0.1           0.3
 
  2019          0.3      0.2      0.0      0.1      0.0      0.0
                0.0      0.0      0.0      0.1      0.1      0.1           0.1
 
  2020          1.5      0.9      0.4      0.2      3.7      4.7
                1.5      0.2      0.2      0.0      0.7      1.5           1.3
 
  2021          0.4      0.7      2.5      1.9      0.1     -0.1
               -0.1      1.6      2.3      0.6      0.1     -0.1           0.8
 
  2022          0.0      1.4      2.3      0.1      0.1      0.0
                0.1      0.6      1.4      0.4      0.1      0.0           0.5
 
  2023          0.1      1.5      1.7      0.1      0.1      0.0
                0.7      1.3      1.3     -0.1      0.1      0.1           0.6
 
  2024          0.0      0.1      2.1      1.2      0.3      0.0
                0.0      1.3      1.3      0.4      0.1      0.1           0.6
 
  2025          0.4      1.9      0.9      0.5      0.1      0.1
                0.0      0.1      0.9      0.9      0.4      0.4           0.5
 
  2026          0.1      1.3      0.8      0.6      0.1      0.3
                0.1                                                        0.4
 
  AVGE          0.3      1.0      1.4      0.6      0.6      0.5
                0.2      0.5      0.7      0.2      0.1      0.2

  Table Total-        74.63   Mean-       0.54   Std. Dev.-       0.98
                              Min -      -0.40        Max -       4.74
        R35 monthly CPI index            PAGE  20, SERIES series

 E 6  Month-to-month percent change in seasonally adjusted series (D11)
  From  2015.Feb to 2026.Jul
  Observations        138
 -----------------------------------------------------------------------------
               Jan      Feb      Mar      Apr      May      Jun 
               Jul      Aug      Sep      Oct      Nov      Dec         AVGE  
 -----------------------------------------------------------------------------
  2015                   3.7      1.9     -0.4      0.0      0.1
                0.1      0.1      0.2      0.1     -0.0      0.2           0.6
 
  2016          0.2      0.2      1.4      1.2      0.3      0.9
                0.3      0.5      0.4      0.3      0.3      0.1           0.5
 
  2017          0.1      0.0      0.2     -0.1      0.2      0.4
                0.3      0.2      0.2      0.2      0.2      0.2           0.2
 
  2018          0.1     -0.2      1.0      0.6      0.4      0.4
                0.3      0.1      0.2      0.3      0.4      0.2           0.3
 
  2019          0.2     -0.1     -0.1     -0.1      0.0      0.2
                0.1      0.0     -0.0      0.1      0.1      0.3           0.1
 
  2020          1.4      0.3      0.3      0.2      3.9      5.1
                1.6      0.1     -0.1      0.1      0.7      1.8           1.3
 
  2021          0.6      0.0      2.3      2.0      0.4      0.4
                0.0      1.4      1.7      0.7      0.2      0.3           0.8
 
  2022          0.3      0.6      1.9      0.2      0.4      0.5
                0.2      0.4      0.6      0.5      0.3      0.5           0.5
 
  2023          0.4      0.5      1.2      0.1      0.5      0.5
                0.9      1.2      0.5      0.1      0.5      0.6           0.6
 
  2024          0.4     -0.9      1.5      1.1      0.7      0.5
                0.3      1.3      0.5      0.6      0.4      0.4           0.6
 
  2025          0.7      0.9      0.4      0.4      0.5      0.5
                0.4      0.2     -0.0      1.1      0.6      0.6           0.5
 
  2026          0.5      0.2      0.3      0.5      0.5      0.6
                0.5                                                        0.4
 
  AVGE          0.4      0.4      1.0      0.5      0.7      0.8
                0.4      0.5      0.4      0.4      0.3      0.5

  Table Total-        74.09   Mean-       0.54   Std. Dev.-       0.92
                              Min -      -0.92        Max -       5.06
        R35 monthly CPI index            PAGE  21, SERIES series

 E 7  Month-to-month percent change in final trend cycle (D12)
  From  2015.Feb to 2026.Jul
  Observations        138
 -----------------------------------------------------------------------------
               Jan      Feb      Mar      Apr      May      Jun 
               Jul      Aug      Sep      Oct      Nov      Dec         AVGE  
 -----------------------------------------------------------------------------
  2015                   0.2      0.2      0.2      0.3      0.3
                0.3      0.3      0.2      0.1      0.2      0.3           0.2
 
  2016          0.5      0.7      0.7      0.7      0.6      1.2
                0.4      0.4      0.4      0.3      0.2      0.2           0.5
 
  2017          0.1      0.0      0.0      0.1      0.2      0.3
                0.3      0.3      0.2      0.2      0.2      0.2           0.2
 
  2018          0.1      0.2      0.8      0.4      0.4      0.4
                0.3      0.2      0.2      0.3      0.3      0.2           0.3
 
  2019          0.1     -0.0     -0.1     -0.0      0.0      0.1
                0.1      0.1      0.0      0.1      0.2      0.3           0.1
 
  2020          1.3      0.4      0.3      0.3      0.2      8.8
                0.3      0.3      0.4      0.5      0.6      1.6           1.2
 
  2021          0.6      0.4      2.5      2.0      0.4      0.5
                0.7      0.8      0.9      0.8      0.6      0.5           0.9
 
  2022          0.4      0.5      0.6      0.6      0.6      0.6
                0.5      0.5      0.5      0.5      0.5      0.4           0.5
 
  2023          0.5      0.5      0.6      0.6      0.6      0.6
                0.7      0.7      0.6      0.5      0.5      0.6           0.6
 
  2024          0.6      0.7      0.8      0.7      0.5      0.5
                0.5      0.6      0.6      0.5      0.5      0.6           0.6
 
  2025          0.6      0.6      0.6      0.5      0.4      0.4
                0.4      0.4      0.5      0.6      0.6      0.6           0.5
 
  2026          0.4      0.4      0.4      0.4      0.5      0.5
                0.5                                                        0.4
 
  AVGE          0.5      0.4      0.6      0.5      0.4      1.2
                0.4      0.4      0.4      0.4      0.4      0.5

  Table Total-        70.54   Mean-       0.51   Std. Dev.-       0.94
                              Min -      -0.09        Max -       8.83
        R35 monthly CPI index            PAGE  22, SERIES series

 E 8  Month-to-month percent change in original series adjusted for calendar factors (A18)
  From  2015.Feb to 2026.Jul
  Observations        138
 -----------------------------------------------------------------------------
               Jan      Feb      Mar      Apr      May      Jun 
               Jul      Aug      Sep      Oct      Nov      Dec         AVGE  
 -----------------------------------------------------------------------------
  2015                   3.9      2.2      0.2      0.5     -0.2
                0.0      0.2      0.0     -0.1     -0.4      0.0           0.6
 
  2016          0.0      0.4      1.8      1.8      0.8      0.7
                0.2      0.6      0.2      0.1      0.0     -0.1           0.5
 
  2017          0.0      0.2      0.5      0.4      0.5      0.2
                0.2      0.2      0.0      0.1      0.0      0.1           0.2
 
  2018          0.1      0.0      1.2      1.0      0.5      0.3
                0.1      0.0      0.1      0.2      0.4      0.1           0.3
 
  2019          0.3      0.2      0.0      0.1      0.0      0.0
                0.0      0.0      0.0      0.1      0.1      0.1           0.1
 
  2020          1.5      0.9      0.4      0.2      3.7      4.7
                1.5      0.2      0.2      0.0      0.7      1.5           1.3
 
  2021          0.4      0.7      2.5      1.9      0.1     -0.1
               -0.1      1.6      2.3      0.6      0.1     -0.1           0.8
 
  2022          0.0      1.4      2.3      0.1      0.1      0.0
                0.1      0.6      1.4      0.4      0.1      0.0           0.5
 
  2023          0.1      1.5      1.7      0.1      0.1      0.0
                0.7      1.3      1.3     -0.1      0.1      0.1           0.6
 
  2024          0.0      0.1      2.1      1.2      0.3      0.0
                0.0      1.3      1.3      0.4      0.1      0.1           0.6
 
  2025          0.4      1.9      0.9      0.5      0.1      0.1
                0.0      0.1      0.9      0.9      0.4      0.4           0.5
 
  2026          0.1      1.3      0.8      0.6      0.1      0.3
                0.1                                                        0.4
 
  AVGE          0.3      1.0      1.4      0.6      0.6      0.5
                0.2      0.5      0.7      0.2      0.1      0.2

  Table Total-        74.63   Mean-       0.54   Std. Dev.-       0.98
                              Min -      -0.40        Max -       4.74
        R35 monthly CPI index            PAGE  23, SERIES series

 E 18  Final adjustment ratios
  From  2015.Jan to 2026.Jul
  Observations        139
 -----------------------------------------------------------------------------
               Jan      Feb      Mar      Apr      May      Jun 
               Jul      Aug      Sep      Oct      Nov      Dec         AVGE  
 -----------------------------------------------------------------------------
  2015         99.2     99.4     99.7    100.3    100.8    100.5
              100.3    100.4    100.2    100.0     99.6     99.4         100.0
 
  2016         99.2     99.4     99.8    100.3    100.7    100.5
              100.3    100.4    100.2    100.0     99.7     99.5         100.0
 
  2017         99.4     99.6     99.8    100.3    100.6    100.4
              100.3    100.2    100.0     99.9     99.7     99.6         100.0
 
  2018         99.6     99.8    100.0    100.3    100.5    100.3
              100.1    100.1     99.9     99.8     99.8     99.7         100.0
 
  2019         99.7    100.1    100.2    100.3    100.3    100.1
              100.0     99.9     99.9     99.9     99.9     99.7         100.0
 
  2020         99.7    100.3    100.4    100.3    100.2     99.9
               99.7     99.8    100.1    100.0    100.0     99.7         100.0
 
  2021         99.6    100.3    100.5    100.4    100.1     99.7
               99.6     99.7    100.3    100.2    100.1     99.7         100.0
 
  2022         99.4    100.2    100.6    100.5    100.1     99.7
               99.5     99.7    100.4    100.3    100.0     99.6         100.0
 
  2023         99.2    100.1    100.7    100.7    100.2     99.7
               99.5     99.6    100.4    100.3     99.9     99.5         100.0
 
  2024         99.1    100.1    100.7    100.8    100.3     99.8
               99.5     99.5    100.3    100.2     99.8     99.5         100.0
 
  2025         99.1    100.2    100.7    100.8    100.4     99.9
               99.6     99.4    100.3    100.0     99.8     99.6         100.0
 
  2026         99.2    100.3    100.7    100.8    100.4    100.0
               99.6                                                      100.1
 
  AVGE         99.4    100.0    100.3    100.5    100.4    100.0
               99.8     99.9    100.2    100.1     99.8     99.6

  Table Total-     13900.34   Mean-     100.00   Std. Dev.-       0.41
                              Min -      99.14        Max -     100.82

 E 18.A  Final adjustment ratio forecasts
  From  2026.Aug to 2027.Jul
  Observations         12
 -----------------------------------------------------------------------------
               Jan      Feb      Mar      Apr      May      Jun 
               Jul      Aug      Sep      Oct      Nov      Dec         AVGE  
 -----------------------------------------------------------------------------
  2026                                                          
                        99.3    100.2    100.0     99.8     99.7          99.8
 
  2027         99.2    100.3    100.7    100.8    100.4    100.1
               99.6                                                      100.2
 

  QS statistic for seasonality:
  log(Original Series)                                3.48  (P-Value =     0.1755)
  log(Original Series (EV adj))                      81.87  (P-Value =     0.0000)
  Residuals                                           0.00  (P-Value =     1.0000)
  log(Seasonally Adjusted Series)                     0.00  (P-Value =     1.0000)
  log(SA Series (EV adj))                             0.00  (P-Value =     1.0000)
  Irregular Series                                    0.00  (P-Value =     1.0000)
  Irregular Series (EV adj)                           0.00  (P-Value =     1.0000)

  QS statistic for seasonality (starting 2018.Aug):
  log(Original Series)                                1.19  (P-Value =     0.5517)
  log(Original Series (EV adj))                      66.80  (P-Value =     0.0000)
  Residuals                                           3.31  (P-Value =     0.1913)
  log(Seasonally Adjusted Series)                     0.00  (P-Value =     1.0000)
  log(SA Series (EV adj))                             0.00  (P-Value =     1.0000)
  Irregular Series                                    0.00  (P-Value =     1.0000)
  Irregular Series (EV adj)                           0.00  (P-Value =     1.0000)
        R35 monthly CPI index            PAGE  24, SERIES series


  Visually significant residual seasonal peaks have been
  found in the spectral plot of the following series starting in 2018.Aug:

          differenced, transformed seasonally adjusted series (Table D11) (1 Seasonal peak(s))

        R35 monthly CPI index            PAGE  25, SERIES series
 G 0  10*LOG(SPECTRUM) of the differenced, transformed Prior Adjusted Series
      (Table B1).  Spectrum estimated from 2018.Aug to 2026.Jul.
 ++++++++++I+++++++++++++++++++++++++++++++++++++++++++++++++++++++++++++I
     -31.29I                    S                                        I    -31.29
           I                    S                                        I
           I                    S                                        I
           I                    S                                        I
     -33.74I                    S                                        I    -33.74
           I                    S                                        I
           I                    S                                        I
           I                    S                                        I
     -36.20I                    S                                        I    -36.20
           I                    S                                        I
           I                    S                                        I
           I                    S                                        I
     -38.66I                   *S                                        I    -38.66
           I                   *S                                        I
           I                   *S                                        I
           I                   *S                   S                    I
     -41.11I                   *S*                  S                    I    -41.11
           I                   *S*                  S                    I
           I *                 *S*                  S                    I
           I **        *       *S*                  S         S          I
     -43.57I **        **      *S*                  S         S          I    -43.57
           I***        **      *S*                  S         S          I
           I***        **     **S*     *            S         S          I
           I***        **     **S*     *            S         S          I
     -46.03I***        ***    **S*     *            S         S          I    -46.03
           I***        ***    **S*    **           *S         S          I
           I***        ***    **S*    **           *S         S          I
           I***       S****  ***S**   **           *S         S          I
     -48.48I****      S****  ***S**   **           *S*        S          I    -48.48
           I****      S****  ***S**   **           *S*       *S          I
           I****      S*********S**   **   *       *S*       *S          I
           I****      S*********S**   ***  *      **S*       *S          I
     -50.94I****      S*********S**  ****  **     **S*       *S*        SI    -50.94
           I*****    *S*********S*** **** S**     **S*       *S*        SI
           I*****    *S*********S*** *****S**     **S*       *S*       *SI
           I*****    *S*********S*********S**    ***S*       *S*       *SI
     -53.40I******  **S*********S*********S**    ***S*       *S*       *SI    -53.40
           I**********S*********S*********S**    ***S*      **S*       *SI
           I**********S*********S*********S***   ***S*T     **S*       *SI
           I**********S*********S*********S***  ****S*T     **S*       *SI
     -55.85I**********S*********S*********S***  ****S*T     **S*       *SI    -55.85
           I**********S*********S*********S*********S*T    ***S*T     **SI
           I**********S*********S*********S*********S*T    ***S*T     **SI
           I**********S*********S*********S*********S*T*  ****S*T     **SI
     -58.31I**********S*********S*********S*********S*T*******S*T     **SI    -58.31
           I**********S*********S*********S*********S*T*******S*T     **SI
           I**********S*********S*********S*********S*T*******S*T     **SI
           I**********S*********S*********S*********S*T*******S*T*    **SI
     -60.77I**********S*********S*********S*********S*T*******S*T*   ***SI    -60.77
           I**********S*********S*********S*********S*T*******S*T*   ***SI
           I**********S*********S*********S*********S*T*******S*T*   ***SI
           I**********S*********S*********S*********S*T*******S*T** ****SI
     -63.22I**********S*********S*********S*********S*T*******S*T*******SI    -63.22
 ++++++++++I+++++++++++++++++++++++++++++++++++++++++++++++++++++++++++++I
            S=SEASONAL FREQUENCIES, T=TRADING DAY FREQUENCIES
        R35 monthly CPI index            PAGE  26, SERIES series
 G 1  10*LOG(SPECTRUM) of the differenced, transformed seasonally adjusted 
      data (Table D11).  Spectrum estimated from 2018.Aug to 2026.Jul.
 ++++++++++I+++++++++++++++++++++++++++++++++++++++++++++++++++++++++++++I
     -36.73I                       *                                     I    -36.73
           I   *                  **                                     I
           I   *                  **                                     I
           I   *                  **                                     I
     -38.06I   *                  ** **                                  I    -38.06
           I  **                  ** **                                  I
           I  **                  ** **                                  I
           I  **                  *****                                  I
     -39.40I  **                  *****                       S          I    -39.40
           I  **             *    *****                       S          I
           I  **       *     *    *****                       S          I
           I  **       *    **    *****                       S          I
     -40.73I  ***      *  ****    *****                       S          I    -40.73
           I  ***     S********   *****                       S          I
           I  ***     S********   *****             S         S          I
           I  ****    S********  ******             S         S          I
     -42.07I  *****   S********  *******     *      S         S          I    -42.07
           I  *****   S********  *******     **     S         S          I
           I  *****   S********  *******     **     S*        S          I
           I  ****** *S********  *******     **     S*        S          I
     -43.40I ******* *S********* *******     **     S*        S          I    -43.40
           I ******* *S*********S*******     **     S*        S          I
           I *********S*********S*******     **     S*        S          I
           I *********S*********S*******     **    *S*        S          I
     -44.73I**********S*********S*******     **    *S*        S          I    -44.73
           I**********S*********S*******     **    *S*        S          I
           I**********S*********S********    **    *S*        S          I
           I**********S*********S********    **    *S*        S          I
     -46.07I**********S*********S********   ***    *S*        S          I    -46.07
           I**********S*********S********   ****   *S*        S          I
           I**********S*********S********   ****  **S*        S*         I
           I**********S*********S********   ****  **S*        S*         I
     -47.40I**********S*********S*********  ****  **S*T       S*         I    -47.40
           I**********S*********S*********  ****  **S*T       S*         I
           I**********S*********S*********S*********S*T       S*         I
           I**********S*********S*********S*********S*T      *S*         I
     -48.74I**********S*********S*********S*********S*T      *S*         I    -48.74
           I**********S*********S*********S*********S*T      *S*         I
           I**********S*********S*********S*********S*T      *S*         I
           I**********S*********S*********S*********S*T      *S*    *    I
     -50.07I**********S*********S*********S*********S*T      *S*    *    I    -50.07
           I**********S*********S*********S*********S*T* **  *S*    *   SI
           I**********S*********S*********S*********S*T* **  *S*   **   SI
           I**********S*********S*********S*********S*T****  *S*   *** *SI
     -51.41I**********S*********S*********S*********S*T*******S*   *** *SI    -51.41
           I**********S*********S*********S*********S*T*******S*   *****SI
           I**********S*********S*********S*********S*T*******S*   *****SI
           I**********S*********S*********S*********S*T*******S*T  *****SI
     -52.74I**********S*********S*********S*********S*T*******S*T  *****SI    -52.74
           I**********S*********S*********S*********S*T*******S*T  *****SI
           I**********S*********S*********S*********S*T*******S*T ******SI
           I**********S*********S*********S*********S*T*******S*T ******SI
     -54.08I**********S*********S*********S*********S*T*******S*T*******SI    -54.08
 ++++++++++I+++++++++++++++++++++++++++++++++++++++++++++++++++++++++++++I
            S=SEASONAL FREQUENCIES, T=TRADING DAY FREQUENCIES
        R35 monthly CPI index            PAGE  27, SERIES series
 G 2  10*LOG(SPECTRUM) of the Irregular (Table D13).  
      Spectrum estimated from 2018.Aug to 2026.Jul.
 ++++++++++I+++++++++++++++++++++++++++++++++++++++++++++++++++++++++++++I
     -48.48I                           *                                 I    -48.48
           I            *             **                                 I
           I            *   *         **                                 I
           I            *  **         **                                 I
     -50.02I            *  **         **                                 I    -50.02
           I           **  **         **                                 I
           I           **  **     *   **                                 I
           I           **  **     *   **                                 I
     -51.56I           **  **     *   **   *                             I    -51.56
           I           **  **     *   **   *                             I
           I           **  ***   **   **   *                             I
           I           **  ***   **   **   *                             I
     -53.10I           ** ****   ***  **   *                             I    -53.10
           I       *   *******   ***  **   *                             I
           I       *   ******** S*** ***   *                             I
           I       *   *********S*** ****  *          T                  I
     -54.64I       *   *********S********  **         T                  I    -54.64
           I       *   *********S********  **         T                  I
           I       *   *********S******** S**        *T                  I
           I       *   *********S******** S**    *   *T                  I
     -56.18I       *   *********S*********S**    *   *T                  I    -56.18
           I       *   *********S*********S**    *   *T                  I
           I  *    *   *********S*********S**    *   *T                  I
           I  *    *  S*********S*********S**    *   *T                  I
     -57.72I  *   *** S*********S*********S**    *   *T                  I    -57.72
           I  *   *** S*********S*********S**    *   *T                  I
           I  *   *** S*********S*********S**   **   *T                  I
           I  *   *** S*********S*********S**   ***  *T                 SI
     -59.26I  *   ****S*********S*********S**   *** S*T                 SI    -59.26
           I ***  ****S*********S*********S***  *** S*T                 SI
           I ***  ****S*********S*********S***  *** S*T*      S         SI
           I ***  ****S*********S*********S***  *** S*T*      S         SI
     -60.80I ***  ****S*********S*********S***  ****S*T*      S         SI    -60.80
           I****  ****S*********S*********S***  ****S*T*      S         SI
           I**** *****S*********S*********S*********S*T*     *S         SI
           I**********S*********S*********S*********S*T*     *S         SI
     -62.34I**********S*********S*********S*********S*T*     *S*       *SI    -62.34
           I**********S*********S*********S*********S*T***   *S*       *SI
           I**********S*********S*********S*********S*T****  *S*       *SI
           I**********S*********S*********S*********S*T**** **S*       *SI
     -63.88I**********S*********S*********S*********S*T*******S*       *SI    -63.88
           I**********S*********S*********S*********S*T*******S*       *SI
           I**********S*********S*********S*********S*T*******S*       *SI
           I**********S*********S*********S*********S*T*******S*       *SI
     -65.42I**********S*********S*********S*********S*T*******S*T      *SI    -65.42
           I**********S*********S*********S*********S*T*******S*T      *SI
           I**********S*********S*********S*********S*T*******S*T     **SI
           I**********S*********S*********S*********S*T*******S*T     **SI
     -66.96I**********S*********S*********S*********S*T*******S*T*    **SI    -66.96
           I**********S*********S*********S*********S*T*******S*T*    **SI
           I**********S*********S*********S*********S*T*******S*T**   **SI
           I**********S*********S*********S*********S*T*******S*T**  ***SI
     -68.50I**********S*********S*********S*********S*T*******S*T*******SI    -68.50
 ++++++++++I+++++++++++++++++++++++++++++++++++++++++++++++++++++++++++++I
            S=SEASONAL FREQUENCIES, T=TRADING DAY FREQUENCIES
        R35 monthly CPI index            PAGE  28, SERIES series

  Peak probabilities for Tukey spectrum estimator
  Spectrum estimated from 2018.Aug to 2026.Jul.

                                          S1       S2       S3       S4       S5       S6       TD
                                        ------   ------   ------   ------   ------   ------   ------
  Model Residuals                        0.425    0.449    0.384    0.567    0.515    0.663    0.218  
  Prior Adjusted Series (Table B1)       0.432    0.991**  0.409    0.979*   0.978*   0.888    0.004  
  Seasonally adjusted series (D11)       0.449    0.074    0.328    0.858    0.997**  0.448    0.088  
  Irregular (D13)                        0.716    0.219    0.665    0.110    0.855    0.910*   0.309  
  ----------
     ** - Peak Probability > 0.99,
      * - 0.90 < Peak Probability < 0.99



  NP statistic for residual seasonality:

  NP statistic for residual seasonality (Full series)
                                                  Residual Seasonality?
  log(Seasonally Adjusted Series)                          no
  log(Seasonally Adjusted Series (EV adj))                 no

  NP statistic for residual seasonality (Series start in 2018.Aug)
                                                  Residual Seasonality?
  log(Seasonally Adjusted Series)                          no
  log(Seasonally Adjusted Series (EV adj))                 no
