1
    Log for X-13ARIMA-SEATS program (Version 1.1 Build 62)  Sep 22, 2026  22.39.16 
    *-*-*-*-*-*-*-*-*-*-*-*-*-*-*-*-*-*-*-*-*-*-*-*-*-*-*-*-*-*-*-*-*-*-*-*-*



 Type of  Series      Additional                   Series title
 Adjust.  Ident.      Identifiers


  M-MLT    series -------- -------- R35 monthly CPI index                             
  Moving seasonality ratio     :       5.492
  I/C Ratio                    :       0.991
  Stable Seasonal F, B1 table  :       4.568
  Stable Seasonal F, D8 table  :       7.898
  Moving Seasonal F, D8 table  :       0.482
  Identifiable seasonality     : yes
    M01 :      0.746
    M02 :      0.049
    M03 :      0.000
    M04 :      0.891
    M05 :      0.274
    M06 :      0.597
    M07 :      0.731
    M08 :      1.069
    M09 :      0.302
    M10 :      1.031
    M11 :      0.778
    Q   :      0.541
    Q2  :      0.602

  QS statistic for seasonality:
  log(Original Series)                               10.97  (P-Value =     0.0042)
  log(Original Series (EV adj))                      17.83  (P-Value =     0.0001)
  Residuals                                           0.00  (P-Value =     1.0000)
  log(Seasonally Adjusted Series)                     0.00  (P-Value =     1.0000)
  log(SA Series (EV adj))                             0.00  (P-Value =     1.0000)
  Irregular Series                                    0.00  (P-Value =     1.0000)
  Irregular Series (EV adj)                           0.00  (P-Value =     1.0000)

  QS statistic for seasonality (starting 2018.Aug):
  Original Series                                     6.81  (P-Value =     0.0332)
  Original Series (EV adj)                           10.77  (P-Value =     0.0046)
  Residuals                                           0.00  (P-Value =     1.0000)
  Seasonally Adjusted Series                          0.74  (P-Value =     0.6897)
  Seasonally Adjusted Series (EV adj)                 0.02  (P-Value =     0.9910)
  Irregular Series                                    0.00  (P-Value =     1.0000)
  Irregular Series (EV adj)                           0.00  (P-Value =     1.0000)

 

  Peak probabilities for Tukey spectrum estimator
  Spectrum estimated from 2018.Aug to 2026.Jul.

                                          S1       S2       S3       S4       S5       S6       TD
                                        ------   ------   ------   ------   ------   ------   ------
  Model Residuals                                                                                  
  Prior Adjusted Series (Table B1)                           *                          *          
  Seasonally adjusted series (D11)                                                                 
  Irregular (D13)                                                                                * 
  ----------
     ** - Peak Probability > 0.99,
      * - 0.90 < Peak Probability < 0.99



  NP statistic for residual seasonality:

  NP statistic for residual seasonality (Full series)
                                                  Residual Seasonality?
  log(Seasonally Adjusted Series)                          no
  log(Seasonally Adjusted Series (EV adj))                 no

  NP statistic for residual seasonality (Series start in 2018.Aug)
                                                  Residual Seasonality?
  log(Seasonally Adjusted Series)                          no
  log(Seasonally Adjusted Series (EV adj))                 no

 Spectral Peak Summary:
  Seasonal Spectral Peaks : none
        TD Spectral Peaks : none
  
  
 For Peak Probability > 0.99
  Seasonal Tukey Spectral Peaks : none
        TD Tukey Spectral Peaks : none
  
 For Peak Probability > 0.90
  Seasonal Tukey Spectral Peaks : ori
        TD Tukey Spectral Peaks : irr
