NOWCAST
                   model  frame  n     rmse      mae  consensus_mae  consensus_rmse  closer  direction  material_win  material_loss  alerts  big  alerted_big  false_alarm  directional_big_hit  material_big_hit  median_capture  overshoot_over_2  total_gain
CATEGORY_FULL_CORRECTION    all 90 0.410977 0.258736       0.253333        0.381517      42         47            11              9      22   23            9           13                    7                 6        0.185302                 0   -0.486245
CATEGORY_FULL_CORRECTION    big 23 0.691072 0.504723       0.578261        0.695013      13         13             9              2       9   23            9            0                    7                 6        0.185302                 0    1.691382
CATEGORY_FULL_CORRECTION alerts 22 0.487271 0.347161       0.327273        0.400000      11         16             7              6      22    9            9           13                    7                 6        0.570375                 0   -0.437545
CATEGORY_HALF_CORRECTION    all 90 0.409436 0.256650       0.253333        0.381517      41         46            12              7      23   23            9           14                    7                 6        0.177005                 0   -0.298470
CATEGORY_HALF_CORRECTION    big 23 0.692511 0.508355       0.578261        0.695013      13         13             9              2       9   23            9            0                    7                 6        0.177005                 0    1.607830
CATEGORY_HALF_CORRECTION alerts 23 0.475304 0.330655       0.326087        0.396177      12         17             8              6      23    9            9           14                    7                 6        0.568841                 0   -0.105069
            CATEGORY_RAW    all 90 0.408947 0.256505       0.253333        0.381517      43         47            12              7      21   23            9           12                    7                 6        0.168709                 0   -0.285411
            CATEGORY_RAW    big 23 0.694208 0.511988       0.578261        0.695013      13         13             8              2       9   23            9            0                    7                 6        0.168709                 0    1.524278
            CATEGORY_RAW alerts 21 0.494743 0.344503       0.352381        0.414039      12         16             9              5      21    9            9           12                    7                 6        0.567308                 0    0.165441
               CONSENSUS    all 90 0.381517 0.253333       0.253333        0.381517       0          0             0              0       0   23            0            0                    0                 0        0.000000                 0    0.000000
               CONSENSUS    big 23 0.695013 0.578261       0.578261        0.695013       0          0             0              0       0   23            0            0                    0                 0        0.000000                 0    0.000000
               CONSENSUS alerts  0      NaN      NaN            NaN             NaN       0          0             0              0       0    0            0            0                    0                 0             NaN                 0    0.000000
               HARD_BASE    all 90 0.417952 0.262516       0.253333        0.381517      45         50            12             15      20   23            7           13                    6                 5        0.239404                 1   -0.826416
               HARD_BASE    big 23 0.698570 0.484583       0.578261        0.695013      16         17             7              3       7   23            7            0                    6                 5        0.239404                 1    2.154595
               HARD_BASE alerts 20 0.699986 0.409083       0.370000        0.605805       9         14             7              8      20    7            7           13                    6                 5        0.881312                 1   -0.781651
               HARD_FULL    all 90 0.413931 0.269627       0.253333        0.381517      42         47            13             14      23   23            7           16                    7                 6        0.220501                 1   -1.466415
               HARD_FULL    big 23 0.671074 0.476061       0.578261        0.695013      16         17             9              2       7   23            7            0                    7                 6        0.220501                 1    2.350594
               HARD_FULL alerts 23 0.418401 0.321325       0.265217        0.319647      11         16             9             10      23    7            7           16                    7                 6        0.663981                 1   -1.290482
               HARD_HALF    all 90 0.413696 0.264373       0.253333        0.381517      43         48            10             11      22   23            7           15                    6                 5        0.237479                 1   -0.993588
               HARD_HALF    big 23 0.683313 0.479371       0.578261        0.695013      15         16             7              1       7   23            7            0                    6                 5        0.237479                 1    2.274457
               HARD_HALF alerts 22 0.669334 0.403689       0.354545        0.581534      10         15             8              9      22    7            7           15                    6                 5        0.772646                 1   -1.081150

PRIMARY HEADLINE TURNS
 threshold  clock                  model                        frame  n  actual_turns  calls  hits  false_calls  cnb_calls  cnb_hits  correct_model_cnb_not  distinct_actual_turns  distinct_model_hits
      0.25 cutoff          CORE_NEWS_R17 unfinished_or_future_quarter 31            10     10     2            8          2         0                      2                      5                    1
      0.25 cutoff          CORE_NEWS_R17          fully_future_centre 31            10     10     2            8          2         0                      2                      5                    1
      0.25 cutoff    DAMPED_P95_Q001_R16 unfinished_or_future_quarter 31            10      9     2            7          2         0                      2                      5                    1
      0.25 cutoff    DAMPED_P95_Q001_R16          fully_future_centre 31            10      9     2            7          2         0                      2                      5                    1
      0.25 cutoff     INDEPENDENT_BRIDGE unfinished_or_future_quarter 31            10      7     2            5          2         0                      2                      5                    1
      0.25 cutoff     INDEPENDENT_BRIDGE          fully_future_centre 31            10      7     2            5          2         0                      2                      5                    1
      0.25 cutoff          PATH_POOL_R17 unfinished_or_future_quarter 31            10      9     2            7          2         0                      2                      5                    1
      0.25 cutoff          PATH_POOL_R17          fully_future_centre 31            10      9     2            7          2         0                      2                      5                    1
      0.25 cutoff        RF_RESIDUAL_R15 unfinished_or_future_quarter 31            10      8     2            6          2         0                      2                      5                    1
      0.25 cutoff        RF_RESIDUAL_R15          fully_future_centre 31            10      8     2            6          2         0                      2                      5                    1
      0.25 cutoff STABLE_LOCAL_CORE_R14B unfinished_or_future_quarter 31            10      8     2            6          2         0                      2                      5                    1
      0.25 cutoff STABLE_LOCAL_CORE_R14B          fully_future_centre 31            10      8     2            6          2         0                      2                      5                    1
      0.25 cutoff         STATE_FAST_R15 unfinished_or_future_quarter 31            10      9     2            7          2         0                      2                      5                    1
      0.25 cutoff         STATE_FAST_R15          fully_future_centre 31            10      9     2            7          2         0                      2                      5                    1
      0.25 report          CORE_NEWS_R17 unfinished_or_future_quarter 31            10     11     2            9          2         0                      2                      5                    1
      0.25 report          CORE_NEWS_R17          fully_future_centre 31            10     11     2            9          2         0                      2                      5                    1
      0.25 report    DAMPED_P95_Q001_R16 unfinished_or_future_quarter 31            10      9     2            7          2         0                      2                      5                    1
      0.25 report    DAMPED_P95_Q001_R16          fully_future_centre 31            10      9     2            7          2         0                      2                      5                    1
      0.25 report     INDEPENDENT_BRIDGE unfinished_or_future_quarter 31            10      7     2            5          2         0                      2                      5                    1
      0.25 report     INDEPENDENT_BRIDGE          fully_future_centre 31            10      7     2            5          2         0                      2                      5                    1
      0.25 report          PATH_POOL_R17 unfinished_or_future_quarter 31            10      9     2            7          2         0                      2                      5                    1
      0.25 report          PATH_POOL_R17          fully_future_centre 31            10      9     2            7          2         0                      2                      5                    1
      0.25 report        RF_RESIDUAL_R15 unfinished_or_future_quarter 31            10      8     2            6          2         0                      2                      5                    1
      0.25 report        RF_RESIDUAL_R15          fully_future_centre 31            10      8     2            6          2         0                      2                      5                    1
      0.25 report STABLE_LOCAL_CORE_R14B unfinished_or_future_quarter 31            10      8     2            6          2         0                      2                      5                    1
      0.25 report STABLE_LOCAL_CORE_R14B          fully_future_centre 31            10      8     2            6          2         0                      2                      5                    1
      0.25 report         STATE_FAST_R15 unfinished_or_future_quarter 31            10      9     2            7          2         0                      2                      5                    1
      0.25 report         STATE_FAST_R15          fully_future_centre 31            10      9     2            7          2         0                      2                      5                    1

PRIMARY EVENT PRIORITY
 threshold  clock                  model quarter  actual_turn first_model_round first_cnb_round                 status  left_censored  supported_earlier_round  lead_days_between_reports  n_opportunities
      0.25 report          CORE_NEWS_R17  2022Q3            1               NaN             NaN           model_missed          False                    False                        NaN                2
      0.25 report          CORE_NEWS_R17  2022Q4           -1               NaN             NaN           model_missed          False                    False                        NaN                2
      0.25 report          CORE_NEWS_R17  2023Q1            1               NaN      2023-02-09           model_missed          False                    False                        NaN                2
      0.25 report          CORE_NEWS_R17  2024Q1           -1        2023-08-10             NaN model_only_no_cnb_call          False                    False                        NaN                2
      0.25 report          CORE_NEWS_R17  2026Q1           -1               NaN             NaN           model_missed          False                    False                        NaN                2
      0.25 report    DAMPED_P95_Q001_R16  2022Q3            1               NaN             NaN           model_missed          False                    False                        NaN                2
      0.25 report    DAMPED_P95_Q001_R16  2022Q4           -1               NaN             NaN           model_missed          False                    False                        NaN                2
      0.25 report    DAMPED_P95_Q001_R16  2023Q1            1               NaN      2023-02-09           model_missed          False                    False                        NaN                2
      0.25 report    DAMPED_P95_Q001_R16  2024Q1           -1        2023-08-10             NaN model_only_no_cnb_call          False                    False                        NaN                2
      0.25 report    DAMPED_P95_Q001_R16  2026Q1           -1               NaN             NaN           model_missed          False                    False                        NaN                2
      0.25 report     INDEPENDENT_BRIDGE  2022Q3            1               NaN             NaN           model_missed          False                    False                        NaN                2
      0.25 report     INDEPENDENT_BRIDGE  2022Q4           -1               NaN             NaN           model_missed          False                    False                        NaN                2
      0.25 report     INDEPENDENT_BRIDGE  2023Q1            1               NaN      2023-02-09           model_missed          False                    False                        NaN                2
      0.25 report     INDEPENDENT_BRIDGE  2024Q1           -1        2023-08-10             NaN model_only_no_cnb_call          False                    False                        NaN                2
      0.25 report     INDEPENDENT_BRIDGE  2026Q1           -1               NaN             NaN           model_missed          False                    False                        NaN                2
      0.25 report          PATH_POOL_R17  2022Q3            1               NaN             NaN           model_missed          False                    False                        NaN                2
      0.25 report          PATH_POOL_R17  2022Q4           -1               NaN             NaN           model_missed          False                    False                        NaN                2
      0.25 report          PATH_POOL_R17  2023Q1            1               NaN      2023-02-09           model_missed          False                    False                        NaN                2
      0.25 report          PATH_POOL_R17  2024Q1           -1        2023-08-10             NaN model_only_no_cnb_call          False                    False                        NaN                2
      0.25 report          PATH_POOL_R17  2026Q1           -1               NaN             NaN           model_missed          False                    False                        NaN                2
      0.25 report        RF_RESIDUAL_R15  2022Q3            1               NaN             NaN           model_missed          False                    False                        NaN                2
      0.25 report        RF_RESIDUAL_R15  2022Q4           -1               NaN             NaN           model_missed          False                    False                        NaN                2
      0.25 report        RF_RESIDUAL_R15  2023Q1            1               NaN      2023-02-09           model_missed          False                    False                        NaN                2
      0.25 report        RF_RESIDUAL_R15  2024Q1           -1        2023-08-10             NaN model_only_no_cnb_call          False                    False                        NaN                2
      0.25 report        RF_RESIDUAL_R15  2026Q1           -1               NaN             NaN           model_missed          False                    False                        NaN                2
      0.25 report STABLE_LOCAL_CORE_R14B  2022Q3            1               NaN             NaN           model_missed          False                    False                        NaN                2
      0.25 report STABLE_LOCAL_CORE_R14B  2022Q4           -1               NaN             NaN           model_missed          False                    False                        NaN                2
      0.25 report STABLE_LOCAL_CORE_R14B  2023Q1            1               NaN      2023-02-09           model_missed          False                    False                        NaN                2
      0.25 report STABLE_LOCAL_CORE_R14B  2024Q1           -1        2023-08-10             NaN model_only_no_cnb_call          False                    False                        NaN                2
      0.25 report STABLE_LOCAL_CORE_R14B  2026Q1           -1               NaN             NaN           model_missed          False                    False                        NaN                2
      0.25 report         STATE_FAST_R15  2022Q3            1               NaN             NaN           model_missed          False                    False                        NaN                2
      0.25 report         STATE_FAST_R15  2022Q4           -1               NaN             NaN           model_missed          False                    False                        NaN                2
      0.25 report         STATE_FAST_R15  2023Q1            1               NaN      2023-02-09           model_missed          False                    False                        NaN                2
      0.25 report         STATE_FAST_R15  2024Q1           -1        2023-08-10             NaN model_only_no_cnb_call          False                    False                        NaN                2
      0.25 report         STATE_FAST_R15  2026Q1           -1               NaN             NaN           model_missed          False                    False                        NaN                2
