  Reading input spec file from series.spc

1

               U. S. Department of Commerce, U. S. Census Bureau

              X-13ARIMA-SEATS monthly seasonal adjustment Method,
                          Release Version 1.1 Build 62


           This software application provides an enhanced version of
             Statistics Canada's X-11-ARIMA extension (Dagum, 1980)
                 of the X-11 variant of the Census Method II of
                      Shiskin, Young and Musgrave (1967).

            It also provides an ARIMA model-based method following
       Hillmer and Tiao (1982) and Burman (1980) that is very similar
       to the update of the method of SEATS (Gomez and Maravall, 1996)
                produced at the Bank of Spain by G. Caporello and
               A. Maravall for TSW (Caporello and Maravall, 2004).
          The present application includes additional enhancements.

         X-13ARIMA-SEATS includes an automatic ARIMA model selection procedure
          based largely on the procedure of Gomez and Maravall (1998)
            as implemented in TRAMO (1996) and subsequent revisions.

              Primary Programmers: Brian Monsell, Mark Otto and,
                 for the ARIMA model-based signal extraction,
                      Gianluca Caporello and Victor Gomez


     Series Title- R35 monthly CPI index
     Series Name- series
     Sep 22, 2026  22.39.42 

        -Period covered-  1st month,2015 to  8th month,2026
        -Type of run - multiplicative seasonal adjustment

        -Sigma limits for graduating extreme values are  1.5 and  2.5 .
        -3x3 moving average used in section 1 of each iteration, 
         3x5 moving average in section 2 of iterations B and C,
         moving average for final seasonal factors chosen by Global MSR.
        -Spectral plots generated for selected series
        -Spectral plots generated for series starting in 2018.Sep

 FILE SAVE REQUESTS (* indicates file exists and will be overwritten)
  series.d10  final seasonal factors
  series.d11  final seasonally adjusted data
  series.d12  final trend cycle
  series.d13  final irregular component
  series.out  program output file
  series.err  program error file
  series.udg  seasonal adjustment and model diagnostics file
        R35 monthly CPI index            PAGE   1, SERIES series

     Contents of spc file series.spc

 Line #
 ------
      1: series { title="R35 monthly CPI index" start=2015.1 period=12 data=(
      2: 98.700000000000003 99.5 99.5 99.700000000000003 99.900000000000006 100.3
      3: 100.3 100.3 100.40000000000001 100.40000000000001 100.40000000000001 100.5
      4: 100.59999999999999 100.5 100.5 101.5 101.7 102.09999999999999
      5: 102.40000000000001 102.3 102.8 103.2 102.90000000000001 102.2
      6: 102.40000000000001 101.5 101.5 101.59999999999999 100.90000000000001 100.90000000000001
      7: 100.59999999999999 100.40000000000001 100.5 100.59999999999999 100.8 100.8
      8: 101.09999999999999 101.7 101.90000000000001 102.09999999999999 102.5 103.09999999999999
      9: 104.59999999999999 104.59999999999999 104.8 105.59999999999999 105.7 106
     10: 106.3 106.5 106.90000000000001 107.7 108.3 108.3
     11: 109.90000000000001 109.90000000000001 110 110 109.8 109.8
     12: 110.3 111.09999999999999 111.3 111.40000000000001 111.5 111.40000000000001
     13: 111.90000000000001 112 112.09999999999999 112.2 112.2 113.40000000000001
     14: 114.59999999999999 116.40000000000001 117.5 117.8 117.8 117.8
     15: 117.8 119 119.09999999999999 119.09999999999999 120 120
     16: 121.09999999999999 122.8 122.90000000000001 123.59999999999999 124 124
     17: 125.40000000000001 125.5 125.59999999999999 126.40000000000001 126.8 127.09999999999999
     18: 128.69999999999999 128 128.09999999999999 128.19999999999999 128.19999999999999 128.30000000000001
     19: 128.40000000000001 128.80000000000001 129.19999999999999 129.40000000000001 130 130.30000000000001
     20: 130.90000000000001 133.40000000000001 133.69999999999999 133.69999999999999 134.40000000000001 134.5
     21: 135.30000000000001 135.40000000000001 135.80000000000001 135.90000000000001 136 136.09999999999999
     22: 137 139.5 139.90000000000001 140.69999999999999 141 141.19999999999999
     23: 141.40000000000001 141.59999999999999 142 142.09999999999999 143.40000000000001 143.69999999999999
     24: 145.09999999999999 146.30000000000001 146.40000000000001 146.5 146.59999999999999 146.90000000000001
     25: 147.19999999999999 147.59999999999999
     26: ) }
     27: transform { function=log }
     28: automdl { }
     29: outlier { types=(ao ls tc) }
     30: x11 { mode=mult save=(d10 d11 d12 d13) appendfcst=no appendbcst=no savelog=all }
     31: spectrum { logqs=yes robustsa=no print=all savelog=all }
     32: check { }
        R35 monthly CPI index            PAGE   2, SERIES series

 A 1  Time series data (for the span analyzed)
  From  2015.Jan to 2026.Aug
  Observations        140
 -----------------------------------------------------------------------------
               Jan      Feb      Mar      Apr      May      Jun 
               Jul      Aug      Sep      Oct      Nov      Dec        TOTAL  
 -----------------------------------------------------------------------------
  2015          99.     100.     100.     100.     100.     100.
               100.     100.     100.     100.     100.     101.         1200.
 
  2016         101.     101.     101.     102.     102.     102.
               102.     102.     103.     103.     103.     102.         1223.
 
  2017         102.     102.     102.     102.     101.     101.
               101.     100.     101.     101.     101.     101.         1213.
 
  2018         101.     102.     102.     102.     103.     103.
               105.     105.     105.     106.     106.     106.         1244.
 
  2019         106.     107.     107.     108.     108.     108.
               110.     110.     110.     110.     110.     110.         1303.
 
  2020         110.     111.     111.     111.     112.     111.
               112.     112.     112.     112.     112.     113.         1341.
 
  2021         115.     116.     118.     118.     118.     118.
               118.     119.     119.     119.     120.     120.         1417.
 
  2022         121.     123.     123.     124.     124.     124.
               125.     126.     126.     126.     127.     127.         1495.
 
  2023         129.     128.     128.     128.     128.     128.
               128.     129.     129.     129.     130.     130.         1546.
 
  2024         131.     133.     134.     134.     134.     135.
               135.     135.     136.     136.     136.     136.         1615.
 
  2025         137.     140.     140.     141.     141.     141.
               141.     142.     142.     142.     143.     144.         1694.
 
  2026         145.     146.     146.     147.     147.     147.
               147.     148.                                             1173.
 
  AVGE         116.     117.     118.     118.     118.     118.
               119.     119.     117.     117.     117.     117.

  Table Total-     16461.90   Mean-     117.58   Std. Dev.-      15.31
                              Min -      98.70        Max -     147.60
        R35 monthly CPI index            PAGE   3, SERIES series
                        Automatic ARIMA Model Selection

                    Procedure based closely on TRAMO method 
                         of Gomez and Maravall (2000)
              "Automatic Modeling Methods for Univariate Series",
                            A Course in Time Series
                  (Edited by D. Pena, G. C. Tiao, R. S. Tsay),
                         New York : J. Wiley and Sons


     Maximum order for regular ARMA parameters :   2
     Maximum order for seasonal ARMA parameters :   1
     Maximum order for regular differencing :   2
     Maximum order for seasonal differencing :   1

   Results of Unit Root Test for identifying orders of differencing:
     Regular difference order :   1
     Seasonal difference order :   0

     Mean is significant.

  Automatic model choice : (1 1 0)(1 0 1)

   Results of Unit Root Test for identifying orders of differencing:
     Regular difference order :   1
     Seasonal difference order :   0

     Mean is significant.

  Automatic model choice : (1 1 1)(1 0 1)


  Final Checks for Identified Model


  Checking for Unit Roots.
   No unit roots found.

  Checking for nonseasonal overdifferencing.
   Nonseasonal MA not within  0.001 of 1.0 - model passes test.

  Checking for insignificant ARMA coefficients.

  Final automatic model choice : (3 1 1)(1 0 1)
   End of automatic model selection procedure.

 Average absolute percentage error in within-sample forecasts:
  Last year:   0.65      Last-1 year:   1.08     Last-2 year:   2.00
  Last three years:    1.25

 Estimation converged in   39 ARMA iterations,  336 function evaluations.

 Regression Model
 ------------------------------------------------------------------------------
                             Parameter        Standard
 Variable                     Estimate           Error      t-value
 ------------------------------------------------------------------------------
 Constant                       0.0027         0.00095         2.87

 Automatically Identified Outliers
   LS2018.Jul                   0.0088         0.00219         4.03
   TC2019.Jul                   0.0094         0.00194         4.87
   LS2021.Aug                   0.0093         0.00223         4.14
   AO2023.Jan                   0.0086         0.00116         7.45
 ------------------------------------------------------------------------------


 ARIMA Model:  (3 1 1)(1 0 1)
   Nonseasonal differences: 1
                                              Standard
 Parameter                    Estimate          Errors
 -----------------------------------------------------
 Nonseasonal AR                                    
   Lag  1                      -0.6625         0.08177
   Lag  2                       0.2711         0.09483
   Lag  3                       0.2784         0.08103

 Seasonal AR                                       
   Lag 12                       0.8643         0.07698

 Nonseasonal MA                                    
   Lag  1                      -0.9999         0.03613

 Seasonal MA                                       
   Lag 12                       0.6555         0.08282

 Variance                       0.10829E-04
 SE of Var                      0.12989E-05
 -----------------------------------------------------

 Likelihood Statistics
 ------------------------------------------------------------------
 Number of observations (nobs)                                  140
 Effective number of observations (nefobs)                      139
 Number of parameters estimated (np)                             12
 Log likelihood                                            594.5685
 Transformation Adjustment                                -661.6524
 Adjusted Log likelihood (L)                               -67.0839
 AIC                                                       158.1678 
 AICC (F-corrected-AIC)                                    160.6440 
 Hannan Quinn                                              172.4777 
 BIC                                                       193.3815 
 ------------------------------------------------------------------


 DIAGNOSTIC CHECKING
  Sample Autocorrelations of the Residuals with the Ljung-Box diagnostic.

  Lag      1     2     3     4     5     6     7     8     9    10    11    12
  ACF  -0.00  0.02 -0.02 -0.11  0.04  0.04 -0.14 -0.09 -0.01 -0.07  0.19 -0.07
  SE    0.08  0.08  0.08  0.08  0.09  0.09  0.09  0.09  0.09  0.09  0.09  0.09
  Q     0.00  0.08  0.15  1.76  2.02  2.23  5.35  6.63  6.64  7.37 12.78 13.48
  DF       0     0     0     0     0     0     1     2     3     4     5     6
  P    0.000 0.000 0.000 0.000 0.000 0.000 0.021 0.036 0.084 0.118 0.026 0.036

  Lag     13    14    15    16    17    18    19    20    21    22    23    24
  ACF  -0.01 -0.06 -0.09  0.04 -0.05 -0.06  0.17 -0.06  0.09  0.02 -0.06  0.03
  SE    0.09  0.09  0.09  0.09  0.09  0.09  0.09  0.10  0.10  0.10  0.10  0.10
  Q    13.49 14.06 15.32 15.56 15.91 16.43 21.27 21.94 23.28 23.36 23.91 24.06
  DF       7     8     9    10    11    12    13    14    15    16    17    18
  P    0.061 0.080 0.082 0.113 0.145 0.172 0.068 0.080 0.078 0.104 0.122 0.153

  The P-values approximate the probability of observing a Q-value at least
  this large when the model fitted is correct.  When DF is positive, small
  values of P, customarily those below 0.05, indicate model inadequacy.

  Sample Autocorrelations of the Residuals
                 -1.0 -0.8 -0.6 -0.4 -0.2  0.0  0.2  0.4  0.6  0.8  1.0
                   +----+----+----+----+----+----+----+----+----+----+
            1                           .   |   .                     -0.003
            2                           .   |X  .                      0.023
            3                           .  X|   .                     -0.022
            4                           .XXX|   .                     -0.105
            5                           .   |X  .                      0.042
            6                           .   |X  .                      0.038
            7                           XXXX|   .                     -0.145
            8                           . XX|   .                     -0.093
            9                           .   |   .                     -0.007
           10                           . XX|   .                     -0.069
           11                           .   |XXXXX                     0.188
           12       - - - - - - - - -  .  XX|    .  - - - - - - - -   -0.067
           13                          .    |    .                    -0.008
           14                          .  XX|    .                    -0.060
           15                          .  XX|    .                    -0.089
           16                          .    |X   .                     0.039
           17                          .   X|    .                    -0.047
           18                          .   X|    .                    -0.057
           19                          .    |XXXX.                     0.172
           20                          .  XX|    .                    -0.064
           21                          .    |XX  .                     0.090
           22                          .    |X   .                     0.022
           23                          .   X|    .                    -0.057
           24       - - - - - - - - -  .    |X   .  - - - - - - - -    0.030
  
  Sample Autocorrelations of the Squared Residuals with the Ljung-Box diagnostic.

  Lag      1     2     3     4     5     6     7     8     9    10    11    12
  ACF   0.03  0.06 -0.03 -0.08 -0.03 -0.05 -0.06 -0.06 -0.06  0.02  0.00  0.29
  SE    0.08  0.08  0.09  0.09  0.09  0.09  0.09  0.09  0.09  0.09  0.09  0.09
  Q     0.13  0.71  0.81  1.67  1.78  2.16  2.75  3.28  3.82  3.87  3.87 17.07
  DF       0     0     0     0     0     0     1     2     3     4     5     6
  P    0.000 0.000 0.000 0.000 0.000 0.000 0.097 0.194 0.281 0.424 0.568 0.009

  Lag     13    14    15    16    17    18    19    20    21    22    23    24
  ACF  -0.06 -0.01 -0.06 -0.11  0.02 -0.05  0.17 -0.05 -0.07 -0.03 -0.08  0.06
  SE    0.09  0.09  0.09  0.09  0.10  0.10  0.10  0.10  0.10  0.10  0.10  0.10
  Q    17.57 17.59 18.18 20.06 20.13 20.46 25.23 25.61 26.34 26.51 27.49 28.13
  DF       7     8     9    10    11    12    13    14    15    16    17    18
  P    0.014 0.025 0.033 0.029 0.044 0.059 0.022 0.029 0.035 0.047 0.051 0.060

  The P-values approximate the probability of observing a Q-value at least
  this large when the model fitted is correct in a way that supports the
  standard interpretations of the test statistics, standard errors, and
  prediction intervals output by X-13ARIMA-SEATS. When DF is positive, small
  values of P, customarily those below 0.05, suggest that model-based
  inferences about statistical significance and uncertainty will be less
  dependable than usual.

  Sample Autocorrelations of the Squared Residuals
                 -1.0 -0.8 -0.6 -0.4 -0.2  0.0  0.2  0.4  0.6  0.8  1.0
                   +----+----+----+----+----+----+----+----+----+----+
            1                           .   |X  .                      0.030
            2                           .   |XX .                      0.064
            3                           .  X|   .                     -0.026
            4                           . XX|   .                     -0.077
            5                           .  X|   .                     -0.028
            6                           .  X|   .                     -0.051
            7                           . XX|   .                     -0.063
            8                           .  X|   .                     -0.059
            9                           . XX|   .                     -0.060
           10                           .   |   .                      0.018
           11                           .   |   .                      0.000
           12       - - - - - - - - -   .   |XXXXXXX    - - - - - -    0.292
           13                          .   X|    .                    -0.057
           14                          .    |    .                    -0.012
           15                          .  XX|    .                    -0.061
           16                          . XXX|    .                    -0.109
           17                          .    |X   .                     0.021
           18                          .   X|    .                    -0.045
           19                          .    |XXXX.                     0.171
           20                          .   X|    .                    -0.048
           21                          .  XX|    .                    -0.066
           22                          .   X|    .                    -0.032
           23                          .  XX|    .                    -0.076
           24       - - - - - - - - -  .    |XX  .  - - - - - - - -    0.061
  
 Histogram of the Standardized and Mean-Centered Residuals
  Standard
  Deviations    Frequency
       -3 +
          |#
       -2 +#
          |########
       -1 +######################
          |#######################
        0 +#############################
          |############################
        1 +############
          |####
        2 +#####
          |#
        3 +####

  Outlier [#

  One '#'= 1 observation[s]

 Tabular Histogram of the Standardized and Mean-Centered Residuals

  Standard
  Deviations    Frequency

 -3.00                 0

 -2.50                 1

 -2.00                 1

 -1.50                 8

 -1.00                22

 -0.50                23

  0.00                29

  0.50                28

  1.00                12

  1.50                 4

  2.00                 5

  2.50                 1

  3.00                 4

  Residuals with |t|>3.25

  Obs       t-value
  -----------------
  2024.Jan     4.10

 Summary Statistics for the Unstandardized Residuals
  Minimum                    -0.007
  Maximum                     0.012
  Median                      0.000
  Robust Std Dev              0.003

 Normality Statistics for regARIMA Model Residuals:

    Number of residuals  :    139

    Skewness coefficient :    0.8213   (significant positive skewness at one percent level)
    Geary's a            :    0.7607    
    Kurtosis             :    4.2438   (significant at one percent level)

  Significant skewness has been detected in the model residuals;
  this makes the Geary's a and Kurtosis statistics unreliable indicators
  of the normality of the residuals.

 Durbin-Watson Statistic for regARIMA Model Residuals:
  dw =     1.988626

 Friedman Non-Parametric Test for regARIMA Model Residuals:
  ken =     8.706294 ( Asymptotically distributed as Chi-Square(11), P-Value =     0.648982 )

 QS Statistic for regARIMA Model Residuals (full series):             0.00
                                                       (P-Value =     1.0000)

 QS Statistic for regARIMA Model Residuals (starting 2018.Sep):       1.02
                                                       (P-Value =     0.5993)
      10*LOG(SPECTRUM) of the regARIMA model residuals
      Spectrum estimated from 2018.Sep to 2026.Aug.
 ++++++++++I+++++++++++++++++++++++++++++++++++++++++++++++++++++++++++++I
     -44.91I           *                                                 I    -44.91
           I           *                                *                I
           I           *                                *                I
           I           *                                **               I
     -46.00I           **        *                      **               I    -46.00
           I           **        **                     **               I
           I           **        **                     **               I
           I           **        **                     **           *   I
     -47.09I       *   **        **                 S   **           *   I    -47.09
           I       *   **        **                 S   **           *   I
           I       *   **        **                 S   **      T    *   I
           I       *   **        **                 S   **      T    *   I
     -48.19I       *   **       S**        *       *S   **      T    *   I    -48.19
           I       *   **      *S**        *       *S   **      T    *   I
           I       *  S***     *S**        *       *S   **     *T*   *   I
           I       *  S***    **S**        *       *S*  **     *T*   *   I
     -49.28I       *  S***    **S**        *       *S*  **     *T*   *   I    -49.28
           I      **  S***    **S**        *       *S*  **     *T*  **   I
           I      **  S***    **S**        *       *S*  **     *T*  **   I
           I      *** S***    **S***      S*       *S*  **     *T** **   I
     -50.37I      *** S***    **S***  *   S*       *S*  **     *T** **   I    -50.37
           I      *** S***    **S*** **   S*       *S*  **     *T*****   I
           I      ****S****   **S*** **   S*       *S*T***     *T******  I
           I      ****S****  ***S*** **   S*      **S*T***     *T******  I
     -51.47I      ****S****  ***S******   S*      **S*T***     *T******  I    -51.47
           I      ****S****  ***S******   S*      **S*T***     *T******  I
           I      ****S****  ***S******   S*      **S*T***     *T******  I
           I      ****S***** ***S******   S*      **S*T***    S*T******  I
     -52.56I      ****S*********S******   S*      **S*T***    S*T******  I    -52.56
           I      ****S*********S*******  S**     **S*T***    S*T******  I
           I      ****S*********S*******  S**     **S*T***    S*T******  I
           I     *****S*********S*******  S**     **S*T****   S*T******  I
     -53.65I     *****S*********S******* *S**    ***S*T****   S*T******  I    -53.65
           I     *****S*********S******* *S**    ***S*T****   S*T******  I
           I     *****S*********S******* *S**    ***S*T****   S*T******  I
           I     *****S*********S*********S**    ***S*T****   S*T******  I
     -54.74I    ******S*********S*********S**    ***S*T****   S*T******* I    -54.74
           I    ******S*********S*********S**   ****S*T****   S*T******* I
           I   *******S*********S*********S**   ****S*T****   S*T******* I
           I   *******S*********S*********S***  ****S*T****   S*T******* I
     -55.84I   *******S*********S*********S***  ****S*T****  *S*T******* I    -55.84
           I   *******S*********S*********S*** *****S*T****  *S*T*******SI
           I   *******S*********S*********S*********S*T****  *S*T*******SI
           I   *******S*********S*********S*********S*T***** *S*T*******SI
     -56.93I  ********S*********S*********S*********S*T***** *S*T*******SI    -56.93
           I  ********S*********S*********S*********S*T***** *S*T*******SI
           I  ********S*********S*********S*********S*T*******S*T*******SI
           I  ********S*********S*********S*********S*T*******S*T*******SI
     -58.02I  ********S*********S*********S*********S*T*******S*T*******SI    -58.02
           I  ********S*********S*********S*********S*T*******S*T*******SI
           I *********S*********S*********S*********S*T*******S*T*******SI
           I *********S*********S*********S*********S*T*******S*T*******SI
     -59.12I**********S*********S*********S*********S*T*******S*T*******SI    -59.12
 ++++++++++I+++++++++++++++++++++++++++++++++++++++++++++++++++++++++++++I
            S=SEASONAL FREQUENCIES, T=TRADING DAY FREQUENCIES


 FORECASTING
  Origin  2026.Aug
  Number        12

  Forecasts and Standard Errors of the Transformed Data
   ------------------------------
                         Standard
       Date   Forecast      Error
   ------------------------------
   2026.Sep       5.00      0.003
   2026.Oct       5.00      0.006
   2026.Nov       5.00      0.007
   2026.Dec       5.00      0.009
   2027.Jan       5.01      0.011
   2027.Feb       5.02      0.012
   2027.Mar       5.02      0.014
   2027.Apr       5.02      0.015
   2027.May       5.03      0.016
   2027.Jun       5.03      0.017
   2027.Jul       5.03      0.018
   2027.Aug       5.03      0.019
   ------------------------------

  Confidence intervals with coverage probability ( 0.95000
  On the Original Scale
   ---------------------------------------
       Date      Lower  Forecast     Upper
   ---------------------------------------
   2026.Sep     146.93    147.89    148.85
   2026.Oct     146.64    148.23    149.84
   2026.Nov     146.72    148.80    150.91
   2026.Dec     146.47    149.13    151.84
   2027.Jan     146.85    149.95    153.11
   2027.Feb     147.60    151.18    154.84
   2027.Mar     147.56    151.52    155.59
   2027.Apr     147.55    151.89    156.36
   2027.May     147.53    152.23    157.07
   2027.Jun     147.48    152.51    157.71
   2027.Jul     147.60    152.95    158.49
   2027.Aug     147.63    153.28    159.15
   ---------------------------------------
        R35 monthly CPI index            PAGE   4, SERIES series
  
 A 8  RegARIMA combined outlier component
      (AO, LS, TC outliers included)
  From  2015.Jan to 2026.Aug
  Observations        140
 -----------------------------------------------------------------------------
               Jan      Feb      Mar      Apr      May      Jun 
               Jul      Aug      Sep      Oct      Nov      Dec         AVGE  
 -----------------------------------------------------------------------------
  2015         98.2     98.2     98.2     98.2     98.2     98.2
               98.2     98.2     98.2     98.2     98.2     98.2          98.2
 
  2016         98.2     98.2     98.2     98.2     98.2     98.2
               98.2     98.2     98.2     98.2     98.2     98.2          98.2
 
  2017         98.2     98.2     98.2     98.2     98.2     98.2
               98.2     98.2     98.2     98.2     98.2     98.2          98.2
 
  2018         98.2     98.2     98.2     98.2     98.2     98.2
               99.1     99.1     99.1     99.1     99.1     99.1          98.6
 
  2019         99.1     99.1     99.1     99.1     99.1     99.1
              100.0     99.7     99.5     99.4     99.3     99.2          99.3
 
  2020         99.2     99.2     99.1     99.1     99.1     99.1
               99.1     99.1     99.1     99.1     99.1     99.1          99.1
 
  2021         99.1     99.1     99.1     99.1     99.1     99.1
               99.1    100.0    100.0    100.0    100.0    100.0          99.5
 
  2022        100.0    100.0    100.0    100.0    100.0    100.0
              100.0    100.0    100.0    100.0    100.0    100.0         100.0
 
  2023        100.9    100.0    100.0    100.0    100.0    100.0
              100.0    100.0    100.0    100.0    100.0    100.0         100.1
 
  2024        100.0    100.0    100.0    100.0    100.0    100.0
              100.0    100.0    100.0    100.0    100.0    100.0         100.0
 
  2025        100.0    100.0    100.0    100.0    100.0    100.0
              100.0    100.0    100.0    100.0    100.0    100.0         100.0
 
  2026        100.0    100.0    100.0    100.0    100.0    100.0
              100.0    100.0                                             100.0
 
  AVGE         99.3     99.2     99.2     99.2     99.2     99.2
               99.3     99.4     99.3     99.3     99.3     99.3

  Table Total-     13894.67   Mean-      99.25   Std. Dev.-       1.08
                              Min -      98.21        Max -     100.87

 A 8.A  RegARIMA outlier component
  From  2026.Sep to 2027.Aug
  Observations         12
 -----------------------------------------------------------------------------
               Jan      Feb      Mar      Apr      May      Jun 
               Jul      Aug      Sep      Oct      Nov      Dec         AVGE  
 -----------------------------------------------------------------------------
  2026                                                          
                                100.0    100.0    100.0    100.0         100.0
 
  2027        100.0    100.0    100.0    100.0    100.0    100.0
              100.0    100.0                                             100.0
 
        R35 monthly CPI index            PAGE   5, SERIES series

 A 8.AO  RegARIMA AO outlier component
  From  2015.Jan to 2026.Aug
  Observations        140
 -----------------------------------------------------------------------------
               Jan      Feb      Mar      Apr      May      Jun 
               Jul      Aug      Sep      Oct      Nov      Dec         AVGE  
 -----------------------------------------------------------------------------
  2015        100.0    100.0    100.0    100.0    100.0    100.0
              100.0    100.0    100.0    100.0    100.0    100.0         100.0
 
  2016        100.0    100.0    100.0    100.0    100.0    100.0
              100.0    100.0    100.0    100.0    100.0    100.0         100.0
 
  2017        100.0    100.0    100.0    100.0    100.0    100.0
              100.0    100.0    100.0    100.0    100.0    100.0         100.0
 
  2018        100.0    100.0    100.0    100.0    100.0    100.0
              100.0    100.0    100.0    100.0    100.0    100.0         100.0
 
  2019        100.0    100.0    100.0    100.0    100.0    100.0
              100.0    100.0    100.0    100.0    100.0    100.0         100.0
 
  2020        100.0    100.0    100.0    100.0    100.0    100.0
              100.0    100.0    100.0    100.0    100.0    100.0         100.0
 
  2021        100.0    100.0    100.0    100.0    100.0    100.0
              100.0    100.0    100.0    100.0    100.0    100.0         100.0
 
  2022        100.0    100.0    100.0    100.0    100.0    100.0
              100.0    100.0    100.0    100.0    100.0    100.0         100.0
 
  2023        100.9    100.0    100.0    100.0    100.0    100.0
              100.0    100.0    100.0    100.0    100.0    100.0         100.1
 
  2024        100.0    100.0    100.0    100.0    100.0    100.0
              100.0    100.0    100.0    100.0    100.0    100.0         100.0
 
  2025        100.0    100.0    100.0    100.0    100.0    100.0
              100.0    100.0    100.0    100.0    100.0    100.0         100.0
 
  2026        100.0    100.0    100.0    100.0    100.0    100.0
              100.0    100.0                                             100.0
 
  AVGE        100.1    100.0    100.0    100.0    100.0    100.0
              100.0    100.0    100.0    100.0    100.0    100.0

  Table Total-     14000.87   Mean-     100.01   Std. Dev.-       0.07
                              Min -     100.00        Max -     100.87
        R35 monthly CPI index            PAGE   6, SERIES series

 A 8.LS  RegARIMA level change outlier component
  From  2015.Jan to 2026.Aug
  Observations        140
 -----------------------------------------------------------------------------
               Jan      Feb      Mar      Apr      May      Jun 
               Jul      Aug      Sep      Oct      Nov      Dec         AVGE  
 -----------------------------------------------------------------------------
  2015         98.2     98.2     98.2     98.2     98.2     98.2
               98.2     98.2     98.2     98.2     98.2     98.2          98.2
 
  2016         98.2     98.2     98.2     98.2     98.2     98.2
               98.2     98.2     98.2     98.2     98.2     98.2          98.2
 
  2017         98.2     98.2     98.2     98.2     98.2     98.2
               98.2     98.2     98.2     98.2     98.2     98.2          98.2
 
  2018         98.2     98.2     98.2     98.2     98.2     98.2
               99.1     99.1     99.1     99.1     99.1     99.1          98.6
 
  2019         99.1     99.1     99.1     99.1     99.1     99.1
               99.1     99.1     99.1     99.1     99.1     99.1          99.1
 
  2020         99.1     99.1     99.1     99.1     99.1     99.1
               99.1     99.1     99.1     99.1     99.1     99.1          99.1
 
  2021         99.1     99.1     99.1     99.1     99.1     99.1
               99.1    100.0    100.0    100.0    100.0    100.0          99.5
 
  2022        100.0    100.0    100.0    100.0    100.0    100.0
              100.0    100.0    100.0    100.0    100.0    100.0         100.0
 
  2023        100.0    100.0    100.0    100.0    100.0    100.0
              100.0    100.0    100.0    100.0    100.0    100.0         100.0
 
  2024        100.0    100.0    100.0    100.0    100.0    100.0
              100.0    100.0    100.0    100.0    100.0    100.0         100.0
 
  2025        100.0    100.0    100.0    100.0    100.0    100.0
              100.0    100.0    100.0    100.0    100.0    100.0         100.0
 
  2026        100.0    100.0    100.0    100.0    100.0    100.0
              100.0    100.0                                             100.0
 
  AVGE         99.2     99.2     99.2     99.2     99.2     99.2
               99.2     99.3     99.3     99.3     99.3     99.3

  Table Total-     13890.68   Mean-      99.22   Std. Dev.-       1.09
                              Min -      98.21        Max -     100.00
        R35 monthly CPI index            PAGE   7, SERIES series

 A 8.TC  RegARIMA temporary change outlier component
  From  2015.Jan to 2026.Aug
  Observations        140
 -----------------------------------------------------------------------------
               Jan      Feb      Mar      Apr      May      Jun 
               Jul      Aug      Sep      Oct      Nov      Dec         AVGE  
 -----------------------------------------------------------------------------
  2015        100.0    100.0    100.0    100.0    100.0    100.0
              100.0    100.0    100.0    100.0    100.0    100.0         100.0
 
  2016        100.0    100.0    100.0    100.0    100.0    100.0
              100.0    100.0    100.0    100.0    100.0    100.0         100.0
 
  2017        100.0    100.0    100.0    100.0    100.0    100.0
              100.0    100.0    100.0    100.0    100.0    100.0         100.0
 
  2018        100.0    100.0    100.0    100.0    100.0    100.0
              100.0    100.0    100.0    100.0    100.0    100.0         100.0
 
  2019        100.0    100.0    100.0    100.0    100.0    100.0
              100.9    100.7    100.5    100.3    100.2    100.2         100.2
 
  2020        100.1    100.1    100.1    100.0    100.0    100.0
              100.0    100.0    100.0    100.0    100.0    100.0         100.0
 
  2021        100.0    100.0    100.0    100.0    100.0    100.0
              100.0    100.0    100.0    100.0    100.0    100.0         100.0
 
  2022        100.0    100.0    100.0    100.0    100.0    100.0
              100.0    100.0    100.0    100.0    100.0    100.0         100.0
 
  2023        100.0    100.0    100.0    100.0    100.0    100.0
              100.0    100.0    100.0    100.0    100.0    100.0         100.0
 
  2024        100.0    100.0    100.0    100.0    100.0    100.0
              100.0    100.0    100.0    100.0    100.0    100.0         100.0
 
  2025        100.0    100.0    100.0    100.0    100.0    100.0
              100.0    100.0    100.0    100.0    100.0    100.0         100.0
 
  2026        100.0    100.0    100.0    100.0    100.0    100.0
              100.0    100.0                                             100.0
 
  AVGE        100.0    100.0    100.0    100.0    100.0    100.0
              100.1    100.1    100.0    100.0    100.0    100.0

  Table Total-     14003.16   Mean-     100.02   Std. Dev.-       0.11
                              Min -     100.00        Max -     100.95

 A 8.TC.A  RegARIMA temporary change outlier component
  From  2026.Sep to 2027.Aug
  Observations         12
 -----------------------------------------------------------------------------
               Jan      Feb      Mar      Apr      May      Jun 
               Jul      Aug      Sep      Oct      Nov      Dec         AVGE  
 -----------------------------------------------------------------------------
  2026                                                          
                                100.0    100.0    100.0    100.0         100.0
 
  2027        100.0    100.0    100.0    100.0    100.0    100.0
              100.0    100.0                                             100.0
 
        R35 monthly CPI index            PAGE   8, SERIES series
  
 B 1  Original series (prior adjusted)
      (adjusted for regARIMA factors)
  From  2015.Jan to 2026.Aug
  Observations        140
 -----------------------------------------------------------------------------
               Jan      Feb      Mar      Apr      May      Jun 
               Jul      Aug      Sep      Oct      Nov      Dec        TOTAL  
 -----------------------------------------------------------------------------
  2015         101.     101.     101.     102.     102.     102.
               102.     102.     102.     102.     102.     102.         1222.
 
  2016         102.     102.     102.     103.     104.     104.
               104.     104.     105.     105.     105.     104.         1245.
 
  2017         104.     103.     103.     103.     103.     103.
               102.     102.     102.     102.     103.     103.         1235.
 
  2018         103.     104.     104.     104.     104.     105.
               106.     106.     106.     107.     107.     107.         1261.
 
  2019         107.     107.     108.     109.     109.     109.
               110.     110.     111.     111.     111.     111.         1312.
 
  2020         111.     112.     112.     112.     113.     112.
               113.     113.     113.     113.     113.     114.         1353.
 
  2021         116.     117.     119.     119.     119.     119.
               119.     119.     119.     119.     120.     120.         1425.
 
  2022         121.     123.     123.     124.     124.     124.
               125.     125.     126.     126.     127.     127.         1495.
 
  2023         128.     128.     128.     128.     128.     128.
               128.     129.     129.     129.     130.     130.         1544.
 
  2024         131.     133.     134.     134.     134.     134.
               135.     135.     136.     136.     136.     136.         1615.
 
  2025         137.     139.     140.     141.     141.     141.
               141.     142.     142.     142.     143.     144.         1693.
 
  2026         145.     146.     146.     146.     147.     147.
               147.     148.                                             1173.
 
  AVGE         117.     118.     118.     119.     119.     119.
               119.     120.     117.     118.     118.     118.

  Table Total-     16572.86   Mean-     118.38   Std. Dev.-      14.61
                              Min -     100.50        Max -     147.60

 B 1.A  Forecasts of (prior adjusted) original series
  From  2026.Sep to 2027.Aug
  Observations         12
 -----------------------------------------------------------------------------
               Jan      Feb      Mar      Apr      May      Jun 
               Jul      Aug      Sep      Oct      Nov      Dec        TOTAL  
 -----------------------------------------------------------------------------
  2026                                                          
                                 148.     148.     149.     149.          594.
 
  2027         150.     151.     152.     152.     152.     153.
               153.     153.                                             1216.
 
        R35 monthly CPI index            PAGE   9, SERIES series

 C 17  Final weights for irregular component
  From  2015.Jan to 2026.Aug
  Observations        140
  Lower sigma limit    1.50
  Upper sigma limit    2.50
 -----------------------------------------------------------------------------
               Jan      Feb      Mar      Apr      May      Jun 
               Jul      Aug      Sep      Oct      Nov      Dec         S.D.  
 -----------------------------------------------------------------------------
  2015          0.0    100.0    100.0     59.0    100.0    100.0
              100.0    100.0    100.0    100.0    100.0    100.0           0.1
 
  2016        100.0     69.5      0.0    100.0    100.0    100.0
              100.0    100.0    100.0     82.8    100.0    100.0           0.1
 
  2017         65.4      0.0    100.0    100.0    100.0    100.0
              100.0    100.0    100.0    100.0    100.0    100.0           0.1
 
  2018        100.0    100.0    100.0      0.0    100.0    100.0
              100.0    100.0    100.0    100.0    100.0    100.0           0.1
 
  2019        100.0     23.3    100.0    100.0     31.4    100.0
              100.0    100.0    100.0    100.0    100.0    100.0           0.1
 
  2020        100.0    100.0    100.0    100.0    100.0    100.0
              100.0    100.0    100.0    100.0      0.0    100.0           0.1
 
  2021        100.0    100.0      0.0    100.0    100.0    100.0
              100.0    100.0    100.0      8.6    100.0    100.0           0.1
 
  2022        100.0     14.7    100.0    100.0    100.0     52.1
               25.3    100.0     51.6    100.0    100.0    100.0           0.1
 
  2023        100.0    100.0    100.0    100.0    100.0    100.0
              100.0    100.0    100.0    100.0    100.0    100.0           0.1
 
  2024          0.0     35.1    100.0     56.8    100.0    100.0
              100.0    100.0    100.0    100.0    100.0    100.0           0.1
 
  2025         19.0     63.0    100.0    100.0    100.0    100.0
              100.0    100.0    100.0     39.3    100.0    100.0           0.1
 
  2026        100.0    100.0    100.0    100.0    100.0    100.0
              100.0    100.0                                               0.1
 
        R35 monthly CPI index            PAGE  10, SERIES series

 D 8  Final unmodified SI ratios
  From  2015.Jan to 2026.Aug
  Observations        140
 -----------------------------------------------------------------------------
               Jan      Feb      Mar      Apr      May      Jun 
               Jul      Aug      Sep      Oct      Nov      Dec         AVGE  
 -----------------------------------------------------------------------------
  2015         99.3    100.0     99.8     99.8     99.9    100.1
              100.1    100.1    100.2    100.2    100.1    100.0         100.0
 
  2016         99.9     99.6     99.4    100.1     99.9    100.1
              100.1     99.8    100.1    100.4    100.2     99.7          99.9
 
  2017        100.1     99.5     99.8    100.2     99.8    100.1
              100.0    100.0    100.1    100.1    100.1     99.8         100.0
 
  2018         99.8    100.1     99.9     99.8     99.9    100.1
              100.3     99.9     99.8    100.1     99.8     99.8          99.9
 
  2019         99.9     99.9    100.0    100.3    100.5    100.0
              100.1    100.0     99.9     99.8     99.6     99.5         100.0
 
  2020         99.8    100.4    100.4    100.4    100.3    100.0
              100.2    100.0     99.8     99.5     99.0     99.4          99.9
 
  2021         99.8    100.6    100.9    100.7    100.3    100.1
              100.0     99.8     99.6     99.3     99.7     99.4         100.0
 
  2022         99.9    100.8    100.5    100.5    100.3     99.8
              100.3     99.9     99.5     99.7     99.6     99.7         100.0
 
  2023        100.0    100.4    100.4    100.4    100.3    100.1
               99.9     99.9     99.8     99.6     99.7     99.4         100.0
 
  2024         99.4    100.8    100.6    100.2    100.3    100.0
              100.1     99.8     99.8     99.7     99.5     99.3         100.0
 
  2025         99.5    100.8    100.5    100.5    100.3    100.1
              100.0     99.8     99.7     99.3     99.7     99.4         100.0
 
  2026        100.0    100.6    100.5    100.4    100.2    100.1
               99.9     99.8                                             100.2
 
  AVGE         99.8    100.3    100.2    100.3    100.2    100.1
              100.1     99.9     99.8     99.8     99.7     99.6

  Table Total-     13997.72   Mean-      99.98   Std. Dev.-       0.36
                              Min -      98.99        Max -     100.91
        R35 monthly CPI index            PAGE  11, SERIES series

 D 8.B  Final unmodified SI ratios, with labels for outliers and extreme values
  From  2015.Jan to 2026.Aug
  Observations        140
 ---------------------------------------------------------------------
               Jan       Feb       Mar       Apr       May       Jun  
               Jul       Aug       Sep       Oct       Nov       Dec  
 ---------------------------------------------------------------------
  2015        99.3*    100.0      99.8      99.8*     99.9     100.1  
             100.1     100.1     100.2     100.2     100.1     100.0  
 
  2016        99.9      99.6*     99.4*    100.1      99.9     100.1  
             100.1      99.8     100.1     100.4*    100.2      99.7  
 
  2017       100.1*     99.5*     99.8     100.2      99.8     100.1  
             100.0     100.0     100.1     100.1     100.1      99.8  
 
  2018        99.8     100.1      99.9      99.8*     99.9     100.1  
             100.3#     99.9      99.8     100.1      99.8      99.8  
 
  2019        99.9      99.9*    100.0     100.3     100.5*    100.0  
             100.1#    100.0      99.9      99.8      99.6      99.5  
 
  2020        99.8     100.4     100.4     100.4     100.3     100.0  
             100.2     100.0      99.8      99.5      99.0*     99.4  
 
  2021        99.8     100.6     100.9*    100.7     100.3     100.1  
             100.0      99.8#     99.6      99.3*     99.7      99.4  
 
  2022        99.9     100.8*    100.5     100.5     100.3      99.8* 
             100.3*     99.9      99.5*     99.7      99.6      99.7  
 
  2023       100.0#    100.4     100.4     100.4     100.3     100.1  
              99.9      99.9      99.8      99.6      99.7      99.4  
 
  2024        99.4*    100.8*    100.6     100.2*    100.3     100.0  
             100.1      99.8      99.8      99.7      99.5      99.3  
 
  2025        99.5*    100.8*    100.5     100.5     100.3     100.1  
             100.0      99.8      99.7      99.3*     99.7      99.4  
 
  2026       100.0     100.6     100.5     100.4     100.2     100.1  
              99.9      99.8                                          
 

  Key to symbols:
    *  : extreme value as determined by X-11 extreme value procedure
    #  : regARIMA outlier (either AO, LS, TC, or Ramp)
 
        R35 monthly CPI index            PAGE  12, SERIES series

 D 9  Final replacement values for SI ratios
  From  2015.Jan to 2026.Aug
  Observations        140
 ---------------------------------------------------------------
               Jan      Feb      Mar      Apr      May      Jun 
               Jul      Aug      Sep      Oct      Nov      Dec 
 ---------------------------------------------------------------
  2015         99.8 ******** ********    100.0 ******** ********
           ******** ******** ******** ******** ******** ********
 
  2016     ********     99.7     99.8 ******** ******** ********
           ******** ******** ********    100.4 ******** ********
 
  2017        100.0     99.9 ******** ******** ******** ********
           ******** ******** ******** ******** ******** ********
 
  2018     ******** ******** ********    100.2 ******** ********
           ******** ******** ******** ******** ******** ********
 
  2019     ********    100.1 ******** ********    100.3 ********
           ******** ******** ******** ******** ******** ********
 
  2020     ******** ******** ******** ******** ******** ********
           ******** ******** ******** ********     99.6 ********
 
  2021     ******** ********    100.4 ******** ******** ********
           ******** ******** ********     99.6 ******** ********
 
  2022     ********    100.6 ******** ******** ********     99.9
              100.1 ********     99.6 ******** ******** ********
 
  2023     ******** ******** ******** ******** ******** ********
           ******** ******** ******** ******** ******** ********
 
  2024         99.8    100.6 ********    100.3 ******** ********
           ******** ******** ******** ******** ******** ********
 
  2025         99.8    100.7 ******** ******** ******** ********
           ******** ******** ********     99.4 ******** ********
 
  2026     ******** ******** ******** ******** ******** ********
           ******** ********                                    
 

 D 9.A  Moving seasonality ratio
 ---------------------------------------------------------------
               Jan      Feb      Mar      Apr      May      Jun 
 ---------------------------------------------------------------
   I          0.115    0.148    0.109    0.126    0.083    0.104
   S          0.015    0.072    0.073    0.044    0.045    0.015
 RATIO        7.618    2.048    1.495    2.845    1.855    7.031



 ---------------------------------------------------------------
               Jul      Aug      Sep      Oct      Nov      Dec 
 ---------------------------------------------------------------
   I          0.165    0.076    0.116    0.178    0.125    0.162
   S          0.022    0.018    0.042    0.071    0.052    0.046
 RATIO        7.510    4.217    2.770    2.492    2.394    3.538



        R35 monthly CPI index            PAGE  13, SERIES series

 D 10  Final seasonal factors
  From  2015.Jan to 2026.Aug
  Observations        140
  Seasonal filter    3 x 3 moving average
 -----------------------------------------------------------------------------
               Jan      Feb      Mar      Apr      May      Jun 
               Jul      Aug      Sep      Oct      Nov      Dec         AVGE  
 -----------------------------------------------------------------------------
  2015        99.90    99.87    99.79   100.04    99.89   100.11
             100.09    99.95   100.15   100.24   100.11    99.83        100.00
 
  2016        99.90    99.88    99.80   100.08    99.89   100.11
             100.12    99.94   100.09   100.22   100.08    99.80         99.99
 
  2017        99.90    99.93    99.83   100.15    99.92   100.10
             100.15    99.96   100.02   100.14    99.98    99.76         99.99
 
  2018        99.86   100.02    99.93   100.23   100.01   100.09
             100.20    99.97    99.92   100.01    99.83    99.66         99.98
 
  2019        99.82   100.17   100.07   100.33   100.15   100.08
             100.17    99.98    99.85    99.82    99.69    99.55         99.97
 
  2020        99.80   100.33   100.25   100.43   100.27   100.05
             100.14    99.95    99.76    99.68    99.63    99.48         99.98
 
  2021        99.82   100.45   100.37   100.51   100.32   100.04
             100.06    99.90    99.71    99.61    99.64    99.46         99.99
 
  2022        99.86   100.51   100.45   100.50   100.31   100.01
             100.04    99.87    99.70    99.62    99.64    99.48        100.00
 
  2023        99.88   100.54   100.48   100.46   100.30   100.03
             100.01    99.85    99.73    99.61    99.63    99.45        100.00
 
  2024        99.88   100.58   100.52   100.42   100.29   100.03
             100.01    99.83    99.74    99.59    99.62    99.44        100.00
 
  2025        99.88   100.62   100.53   100.44   100.29   100.07
              99.98    99.80    99.72    99.55    99.63    99.45        100.00
 
  2026        99.92   100.63   100.54   100.45   100.29   100.08
              99.96    99.79                                            100.21
 
  AVGE        99.87   100.29   100.21   100.34   100.16   100.07
             100.08    99.90    99.85    99.82    99.77    99.58

  Table Total-     14000.34   Mean-     100.00   Std. Dev.-       0.28
                              Min -      99.44        Max -     100.63

 D 10.A  Final seasonal component forecasts
  From  2026.Sep to 2027.Aug
  Observations         12
 -----------------------------------------------------------------------------
               Jan      Feb      Mar      Apr      May      Jun 
               Jul      Aug      Sep      Oct      Nov      Dec         AVGE  
 -----------------------------------------------------------------------------
  2026                                                          
                                99.69    99.53    99.64    99.48         99.58
 
  2027        99.95   100.62   100.53   100.46   100.28   100.09
              99.94    99.79                                            100.21
 
        R35 monthly CPI index            PAGE  14, SERIES series

 D 11  Final seasonally adjusted data
  From  2015.Jan to 2026.Aug
  Observations        140
 -----------------------------------------------------------------------------
               Jan      Feb      Mar      Apr      May      Jun 
               Jul      Aug      Sep      Oct      Nov      Dec        TOTAL  
 -----------------------------------------------------------------------------
  2015          99.     100.     100.     100.     100.     100.
               100.     100.     100.     100.     100.     101.         1200.
 
  2016         101.     101.     101.     101.     102.     102.
               102.     102.     103.     103.     103.     102.         1223.
 
  2017         103.     102.     102.     101.     101.     101.
               100.     100.     100.     100.     101.     101.         1213.
 
  2018         101.     102.     102.     102.     102.     103.
               104.     105.     105.     106.     106.     106.         1244.
 
  2019         106.     106.     107.     107.     108.     108.
               110.     110.     110.     110.     110.     110.         1304.
 
  2020         111.     111.     111.     111.     111.     111.
               112.     112.     112.     113.     113.     114.         1341.
 
  2021         115.     116.     117.     117.     117.     118.
               118.     119.     119.     120.     120.     121.         1417.
 
  2022         121.     122.     122.     123.     124.     124.
               125.     126.     126.     127.     127.     128.         1495.
 
  2023         129.     127.     127.     128.     128.     128.
               128.     129.     130.     130.     130.     131.         1546.
 
  2024         131.     133.     133.     133.     134.     134.
               135.     136.     136.     136.     137.     137.         1615.
 
  2025         137.     139.     139.     140.     141.     141.
               141.     142.     142.     143.     144.     144.         1694.
 
  2026         145.     145.     146.     146.     146.     147.
               147.     148.                                             1170.
 
  AVGE         117.     117.     117.     117.     118.     118.
               119.     119.     117.     117.     117.     118.

  Table Total-     16461.28   Mean-     117.58   Std. Dev.-      15.29
                              Min -      98.80        Max -     147.90
        R35 monthly CPI index            PAGE  15, SERIES series

 D 12  Final trend cycle
  From  2015.Jan to 2026.Aug
  Observations        140
  Trend filter     9-term Henderson moving average
  I/C ratio        0.35
 -----------------------------------------------------------------------------
               Jan      Feb      Mar      Apr      May      Jun 
               Jul      Aug      Sep      Oct      Nov      Dec        TOTAL  
 -----------------------------------------------------------------------------
  2015          99.     100.     100.     100.     100.     100.
               100.     100.     100.     100.     100.     101.         1200.
 
  2016         101.     101.     101.     101.     102.     102.
               102.     102.     103.     103.     103.     103.         1223.
 
  2017         102.     102.     102.     101.     101.     101.
               101.     100.     100.     101.     101.     101.         1213.
 
  2018         101.     102.     102.     102.     103.     103.
               104.     105.     105.     105.     106.     106.         1244.
 
  2019         106.     107.     107.     107.     108.     108.
               109.     109.     110.     110.     110.     110.         1301.
 
  2020         110.     111.     111.     111.     111.     111.
               112.     112.     112.     113.     113.     114.         1341.
 
  2021         115.     116.     117.     117.     117.     118.
               118.     119.     119.     120.     120.     121.         1417.
 
  2022         121.     122.     122.     123.     124.     124.
               125.     126.     126.     127.     127.     128.         1495.
 
  2023         128.     128.     128.     128.     128.     128.
               129.     129.     129.     130.     130.     131.         1545.
 
  2024         132.     132.     133.     133.     134.     135.
               135.     136.     136.     136.     137.     137.         1616.
 
  2025         138.     138.     139.     140.     141.     141.
               141.     142.     142.     143.     144.     145.         1694.
 
  2026         145.     145.     146.     146.     146.     147.
               147.     148.                                             1170.
 
  AVGE         117.     117.     117.     118.     118.     118.
               119.     119.     117.     117.     117.     118.

  Table Total-     16459.60   Mean-     117.57   Std. Dev.-      15.29
                              Min -      99.39        Max -     147.85
        R35 monthly CPI index            PAGE  16, SERIES series

 D 13  Final irregular component
  From  2015.Jan to 2026.Aug
  Observations        140
 -----------------------------------------------------------------------------
               Jan      Feb      Mar      Apr      May      Jun 
               Jul      Aug      Sep      Oct      Nov      Dec         S.D.  
 -----------------------------------------------------------------------------
  2015         99.4    100.1    100.0     99.8    100.0    100.0
              100.0    100.1    100.0     99.9     99.9    100.2           0.2
 
  2016        100.0     99.8     99.6    100.0    100.1    100.0
              100.0     99.9    100.0    100.2    100.1     99.8           0.2
 
  2017        100.2     99.5    100.0    100.1    100.0    100.0
               99.9    100.0    100.0     99.9    100.1    100.0           0.1
 
  2018         99.9    100.0    100.0     99.6     99.9    100.0
              100.1    100.0     99.8    100.1    100.0    100.1           0.1
 
  2019        100.0     99.7     99.9    100.0    100.3     99.9
              100.9    100.7    100.6    100.4    100.1    100.1           0.4
 
  2020        100.1    100.1    100.2     99.9    100.0    100.0
              100.1    100.1    100.1     99.9     99.4    100.0           0.2
 
  2021         99.9    100.1    100.5    100.1    100.0    100.1
               99.9    100.0    100.0     99.7    100.1     99.9           0.2
 
  2022        100.0    100.3    100.0    100.0    100.0     99.8
              100.3    100.0     99.8    100.0    100.0    100.1           0.2
 
  2023        101.0     99.8    100.0    100.0    100.0    100.1
               99.9    100.0    100.1    100.0    100.0    100.0           0.3
 
  2024         99.5    100.2    100.1     99.8    100.0     99.9
              100.1    100.0    100.1    100.1     99.9     99.9           0.2
 
  2025         99.7    100.2    100.0    100.1    100.0    100.0
              100.0    100.0    100.0     99.8    100.1    100.0           0.1
 
  2026        100.1    100.0    100.0    100.0    100.0    100.0
              100.0    100.0                                               0.0
 
  S.D.          0.4      0.2      0.2      0.1      0.1      0.1
                0.3      0.2      0.2      0.2      0.2      0.1

  Table Total-     14001.38   Mean-     100.01   Std. Dev.-       0.21
                              Min -      99.41        Max -     100.97
        R35 monthly CPI index            PAGE  17, SERIES series

 D 16  Combined adjustment factors
  From  2015.Jan to 2026.Aug
  Observations        140
 -----------------------------------------------------------------------------
               Jan      Feb      Mar      Apr      May      Jun 
               Jul      Aug      Sep      Oct      Nov      Dec         AVGE  
 -----------------------------------------------------------------------------
  2015        99.90    99.87    99.79   100.04    99.89   100.11
             100.09    99.95   100.15   100.24   100.11    99.83        100.00
 
  2016        99.90    99.88    99.80   100.08    99.89   100.11
             100.12    99.94   100.09   100.22   100.08    99.80         99.99
 
  2017        99.90    99.93    99.83   100.15    99.92   100.10
             100.15    99.96   100.02   100.14    99.98    99.76         99.99
 
  2018        99.86   100.02    99.93   100.23   100.01   100.09
             100.20    99.97    99.92   100.01    99.83    99.66         99.98
 
  2019        99.82   100.17   100.07   100.33   100.15   100.08
             100.17    99.98    99.85    99.82    99.69    99.55         99.97
 
  2020        99.80   100.33   100.25   100.43   100.27   100.05
             100.14    99.95    99.76    99.68    99.63    99.48         99.98
 
  2021        99.82   100.45   100.37   100.51   100.32   100.04
             100.06    99.90    99.71    99.61    99.64    99.46         99.99
 
  2022        99.86   100.51   100.45   100.50   100.31   100.01
             100.04    99.87    99.70    99.62    99.64    99.48        100.00
 
  2023        99.88   100.54   100.48   100.46   100.30   100.03
             100.01    99.85    99.73    99.61    99.63    99.45        100.00
 
  2024        99.88   100.58   100.52   100.42   100.29   100.03
             100.01    99.83    99.74    99.59    99.62    99.44        100.00
 
  2025        99.88   100.62   100.53   100.44   100.29   100.07
              99.98    99.80    99.72    99.55    99.63    99.45        100.00
 
  2026        99.92   100.63   100.54   100.45   100.29   100.08
              99.96    99.79                                            100.21
 
  AVGE        99.87   100.29   100.21   100.34   100.16   100.07
             100.08    99.90    99.85    99.82    99.77    99.58

  Table Total-     14000.34   Mean-     100.00   Std. Dev.-       0.28
                              Min -      99.44        Max -     100.63

 D 16.A  Combined adjustment component forecasts
  From  2026.Sep to 2027.Aug
  Observations         12
 -----------------------------------------------------------------------------
               Jan      Feb      Mar      Apr      May      Jun 
               Jul      Aug      Sep      Oct      Nov      Dec         AVGE  
 -----------------------------------------------------------------------------
  2026                                                          
                                99.69    99.53    99.64    99.48         99.58
 
  2027        99.95   100.62   100.53   100.46   100.28   100.09
              99.94    99.79                                            100.21
 
        R35 monthly CPI index            PAGE  18, SERIES series

 E 4  Ratios of annual totals
  From          2015 to 2025
  Observations         11
 -----------------------------------
  Year       Unmodified     Modified
                  (D11)         (E2)
 -----------------------------------
  2015           100.00       100.00
 
  2016            99.99        99.99
 
  2017            99.99        99.99
 
  2018            99.98        99.98
 
  2019            99.97        99.97
 
  2020            99.98        99.98
 
  2021            99.99        99.99
 
  2022            99.99        99.99
 
  2023            99.99        99.99
 
  2024            99.99        99.99
 
  2025            99.99        99.99
 
        R35 monthly CPI index            PAGE  19, SERIES series

 E 5  Month-to-month percent change in the original series
  From  2015.Feb to 2026.Aug
  Observations        139
 -----------------------------------------------------------------------------
               Jan      Feb      Mar      Apr      May      Jun 
               Jul      Aug      Sep      Oct      Nov      Dec         AVGE  
 -----------------------------------------------------------------------------
  2015                   0.8      0.0      0.2      0.2      0.4
                0.0      0.0      0.1      0.0      0.0      0.1           0.2
 
  2016          0.1     -0.1      0.0      1.0      0.2      0.4
                0.3     -0.1      0.5      0.4     -0.3     -0.7           0.1
 
  2017          0.2     -0.9      0.0      0.1     -0.7      0.0
               -0.3     -0.2      0.1      0.1      0.2      0.0          -0.1
 
  2018          0.3      0.6      0.2      0.2      0.4      0.6
                1.5      0.0      0.2      0.8      0.1      0.3           0.4
 
  2019          0.3      0.2      0.4      0.7      0.6      0.0
                1.5      0.0      0.1      0.0     -0.2      0.0           0.3
 
  2020          0.5      0.7      0.2      0.1      0.1     -0.1
                0.4      0.1      0.1      0.1      0.0      1.1           0.3
 
  2021          1.1      1.6      0.9      0.3      0.0      0.0
                0.0      1.0      0.1      0.0      0.8      0.0           0.5
 
  2022          0.9      1.4      0.1      0.6      0.3      0.0
                1.1      0.1      0.1      0.6      0.3      0.2           0.5
 
  2023          1.3     -0.5      0.1      0.1      0.0      0.1
                0.1      0.3      0.3      0.2      0.5      0.2           0.2
 
  2024          0.5      1.9      0.2      0.0      0.5      0.1
                0.6      0.1      0.3      0.1      0.1      0.1           0.4
 
  2025          0.7      1.8      0.3      0.6      0.2      0.1
                0.1      0.1      0.3      0.1      0.9      0.2           0.5
 
  2026          1.0      0.8      0.1      0.1      0.1      0.2
                0.2      0.3                                               0.3
 
  AVGE          0.6      0.7      0.2      0.3      0.2      0.1
                0.5      0.1      0.2      0.2      0.2      0.1

  Table Total-        40.44   Mean-       0.29   Std. Dev.-       0.53
                              Min -      -0.88        Max -       1.91
        R35 monthly CPI index            PAGE  20, SERIES series

 E 6  Month-to-month percent change in seasonally adjusted series (D11)
  From  2015.Feb to 2026.Aug
  Observations        139
 -----------------------------------------------------------------------------
               Jan      Feb      Mar      Apr      May      Jun 
               Jul      Aug      Sep      Oct      Nov      Dec         AVGE  
 -----------------------------------------------------------------------------
  2015                   0.8      0.1     -0.0      0.3      0.2
                0.0      0.1     -0.1     -0.1      0.1      0.4           0.2
 
  2016          0.0     -0.1      0.1      0.7      0.4      0.2
                0.3      0.1      0.3      0.3     -0.2     -0.4           0.1
 
  2017          0.1     -0.9      0.1     -0.2     -0.5     -0.2
               -0.3     -0.0      0.0     -0.0      0.4      0.2          -0.1
 
  2018          0.2      0.4      0.3     -0.1      0.6      0.5
                1.3      0.2      0.2      0.7      0.3      0.5           0.4
 
  2019          0.1     -0.2      0.5      0.5      0.7      0.1
                1.4      0.2      0.2      0.0     -0.1      0.1           0.3
 
  2020          0.2      0.2      0.3     -0.1      0.3      0.1
                0.4      0.3      0.3      0.2      0.0      1.2           0.3
 
  2021          0.7      0.9      1.0      0.1      0.2      0.3
               -0.0      1.2      0.3      0.1      0.7      0.2           0.5
 
  2022          0.5      0.7      0.1      0.5      0.5      0.3
                1.1      0.2      0.3      0.7      0.3      0.4           0.5
 
  2023          0.9     -1.2      0.1      0.1      0.2      0.3
                0.1      0.5      0.4      0.3      0.4      0.4           0.2
 
  2024          0.0      1.2      0.3      0.1      0.7      0.3
                0.6      0.3      0.4      0.2      0.0      0.3           0.4
 
  2025          0.2      1.1      0.4      0.7      0.4      0.4
                0.2      0.3      0.4      0.2      0.8      0.4           0.5
 
  2026          0.5      0.1      0.2      0.1      0.2      0.4
                0.3      0.4                                               0.3
 
  AVGE          0.3      0.3      0.3      0.2      0.3      0.2
                0.5      0.3      0.2      0.2      0.3      0.3

  Table Total-        40.50   Mean-       0.29   Std. Dev.-       0.47
                              Min -      -1.19        Max -       1.38
        R35 monthly CPI index            PAGE  21, SERIES series

 E 7  Month-to-month percent change in final trend cycle (D12)
  From  2015.Feb to 2026.Aug
  Observations        139
 -----------------------------------------------------------------------------
               Jan      Feb      Mar      Apr      May      Jun 
               Jul      Aug      Sep      Oct      Nov      Dec         AVGE  
 -----------------------------------------------------------------------------
  2015                   0.2      0.2      0.2      0.2      0.1
                0.1      0.0     -0.0      0.0      0.1      0.1           0.1
 
  2016          0.2      0.2      0.2      0.3      0.3      0.3
                0.2      0.2      0.2      0.1     -0.0     -0.2           0.2
 
  2017         -0.3     -0.3     -0.3     -0.3     -0.3     -0.3
               -0.2     -0.1      0.0      0.1      0.2      0.3          -0.1
 
  2018          0.3      0.3      0.3      0.3      0.3      0.4
                1.3      0.4      0.4      0.4      0.4      0.3           0.4
 
  2019          0.2      0.2      0.3      0.4      0.4      0.4
                0.4      0.4      0.3      0.2      0.2      0.2           0.3
 
  2020          0.2      0.2      0.2      0.1      0.2      0.2
                0.3      0.3      0.3      0.4      0.5      0.7           0.3
 
  2021          0.8      0.8      0.7      0.5      0.3      0.2
                0.1      1.1      0.3      0.3      0.4      0.4           0.5
 
  2022          0.4      0.4      0.5      0.5      0.5      0.5
                0.6      0.5      0.5      0.5      0.4      0.2           0.5
 
  2023          0.0     -0.1     -0.0      0.1      0.2      0.2
                0.3      0.3      0.4      0.4      0.4      0.4           0.2
 
  2024          0.5      0.5      0.4      0.4      0.4      0.4
                0.4      0.4      0.3      0.2      0.2      0.3           0.4
 
  2025          0.4      0.6      0.6      0.5      0.4      0.3
                0.3      0.3      0.4      0.5      0.5      0.5           0.4
 
  2026          0.4      0.2      0.2      0.2      0.2      0.3
                0.4      0.4                                               0.3
 
  AVGE          0.3      0.3      0.3      0.3      0.3      0.3
                0.3      0.4      0.3      0.3      0.3      0.3

  Table Total-        39.81   Mean-       0.29   Std. Dev.-       0.37
                              Min -      -0.34        Max -       1.26
        R35 monthly CPI index            PAGE  22, SERIES series

 E 8  Month-to-month percent change in original series adjusted for calendar factors (A18)
  From  2015.Feb to 2026.Aug
  Observations        139
 -----------------------------------------------------------------------------
               Jan      Feb      Mar      Apr      May      Jun 
               Jul      Aug      Sep      Oct      Nov      Dec         AVGE  
 -----------------------------------------------------------------------------
  2015                   0.8      0.0      0.2      0.2      0.4
                0.0      0.0      0.1      0.0      0.0      0.1           0.2
 
  2016          0.1     -0.1      0.0      1.0      0.2      0.4
                0.3     -0.1      0.5      0.4     -0.3     -0.7           0.1
 
  2017          0.2     -0.9      0.0      0.1     -0.7      0.0
               -0.3     -0.2      0.1      0.1      0.2      0.0          -0.1
 
  2018          0.3      0.6      0.2      0.2      0.4      0.6
                1.5      0.0      0.2      0.8      0.1      0.3           0.4
 
  2019          0.3      0.2      0.4      0.7      0.6      0.0
                1.5      0.0      0.1      0.0     -0.2      0.0           0.3
 
  2020          0.5      0.7      0.2      0.1      0.1     -0.1
                0.4      0.1      0.1      0.1      0.0      1.1           0.3
 
  2021          1.1      1.6      0.9      0.3      0.0      0.0
                0.0      1.0      0.1      0.0      0.8      0.0           0.5
 
  2022          0.9      1.4      0.1      0.6      0.3      0.0
                1.1      0.1      0.1      0.6      0.3      0.2           0.5
 
  2023          1.3     -0.5      0.1      0.1      0.0      0.1
                0.1      0.3      0.3      0.2      0.5      0.2           0.2
 
  2024          0.5      1.9      0.2      0.0      0.5      0.1
                0.6      0.1      0.3      0.1      0.1      0.1           0.4
 
  2025          0.7      1.8      0.3      0.6      0.2      0.1
                0.1      0.1      0.3      0.1      0.9      0.2           0.5
 
  2026          1.0      0.8      0.1      0.1      0.1      0.2
                0.2      0.3                                               0.3
 
  AVGE          0.6      0.7      0.2      0.3      0.2      0.1
                0.5      0.1      0.2      0.2      0.2      0.1

  Table Total-        40.44   Mean-       0.29   Std. Dev.-       0.53
                              Min -      -0.88        Max -       1.91
        R35 monthly CPI index            PAGE  23, SERIES series

 E 18  Final adjustment ratios
  From  2015.Jan to 2026.Aug
  Observations        140
 -----------------------------------------------------------------------------
               Jan      Feb      Mar      Apr      May      Jun 
               Jul      Aug      Sep      Oct      Nov      Dec         AVGE  
 -----------------------------------------------------------------------------
  2015         99.9     99.9     99.8    100.0     99.9    100.1
              100.1    100.0    100.1    100.2    100.1     99.8         100.0
 
  2016         99.9     99.9     99.8    100.1     99.9    100.1
              100.1     99.9    100.1    100.2    100.1     99.8         100.0
 
  2017         99.9     99.9     99.8    100.2     99.9    100.1
              100.1    100.0    100.0    100.1    100.0     99.8         100.0
 
  2018         99.9    100.0     99.9    100.2    100.0    100.1
              100.2    100.0     99.9    100.0     99.8     99.7         100.0
 
  2019         99.8    100.2    100.1    100.3    100.2    100.1
              100.2    100.0     99.9     99.8     99.7     99.5         100.0
 
  2020         99.8    100.3    100.2    100.4    100.3    100.1
              100.1    100.0     99.8     99.7     99.6     99.5         100.0
 
  2021         99.8    100.5    100.4    100.5    100.3    100.0
              100.1     99.9     99.7     99.6     99.6     99.5         100.0
 
  2022         99.9    100.5    100.5    100.5    100.3    100.0
              100.0     99.9     99.7     99.6     99.6     99.5         100.0
 
  2023         99.9    100.5    100.5    100.5    100.3    100.0
              100.0     99.8     99.7     99.6     99.6     99.5         100.0
 
  2024         99.9    100.6    100.5    100.4    100.3    100.0
              100.0     99.8     99.7     99.6     99.6     99.4         100.0
 
  2025         99.9    100.6    100.5    100.4    100.3    100.1
              100.0     99.8     99.7     99.5     99.6     99.4         100.0
 
  2026         99.9    100.6    100.5    100.5    100.3    100.1
              100.0     99.8                                             100.2
 
  AVGE         99.9    100.3    100.2    100.3    100.2    100.1
              100.1     99.9     99.9     99.8     99.8     99.6

  Table Total-     14000.34   Mean-     100.00   Std. Dev.-       0.28
                              Min -      99.44        Max -     100.63

 E 18.A  Final adjustment ratio forecasts
  From  2026.Sep to 2027.Aug
  Observations         12
 -----------------------------------------------------------------------------
               Jan      Feb      Mar      Apr      May      Jun 
               Jul      Aug      Sep      Oct      Nov      Dec         AVGE  
 -----------------------------------------------------------------------------
  2026                                                          
                                 99.7     99.5     99.6     99.5          99.6
 
  2027         99.9    100.6    100.5    100.5    100.3    100.1
               99.9     99.8                                             100.2
 

  QS statistic for seasonality:
  log(Original Series)                                6.27  (P-Value =     0.0435)
  log(Original Series (EV adj))                      17.63  (P-Value =     0.0001)
  Residuals                                           0.00  (P-Value =     1.0000)
  log(Seasonally Adjusted Series)                     0.00  (P-Value =     1.0000)
  log(SA Series (EV adj))                             0.00  (P-Value =     1.0000)
  Irregular Series                                    0.00  (P-Value =     1.0000)
  Irregular Series (EV adj)                           0.00  (P-Value =     1.0000)

  QS statistic for seasonality (starting 2018.Sep):
  log(Original Series)                                4.29  (P-Value =     0.1169)
  log(Original Series (EV adj))                      21.01  (P-Value =     0.0000)
  Residuals                                           1.02  (P-Value =     0.5993)
  log(Seasonally Adjusted Series)                     0.00  (P-Value =     1.0000)
  log(SA Series (EV adj))                             0.00  (P-Value =     1.0000)
  Irregular Series                                    0.00  (P-Value =     1.0000)
  Irregular Series (EV adj)                           0.00  (P-Value =     1.0000)
        R35 monthly CPI index            PAGE  24, SERIES series
 G 0  10*LOG(SPECTRUM) of the differenced, transformed Prior Adjusted Series
      (Table B1).  Spectrum estimated from 2018.Sep to 2026.Aug.
 ++++++++++I+++++++++++++++++++++++++++++++++++++++++++++++++++++++++++++I
     -41.16I          S                                                  I    -41.16
           I          S*                                                 I
           I          S*                                                 I
           I          S*                                                 I
     -43.00I          S*                                                 I    -43.00
           I          S*        S*                                       I
           I       *  S*        S*                             *         I
           I       *  S*        S*        S         S          *         I
     -44.83I       *  S*        S*        S         S    *     *         I    -44.83
           I       *  S*        S*        S        *S   **    S*         I
           I       *  S**      *S*        S        *S   **    S*         I
           I       *  S***     *S*        S        *S   **    S*         I
     -46.67I       *  S***     *S*        S        *S   **    S*         I    -46.67
           I       ***S***     *S*        S        *S   **    S*         I
           I       ***S***     *S*        S        *S*  **    S*         I
           I       ***S***     *S*        S        *S*  **    S*T        I
     -48.51I      ****S***     *S**       S        *S*  **    S*T        I    -48.51
           I      ****S****    *S**       S        *S*  **    S*T*       I
           I   *  ****S****    *S**       S*       *S*  **    S*T*       I
           I   *  ****S****   **S**       S*       *S*T **    S*T*       I
     -50.34I   *  ****S****   **S**       S*       *S*T***    S*T*       I    -50.34
           I   ** ****S****   **S**       S*       *S*T***    S*T*       I
           I   ** ****S****   **S**       S*      **S*T***    S*T*       I
           I   *******S****   **S**       S*      **S*T***    S*T*       I
     -52.18I   *******S****   **S***      S*      **S*T***    S*T**      I    -52.18
           I   *******S****   **S***     *S*      **S*T***    S*T**      I
           I   *******S*****  **S*** **  *S*      **S*T****  *S*T**      I
           I   *******S***** ***S******  *S*      **S*T****  *S*T****    I
     -54.02I   *******S***** ***S******  *S*      **S*T****  *S*T****    I    -54.02
           I   *******S*********S******  *S**     **S*T****  *S*T****    I
           I   *******S*********S******* *S**    ***S*T****  *S*T****    I
           I  ********S*********S*********S**    ***S*T****  *S*T****    I
     -55.85I  ********S*********S*********S**    ***S*T****  *S*T****    I    -55.85
           I  ********S*********S*********S**** ****S*T*******S*T****    I
           I  ********S*********S*********S*********S*T*******S*T*****   I
           I  ********S*********S*********S*********S*T*******S*T*****   I
     -57.69I  ********S*********S*********S*********S*T*******S*T*****   I    -57.69
           I  ********S*********S*********S*********S*T*******S*T*****   I
           I  ********S*********S*********S*********S*T*******S*T*****   I
           I  ********S*********S*********S*********S*T*******S*T*****   I
     -59.53I *********S*********S*********S*********S*T*******S*T*****   I    -59.53
           I *********S*********S*********S*********S*T*******S*T*****   I
           I**********S*********S*********S*********S*T*******S*T*****   I
           I**********S*********S*********S*********S*T*******S*T*****   I
     -61.37I**********S*********S*********S*********S*T*******S*T******  I    -61.37
           I**********S*********S*********S*********S*T*******S*T******  I
           I**********S*********S*********S*********S*T*******S*T******  I
           I**********S*********S*********S*********S*T*******S*T******  I
     -63.20I**********S*********S*********S*********S*T*******S*T******  I    -63.20
           I**********S*********S*********S*********S*T*******S*T******  I
           I**********S*********S*********S*********S*T*******S*T******* I
           I**********S*********S*********S*********S*T*******S*T******* I
     -65.04I**********S*********S*********S*********S*T*******S*T*******SI    -65.04
 ++++++++++I+++++++++++++++++++++++++++++++++++++++++++++++++++++++++++++I
            S=SEASONAL FREQUENCIES, T=TRADING DAY FREQUENCIES
        R35 monthly CPI index            PAGE  25, SERIES series
 G 1  10*LOG(SPECTRUM) of the differenced, transformed seasonally adjusted 
      data (Table D11).  Spectrum estimated from 2018.Sep to 2026.Aug.
 ++++++++++I+++++++++++++++++++++++++++++++++++++++++++++++++++++++++++++I
     -42.18I                                            *                I    -42.18
           I                                            *                I
           I   *                                        *                I
           I   *                                        *                I
     -43.67I   *                                        *                I    -43.67
           I   *                                       **                I
           I   *                                       **                I
           I   *                                       ***               I
     -45.17I   *                                       ***               I    -45.17
           I   *   *                                   ***           *   I
           I   *   *    *                              ***       *   *   I
           I   *   *    *    *                         ***       *   *   I
     -46.67I   *   *    *    *                         ***       *   *   I    -46.67
           I   *   *    **   *                         ***       *   *   I
           I   *   *    **   *                         ***       *   *   I
           I   *   *    **   *                         ****      *   *   I
     -48.17I   *   *    **   *                         ****      *   *   I    -48.17
           I   *   *    **   *                         ****      *   *   I
           I   *   *    **   *                         ****      *   *   I
           I   *  **    **   **   *            *       ****   S T*   *   I
     -49.66I   *  **    **   **   *            *       ****   S T*   *   I    -49.66
           I   *  **    **   **   *            *       ****  *S*T**  *   I
           I   *  **    **  ***  ***           *       ****  *S*T**  *   I
           I   *  **    **  ***  ***          **       ***** *S*T**  *   I
     -51.16I   *  **    **  ***  ****         ** *     ***** *S*T**  *   I    -51.16
           I   *  **    **  ***  ****         *****    *******S*T**  **  I
           I   *  **    **  ***  ****    *    *****   T*******S*T**  **  I
           I   *  **    *** ****S*****  **    *****   T*******S*T** ***  I
     -52.66I   ** **    *** ****S*****  **    *****   T*******S*T** ***  I    -52.66
           I   ** **    ********S*****  **    *****   T*******S*T** ***  I
           I   ** **    ********S*****  **    *****   T*******S*T******  I
           I   ** **    ********S****** **    *****   T*******S*T******  I
     -54.16I   *****    ********S*********    *****   T*******S*T******  I    -54.16
           I   *****   *********S*********    ******  T*******S*T******  I
           I   *****   *********S*********    ******  T*******S*T******  I
           I  *******  *********S*********    ****** *T*******S*T******  I
     -55.65I  *******  *********S*********S   ****** *T*******S*T******  I    -55.65
           I  *******  *********S*********S  *******S*T*******S*T******  I
           I  *******  *********S*********S  *******S*T*******S*T******  I
           I  *******  *********S*********S  *******S*T*******S*T******  I
     -57.15I  *******  *********S*********S  *******S*T*******S*T******  I    -57.15
           I  *******  *********S*********S  *******S*T*******S*T******* I
           I  ******* S*********S*********S  *******S*T*******S*T******* I
           I  ********S*********S*********S*********S*T*******S*T******* I
     -58.65I  ********S*********S*********S*********S*T*******S*T******* I    -58.65
           I  ********S*********S*********S*********S*T*******S*T*******SI
           I  ********S*********S*********S*********S*T*******S*T*******SI
           I  ********S*********S*********S*********S*T*******S*T*******SI
     -60.15I  ********S*********S*********S*********S*T*******S*T*******SI    -60.15
           I *********S*********S*********S*********S*T*******S*T*******SI
           I *********S*********S*********S*********S*T*******S*T*******SI
           I *********S*********S*********S*********S*T*******S*T*******SI
     -61.64I**********S*********S*********S*********S*T*******S*T*******SI    -61.64
 ++++++++++I+++++++++++++++++++++++++++++++++++++++++++++++++++++++++++++I
            S=SEASONAL FREQUENCIES, T=TRADING DAY FREQUENCIES
        R35 monthly CPI index            PAGE  26, SERIES series
 G 2  10*LOG(SPECTRUM) of the Irregular (Table D13).  
      Spectrum estimated from 2018.Sep to 2026.Aug.
 ++++++++++I+++++++++++++++++++++++++++++++++++++++++++++++++++++++++++++I
     -49.76I                                             *               I    -49.76
           I                      *                      *               I
           I                      *                     **               I
           I                      *                     **               I
     -51.36I                      *                     **               I    -51.36
           I                      *                     **               I
           I            *         *                     **               I
           I            *         *                     **               I
     -52.95I            *         *                     **     *         I    -52.95
           I            *         *                     **     *         I
           I            *         *                     **     *         I
           I            *         **                    **     *         I
     -54.54I           **    *    **                   ***     *         I    -54.54
           I           **    *    **                   ***     *T        I
           I           ***   *    **                   ***     *T        I
           I           ***   *    **  *                ***     *T        I
     -56.13I           ***   *    **  **              T***    S*T        I    -56.13
           I          S***   **   **  **              T***    S*T*       I
           I          S***   **  ***  **              T***    S*T*       I
           I          S***   **  ***  **   *      *   T***    S*T*       I
     -57.72I          S***  ***  *******   **     *   T***    S*T*       I    -57.72
           I         *S***  ***  *******   **    **   T****   S*T**      I
           I         *S**** ***  ********  **    **   T****   S*T**      I
           I         *S**** ***  ******** S**    **  *T****   S*T**      I
     -59.31I         *S********  ******** S**    *** *T****   S*T**      I    -59.31
           I         *S*********S*********S**    ***S*T****   S*T***     I
           I        **S*********S*********S**    ***S*T****   S*T****    I
           I        **S*********S*********S***   ***S*T****  *S*T****    I
     -60.91I        **S*********S*********S***   ***S*T****  *S*T*****   I    -60.91
           I        **S*********S*********S***  ****S*T****  *S*T*****   I
           I        **S*********S*********S***  ****S*T***** *S*T*****   I
           I        **S*********S*********S***  ****S*T***** *S*T*****   I
     -62.50I        **S*********S*********S**** ****S*T*******S*T*****   I    -62.50
           I       ***S*********S*********S*********S*T*******S*T******  I
           I       ***S*********S*********S*********S*T*******S*T******  I
           I       ***S*********S*********S*********S*T*******S*T******  I
     -64.09I       ***S*********S*********S*********S*T*******S*T******  I    -64.09
           I      ****S*********S*********S*********S*T*******S*T******  I
           I    ******S*********S*********S*********S*T*******S*T******* I
           I    ******S*********S*********S*********S*T*******S*T******* I
     -65.68I   *******S*********S*********S*********S*T*******S*T*******SI    -65.68
           I   *******S*********S*********S*********S*T*******S*T*******SI
           I   *******S*********S*********S*********S*T*******S*T*******SI
           I   *******S*********S*********S*********S*T*******S*T*******SI
     -67.27I   *******S*********S*********S*********S*T*******S*T*******SI    -67.27
           I   *******S*********S*********S*********S*T*******S*T*******SI
           I  ********S*********S*********S*********S*T*******S*T*******SI
           I  ********S*********S*********S*********S*T*******S*T*******SI
     -68.87I  ********S*********S*********S*********S*T*******S*T*******SI    -68.87
           I  ********S*********S*********S*********S*T*******S*T*******SI
           I  ********S*********S*********S*********S*T*******S*T*******SI
           I *********S*********S*********S*********S*T*******S*T*******SI
     -70.46I**********S*********S*********S*********S*T*******S*T*******SI    -70.46
 ++++++++++I+++++++++++++++++++++++++++++++++++++++++++++++++++++++++++++I
            S=SEASONAL FREQUENCIES, T=TRADING DAY FREQUENCIES
        R35 monthly CPI index            PAGE  27, SERIES series

  Peak probabilities for Tukey spectrum estimator
  Spectrum estimated from 2018.Sep to 2026.Aug.

                                          S1       S2       S3       S4       S5       S6       TD
                                        ------   ------   ------   ------   ------   ------   ------
  Model Residuals                        0.614    0.354    0.228    0.812    0.124    0.251    0.711  
  Prior Adjusted Series (Table B1)       0.812    0.974*   0.963*   0.998**  0.977*   0.204    0.427  
  Seasonally adjusted series (D11)       0.007    0.446    0.245    0.250    0.292    0.142    0.713  
  Irregular (D13)                        0.350    0.280    0.735    0.260    0.890    0.418    0.346  
  ----------
     ** - Peak Probability > 0.99,
      * - 0.90 < Peak Probability < 0.99



  NP statistic for residual seasonality:

  NP statistic for residual seasonality (Full series)
                                                  Residual Seasonality?
  log(Seasonally Adjusted Series)                          no
  log(Seasonally Adjusted Series (EV adj))                 no

  NP statistic for residual seasonality (Series start in 2018.Sep)
                                                  Residual Seasonality?
  log(Seasonally Adjusted Series)                          no
  log(Seasonally Adjusted Series (EV adj))                 no
