1
    Log for X-13ARIMA-SEATS program (Version 1.1 Build 62)  Sep 22, 2026  22.39.42 
    *-*-*-*-*-*-*-*-*-*-*-*-*-*-*-*-*-*-*-*-*-*-*-*-*-*-*-*-*-*-*-*-*-*-*-*-*



 Type of  Series      Additional                   Series title
 Adjust.  Ident.      Identifiers


  M-MLT    series -------- -------- R35 monthly CPI index                             
  Moving seasonality ratio     :       2.931
  I/C Ratio                    :       0.347
  Stable Seasonal F, B1 table  :       3.577
  Stable Seasonal F, D8 table  :       7.864
  Moving Seasonal F, D8 table  :       4.966
  Identifiable seasonality     : no 
    M01 :      0.144
    M02 :      0.019
    M03 :      0.000
    M04 :      0.157
    M05 :      0.000
    M06 :      0.428
    M07 :      1.180
    M08 :      1.577
    M09 :      1.286
    M10 :      0.867
    M11 :      0.687
    Q   :      0.560
    Q2  :      0.635

  QS statistic for seasonality:
  log(Original Series)                                6.27  (P-Value =     0.0435)
  log(Original Series (EV adj))                      17.63  (P-Value =     0.0001)
  Residuals                                           0.00  (P-Value =     1.0000)
  log(Seasonally Adjusted Series)                     0.00  (P-Value =     1.0000)
  log(SA Series (EV adj))                             0.00  (P-Value =     1.0000)
  Irregular Series                                    0.00  (P-Value =     1.0000)
  Irregular Series (EV adj)                           0.00  (P-Value =     1.0000)

  QS statistic for seasonality (starting 2018.Sep):
  Original Series                                     4.29  (P-Value =     0.1169)
  Original Series (EV adj)                           21.01  (P-Value =     0.0000)
  Residuals                                           1.02  (P-Value =     0.5993)
  Seasonally Adjusted Series                          0.00  (P-Value =     1.0000)
  Seasonally Adjusted Series (EV adj)                 0.00  (P-Value =     1.0000)
  Irregular Series                                    0.00  (P-Value =     1.0000)
  Irregular Series (EV adj)                           0.00  (P-Value =     1.0000)

 

  Peak probabilities for Tukey spectrum estimator
  Spectrum estimated from 2018.Sep to 2026.Aug.

                                          S1       S2       S3       S4       S5       S6       TD
                                        ------   ------   ------   ------   ------   ------   ------
  Model Residuals                                                                                  
  Prior Adjusted Series (Table B1)                  *        *        **       *                   
  Seasonally adjusted series (D11)                                                                 
  Irregular (D13)                                                                                  
  ----------
     ** - Peak Probability > 0.99,
      * - 0.90 < Peak Probability < 0.99



  NP statistic for residual seasonality:

  NP statistic for residual seasonality (Full series)
                                                  Residual Seasonality?
  log(Seasonally Adjusted Series)                          no
  log(Seasonally Adjusted Series (EV adj))                 no

  NP statistic for residual seasonality (Series start in 2018.Sep)
                                                  Residual Seasonality?
  log(Seasonally Adjusted Series)                          no
  log(Seasonally Adjusted Series (EV adj))                 no

 Spectral Peak Summary:
  Seasonal Spectral Peaks : none
        TD Spectral Peaks : none
  
  
 For Peak Probability > 0.99
  Seasonal Tukey Spectral Peaks : ori
        TD Tukey Spectral Peaks : none
  
 For Peak Probability > 0.90
  Seasonal Tukey Spectral Peaks : ori
        TD Tukey Spectral Peaks : none
