  Reading input spec file from series.spc

1

               U. S. Department of Commerce, U. S. Census Bureau

              X-13ARIMA-SEATS monthly seasonal adjustment Method,
                          Release Version 1.1 Build 62


           This software application provides an enhanced version of
             Statistics Canada's X-11-ARIMA extension (Dagum, 1980)
                 of the X-11 variant of the Census Method II of
                      Shiskin, Young and Musgrave (1967).

            It also provides an ARIMA model-based method following
       Hillmer and Tiao (1982) and Burman (1980) that is very similar
       to the update of the method of SEATS (Gomez and Maravall, 1996)
                produced at the Bank of Spain by G. Caporello and
               A. Maravall for TSW (Caporello and Maravall, 2004).
          The present application includes additional enhancements.

         X-13ARIMA-SEATS includes an automatic ARIMA model selection procedure
          based largely on the procedure of Gomez and Maravall (1998)
            as implemented in TRAMO (1996) and subsequent revisions.

              Primary Programmers: Brian Monsell, Mark Otto and,
                 for the ARIMA model-based signal extraction,
                      Gianluca Caporello and Victor Gomez


     Series Title- R35 monthly CPI index
     Series Name- series
     Sep 22, 2026  22.39.20 

        -Period covered-  1st month,2015 to  7th month,2026
        -Type of run - multiplicative seasonal adjustment

        -Sigma limits for graduating extreme values are  1.5 and  2.5 .
        -3x3 moving average used in section 1 of each iteration, 
         3x5 moving average in section 2 of iterations B and C,
         moving average for final seasonal factors chosen by Global MSR.
        -Spectral plots generated for selected series
        -Spectral plots generated for series starting in 2018.Aug

 FILE SAVE REQUESTS (* indicates file exists and will be overwritten)
  series.d10  final seasonal factors
  series.d11  final seasonally adjusted data
  series.d12  final trend cycle
  series.d13  final irregular component
  series.out  program output file
  series.err  program error file
  series.udg  seasonal adjustment and model diagnostics file
        R35 monthly CPI index            PAGE   1, SERIES series

     Contents of spc file series.spc

 Line #
 ------
      1: series { title="R35 monthly CPI index" start=2015.1 period=12 data=(
      2: 99 98.900000000000006 99 99.200000000000003 99.5 99.900000000000006
      3: 100 100.2 100.8 101.09999999999999 101.2 101.40000000000001
      4: 101.59999999999999 102.09999999999999 102.09999999999999 102.09999999999999 102.09999999999999 101.90000000000001
      5: 101.59999999999999 101.5 102.09999999999999 102.8 103.5 103.8
      6: 104.90000000000001 104.5 104.40000000000001 104.59999999999999 104.90000000000001 105
      7: 105.5 105.59999999999999 106.2 106.09999999999999 106.3 106.8
      8: 107 107.5 107.3 107.59999999999999 107.40000000000001 107.40000000000001
      9: 108.2 107.09999999999999 107.09999999999999 106.90000000000001 107.5 107.40000000000001
     10: 109 108.5 109 109.09999999999999 108.2 108.40000000000001
     11: 108.2 108 108 107.8 107.59999999999999 108.5
     12: 109 109.2 109 110.09999999999999 112 113.59999999999999
     13: 114.59999999999999 115.40000000000001 116 117.09999999999999 116.90000000000001 116.8
     14: 117.7 118.90000000000001 119.09999999999999 119.40000000000001 120 120.3
     15: 121.09999999999999 121.7 123.3 124.7 126 128.80000000000001
     16: 130.80000000000001 131.30000000000001 132.30000000000001 135.59999999999999 136.5 137.5
     17: 138.09999999999999 140.90000000000001 142 142.19999999999999 141.40000000000001 140.30000000000001
     18: 139.09999999999999 139.59999999999999 138.80000000000001 137.80000000000001 137.90000000000001 137.80000000000001
     19: 137.5 136.90000000000001 136.90000000000001 136.09999999999999 136.09999999999999 135.5
     20: 135.69999999999999 135.5 135.59999999999999 135.90000000000001 136.09999999999999 135.59999999999999
     21: 135.69999999999999 134.90000000000001 134.5 134.40000000000001 134.59999999999999 134.30000000000001
     22: 135 134.69999999999999 135.40000000000001 136.30000000000001 136.69999999999999 137.09999999999999
     23: 136.69999999999999 136.30000000000001 135.5 135.90000000000001 136.30000000000001 136
     24: 135.30000000000001 135.5 136 136.40000000000001 137.09999999999999 136.80000000000001
     25: 136.30000000000001
     26: ) }
     27: transform { function=log }
     28: automdl { }
     29: outlier { types=(ao ls tc) }
     30: x11 { mode=mult save=(d10 d11 d12 d13) appendfcst=no appendbcst=no savelog=all }
     31: spectrum { logqs=yes robustsa=no print=all savelog=all }
     32: check { }
        R35 monthly CPI index            PAGE   2, SERIES series

 A 1  Time series data (for the span analyzed)
  From  2015.Jan to 2026.Jul
  Observations        139
 -----------------------------------------------------------------------------
               Jan      Feb      Mar      Apr      May      Jun 
               Jul      Aug      Sep      Oct      Nov      Dec        TOTAL  
 -----------------------------------------------------------------------------
  2015          99.      99.      99.      99.     100.     100.
               100.     100.     101.     101.     101.     101.         1200.
 
  2016         102.     102.     102.     102.     102.     102.
               102.     102.     102.     103.     104.     104.         1227.
 
  2017         105.     105.     104.     105.     105.     105.
               106.     106.     106.     106.     106.     107.         1265.
 
  2018         107.     108.     107.     108.     107.     107.
               108.     107.     107.     107.     108.     107.         1288.
 
  2019         109.     109.     109.     109.     108.     108.
               108.     108.     108.     108.     108.     109.         1300.
 
  2020         109.     109.     109.     110.     112.     114.
               115.     115.     116.     117.     117.     117.         1360.
 
  2021         118.     119.     119.     119.     120.     120.
               121.     122.     123.     125.     126.     129.         1461.
 
  2022         131.     131.     132.     136.     137.     138.
               138.     141.     142.     142.     141.     140.         1649.
 
  2023         139.     140.     139.     138.     138.     138.
               138.     137.     137.     136.     136.     136.         1650.
 
  2024         136.     136.     136.     136.     136.     136.
               136.     135.     135.     134.     135.     134.         1623.
 
  2025         135.     135.     135.     136.     137.     137.
               137.     136.     136.     136.     136.     136.         1632.
 
  2026         135.     136.     136.     136.     137.     137.
               136.                                                       953.
 
  AVGE         119.     119.     119.     120.     120.     120.
               120.     119.     119.     120.     120.     120.

  Table Total-     16608.60   Mean-     119.49   Std. Dev.-      14.86
                              Min -      98.90        Max -     142.20
        R35 monthly CPI index            PAGE   3, SERIES series
                        Automatic ARIMA Model Selection

                    Procedure based closely on TRAMO method 
                         of Gomez and Maravall (2000)
              "Automatic Modeling Methods for Univariate Series",
                            A Course in Time Series
                  (Edited by D. Pena, G. C. Tiao, R. S. Tsay),
                         New York : J. Wiley and Sons


     Maximum order for regular ARMA parameters :   2
     Maximum order for seasonal ARMA parameters :   1
     Maximum order for regular differencing :   2
     Maximum order for seasonal differencing :   1

   Results of Unit Root Test for identifying orders of differencing:
     Regular difference order :   1
     Seasonal difference order :   0

     Mean is not significant.

  Automatic model choice : (1 1 1)


  Final Checks for Identified Model


  Checking for Unit Roots.
   No unit roots found.

  Checking for nonseasonal overdifferencing.
   Nonseasonal MA not within  0.001 of 1.0 - model passes test.

  Checking for insignificant ARMA coefficients.

  Final automatic model choice : (1 1 1)
   End of automatic model selection procedure.

 Average absolute percentage error in within-sample forecasts:
  Last year:   0.73      Last-1 year:   0.72     Last-2 year:   0.43
  Last three years:    0.63

 Estimation converged in    6 ARMA iterations,   19 function evaluations.

 ARIMA Model:  (1 1 1)
   Nonseasonal differences: 1
                                              Standard
 Parameter                    Estimate          Errors
 -----------------------------------------------------
 Nonseasonal AR                                    
   Lag  1                       0.9028         0.05471

 Nonseasonal MA                                    
   Lag  1                       0.6126         0.10194

 Variance                       0.26118E-04
 SE of Var                      0.31442E-05
 -----------------------------------------------------

 Likelihood Statistics
 ------------------------------------------------------------------
 Number of observations (nobs)                                  139
 Effective number of observations (nefobs)                      138
 Number of parameters estimated (np)                              3
 Log likelihood                                            532.0622
 Transformation Adjustment                                -659.1955
 Adjusted Log likelihood (L)                              -127.1333
 AIC                                                       260.2666 
 AICC (F-corrected-AIC)                                    260.4457 
 Hannan Quinn                                              263.8353 
 BIC                                                       269.0484 
 ------------------------------------------------------------------


 DIAGNOSTIC CHECKING
  Sample Autocorrelations of the Residuals with the Ljung-Box diagnostic.

  Lag      1     2     3     4     5     6     7     8     9    10    11    12
  ACF  -0.01 -0.02 -0.05  0.13 -0.05  0.00 -0.10 -0.01  0.06 -0.03  0.05 -0.18
  SE    0.09  0.09  0.09  0.09  0.09  0.09  0.09  0.09  0.09  0.09  0.09  0.09
  Q     0.02  0.09  0.49  2.91  3.32  3.32  4.75  4.77  5.27  5.41  5.84 10.73
  DF       0     0     1     2     3     4     5     6     7     8     9    10
  P    0.000 0.000 0.485 0.234 0.345 0.505 0.447 0.574 0.628 0.713 0.755 0.379

  Lag     13    14    15    16    17    18    19    20    21    22    23    24
  ACF  -0.04  0.02 -0.04 -0.05  0.03  0.12  0.13 -0.06 -0.09 -0.03  0.02  0.09
  SE    0.09  0.09  0.09  0.09  0.09  0.09  0.09  0.09  0.09  0.09  0.09  0.09
  Q    10.98 11.05 11.31 11.77 11.92 14.20 16.83 17.39 18.60 18.75 18.83 20.26
  DF      11    12    13    14    15    16    17    18    19    20    21    22
  P    0.445 0.525 0.585 0.625 0.685 0.584 0.466 0.496 0.482 0.538 0.596 0.567

  The P-values approximate the probability of observing a Q-value at least
  this large when the model fitted is correct.  When DF is positive, small
  values of P, customarily those below 0.05, indicate model inadequacy.

  Sample Autocorrelations of the Residuals
                 -1.0 -0.8 -0.6 -0.4 -0.2  0.0  0.2  0.4  0.6  0.8  1.0
                   +----+----+----+----+----+----+----+----+----+----+
            1                           .   |   .                     -0.011
            2                           .  X|   .                     -0.022
            3                           .  X|   .                     -0.053
            4                           .   |XXX.                      0.130
            5                           .  X|   .                     -0.054
            6                           .   |   .                      0.000
            7                           . XX|   .                     -0.099
            8                           .   |   .                     -0.009
            9                           .   |X  .                      0.058
           10                           .  X|   .                     -0.031
           11                           .   |X  .                      0.054
           12       - - - - - - - - -   XXXX|   .   - - - - - - - -   -0.179
           13                          .   X|    .                    -0.040
           14                          .    |X   .                     0.021
           15                          .   X|    .                    -0.041
           16                          .   X|    .                    -0.054
           17                          .    |X   .                     0.031
           18                          .    |XXX .                     0.119
           19                          .    |XXX .                     0.127
           20                          .   X|    .                    -0.059
           21                          .  XX|    .                    -0.086
           22                          .   X|    .                    -0.030
           23                          .    |X   .                     0.021
           24       - - - - - - - - -  .    |XX  .  - - - - - - - -    0.092
  
  Sample Autocorrelations of the Squared Residuals with the Ljung-Box diagnostic.

  Lag      1     2     3     4     5     6     7     8     9    10    11    12
  ACF   0.09  0.02  0.06  0.38  0.06  0.06  0.10  0.08 -0.03  0.02  0.10 -0.04
  SE    0.09  0.09  0.09  0.09  0.10  0.10  0.10  0.10  0.10  0.10  0.10  0.10
  Q     1.14  1.20  1.71 22.44 23.02 23.52 24.93 25.90 26.03 26.07 27.67 27.91
  DF       0     0     1     2     3     4     5     6     7     8     9    10
  P    0.000 0.000 0.190 0.000 0.000 0.000 0.000 0.000 0.000 0.001 0.001 0.002

  Lag     13    14    15    16    17    18    19    20    21    22    23    24
  ACF  -0.04 -0.04 -0.01  0.07 -0.01 -0.03 -0.02 -0.06  0.07  0.02  0.09  0.09
  SE    0.10  0.10  0.10  0.10  0.10  0.10  0.10  0.10  0.10  0.10  0.10  0.10
  Q    28.14 28.35 28.38 29.24 29.26 29.39 29.47 29.99 30.89 30.94 32.28 33.72
  DF      11    12    13    14    15    16    17    18    19    20    21    22
  P    0.003 0.005 0.008 0.010 0.015 0.021 0.030 0.038 0.042 0.056 0.055 0.052

  The P-values approximate the probability of observing a Q-value at least
  this large when the model fitted is correct in a way that supports the
  standard interpretations of the test statistics, standard errors, and
  prediction intervals output by X-13ARIMA-SEATS. When DF is positive, small
  values of P, customarily those below 0.05, suggest that model-based
  inferences about statistical significance and uncertainty will be less
  dependable than usual.

  Sample Autocorrelations of the Squared Residuals
                 -1.0 -0.8 -0.6 -0.4 -0.2  0.0  0.2  0.4  0.6  0.8  1.0
                   +----+----+----+----+----+----+----+----+----+----+
            1                           .   |XX .                      0.090
            2                           .   |X  .                      0.020
            3                           .   |X  .                      0.060
            4                           .   |XXXXXXXXX                 0.379
            5                          .    |XX  .                     0.063
            6                          .    |X   .                     0.058
            7                          .    |XX  .                     0.098
            8                          .    |XX  .                     0.081
            9                          .   X|    .                    -0.030
           10                          .    |    .                     0.017
           11                          .    |XXX .                     0.103
           12       - - - - - - - - -  .   X|    .  - - - - - - - -   -0.039
           13                          .   X|    .                    -0.039
           14                          .   X|    .                    -0.037
           15                          .    |    .                    -0.015
           16                          .    |XX  .                     0.074
           17                          .    |    .                    -0.009
           18                          .   X|    .                    -0.029
           19                          .   X|    .                    -0.021
           20                          .   X|    .                    -0.056
           21                          .    |XX  .                     0.074
           22                          .    |    .                     0.018
           23                          .    |XX  .                     0.089
           24       - - - - - - - - -  .    |XX  .  - - - - - - - -    0.092
  
 Histogram of the Standardized and Mean-Centered Residuals
  Standard
  Deviations    Frequency
       -3 +
          |##
       -2 +####
          |#####
       -1 +###############
          |###########################
        0 +##############################
          |########################
        1 +###############
          |########
        2 +###
          |
        3 +####

  Outlier [#

  One '#'= 1 observation[s]

 Tabular Histogram of the Standardized and Mean-Centered Residuals

  Standard
  Deviations    Frequency

 -3.00                 0

 -2.50                 2

 -2.00                 4

 -1.50                 5

 -1.00                15

 -0.50                27

  0.00                30

  0.50                24

  1.00                15

  1.50                 8

  2.00                 3

  2.50                 0

  3.00                 4

  Residuals with |t|>3.25

  Obs       t-value
  -----------------
  2022.Mar     3.70

 Summary Statistics for the Unstandardized Residuals
  Minimum                    -0.012
  Maximum                     0.018
  Median                      0.000
  Robust Std Dev              0.005

 Normality Statistics for regARIMA Model Residuals:

    Number of residuals  :    138

    Skewness coefficient :    0.4657    
    Geary's a            :    0.7570    
    Kurtosis             :    4.1141    

  No indication of lack of normality.

 Durbin-Watson Statistic for regARIMA Model Residuals:
  dw =     1.988945

 Friedman Non-Parametric Test for regARIMA Model Residuals:
  ken =     9.993007 ( Asymptotically distributed as Chi-Square(11), P-Value =     0.531016 )

 QS Statistic for regARIMA Model Residuals (full series):             0.00
                                                       (P-Value =     1.0000)

 QS Statistic for regARIMA Model Residuals (starting 2018.Aug):       0.00
                                                       (P-Value =     1.0000)
      10*LOG(SPECTRUM) of the regARIMA model residuals
      Spectrum estimated from 2018.Aug to 2026.Jul.
 ++++++++++I+++++++++++++++++++++++++++++++++++++++++++++++++++++++++++++I
     -37.01I                          *                                  I    -37.01
           I                          *                                  I
           I                          *                                  I
           I                          *                                  I
     -38.15I                          *                                  I    -38.15
           I                          *                                  I
           I                          *                                  I
           I                          *                                  I
     -39.30I                          *                                  I    -39.30
           I                          *                                  I
           I                          *                                  I
           I              *           *                                  I
     -40.44I      *       *           *                                  I    -40.44
           I      *       *           *                              *   I
           I      *       *           *                              *   I
           I      *       *           *                              *   I
     -41.59I      *       *           *        *                     *   I    -41.59
           I      *       *           *        *                     *   I
           I      *       *           *    *   *                     *   I
           I      *       *           *    *   *                    **   I
     -42.73I      *       *           *    *   *                    **   I    -42.73
           I      *       *           *    *   *                    **   I
           I      *       *           *    *  **                    **   I
           I  *   *       *          **    *  **       *            **   I
     -43.87I  *  **       *          **    *  **       *            ***  I    -43.87
           I  *  **      **          **    *  **       **           ***  I
           I  *  **      **          **    *  **   *   **        *  ***  I
           I  *  **      **    *     ***   *  **   *   **        *  ***  I
     -45.02I  ** **      **    *S    ***   *  **   *   **        *  ***  I    -45.02
           I  ** **      **    *S    ***   ** **  **   **        *  ***  I
           I  ** **   S  **    *S  * ***   ** **  **   **        * ****  I
           I  ** ***  S  **    *S ******  S** **  **   **        * ***** I
     -46.16I  ** ***  S  **    *S ******  S** *** **   **        ******* I    -46.16
           I  ******  S* **    *S*******  S****** **   **       T*******SI
           I *******  S* **    *S*******  S****** **   **       T*******SI
           I *******  S* **    *S*******  S****** **   **       T*******SI
     -47.31I *******  S****    *S*******  S*********   **       T*******SI    -47.31
           I ******* *S****    *S*******  S*********   **       T*******SI
           I ******* *S****    *S*******  S*********   **       T*******SI
           I ******* *S****    *S*******  S*********S  **       T*******SI
     -48.45I**********S*****   *S*******  S*********S T***      T*******SI    -48.45
           I**********S*****   *S*******  S*********S T***      T*******SI
           I**********S*****   *S*********S*********S T***      T*******SI
           I**********S*****  **S*********S*********S T***      T*******SI
     -49.60I**********S*****  **S*********S*********S*T*** *    T*******SI    -49.60
           I**********S*****  **S*********S*********S*T*****    T*******SI
           I**********S*****  **S*********S*********S*T*****   *T*******SI
           I**********S*****  **S*********S*********S*T*****   *T*******SI
     -50.74I**********S*****  **S*********S*********S*T******  *T*******SI    -50.74
           I**********S*****  **S*********S*********S*T******  *T*******SI
           I**********S*****  **S*********S*********S*T******  *T*******SI
           I**********S*****  **S*********S*********S*T******  *T*******SI
     -51.89I**********S*********S*********S*********S*T*******S*T*******SI    -51.89
 ++++++++++I+++++++++++++++++++++++++++++++++++++++++++++++++++++++++++++I
            S=SEASONAL FREQUENCIES, T=TRADING DAY FREQUENCIES


 FORECASTING
  Origin  2026.Jul
  Number        12

  Forecasts and Standard Errors of the Transformed Data
   ------------------------------
                         Standard
       Date   Forecast      Error
   ------------------------------
   2026.Aug       4.91      0.005
   2026.Sep       4.91      0.008
   2026.Oct       4.91      0.012
   2026.Nov       4.91      0.015
   2026.Dec       4.91      0.018
   2027.Jan       4.91      0.021
   2027.Feb       4.91      0.024
   2027.Mar       4.91      0.028
   2027.Apr       4.91      0.031
   2027.May       4.91      0.034
   2027.Jun       4.91      0.037
   2027.Jul       4.91      0.040
   ------------------------------

  Confidence intervals with coverage probability ( 0.95000
  On the Original Scale
   ---------------------------------------
       Date      Lower  Forecast     Upper
   ---------------------------------------
   2026.Aug     134.86    136.22    137.59
   2026.Sep     133.94    136.14    138.39
   2026.Oct     133.04    136.08    139.18
   2026.Nov     132.16    136.02    139.99
   2026.Dec     131.27    135.96    140.82
   2027.Jan     130.40    135.92    141.66
   2027.Feb     129.54    135.87    142.52
   2027.Mar     128.69    135.83    143.37
   2027.Apr     127.85    135.80    144.23
   2027.May     127.03    135.76    145.10
   2027.Jun     126.23    135.73    145.95
   2027.Jul     125.44    135.71    146.81
   ---------------------------------------
        R35 monthly CPI index            PAGE   4, SERIES series

 B 1  Original series (prior adjusted)
  From  2015.Jan to 2026.Jul
  Observations        139
 -----------------------------------------------------------------------------
               Jan      Feb      Mar      Apr      May      Jun 
               Jul      Aug      Sep      Oct      Nov      Dec        TOTAL  
 -----------------------------------------------------------------------------
  2015          99.      99.      99.      99.      99.     100.
               100.     100.     101.     101.     101.     101.         1200.
 
  2016         102.     102.     102.     102.     102.     102.
               102.     101.     102.     103.     103.     104.         1227.
 
  2017         105.     104.     104.     105.     105.     105.
               106.     106.     106.     106.     106.     107.         1265.
 
  2018         107.     107.     107.     108.     107.     107.
               108.     107.     107.     107.     107.     107.         1288.
 
  2019         109.     109.     109.     109.     108.     108.
               108.     108.     108.     108.     108.     109.         1300.
 
  2020         109.     109.     109.     110.     112.     114.
               115.     115.     116.     117.     117.     117.         1360.
 
  2021         118.     119.     119.     119.     120.     120.
               121.     122.     123.     125.     126.     129.         1461.
 
  2022         131.     131.     132.     136.     137.     138.
               138.     141.     142.     142.     141.     140.         1649.
 
  2023         139.     140.     139.     138.     138.     138.
               138.     137.     137.     136.     136.     136.         1650.
 
  2024         136.     136.     136.     136.     136.     136.
               136.     135.     134.     134.     135.     134.         1623.
 
  2025         135.     135.     135.     136.     137.     137.
               137.     136.     136.     136.     136.     136.         1632.
 
  2026         135.     136.     136.     136.     137.     137.
               136.                                                       953.
 
  AVGE         119.     119.     119.     120.     120.     120.
               120.     119.     119.     120.     120.     120.

  Table Total-     16608.60   Mean-     119.49   Std. Dev.-      14.86
                              Min -      98.90        Max -     142.20

 B 1.A  Forecasts of (prior adjusted) original series
  From  2026.Aug to 2027.Jul
  Observations         12
 -----------------------------------------------------------------------------
               Jan      Feb      Mar      Apr      May      Jun 
               Jul      Aug      Sep      Oct      Nov      Dec        TOTAL  
 -----------------------------------------------------------------------------
  2026                                                          
                        136.     136.     136.     136.     136.          680.
 
  2027         136.     136.     136.     136.     136.     136.
               136.                                                       951.
 
        R35 monthly CPI index            PAGE   5, SERIES series

 C 17  Final weights for irregular component
  From  2015.Jan to 2026.Jul
  Observations        139
  Lower sigma limit    1.50
  Upper sigma limit    2.50
 -----------------------------------------------------------------------------
               Jan      Feb      Mar      Apr      May      Jun 
               Jul      Aug      Sep      Oct      Nov      Dec         S.D.  
 -----------------------------------------------------------------------------
  2015        100.0    100.0    100.0    100.0    100.0    100.0
               97.0    100.0    100.0    100.0    100.0    100.0           0.2
 
  2016        100.0    100.0    100.0    100.0    100.0    100.0
              100.0    100.0    100.0    100.0    100.0    100.0           0.2
 
  2017          0.0    100.0    100.0    100.0    100.0    100.0
              100.0    100.0    100.0    100.0    100.0    100.0           0.2
 
  2018        100.0    100.0    100.0    100.0    100.0    100.0
                0.0    100.0    100.0     90.3    100.0      0.0           0.2
 
  2019         98.8    100.0    100.0     82.5    100.0    100.0
              100.0    100.0    100.0    100.0     59.5    100.0           0.2
 
  2020        100.0    100.0     92.4    100.0    100.0    100.0
              100.0    100.0    100.0     80.6    100.0     85.1           0.3
 
  2021        100.0    100.0    100.0    100.0    100.0    100.0
              100.0    100.0    100.0    100.0    100.0     47.5           0.3
 
  2022         12.9    100.0      0.0      0.0    100.0    100.0
                0.0    100.0    100.0    100.0    100.0    100.0           0.2
 
  2023         23.1    100.0    100.0    100.0    100.0    100.0
              100.0    100.0    100.0    100.0    100.0    100.0           0.2
 
  2024        100.0    100.0    100.0    100.0    100.0    100.0
              100.0    100.0    100.0    100.0    100.0    100.0           0.2
 
  2025        100.0    100.0    100.0    100.0    100.0    100.0
              100.0    100.0      0.0    100.0    100.0    100.0           0.2
 
  2026        100.0    100.0    100.0    100.0    100.0    100.0
              100.0                                                        0.2
 
        R35 monthly CPI index            PAGE   6, SERIES series

 D 8  Final unmodified SI ratios
  From  2015.Jan to 2026.Jul
  Observations        139
 -----------------------------------------------------------------------------
               Jan      Feb      Mar      Apr      May      Jun 
               Jul      Aug      Sep      Oct      Nov      Dec         AVGE  
 -----------------------------------------------------------------------------
  2015        100.5    100.3    100.2    100.1    100.0     99.9
               99.6     99.5     99.8    100.0    100.1    100.2         100.0
 
  2016        100.2    100.5    100.3    100.1    100.1     99.9
               99.6     99.4     99.7     99.9    100.2    100.1         100.0
 
  2017        101.0    100.4    100.2    100.1    100.1     99.8
               99.8     99.6     99.9     99.7     99.8    100.2         100.0
 
  2018        100.2    100.4    100.1    100.2    100.0    100.0
              100.8     99.8     99.8     99.5     99.8     99.4         100.0
 
  2019        100.6     99.9    100.2    100.4     99.7    100.1
              100.1    100.0    100.0     99.8     99.4    100.0         100.0
 
  2020        100.3    100.2     99.5     99.6    100.1    100.3
              100.2    100.1    100.0    100.5    100.0     99.5         100.0
 
  2021         99.8    100.3     99.9     99.7    100.0     99.9
              100.1    100.0    100.3    100.2     99.7    100.4         100.0
 
  2022        100.6     99.6     99.1    100.5    100.0     99.7
               99.2    100.3    100.5    100.4    100.1     99.6         100.0
 
  2023         99.2    100.0     99.9     99.6    100.0    100.2
              100.3    100.1    100.3     99.9    100.0     99.6          99.9
 
  2024         99.8     99.6     99.8    100.1    100.4    100.2
              100.5    100.1    100.0     99.9     99.9     99.5         100.0
 
  2025         99.9     99.5     99.8    100.3    100.4    100.6
              100.3    100.0     99.4     99.7    100.0     99.8         100.0
 
  2026         99.4     99.6     99.9    100.2    100.7    100.5
              100.1                                                      100.1
 
  AVGE        100.1    100.0     99.9    100.1    100.1    100.1
              100.1     99.9    100.0    100.0     99.9     99.9

  Table Total-     13900.36   Mean-     100.00   Std. Dev.-       0.34
                              Min -      99.13        Max -     100.95
        R35 monthly CPI index            PAGE   7, SERIES series

 D 8.B  Final unmodified SI ratios, with labels for outliers and extreme values
  From  2015.Jan to 2026.Jul
  Observations        139
 ---------------------------------------------------------------------
               Jan       Feb       Mar       Apr       May       Jun  
               Jul       Aug       Sep       Oct       Nov       Dec  
 ---------------------------------------------------------------------
  2015       100.5     100.3     100.2     100.1     100.0      99.9  
              99.6*     99.5      99.8     100.0     100.1     100.2  
 
  2016       100.2     100.5     100.3     100.1     100.1      99.9  
              99.6      99.4      99.7      99.9     100.2     100.1  
 
  2017       101.0*    100.4     100.2     100.1     100.1      99.8  
              99.8      99.6      99.9      99.7      99.8     100.2  
 
  2018       100.2     100.4     100.1     100.2     100.0     100.0  
             100.8*     99.8      99.8      99.5*     99.8      99.4* 
 
  2019       100.6*     99.9     100.2     100.4*     99.7     100.1  
             100.1     100.0     100.0      99.8      99.4*    100.0  
 
  2020       100.3     100.2      99.5*     99.6     100.1     100.3  
             100.2     100.1     100.0     100.5*    100.0      99.5* 
 
  2021        99.8     100.3      99.9      99.7     100.0      99.9  
             100.1     100.0     100.3     100.2      99.7     100.4* 
 
  2022       100.6*     99.6      99.1*    100.5*    100.0      99.7  
              99.2*    100.3     100.5     100.4     100.1      99.6  
 
  2023        99.2*    100.0      99.9      99.6     100.0     100.2  
             100.3     100.1     100.3      99.9     100.0      99.6  
 
  2024        99.8      99.6      99.8     100.1     100.4     100.2  
             100.5     100.1     100.0      99.9      99.9      99.5  
 
  2025        99.9      99.5      99.8     100.3     100.4     100.6  
             100.3     100.0      99.4*     99.7     100.0      99.8  
 
  2026        99.4      99.6      99.9     100.2     100.7     100.5  
             100.1                                                    
 

  Key to symbols:
    *  : extreme value as determined by X-11 extreme value procedure
 
        R35 monthly CPI index            PAGE   8, SERIES series

 D 9  Final replacement values for SI ratios
  From  2015.Jan to 2026.Jul
  Observations        139
 ---------------------------------------------------------------
               Jan      Feb      Mar      Apr      May      Jun 
               Jul      Aug      Sep      Oct      Nov      Dec 
 ---------------------------------------------------------------
  2015     ******** ******** ******** ******** ******** ********
               99.6 ******** ******** ******** ******** ********
 
  2016     ******** ******** ******** ******** ******** ********
           ******** ******** ******** ******** ******** ********
 
  2017        100.4 ******** ******** ******** ******** ********
           ******** ******** ******** ******** ******** ********
 
  2018     ******** ******** ******** ******** ******** ********
              100.0 ******** ********     99.5 ********    100.0
 
  2019        100.6 ******** ********    100.3 ******** ********
           ******** ******** ******** ********     99.6 ********
 
  2020     ******** ********     99.5 ******** ******** ********
           ******** ******** ********    100.4 ********     99.6
 
  2021     ******** ******** ******** ******** ******** ********
           ******** ******** ******** ******** ********    100.2
 
  2022        100.1 ********     99.8     99.8 ******** ********
              100.2 ******** ******** ******** ******** ********
 
  2023         99.6 ******** ******** ******** ******** ********
           ******** ******** ******** ******** ******** ********
 
  2024     ******** ******** ******** ******** ******** ********
           ******** ******** ******** ******** ******** ********
 
  2025     ******** ******** ******** ******** ******** ********
           ******** ********     99.9 ******** ******** ********
 
  2026     ******** ******** ******** ******** ******** ********
           ********                                             
 

 D 9.A  Moving seasonality ratio
 ---------------------------------------------------------------
               Jan      Feb      Mar      Apr      May      Jun 
 ---------------------------------------------------------------
   I          0.284    0.264    0.171    0.193    0.160    0.234
   S          0.075    0.077    0.043    0.049    0.053    0.060
 RATIO        3.810    3.409    3.987    3.938    3.009    3.922



 ---------------------------------------------------------------
               Jul      Aug      Sep      Oct      Nov      Dec 
 ---------------------------------------------------------------
   I          0.114    0.138    0.182    0.259    0.182    0.267
   S          0.057    0.065    0.044    0.042    0.029    0.056
 RATIO        1.993    2.120    4.098    6.177    6.358    4.792



        R35 monthly CPI index            PAGE   9, SERIES series

 D 10  Final seasonal factors
  From  2015.Jan to 2026.Jul
  Observations        139
  Seasonal filter    3 x 5 moving average
 -----------------------------------------------------------------------------
               Jan      Feb      Mar      Apr      May      Jun 
               Jul      Aug      Sep      Oct      Nov      Dec         AVGE  
 -----------------------------------------------------------------------------
  2015       100.36   100.40   100.17   100.12   100.03    99.89
              99.74    99.53    99.82    99.83    99.99   100.13        100.00
 
  2016       100.36   100.36   100.17   100.13   100.01    99.91
              99.78    99.58    99.83    99.82    99.96   100.12        100.00
 
  2017       100.35   100.32   100.12   100.11    99.99    99.95
              99.86    99.66    99.85    99.83    99.92   100.07        100.00
 
  2018       100.33   100.27   100.05   100.07    99.97    99.99
              99.95    99.77    99.92    99.87    99.87   100.04        100.01
 
  2019       100.27   100.20    99.97    99.99    99.97   100.02
             100.04    99.90   100.01    99.96    99.85    99.96        100.01
 
  2020       100.18   100.10    99.91    99.91    99.96   100.03
             100.11   100.01   100.13   100.06    99.85    99.91        100.01
 
  2021       100.06   100.01    99.85    99.84   100.01   100.05
             100.18   100.08   100.20   100.14    99.89    99.80        100.01
 
  2022        99.93    99.91    99.83    99.83   100.08   100.10
             100.23   100.11   100.23   100.12    99.93    99.76        100.01
 
  2023        99.82    99.80    99.82    99.90   100.20   100.17
             100.27   100.12   100.20   100.06    99.95    99.70        100.00
 
  2024        99.73    99.70    99.85   100.00   100.30   100.28
             100.30   100.09   100.13    99.95    99.95    99.69        100.00
 
  2025        99.67    99.63    99.85   100.09   100.40   100.38
             100.32   100.07   100.05    99.87    99.93    99.66        100.00
 
  2026        99.64    99.61    99.86   100.16   100.46   100.46
             100.34                                                     100.08
 
  AVGE       100.06   100.03    99.95   100.01   100.12   100.10
             100.09    99.90   100.03    99.96    99.92    99.89

  Table Total-     13901.07   Mean-     100.01   Std. Dev.-       0.20
                              Min -      99.53        Max -     100.46

 D 10.A  Final seasonal component forecasts
  From  2026.Aug to 2027.Jul
  Observations         12
 -----------------------------------------------------------------------------
               Jan      Feb      Mar      Apr      May      Jun 
               Jul      Aug      Sep      Oct      Nov      Dec         AVGE  
 -----------------------------------------------------------------------------
  2026                                                          
                      100.04    99.99    99.82    99.91    99.67         99.89
 
  2027        99.64    99.58    99.86   100.21   100.49   100.49
             100.33                                                     100.09
 
        R35 monthly CPI index            PAGE  10, SERIES series

 D 11  Final seasonally adjusted data
  From  2015.Jan to 2026.Jul
  Observations        139
 -----------------------------------------------------------------------------
               Jan      Feb      Mar      Apr      May      Jun 
               Jul      Aug      Sep      Oct      Nov      Dec        TOTAL  
 -----------------------------------------------------------------------------
  2015          99.      99.      99.      99.      99.     100.
               100.     101.     101.     101.     101.     101.         1200.
 
  2016         101.     102.     102.     102.     102.     102.
               102.     102.     102.     103.     104.     104.         1227.
 
  2017         105.     104.     104.     104.     105.     105.
               106.     106.     106.     106.     106.     107.         1265.
 
  2018         107.     107.     107.     108.     107.     107.
               108.     107.     107.     107.     108.     107.         1288.
 
  2019         109.     108.     109.     109.     108.     108.
               108.     108.     108.     108.     108.     109.         1300.
 
  2020         109.     109.     109.     110.     112.     114.
               114.     115.     116.     117.     117.     117.         1360.
 
  2021         118.     119.     119.     120.     120.     120.
               121.     122.     123.     125.     126.     129.         1461.
 
  2022         131.     131.     133.     136.     136.     137.
               138.     141.     142.     142.     142.     141.         1649.
 
  2023         139.     140.     139.     138.     138.     138.
               137.     137.     137.     136.     136.     136.         1650.
 
  2024         136.     136.     136.     136.     136.     135.
               135.     135.     134.     134.     135.     135.         1623.
 
  2025         135.     135.     136.     136.     136.     137.
               136.     136.     135.     136.     136.     136.         1632.
 
  2026         136.     136.     136.     136.     136.     136.
               136.                                                       953.
 
  AVGE         119.     119.     119.     119.     120.     120.
               120.     119.     119.     120.     120.     120.

  Table Total-     16607.32   Mean-     119.48   Std. Dev.-      14.86
                              Min -      98.51        Max -     142.03
        R35 monthly CPI index            PAGE  11, SERIES series

 D 12  Final trend cycle
  From  2015.Jan to 2026.Jul
  Observations        139
  Trend filter     9-term Henderson moving average
  I/C ratio        0.56
 -----------------------------------------------------------------------------
               Jan      Feb      Mar      Apr      May      Jun 
               Jul      Aug      Sep      Oct      Nov      Dec        TOTAL  
 -----------------------------------------------------------------------------
  2015          98.      99.      99.      99.      99.     100.
               100.     101.     101.     101.     101.     101.         1200.
 
  2016         101.     102.     102.     102.     102.     102.
               102.     102.     102.     103.     103.     104.         1227.
 
  2017         104.     104.     104.     105.     105.     105.
               106.     106.     106.     106.     106.     107.         1264.
 
  2018         107.     107.     107.     107.     107.     107.
               107.     107.     107.     107.     108.     108.         1288.
 
  2019         108.     109.     109.     109.     109.     108.
               108.     108.     108.     108.     108.     108.         1300.
 
  2020         109.     109.     110.     110.     112.     113.
               114.     115.     116.     117.     117.     117.         1360.
 
  2021         118.     119.     119.     120.     120.     120.
               121.     122.     123.     125.     126.     128.         1460.
 
  2022         130.     132.     133.     135.     136.     138.
               139.     141.     142.     142.     141.     141.         1650.
 
  2023         140.     140.     139.     138.     138.     137.
               137.     137.     136.     136.     136.     136.         1651.
 
  2024         136.     136.     136.     136.     136.     135.
               135.     135.     135.     134.     135.     135.         1623.
 
  2025         135.     135.     136.     136.     136.     136.
               136.     136.     136.     136.     136.     136.         1632.
 
  2026         136.     136.     136.     136.     136.     136.
               136.                                                       953.
 
  AVGE         119.     119.     119.     119.     120.     120.
               120.     119.     119.     120.     120.     120.

  Table Total-     16608.60   Mean-     119.49   Std. Dev.-      14.88
                              Min -      98.48        Max -     141.80
        R35 monthly CPI index            PAGE  12, SERIES series

 D 13  Final irregular component
  From  2015.Jan to 2026.Jul
  Observations        139
 -----------------------------------------------------------------------------
               Jan      Feb      Mar      Apr      May      Jun 
               Jul      Aug      Sep      Oct      Nov      Dec         S.D.  
 -----------------------------------------------------------------------------
  2015        100.2     99.9    100.0    100.0    100.0    100.1
               99.9    100.0    100.0    100.1    100.0    100.0           0.1
 
  2016         99.8    100.1    100.1    100.0    100.1    100.1
               99.9     99.9     99.9    100.1    100.2     99.9           0.1
 
  2017        100.5    100.0    100.0     99.9    100.1     99.9
              100.0    100.0    100.1     99.9     99.9    100.1           0.2
 
  2018         99.8    100.1    100.0    100.1    100.0    100.0
              100.8    100.1    100.0     99.7    100.0     99.4           0.3
 
  2019        100.3     99.6    100.2    100.3     99.7    100.0
              100.0    100.1    100.0     99.9     99.7    100.1           0.2
 
  2020        100.1    100.1     99.6     99.7    100.2    100.2
              100.0    100.0     99.8    100.4    100.1     99.6           0.2
 
  2021         99.8    100.3    100.1    100.0    100.0    100.0
              100.0     99.9    100.1    100.0     99.8    100.6           0.2
 
  2022        100.6     99.7     99.4    100.7    100.1     99.7
               99.0    100.1    100.1    100.2    100.0     99.8           0.5
 
  2023         99.4    100.2    100.1     99.8     99.9    100.1
              100.0     99.9    100.1     99.9    100.1     99.9           0.2
 
  2024        100.1    100.0     99.9    100.1    100.0     99.9
              100.2    100.0     99.8    100.0    100.0     99.9           0.1
 
  2025        100.2     99.9     99.9    100.1     99.9    100.1
               99.9    100.0     99.4     99.9    100.1    100.2           0.2
 
  2026         99.8    100.0    100.0    100.0    100.2    100.0
               99.8                                                        0.1
 
  S.D.          0.3      0.2      0.2      0.3      0.1      0.1
                0.4      0.1      0.2      0.2      0.1      0.3

  Table Total-     13899.24   Mean-      99.99   Std. Dev.-       0.23
                              Min -      98.98        Max -     100.81
        R35 monthly CPI index            PAGE  13, SERIES series

 D 16  Combined adjustment factors
  From  2015.Jan to 2026.Jul
  Observations        139
 -----------------------------------------------------------------------------
               Jan      Feb      Mar      Apr      May      Jun 
               Jul      Aug      Sep      Oct      Nov      Dec         AVGE  
 -----------------------------------------------------------------------------
  2015       100.36   100.40   100.17   100.12   100.03    99.89
              99.74    99.53    99.82    99.83    99.99   100.13        100.00
 
  2016       100.36   100.36   100.17   100.13   100.01    99.91
              99.78    99.58    99.83    99.82    99.96   100.12        100.00
 
  2017       100.35   100.32   100.12   100.11    99.99    99.95
              99.86    99.66    99.85    99.83    99.92   100.07        100.00
 
  2018       100.33   100.27   100.05   100.07    99.97    99.99
              99.95    99.77    99.92    99.87    99.87   100.04        100.01
 
  2019       100.27   100.20    99.97    99.99    99.97   100.02
             100.04    99.90   100.01    99.96    99.85    99.96        100.01
 
  2020       100.18   100.10    99.91    99.91    99.96   100.03
             100.11   100.01   100.13   100.06    99.85    99.91        100.01
 
  2021       100.06   100.01    99.85    99.84   100.01   100.05
             100.18   100.08   100.20   100.14    99.89    99.80        100.01
 
  2022        99.93    99.91    99.83    99.83   100.08   100.10
             100.23   100.11   100.23   100.12    99.93    99.76        100.01
 
  2023        99.82    99.80    99.82    99.90   100.20   100.17
             100.27   100.12   100.20   100.06    99.95    99.70        100.00
 
  2024        99.73    99.70    99.85   100.00   100.30   100.28
             100.30   100.09   100.13    99.95    99.95    99.69        100.00
 
  2025        99.67    99.63    99.85   100.09   100.40   100.38
             100.32   100.07   100.05    99.87    99.93    99.66        100.00
 
  2026        99.64    99.61    99.86   100.16   100.46   100.46
             100.34                                                     100.08
 
  AVGE       100.06   100.03    99.95   100.01   100.12   100.10
             100.09    99.90   100.03    99.96    99.92    99.89

  Table Total-     13901.07   Mean-     100.01   Std. Dev.-       0.20
                              Min -      99.53        Max -     100.46

 D 16.A  Combined adjustment component forecasts
  From  2026.Aug to 2027.Jul
  Observations         12
 -----------------------------------------------------------------------------
               Jan      Feb      Mar      Apr      May      Jun 
               Jul      Aug      Sep      Oct      Nov      Dec         AVGE  
 -----------------------------------------------------------------------------
  2026                                                          
                      100.04    99.99    99.82    99.91    99.67         99.89
 
  2027        99.64    99.58    99.86   100.21   100.49   100.49
             100.33                                                     100.09
 
        R35 monthly CPI index            PAGE  14, SERIES series

 E 4  Ratios of annual totals
  From          2015 to 2025
  Observations         11
 -----------------------------------
  Year       Unmodified     Modified
                  (D11)         (E2)
 -----------------------------------
  2015           100.00       100.00
 
  2016           100.00       100.00
 
  2017           100.00       100.00
 
  2018           100.01       100.01
 
  2019           100.01       100.01
 
  2020           100.01       100.01
 
  2021           100.01       100.01
 
  2022           100.01       100.01
 
  2023           100.00       100.00
 
  2024           100.00       100.00
 
  2025           100.00       100.00
 
        R35 monthly CPI index            PAGE  15, SERIES series

 E 5  Month-to-month percent change in the original series
  From  2015.Feb to 2026.Jul
  Observations        138
 -----------------------------------------------------------------------------
               Jan      Feb      Mar      Apr      May      Jun 
               Jul      Aug      Sep      Oct      Nov      Dec         AVGE  
 -----------------------------------------------------------------------------
  2015                  -0.1      0.1      0.2      0.3      0.4
                0.1      0.2      0.6      0.3      0.1      0.2           0.2
 
  2016          0.2      0.5      0.0      0.0      0.0     -0.2
               -0.3     -0.1      0.6      0.7      0.7      0.3           0.2
 
  2017          1.1     -0.4     -0.1      0.2      0.3      0.1
                0.5      0.1      0.6     -0.1      0.2      0.5           0.2
 
  2018          0.2      0.5     -0.2      0.3     -0.2      0.0
                0.7     -1.0      0.0     -0.2      0.6     -0.1           0.0
 
  2019          1.5     -0.5      0.5      0.1     -0.8      0.2
               -0.2     -0.2      0.0     -0.2     -0.2      0.8           0.1
 
  2020          0.5      0.2     -0.2      1.0      1.7      1.4
                0.9      0.7      0.5      0.9     -0.2     -0.1           0.6
 
  2021          0.8      1.0      0.2      0.3      0.5      0.2
                0.7      0.5      1.3      1.1      1.0      2.2           0.8
 
  2022          1.6      0.4      0.8      2.5      0.7      0.7
                0.4      2.0      0.8      0.1     -0.6     -0.8           0.7
 
  2023         -0.9      0.4     -0.6     -0.7      0.1     -0.1
               -0.2     -0.4      0.0     -0.6      0.0     -0.4          -0.3
 
  2024          0.1     -0.1      0.1      0.2      0.1     -0.4
                0.1     -0.6     -0.3     -0.1      0.1     -0.2          -0.1
 
  2025          0.5     -0.2      0.5      0.7      0.3      0.3
               -0.3     -0.3     -0.6      0.3      0.3     -0.2           0.1
 
  2026         -0.5      0.1      0.4      0.3      0.5     -0.2
               -0.4                                                        0.0
 
  AVGE          0.5      0.1      0.1      0.4      0.3      0.2
                0.2      0.1      0.3      0.2      0.2      0.2

  Table Total-        32.24   Mean-       0.23   Std. Dev.-       0.63
                              Min -      -1.02        Max -       2.49
        R35 monthly CPI index            PAGE  16, SERIES series

 E 6  Month-to-month percent change in seasonally adjusted series (D11)
  From  2015.Feb to 2026.Jul
  Observations        138
 -----------------------------------------------------------------------------
               Jan      Feb      Mar      Apr      May      Jun 
               Jul      Aug      Sep      Oct      Nov      Dec         AVGE  
 -----------------------------------------------------------------------------
  2015                  -0.1      0.3      0.3      0.4      0.6
                0.2      0.4      0.3      0.3     -0.1      0.1           0.2
 
  2016         -0.0      0.5      0.2      0.0      0.1     -0.1
               -0.2      0.1      0.3      0.7      0.5      0.1           0.2
 
  2017          0.8     -0.3      0.1      0.2      0.4      0.1
                0.6      0.3      0.4     -0.1      0.1      0.3           0.2
 
  2018         -0.1      0.5      0.0      0.3     -0.1     -0.0
                0.8     -0.8     -0.2     -0.1      0.6     -0.3           0.1
 
  2019          1.3     -0.4      0.7      0.1     -0.8      0.1
               -0.2     -0.0     -0.1     -0.1     -0.1      0.7           0.1
 
  2020          0.2      0.3      0.0      1.0      1.7      1.4
                0.8      0.8      0.4      1.0      0.0     -0.1           0.6
 
  2021          0.6      1.1      0.3      0.3      0.3      0.2
                0.5      0.6      1.2      1.2      1.3      2.3           0.8
 
  2022          1.4      0.4      0.8      2.5      0.4      0.7
                0.3      2.2      0.7      0.2     -0.4     -0.6           0.7
 
  2023         -0.9      0.4     -0.6     -0.8     -0.2     -0.0
               -0.3     -0.3     -0.1     -0.4      0.1     -0.2          -0.3
 
  2024          0.1     -0.1     -0.1      0.1     -0.2     -0.3
                0.1     -0.4     -0.3      0.1      0.1      0.0          -0.1
 
  2025          0.5     -0.2      0.3      0.4     -0.0      0.3
               -0.2     -0.0     -0.6      0.5      0.2      0.0           0.1
 
  2026         -0.5      0.2      0.1     -0.0      0.2     -0.2
               -0.2                                                       -0.1
 
  AVGE          0.3      0.2      0.2      0.4      0.2      0.2
                0.2      0.3      0.2      0.3      0.2      0.2

  Table Total-        32.24   Mean-       0.23   Std. Dev.-       0.61
                              Min -      -0.92        Max -       2.49
        R35 monthly CPI index            PAGE  17, SERIES series

 E 7  Month-to-month percent change in final trend cycle (D12)
  From  2015.Feb to 2026.Jul
  Observations        138
 -----------------------------------------------------------------------------
               Jan      Feb      Mar      Apr      May      Jun 
               Jul      Aug      Sep      Oct      Nov      Dec         AVGE  
 -----------------------------------------------------------------------------
  2015                   0.1      0.2      0.3      0.4      0.4
                0.4      0.4      0.3      0.2      0.1      0.1           0.3
 
  2016          0.1      0.2      0.2      0.1      0.0     -0.1
               -0.0      0.1      0.4      0.5      0.5      0.4           0.2
 
  2017          0.2      0.2      0.2      0.2      0.3      0.4
                0.4      0.3      0.2      0.1      0.1      0.1           0.2
 
  2018          0.2      0.2      0.2      0.1      0.0     -0.0
               -0.1     -0.1     -0.1      0.1      0.3      0.4           0.1
 
  2019          0.4      0.3      0.1     -0.1     -0.2     -0.2
               -0.2     -0.1     -0.1     -0.0      0.2      0.2           0.0
 
  2020          0.2      0.3      0.5      0.9      1.2      1.3
                1.1      0.8      0.6      0.4      0.3      0.3           0.7
 
  2021          0.5      0.6      0.5      0.4      0.3      0.3
                0.5      0.7      1.0      1.3      1.5      1.5           0.7
 
  2022          1.4      1.3      1.2      1.1      1.1      1.1
                1.1      1.0      0.7      0.2     -0.2     -0.4           0.8
 
  2023         -0.5     -0.5     -0.5     -0.4     -0.4     -0.3
               -0.2     -0.2     -0.2     -0.2     -0.1     -0.1          -0.3
 
  2024         -0.0     -0.0     -0.0     -0.1     -0.1     -0.2
               -0.2     -0.2     -0.2     -0.0      0.1      0.2          -0.1
 
  2025          0.2      0.2      0.2      0.2      0.2      0.1
               -0.0     -0.1     -0.0      0.0      0.0     -0.0           0.1
 
  2026         -0.1     -0.0      0.1      0.1      0.0     -0.1
               -0.1                                                       -0.0
 
  AVGE          0.2      0.2      0.2      0.2      0.2      0.2
                0.2      0.2      0.2      0.2      0.2      0.2

  Table Total-        32.51   Mean-       0.24   Std. Dev.-       0.48
                              Min -      -0.47        Max -       1.49
        R35 monthly CPI index            PAGE  18, SERIES series

 E 8  Month-to-month percent change in original series adjusted for calendar factors (A18)
  From  2015.Feb to 2026.Jul
  Observations        138
 -----------------------------------------------------------------------------
               Jan      Feb      Mar      Apr      May      Jun 
               Jul      Aug      Sep      Oct      Nov      Dec         AVGE  
 -----------------------------------------------------------------------------
  2015                  -0.1      0.1      0.2      0.3      0.4
                0.1      0.2      0.6      0.3      0.1      0.2           0.2
 
  2016          0.2      0.5      0.0      0.0      0.0     -0.2
               -0.3     -0.1      0.6      0.7      0.7      0.3           0.2
 
  2017          1.1     -0.4     -0.1      0.2      0.3      0.1
                0.5      0.1      0.6     -0.1      0.2      0.5           0.2
 
  2018          0.2      0.5     -0.2      0.3     -0.2      0.0
                0.7     -1.0      0.0     -0.2      0.6     -0.1           0.0
 
  2019          1.5     -0.5      0.5      0.1     -0.8      0.2
               -0.2     -0.2      0.0     -0.2     -0.2      0.8           0.1
 
  2020          0.5      0.2     -0.2      1.0      1.7      1.4
                0.9      0.7      0.5      0.9     -0.2     -0.1           0.6
 
  2021          0.8      1.0      0.2      0.3      0.5      0.3
                0.7      0.5      1.3      1.1      1.0      2.2           0.8
 
  2022          1.6      0.4      0.8      2.5      0.7      0.7
                0.4      2.0      0.8      0.1     -0.6     -0.8           0.7
 
  2023         -0.9      0.4     -0.6     -0.7      0.1     -0.1
               -0.2     -0.4      0.0     -0.6      0.0     -0.4          -0.3
 
  2024          0.1     -0.1      0.1      0.2      0.1     -0.4
                0.1     -0.6     -0.3     -0.1      0.1     -0.2          -0.1
 
  2025          0.5     -0.2      0.5      0.7      0.3      0.3
               -0.3     -0.3     -0.6      0.3      0.3     -0.2           0.1
 
  2026         -0.5      0.1      0.4      0.3      0.5     -0.2
               -0.4                                                        0.0
 
  AVGE          0.5      0.1      0.1      0.4      0.3      0.2
                0.2      0.1      0.3      0.2      0.2      0.2

  Table Total-        32.24   Mean-       0.23   Std. Dev.-       0.63
                              Min -      -1.02        Max -       2.49
        R35 monthly CPI index            PAGE  19, SERIES series

 E 18  Final adjustment ratios
  From  2015.Jan to 2026.Jul
  Observations        139
 -----------------------------------------------------------------------------
               Jan      Feb      Mar      Apr      May      Jun 
               Jul      Aug      Sep      Oct      Nov      Dec         AVGE  
 -----------------------------------------------------------------------------
  2015        100.4    100.4    100.2    100.1    100.0     99.9
               99.7     99.5     99.8     99.8    100.0    100.1         100.0
 
  2016        100.4    100.4    100.2    100.1    100.0     99.9
               99.8     99.6     99.8     99.8    100.0    100.1         100.0
 
  2017        100.4    100.3    100.1    100.1    100.0    100.0
               99.9     99.7     99.9     99.8     99.9    100.1         100.0
 
  2018        100.3    100.3    100.1    100.1    100.0    100.0
               99.9     99.8     99.9     99.9     99.9    100.0         100.0
 
  2019        100.3    100.2    100.0    100.0    100.0    100.0
              100.0     99.9    100.0    100.0     99.8    100.0         100.0
 
  2020        100.2    100.1     99.9     99.9    100.0    100.0
              100.1    100.0    100.1    100.1     99.8     99.9         100.0
 
  2021        100.1    100.0     99.9     99.8    100.0    100.1
              100.2    100.1    100.2    100.1     99.9     99.8         100.0
 
  2022         99.9     99.9     99.8     99.8    100.1    100.1
              100.2    100.1    100.2    100.1     99.9     99.8         100.0
 
  2023         99.8     99.8     99.8     99.9    100.2    100.2
              100.3    100.1    100.2    100.1    100.0     99.7         100.0
 
  2024         99.7     99.7     99.8    100.0    100.3    100.3
              100.3    100.1    100.1     99.9     99.9     99.7         100.0
 
  2025         99.7     99.6     99.9    100.1    100.4    100.4
              100.3    100.1    100.0     99.9     99.9     99.7         100.0
 
  2026         99.6     99.6     99.9    100.2    100.5    100.5
              100.3                                                      100.1
 
  AVGE        100.1    100.0    100.0    100.0    100.1    100.1
              100.1     99.9    100.0    100.0     99.9     99.9

  Table Total-     13901.07   Mean-     100.01   Std. Dev.-       0.20
                              Min -      99.53        Max -     100.46

 E 18.A  Final adjustment ratio forecasts
  From  2026.Aug to 2027.Jul
  Observations         12
 -----------------------------------------------------------------------------
               Jan      Feb      Mar      Apr      May      Jun 
               Jul      Aug      Sep      Oct      Nov      Dec         AVGE  
 -----------------------------------------------------------------------------
  2026                                                          
                       100.0    100.0     99.8     99.9     99.7          99.9
 
  2027         99.6     99.6     99.9    100.2    100.5    100.5
              100.3                                                      100.1
 

  QS statistic for seasonality:
  log(Original Series)                                0.00  (P-Value =     1.0000)
  log(Original Series (EV adj))                       0.00  (P-Value =     1.0000)
  Residuals                                           0.00  (P-Value =     1.0000)
  log(Seasonally Adjusted Series)                     0.00  (P-Value =     1.0000)
  log(SA Series (EV adj))                             0.00  (P-Value =     1.0000)
  Irregular Series                                    0.00  (P-Value =     1.0000)
  Irregular Series (EV adj)                           0.00  (P-Value =     1.0000)

  QS statistic for seasonality (starting 2018.Aug):
  log(Original Series)                                0.00  (P-Value =     1.0000)
  log(Original Series (EV adj))                       0.00  (P-Value =     1.0000)
  Residuals                                           0.00  (P-Value =     1.0000)
  log(Seasonally Adjusted Series)                     0.00  (P-Value =     1.0000)
  log(SA Series (EV adj))                             0.00  (P-Value =     1.0000)
  Irregular Series                                    0.00  (P-Value =     1.0000)
  Irregular Series (EV adj)                           0.00  (P-Value =     1.0000)


 WARNING: Series should not be a candidate for seasonal adjustment
          because the spectrum of the original series (Table A1 or B1)
          has no visually significant seasonal peaks.

          If this is a component series of an indirectly adjusted
          composite series, consider using type = trend or type = summary
          in the x11 spec.
        R35 monthly CPI index            PAGE  20, SERIES series
 G 0  10*LOG(SPECTRUM) of the differenced, transformed Original Series
      (Table A1 or B1).  Spectrum estimated from 2018.Aug to 2026.Jul.
 ++++++++++I+++++++++++++++++++++++++++++++++++++++++++++++++++++++++++++I
     -33.20I  *                                                          I    -33.20
           I  *                                                          I
           I  *                                                          I
           I  *                                                          I
     -34.66I  *                                                          I    -34.66
           I  *                                                          I
           I  *                                                          I
           I  *                                                          I
     -36.11I  *                                                          I    -36.11
           I  *                                                          I
           I **                                                          I
           I **                                                          I
     -37.56I **   *                                                      I    -37.56
           I **   *                                                      I
           I **  **                                                      I
           I **  **                                                      I
     -39.02I **  **                                                      I    -39.02
           I **  **                                                      I
           I***  **                                                      I
           I**** **                   *                                  I
     -40.47I**** **                   *                                  I    -40.47
           I**** **                   *                                  I
           I**** **                   *                                  I
           I*******                   *                                  I
     -41.92I*******       *           *                                  I    -41.92
           I*******       *           *                                  I
           I*******       *           *                                  I
           I*******       *           *                              *   I
     -43.37I*******       *          **        *                     *   I    -43.37
           I*******      **          **        *                     *   I
           I*******      **          **        *        *            *   I
           I********     **          ***       *        *           **   I
     -44.83I********     **          ***   *  **        *           **   I    -44.83
           I********     **          ***   *  **        *           **   I
           I********     **      *   ***   *  **        *           **   I
           I********     **     S** ****   *  **        *           **   I
     -46.28I********     **     S*******   ** **        *           **   I    -46.28
           I********    ***     S*******  S** ***       *       T*  ***  I
           I********  S****     S*******  S******      **       T*  ***  I
           I**********S****     S*******  S******      **       T*  ***  I
     -47.73I**********S****     S*******  S****** *    **  *    T*  ***  I    -47.73
           I**********S*****    S******** S********    **  *    T* ****  I
           I**********S*****   *S*********S********    *** *    T* ***** I
           I**********S*****   *S*********S*********   *** **   T* *****SI
     -49.19I**********S*****   *S*********S*********   ******   T*******SI    -49.19
           I**********S*****   *S*********S*********   ******   T*******SI
           I**********S*****   *S*********S*********   ******   T*******SI
           I**********S*****   *S*********S*********   ******  *T*******SI
     -50.64I**********S*****   *S*********S*********   ******  *T*******SI    -50.64
           I**********S*****  **S*********S*********S T******  *T*******SI
           I**********S****** **S*********S*********S T******* *T*******SI
           I**********S****** **S*********S*********S T*******S*T*******SI
     -52.09I**********S*********S*********S*********S*T*******S*T*******SI    -52.09
 ++++++++++I+++++++++++++++++++++++++++++++++++++++++++++++++++++++++++++I
            S=SEASONAL FREQUENCIES, T=TRADING DAY FREQUENCIES
        R35 monthly CPI index            PAGE  21, SERIES series
 G 1  10*LOG(SPECTRUM) of the differenced, transformed seasonally adjusted 
      data (Table D11).  Spectrum estimated from 2018.Aug to 2026.Jul.
 ++++++++++I+++++++++++++++++++++++++++++++++++++++++++++++++++++++++++++I
     -33.70I  *                                                          I    -33.70
           I  *                                                          I
           I  *                                                          I
           I  *                                                          I
     -35.34I  *                                                          I    -35.34
           I  *                                                          I
           I  *                                                          I
           I **                                                          I
     -36.97I **   *                                                      I    -36.97
           I **   *                                                      I
           I **   *                                                      I
           I **   *                                                      I
     -38.61I***   *                   *                                  I    -38.61
           I**** **                   *                                  I
           I**** **                   *                                  I
           I**** **                   *                                  I
     -40.25I**** **                   *                                  I    -40.25
           I**** **       *           *                                  I
           I*******       *           *                                  I
           I*******       *           *                                  I
     -41.88I*******       *           *                                  I    -41.88
           I*******       *           *                                  I
           I*******       *           *                                  I
           I*******       *           *                                  I
     -43.52I*******       *           *                             *    I    -43.52
           I********      *           *                             *    I
           I********      *           *        *        *           **   I
           I********      *          **       **        *           **   I
     -45.15I********      *          **      ***        *           **  SI    -45.15
           I********     **       *  **      ****       *           **  SI
           I********     **       *  **      ****       *       T   **  SI
           I********     **       *  ***    *****       *       T   ****SI
     -46.79I********     **       *  ***    *****       *       T   ****SI    -46.79
           I********     **       ** ***    *****      **       T*  ****SI
           I********     **       ******    ******     **       T* *****SI
           I********     **       ******    ******     **       T* *****SI
     -48.43I*********    ***     *******   *******     **  *    T* *****SI    -48.43
           I*********    ***     *******   *******     *** *    T*******SI
           I*********    ***     *******   *******     *** **   T*******SI
           I*********   ****     *******   *******     ******  *T*******SI
     -50.06I*********   ****     *******   *******     ******  *T*******SI    -50.06
           I**********  ****     ********  ********    ******  *T*******SI
           I**********  ****     ******** S********    ******  *T*******SI
           I********** *****     ******** S********    *******S*T*******SI
     -51.70I**********S*****     *********S********    *******S*T*******SI    -51.70
           I**********S*****    S*********S********    *******S*T*******SI
           I**********S******   S*********S********    *******S*T*******SI
           I**********S******   S*********S********   T*******S*T*******SI
     -53.33I**********S******   S*********S*********  T*******S*T*******SI    -53.33
           I**********S******   S*********S*********  T*******S*T*******SI
           I**********S******  *S*********S*********  T*******S*T*******SI
           I**********S******* *S*********S*********  T*******S*T*******SI
     -54.97I**********S*********S*********S*********S*T*******S*T*******SI    -54.97
 ++++++++++I+++++++++++++++++++++++++++++++++++++++++++++++++++++++++++++I
            S=SEASONAL FREQUENCIES, T=TRADING DAY FREQUENCIES
        R35 monthly CPI index            PAGE  22, SERIES series
 G 2  10*LOG(SPECTRUM) of the Irregular (Table D13).  
      Spectrum estimated from 2018.Aug to 2026.Jul.
 ++++++++++I+++++++++++++++++++++++++++++++++++++++++++++++++++++++++++++I
     -41.28I                          *                                  I    -41.28
           I                          *                                  I
           I                          *                                  I
           I                          *                                  I
     -43.26I                          *                                  I    -43.26
           I                          *                                  I
           I                          *                                  I
           I                          *                                  I
     -45.24I                          *                                  I    -45.24
           I                          *                                  I
           I                          *                                  I
           I                          *                                  I
     -47.22I                          *                                  I    -47.22
           I                         **       *                          I
           I                         **       **                         I
           I                         **       **                         I
     -49.20I                         **      ***                         I    -49.20
           I                       *****    ****                    *    I
           I                       *****    *****       *           **   I
           I                      ******    *****       *           **   I
     -51.18I                      ******   *******      *           **   I    -51.18
           I              *       ******   *******      *           **  SI
           I              *      *******   *******     **       T   ****SI
           I              *      *******   *******     **       T   ****SI
     -53.16I              *      *******   *******     **       T* *****SI    -53.16
           I              *      *******   *******     **       T* *****SI
           I             **      *******  S********    **  *    T* *****SI
           I             **     S******** S********    *** *    T*******SI
     -55.14I   *         ***    S******** S********    *****   *T*******SI    -55.14
           I   *   **    ***    S*********S********    ******  *T*******SI
           I   *   **   ****    S*********S********    ******  *T*******SI
           I   *   **  *****    S*********S********    ******  *T*******SI
     -57.12I   *   **  *****    S*********S********    *******S*T*******SI    -57.12
           I   *   ***S*****   *S*********S********    *******S*T*******SI
           I   **  ***S*****   *S*********S*********  T*******S*T*******SI
           I   **  ***S*****   *S*********S*********  T*******S*T*******SI
     -59.10I   ** ****S******  *S*********S*********  T*******S*T*******SI    -59.10
           I   ** ****S****** **S*********S*********  T*******S*T*******SI
           I   *******S****** **S*********S*********S*T*******S*T*******SI
           I   *******S*********S*********S*********S*T*******S*T*******SI
     -61.07I   *******S*********S*********S*********S*T*******S*T*******SI    -61.07
           I   *******S*********S*********S*********S*T*******S*T*******SI
           I  ********S*********S*********S*********S*T*******S*T*******SI
           I  ********S*********S*********S*********S*T*******S*T*******SI
     -63.05I  ********S*********S*********S*********S*T*******S*T*******SI    -63.05
           I  ********S*********S*********S*********S*T*******S*T*******SI
           I  ********S*********S*********S*********S*T*******S*T*******SI
           I  ********S*********S*********S*********S*T*******S*T*******SI
     -65.03I  ********S*********S*********S*********S*T*******S*T*******SI    -65.03
           I  ********S*********S*********S*********S*T*******S*T*******SI
           I *********S*********S*********S*********S*T*******S*T*******SI
           I *********S*********S*********S*********S*T*******S*T*******SI
     -67.01I**********S*********S*********S*********S*T*******S*T*******SI    -67.01
 ++++++++++I+++++++++++++++++++++++++++++++++++++++++++++++++++++++++++++I
            S=SEASONAL FREQUENCIES, T=TRADING DAY FREQUENCIES
        R35 monthly CPI index            PAGE  23, SERIES series

  Peak probabilities for Tukey spectrum estimator
  Spectrum estimated from 2018.Aug to 2026.Jul.

                                          S1       S2       S3       S4       S5       S6       TD
                                        ------   ------   ------   ------   ------   ------   ------
  Model Residuals                        0.109    0.440    0.792    0.991**  0.691    0.844    0.262  
  Original Series (Table A1 or B1)       0.728    0.569    0.780    0.921*   0.228    0.362    0.535  
  Seasonally adjusted series (D11)       0.033    0.224    0.472    0.716    0.441    0.602    0.619  
  Irregular (D13)                        0.220    0.404    0.494    0.692    0.472    0.587    0.639  
  ----------
     ** - Peak Probability > 0.99,
      * - 0.90 < Peak Probability < 0.99



  NP statistic for residual seasonality:

  NP statistic for residual seasonality (Full series)
                                                  Residual Seasonality?
  log(Seasonally Adjusted Series)                          no
  log(Seasonally Adjusted Series (EV adj))                 no

  NP statistic for residual seasonality (Series start in 2018.Aug)
                                                  Residual Seasonality?
  log(Seasonally Adjusted Series)                          no
  log(Seasonally Adjusted Series (EV adj))                 no
