1
    Log for X-13ARIMA-SEATS program (Version 1.1 Build 62)  Sep 22, 2026  22.39.41 
    *-*-*-*-*-*-*-*-*-*-*-*-*-*-*-*-*-*-*-*-*-*-*-*-*-*-*-*-*-*-*-*-*-*-*-*-*



 Type of  Series      Additional                   Series title
 Adjust.  Ident.      Identifiers


  M-MLT    series -------- -------- R35 monthly CPI index                             
  Moving seasonality ratio     :       2.838
  I/C Ratio                    :       0.327
  Stable Seasonal F, B1 table  :      43.122
  Stable Seasonal F, D8 table  :      84.411
  Moving Seasonal F, D8 table  :       2.894
  Identifiable seasonality     : yes
    M01 :      0.051
    M02 :      0.011
    M03 :      0.000
    M04 :      0.183
    M05 :      0.000
    M06 :      0.465
    M07 :      0.305
    M08 :      0.553
    M09 :      0.454
    M10 :      0.845
    M11 :      0.807
    Q   :      0.259
    Q2  :      0.290

  QS statistic for seasonality:
  log(Original Series)                               65.97  (P-Value =     0.0000)
  log(Original Series (EV adj))                      79.25  (P-Value =     0.0000)
  Residuals                                           0.81  (P-Value =     0.6676)
  log(Seasonally Adjusted Series)                     0.00  (P-Value =     1.0000)
  log(SA Series (EV adj))                             0.00  (P-Value =     1.0000)
  Irregular Series                                    0.56  (P-Value =     0.7571)
  Irregular Series (EV adj)                           0.00  (P-Value =     1.0000)

  QS statistic for seasonality (starting 2018.Aug):
  Original Series                                    50.27  (P-Value =     0.0000)
  Original Series (EV adj)                           61.98  (P-Value =     0.0000)
  Residuals                                           1.55  (P-Value =     0.4598)
  Seasonally Adjusted Series                          0.00  (P-Value =     1.0000)
  Seasonally Adjusted Series (EV adj)                 0.00  (P-Value =     1.0000)
  Irregular Series                                    1.11  (P-Value =     0.5742)
  Irregular Series (EV adj)                           0.00  (P-Value =     1.0000)

 

  Peak probabilities for Tukey spectrum estimator
  Spectrum estimated from 2018.Aug to 2026.Jul.

                                          S1       S2       S3       S4       S5       S6       TD
                                        ------   ------   ------   ------   ------   ------   ------
  Model Residuals                                            *                                     
  Prior Adjusted Series (Table B1)         *        *        **       *        *                   
  Seasonally adjusted series (D11)                                                                 
  Irregular (D13)                                                                                  
  ----------
     ** - Peak Probability > 0.99,
      * - 0.90 < Peak Probability < 0.99



  NP statistic for residual seasonality:

  NP statistic for residual seasonality (Full series)
                                                  Residual Seasonality?
  log(Seasonally Adjusted Series)                          no
  log(Seasonally Adjusted Series (EV adj))                 no

  NP statistic for residual seasonality (Series start in 2018.Aug)
                                                  Residual Seasonality?
  log(Seasonally Adjusted Series)                          no
  log(Seasonally Adjusted Series (EV adj))                 no

 Spectral Peak Summary:
  Seasonal Spectral Peaks : none
        TD Spectral Peaks : rsd sa irr
  
  
 For Peak Probability > 0.99
  Seasonal Tukey Spectral Peaks : ori
        TD Tukey Spectral Peaks : none
  
 For Peak Probability > 0.90
  Seasonal Tukey Spectral Peaks : rsd ori
        TD Tukey Spectral Peaks : none
