1
    Log for X-13ARIMA-SEATS program (Version 1.1 Build 62)  Sep 22, 2026  22.39.14 
    *-*-*-*-*-*-*-*-*-*-*-*-*-*-*-*-*-*-*-*-*-*-*-*-*-*-*-*-*-*-*-*-*-*-*-*-*



 Type of  Series      Additional                   Series title
 Adjust.  Ident.      Identifiers


  M-MLT    series -------- -------- R35 monthly CPI index                             
  Moving seasonality ratio     :       2.862
  I/C Ratio                    :       1.076
  Stable Seasonal F, B1 table  :       4.655
  Stable Seasonal F, D8 table  :       7.323
  Moving Seasonal F, D8 table  :       4.548
  Identifiable seasonality     : no 
    M01 :      1.111
    M02 :      0.050
    M03 :      0.038
    M04 :      0.235
    M05 :      0.320
    M06 :      0.455
    M07 :      1.187
    M08 :      1.303
    M09 :      1.238
    M10 :      1.775
    M11 :      1.768
    Q   :      0.753
    Q2  :      0.840

  QS statistic for seasonality:
  log(Original Series)                               85.29  (P-Value =     0.0000)
  log(Original Series (EV adj))                      85.29  (P-Value =     0.0000)
  Residuals                                           0.00  (P-Value =     1.0000)
  log(Seasonally Adjusted Series)                     0.00  (P-Value =     1.0000)
  log(SA Series (EV adj))                             0.00  (P-Value =     1.0000)
  Irregular Series                                    0.00  (P-Value =     1.0000)
  Irregular Series (EV adj)                           0.00  (P-Value =     1.0000)

  QS statistic for seasonality (starting 2018.Sep):
  Original Series                                    64.37  (P-Value =     0.0000)
  Original Series (EV adj)                           64.37  (P-Value =     0.0000)
  Residuals                                           0.00  (P-Value =     1.0000)
  Seasonally Adjusted Series                          0.00  (P-Value =     1.0000)
  Seasonally Adjusted Series (EV adj)                 0.00  (P-Value =     1.0000)
  Irregular Series                                    0.00  (P-Value =     1.0000)
  Irregular Series (EV adj)                           0.00  (P-Value =     1.0000)

 

  Peak probabilities for Tukey spectrum estimator
  Spectrum estimated from 2018.Sep to 2026.Aug.

                                          S1       S2       S3       S4       S5       S6       TD
                                        ------   ------   ------   ------   ------   ------   ------
  Model Residuals                                                     *                          **
  Original Series (Table A1 or B1)                  *                 *        **       **         
  Seasonally adjusted series (D11)                                                                 
  Irregular (D13)                                                     *                            
  ----------
     ** - Peak Probability > 0.99,
      * - 0.90 < Peak Probability < 0.99



  NP statistic for residual seasonality:

  NP statistic for residual seasonality (Full series)
                                                  Residual Seasonality?
  log(Seasonally Adjusted Series)                          no
  log(Seasonally Adjusted Series (EV adj))                 no

  NP statistic for residual seasonality (Series start in 2018.Sep)
                                                  Residual Seasonality?
  log(Seasonally Adjusted Series)                          no
  log(Seasonally Adjusted Series (EV adj))                 no

 Spectral Peak Summary:
  Seasonal Spectral Peaks : none
        TD Spectral Peaks : none
  
  
 For Peak Probability > 0.99
  Seasonal Tukey Spectral Peaks : ori
        TD Tukey Spectral Peaks : rsd
  
 For Peak Probability > 0.90
  Seasonal Tukey Spectral Peaks : rsd ori irr
        TD Tukey Spectral Peaks : rsd
