  Reading input spec file from series.spc

1

               U. S. Department of Commerce, U. S. Census Bureau

              X-13ARIMA-SEATS monthly seasonal adjustment Method,
                          Release Version 1.1 Build 62


           This software application provides an enhanced version of
             Statistics Canada's X-11-ARIMA extension (Dagum, 1980)
                 of the X-11 variant of the Census Method II of
                      Shiskin, Young and Musgrave (1967).

            It also provides an ARIMA model-based method following
       Hillmer and Tiao (1982) and Burman (1980) that is very similar
       to the update of the method of SEATS (Gomez and Maravall, 1996)
                produced at the Bank of Spain by G. Caporello and
               A. Maravall for TSW (Caporello and Maravall, 2004).
          The present application includes additional enhancements.

         X-13ARIMA-SEATS includes an automatic ARIMA model selection procedure
          based largely on the procedure of Gomez and Maravall (1998)
            as implemented in TRAMO (1996) and subsequent revisions.

              Primary Programmers: Brian Monsell, Mark Otto and,
                 for the ARIMA model-based signal extraction,
                      Gianluca Caporello and Victor Gomez


     Series Title- R35 monthly CPI index
     Series Name- series
     Sep 22, 2026  22.39.29 

        -Period covered-  1st month,2015 to  8th month,2026
        -Type of run - multiplicative seasonal adjustment

        -Sigma limits for graduating extreme values are  1.5 and  2.5 .
        -3x3 moving average used in section 1 of each iteration, 
         3x5 moving average in section 2 of iterations B and C,
         moving average for final seasonal factors chosen by Global MSR.
        -Spectral plots generated for selected series
        -Spectral plots generated for series starting in 2018.Sep

 FILE SAVE REQUESTS (* indicates file exists and will be overwritten)
  series.d10  final seasonal factors
  series.d11  final seasonally adjusted data
  series.d12  final trend cycle
  series.d13  final irregular component
  series.out  program output file
  series.err  program error file
  series.udg  seasonal adjustment and model diagnostics file
        R35 monthly CPI index            PAGE   1, SERIES series

     Contents of spc file series.spc

 Line #
 ------
      1: series { title="R35 monthly CPI index" start=2015.1 period=12 data=(
      2: 99.900000000000006 101 100.40000000000001 100.7 101.3 100
      3: 100 99.200000000000003 99.900000000000006 98.5 98.400000000000006 100.8
      4: 101.5 100.40000000000001 102.59999999999999 102.40000000000001 103.8 104.90000000000001
      5: 104 103.3 103.7 101.90000000000001 102.8 104.09999999999999
      6: 104.5 106.5 107.5 106.8 108.2 106.7
      7: 105.40000000000001 106.3 105.3 104.8 106 105.2
      8: 106 108.90000000000001 109 108.2 108.2 108.5
      9: 108.5 106.90000000000001 108.09999999999999 106.90000000000001 106 108.09999999999999
     10: 108.3 111.2 110.7 109.90000000000001 111.2 110
     11: 108.40000000000001 106.8 108.3 108.7 108.40000000000001 108.59999999999999
     12: 110.59999999999999 112.59999999999999 112.7 112.59999999999999 111.40000000000001 112.09999999999999
     13: 114.40000000000001 113.09999999999999 113.3 112.59999999999999 114 114.2
     14: 111.90000000000001 113.09999999999999 113 114.5 115.59999999999999 118
     15: 116.5 117.2 118.7 119.3 121.3 122.3
     16: 123.7 129 131.69999999999999 133.90000000000001 136.19999999999999 140.09999999999999
     17: 139.40000000000001 141.40000000000001 144.59999999999999 145.80000000000001 147.90000000000001 149.80000000000001
     18: 150.59999999999999 157.09999999999999 158 158.69999999999999 158.5 159.59999999999999
     19: 157.5 155.59999999999999 157 153.5 156 154.40000000000001
     20: 154.09999999999999 155.80000000000001 155 156.5 156.30000000000001 156.40000000000001
     21: 154.80000000000001 154 153.90000000000001 153.80000000000001 153 153.69999999999999
     22: 157.30000000000001 156.59999999999999 156.19999999999999 156.59999999999999 157 156.09999999999999
     23: 153.80000000000001 154.59999999999999 154.19999999999999 153.69999999999999 152.69999999999999 153.5
     24: 154.69999999999999 156.09999999999999 158 159.80000000000001 156.5 156.40000000000001
     25: 155.59999999999999 155.59999999999999
     26: ) }
     27: transform { function=log }
     28: automdl { }
     29: outlier { types=(ao ls tc) }
     30: x11 { mode=mult save=(d10 d11 d12 d13) appendfcst=no appendbcst=no savelog=all }
     31: spectrum { logqs=yes robustsa=no print=all savelog=all }
     32: check { }
        R35 monthly CPI index            PAGE   2, SERIES series

 A 1  Time series data (for the span analyzed)
  From  2015.Jan to 2026.Aug
  Observations        140
 -----------------------------------------------------------------------------
               Jan      Feb      Mar      Apr      May      Jun 
               Jul      Aug      Sep      Oct      Nov      Dec        TOTAL  
 -----------------------------------------------------------------------------
  2015         100.     101.     100.     101.     101.     100.
               100.      99.     100.      99.      98.     101.         1200.
 
  2016         102.     100.     103.     102.     104.     105.
               104.     103.     104.     102.     103.     104.         1235.
 
  2017         105.     107.     108.     107.     108.     107.
               105.     106.     105.     105.     106.     105.         1273.
 
  2018         106.     109.     109.     108.     108.     109.
               109.     107.     108.     107.     106.     108.         1293.
 
  2019         108.     111.     111.     110.     111.     110.
               108.     107.     108.     109.     108.     109.         1311.
 
  2020         111.     113.     113.     113.     111.     112.
               114.     113.     113.     113.     114.     114.         1354.
 
  2021         112.     113.     113.     115.     116.     118.
               117.     117.     119.     119.     121.     122.         1401.
 
  2022         124.     129.     132.     134.     136.     140.
               139.     141.     145.     146.     148.     150.         1664.
 
  2023         151.     157.     158.     159.     159.     160.
               158.     156.     157.     154.     156.     154.         1877.
 
  2024         154.     156.     155.     157.     156.     156.
               155.     154.     154.     154.     153.     154.         1857.
 
  2025         157.     157.     156.     157.     157.     156.
               154.     155.     154.     154.     153.     154.         1862.
 
  2026         155.     156.     158.     160.     157.     156.
               156.     156.                                             1253.
 
  AVGE         124.     126.     126.     127.     127.     127.
               127.     126.     124.     124.     124.     125.

  Table Total-     17579.80   Mean-     125.57   Std. Dev.-      22.58
                              Min -      98.40        Max -     159.80
        R35 monthly CPI index            PAGE   3, SERIES series
                        Automatic ARIMA Model Selection

                    Procedure based closely on TRAMO method 
                         of Gomez and Maravall (2000)
              "Automatic Modeling Methods for Univariate Series",
                            A Course in Time Series
                  (Edited by D. Pena, G. C. Tiao, R. S. Tsay),
                         New York : J. Wiley and Sons


     Maximum order for regular ARMA parameters :   2
     Maximum order for seasonal ARMA parameters :   1
     Maximum order for regular differencing :   2
     Maximum order for seasonal differencing :   1

   Results of Unit Root Test for identifying orders of differencing:
     Regular difference order :   1
     Seasonal difference order :   0

     Mean is not significant.

  Automatic model choice : (0 1 0)(1 0 1)


  Final Checks for Identified Model


  Checking for Unit Roots.
   Seasonal unit root found.
   ( 3, 1, 1) ( 0, 1, 1)

  Checking for nonseasonal overdifferencing.
   Nonseasonal MA not within  0.001 of 1.0 - model passes test.

  Checking for insignificant ARMA coefficients.

  Final automatic model choice : (3 1 1)(0 1 1)
   End of automatic model selection procedure.

 Average absolute percentage error in within-sample forecasts:
  Last year:   0.99      Last-1 year:   1.32     Last-2 year:   3.48
  Last three years:    1.93

 Estimation converged in   52 ARMA iterations,  314 function evaluations.

 ARIMA Model:  (3 1 1)(0 1 1)
   Nonseasonal differences: 1
   Seasonal differences:    1
                                              Standard
 Parameter                    Estimate          Errors
 -----------------------------------------------------
 Nonseasonal AR                                    
   Lag  1                       0.5628         0.13737
   Lag  2                       0.0936         0.09137
   Lag  3                       0.2332         0.09245

 Nonseasonal MA                                    
   Lag  1                       0.6724         0.12385

 Seasonal MA                                       
   Lag 12                       0.9391         0.05675

 Variance                       0.10780E-03
 SE of Var                      0.13528E-04
 -----------------------------------------------------

 Likelihood Statistics
 ------------------------------------------------------------------
 Number of observations (nobs)                                  140
 Effective number of observations (nefobs)                      127
 Number of parameters estimated (np)                              6
 Log likelihood                                            388.8430
 Transformation Adjustment                                -614.5221
 Adjusted Log likelihood (L)                              -225.6791
 AIC                                                       463.3583 
 AICC (F-corrected-AIC)                                    464.0583 
 Hannan Quinn                                              470.2916 
 BIC                                                       480.4234 
 ------------------------------------------------------------------


 DIAGNOSTIC CHECKING
  Sample Autocorrelations of the Residuals with the Ljung-Box diagnostic.

  Lag      1     2     3     4     5     6     7     8     9    10    11    12
  ACF   0.01  0.01 -0.03 -0.02  0.10 -0.03 -0.02  0.09  0.14  0.07  0.04 -0.06
  SE    0.09  0.09  0.09  0.09  0.09  0.09  0.09  0.09  0.09  0.09  0.09  0.09
  Q     0.02  0.04  0.17  0.22  1.66  1.83  1.86  2.92  5.80  6.42  6.64  7.17
  DF       0     0     0     0     0     1     2     3     4     5     6     7
  P    0.000 0.000 0.000 0.000 0.000 0.176 0.394 0.405 0.215 0.267 0.355 0.412

  Lag     13    14    15    16    17    18    19    20    21    22    23    24
  ACF  -0.20  0.05 -0.12 -0.04 -0.10 -0.02  0.10 -0.04 -0.01 -0.05 -0.00 -0.09
  SE    0.09  0.10  0.10  0.10  0.10  0.10  0.10  0.10  0.10  0.10  0.10  0.10
  Q    12.69 13.06 15.34 15.53 17.16 17.22 18.80 19.01 19.03 19.35 19.36 20.67
  DF       8     9    10    11    12    13    14    15    16    17    18    19
  P    0.123 0.160 0.120 0.160 0.144 0.189 0.173 0.213 0.267 0.309 0.370 0.355

  The P-values approximate the probability of observing a Q-value at least
  this large when the model fitted is correct.  When DF is positive, small
  values of P, customarily those below 0.05, indicate model inadequacy.

  Sample Autocorrelations of the Residuals
                 -1.0 -0.8 -0.6 -0.4 -0.2  0.0  0.2  0.4  0.6  0.8  1.0
                   +----+----+----+----+----+----+----+----+----+----+
            1                           .   |   .                      0.012
            2                           .   |   .                      0.013
            3                           .  X|   .                     -0.032
            4                           .   |   .                     -0.019
            5                           .   |XXX.                      0.104
            6                           .  X|   .                     -0.035
            7                           .   |   .                     -0.016
            8                           .   |XX .                      0.088
            9                          .    |XXXX.                     0.144
           10                          .    |XX  .                     0.067
           11                          .    |X   .                     0.039
           12       - - - - - - - - -  .  XX|    .  - - - - - - - -   -0.061
           13                          XXXXX|    .                    -0.196
           14                          .    |X   .                     0.051
           15                          . XXX|    .                    -0.125
           16                          .   X|    .                    -0.035
           17                          . XXX|    .                    -0.105
           18                          .   X|    .                    -0.020
           19                          .    |XXX .                     0.102
           20                          .   X|    .                    -0.037
           21                          .    |    .                    -0.011
           22                          .   X|    .                    -0.046
           23                          .    |    .                    -0.005
           24       - - - - - - - - -  .  XX|    .  - - - - - - - -   -0.091
  
  Sample Autocorrelations of the Squared Residuals with the Ljung-Box diagnostic.

  Lag      1     2     3     4     5     6     7     8     9    10    11    12
  ACF  -0.04  0.04 -0.02 -0.03  0.01  0.10 -0.10  0.02  0.07 -0.01  0.10 -0.10
  SE    0.09  0.09  0.09  0.09  0.09  0.09  0.09  0.09  0.09  0.09  0.09  0.09
  Q     0.17  0.39  0.44  0.56  0.57  1.89  3.27  3.32  4.09  4.11  5.47  6.78
  DF       0     0     0     0     0     1     2     3     4     5     6     7
  P    0.000 0.000 0.000 0.000 0.000 0.170 0.195 0.344 0.393 0.534 0.486 0.452

  Lag     13    14    15    16    17    18    19    20    21    22    23    24
  ACF   0.06 -0.05  0.10  0.03 -0.01 -0.06  0.02  0.08 -0.01 -0.06  0.01 -0.06
  SE    0.09  0.09  0.09  0.09  0.09  0.09  0.09  0.09  0.10  0.10  0.10  0.10
  Q     7.31  7.64  9.25  9.37  9.37  9.86  9.93 10.96 10.97 11.48 11.49 12.02
  DF       8     9    10    11    12    13    14    15    16    17    18    19
  P    0.503 0.571 0.509 0.588 0.671 0.706 0.767 0.756 0.811 0.831 0.872 0.885

  The P-values approximate the probability of observing a Q-value at least
  this large when the model fitted is correct in a way that supports the
  standard interpretations of the test statistics, standard errors, and
  prediction intervals output by X-13ARIMA-SEATS. When DF is positive, small
  values of P, customarily those below 0.05, suggest that model-based
  inferences about statistical significance and uncertainty will be less
  dependable than usual.

  Sample Autocorrelations of the Squared Residuals
                 -1.0 -0.8 -0.6 -0.4 -0.2  0.0  0.2  0.4  0.6  0.8  1.0
                   +----+----+----+----+----+----+----+----+----+----+
            1                           .  X|   .                     -0.037
            2                           .   |X  .                      0.041
            3                           .   |   .                     -0.019
            4                           .  X|   .                     -0.030
            5                           .   |   .                      0.006
            6                           .   |XX .                      0.099
            7                           .XXX|   .                     -0.101
            8                          .    |    .                     0.020
            9                          .    |XX  .                     0.074
           10                          .    |    .                    -0.010
           11                          .    |XX  .                     0.098
           12       - - - - - - - - -  .  XX|    .  - - - - - - - -   -0.096
           13                          .    |XX  .                     0.061
           14                          .   X|    .                    -0.048
           15                          .    |XXX .                     0.105
           16                          .    |X   .                     0.028
           17                          .    |    .                    -0.006
           18                          .   X|    .                    -0.057
           19                          .    |X   .                     0.023
           20                          .    |XX  .                     0.082
           21                          .    |    .                    -0.011
           22                          .   X|    .                    -0.057
           23                          .    |    .                     0.009
           24       - - - - - - - - -  .   X|    .  - - - - - - - -   -0.057
  
 Histogram of the Standardized and Mean-Centered Residuals
  Standard
  Deviations    Frequency
       -3 +
          |##
       -2 +#
          |######
       -1 +#############
          |##################################
        0 +###################
          |####################
        1 +#####################
          |######
        2 +###
          |##
        3 +

  One '#'= 1 observation[s]

 Tabular Histogram of the Standardized and Mean-Centered Residuals

  Standard
  Deviations    Frequency

 -3.00                 0

 -2.50                 2

 -2.00                 1

 -1.50                 6

 -1.00                13

 -0.50                34

  0.00                19

  0.50                20

  1.00                21

  1.50                 6

  2.00                 3

  2.50                 2

  3.00                 0

 Summary Statistics for the Unstandardized Residuals
  Minimum                    -0.028
  Maximum                     0.028
  Median                     -0.001
  Robust Std Dev              0.011

 Normality Statistics for regARIMA Model Residuals:

    Number of residuals  :    127

    Skewness coefficient :    0.0777    
    Geary's a            :    0.8115    
    Kurtosis             :    2.9821    

  No indication of lack of normality.

 Durbin-Watson Statistic for regARIMA Model Residuals:
  dw =     1.923448

 Friedman Non-Parametric Test for regARIMA Model Residuals:
  ken =     3.846154 ( Asymptotically distributed as Chi-Square(11), P-Value =     0.974203 )

 QS Statistic for regARIMA Model Residuals (full series):             0.00
                                                       (P-Value =     1.0000)

 QS Statistic for regARIMA Model Residuals (starting 2018.Sep):       0.00
                                                       (P-Value =     1.0000)


  At least one visually significant residual trading day peaks has been
  found in the spectral plot of the following series starting in 2018.Sep:

          regARIMA model residuals (1 Trading Day peak(s))




      10*LOG(SPECTRUM) of the regARIMA model residuals
      Spectrum estimated from 2018.Sep to 2026.Aug.
 ++++++++++I+++++++++++++++++++++++++++++++++++++++++++++++++++++++++++++I
     -34.44I                          *                                  I    -34.44
           I                          *                                  I
           I                          *                                  I
           I                          *                                  I
     -35.30I   *                      *                                  I    -35.30
           I   *         *            *                        *         I
           I   *        **            *                        *         I
           I   *        **            *                        *         I
     -36.16I   *        **            *                        *         I    -36.16
           I   *        **            **                       *         I
           I  **        **            **                       *         I
           I  **        **            **                       *         I
     -37.03I  **        **            **                       *         I    -37.03
           I  **        **            **                       *         I
           I  **        **            **                       *         I
           I  **        **            **                       *T        I
     -37.89I  ***       **         *  **                       *T        I    -37.89
           I  ***       **         *  **              T        *T        I
           I  ***       **         * ***    *         T       S*T        I
           I  ***       **         * ***    *         T       S*T*       I
     -38.75I  ***       **         * ***    *         T       S*T*       I    -38.75
           I  ***       **        ** ***    *         T       S*T*       I
           I  ****      **        ** ***    *         T       S*T*       I
           I  ****      **        ** ***    *         T       S*T*       I
     -39.61I  ****      **        ******    **        T       S*T*    ** I    -39.61
           I  ****      **        *******   **        T       S*T**   ** I
           I  ****      **   *    *******  ***        T   *   S*T**   ** I
           I  ****      **   *    *******  ***        T*  *   S*T**   ** I
     -40.47I  ****      ***  *    *******  ***        T*  *   S*T**   **SI    -40.47
           I *****      ***  *    *******  ***        T*  *   S*T**   **SI
           I *****      ***  *    ********S***        T*  *   S*T**   **SI
           I *****     ****  *    ********S***        T*  *   S*T**   **SI
     -41.34I ******    ****  *    ********S***    *   T*  *   S*T**   **SI    -41.34
           I ******    ****  *    ********S***    *   T*  *   S*T**   **SI
           I ******    **** ***   ********S***    *   T*  **  S*T**   **SI
           I*******    **** ***   ********S***    *   T* ***  S*T**   **SI
     -42.20I*******    **** ***   ********S***    *  *T* ***  S*T**  ***SI    -42.20
           I*******    ********   ********S***    *  *T* *** *S*T*** ***SI
           I*******    ********   ********S***   **  *T* *** *S*T*** ***SI
           I*******    ********   ********S***   **  *T* *** *S*T*** ***SI
     -43.06I*******    ********  *********S***   **  *T***** *S*T*** ***SI    -43.06
           I*******    ********  *********S****  **  *T***** *S*T*******SI
           I*******    ********  *********S****  *** *T*******S*T*******SI
           I*******    ********  *********S****  *** *T*******S*T*******SI
     -43.92I*******    ********  *********S****  ***S*T*******S*T*******SI    -43.92
           I********  S********  *********S****  ***S*T*******S*T*******SI
           I********  S********  *********S****  ***S*T*******S*T*******SI
           I********  S********* *********S****  ***S*T*******S*T*******SI
     -44.78I********  S********* *********S****  ***S*T*******S*T*******SI    -44.78
           I********  S*********S*********S**** ****S*T*******S*T*******SI
           I********  S*********S*********S**** ****S*T*******S*T*******SI
           I********  S*********S*********S*********S*T*******S*T*******SI
     -45.65I**********S*********S*********S*********S*T*******S*T*******SI    -45.65
 ++++++++++I+++++++++++++++++++++++++++++++++++++++++++++++++++++++++++++I
            S=SEASONAL FREQUENCIES, T=TRADING DAY FREQUENCIES


 FORECASTING
  Origin  2026.Aug
  Number        12

  Forecasts and Standard Errors of the Transformed Data
   ------------------------------
                         Standard
       Date   Forecast      Error
   ------------------------------
   2026.Sep       5.05      0.010
   2026.Oct       5.04      0.014
   2026.Nov       5.05      0.017
   2026.Dec       5.05      0.021
   2027.Jan       5.05      0.025
   2027.Feb       5.07      0.028
   2027.Mar       5.07      0.032
   2027.Apr       5.08      0.036
   2027.May       5.08      0.040
   2027.Jun       5.08      0.044
   2027.Jul       5.07      0.048
   2027.Aug       5.07      0.052
   ------------------------------

  Confidence intervals with coverage probability ( 0.95000
  On the Original Scale
   ---------------------------------------
       Date      Lower  Forecast     Upper
   ---------------------------------------
   2026.Sep     152.71    155.85    159.06
   2026.Oct     150.53    154.68    158.96
   2026.Nov     150.29    155.34    160.57
   2026.Dec     149.86    156.08    162.56
   2027.Jan     149.40    156.78    164.54
   2027.Feb     150.67    159.31    168.44
   2027.Mar     150.12    159.95    170.43
   2027.Apr     149.30    160.32    172.16
   2027.May     148.43    160.64    173.85
   2027.Jun     147.59    160.98    175.59
   2027.Jul     145.38    159.82    175.69
   2027.Aug     143.71    159.22    176.41
   ---------------------------------------
        R35 monthly CPI index            PAGE   4, SERIES series

 B 1  Original series (prior adjusted)
  From  2015.Jan to 2026.Aug
  Observations        140
 -----------------------------------------------------------------------------
               Jan      Feb      Mar      Apr      May      Jun 
               Jul      Aug      Sep      Oct      Nov      Dec        TOTAL  
 -----------------------------------------------------------------------------
  2015         100.     101.     100.     101.     101.     100.
               100.      99.     100.      98.      98.     101.         1200.
 
  2016         101.     100.     103.     102.     104.     105.
               104.     103.     104.     102.     103.     104.         1235.
 
  2017         104.     107.     107.     107.     108.     107.
               105.     106.     105.     105.     106.     105.         1273.
 
  2018         106.     109.     109.     108.     108.     109.
               109.     107.     108.     107.     106.     108.         1293.
 
  2019         108.     111.     111.     110.     111.     110.
               108.     107.     108.     109.     108.     109.         1311.
 
  2020         111.     113.     113.     113.     111.     112.
               114.     113.     113.     113.     114.     114.         1354.
 
  2021         112.     113.     113.     115.     116.     118.
               117.     117.     119.     119.     121.     122.         1401.
 
  2022         124.     129.     132.     134.     136.     140.
               139.     141.     145.     146.     148.     150.         1664.
 
  2023         151.     157.     158.     159.     158.     160.
               158.     156.     157.     153.     156.     154.         1877.
 
  2024         154.     156.     155.     156.     156.     156.
               155.     154.     154.     154.     153.     154.         1857.
 
  2025         157.     157.     156.     157.     157.     156.
               154.     155.     154.     154.     153.     153.         1862.
 
  2026         155.     156.     158.     160.     156.     156.
               156.     156.                                             1253.
 
  AVGE         124.     126.     126.     127.     127.     127.
               127.     126.     124.     124.     124.     125.

  Table Total-     17579.80   Mean-     125.57   Std. Dev.-      22.58
                              Min -      98.40        Max -     159.80

 B 1.A  Forecasts of (prior adjusted) original series
  From  2026.Sep to 2027.Aug
  Observations         12
 -----------------------------------------------------------------------------
               Jan      Feb      Mar      Apr      May      Jun 
               Jul      Aug      Sep      Oct      Nov      Dec        TOTAL  
 -----------------------------------------------------------------------------
  2026                                                          
                                 156.     155.     155.     156.          622.
 
  2027         157.     159.     160.     160.     161.     161.
               160.     159.                                             1277.
 
        R35 monthly CPI index            PAGE   5, SERIES series

 C 17  Final weights for irregular component
  From  2015.Jan to 2026.Aug
  Observations        140
  Lower sigma limit    1.50
  Upper sigma limit    2.50
 -----------------------------------------------------------------------------
               Jan      Feb      Mar      Apr      May      Jun 
               Jul      Aug      Sep      Oct      Nov      Dec         S.D.  
 -----------------------------------------------------------------------------
  2015        100.0    100.0    100.0    100.0    100.0    100.0
              100.0    100.0    100.0    100.0    100.0    100.0           0.5
 
  2016         45.2      0.0    100.0    100.0    100.0      4.1
              100.0    100.0    100.0    100.0    100.0    100.0           0.5
 
  2017        100.0    100.0    100.0    100.0    100.0    100.0
               85.3     78.0    100.0    100.0    100.0    100.0           0.5
 
  2018        100.0    100.0    100.0    100.0    100.0    100.0
              100.0    100.0    100.0    100.0      0.0    100.0           0.5
 
  2019        100.0    100.0    100.0    100.0    100.0    100.0
              100.0     48.9    100.0     97.3    100.0    100.0           0.5
 
  2020         80.8    100.0    100.0    100.0      0.0      0.0
                0.0    100.0    100.0    100.0     58.3      0.0           0.4
 
  2021        100.0      0.0      0.0    100.0    100.0    100.0
              100.0    100.0    100.0    100.0    100.0    100.0           0.4
 
  2022        100.0    100.0    100.0    100.0    100.0    100.0
              100.0    100.0    100.0    100.0    100.0    100.0           0.4
 
  2023          0.0    100.0    100.0    100.0    100.0    100.0
              100.0    100.0    100.0      0.0    100.0    100.0           0.3
 
  2024        100.0    100.0    100.0    100.0    100.0    100.0
              100.0    100.0    100.0    100.0    100.0    100.0           0.3
 
  2025          0.0    100.0    100.0    100.0    100.0    100.0
              100.0    100.0    100.0    100.0    100.0    100.0           0.3
 
  2026        100.0    100.0     90.0      0.0      0.0     27.8
              100.0    100.0                                               0.3
 
        R35 monthly CPI index            PAGE   6, SERIES series

 D 8  Final unmodified SI ratios
  From  2015.Jan to 2026.Aug
  Observations        140
 -----------------------------------------------------------------------------
               Jan      Feb      Mar      Apr      May      Jun 
               Jul      Aug      Sep      Oct      Nov      Dec         AVGE  
 -----------------------------------------------------------------------------
  2015         99.9    101.2    100.7    101.1    101.7    100.4
              100.3     99.4     99.8     98.1     97.7     99.8         100.0
 
  2016        100.3     99.1    101.1    100.7    101.4    101.8
              100.4     99.4     99.7     97.8     98.4     99.4         100.0
 
  2017         99.5    101.0    101.6    100.7    101.9    100.5
               99.4    100.1     98.9     98.3     99.3     98.6         100.0
 
  2018         99.2    101.8    101.8    100.9    100.7    100.8
              100.4     98.7     99.7     98.5     97.5     99.2          99.9
 
  2019         99.2    101.8    101.2    100.4    101.7    100.9
               99.6     98.2     99.5     99.5     98.8     98.6         100.0
 
  2020         99.9    101.2    101.0    100.7     99.3     99.5
              101.2     99.7     99.6     98.9    100.2    100.5         100.1
 
  2021         98.7    100.0     99.7    100.5    100.7    101.9
               99.7     99.4     99.7     99.1     99.5     98.9          99.8
 
  2022         98.5    100.9    101.0    100.8    100.7    101.8
               99.6     99.3     99.9     99.2     99.1     98.9         100.0
 
  2023         98.0    101.1    100.9    101.0    100.7    101.4
              100.1     98.9     99.8     97.7     99.5     98.8          99.8
 
  2024         99.2    100.7    100.4    101.4    101.1    101.0
               99.9     99.4     99.4     99.3     98.7     99.1         100.0
 
  2025        101.4    100.9    100.7    101.1    101.4    100.9
               99.4     99.8     99.5     99.2     98.6     99.0         100.2
 
  2026         99.6    100.3    101.4    102.5    100.4    100.3
               99.7     99.6                                             100.5
 
  AVGE         99.4    100.8    101.0    101.0    101.0    100.9
              100.0     99.3     99.6     98.7     98.8     99.2

  Table Total-     14000.69   Mean-     100.00   Std. Dev.-       1.06
                              Min -      97.52        Max -     102.49
        R35 monthly CPI index            PAGE   7, SERIES series

 D 8.B  Final unmodified SI ratios, with labels for outliers and extreme values
  From  2015.Jan to 2026.Aug
  Observations        140
 ---------------------------------------------------------------------
               Jan       Feb       Mar       Apr       May       Jun  
               Jul       Aug       Sep       Oct       Nov       Dec  
 ---------------------------------------------------------------------
  2015        99.9     101.2     100.7     101.1     101.7     100.4  
             100.3      99.4      99.8      98.1      97.7      99.8  
 
  2016       100.3*     99.1*    101.1     100.7     101.4     101.8* 
             100.4      99.4      99.7      97.8      98.4      99.4  
 
  2017        99.5     101.0     101.6     100.7     101.9     100.5  
              99.4*    100.1*     98.9      98.3      99.3      98.6  
 
  2018        99.2     101.8     101.8     100.9     100.7     100.8  
             100.4      98.7      99.7      98.5      97.5*     99.2  
 
  2019        99.2     101.8     101.2     100.4     101.7     100.9  
              99.6      98.2*     99.5      99.5*     98.8      98.6  
 
  2020        99.9*    101.2     101.0     100.7      99.3*     99.5* 
             101.2*     99.7      99.6      98.9     100.2*    100.5* 
 
  2021        98.7     100.0*     99.7*    100.5     100.7     101.9  
              99.7      99.4      99.7      99.1      99.5      98.9  
 
  2022        98.5     100.9     101.0     100.8     100.7     101.8  
              99.6      99.3      99.9      99.2      99.1      98.9  
 
  2023        98.0*    101.1     100.9     101.0     100.7     101.4  
             100.1      98.9      99.8      97.7*     99.5      98.8  
 
  2024        99.2     100.7     100.4     101.4     101.1     101.0  
              99.9      99.4      99.4      99.3      98.7      99.1  
 
  2025       101.4*    100.9     100.7     101.1     101.4     100.9  
              99.4      99.8      99.5      99.2      98.6      99.0  
 
  2026        99.6     100.3     101.4*    102.5*    100.4*    100.3* 
              99.7      99.6                                          
 

  Key to symbols:
    *  : extreme value as determined by X-11 extreme value procedure
 
        R35 monthly CPI index            PAGE   8, SERIES series

 D 9  Final replacement values for SI ratios
  From  2015.Jan to 2026.Aug
  Observations        140
 ---------------------------------------------------------------
               Jan      Feb      Mar      Apr      May      Jun 
               Jul      Aug      Sep      Oct      Nov      Dec 
 ---------------------------------------------------------------
  2015     ******** ******** ******** ******** ******** ********
           ******** ******** ******** ******** ******** ********
 
  2016         99.8    101.1 ******** ******** ********    100.8
           ******** ******** ******** ******** ******** ********
 
  2017     ******** ******** ******** ******** ******** ********
               99.5     99.9 ******** ******** ******** ********
 
  2018     ******** ******** ******** ******** ******** ********
           ******** ******** ******** ********     98.7 ********
 
  2019     ******** ******** ******** ******** ******** ********
           ********     98.7 ********     99.5 ******** ********
 
  2020         99.7 ******** ******** ********    100.9    101.0
               99.7 ******** ******** ********     99.8     99.0
 
  2021     ********    101.0    100.8 ******** ******** ********
           ******** ******** ******** ******** ******** ********
 
  2022     ******** ******** ******** ******** ******** ********
           ******** ******** ******** ******** ******** ********
 
  2023         98.9 ******** ******** ******** ******** ********
           ******** ******** ********     98.9 ******** ********
 
  2024     ******** ******** ******** ******** ******** ********
           ******** ******** ******** ******** ******** ********
 
  2025         99.4 ******** ******** ******** ******** ********
           ******** ******** ******** ******** ******** ********
 
  2026     ******** ********    101.3    101.2    101.1    100.7
           ******** ********                                    
 

 D 9.A  Moving seasonality ratio
 ---------------------------------------------------------------
               Jan      Feb      Mar      Apr      May      Jun 
 ---------------------------------------------------------------
   I          0.332    0.296    0.344    0.236    0.444    0.218
   S          0.096    0.070    0.054    0.068    0.100    0.099
 RATIO        3.445    4.250    6.365    3.472    4.445    2.205



 ---------------------------------------------------------------
               Jul      Aug      Sep      Oct      Nov      Dec 
 ---------------------------------------------------------------
   I          0.413    0.468    0.296    0.348    0.480    0.331
   S          0.058    0.070    0.024    0.129    0.120    0.064
 RATIO        7.167    6.671   12.445    2.699    3.992    5.133



        R35 monthly CPI index            PAGE   9, SERIES series

 D 10  Final seasonal factors
  From  2015.Jan to 2026.Aug
  Observations        140
  Seasonal filter    3 x 5 moving average
 -----------------------------------------------------------------------------
               Jan      Feb      Mar      Apr      May      Jun 
               Jul      Aug      Sep      Oct      Nov      Dec         AVGE  
 -----------------------------------------------------------------------------
  2015        99.63   101.21   101.25   100.83   101.55   100.59
             100.12    99.45    99.50    98.12    98.52    99.24        100.00
 
  2016        99.58   101.28   101.28   100.80   101.52   100.61
             100.10    99.36    99.51    98.23    98.56    99.19        100.00
 
  2017        99.53   101.35   101.32   100.75   101.42   100.67
             100.04    99.29    99.50    98.40    98.73    99.10        100.01
 
  2018        99.43   101.38   101.31   100.69   101.33   100.80
              99.91    99.27    99.49    98.63    98.97    98.97        100.02
 
  2019        99.29   101.37   101.27   100.65   101.14   101.00
              99.82    99.25    99.55    98.83    99.17    98.91        100.02
 
  2020        99.13   101.30   101.15   100.66   101.01   101.20
              99.76    99.21    99.63    99.01    99.27    98.87        100.02
 
  2021        99.04   101.17   101.00   100.73   100.89   101.35
              99.76    99.23    99.69    99.09    99.29    98.90        100.01
 
  2022        98.99   101.04   100.87   100.83   100.89   101.40
              99.75    99.31    99.69    99.12    99.24    98.91        100.00
 
  2023        99.02   100.90   100.84   100.97   100.92   101.34
              99.75    99.37    99.66    99.09    99.10    98.96         99.99
 
  2024        99.11   100.83   100.86   101.06   101.01   101.20
              99.76    99.40    99.63    99.07    98.97    98.99         99.99
 
  2025        99.27   100.75   100.89   101.13   101.08   101.03
              99.76    99.45    99.59    99.04    98.89    99.03         99.99
 
  2026        99.38   100.72   100.92   101.15   101.13   100.92
              99.74    99.51                                            100.43
 
  AVGE        99.28   101.11   101.08   100.85   101.16   101.01
              99.86    99.34    99.59    98.79    98.97    99.01

  Table Total-     14004.18   Mean-     100.03   Std. Dev.-       0.94
                              Min -      98.12        Max -     101.55

 D 10.A  Final seasonal component forecasts
  From  2026.Sep to 2027.Aug
  Observations         12
 -----------------------------------------------------------------------------
               Jan      Feb      Mar      Apr      May      Jun 
               Jul      Aug      Sep      Oct      Nov      Dec         AVGE  
 -----------------------------------------------------------------------------
  2026                                                          
                                99.55    99.04    98.85    99.06         99.12
 
  2027        99.43   100.70   100.95   101.14   101.16   100.87
              99.71    99.56                                            100.44
 
        R35 monthly CPI index            PAGE  10, SERIES series

 D 11  Final seasonally adjusted data
  From  2015.Jan to 2026.Aug
  Observations        140
 -----------------------------------------------------------------------------
               Jan      Feb      Mar      Apr      May      Jun 
               Jul      Aug      Sep      Oct      Nov      Dec        TOTAL  
 -----------------------------------------------------------------------------
  2015         100.     100.      99.     100.     100.      99.
               100.     100.     100.     100.     100.     102.         1200.
 
  2016         102.      99.     101.     102.     102.     104.
               104.     104.     104.     104.     104.     105.         1236.
 
  2017         105.     105.     106.     106.     107.     106.
               105.     107.     106.     107.     107.     106.         1273.
 
  2018         107.     107.     108.     107.     107.     108.
               109.     108.     109.     108.     107.     109.         1293.
 
  2019         109.     110.     109.     109.     110.     109.
               109.     108.     109.     110.     109.     110.         1310.
 
  2020         112.     111.     111.     112.     110.     111.
               115.     114.     114.     114.     115.     116.         1354.
 
  2021         113.     112.     112.     114.     115.     116.
               117.     118.     119.     120.     122.     124.         1402.
 
  2022         125.     128.     131.     133.     135.     138.
               140.     142.     145.     147.     149.     151.         1664.
 
  2023         152.     156.     157.     157.     157.     157.
               158.     157.     158.     155.     157.     156.         1877.
 
  2024         155.     155.     154.     155.     155.     155.
               155.     155.     154.     155.     155.     155.         1858.
 
  2025         158.     155.     155.     155.     155.     155.
               154.     155.     155.     155.     154.     155.         1862.
 
  2026         156.     155.     157.     158.     155.     155.
               156.     156.                                             1247.
 
  AVGE         125.     124.     125.     126.     126.     126.
               127.     127.     125.     125.     125.     126.

  Table Total-     17574.85   Mean-     125.53   Std. Dev.-      22.55
                              Min -      99.13        Max -     158.46
        R35 monthly CPI index            PAGE  11, SERIES series

 D 12  Final trend cycle
  From  2015.Jan to 2026.Aug
  Observations        140
  Trend filter     9-term Henderson moving average
  I/C ratio        0.98
 -----------------------------------------------------------------------------
               Jan      Feb      Mar      Apr      May      Jun 
               Jul      Aug      Sep      Oct      Nov      Dec        TOTAL  
 -----------------------------------------------------------------------------
  2015         100.     100.     100.     100.     100.     100.
               100.     100.     100.     100.     101.     101.         1200.
 
  2016         101.     101.     101.     102.     102.     103.
               104.     104.     104.     104.     104.     105.         1236.
 
  2017         105.     105.     106.     106.     106.     106.
               106.     106.     106.     107.     107.     107.         1273.
 
  2018         107.     107.     107.     107.     107.     108.
               108.     108.     108.     108.     109.     109.         1294.
 
  2019         109.     109.     110.     110.     109.     109.
               109.     109.     109.     109.     110.     110.         1311.
 
  2020         111.     111.     112.     112.     112.     113.
               113.     114.     114.     114.     114.     114.         1352.
 
  2021         113.     113.     113.     114.     115.     116.
               117.     118.     119.     120.     122.     124.         1404.
 
  2022         125.     128.     130.     133.     135.     138.
               140.     142.     145.     147.     149.     151.         1664.
 
  2023         154.     155.     157.     157.     157.     157.
               157.     157.     157.     157.     157.     156.         1880.
 
  2024         155.     155.     154.     154.     155.     155.
               155.     155.     155.     155.     155.     155.         1858.
 
  2025         155.     155.     155.     155.     155.     155.
               155.     155.     155.     155.     155.     155.         1859.
 
  2026         155.     156.     156.     156.     156.     156.
               156.     156.                                             1247.
 
  AVGE         124.     125.     125.     125.     126.     126.
               127.     127.     125.     125.     126.     126.

  Table Total-     17578.50   Mean-     125.56   Std. Dev.-      22.51
                              Min -      99.59        Max -     157.44
        R35 monthly CPI index            PAGE  12, SERIES series

 D 13  Final irregular component
  From  2015.Jan to 2026.Aug
  Observations        140
 -----------------------------------------------------------------------------
               Jan      Feb      Mar      Apr      May      Jun 
               Jul      Aug      Sep      Oct      Nov      Dec         S.D.  
 -----------------------------------------------------------------------------
  2015        100.3    100.0     99.5    100.3    100.2     99.8
              100.1     99.8    100.3    100.1     99.2    100.6           0.4
 
  2016        100.7     97.8     99.9     99.9     99.9    101.1
              100.2    100.0    100.2     99.6    100.0    100.3           0.8
 
  2017        100.0     99.7    100.2     99.9    100.4     99.8
               99.3    100.9     99.5    100.0    100.7     99.5           0.5
 
  2018         99.7    100.3    100.3    100.1     99.4    100.0
              100.6     99.5    100.3     99.9     98.5    100.2           0.5
 
  2019         99.9    100.3     99.8     99.7    100.6    100.0
               99.9     99.1    100.0    100.7     99.6     99.6           0.4
 
  2020        100.7     99.9     99.9    100.1     98.4     98.4
              101.4    100.4     99.8     99.7    100.8    101.7           1.0
 
  2021         99.8     99.0     98.9     99.9     99.8    100.5
               99.8    100.1     99.9     99.9    100.2    100.1           0.5
 
  2022         99.6    100.0    100.3    100.0     99.8    100.4
               99.8     99.9    100.2    100.0     99.8    100.0           0.2
 
  2023         99.0    100.2    100.1    100.0     99.8    100.0
              100.3     99.5    100.2     98.6    100.3     99.9           0.5
 
  2024        100.1     99.9     99.6    100.3    100.1     99.8
              100.2    100.0     99.8    100.3     99.8    100.1           0.2
 
  2025        102.1    100.1     99.8     99.9    100.3     99.9
               99.6    100.4    100.0    100.2     99.7    100.0           0.6
 
  2026        100.2     99.6    100.4    101.3     99.3     99.4
              100.0    100.1                                               0.6
 
  S.D.          0.8      0.7      0.4      0.4      0.6      0.6
                0.5      0.4      0.2      0.5      0.6      0.6

  Table Total-     13996.58   Mean-      99.98   Std. Dev.-       0.56
                              Min -      97.84        Max -     102.08
        R35 monthly CPI index            PAGE  13, SERIES series

 D 16  Combined adjustment factors
  From  2015.Jan to 2026.Aug
  Observations        140
 -----------------------------------------------------------------------------
               Jan      Feb      Mar      Apr      May      Jun 
               Jul      Aug      Sep      Oct      Nov      Dec         AVGE  
 -----------------------------------------------------------------------------
  2015        99.63   101.21   101.25   100.83   101.55   100.59
             100.12    99.45    99.50    98.12    98.52    99.24        100.00
 
  2016        99.58   101.28   101.28   100.80   101.52   100.61
             100.10    99.36    99.51    98.23    98.56    99.19        100.00
 
  2017        99.53   101.35   101.32   100.75   101.42   100.67
             100.04    99.29    99.50    98.40    98.73    99.10        100.01
 
  2018        99.43   101.38   101.31   100.69   101.33   100.80
              99.91    99.27    99.49    98.63    98.97    98.97        100.02
 
  2019        99.29   101.37   101.27   100.65   101.14   101.00
              99.82    99.25    99.55    98.83    99.17    98.91        100.02
 
  2020        99.13   101.30   101.15   100.66   101.01   101.20
              99.76    99.21    99.63    99.01    99.27    98.87        100.02
 
  2021        99.04   101.17   101.00   100.73   100.89   101.35
              99.76    99.23    99.69    99.09    99.29    98.90        100.01
 
  2022        98.99   101.04   100.87   100.83   100.89   101.40
              99.75    99.31    99.69    99.12    99.24    98.91        100.00
 
  2023        99.02   100.90   100.84   100.97   100.92   101.34
              99.75    99.37    99.66    99.09    99.10    98.96         99.99
 
  2024        99.11   100.83   100.86   101.06   101.01   101.20
              99.76    99.40    99.63    99.07    98.97    98.99         99.99
 
  2025        99.27   100.75   100.89   101.13   101.08   101.03
              99.76    99.45    99.59    99.04    98.89    99.03         99.99
 
  2026        99.38   100.72   100.92   101.15   101.13   100.92
              99.74    99.51                                            100.43
 
  AVGE        99.28   101.11   101.08   100.85   101.16   101.01
              99.86    99.34    99.59    98.79    98.97    99.01

  Table Total-     14004.18   Mean-     100.03   Std. Dev.-       0.94
                              Min -      98.12        Max -     101.55

 D 16.A  Combined adjustment component forecasts
  From  2026.Sep to 2027.Aug
  Observations         12
 -----------------------------------------------------------------------------
               Jan      Feb      Mar      Apr      May      Jun 
               Jul      Aug      Sep      Oct      Nov      Dec         AVGE  
 -----------------------------------------------------------------------------
  2026                                                          
                                99.55    99.04    98.85    99.06         99.12
 
  2027        99.43   100.70   100.95   101.14   101.16   100.87
              99.71    99.56                                            100.44
 
        R35 monthly CPI index            PAGE  14, SERIES series

 E 4  Ratios of annual totals
  From          2015 to 2025
  Observations         11
 -----------------------------------
  Year       Unmodified     Modified
                  (D11)         (E2)
 -----------------------------------
  2015           100.00       100.00
 
  2016            99.99        99.99
 
  2017           100.01       100.01
 
  2018           100.01       100.01
 
  2019           100.02       100.02
 
  2020           100.01       100.01
 
  2021            99.99        99.99
 
  2022            99.97        99.97
 
  2023           100.00       100.00
 
  2024            99.99        99.99
 
  2025            99.99        99.99
 
        R35 monthly CPI index            PAGE  15, SERIES series

 E 5  Month-to-month percent change in the original series
  From  2015.Feb to 2026.Aug
  Observations        139
 -----------------------------------------------------------------------------
               Jan      Feb      Mar      Apr      May      Jun 
               Jul      Aug      Sep      Oct      Nov      Dec         AVGE  
 -----------------------------------------------------------------------------
  2015                   1.1     -0.6      0.3      0.6     -1.3
                0.0     -0.8      0.7     -1.4     -0.1      2.4           0.1
 
  2016          0.7     -1.1      2.2     -0.2      1.4      1.1
               -0.9     -0.7      0.4     -1.7      0.9      1.3           0.3
 
  2017          0.4      1.9      0.9     -0.7      1.3     -1.4
               -1.2      0.9     -0.9     -0.5      1.1     -0.8           0.1
 
  2018          0.8      2.7      0.1     -0.7      0.0      0.3
                0.0     -1.5      1.1     -1.1     -0.8      2.0           0.2
 
  2019          0.2      2.7     -0.4     -0.7      1.2     -1.1
               -1.5     -1.5      1.4      0.4     -0.3      0.2           0.0
 
  2020          1.8      1.8      0.1     -0.1     -1.1      0.6
                2.1     -1.1      0.2     -0.6      1.2      0.2           0.4
 
  2021         -2.0      1.1     -0.1      1.3      1.0      2.1
               -1.3      0.6      1.3      0.5      1.7      0.8           0.6
 
  2022          1.1      4.3      2.1      1.7      1.7      2.9
               -0.5      1.4      2.3      0.8      1.4      1.3           1.7
 
  2023          0.5      4.3      0.6      0.4     -0.1      0.7
               -1.3     -1.2      0.9     -2.2      1.6     -1.0           0.3
 
  2024         -0.2      1.1     -0.5      1.0     -0.1      0.1
               -1.0     -0.5     -0.1     -0.1     -0.5      0.5          -0.0
 
  2025          2.3     -0.4     -0.3      0.3      0.3     -0.6
               -1.5      0.5     -0.3     -0.3     -0.7      0.5          -0.0
 
  2026          0.8      0.9      1.2      1.1     -2.1     -0.1
               -0.5      0.0                                               0.2
 
  AVGE          0.6      1.7      0.4      0.3      0.3      0.3
               -0.6     -0.3      0.6     -0.6      0.5      0.7

  Table Total-        45.39   Mean-       0.33   Std. Dev.-       1.25
                              Min -      -2.23        Max -       4.32
        R35 monthly CPI index            PAGE  16, SERIES series

 E 6  Month-to-month percent change in seasonally adjusted series (D11)
  From  2015.Feb to 2026.Aug
  Observations        139
 -----------------------------------------------------------------------------
               Jan      Feb      Mar      Apr      May      Jun 
               Jul      Aug      Sep      Oct      Nov      Dec         AVGE  
 -----------------------------------------------------------------------------
  2015                  -0.5     -0.6      0.7     -0.1     -0.3
                0.5     -0.1      0.7     -0.0     -0.5      1.7           0.1
 
  2016          0.3     -2.7      2.2      0.3      0.7      2.0
               -0.4      0.1      0.2     -0.5      0.6      0.6           0.3
 
  2017          0.0      0.1      1.0     -0.1      0.6     -0.7
               -0.6      1.6     -1.1      0.6      0.8     -1.1           0.1
 
  2018          0.4      0.8      0.2     -0.1     -0.6      0.8
                0.9     -0.8      0.9     -0.2     -1.2      2.0           0.2
 
  2019         -0.1      0.6     -0.3     -0.1      0.7     -0.9
               -0.3     -0.9      1.1      1.1     -0.6      0.5           0.0
 
  2020          1.6     -0.4      0.2      0.4     -1.4      0.4
                3.5     -0.6     -0.2      0.0      1.0      0.6           0.4
 
  2021         -2.2     -1.1      0.1      1.6      0.8      1.6
                0.3      1.1      0.8      1.1      1.5      1.2           0.6
 
  2022          1.1      2.2      2.3      1.7      1.7      2.3
                1.2      1.9      1.9      1.4      1.3      1.6           1.7
 
  2023          0.4      2.4      0.6      0.3     -0.1      0.3
                0.3     -0.8      0.6     -1.7      1.6     -0.9           0.3
 
  2024         -0.3     -0.6     -0.5      0.8     -0.1     -0.1
                0.4     -0.2     -0.3      0.5     -0.4      0.4          -0.0
 
  2025          2.1     -1.9     -0.4      0.0      0.3     -0.5
               -0.2      0.8     -0.4      0.2     -0.5      0.4          -0.0
 
  2026          0.4     -0.4      1.0      0.9     -2.1      0.1
                0.7      0.2                                               0.1
 
  AVGE          0.3     -0.1      0.5      0.5      0.0      0.4
                0.5      0.2      0.4      0.2      0.3      0.6

  Table Total-        45.21   Mean-       0.33   Std. Dev.-       1.05
                              Min -      -2.74        Max -       3.53
        R35 monthly CPI index            PAGE  17, SERIES series

 E 7  Month-to-month percent change in final trend cycle (D12)
  From  2015.Feb to 2026.Aug
  Observations        139
 -----------------------------------------------------------------------------
               Jan      Feb      Mar      Apr      May      Jun 
               Jul      Aug      Sep      Oct      Nov      Dec         AVGE  
 -----------------------------------------------------------------------------
  2015                  -0.2     -0.1     -0.1      0.0      0.1
                0.1      0.1      0.2      0.2      0.3      0.3           0.1
 
  2016          0.2      0.1      0.1      0.3      0.6      0.7
                0.6      0.3      0.1      0.1      0.2      0.3           0.3
 
  2017          0.3      0.4      0.4      0.3      0.1     -0.1
               -0.1      0.1      0.2      0.2      0.1      0.1           0.2
 
  2018          0.2      0.2      0.1      0.1      0.0      0.2
                0.3      0.2      0.1      0.1      0.2      0.3           0.2
 
  2019          0.2      0.2      0.1     -0.0     -0.1     -0.3
               -0.3     -0.1      0.2      0.4      0.5      0.5           0.1
 
  2020          0.5      0.4      0.3      0.2      0.3      0.5
                0.4      0.4      0.3      0.1     -0.1     -0.3           0.3
 
  2021         -0.3     -0.2      0.1      0.6      0.9      1.0
                0.9      0.9      1.0      1.1      1.2      1.3           0.7
 
  2022          1.6      1.8      2.0      2.0      1.9      1.8
                1.8      1.7      1.6      1.6      1.5      1.5           1.7
 
  2023          1.4      1.2      0.7      0.4      0.2      0.0
               -0.0     -0.0     -0.0     -0.1     -0.2     -0.4           0.3
 
  2024         -0.6     -0.4     -0.2      0.0      0.2      0.1
                0.0     -0.0     -0.0      0.0      0.1      0.1          -0.1
 
  2025          0.0     -0.0     -0.0     -0.1     -0.1     -0.1
                0.0      0.1      0.0      0.0     -0.0      0.1          -0.0
 
  2026          0.2      0.2      0.2      0.0     -0.0      0.0
                0.1      0.1                                               0.1
 
  AVGE          0.3      0.3      0.3      0.3      0.3      0.3
                0.3      0.3      0.3      0.3      0.3      0.3

  Table Total-        44.91   Mean-       0.32   Std. Dev.-       0.63
                              Min -      -0.57        Max -       1.99
        R35 monthly CPI index            PAGE  18, SERIES series

 E 8  Month-to-month percent change in original series adjusted for calendar factors (A18)
  From  2015.Feb to 2026.Aug
  Observations        139
 -----------------------------------------------------------------------------
               Jan      Feb      Mar      Apr      May      Jun 
               Jul      Aug      Sep      Oct      Nov      Dec         AVGE  
 -----------------------------------------------------------------------------
  2015                   1.1     -0.6      0.3      0.6     -1.3
                0.0     -0.8      0.7     -1.4     -0.1      2.4           0.1
 
  2016          0.7     -1.1      2.2     -0.2      1.4      1.1
               -0.9     -0.7      0.4     -1.7      0.9      1.3           0.3
 
  2017          0.4      1.9      0.9     -0.7      1.3     -1.4
               -1.2      0.9     -0.9     -0.5      1.1     -0.8           0.1
 
  2018          0.8      2.7      0.1     -0.7      0.0      0.3
                0.0     -1.5      1.1     -1.1     -0.8      2.0           0.2
 
  2019          0.2      2.7     -0.4     -0.7      1.2     -1.1
               -1.5     -1.5      1.4      0.4     -0.3      0.2           0.0
 
  2020          1.8      1.8      0.1     -0.1     -1.1      0.6
                2.1     -1.1      0.2     -0.6      1.2      0.2           0.4
 
  2021         -2.0      1.1     -0.1      1.3      1.0      2.1
               -1.3      0.6      1.3      0.5      1.7      0.8           0.6
 
  2022          1.1      4.3      2.1      1.7      1.7      2.9
               -0.5      1.4      2.3      0.8      1.4      1.3           1.7
 
  2023          0.5      4.3      0.6      0.4     -0.1      0.7
               -1.3     -1.2      0.9     -2.2      1.6     -1.0           0.3
 
  2024         -0.2      1.1     -0.5      1.0     -0.1      0.1
               -1.0     -0.5     -0.1     -0.1     -0.5      0.5          -0.0
 
  2025          2.3     -0.4     -0.3      0.3      0.3     -0.6
               -1.5      0.5     -0.3     -0.3     -0.7      0.5          -0.0
 
  2026          0.8      0.9      1.2      1.1     -2.1     -0.1
               -0.5      0.0                                               0.2
 
  AVGE          0.6      1.7      0.4      0.3      0.3      0.3
               -0.6     -0.3      0.6     -0.6      0.5      0.7

  Table Total-        45.39   Mean-       0.33   Std. Dev.-       1.25
                              Min -      -2.23        Max -       4.32
        R35 monthly CPI index            PAGE  19, SERIES series

 E 18  Final adjustment ratios
  From  2015.Jan to 2026.Aug
  Observations        140
 -----------------------------------------------------------------------------
               Jan      Feb      Mar      Apr      May      Jun 
               Jul      Aug      Sep      Oct      Nov      Dec         AVGE  
 -----------------------------------------------------------------------------
  2015         99.6    101.2    101.3    100.8    101.6    100.6
              100.1     99.4     99.5     98.1     98.5     99.2         100.0
 
  2016         99.6    101.3    101.3    100.8    101.5    100.6
              100.1     99.4     99.5     98.2     98.6     99.2         100.0
 
  2017         99.5    101.4    101.3    100.8    101.4    100.7
              100.0     99.3     99.5     98.4     98.7     99.1         100.0
 
  2018         99.4    101.4    101.3    100.7    101.3    100.8
               99.9     99.3     99.5     98.6     99.0     99.0         100.0
 
  2019         99.3    101.4    101.3    100.7    101.1    101.0
               99.8     99.2     99.5     98.8     99.2     98.9         100.0
 
  2020         99.1    101.3    101.1    100.7    101.0    101.2
               99.8     99.2     99.6     99.0     99.3     98.9         100.0
 
  2021         99.0    101.2    101.0    100.7    100.9    101.4
               99.8     99.2     99.7     99.1     99.3     98.9         100.0
 
  2022         99.0    101.0    100.9    100.8    100.9    101.4
               99.7     99.3     99.7     99.1     99.2     98.9         100.0
 
  2023         99.0    100.9    100.8    101.0    100.9    101.3
               99.8     99.4     99.7     99.1     99.1     99.0         100.0
 
  2024         99.1    100.8    100.9    101.1    101.0    101.2
               99.8     99.4     99.6     99.1     99.0     99.0         100.0
 
  2025         99.3    100.8    100.9    101.1    101.1    101.0
               99.8     99.5     99.6     99.0     98.9     99.0         100.0
 
  2026         99.4    100.7    100.9    101.1    101.1    100.9
               99.7     99.5                                             100.4
 
  AVGE         99.3    101.1    101.1    100.9    101.2    101.0
               99.9     99.3     99.6     98.8     99.0     99.0

  Table Total-     14004.18   Mean-     100.03   Std. Dev.-       0.94
                              Min -      98.12        Max -     101.55

 E 18.A  Final adjustment ratio forecasts
  From  2026.Sep to 2027.Aug
  Observations         12
 -----------------------------------------------------------------------------
               Jan      Feb      Mar      Apr      May      Jun 
               Jul      Aug      Sep      Oct      Nov      Dec         AVGE  
 -----------------------------------------------------------------------------
  2026                                                          
                                 99.5     99.0     98.8     99.1          99.1
 
  2027         99.4    100.7    101.0    101.1    101.2    100.9
               99.7     99.6                                             100.4
 

  QS statistic for seasonality:
  log(Original Series)                               13.56  (P-Value =     0.0011)
  log(Original Series (EV adj))                      13.56  (P-Value =     0.0011)
  Residuals                                           0.00  (P-Value =     1.0000)
  log(Seasonally Adjusted Series)                     0.00  (P-Value =     1.0000)
  log(SA Series (EV adj))                             0.00  (P-Value =     1.0000)
  Irregular Series                                    0.00  (P-Value =     1.0000)
  Irregular Series (EV adj)                           0.00  (P-Value =     1.0000)

  QS statistic for seasonality (starting 2018.Sep):
  log(Original Series)                               11.99  (P-Value =     0.0025)
  log(Original Series (EV adj))                      11.99  (P-Value =     0.0025)
  Residuals                                           0.00  (P-Value =     1.0000)
  log(Seasonally Adjusted Series)                     0.00  (P-Value =     1.0000)
  log(SA Series (EV adj))                             0.00  (P-Value =     1.0000)
  Irregular Series                                    0.00  (P-Value =     1.0000)
  Irregular Series (EV adj)                           0.00  (P-Value =     1.0000)
        R35 monthly CPI index            PAGE  20, SERIES series


  Visually significant residual trading day peaks have been
  found in the spectral plots of the following series starting in 2018.Sep:

          differenced, transformed seasonally adjusted series (Table D11) (1 Trading Day peak(s))

          Irregular component (Table D13) (1 Seasonal and 
        R35 monthly CPI index            PAGE  21, SERIES series
 G 0  10*LOG(SPECTRUM) of the differenced, transformed Original Series
      (Table A1 or B1).  Spectrum estimated from 2018.Sep to 2026.Aug.
 ++++++++++I+++++++++++++++++++++++++++++++++++++++++++++++++++++++++++++I
     -30.22I  *                                                          I    -30.22
           I  *                                                          I
           I  *                                                          I
           I  *                                                          I
     -31.38I  *                                                          I    -31.38
           I  *       S                                                  I
           I  *       S                                                  I
           I  *       S                                        *         I
     -32.54I  *       S                                        *         I    -32.54
           I  *       S                                        *         I
           I  *       S                                        *         I
           I  *       S                                        *         I
     -33.70I  *       S                                       S*         I    -33.70
           I  **      S                                       S*         I
           I ***      S                                       S*         I
           I ***      S                                       S*         I
     -34.86I ***      S               *                       S*         I    -34.86
           I ***      S               *                       S*         I
           I ***      S               *              *        S*         I
           I ***      S               *              *        S*         I
     -36.03I ***      S               *             S*        S*         I    -36.03
           I****      S               *             S*        S*         I
           I****      S               *    *        S*        S*         I
           I****      S               **  S*        S*        S*         I
     -37.19I*****     S               **  S*        S*        S*         I    -37.19
           I*****     S*              **  S*        S*        S*         I
           I*****     S*              **  S*        S*T       S*         I
           I*****     S* *            **  S*       *S*T       S*T        I
     -38.35I*****     S* *            **  S*       *S*T       S*T        I    -38.35
           I*****     S* *            **  S*       *S*T       S*T*       I
           I*****     S* *            **  S*       *S*T       S*T*       I
           I*****     S* **           **  S*       *S*T       S*T*       I
     -39.51I*****     S* **           **  S*       *S*T  *    S*T**      I    -39.51
           I******    S****        *  **  S*       *S*T  *    S*T**   *  I
           I******    S****        * ***  S** *    *S*T  **   S*T**   *  I
           I******   *S****        * *** *S** *    *S*T  **   S*T**   *  I
     -40.67I******   *S****        * *****S****   **S*T* **   S*T**   ** I    -40.67
           I******   *S****       ** *****S****   **S*T****   S*T**   ** I
           I******   *S****   *   ** *****S*****  **S*T****  *S*T**   ** I
           I******   *S****   *   ********S*****  **S*T****  *S*T**   **SI
     -41.83I******   *S****   *   ********S*****  **S*T****  *S*T**  ***SI    -41.83
           I******   *S****   *   ********S*****  **S*T****  *S*T*** ***SI
           I******   *S****  **   ********S***** ***S*T****  *S*T*** ***SI
           I******   *S****  **   ********S*********S*T****  *S*T*** ***SI
     -42.99I*******  *S***** **   ********S*********S*T***** *S*T*******SI    -42.99
           I*******  *S***** **   ********S*********S*T***** *S*T*******SI
           I*******  *S***** **   ********S*********S*T*******S*T*******SI
           I*******  *S***** ***  ********S*********S*T*******S*T*******SI
     -44.16I******* **S*********  ********S*********S*T*******S*T*******SI    -44.16
           I******* **S********* *********S*********S*T*******S*T*******SI
           I**********S********* *********S*********S*T*******S*T*******SI
           I**********S********* *********S*********S*T*******S*T*******SI
     -45.32I**********S*********S*********S*********S*T*******S*T*******SI    -45.32
 ++++++++++I+++++++++++++++++++++++++++++++++++++++++++++++++++++++++++++I
            S=SEASONAL FREQUENCIES, T=TRADING DAY FREQUENCIES
        R35 monthly CPI index            PAGE  22, SERIES series
 G 1  10*LOG(SPECTRUM) of the differenced, transformed seasonally adjusted 
      data (Table D11).  Spectrum estimated from 2018.Sep to 2026.Aug.
 ++++++++++I+++++++++++++++++++++++++++++++++++++++++++++++++++++++++++++I
     -29.68I  *                                                          I    -29.68
           I  *                                                          I
           I  *                                                          I
           I  *                                                          I
     -31.21I  *                                                          I    -31.21
           I  *                                                          I
           I  *                                                          I
           I  *                                                          I
     -32.73I  *                                                          I    -32.73
           I  *                                                          I
           I  *                                                          I
           I  *                                                          I
     -34.25I  *                                                          I    -34.25
           I ***                                                         I
           I ***                      *                                  I
           I ***                      *                                  I
     -35.77I ***                      *               T                  I    -35.77
           I ***                      *               T                  I
           I ***                      *               T                  I
           I*****                     *               T                  I
     -37.30I*****                     *               T          *       I    -37.30
           I*****                     *               T          *       I
           I*****        *            *               T          *       I
           I*****        *         *  **              T          *       I
     -38.82I*****        *         *  **    **    *   T          *       I    -38.82
           I******       *         *  **    **    *   T   *    *T*       I
           I******       *         *  **    **    *  *T   *    *T*   *   I
           I******       *         *  **   ***    *  *T   *   S*T*   *   I
     -40.34I******       *         *  **   ***    *  *T   *   S*T**  *   I    -40.34
           I******       *         * ***   ***   **  *T*  *   S*T**  *   I
           I******      **         *****   ****  *** *T* **   S*T**  *   I
           I******      **         *****   ****  *** *T* **   S*T**  *   I
     -41.87I******      **         *****   ****  ***S*T* **   S*T**  *   I    -41.87
           I******      **         *****  S****  ***S*T* ***  S*T**  **  I
           I******      **   *     *****  S****  ***S*T* ***  S*T**  **  I
           I******      **   *     ****** S****  ***S*T***** *S*T**  **  I
     -43.39I******      ***  *    ******* S*********S*T***** *S*T** ***  I    -43.39
           I******      ***  *    ********S*********S*T***** *S*T******  I
           I*******     ***  *    ********S*********S*T*******S*T******  I
           I*******     ***  *    ********S*********S*T*******S*T******  I
     -44.91I*******     ***  **   ********S*********S*T*******S*T******  I    -44.91
           I*******     *** ***   ********S*********S*T*******S*T******  I
           I*******    **** ***   ********S*********S*T*******S*T******  I
           I*******    ********   ********S*********S*T*******S*T******  I
     -46.43I*******    ********   ********S*********S*T*******S*T******  I    -46.43
           I*******    ********   ********S*********S*T*******S*T******* I
           I*******    ********   ********S*********S*T*******S*T******* I
           I********   ********   ********S*********S*T*******S*T******* I
     -47.96I********   ********  *********S*********S*T*******S*T******* I    -47.96
           I********  S********  *********S*********S*T*******S*T*******SI
           I********  S********* *********S*********S*T*******S*T*******SI
           I********* S********* *********S*********S*T*******S*T*******SI
     -49.48I**********S*********S*********S*********S*T*******S*T*******SI    -49.48
 ++++++++++I+++++++++++++++++++++++++++++++++++++++++++++++++++++++++++++I
            S=SEASONAL FREQUENCIES, T=TRADING DAY FREQUENCIES
        R35 monthly CPI index            PAGE  23, SERIES series
 G 2  10*LOG(SPECTRUM) of the Irregular (Table D13).  
      Spectrum estimated from 2018.Sep to 2026.Aug.
 ++++++++++I+++++++++++++++++++++++++++++++++++++++++++++++++++++++++++++I
     -37.37I                          *                                  I    -37.37
           I                          *                                  I
           I                          *                                  I
           I                          *                                  I
     -38.62I                          *                                  I    -38.62
           I                          *                                  I
           I                          *                                  I
           I                          *                                  I
     -39.87I                          *                                  I    -39.87
           I                          *                                  I
           I                          *                                  I
           I                          **                                 I
     -41.12I                       *  **                                 I    -41.12
           I            *          *  **    *         T                  I
           I            *          *  **    *         T                  I
           I            *          *  **    **        T                  I
     -42.37I            **         *  **    **        T                  I    -42.37
           I            **         * ***    **        T                  I
           I            **         * ***    **        T                  I
           I            **         * ***    **    *   T          *       I
     -43.62I            **         *****   ***    *  *T          *       I    -43.62
           I           ***         *****   ***    *  *T          *       I
           I           ***        ******   ***    *  *T         T*       I
           I           ***        ******   ***   **  *T         T*       I
     -44.88I           ****       ******   ***   **  *T         T*       I    -44.88
           I           ****       *******  ****  **  *T   *    *T*       I
           I           ****       ******* S****  **  *T   *    *T*       I
           I           ****       ******* S****  *** *T*  *    *T*   *   I
     -46.13I           ****       ******* S****  ***S*T* **   S*T*   *   I    -46.13
           I           ****  **   ********S****  ***S*T* **   S*T*   *   I
           I           ****  **   ********S****  ***S*T* **   S*T**  *   I
           I  *       S***** **   ********S**** ****S*T* **   S*T**  *   I
     -47.38I  *     * S********   ********S*********S*T* **   S*T**  *   I    -47.38
           I  *     * S********   ********S*********S*T****   S*T**  *   I
           I  *    ** S********   ********S*********S*T*****  S*T**  *   I
           I  *    ***S********   ********S*********S*T***** *S*T**  **  I
     -48.63I  *    ***S********* *********S*********S*T***** *S*T**  **  I    -48.63
           I  *    ***S********* *********S*********S*T***** *S*T** ***  I
           I  *    ***S********* *********S*********S*T*******S*T******  I
           I  **   ***S********* *********S*********S*T*******S*T******  I
     -49.88I  **   ***S*********S*********S*********S*T*******S*T******  I    -49.88
           I  **   ***S*********S*********S*********S*T*******S*T******  I
           I  **   ***S*********S*********S*********S*T*******S*T******  I
           I  **   ***S*********S*********S*********S*T*******S*T******  I
     -51.13I  **   ***S*********S*********S*********S*T*******S*T******  I    -51.13
           I ***  ****S*********S*********S*********S*T*******S*T******  I
           I ***  ****S*********S*********S*********S*T*******S*T******  I
           I ***  ****S*********S*********S*********S*T*******S*T******  I
     -52.38I ***  ****S*********S*********S*********S*T*******S*T******* I    -52.38
           I ***  ****S*********S*********S*********S*T*******S*T******* I
           I***** ****S*********S*********S*********S*T*******S*T******* I
           I***** ****S*********S*********S*********S*T*******S*T******* I
     -53.64I**********S*********S*********S*********S*T*******S*T*******SI    -53.64
 ++++++++++I+++++++++++++++++++++++++++++++++++++++++++++++++++++++++++++I
            S=SEASONAL FREQUENCIES, T=TRADING DAY FREQUENCIES
        R35 monthly CPI index            PAGE  24, SERIES series

  Peak probabilities for Tukey spectrum estimator
  Spectrum estimated from 2018.Sep to 2026.Aug.

                                          S1       S2       S3       S4       S5       S6       TD
                                        ------   ------   ------   ------   ------   ------   ------
  Model Residuals                        0.576    0.246    0.225    0.003    0.433    0.666    0.428  
  Original Series (Table A1 or B1)       0.889    0.619    0.832    0.775    0.989*   0.423    0.367  
  Seasonally adjusted series (D11)       0.093    0.233    0.243    0.223    0.757    0.083    0.645  
  Irregular (D13)                        0.249    0.317    0.234    0.232    0.777    0.081    0.630  
  ----------
     ** - Peak Probability > 0.99,
      * - 0.90 < Peak Probability < 0.99



  NP statistic for residual seasonality:

  NP statistic for residual seasonality (Full series)
                                                  Residual Seasonality?
  log(Seasonally Adjusted Series)                          no
  log(Seasonally Adjusted Series (EV adj))                 no

  NP statistic for residual seasonality (Series start in 2018.Sep)
                                                  Residual Seasonality?
  log(Seasonally Adjusted Series)                          no
  log(Seasonally Adjusted Series (EV adj))                 no
