  Reading input spec file from series.spc

1

               U. S. Department of Commerce, U. S. Census Bureau

              X-13ARIMA-SEATS monthly seasonal adjustment Method,
                          Release Version 1.1 Build 62


           This software application provides an enhanced version of
             Statistics Canada's X-11-ARIMA extension (Dagum, 1980)
                 of the X-11 variant of the Census Method II of
                      Shiskin, Young and Musgrave (1967).

            It also provides an ARIMA model-based method following
       Hillmer and Tiao (1982) and Burman (1980) that is very similar
       to the update of the method of SEATS (Gomez and Maravall, 1996)
                produced at the Bank of Spain by G. Caporello and
               A. Maravall for TSW (Caporello and Maravall, 2004).
          The present application includes additional enhancements.

         X-13ARIMA-SEATS includes an automatic ARIMA model selection procedure
          based largely on the procedure of Gomez and Maravall (1998)
            as implemented in TRAMO (1996) and subsequent revisions.

              Primary Programmers: Brian Monsell, Mark Otto and,
                 for the ARIMA model-based signal extraction,
                      Gianluca Caporello and Victor Gomez


     Series Title- R35 monthly CPI index
     Series Name- series
     Sep 22, 2026  22.39.01 

        -Period covered-  1st month,2015 to  8th month,2026
        -Type of run - multiplicative seasonal adjustment

        -Sigma limits for graduating extreme values are  1.5 and  2.5 .
        -3x3 moving average used in section 1 of each iteration, 
         3x5 moving average in section 2 of iterations B and C,
         moving average for final seasonal factors chosen by Global MSR.
        -Spectral plots generated for selected series
        -Spectral plots generated for series starting in 2018.Sep

 FILE SAVE REQUESTS (* indicates file exists and will be overwritten)
  series.d10  final seasonal factors
  series.d11  final seasonally adjusted data
  series.d12  final trend cycle
  series.d13  final irregular component
  series.out  program output file
  series.err  program error file
  series.udg  seasonal adjustment and model diagnostics file
        R35 monthly CPI index            PAGE   1, SERIES series

     Contents of spc file series.spc

 Line #
 ------
      1: series { title="R35 monthly CPI index" start=2015.1 period=12 data=(
      2: 102.09999999999999 101.40000000000001 101.09999999999999 99.700000000000003 101.2 101.3
      3: 100.90000000000001 99.200000000000003 97.400000000000006 99.900000000000006 99.200000000000003 96.599999999999994
      4: 100.2 100.2 100.40000000000001 101.3 100.40000000000001 99.599999999999994
      5: 100.40000000000001 101.40000000000001 100.5 98.299999999999997 100.90000000000001 99.299999999999997
      6: 101.09999999999999 100.3 102.59999999999999 101.3 102.09999999999999 101.59999999999999
      7: 103 102.90000000000001 102.09999999999999 102.5 101.3 101.40000000000001
      8: 102.90000000000001 101 101.40000000000001 101.90000000000001 101 101.7
      9: 100 103.8 102.2 101.90000000000001 101.09999999999999 101.09999999999999
     10: 101.5 103.5 103.5 102.09999999999999 100.40000000000001 102
     11: 101.40000000000001 102.2 100.40000000000001 102.5 101 103.40000000000001
     12: 102.7 104.90000000000001 105.2 104.3 103.90000000000001 102.5
     13: 105.5 105.59999999999999 102.7 103.09999999999999 102.7 102.3
     14: 105.5 104.8 104.7 105.8 103.5 104.90000000000001
     15: 105.2 104.90000000000001 106 104.5 104.90000000000001 103.90000000000001
     16: 109.90000000000001 112.09999999999999 113.09999999999999 113.3 115.7 116.09999999999999
     17: 118.8 120.2 120.59999999999999 120.40000000000001 122 121.40000000000001
     18: 130.69999999999999 132.40000000000001 133.69999999999999 130.90000000000001 132.09999999999999 133.69999999999999
     19: 133 133.19999999999999 133.59999999999999 130.80000000000001 132.30000000000001 130.19999999999999
     20: 135.40000000000001 134.30000000000001 133.80000000000001 137.40000000000001 137.30000000000001 135.5
     21: 137.30000000000001 138.5 139.09999999999999 138.19999999999999 137.69999999999999 137.5
     22: 143.30000000000001 142.09999999999999 143.80000000000001 143.5 146.19999999999999 145.90000000000001
     23: 147.30000000000001 146.40000000000001 146.19999999999999 147 144.40000000000001 142.40000000000001
     24: 148.90000000000001 144.59999999999999 144.19999999999999 145.5 143.80000000000001 142.90000000000001
     25: 144.69999999999999 142.59999999999999
     26: ) }
     27: transform { function=log }
     28: automdl { }
     29: outlier { types=(ao ls tc) }
     30: x11 { mode=mult save=(d10 d11 d12 d13) appendfcst=no appendbcst=no savelog=all }
     31: spectrum { logqs=yes robustsa=no print=all savelog=all }
     32: check { }
        R35 monthly CPI index            PAGE   2, SERIES series

 A 1  Time series data (for the span analyzed)
  From  2015.Jan to 2026.Aug
  Observations        140
 -----------------------------------------------------------------------------
               Jan      Feb      Mar      Apr      May      Jun 
               Jul      Aug      Sep      Oct      Nov      Dec        TOTAL  
 -----------------------------------------------------------------------------
  2015         102.     101.     101.     100.     101.     101.
               101.      99.      97.     100.      99.      97.         1200.
 
  2016         100.     100.     100.     101.     100.     100.
               100.     101.     101.      98.     101.      99.         1203.
 
  2017         101.     100.     103.     101.     102.     102.
               103.     103.     102.     103.     101.     101.         1222.
 
  2018         103.     101.     101.     102.     101.     102.
               100.     104.     102.     102.     101.     101.         1220.
 
  2019         102.     104.     104.     102.     100.     102.
               101.     102.     100.     103.     101.     103.         1224.
 
  2020         103.     105.     105.     104.     104.     103.
               106.     106.     103.     103.     103.     102.         1245.
 
  2021         106.     105.     105.     106.     104.     105.
               105.     105.     106.     105.     105.     104.         1259.
 
  2022         110.     112.     113.     113.     116.     116.
               119.     120.     121.     120.     122.     121.         1404.
 
  2023         131.     132.     134.     131.     132.     134.
               133.     133.     134.     131.     132.     130.         1587.
 
  2024         135.     134.     134.     137.     137.     136.
               137.     139.     139.     138.     138.     138.         1642.
 
  2025         143.     142.     144.     144.     146.     146.
               147.     146.     146.     147.     144.     142.         1739.
 
  2026         149.     145.     144.     146.     144.     143.
               145.     143.                                             1157.
 
  AVGE         115.     115.     116.     116.     116.     116.
               116.     117.     114.     114.     113.     113.

  Table Total-     16100.90   Mean-     115.01   Std. Dev.-      17.27
                              Min -      96.60        Max -     148.90
        R35 monthly CPI index            PAGE   3, SERIES series
                        Automatic ARIMA Model Selection

                    Procedure based closely on TRAMO method 
                         of Gomez and Maravall (2000)
              "Automatic Modeling Methods for Univariate Series",
                            A Course in Time Series
                  (Edited by D. Pena, G. C. Tiao, R. S. Tsay),
                         New York : J. Wiley and Sons


     Maximum order for regular ARMA parameters :   2
     Maximum order for seasonal ARMA parameters :   1
     Maximum order for regular differencing :   2
     Maximum order for seasonal differencing :   1

   Results of Unit Root Test for identifying orders of differencing:
     Regular difference order :   1
     Seasonal difference order :   0

     Mean is not significant.

  Automatic model choice : (1 1 2)(1 0 1)


  Final Checks for Identified Model


  Checking for Unit Roots.
   Seasonal unit root found.
   ( 1, 1, 2) ( 0, 1, 1)

  Checking for nonseasonal overdifferencing.
   Nonseasonal MA not within  0.001 of 1.0 - model passes test.

  Checking for insignificant ARMA coefficients.

  Final automatic model choice : (1 1 2)(0 1 1)
   End of automatic model selection procedure.

 Average absolute percentage error in within-sample forecasts:
  Last year:   3.53      Last-1 year:   1.75     Last-2 year:   0.94
  Last three years:    2.07

 Estimation converged in   38 ARMA iterations,  213 function evaluations.

 Regression Model
 ------------------------------------------------------------------------------
                             Parameter        Standard
 Variable                     Estimate           Error      t-value
 ------------------------------------------------------------------------------
 Automatically Identified Outliers
   LS2023.Jan                   0.0482         0.00808         5.96
 ------------------------------------------------------------------------------


 ARIMA Model:  (1 1 2)(0 1 1)
   Nonseasonal differences: 1
   Seasonal differences:    1
                                              Standard
 Parameter                    Estimate          Errors
 -----------------------------------------------------
 Nonseasonal AR                                    
   Lag  1                       0.7073         0.08513

 Nonseasonal MA                                    
   Lag  1                       1.3534         0.06897
   Lag  2                      -0.7278         0.05348

 Seasonal MA                                       
   Lag 12                       0.9029         0.05991

 Variance                       0.14135E-03
 SE of Var                      0.17738E-04
 -----------------------------------------------------

 Likelihood Statistics
 ------------------------------------------------------------------
 Number of observations (nobs)                                  140
 Effective number of observations (nefobs)                      127
 Number of parameters estimated (np)                              6
 Log likelihood                                            372.4934
 Transformation Adjustment                                -602.9401
 Adjusted Log likelihood (L)                              -230.4467
 AIC                                                       472.8934 
 AICC (F-corrected-AIC)                                    473.5934 
 Hannan Quinn                                              479.8268 
 BIC                                                       489.9585 
 ------------------------------------------------------------------


 DIAGNOSTIC CHECKING
  Sample Autocorrelations of the Residuals with the Ljung-Box diagnostic.

  Lag      1     2     3     4     5     6     7     8     9    10    11    12
  ACF   0.04 -0.03 -0.02  0.10 -0.06  0.00 -0.10  0.09 -0.06  0.02 -0.08  0.02
  SE    0.09  0.09  0.09  0.09  0.09  0.09  0.09  0.09  0.09  0.09  0.09  0.09
  Q     0.26  0.36  0.41  1.62  2.08  2.08  3.55  4.66  5.11  5.19  6.16  6.20
  DF       0     0     0     0     1     2     3     4     5     6     7     8
  P    0.000 0.000 0.000 0.000 0.149 0.354 0.314 0.324 0.403 0.520 0.521 0.625

  Lag     13    14    15    16    17    18    19    20    21    22    23    24
  ACF   0.09  0.06 -0.13  0.07 -0.01  0.10 -0.12 -0.11 -0.05 -0.16  0.04 -0.01
  SE    0.09  0.09  0.09  0.10  0.10  0.10  0.10  0.10  0.10  0.10  0.10  0.10
  Q     7.33  7.79 10.39 11.10 11.11 12.48 14.50 16.27 16.71 20.60 20.87 20.88
  DF       9    10    11    12    13    14    15    16    17    18    19    20
  P    0.603 0.650 0.496 0.520 0.601 0.568 0.488 0.434 0.474 0.300 0.344 0.404

  The P-values approximate the probability of observing a Q-value at least
  this large when the model fitted is correct.  When DF is positive, small
  values of P, customarily those below 0.05, indicate model inadequacy.

  Sample Autocorrelations of the Residuals
                 -1.0 -0.8 -0.6 -0.4 -0.2  0.0  0.2  0.4  0.6  0.8  1.0
                   +----+----+----+----+----+----+----+----+----+----+
            1                           .   |X  .                      0.045
            2                           .  X|   .                     -0.027
            3                           .   |   .                     -0.019
            4                           .   |XX .                      0.095
            5                           .  X|   .                     -0.058
            6                          .    |    .                     0.002
            7                          . XXX|    .                    -0.104
            8                          .    |XX  .                     0.090
            9                          .   X|    .                    -0.057
           10                          .    |X   .                     0.024
           11                          .  XX|    .                    -0.083
           12       - - - - - - - - -  .    |    .  - - - - - - - -    0.015
           13                          .    |XX  .                     0.089
           14                          .    |X   .                     0.056
           15                          . XXX|    .                    -0.133
           16                          .    |XX  .                     0.069
           17                          .    |    .                    -0.008
           18                          .    |XX  .                     0.095
           19                          . XXX|    .                    -0.116
           20                          . XXX|    .                    -0.107
           21                          .   X|    .                    -0.053
           22                          .XXXX|    .                    -0.158
           23                          .    |X   .                     0.041
           24       - - - - - - - - -  .    |    .  - - - - - - - -   -0.008
  
  Sample Autocorrelations of the Squared Residuals with the Ljung-Box diagnostic.

  Lag      1     2     3     4     5     6     7     8     9    10    11    12
  ACF   0.31 -0.01 -0.13 -0.04  0.02 -0.03 -0.05 -0.11  0.02 -0.14 -0.04 -0.11
  SE    0.09  0.10  0.10  0.10  0.10  0.10  0.10  0.10  0.10  0.10  0.10  0.10
  Q    12.47 12.48 14.55 14.74 14.77 14.85 15.22 16.90 16.97 19.71 19.99 21.78
  DF       0     0     0     0     1     2     3     4     5     6     7     8
  P    0.000 0.000 0.000 0.000 0.000 0.001 0.002 0.002 0.005 0.003 0.006 0.005

  Lag     13    14    15    16    17    18    19    20    21    22    23    24
  ACF  -0.03 -0.02 -0.05 -0.01 -0.03 -0.02  0.09  0.11  0.00  0.01 -0.02 -0.10
  SE    0.10  0.10  0.10  0.10  0.10  0.10  0.10  0.10  0.10  0.10  0.10  0.10
  Q    21.88 21.97 22.35 22.36 22.48 22.52 23.67 25.48 25.48 25.49 25.56 27.12
  DF       9    10    11    12    13    14    15    16    17    18    19    20
  P    0.009 0.015 0.022 0.034 0.048 0.069 0.071 0.062 0.084 0.112 0.143 0.132

  The P-values approximate the probability of observing a Q-value at least
  this large when the model fitted is correct in a way that supports the
  standard interpretations of the test statistics, standard errors, and
  prediction intervals output by X-13ARIMA-SEATS. When DF is positive, small
  values of P, customarily those below 0.05, suggest that model-based
  inferences about statistical significance and uncertainty will be less
  dependable than usual.

  Sample Autocorrelations of the Squared Residuals
                 -1.0 -0.8 -0.6 -0.4 -0.2  0.0  0.2  0.4  0.6  0.8  1.0
                   +----+----+----+----+----+----+----+----+----+----+
            1                           .   |XXXXXXXX                  0.310
            2                          .    |    .                    -0.012
            3                          . XXX|    .                    -0.125
            4                          .   X|    .                    -0.037
            5                          .    |    .                     0.015
            6                          .   X|    .                    -0.025
            7                          .   X|    .                    -0.051
            8                          . XXX|    .                    -0.111
            9                          .    |X   .                     0.022
           10                          . XXX|    .                    -0.140
           11                          .   X|    .                    -0.044
           12       - - - - - - - - -  . XXX|    .  - - - - - - - -   -0.112
           13                          .   X|    .                    -0.026
           14                          .   X|    .                    -0.025
           15                          .   X|    .                    -0.051
           16                          .    |    .                    -0.009
           17                          .   X|    .                    -0.028
           18                          .    |    .                    -0.016
           19                          .    |XX  .                     0.087
           20                          .    |XXX .                     0.109
           21                          .    |    .                     0.004
           22                          .    |    .                     0.006
           23                          .   X|    .                    -0.021
           24       - - - - - - - - -  .  XX|    .  - - - - - - - -   -0.099
  
 Histogram of the Standardized and Mean-Centered Residuals
  Standard
  Deviations    Frequency
       -3 +
          |#
       -2 +###
          |##############
       -1 +###########
          |####################
        0 +##############################
          |#################
        1 +################
          |#######
        2 +####
          |###
        3 +

  Outlier [#

  One '#'= 1 observation[s]

 Tabular Histogram of the Standardized and Mean-Centered Residuals

  Standard
  Deviations    Frequency

 -3.00                 0

 -2.50                 1

 -2.00                 3

 -1.50                14

 -1.00                11

 -0.50                20

  0.00                30

  0.50                17

  1.00                16

  1.50                 7

  2.00                 4

  2.50                 3

  3.00                 0

  Residuals with |t|>3.25

  Obs       t-value
  -----------------
  2021.Jan     3.67

 Summary Statistics for the Unstandardized Residuals
  Minimum                    -0.025
  Maximum                     0.038
  Median                      0.000
  Robust Std Dev              0.010

 Normality Statistics for regARIMA Model Residuals:

    Number of residuals  :    127

    Skewness coefficient :    0.4113    
    Geary's a            :    0.7797    
    Kurtosis             :    3.4139    

  No indication of lack of normality.

 Durbin-Watson Statistic for regARIMA Model Residuals:
  dw =     1.898578

 Friedman Non-Parametric Test for regARIMA Model Residuals:
  ken =     4.938462 ( Asymptotically distributed as Chi-Square(11), P-Value =     0.934110 )

 QS Statistic for regARIMA Model Residuals (full series):             0.05
                                                       (P-Value =     0.9764)

 QS Statistic for regARIMA Model Residuals (starting 2018.Sep):       0.06
                                                       (P-Value =     0.9688)


  Visually significant residual trading day and seasonal peaks have been
  found in the spectral plot of the following series starting in 2018.Sep:

          regARIMA model residuals (1 Seasonal and 1 Trading Day peak(s))




      10*LOG(SPECTRUM) of the regARIMA model residuals
      Spectrum estimated from 2018.Sep to 2026.Aug.
 ++++++++++I+++++++++++++++++++++++++++++++++++++++++++++++++++++++++++++I
     -32.67I                           *                                 I    -32.67
           I                           *                                 I
           I                           *                                 I
           I                           *                                 I
     -33.67I                           *                                 I    -33.67
           I                           *                                 I
           I                           *                                 I
           I    *                      *                                 I
     -34.68I    *                      *                                 I    -34.68
           I    *                      *                  *              I
           I    *                      *                  *              I
           I    *         *            *                  *              I
     -35.68I    *         *            *                  *              I    -35.68
           I    *    *    *            *                  *            *SI
           I    *    *    *      *     *                  *            *SI
           I    *    *    *      *     *                  *            *SI
     -36.69I    *    *    *      *     *  S               *            *SI    -36.69
           I    *    *    *      *     *  S               *            *SI
           I   **    *    *   *  *     *  S               *            *SI
           I   **    *    *   *  *     *  S               *            *SI
     -37.69I   **    *    *   *  *     *  S               *            *SI    -37.69
           I   **    *    *   ** *     *  S               *            *SI
           I   **   **    *   ** *     ** S     *     T   *            *SI
           I   **   **    *   **S*    ****S    **     T   *           **SI
     -38.70I*  ***  **    *   **S*    ****S    ***    T   *           **SI    -38.70
           I*  ***  **    *   **S*    ****S    ***    T  **           **SI
           I******  **    *   **S*    ****S    ***    T  ***          **SI
           I******  **    *   **S*    ****S    ****   T  ***          **SI
     -39.70I******  **    *   **S*    ****S    ****  *T* ***          **SI    -39.70
           I******  **    *   **S*    ****S*   ****  *T* ***          **SI
           I******  **    **  **S**   ****S*   ****  *T* ***    T     **SI
           I******  **    ** ***S**   ****S*   ****  *T* ***    T*    **SI
     -40.71I******  **    ** ***S**   ****S*   ***** *T* ***   *T*    **SI    -40.71
           I******  **    ** ***S**   ****S*  ******S*T* ***   *T*    **SI
           I******  **   *** ***S**   ****S*  ******S*T*****   *T*    **SI
           I******  **   *** ***S**   ****S*  ******S*T*****   *T**   **SI
     -41.72I******  **   *** ***S**   ****S*  ******S*T*****   *T**  ***SI    -41.72
           I**********   *** ***S**   ****S*  ******S*T*****  S*T**  ***SI
           I**********   *******S**   ****S*  ******S*T*****  S*T**  ***SI
           I**********   *******S**   ****S*  ******S*T*****  S*T**  ***SI
     -42.72I**********S  *******S**   ****S*  ******S*T****** S*T*** ***SI    -42.72
           I**********S  *******S**   ****S*********S*T****** S*T*** ***SI
           I**********S  *******S**   ****S*********S*T*******S*T*******SI
           I**********S  *******S**   ****S*********S*T*******S*T*******SI
     -43.73I**********S  *******S**   ****S*********S*T*******S*T*******SI    -43.73
           I**********S  *******S**   ****S*********S*T*******S*T*******SI
           I**********S  *******S**  *****S*********S*T*******S*T*******SI
           I**********S  *******S*** *****S*********S*T*******S*T*******SI
     -44.73I**********S  *******S*** *****S*********S*T*******S*T*******SI    -44.73
           I**********S  *******S*** *****S*********S*T*******S*T*******SI
           I**********S ********S*** *****S*********S*T*******S*T*******SI
           I**********S ********S*** *****S*********S*T*******S*T*******SI
     -45.74I**********S*********S*********S*********S*T*******S*T*******SI    -45.74
 ++++++++++I+++++++++++++++++++++++++++++++++++++++++++++++++++++++++++++I
            S=SEASONAL FREQUENCIES, T=TRADING DAY FREQUENCIES


 FORECASTING
  Origin  2026.Aug
  Number        12

  Forecasts and Standard Errors of the Transformed Data
   ------------------------------
                         Standard
       Date   Forecast      Error
   ------------------------------
   2026.Sep       4.96      0.012
   2026.Oct       4.96      0.013
   2026.Nov       4.95      0.015
   2026.Dec       4.94      0.018
   2027.Jan       4.97      0.021
   2027.Feb       4.97      0.024
   2027.Mar       4.97      0.028
   2027.Apr       4.97      0.031
   2027.May       4.97      0.034
   2027.Jun       4.97      0.037
   2027.Jul       4.98      0.040
   2027.Aug       4.98      0.043
   ------------------------------

  Confidence intervals with coverage probability ( 0.95000
  On the Original Scale
   ---------------------------------------
       Date      Lower  Forecast     Upper
   ---------------------------------------
   2026.Sep     139.40    142.68    146.05
   2026.Oct     138.54    142.01    145.56
   2026.Nov     137.48    141.48    145.60
   2026.Dec     135.60    140.34    145.26
   2027.Jan     138.60    144.40    150.45
   2027.Feb     137.30    144.01    151.05
   2027.Mar     136.89    144.54    152.61
   2027.Apr     135.98    144.49    153.54
   2027.May     135.15    144.49    154.48
   2027.Jun     134.35    144.47    155.35
   2027.Jul     134.57    145.51    157.34
   2027.Aug     134.14    145.81    158.49
   ---------------------------------------
        R35 monthly CPI index            PAGE   4, SERIES series
  
 A 8  RegARIMA combined outlier component
      (LS outliers included)
  From  2015.Jan to 2026.Aug
  Observations        140
 -----------------------------------------------------------------------------
               Jan      Feb      Mar      Apr      May      Jun 
               Jul      Aug      Sep      Oct      Nov      Dec         AVGE  
 -----------------------------------------------------------------------------
  2015         95.3     95.3     95.3     95.3     95.3     95.3
               95.3     95.3     95.3     95.3     95.3     95.3          95.3
 
  2016         95.3     95.3     95.3     95.3     95.3     95.3
               95.3     95.3     95.3     95.3     95.3     95.3          95.3
 
  2017         95.3     95.3     95.3     95.3     95.3     95.3
               95.3     95.3     95.3     95.3     95.3     95.3          95.3
 
  2018         95.3     95.3     95.3     95.3     95.3     95.3
               95.3     95.3     95.3     95.3     95.3     95.3          95.3
 
  2019         95.3     95.3     95.3     95.3     95.3     95.3
               95.3     95.3     95.3     95.3     95.3     95.3          95.3
 
  2020         95.3     95.3     95.3     95.3     95.3     95.3
               95.3     95.3     95.3     95.3     95.3     95.3          95.3
 
  2021         95.3     95.3     95.3     95.3     95.3     95.3
               95.3     95.3     95.3     95.3     95.3     95.3          95.3
 
  2022         95.3     95.3     95.3     95.3     95.3     95.3
               95.3     95.3     95.3     95.3     95.3     95.3          95.3
 
  2023        100.0    100.0    100.0    100.0    100.0    100.0
              100.0    100.0    100.0    100.0    100.0    100.0         100.0
 
  2024        100.0    100.0    100.0    100.0    100.0    100.0
              100.0    100.0    100.0    100.0    100.0    100.0         100.0
 
  2025        100.0    100.0    100.0    100.0    100.0    100.0
              100.0    100.0    100.0    100.0    100.0    100.0         100.0
 
  2026        100.0    100.0    100.0    100.0    100.0    100.0
              100.0    100.0                                             100.0
 
  AVGE         96.9     96.9     96.9     96.9     96.9     96.9
               96.9     96.9     96.6     96.6     96.6     96.6

  Table Total-     13548.26   Mean-      96.77   Std. Dev.-       3.90
                              Min -      95.29        Max -     100.00

 A 8.A  RegARIMA outlier component
  From  2026.Sep to 2027.Aug
  Observations         12
 -----------------------------------------------------------------------------
               Jan      Feb      Mar      Apr      May      Jun 
               Jul      Aug      Sep      Oct      Nov      Dec         AVGE  
 -----------------------------------------------------------------------------
  2026                                                          
                                100.0    100.0    100.0    100.0         100.0
 
  2027        100.0    100.0    100.0    100.0    100.0    100.0
              100.0    100.0                                             100.0
 
        R35 monthly CPI index            PAGE   5, SERIES series
  
 B 1  Original series (prior adjusted)
      (adjusted for regARIMA factors)
  From  2015.Jan to 2026.Aug
  Observations        140
 -----------------------------------------------------------------------------
               Jan      Feb      Mar      Apr      May      Jun 
               Jul      Aug      Sep      Oct      Nov      Dec        TOTAL  
 -----------------------------------------------------------------------------
  2015         107.     106.     106.     105.     106.     106.
               106.     104.     102.     105.     104.     101.         1259.
 
  2016         105.     105.     105.     106.     105.     105.
               105.     106.     105.     103.     106.     104.         1262.
 
  2017         106.     105.     108.     106.     107.     107.
               108.     108.     107.     108.     106.     106.         1283.
 
  2018         108.     106.     106.     107.     106.     107.
               105.     109.     107.     107.     106.     106.         1280.
 
  2019         107.     109.     109.     107.     105.     107.
               106.     107.     105.     108.     106.     109.         1284.
 
  2020         108.     110.     110.     109.     109.     108.
               111.     111.     108.     108.     108.     107.         1307.
 
  2021         111.     110.     110.     111.     109.     110.
               110.     110.     111.     110.     110.     109.         1321.
 
  2022         115.     118.     119.     119.     121.     122.
               125.     126.     127.     126.     128.     127.         1473.
 
  2023         131.     132.     134.     131.     132.     134.
               133.     133.     134.     131.     132.     130.         1587.
 
  2024         135.     134.     134.     137.     137.     136.
               137.     139.     139.     138.     138.     138.         1642.
 
  2025         143.     142.     144.     144.     146.     146.
               147.     146.     146.     147.     144.     142.         1739.
 
  2026         149.     145.     144.     146.     144.     143.
               145.     143.                                             1157.
 
  AVGE         119.     119.     119.     119.     119.     119.
               120.     120.     117.     117.     117.     116.

  Table Total-     16593.55   Mean-     118.53   Std. Dev.-      15.10
                              Min -     101.37        Max -     148.90

 B 1.A  Forecasts of (prior adjusted) original series
  From  2026.Sep to 2027.Aug
  Observations         12
 -----------------------------------------------------------------------------
               Jan      Feb      Mar      Apr      May      Jun 
               Jul      Aug      Sep      Oct      Nov      Dec        TOTAL  
 -----------------------------------------------------------------------------
  2026                                                          
                                 143.     142.     141.     140.          567.
 
  2027         144.     144.     145.     144.     144.     144.
               146.     146.                                             1158.
 
        R35 monthly CPI index            PAGE   6, SERIES series

 C 17  Final weights for irregular component
  From  2015.Jan to 2026.Aug
  Observations        140
  Lower sigma limit    1.50
  Upper sigma limit    2.50
 -----------------------------------------------------------------------------
               Jan      Feb      Mar      Apr      May      Jun 
               Jul      Aug      Sep      Oct      Nov      Dec         S.D.  
 -----------------------------------------------------------------------------
  2015        100.0    100.0    100.0     73.5    100.0     90.6
              100.0     95.1      9.0    100.0    100.0     23.3           0.7
 
  2016        100.0    100.0    100.0    100.0    100.0    100.0
              100.0    100.0    100.0      0.0    100.0    100.0           0.7
 
  2017        100.0    100.0    100.0    100.0    100.0    100.0
              100.0    100.0    100.0    100.0    100.0    100.0           0.7
 
  2018        100.0    100.0    100.0    100.0    100.0    100.0
                0.0    100.0    100.0    100.0    100.0    100.0           0.6
 
  2019         88.1    100.0    100.0    100.0    100.0    100.0
              100.0    100.0    100.0    100.0    100.0      0.0           0.6
 
  2020         81.2    100.0    100.0    100.0    100.0      0.0
              100.0    100.0     84.3    100.0    100.0    100.0           0.6
 
  2021        100.0    100.0    100.0     35.5    100.0    100.0
              100.0    100.0    100.0    100.0    100.0      0.0           0.6
 
  2022        100.0    100.0    100.0    100.0    100.0    100.0
              100.0    100.0    100.0    100.0    100.0    100.0           0.6
 
  2023        100.0    100.0     85.4    100.0    100.0     59.2
              100.0    100.0    100.0    100.0    100.0    100.0           0.6
 
  2024        100.0    100.0      0.0      0.0    100.0    100.0
              100.0    100.0    100.0    100.0    100.0    100.0           0.5
 
  2025        100.0    100.0    100.0    100.0    100.0    100.0
              100.0    100.0    100.0      1.4    100.0    100.0           0.5
 
  2026          0.0    100.0    100.0     85.8    100.0    100.0
              100.0    100.0                                               0.5
 
        R35 monthly CPI index            PAGE   7, SERIES series

 D 8  Final unmodified SI ratios
  From  2015.Jan to 2026.Aug
  Observations        140
 -----------------------------------------------------------------------------
               Jan      Feb      Mar      Apr      May      Jun 
               Jul      Aug      Sep      Oct      Nov      Dec         AVGE  
 -----------------------------------------------------------------------------
  2015        100.8    100.3    100.1     98.9    100.6    100.9
              100.8     99.4     97.8    100.5     99.8     97.0          99.7
 
  2016        100.3    100.1    100.2    101.0    100.1     99.3
              100.1    101.0     99.9     97.6    100.1     98.5          99.9
 
  2017        100.2     99.3    101.3     99.7    100.3     99.6
              100.8    100.6     99.8    100.1     99.0     99.3         100.0
 
  2018        101.0     99.4    100.0    100.5     99.5     99.9
               97.9    101.5     99.9     99.6     98.9     98.9          99.8
 
  2019         99.3    101.3    101.4    100.2     98.9    100.7
              100.2    100.8     98.8    100.5     98.6    100.5         100.1
 
  2020         99.5    101.3    101.3    100.2     99.6     98.1
              101.1    101.2     98.5     99.0     98.6     98.3          99.7
 
  2021        101.4    100.7    100.7    101.7     99.5    100.6
              100.6    100.0    100.6     98.6     98.2     96.3          99.9
 
  2022        100.7    101.4    101.0     99.8    100.6     99.7
              100.8    100.7     99.9     98.8     99.3     98.1         100.1
 
  2023        100.1    101.0    101.7     99.4    100.1    101.1
              100.5    100.5    100.6     98.4     99.4     97.6         100.0
 
  2024        101.2    100.1     99.4    101.7    101.2     99.5
              100.3    100.7    100.6     99.4     98.5     97.8         100.0
 
  2025        101.4     99.9    100.5     99.7    101.0    100.3
              101.0    100.2    100.0    100.6     99.0     97.8         100.1
 
  2026        102.5     99.9     99.9    101.1    100.3     99.9
              101.3    100.0                                             100.6
 
  AVGE        100.7    100.4    100.6    100.3    100.1    100.0
              100.4    100.5     99.7     99.4     99.0     98.2

  Table Total-     13997.30   Mean-      99.98   Std. Dev.-       1.07
                              Min -      96.33        Max -     102.51
        R35 monthly CPI index            PAGE   8, SERIES series

 D 8.B  Final unmodified SI ratios, with labels for outliers and extreme values
  From  2015.Jan to 2026.Aug
  Observations        140
 ---------------------------------------------------------------------
               Jan       Feb       Mar       Apr       May       Jun  
               Jul       Aug       Sep       Oct       Nov       Dec  
 ---------------------------------------------------------------------
  2015       100.8     100.3     100.1      98.9*    100.6     100.9* 
             100.8      99.4*     97.8*    100.5      99.8      97.0* 
 
  2016       100.3     100.1     100.2     101.0     100.1      99.3  
             100.1     101.0      99.9      97.6*    100.1      98.5  
 
  2017       100.2      99.3     101.3      99.7     100.3      99.6  
             100.8     100.6      99.8     100.1      99.0      99.3  
 
  2018       101.0      99.4     100.0     100.5      99.5      99.9  
              97.9*    101.5      99.9      99.6      98.9      98.9  
 
  2019        99.3*    101.3     101.4     100.2      98.9     100.7  
             100.2     100.8      98.8     100.5      98.6     100.5* 
 
  2020        99.5*    101.3     101.3     100.2      99.6      98.1* 
             101.1     101.2      98.5*     99.0      98.6      98.3  
 
  2021       101.4     100.7     100.7     101.7*     99.5     100.6  
             100.6     100.0     100.6      98.6      98.2      96.3* 
 
  2022       100.7     101.4     101.0      99.8     100.6      99.7  
             100.8     100.7      99.9      98.8 -    99.3 -    98.1 -
 
  2023       100.1#    101.0 -   101.7*-    99.4 -   100.1     101.1* 
             100.5     100.5     100.6      98.4      99.4      97.6  
 
  2024       101.2     100.1      99.4*    101.7*    101.2      99.5  
             100.3     100.7     100.6      99.4      98.5      97.8  
 
  2025       101.4      99.9     100.5      99.7     101.0     100.3  
             101.0     100.2     100.0     100.6*     99.0      97.8  
 
  2026       102.5*     99.9      99.9     101.1*    100.3      99.9  
             101.3     100.0                                          
 

  Key to symbols:
    *  : extreme value as determined by X-11 extreme value procedure
    #  : regARIMA outlier (either AO, LS, TC, or Ramp)
    -  : values around a level shift most likely to be influenced by it
 
        R35 monthly CPI index            PAGE   9, SERIES series

 D 9  Final replacement values for SI ratios
  From  2015.Jan to 2026.Aug
  Observations        140
 ---------------------------------------------------------------
               Jan      Feb      Mar      Apr      May      Jun 
               Jul      Aug      Sep      Oct      Nov      Dec 
 ---------------------------------------------------------------
  2015     ******** ******** ********     99.2 ********    100.8
           ********     99.4     99.3 ******** ********     98.1
 
  2016     ******** ******** ******** ******** ******** ********
           ******** ******** ********     99.8 ******** ********
 
  2017     ******** ******** ******** ******** ******** ********
           ******** ******** ******** ******** ******** ********
 
  2018     ******** ******** ******** ******** ******** ********
              100.4 ******** ******** ******** ******** ********
 
  2019         99.4 ******** ******** ******** ******** ********
           ******** ******** ******** ******** ********     98.7
 
  2020         99.7 ******** ******** ******** ********    100.1
           ******** ********     98.7 ******** ******** ********
 
  2021     ******** ******** ********    100.9 ******** ********
           ******** ******** ******** ******** ********     97.9
 
  2022     ******** ******** ******** ******** ******** ********
           ******** ******** ******** ******** ******** ********
 
  2023     ******** ********    101.6 ******** ********    100.7
           ******** ******** ******** ******** ******** ********
 
  2024     ******** ********    100.6    100.1 ******** ********
           ******** ******** ******** ******** ******** ********
 
  2025     ******** ******** ******** ******** ******** ********
           ******** ******** ********     99.5 ******** ********
 
  2026        101.3 ******** ********    101.0 ******** ********
           ******** ********                                    
 

 D 9.A  Moving seasonality ratio
 ---------------------------------------------------------------
               Jan      Feb      Mar      Apr      May      Jun 
 ---------------------------------------------------------------
   I          0.657    0.521    0.621    0.803    0.607    0.802
   S          0.122    0.174    0.121    0.096    0.143    0.094
 RATIO        5.383    2.987    5.129    8.367    4.239    8.529



 ---------------------------------------------------------------
               Jul      Aug      Sep      Oct      Nov      Dec 
 ---------------------------------------------------------------
   I          0.426    0.681    0.612    0.564    0.470    0.317
   S          0.060    0.106    0.141    0.143    0.111    0.105
 RATIO        7.141    6.439    4.329    3.937    4.247    3.022



        R35 monthly CPI index            PAGE  10, SERIES series

 D 10  Final seasonal factors
  From  2015.Jan to 2026.Aug
  Observations        140
  Seasonal filter    3 x 5 moving average
 -----------------------------------------------------------------------------
               Jan      Feb      Mar      Apr      May      Jun 
               Jul      Aug      Sep      Oct      Nov      Dec         AVGE  
 -----------------------------------------------------------------------------
  2015       100.54    99.81   100.47   100.08   100.21    99.91
             100.54   100.51    99.69   100.05    99.53    98.68        100.00
 
  2016       100.49    99.88   100.50   100.11   100.08    99.96
             100.51   100.59    99.64   100.05    99.43    98.69        100.00
 
  2017       100.36   100.03   100.61   100.21    99.89    99.98
             100.51   100.78    99.54    99.95    99.26    98.71         99.99
 
  2018       100.27   100.24   100.78   100.26    99.70   100.08
             100.55   100.86    99.49    99.81    99.00    98.68         99.98
 
  2019       100.30   100.49   100.86   100.32    99.61   100.13
             100.60   100.92    99.51    99.54    98.81    98.57         99.97
 
  2020       100.34   100.78   100.98   100.23    99.62   100.27
             100.63   100.80    99.63    99.31    98.74    98.37         99.97
 
  2021       100.44   100.96   101.02   100.15    99.84   100.24
             100.63   100.72    99.82    99.08    98.78    98.14         99.98
 
  2022       100.61   100.90   101.03   100.02   100.12   100.21
             100.63   100.57   100.08    98.96    98.84    97.97         99.99
 
  2023       100.84   100.68   100.88   100.00   100.42   100.09
             100.67   100.48   100.25    98.98    98.90    97.89        100.01
 
  2024       100.95   100.45   100.75   100.02   100.55   100.08
             100.71   100.41   100.32    99.09    98.95    97.84        100.01
 
  2025       101.01   100.24   100.58   100.13   100.62   100.02
             100.78   100.41   100.28    99.22    98.95    97.84        100.01
 
  2026       101.06   100.09   100.45   100.24   100.61   100.03
             100.84   100.39                                            100.46
 
  AVGE       100.60   100.38   100.74   100.15   100.11   100.08
             100.63   100.62    99.84    99.46    99.02    98.31

  Table Total-     14002.56   Mean-     100.02   Std. Dev.-       0.75
                              Min -      97.84        Max -     101.06

 D 10.A  Final seasonal component forecasts
  From  2026.Sep to 2027.Aug
  Observations         12
 -----------------------------------------------------------------------------
               Jan      Feb      Mar      Apr      May      Jun 
               Jul      Aug      Sep      Oct      Nov      Dec         AVGE  
 -----------------------------------------------------------------------------
  2026                                                          
                               100.28    99.30    98.90    97.83         99.08
 
  2027       101.12   100.02   100.35   100.32   100.61   100.02
             100.90   100.36                                            100.46
 
        R35 monthly CPI index            PAGE  11, SERIES series

 D 11  Final seasonally adjusted data
  From  2015.Jan to 2026.Aug
  Observations        140
 -----------------------------------------------------------------------------
               Jan      Feb      Mar      Apr      May      Jun 
               Jul      Aug      Sep      Oct      Nov      Dec        TOTAL  
 -----------------------------------------------------------------------------
  2015         102.     102.     101.     100.     101.     101.
               100.      99.      98.     100.     100.      98.         1200.
 
  2016         100.     100.     100.     101.     100.     100.
               100.     101.     101.      98.     101.     101.         1203.
 
  2017         101.     100.     102.     101.     102.     102.
               102.     102.     103.     103.     102.     103.         1222.
 
  2018         103.     101.     101.     102.     101.     102.
                99.     103.     103.     102.     102.     102.         1220.
 
  2019         101.     103.     103.     102.     101.     102.
               101.     101.     101.     103.     102.     105.         1224.
 
  2020         102.     104.     104.     104.     104.     102.
               105.     105.     103.     104.     104.     104.         1246.
 
  2021         105.     104.     104.     106.     104.     105.
               105.     104.     106.     105.     106.     106.         1259.
 
  2022         109.     111.     112.     113.     116.     116.
               118.     120.     121.     122.     123.     124.         1404.
 
  2023         130.     132.     133.     131.     132.     134.
               132.     133.     133.     132.     134.     133.         1587.
 
  2024         134.     134.     133.     137.     137.     135.
               136.     138.     139.     139.     139.     141.         1642.
 
  2025         142.     142.     143.     143.     145.     146.
               146.     146.     146.     148.     146.     146.         1738.
 
  2026         147.     144.     144.     145.     143.     143.
               143.     142.                                             1152.
 
  AVGE         115.     115.     115.     115.     115.     116.
               116.     116.     114.     114.     115.     115.

  Table Total-     16097.50   Mean-     114.98   Std. Dev.-      17.22
                              Min -      97.71        Max -     148.15
        R35 monthly CPI index            PAGE  12, SERIES series

 D 12  Final trend cycle
  From  2015.Jan to 2026.Aug
  Observations        140
  Trend filter    13-term Henderson moving average
  I/C ratio        1.80
 -----------------------------------------------------------------------------
               Jan      Feb      Mar      Apr      May      Jun 
               Jul      Aug      Sep      Oct      Nov      Dec        TOTAL  
 -----------------------------------------------------------------------------
  2015         101.     101.     101.     101.     101.     100.
               100.     100.     100.      99.      99.     100.         1203.
 
  2016         100.     100.     100.     100.     100.     100.
               100.     100.     101.     101.     101.     101.         1205.
 
  2017         101.     101.     101.     101.     102.     102.
               102.     102.     102.     103.     102.     102.         1222.
 
  2018         102.     102.     101.     101.     101.     102.
               102.     102.     102.     102.     102.     102.         1223.
 
  2019         102.     102.     102.     102.     102.     101.
               101.     101.     102.     102.     102.     103.         1222.
 
  2020         103.     104.     104.     104.     104.     104.
               104.     104.     104.     104.     104.     104.         1249.
 
  2021         104.     104.     104.     104.     104.     104.
               105.     105.     105.     106.     107.     108.         1260.
 
  2022         109.     111.     112.     114.     115.     116.
               118.     119.     121.     122.     123.     124.         1403.
 
  2023         131.     131.     131.     132.     132.     132.
               132.     133.     133.     133.     133.     133.         1586.
 
  2024         134.     134.     135.     135.     136.     136.
               137.     138.     138.     139.     140.     141.         1642.
 
  2025         141.     142.     143.     144.     145.     145.
               146.     146.     146.     146.     146.     146.         1736.
 
  2026         145.     145.     144.     144.     143.     143.
               143.     143.                                             1150.
 
  AVGE         114.     115.     115.     115.     115.     116.
               116.     116.     114.     114.     115.     115.

  Table Total-     16101.48   Mean-     115.01   Std. Dev.-      17.10
                              Min -      99.34        Max -     146.20
        R35 monthly CPI index            PAGE  13, SERIES series

 D 13  Final irregular component
  From  2015.Jan to 2026.Aug
  Observations        140
 -----------------------------------------------------------------------------
               Jan      Feb      Mar      Apr      May      Jun 
               Jul      Aug      Sep      Oct      Nov      Dec         S.D.  
 -----------------------------------------------------------------------------
  2015        100.3    100.4     99.6     98.8    100.4    101.0
              100.3     98.9     98.2    100.5    100.3     98.3           0.9
 
  2016         99.9    100.3     99.7    100.9    100.0     99.4
               99.6    100.4    100.3     97.5    100.7     99.8           0.8
 
  2017         99.9     99.3    100.8     99.6    100.4     99.6
              100.3     99.8    100.1    100.0     99.6    100.5           0.4
 
  2018        100.8     99.3     99.4    100.4     99.9     99.9
               97.4    100.6    100.3     99.7     99.8    100.2           0.9
 
  2019         99.0    100.8    100.5     99.9     99.3    100.6
               99.6    100.0     99.3    101.0     99.8    102.0           0.8
 
  2020         99.1    100.5    100.2     99.8     99.9     97.9
              100.5    100.5     99.0     99.8    100.0     99.9           0.8
 
  2021        100.9     99.6     99.5    101.5     99.5    100.3
              100.0     99.4    101.0     99.7     99.5     98.2           0.8
 
  2022        100.1    100.5     99.9     99.7    100.5     99.5
              100.1    100.2     99.9     99.9    100.4    100.1           0.3
 
  2023         99.3    100.3    100.8     99.4     99.6    101.0
               99.8    100.0    100.4     99.4    100.5     99.7           0.6
 
  2024        100.3     99.7     98.7    101.7    100.7     99.4
               99.6    100.3    100.2    100.3     99.5    100.0           0.7
 
  2025        100.4     99.8     99.9     99.5    100.4    100.3
              100.2     99.8     99.7    101.4    100.0    100.0           0.5
 
  2026        101.5     99.8     99.5    100.9     99.6     99.8
              100.5     99.6                                               0.7
 
  S.D.          0.7      0.5      0.6      0.9      0.4      0.8
                0.8      0.5      0.7      1.0      0.4      1.0

  Table Total-     13994.80   Mean-      99.96   Std. Dev.-       0.72
                              Min -      97.40        Max -     101.99
        R35 monthly CPI index            PAGE  14, SERIES series

 D 16  Combined adjustment factors
  From  2015.Jan to 2026.Aug
  Observations        140
 -----------------------------------------------------------------------------
               Jan      Feb      Mar      Apr      May      Jun 
               Jul      Aug      Sep      Oct      Nov      Dec         AVGE  
 -----------------------------------------------------------------------------
  2015       100.54    99.81   100.47   100.08   100.21    99.91
             100.54   100.51    99.69   100.05    99.53    98.68        100.00
 
  2016       100.49    99.88   100.50   100.11   100.08    99.96
             100.51   100.59    99.64   100.05    99.43    98.69        100.00
 
  2017       100.36   100.03   100.61   100.21    99.89    99.98
             100.51   100.78    99.54    99.95    99.26    98.71         99.99
 
  2018       100.27   100.24   100.78   100.26    99.70   100.08
             100.55   100.86    99.49    99.81    99.00    98.68         99.98
 
  2019       100.30   100.49   100.86   100.32    99.61   100.13
             100.60   100.92    99.51    99.54    98.81    98.57         99.97
 
  2020       100.34   100.78   100.98   100.23    99.62   100.27
             100.63   100.80    99.63    99.31    98.74    98.37         99.97
 
  2021       100.44   100.96   101.02   100.15    99.84   100.24
             100.63   100.72    99.82    99.08    98.78    98.14         99.98
 
  2022       100.61   100.90   101.03   100.02   100.12   100.21
             100.63   100.57   100.08    98.96    98.84    97.97         99.99
 
  2023       100.84   100.68   100.88   100.00   100.42   100.09
             100.67   100.48   100.25    98.98    98.90    97.89        100.01
 
  2024       100.95   100.45   100.75   100.02   100.55   100.08
             100.71   100.41   100.32    99.09    98.95    97.84        100.01
 
  2025       101.01   100.24   100.58   100.13   100.62   100.02
             100.78   100.41   100.28    99.22    98.95    97.84        100.01
 
  2026       101.06   100.09   100.45   100.24   100.61   100.03
             100.84   100.39                                            100.46
 
  AVGE       100.60   100.38   100.74   100.15   100.11   100.08
             100.63   100.62    99.84    99.46    99.02    98.31

  Table Total-     14002.56   Mean-     100.02   Std. Dev.-       0.75
                              Min -      97.84        Max -     101.06

 D 16.A  Combined adjustment component forecasts
  From  2026.Sep to 2027.Aug
  Observations         12
 -----------------------------------------------------------------------------
               Jan      Feb      Mar      Apr      May      Jun 
               Jul      Aug      Sep      Oct      Nov      Dec         AVGE  
 -----------------------------------------------------------------------------
  2026                                                          
                               100.28    99.30    98.90    97.83         99.08
 
  2027       101.12   100.02   100.35   100.32   100.61   100.02
             100.90   100.36                                            100.46
 
        R35 monthly CPI index            PAGE  15, SERIES series

 E 4  Ratios of annual totals
  From          2015 to 2025
  Observations         11
 -----------------------------------
  Year       Unmodified     Modified
                  (D11)         (E2)
 -----------------------------------
  2015           100.00       100.00
 
  2016            99.99        99.99
 
  2017            99.99        99.99
 
  2018            99.97        99.97
 
  2019            99.97        99.97
 
  2020            99.97        99.97
 
  2021            99.98        99.98
 
  2022            99.97        99.97
 
  2023           100.00       100.00
 
  2024           100.00       100.00
 
  2025           100.00       100.00
 
        R35 monthly CPI index            PAGE  16, SERIES series

 E 5  Month-to-month percent change in the original series
  From  2015.Feb to 2026.Aug
  Observations        139
 -----------------------------------------------------------------------------
               Jan      Feb      Mar      Apr      May      Jun 
               Jul      Aug      Sep      Oct      Nov      Dec         AVGE  
 -----------------------------------------------------------------------------
  2015                  -0.7     -0.3     -1.4      1.5      0.1
               -0.4     -1.7     -1.8      2.6     -0.7     -2.6          -0.5
 
  2016          3.7      0.0      0.2      0.9     -0.9     -0.8
                0.8      1.0     -0.9     -2.2      2.6     -1.6           0.2
 
  2017          1.8     -0.8      2.3     -1.3      0.8     -0.5
                1.4     -0.1     -0.8      0.4     -1.2      0.1           0.2
 
  2018          1.5     -1.8      0.4      0.5     -0.9      0.7
               -1.7      3.8     -1.5     -0.3     -0.8      0.0          -0.0
 
  2019          0.4      2.0      0.0     -1.4     -1.7      1.6
               -0.6      0.8     -1.8      2.1     -1.5      2.4           0.2
 
  2020         -0.7      2.1      0.3     -0.9     -0.4     -1.3
                2.9      0.1     -2.7      0.4     -0.4     -0.4          -0.1
 
  2021          3.1     -0.7     -0.1      1.1     -2.2      1.4
                0.3     -0.3      1.0     -1.4      0.4     -1.0           0.1
 
  2022          5.8      2.0      0.9      0.2      2.1      0.3
                2.3      1.2      0.3     -0.2      1.3     -0.5           1.3
 
  2023          7.7      1.3      1.0     -2.1      0.9      1.2
               -0.5      0.2      0.3     -2.1      1.1     -1.6           0.6
 
  2024          4.0     -0.8     -0.4      2.7     -0.1     -1.3
                1.3      0.9      0.4     -0.6     -0.4     -0.1           0.5
 
  2025          4.2     -0.8      1.2     -0.2      1.9     -0.2
                1.0     -0.6     -0.1      0.5     -1.8     -1.4           0.3
 
  2026          4.6     -2.9     -0.3      0.9     -1.2     -0.6
                1.3     -1.5                                               0.0
 
  AVGE          3.3     -0.1      0.4     -0.1     -0.0      0.0
                0.7      0.3     -0.7     -0.1     -0.1     -0.6

  Table Total-        35.37   Mean-       0.25   Std. Dev.-       1.69
                              Min -      -2.89        Max -       7.66
        R35 monthly CPI index            PAGE  17, SERIES series

 E 6  Month-to-month percent change in seasonally adjusted series (D11)
  From  2015.Feb to 2026.Aug
  Observations        139
 -----------------------------------------------------------------------------
               Jan      Feb      Mar      Apr      May      Jun 
               Jul      Aug      Sep      Oct      Nov      Dec         AVGE  
 -----------------------------------------------------------------------------
  2015                   0.0     -0.9     -1.0      1.4      0.4
               -1.0     -1.7     -1.0      2.2     -0.2     -1.8          -0.3
 
  2016          1.9      0.6     -0.4      1.3     -0.9     -0.7
                0.3      0.9      0.1     -2.6      3.3     -0.8           0.2
 
  2017          0.1     -0.5      1.7     -0.9      1.1     -0.6
                0.8     -0.4      0.5     -0.0     -0.5      0.7           0.2
 
  2018         -0.1     -1.8     -0.1      1.0     -0.3      0.3
               -2.1      3.5     -0.2     -0.6      0.0      0.3          -0.0
 
  2019         -1.2      1.8     -0.4     -0.8     -1.0      1.1
               -1.1      0.5     -0.4      2.1     -0.7      2.6           0.2
 
  2020         -2.4      1.7      0.1     -0.1      0.2     -2.0
                2.6     -0.1     -1.6      0.7      0.2     -0.0          -0.1
 
  2021          1.0     -1.2     -0.2      1.9     -1.9      0.9
               -0.1     -0.4      2.0     -0.7      0.7     -0.3           0.2
 
  2022          3.2      1.7      0.8      1.2      2.0      0.3
                1.9      1.2      0.8      1.0      1.5      0.4           1.3
 
  2023          4.6      1.5      0.8     -1.2      0.5      1.5
               -1.1      0.3      0.5     -0.8      1.2     -0.6           0.6
 
  2024          0.8     -0.3     -0.7      3.4     -0.6     -0.9
                0.7      1.2      0.5      0.6     -0.2      1.0           0.5
 
  2025          0.9     -0.1      0.9      0.2      1.4      0.4
                0.2     -0.2     -0.0      1.6     -1.5     -0.3           0.3
 
  2026          1.2     -1.9     -0.6      1.1     -1.5     -0.1
                0.5     -1.0                                              -0.3
 
  AVGE          0.9      0.1      0.1      0.5      0.0      0.1
                0.1      0.3      0.1      0.3      0.3      0.1

  Table Total-        34.69   Mean-       0.25   Std. Dev.-       1.28
                              Min -      -2.59        Max -       4.59
        R35 monthly CPI index            PAGE  18, SERIES series

 E 7  Month-to-month percent change in final trend cycle (D12)
  From  2015.Feb to 2026.Aug
  Observations        139
 -----------------------------------------------------------------------------
               Jan      Feb      Mar      Apr      May      Jun 
               Jul      Aug      Sep      Oct      Nov      Dec         AVGE  
 -----------------------------------------------------------------------------
  2015                  -0.1     -0.2     -0.2     -0.2     -0.3
               -0.3     -0.3     -0.3     -0.2      0.0      0.2          -0.2
 
  2016          0.3      0.2      0.1      0.1      0.0     -0.0
                0.0      0.1      0.2      0.1      0.1      0.0           0.1
 
  2017          0.0      0.1      0.2      0.3      0.3      0.2
                0.2      0.1      0.1      0.1     -0.1     -0.2           0.1
 
  2018         -0.3     -0.3     -0.2     -0.0      0.2      0.3
                0.4      0.2      0.1     -0.0     -0.0     -0.0           0.0
 
  2019         -0.0     -0.1     -0.1     -0.2     -0.3     -0.3
               -0.1      0.1      0.3      0.4      0.4      0.4           0.0
 
  2020          0.4      0.3      0.3      0.3      0.2      0.0
               -0.1     -0.1     -0.1     -0.1     -0.0      0.0           0.1
 
  2021          0.1      0.0     -0.0     -0.0      0.0      0.1
                0.2      0.3      0.4      0.6      0.8      1.0           0.3
 
  2022          1.2      1.3      1.4      1.3      1.3      1.2
                1.3      1.2      1.1      1.0      0.9      0.7           1.2
 
  2023          5.5      0.4      0.3      0.2      0.2      0.2
                0.1      0.1      0.2      0.1      0.1      0.2           0.6
 
  2024          0.3      0.3      0.3      0.3      0.4      0.5
                0.5      0.5      0.5      0.6      0.5      0.5           0.4
 
  2025          0.5      0.6      0.7      0.6      0.6      0.5
                0.3      0.2      0.0     -0.1     -0.1     -0.2           0.3
 
  2026         -0.3     -0.3     -0.3     -0.3     -0.3     -0.3
               -0.2     -0.1                                              -0.3
 
  AVGE          0.7      0.2      0.2      0.2      0.2      0.2
                0.2      0.2      0.2      0.2      0.2      0.2

  Table Total-        34.55   Mean-       0.25   Std. Dev.-       0.65
                              Min -      -0.33        Max -       5.49
        R35 monthly CPI index            PAGE  19, SERIES series

 E 8  Month-to-month percent change in original series adjusted for calendar factors (A18)
  From  2015.Feb to 2026.Aug
  Observations        139
 -----------------------------------------------------------------------------
               Jan      Feb      Mar      Apr      May      Jun 
               Jul      Aug      Sep      Oct      Nov      Dec         AVGE  
 -----------------------------------------------------------------------------
  2015                  -0.7     -0.3     -1.4      1.5      0.1
               -0.4     -1.7     -1.8      2.6     -0.7     -2.6          -0.5
 
  2016          3.7      0.0      0.2      0.9     -0.9     -0.8
                0.8      1.0     -0.9     -2.2      2.6     -1.6           0.2
 
  2017          1.8     -0.8      2.3     -1.3      0.8     -0.5
                1.4     -0.1     -0.8      0.4     -1.2      0.1           0.2
 
  2018          1.5     -1.8      0.4      0.5     -0.9      0.7
               -1.7      3.8     -1.5     -0.3     -0.8      0.0          -0.0
 
  2019          0.4      2.0      0.0     -1.4     -1.7      1.6
               -0.6      0.8     -1.8      2.1     -1.5      2.4           0.2
 
  2020         -0.7      2.1      0.3     -0.9     -0.4     -1.3
                2.9      0.1     -2.7      0.4     -0.4     -0.4          -0.1
 
  2021          3.1     -0.7     -0.1      1.1     -2.2      1.4
                0.3     -0.3      1.0     -1.4      0.4     -1.0           0.1
 
  2022          5.8      2.0      0.9      0.2      2.1      0.3
                2.3      1.2      0.3     -0.2      1.3     -0.5           1.3
 
  2023          7.7      1.3      1.0     -2.1      0.9      1.2
               -0.5      0.2      0.3     -2.1      1.1     -1.6           0.6
 
  2024          4.0     -0.8     -0.4      2.7     -0.1     -1.3
                1.3      0.9      0.4     -0.6     -0.4     -0.1           0.5
 
  2025          4.2     -0.8      1.2     -0.2      1.9     -0.2
                1.0     -0.6     -0.1      0.5     -1.8     -1.4           0.3
 
  2026          4.6     -2.9     -0.3      0.9     -1.2     -0.6
                1.3     -1.5                                               0.0
 
  AVGE          3.3     -0.1      0.4     -0.1     -0.0      0.0
                0.7      0.3     -0.7     -0.1     -0.1     -0.6

  Table Total-        35.37   Mean-       0.25   Std. Dev.-       1.69
                              Min -      -2.89        Max -       7.66
        R35 monthly CPI index            PAGE  20, SERIES series

 E 18  Final adjustment ratios
  From  2015.Jan to 2026.Aug
  Observations        140
 -----------------------------------------------------------------------------
               Jan      Feb      Mar      Apr      May      Jun 
               Jul      Aug      Sep      Oct      Nov      Dec         AVGE  
 -----------------------------------------------------------------------------
  2015        100.5     99.8    100.5    100.1    100.2     99.9
              100.5    100.5     99.7    100.0     99.5     98.7         100.0
 
  2016        100.5     99.9    100.5    100.1    100.1    100.0
              100.5    100.6     99.6    100.0     99.4     98.7         100.0
 
  2017        100.4    100.0    100.6    100.2     99.9    100.0
              100.5    100.8     99.5    100.0     99.3     98.7         100.0
 
  2018        100.3    100.2    100.8    100.3     99.7    100.1
              100.5    100.9     99.5     99.8     99.0     98.7         100.0
 
  2019        100.3    100.5    100.9    100.3     99.6    100.1
              100.6    100.9     99.5     99.5     98.8     98.6         100.0
 
  2020        100.3    100.8    101.0    100.2     99.6    100.3
              100.6    100.8     99.6     99.3     98.7     98.4         100.0
 
  2021        100.4    101.0    101.0    100.1     99.8    100.2
              100.6    100.7     99.8     99.1     98.8     98.1         100.0
 
  2022        100.6    100.9    101.0    100.0    100.1    100.2
              100.6    100.6    100.1     99.0     98.8     98.0         100.0
 
  2023        100.8    100.7    100.9    100.0    100.4    100.1
              100.7    100.5    100.2     99.0     98.9     97.9         100.0
 
  2024        100.9    100.4    100.7    100.0    100.5    100.1
              100.7    100.4    100.3     99.1     98.9     97.8         100.0
 
  2025        101.0    100.2    100.6    100.1    100.6    100.0
              100.8    100.4    100.3     99.2     98.9     97.8         100.0
 
  2026        101.1    100.1    100.5    100.2    100.6    100.0
              100.8    100.4                                             100.5
 
  AVGE        100.6    100.4    100.7    100.1    100.1    100.1
              100.6    100.6     99.8     99.5     99.0     98.3

  Table Total-     14002.56   Mean-     100.02   Std. Dev.-       0.75
                              Min -      97.84        Max -     101.06

 E 18.A  Final adjustment ratio forecasts
  From  2026.Sep to 2027.Aug
  Observations         12
 -----------------------------------------------------------------------------
               Jan      Feb      Mar      Apr      May      Jun 
               Jul      Aug      Sep      Oct      Nov      Dec         AVGE  
 -----------------------------------------------------------------------------
  2026                                                          
                                100.3     99.3     98.9     97.8          99.1
 
  2027        101.1    100.0    100.4    100.3    100.6    100.0
              100.9    100.4                                             100.5
 

  QS statistic for seasonality:
  log(Original Series)                               22.88  (P-Value =     0.0000)
  log(Original Series (EV adj))                      12.08  (P-Value =     0.0024)
  Residuals                                           0.05  (P-Value =     0.9764)
  log(Seasonally Adjusted Series)                     0.00  (P-Value =     1.0000)
  log(SA Series (EV adj))                             0.00  (P-Value =     1.0000)
  Irregular Series                                    0.00  (P-Value =     1.0000)
  Irregular Series (EV adj)                           0.00  (P-Value =     1.0000)

  QS statistic for seasonality (starting 2018.Sep):
  log(Original Series)                               27.90  (P-Value =     0.0000)
  log(Original Series (EV adj))                      14.29  (P-Value =     0.0008)
  Residuals                                           0.06  (P-Value =     0.9688)
  log(Seasonally Adjusted Series)                     0.00  (P-Value =     1.0000)
  log(SA Series (EV adj))                             0.00  (P-Value =     1.0000)
  Irregular Series                                    0.00  (P-Value =     1.0000)
  Irregular Series (EV adj)                           0.00  (P-Value =     1.0000)
        R35 monthly CPI index            PAGE  21, SERIES series
 G 0  10*LOG(SPECTRUM) of the differenced, transformed Prior Adjusted Series
      (Table B1).  Spectrum estimated from 2018.Sep to 2026.Aug.
 ++++++++++I+++++++++++++++++++++++++++++++++++++++++++++++++++++++++++++I
     -26.88I                    S                                        I    -26.88
           I                    S                                        I
           I                    S                                        I
           I                    S                                        I
     -28.65I                    S                                      * I    -28.65
           I                    S                                      * I
           I                    S                                      * I
           I                    S                         *            *SI
     -30.42I                    S                         *            *SI    -30.42
           I                    S                         *            *SI
           I                    S      *                  *            *SI
           I                    S      *                  *            *SI
     -32.20I                    S      *            S*    *            *SI    -32.20
           I                    S      *            S*    *            *SI
           I                    S      *            S*T   *   S        *SI
           I                    S      *            S*T   *   S        *SI
     -33.97I                    S      *           *S*T   *   S        *SI    -33.97
           I                    S      *       *   *S*T   *   S   *    *SI
           I                    S      *       *   *S*T   *   S   *   **SI
           I          S         S      *  S    *   *S*T  **   S*  *   **SI
     -35.74I    *     S         S      *  S    *   *S*T  **   S*  *   **SI    -35.74
           I    *     S         S*     *  S*   **  *S*T  **   S*  *   **SI
           I    *     S         S*     *  S*   **  *S*T* ***  S*  *   **SI
           I   **     S         S*     *  S*   **  *S*T* ***  S* **   **SI
     -37.52I  ***     S         S*     *  S*   ** **S*T* *** *S* **   **SI    -37.52
           I  ***     S         S*     *  S*   ** **S*T***** *S* **   **SI
           I ****     S         S*     ** S*   ** **S*T***** *S*T**   **SI
           I ****     S         S*     ** S*   *****S*T***** *S*T***  **SI
     -39.29I*****     S         S*     ** S*   *****S*T*******S*T***  **SI    -39.29
           I******    S         S*     ***S*   *****S*T*******S*T*** ***SI
           I******    S        *S*     ***S*   *****S*T*******S*T*** ***SI
           I******    S        *S**    ***S*  ******S*T*******S*T*** ***SI
     -41.06I******    S        *S**   ****S*  ******S*T*******S*T*******SI    -41.06
           I******   *S        *S**   ****S*  ******S*T*******S*T*******SI
           I******   *S        *S**   ****S** ******S*T*******S*T*******SI
           I******   *S        *S**   ****S** ******S*T*******S*T*******SI
     -42.84I******   *S        *S**   ****S*********S*T*******S*T*******SI    -42.84
           I******   *S        *S**   ****S*********S*T*******S*T*******SI
           I******   *S        *S**   ****S*********S*T*******S*T*******SI
           I******   *S        *S**   ****S*********S*T*******S*T*******SI
     -44.61I******   *S        *S***  ****S*********S*T*******S*T*******SI    -44.61
           I******   *S        *S***  ****S*********S*T*******S*T*******SI
           I*******  *S*       *S***  ****S*********S*T*******S*T*******SI
           I*******  *S*       *S*** *****S*********S*T*******S*T*******SI
     -46.38I*******  *S*  *    *S*********S*********S*T*******S*T*******SI    -46.38
           I******* **S*  *   **S*********S*********S*T*******S*T*******SI
           I******* **S* **   **S*********S*********S*T*******S*T*******SI
           I**********S* **   **S*********S*********S*T*******S*T*******SI
     -48.16I**********S*****  **S*********S*********S*T*******S*T*******SI    -48.16
           I**********S*****  **S*********S*********S*T*******S*T*******SI
           I**********S*****  **S*********S*********S*T*******S*T*******SI
           I**********S*****  **S*********S*********S*T*******S*T*******SI
     -49.93I**********S*********S*********S*********S*T*******S*T*******SI    -49.93
 ++++++++++I+++++++++++++++++++++++++++++++++++++++++++++++++++++++++++++I
            S=SEASONAL FREQUENCIES, T=TRADING DAY FREQUENCIES
        R35 monthly CPI index            PAGE  22, SERIES series
 G 1  10*LOG(SPECTRUM) of the differenced, transformed seasonally adjusted 
      data (Table D11).  Spectrum estimated from 2018.Sep to 2026.Aug.
 ++++++++++I+++++++++++++++++++++++++++++++++++++++++++++++++++++++++++++I
     -29.15I                                              *              I    -29.15
           I                                              *              I
           I                                              *              I
           I                                              *              I
     -30.61I                                              *              I    -30.61
           I                                              *              I
           I                                              *              I
           I                                              *              I
     -32.07I                                              *              I    -32.07
           I                                              *              I
           I                                              *              I
           I                                              *              I
     -33.53I                                              *              I    -33.53
           I                                              *              I
           I                           *                  *           *  I
           I                           *                  *           *  I
     -34.98I    *                      *                  *           *  I    -34.98
           I   **                      *                 **           *  I
           I   **                      *                 **           *  I
           I*****                      *                 **           *  I
     -36.44I*****                      *             *T  ***          ** I    -36.44
           I*****                      *       *    S*T  ***   *T*    ** I
           I*****                      *       *    S*T  ***   *T*    ** I
           I*****                      *       *   *S*T  ***   *T**   ** I
     -37.90I*****                      *       *   *S*T  ***  S*T**  *** I    -37.90
           I*****                      **      *   *S*T* ***  S*T**  ***SI
           I*****                      **      **  *S*T*****  S*T**  ***SI
           I*****                      **      ** **S*T*****  S*T**  ***SI
     -39.36I*****                     ***      ** **S*T*****  S*T**  ***SI    -39.36
           I*****                     *** S   ******S*T****** S*T*** ***SI
           I*****                  *  *** S   ******S*T*******S*T*******SI
           I******                 *  ****S*  ******S*T*******S*T*******SI
     -40.81I******                 *  ****S*  ******S*T*******S*T*******SI    -40.81
           I******                 *  ****S*  ******S*T*******S*T*******SI
           I******                 *  ****S*  ******S*T*******S*T*******SI
           I******    S            ** ****S*********S*T*******S*T*******SI
     -42.27I******   *S        *   *******S*********S*T*******S*T*******SI    -42.27
           I******   *S        *  ********S*********S*T*******S*T*******SI
           I******   *S       **  ********S*********S*T*******S*T*******SI
           I******   *S       **  ********S*********S*T*******S*T*******SI
     -43.73I******   *S       **  ********S*********S*T*******S*T*******SI    -43.73
           I******   *S       **  ********S*********S*T*******S*T*******SI
           I*******  *S  **   **  ********S*********S*T*******S*T*******SI
           I*******  *S  **   **  ********S*********S*T*******S*T*******SI
     -45.19I******* **S* **   **S*********S*********S*T*******S*T*******SI    -45.19
           I******* **S* **   **S*********S*********S*T*******S*T*******SI
           I******* **S****   **S*********S*********S*T*******S*T*******SI
           I**********S****   **S*********S*********S*T*******S*T*******SI
     -46.64I**********S****   **S*********S*********S*T*******S*T*******SI    -46.64
           I**********S***** ***S*********S*********S*T*******S*T*******SI
           I**********S***** ***S*********S*********S*T*******S*T*******SI
           I**********S***** ***S*********S*********S*T*******S*T*******SI
     -48.10I**********S*********S*********S*********S*T*******S*T*******SI    -48.10
 ++++++++++I+++++++++++++++++++++++++++++++++++++++++++++++++++++++++++++I
            S=SEASONAL FREQUENCIES, T=TRADING DAY FREQUENCIES
        R35 monthly CPI index            PAGE  23, SERIES series
 G 2  10*LOG(SPECTRUM) of the Irregular (Table D13).  
      Spectrum estimated from 2018.Sep to 2026.Aug.
 ++++++++++I+++++++++++++++++++++++++++++++++++++++++++++++++++++++++++++I
     -33.95I                                              *              I    -33.95
           I                                              *              I
           I                           *                  *              I
           I                           *                  *              I
     -35.49I                           *                  *              I    -35.49
           I                           *                  *              I
           I                           *                  *              I
           I                           *                  *              I
     -37.03I                           *       *          *              I    -37.03
           I                           *       *          *              I
           I                           *       *          *              I
           I                           *       *          *              I
     -38.58I                           *       *          *              I    -38.58
           I                           *       *          *              I
           I                           *       *          *              I
           I                           *       *      T   *              I
     -40.12I                           *       *      T   *              I    -40.12
           I                           *       *      T   *              I
           I                           *       *  *   T*  *           *  I
           I                           **      *  *   T*  *       *   *  I
     -41.66I                           **      *  *   T*  *       *   *  I    -41.66
           I                           **      ** *   T*  *       *   *  I
           I                           **      ** *   T* **      **   *  I
           I                          ***      ** *   T* ***     **   *  I
     -43.21I       *                  ***      *****  T* ***     **   *  I    -43.21
           I       *                  ****     *****  T* ***     **   *  I
           I       *                  ****     *****  T* ***     **   ** I
           I       *                  ****     ***** *T* ***     **   ** I
     -44.75I      ***                 ****     ***** *T*****   *T**   ** I    -44.75
           I      ***                 ****    ******S*T*****   *T**  *** I
           I      ***    *            ****    ******S*T*****  S*T**  *** I
           I      ***    *            ****S   ******S*T*****  S*T*** ***SI
     -46.30I      ***    *            ****S   ******S*T*****  S*T*** ***SI    -46.30
           I      ****   **           ****S   ******S*T****** S*T*** ***SI
           I      ****   **   **   * *****S   ******S*T*******S*T*******SI
           I      ****   **   **   *******S   ******S*T*******S*T*******SI
     -47.84I      ****   **   **   *******S   ******S*T*******S*T*******SI    -47.84
           I      ****   **   **   *******S   ******S*T*******S*T*******SI
           I      ****   **   **   *******S   ******S*T*******S*T*******SI
           I      ****   **   **   *******S   ******S*T*******S*T*******SI
     -49.38I     *****S  **   **   *******S*  ******S*T*******S*T*******SI    -49.38
           I     *****S  **   **  ********S* *******S*T*******S*T*******SI
           I     *****S  **   **  ********S* *******S*T*******S*T*******SI
           I**   *****S ***   **  ********S*********S*T*******S*T*******SI
     -50.93I***  *****S ***   **  ********S*********S*T*******S*T*******SI    -50.93
           I***  *****S****   **S ********S*********S*T*******S*T*******SI
           I*** ******S****   **S ********S*********S*T*******S*T*******SI
           I**********S****   **S*********S*********S*T*******S*T*******SI
     -52.47I**********S***** ***S*********S*********S*T*******S*T*******SI    -52.47
           I**********S***** ***S*********S*********S*T*******S*T*******SI
           I**********S***** ***S*********S*********S*T*******S*T*******SI
           I**********S***** ***S*********S*********S*T*******S*T*******SI
     -54.02I**********S*********S*********S*********S*T*******S*T*******SI    -54.02
 ++++++++++I+++++++++++++++++++++++++++++++++++++++++++++++++++++++++++++I
            S=SEASONAL FREQUENCIES, T=TRADING DAY FREQUENCIES
        R35 monthly CPI index            PAGE  24, SERIES series

  Peak probabilities for Tukey spectrum estimator
  Spectrum estimated from 2018.Sep to 2026.Aug.

                                          S1       S2       S3       S4       S5       S6       TD
                                        ------   ------   ------   ------   ------   ------   ------
  Model Residuals                        0.085    0.474    0.319    0.396    0.154    0.503    0.797  
  Prior Adjusted Series (Table B1)       0.718    0.997**  0.956*   0.628    0.839    0.911*   0.631  
  Seasonally adjusted series (D11)       0.252    0.374    0.539    0.405    0.267    0.468    0.615  
  Irregular (D13)                        0.042    0.751    0.417    0.150    0.400    0.394    0.941* 
  ----------
     ** - Peak Probability > 0.99,
      * - 0.90 < Peak Probability < 0.99



  NP statistic for residual seasonality:

  NP statistic for residual seasonality (Full series)
                                                  Residual Seasonality?
  log(Seasonally Adjusted Series)                          no
  log(Seasonally Adjusted Series (EV adj))                 no

  NP statistic for residual seasonality (Series start in 2018.Sep)
                                                  Residual Seasonality?
  log(Seasonally Adjusted Series)                          no
  log(Seasonally Adjusted Series (EV adj))                 no
