  Reading input spec file from series.spc

1

               U. S. Department of Commerce, U. S. Census Bureau

              X-13ARIMA-SEATS monthly seasonal adjustment Method,
                          Release Version 1.1 Build 62


           This software application provides an enhanced version of
             Statistics Canada's X-11-ARIMA extension (Dagum, 1980)
                 of the X-11 variant of the Census Method II of
                      Shiskin, Young and Musgrave (1967).

            It also provides an ARIMA model-based method following
       Hillmer and Tiao (1982) and Burman (1980) that is very similar
       to the update of the method of SEATS (Gomez and Maravall, 1996)
                produced at the Bank of Spain by G. Caporello and
               A. Maravall for TSW (Caporello and Maravall, 2004).
          The present application includes additional enhancements.

         X-13ARIMA-SEATS includes an automatic ARIMA model selection procedure
          based largely on the procedure of Gomez and Maravall (1998)
            as implemented in TRAMO (1996) and subsequent revisions.

              Primary Programmers: Brian Monsell, Mark Otto and,
                 for the ARIMA model-based signal extraction,
                      Gianluca Caporello and Victor Gomez


     Series Title- R35 monthly CPI index
     Series Name- series
     Sep 22, 2026  22.39.00 

        -Period covered-  1st month,2015 to  8th month,2026
        -Type of run - multiplicative seasonal adjustment

        -Sigma limits for graduating extreme values are  1.5 and  2.5 .
        -3x3 moving average used in section 1 of each iteration, 
         3x5 moving average in section 2 of iterations B and C,
         moving average for final seasonal factors chosen by Global MSR.
        -Spectral plots generated for selected series
        -Spectral plots generated for series starting in 2018.Sep

 FILE SAVE REQUESTS (* indicates file exists and will be overwritten)
  series.d10  final seasonal factors
  series.d11  final seasonally adjusted data
  series.d12  final trend cycle
  series.d13  final irregular component
  series.out  program output file
  series.err  program error file
  series.udg  seasonal adjustment and model diagnostics file
        R35 monthly CPI index            PAGE   1, SERIES series

     Contents of spc file series.spc

 Line #
 ------
      1: series { title="R35 monthly CPI index" start=2015.1 period=12 data=(
      2: 100.8 100.8 100.8 101.3 101.5 101.5
      3: 99.5 98.700000000000003 99.799999999999997 99.200000000000003 98.400000000000006 97.700000000000003
      4: 98.900000000000006 99.099999999999994 99.099999999999994 99.299999999999997 98.799999999999997 98.299999999999997
      5: 98.799999999999997 98 98 98 100 101
      6: 102.5 104.2 103.7 103.2 103.59999999999999 103.90000000000001
      7: 104.8 103.90000000000001 104.09999999999999 105.90000000000001 106.3 106.90000000000001
      8: 107.5 106.7 106.09999999999999 105.3 106.5 107
      9: 105 104.5 105.7 106.2 104.8 106.3
     10: 107.40000000000001 108.09999999999999 108.09999999999999 107.40000000000001 110 110.2
     11: 109.59999999999999 109.2 108.8 109.5 111.09999999999999 111.7
     12: 114.7 114.5 115.5 116.40000000000001 117.2 116.7
     13: 114.5 113.8 112.59999999999999 113.3 113.3 111.7
     14: 115.2 115.2 115.2 116.09999999999999 115.59999999999999 115.09999999999999
     15: 115.5 115.8 114.59999999999999 114.2 115.59999999999999 116.59999999999999
     16: 121.5 123.2 124.09999999999999 128.90000000000001 133.40000000000001 136.59999999999999
     17: 138.59999999999999 139.19999999999999 139.5 144.09999999999999 146.80000000000001 147.30000000000001
     18: 152.5 153.40000000000001 153.90000000000001 151.5 152.90000000000001 152.59999999999999
     19: 151.40000000000001 149.80000000000001 147.09999999999999 148.69999999999999 148 145.80000000000001
     20: 145.40000000000001 145 143.90000000000001 146.19999999999999 146.09999999999999 145.30000000000001
     21: 145.69999999999999 146.40000000000001 147.59999999999999 148.09999999999999 148.80000000000001 147.69999999999999
     22: 152.19999999999999 151.19999999999999 152.40000000000001 152 153.80000000000001 154.19999999999999
     23: 152.90000000000001 153 151.09999999999999 153 151.59999999999999 149.90000000000001
     24: 153.69999999999999 151.59999999999999 150.5 149.69999999999999 150.80000000000001 148.90000000000001
     25: 148 146.40000000000001
     26: ) }
     27: transform { function=log }
     28: automdl { }
     29: outlier { types=(ao ls tc) }
     30: x11 { mode=mult save=(d10 d11 d12 d13) appendfcst=no appendbcst=no savelog=all }
     31: spectrum { logqs=yes robustsa=no print=all savelog=all }
     32: check { }
        R35 monthly CPI index            PAGE   2, SERIES series

 A 1  Time series data (for the span analyzed)
  From  2015.Jan to 2026.Aug
  Observations        140
 -----------------------------------------------------------------------------
               Jan      Feb      Mar      Apr      May      Jun 
               Jul      Aug      Sep      Oct      Nov      Dec        TOTAL  
 -----------------------------------------------------------------------------
  2015         101.     101.     101.     101.     102.     102.
               100.      99.     100.      99.      98.      98.         1200.
 
  2016          99.      99.      99.      99.      99.      98.
                99.      98.      98.      98.     100.     101.         1187.
 
  2017         103.     104.     104.     103.     104.     104.
               105.     104.     104.     106.     106.     107.         1253.
 
  2018         108.     107.     106.     105.     107.     107.
               105.     105.     106.     106.     105.     106.         1272.
 
  2019         107.     108.     108.     107.     110.     110.
               110.     109.     109.     110.     111.     112.         1311.
 
  2020         115.     115.     116.     116.     117.     117.
               115.     114.     113.     113.     113.     112.         1374.
 
  2021         115.     115.     115.     116.     116.     115.
               116.     116.     115.     114.     116.     117.         1385.
 
  2022         122.     123.     124.     129.     133.     137.
               139.     139.     140.     144.     147.     147.         1623.
 
  2023         153.     153.     154.     152.     153.     153.
               151.     150.     147.     149.     148.     146.         1808.
 
  2024         145.     145.     144.     146.     146.     145.
               146.     146.     148.     148.     149.     148.         1756.
 
  2025         152.     151.     152.     152.     154.     154.
               153.     153.     151.     153.     152.     150.         1827.
 
  2026         154.     152.     151.     150.     151.     149.
               148.     146.                                             1200.
 
  AVGE         123.     123.     123.     123.     124.     124.
               124.     123.     121.     122.     122.     122.

  Table Total-     17195.80   Mean-     122.83   Std. Dev.-      20.62
                              Min -      97.70        Max -     154.20
        R35 monthly CPI index            PAGE   3, SERIES series
                        Automatic ARIMA Model Selection

                    Procedure based closely on TRAMO method 
                         of Gomez and Maravall (2000)
              "Automatic Modeling Methods for Univariate Series",
                            A Course in Time Series
                  (Edited by D. Pena, G. C. Tiao, R. S. Tsay),
                         New York : J. Wiley and Sons


     Maximum order for regular ARMA parameters :   2
     Maximum order for seasonal ARMA parameters :   1
     Maximum order for regular differencing :   2
     Maximum order for seasonal differencing :   1

   Results of Unit Root Test for identifying orders of differencing:
     Regular difference order :   1
     Seasonal difference order :   0

     Mean is not significant.

  Automatic model choice : (1 1 1)(1 0 1)


  Final Checks for Identified Model


  Checking for Unit Roots.
   Seasonal unit root found.
   ( 3, 1, 1) ( 0, 1, 1)

  Checking for nonseasonal overdifferencing.
   Nonseasonal MA not within  0.001 of 1.0 - model passes test.

  Checking for insignificant ARMA coefficients.

  Final automatic model choice : (3 1 1)(0 1 1)
   End of automatic model selection procedure.

 Average absolute percentage error in within-sample forecasts:
  Last year:   4.89      Last-1 year:   0.72     Last-2 year:   4.62
  Last three years:    3.41

 Estimation converged in   41 ARMA iterations,  249 function evaluations.

 ARIMA Model:  (3 1 1)(0 1 1)
   Nonseasonal differences: 1
   Seasonal differences:    1
                                              Standard
 Parameter                    Estimate          Errors
 -----------------------------------------------------
 Nonseasonal AR                                    
   Lag  1                       0.5753         0.22303
   Lag  2                       0.0915         0.09921
   Lag  3                       0.1463         0.10925

 Nonseasonal MA                                    
   Lag  1                       0.4618         0.21698

 Seasonal MA                                       
   Lag 12                       0.9342         0.05633

 Variance                       0.95725E-04
 SE of Var                      0.12013E-04
 -----------------------------------------------------

 Likelihood Statistics
 ------------------------------------------------------------------
 Number of observations (nobs)                                  140
 Effective number of observations (nefobs)                      127
 Number of parameters estimated (np)                              6
 Log likelihood                                            396.4295
 Transformation Adjustment                                -611.7270
 Adjusted Log likelihood (L)                              -215.2975
 AIC                                                       442.5949 
 AICC (F-corrected-AIC)                                    443.2949 
 Hannan Quinn                                              449.5283 
 BIC                                                       459.6600 
 ------------------------------------------------------------------


 DIAGNOSTIC CHECKING
  Sample Autocorrelations of the Residuals with the Ljung-Box diagnostic.

  Lag      1     2     3     4     5     6     7     8     9    10    11    12
  ACF   0.00  0.01  0.01  0.04  0.22 -0.09 -0.07 -0.12  0.14  0.07  0.03 -0.11
  SE    0.09  0.09  0.09  0.09  0.09  0.09  0.09  0.09  0.10  0.10  0.10  0.10
  Q     0.00  0.01  0.02  0.23  6.98  8.16  8.77 10.75 13.63 14.32 14.47 16.19
  DF       0     0     0     0     0     1     2     3     4     5     6     7
  P    0.000 0.000 0.000 0.000 0.000 0.004 0.012 0.013 0.009 0.014 0.025 0.023

  Lag     13    14    15    16    17    18    19    20    21    22    23    24
  ACF  -0.14 -0.12  0.06 -0.15 -0.16  0.03 -0.14 -0.02 -0.14  0.06 -0.08 -0.07
  SE    0.10  0.10  0.10  0.10  0.10  0.11  0.11  0.11  0.11  0.11  0.11  0.11
  Q    19.19 21.14 21.63 25.00 28.65 28.79 31.87 31.95 34.99 35.63 36.70 37.50
  DF       8     9    10    11    12    13    14    15    16    17    18    19
  P    0.014 0.012 0.017 0.009 0.004 0.007 0.004 0.007 0.004 0.005 0.006 0.007

  The P-values approximate the probability of observing a Q-value at least
  this large when the model fitted is correct.  When DF is positive, small
  values of P, customarily those below 0.05, indicate model inadequacy.

  Sample Autocorrelations of the Residuals
                 -1.0 -0.8 -0.6 -0.4 -0.2  0.0  0.2  0.4  0.6  0.8  1.0
                   +----+----+----+----+----+----+----+----+----+----+
            1                           .   |   .                      0.000
            2                           .   |   .                      0.009
            3                           .   |   .                      0.007
            4                           .   |X  .                      0.040
            5                           .   |XXXXXX                    0.224
            6                          .  XX|    .                    -0.093
            7                          .  XX|    .                    -0.067
            8                          . XXX|    .                    -0.120
            9                          .    |XXXX.                     0.144
           10                          .    |XX  .                     0.070
           11                          .    |X   .                     0.033
           12       - - - - - - - - -  . XXX|    .  - - - - - - - -   -0.110
           13                          .XXXX|    .                    -0.144
           14                          . XXX|    .                    -0.116
           15                          .    |X   .                     0.058
           16                          .XXXX|    .                    -0.151
           17                          .XXXX|    .                    -0.157
           18                          .    |X   .                     0.030
           19                          .XXXX|    .                    -0.143
           20                          .   X|    .                    -0.023
           21                          .XXXX|    .                    -0.140
           22                          .    |XX  .                     0.064
           23                          .  XX|    .                    -0.083
           24       - - - - - - - - -  .  XX|    .  - - - - - - - -   -0.071
  
  Sample Autocorrelations of the Squared Residuals with the Ljung-Box diagnostic.

  Lag      1     2     3     4     5     6     7     8     9    10    11    12
  ACF  -0.04 -0.15  0.10  0.06  0.04  0.15 -0.10 -0.01  0.01 -0.09  0.01  0.32
  SE    0.09  0.09  0.09  0.09  0.09  0.09  0.09  0.10  0.10  0.10  0.10  0.10
  Q     0.25  3.21  4.55  5.03  5.28  8.48  9.79  9.82  9.83 10.96 10.97 25.70
  DF       0     0     0     0     0     1     2     3     4     5     6     7
  P    0.000 0.000 0.000 0.000 0.000 0.004 0.007 0.020 0.043 0.052 0.089 0.001

  Lag     13    14    15    16    17    18    19    20    21    22    23    24
  ACF  -0.18 -0.10  0.11  0.01 -0.05 -0.05 -0.06  0.05  0.10 -0.00 -0.05  0.17
  SE    0.10  0.11  0.11  0.11  0.11  0.11  0.11  0.11  0.11  0.11  0.11  0.11
  Q    30.36 31.88 33.79 33.80 34.21 34.54 35.07 35.41 36.87 36.87 37.34 41.81
  DF       8     9    10    11    12    13    14    15    16    17    18    19
  P    0.000 0.000 0.000 0.000 0.001 0.001 0.001 0.002 0.002 0.004 0.005 0.002

  The P-values approximate the probability of observing a Q-value at least
  this large when the model fitted is correct in a way that supports the
  standard interpretations of the test statistics, standard errors, and
  prediction intervals output by X-13ARIMA-SEATS. When DF is positive, small
  values of P, customarily those below 0.05, suggest that model-based
  inferences about statistical significance and uncertainty will be less
  dependable than usual.

  Sample Autocorrelations of the Squared Residuals
                 -1.0 -0.8 -0.6 -0.4 -0.2  0.0  0.2  0.4  0.6  0.8  1.0
                   +----+----+----+----+----+----+----+----+----+----+
            1                           .  X|   .                     -0.044
            2                           XXXX|   .                     -0.150
            3                          .    |XXX .                     0.100
            4                          .    |XX  .                     0.060
            5                          .    |X   .                     0.043
            6                          .    |XXXX.                     0.154
            7                          .  XX|    .                    -0.098
            8                          .    |    .                    -0.014
            9                          .    |    .                     0.010
           10                          .  XX|    .                    -0.090
           11                          .    |    .                     0.009
           12       - - - - - - - - -  .    |XXXXXXXX   - - - - - -    0.322
           13                          XXXXX|    .                    -0.180
           14                          . XXX|    .                    -0.102
           15                          .    |XXX .                     0.114
           16                          .    |    .                     0.007
           17                          .   X|    .                    -0.052
           18                          .   X|    .                    -0.047
           19                          .   X|    .                    -0.060
           20                          .    |X   .                     0.047
           21                          .    |XX  .                     0.097
           22                          .    |    .                    -0.002
           23                          .   X|    .                    -0.054
           24       - - - - - - - - -  .    |XXXX.  - - - - - - - -    0.168
  
 Histogram of the Standardized and Mean-Centered Residuals
  Standard
  Deviations    Frequency
       -3 +
          |#
       -2 +#
          |####
       -1 +#################
          |##############################
        0 +########################
          |#####################
        1 +#################
          |########
        2 +###
          |#
        3 +

  One '#'= 1 observation[s]

 Tabular Histogram of the Standardized and Mean-Centered Residuals

  Standard
  Deviations    Frequency

 -3.00                 0

 -2.50                 1

 -2.00                 1

 -1.50                 4

 -1.00                17

 -0.50                30

  0.00                24

  0.50                21

  1.00                17

  1.50                 8

  2.00                 3

  2.50                 1

  3.00                 0

 Summary Statistics for the Unstandardized Residuals
  Minimum                    -0.026
  Maximum                     0.028
  Median                     -0.000
  Robust Std Dev              0.011

 Normality Statistics for regARIMA Model Residuals:

    Number of residuals  :    127

    Skewness coefficient :    0.1957    
    Geary's a            :    0.8121    
    Kurtosis             :    2.9083    

  No indication of lack of normality.

 Durbin-Watson Statistic for regARIMA Model Residuals:
  dw =     1.994185

 Friedman Non-Parametric Test for regARIMA Model Residuals:
  ken =     5.169231 ( Asymptotically distributed as Chi-Square(11), P-Value =     0.922694 )

 QS Statistic for regARIMA Model Residuals (full series):             0.00
                                                       (P-Value =     1.0000)

 QS Statistic for regARIMA Model Residuals (starting 2018.Sep):       0.00
                                                       (P-Value =     1.0000)
      10*LOG(SPECTRUM) of the regARIMA model residuals
      Spectrum estimated from 2018.Sep to 2026.Aug.
 ++++++++++I+++++++++++++++++++++++++++++++++++++++++++++++++++++++++++++I
     -32.74I    *                                                        I    -32.74
           I    *                                                        I
           I    *                                                        I
           I    *                  *                              *      I
     -34.00I    *                  *                              *      I    -34.00
           I    *                  *                              *      I
           I    *                  *                              *      I
           I    *                  *                              *      I
     -35.25I    *                  *  *                           *      I    -35.25
           I    *                  *  *                           *      I
           I    *                  *  *                           *      I
           I    *                  *  *                           *      I
     -36.51I    *                  *  *                           *      I    -36.51
           I    *                  *  *                           *      I
           I    *                  *  *                    *      *      I
           I    *                  *  **                   *      *      I
     -37.76I   **                  *  **                   *      *      I    -37.76
           I   **    *             *  **                   **     *      I
           I   **    *             ** **            S      **    **      I
           I   **    *             *****            S      **    **      I
     -39.02I   **    *             *****            S*     **    **      I    -39.02
           I   **    *             *****            S*     **    **      I
           I   **    *             *****            S*    ****   ***     I
           I   **    *             *****            S*    ****   ***     I
     -40.27I   **    *             *****           *S*    ****   ***     I    -40.27
           I   **    *    *       ******           *S*    ****   ***     I
           I   **    *    *       ******           *S*T   ****S T***     I
           I   **    *   **       ******           *S*T   ****S*T***     I
     -41.53I   **    *   **       ******           *S*T   ****S*T***     I    -41.53
           I  ***    *   **       ******           *S*T   ****S*T***     I
           I* ****  **S  **       ******           *S*T  *****S*T***     I
           I******  **S  **       *******          *S*T* *****S*T***     I
     -42.78I******  **S  ***      *******    *     *S*T* *****S*T***     I    -42.78
           I******  **S  ***      *******    *     *S*T* *****S*T***     I
           I******  **S  ***      *******    *     *S*T*******S*T***     I
           I******  **S ****      *******   **     *S*T*******S*T***     I
     -44.04I******  **S ****      *******   **    **S*T*******S*T****    I    -44.04
           I******  **S******     *******   **    **S*T*******S*T****    I
           I******  **S******     *******   ***   **S*T*******S*T****    I
           I******  **S******     ********  ***   **S*T*******S*T****    I
     -45.29I**********S******     ******** ****   **S*T*******S*T****    I    -45.29
           I**********S******     ******** ****   **S*T*******S*T****    I
           I**********S*******    ********S****   **S*T*******S*T****    I
           I**********S*******   *********S****   **S*T*******S*T*****   I
     -46.55I**********S*******   *********S****  ***S*T*******S*T*****   I    -46.55
           I**********S*******   *********S***** ***S*T*******S*T******  I
           I**********S*******   *********S***** ***S*T*******S*T*******SI
           I**********S*******   *********S*********S*T*******S*T*******SI
     -47.80I**********S*******   *********S*********S*T*******S*T*******SI    -47.80
           I**********S********  *********S*********S*T*******S*T*******SI
           I**********S********  *********S*********S*T*******S*T*******SI
           I**********S******** S*********S*********S*T*******S*T*******SI
     -49.06I**********S*********S*********S*********S*T*******S*T*******SI    -49.06
 ++++++++++I+++++++++++++++++++++++++++++++++++++++++++++++++++++++++++++I
            S=SEASONAL FREQUENCIES, T=TRADING DAY FREQUENCIES


 FORECASTING
  Origin  2026.Aug
  Number        12

  Forecasts and Standard Errors of the Transformed Data
   ------------------------------
                         Standard
       Date   Forecast      Error
   ------------------------------
   2026.Sep       4.98      0.010
   2026.Oct       4.98      0.015
   2026.Nov       4.98      0.019
   2026.Dec       4.98      0.024
   2027.Jan       5.00      0.029
   2027.Feb       4.99      0.034
   2027.Mar       4.99      0.039
   2027.Apr       4.99      0.044
   2027.May       5.00      0.049
   2027.Jun       5.00      0.054
   2027.Jul       4.99      0.059
   2027.Aug       4.99      0.063
   ------------------------------

  Confidence intervals with coverage probability ( 0.95000
  On the Original Scale
   ---------------------------------------
       Date      Lower  Forecast     Upper
   ---------------------------------------
   2026.Sep     142.58    145.34    148.16
   2026.Oct     141.79    145.92    150.17
   2026.Nov     140.47    145.85    151.45
   2026.Dec     138.46    145.21    152.28
   2027.Jan     139.60    147.88    156.64
   2027.Feb     137.99    147.62    157.92
   2027.Mar     136.36    147.32    159.16
   2027.Apr     135.18    147.48    160.89
   2027.May     134.82    148.50    163.57
   2027.Jun     133.37    148.29    164.88
   2027.Jul     131.44    147.50    165.51
   2027.Aug     129.62    146.76    166.18
   ---------------------------------------
        R35 monthly CPI index            PAGE   4, SERIES series

 B 1  Original series (prior adjusted)
  From  2015.Jan to 2026.Aug
  Observations        140
 -----------------------------------------------------------------------------
               Jan      Feb      Mar      Apr      May      Jun 
               Jul      Aug      Sep      Oct      Nov      Dec        TOTAL  
 -----------------------------------------------------------------------------
  2015         101.     101.     101.     101.     101.     101.
                99.      99.     100.      99.      98.      98.         1200.
 
  2016          99.      99.      99.      99.      99.      98.
                99.      98.      98.      98.     100.     101.         1187.
 
  2017         103.     104.     104.     103.     104.     104.
               105.     104.     104.     106.     106.     107.         1253.
 
  2018         107.     107.     106.     105.     107.     107.
               105.     104.     106.     106.     105.     106.         1272.
 
  2019         107.     108.     108.     107.     110.     110.
               110.     109.     109.     110.     111.     112.         1311.
 
  2020         115.     115.     115.     116.     117.     117.
               115.     114.     113.     113.     113.     112.         1374.
 
  2021         115.     115.     115.     116.     116.     115.
               115.     116.     115.     114.     116.     117.         1385.
 
  2022         121.     123.     124.     129.     133.     137.
               139.     139.     139.     144.     147.     147.         1623.
 
  2023         153.     153.     154.     151.     153.     153.
               151.     150.     147.     149.     148.     146.         1808.
 
  2024         145.     145.     144.     146.     146.     145.
               146.     146.     148.     148.     149.     148.         1756.
 
  2025         152.     151.     152.     152.     154.     154.
               153.     153.     151.     153.     152.     150.         1827.
 
  2026         154.     152.     150.     150.     151.     149.
               148.     146.                                             1200.
 
  AVGE         123.     123.     123.     123.     124.     124.
               124.     123.     121.     122.     122.     122.

  Table Total-     17195.80   Mean-     122.83   Std. Dev.-      20.62
                              Min -      97.70        Max -     154.20

 B 1.A  Forecasts of (prior adjusted) original series
  From  2026.Sep to 2027.Aug
  Observations         12
 -----------------------------------------------------------------------------
               Jan      Feb      Mar      Apr      May      Jun 
               Jul      Aug      Sep      Oct      Nov      Dec        TOTAL  
 -----------------------------------------------------------------------------
  2026                                                          
                                 145.     146.     146.     145.          582.
 
  2027         148.     148.     147.     147.     149.     148.
               147.     147.                                             1181.
 
        R35 monthly CPI index            PAGE   5, SERIES series

 C 17  Final weights for irregular component
  From  2015.Jan to 2026.Aug
  Observations        140
  Lower sigma limit    1.50
  Upper sigma limit    2.50
 -----------------------------------------------------------------------------
               Jan      Feb      Mar      Apr      May      Jun 
               Jul      Aug      Sep      Oct      Nov      Dec         S.D.  
 -----------------------------------------------------------------------------
  2015        100.0    100.0    100.0    100.0    100.0    100.0
               27.4    100.0      1.9    100.0    100.0    100.0           0.4
 
  2016        100.0    100.0    100.0    100.0    100.0     31.5
              100.0    100.0    100.0      0.0    100.0    100.0           0.4
 
  2017        100.0     46.8    100.0    100.0    100.0    100.0
              100.0    100.0    100.0    100.0    100.0    100.0           0.4
 
  2018        100.0    100.0    100.0    100.0    100.0    100.0
               75.4    100.0     89.6    100.0      3.6    100.0           0.4
 
  2019        100.0    100.0    100.0     89.3    100.0    100.0
              100.0    100.0    100.0    100.0    100.0    100.0           0.4
 
  2020        100.0    100.0    100.0     94.7    100.0    100.0
              100.0    100.0    100.0    100.0    100.0      0.0           0.4
 
  2021        100.0    100.0    100.0      0.0    100.0    100.0
              100.0     11.9    100.0      0.0     77.5    100.0           0.4
 
  2022        100.0    100.0      0.0    100.0    100.0    100.0
              100.0    100.0    100.0    100.0    100.0    100.0           0.4
 
  2023        100.0    100.0    100.0     24.6    100.0    100.0
              100.0    100.0    100.0    100.0    100.0    100.0           0.4
 
  2024          0.0    100.0     14.1      0.0    100.0     94.1
              100.0    100.0      0.0    100.0    100.0    100.0           0.3
 
  2025        100.0    100.0    100.0    100.0    100.0    100.0
              100.0    100.0    100.0    100.0    100.0    100.0           0.3
 
  2026        100.0    100.0    100.0    100.0    100.0    100.0
              100.0    100.0                                               0.3
 
        R35 monthly CPI index            PAGE   6, SERIES series

 D 8  Final unmodified SI ratios
  From  2015.Jan to 2026.Aug
  Observations        140
 -----------------------------------------------------------------------------
               Jan      Feb      Mar      Apr      May      Jun 
               Jul      Aug      Sep      Oct      Nov      Dec         AVGE  
 -----------------------------------------------------------------------------
  2015        101.1    100.8    100.4    100.5    100.4    100.6
               99.0     98.6    100.1     99.9     99.6     99.4         100.0
 
  2016        100.9    101.0    100.7    100.7    100.0     99.5
               99.9     99.0     98.8     98.4     99.8    100.0          99.9
 
  2017        100.7    101.7    100.8    100.0    100.1    100.0
              100.3     98.9     98.5     99.8     99.8    100.2         100.1
 
  2018        101.0    100.7    100.4     99.7    100.8    101.2
               99.2     98.5     99.4     99.7     98.3     99.7          99.9
 
  2019        100.6    101.0    100.6     99.5    101.4    101.0
              100.0     99.3     98.6     98.7     99.4     99.1          99.9
 
  2020        101.0    100.2    100.5    100.9    101.5    101.3
               99.8     99.4     98.4     99.0     98.9     97.5          99.9
 
  2021        100.6    100.7    100.8    101.8    101.4    100.8
              100.6    100.2     98.7     97.9     98.6     98.4         100.0
 
  2022        101.0    100.5     99.0    100.3    101.2    101.2
              100.7     99.4     97.9     99.5     99.7     98.6          99.9
 
  2023        100.9    100.7    100.8     99.4    100.6    100.8
              100.3     99.7     98.3     99.8     99.9     99.1         100.0
 
  2024         99.6    100.0     99.6    101.2    101.0    100.2
              100.0     99.9    100.1     99.9    100.0     98.8         100.0
 
  2025        101.3    100.2    100.5     99.8    100.7    100.7
               99.8     99.8     98.7    100.2     99.5     98.6         100.0
 
  2026        101.4    100.4    100.0     99.9    101.1    100.3
              100.2     99.5                                             100.4
 
  AVGE        100.8    100.6    100.3    100.3    100.9    100.6
              100.0     99.3     98.9     99.3     99.4     99.0

  Table Total-     13998.78   Mean-      99.99   Std. Dev.-       0.90
                              Min -      97.54        Max -     101.80
        R35 monthly CPI index            PAGE   7, SERIES series

 D 8.B  Final unmodified SI ratios, with labels for outliers and extreme values
  From  2015.Jan to 2026.Aug
  Observations        140
 ---------------------------------------------------------------------
               Jan       Feb       Mar       Apr       May       Jun  
               Jul       Aug       Sep       Oct       Nov       Dec  
 ---------------------------------------------------------------------
  2015       101.1     100.8     100.4     100.5     100.4     100.6  
              99.0*     98.6     100.1*     99.9      99.6      99.4  
 
  2016       100.9     101.0     100.7     100.7     100.0      99.5* 
              99.9      99.0      98.8      98.4*     99.8     100.0  
 
  2017       100.7     101.7*    100.8     100.0     100.1     100.0  
             100.3      98.9      98.5      99.8      99.8     100.2  
 
  2018       101.0     100.7     100.4      99.7     100.8     101.2  
              99.2*     98.5      99.4*     99.7      98.3*     99.7  
 
  2019       100.6     101.0     100.6      99.5*    101.4     101.0  
             100.0      99.3      98.6      98.7      99.4      99.1  
 
  2020       101.0     100.2     100.5     100.9*    101.5     101.3  
              99.8      99.4      98.4      99.0      98.9      97.5* 
 
  2021       100.6     100.7     100.8     101.8*    101.4     100.8  
             100.6     100.2*     98.7      97.9*     98.6*     98.4  
 
  2022       101.0     100.5      99.0*    100.3     101.2     101.2  
             100.7      99.4      97.9      99.5      99.7      98.6  
 
  2023       100.9     100.7     100.8      99.4*    100.6     100.8  
             100.3      99.7      98.3      99.8      99.9      99.1  
 
  2024        99.6*    100.0      99.6*    101.2*    101.0     100.2* 
             100.0      99.9     100.1*     99.9     100.0      98.8  
 
  2025       101.3     100.2     100.5      99.8     100.7     100.7  
              99.8      99.8      98.7     100.2      99.5      98.6  
 
  2026       101.4     100.4     100.0      99.9     101.1     100.3  
             100.2      99.5                                          
 

  Key to symbols:
    *  : extreme value as determined by X-11 extreme value procedure
 
        R35 monthly CPI index            PAGE   8, SERIES series

 D 9  Final replacement values for SI ratios
  From  2015.Jan to 2026.Aug
  Observations        140
 ---------------------------------------------------------------
               Jan      Feb      Mar      Apr      May      Jun 
               Jul      Aug      Sep      Oct      Nov      Dec 
 ---------------------------------------------------------------
  2015     ******** ******** ******** ******** ******** ********
               99.6 ********     99.1 ******** ******** ********
 
  2016     ******** ******** ******** ******** ********    100.1
           ******** ******** ********     99.5 ******** ********
 
  2017     ********    101.2 ******** ******** ******** ********
           ******** ******** ******** ******** ******** ********
 
  2018     ******** ******** ******** ******** ******** ********
               99.3 ********     99.3 ********     99.2 ********
 
  2019     ******** ******** ********     99.6 ******** ********
           ******** ******** ******** ******** ******** ********
 
  2020     ******** ******** ********    100.9 ******** ********
           ******** ******** ******** ******** ********     98.8
 
  2021     ******** ******** ********    100.6 ******** ********
           ********     99.5 ********     99.1     98.7 ********
 
  2022     ******** ********    100.5 ******** ******** ********
           ******** ******** ******** ******** ******** ********
 
  2023     ******** ******** ********    100.0 ******** ********
           ******** ******** ******** ******** ******** ********
 
  2024        101.0 ********    100.2    100.1 ********    100.2
           ******** ********     98.6 ******** ******** ********
 
  2025     ******** ******** ******** ******** ******** ********
           ******** ******** ******** ******** ******** ********
 
  2026     ******** ******** ******** ******** ******** ********
           ******** ********                                    
 

 D 9.A  Moving seasonality ratio
 ---------------------------------------------------------------
               Jan      Feb      Mar      Apr      May      Jun 
 ---------------------------------------------------------------
   I          0.272    0.413    0.340    0.399    0.359    0.489
   S          0.048    0.070    0.040    0.068    0.111    0.105
 RATIO        5.692    5.921    8.495    5.833    3.243    4.649



 ---------------------------------------------------------------
               Jul      Aug      Sep      Oct      Nov      Dec 
 ---------------------------------------------------------------
   I          0.433    0.278    0.375    0.257    0.332    0.362
   S          0.068    0.097    0.055    0.113    0.081    0.133
 RATIO        6.324    2.858    6.857    2.278    4.080    2.719



        R35 monthly CPI index            PAGE   9, SERIES series

 D 10  Final seasonal factors
  From  2015.Jan to 2026.Aug
  Observations        140
  Seasonal filter    3 x 5 moving average
 -----------------------------------------------------------------------------
               Jan      Feb      Mar      Apr      May      Jun 
               Jul      Aug      Sep      Oct      Nov      Dec         AVGE  
 -----------------------------------------------------------------------------
  2015       100.90   100.94   100.59   100.28   100.28   100.35
              99.85    98.77    98.87    99.70    99.64    99.84        100.00
 
  2016       100.88   100.93   100.57   100.20   100.38   100.44
              99.84    98.80    98.88    99.64    99.61    99.79        100.00
 
  2017       100.86   100.87   100.56   100.15   100.55   100.59
              99.84    98.88    98.85    99.52    99.53    99.70         99.99
 
  2018       100.81   100.80   100.57   100.12   100.79   100.72
              99.92    99.01    98.79    99.37    99.41    99.51         99.98
 
  2019       100.81   100.69   100.56   100.16   101.03   100.91
             100.00    99.13    98.69    99.26    99.28    99.26         99.98
 
  2020       100.82   100.64   100.58   100.20   101.17   101.00
             100.13    99.27    98.58    99.21    99.25    99.01         99.99
 
  2021       100.87   100.54   100.58   100.29   101.21   100.99
             100.22    99.41    98.45    99.27    99.32    98.84        100.00
 
  2022       100.92   100.50   100.59   100.28   101.11   100.87
             100.27    99.54    98.40    99.44    99.43    98.76        100.01
 
  2023       101.02   100.42   100.52   100.21   101.02   100.74
             100.24    99.61    98.43    99.63    99.56    98.77        100.01
 
  2024       101.08   100.40   100.45   100.08   100.91   100.63
             100.17    99.66    98.53    99.78    99.66    98.82        100.01
 
  2025       101.14   100.35   100.34   100.02   100.89   100.54
             100.08    99.68    98.63    99.84    99.71    98.88        100.01
 
  2026       101.15   100.33   100.28   100.00   100.87   100.50
             100.02    99.69                                            100.36
 
  AVGE       100.94   100.62   100.52   100.17   100.85   100.69
             100.05    99.29    98.65    99.51    99.49    99.20

  Table Total-     14002.74   Mean-     100.02   Std. Dev.-       0.75
                              Min -      98.40        Max -     101.21

 D 10.A  Final seasonal component forecasts
  From  2026.Sep to 2027.Aug
  Observations         12
 -----------------------------------------------------------------------------
               Jan      Feb      Mar      Apr      May      Jun 
               Jul      Aug      Sep      Oct      Nov      Dec         AVGE  
 -----------------------------------------------------------------------------
  2026                                                          
                                98.71    99.88    99.71    98.89         99.30
 
  2027       101.18   100.31   100.24    99.99   100.89   100.50
             100.01    99.69                                            100.35
 
        R35 monthly CPI index            PAGE  10, SERIES series

 D 11  Final seasonally adjusted data
  From  2015.Jan to 2026.Aug
  Observations        140
 -----------------------------------------------------------------------------
               Jan      Feb      Mar      Apr      May      Jun 
               Jul      Aug      Sep      Oct      Nov      Dec        TOTAL  
 -----------------------------------------------------------------------------
  2015         100.     100.     100.     101.     101.     101.
               100.     100.     101.      99.      99.      98.         1200.
 
  2016          98.      98.      99.      99.      98.      98.
                99.      99.      99.      98.     100.     101.         1187.
 
  2017         102.     103.     103.     103.     103.     103.
               105.     105.     105.     106.     107.     107.         1253.
 
  2018         107.     106.     106.     105.     106.     106.
               105.     106.     107.     107.     105.     107.         1272.
 
  2019         107.     107.     107.     107.     109.     109.
               110.     110.     110.     110.     112.     113.         1311.
 
  2020         114.     114.     115.     116.     116.     116.
               114.     115.     114.     114.     114.     113.         1374.
 
  2021         114.     115.     115.     116.     114.     114.
               115.     116.     116.     115.     116.     118.         1385.
 
  2022         120.     123.     123.     129.     132.     135.
               138.     140.     142.     145.     148.     149.         1624.
 
  2023         151.     153.     153.     151.     151.     151.
               151.     150.     149.     149.     149.     148.         1807.
 
  2024         144.     144.     143.     146.     145.     144.
               145.     147.     150.     148.     149.     149.         1756.
 
  2025         150.     151.     152.     152.     152.     153.
               153.     153.     153.     153.     152.     152.         1827.
 
  2026         152.     151.     150.     150.     149.     148.
               148.     147.                                             1195.
 
  AVGE         122.     122.     122.     123.     123.     123.
               124.     124.     122.     122.     123.     123.

  Table Total-     17192.57   Mean-     122.80   Std. Dev.-      20.60
                              Min -      97.86        Max -     153.49
        R35 monthly CPI index            PAGE  11, SERIES series

 D 12  Final trend cycle
  From  2015.Jan to 2026.Aug
  Observations        140
  Trend filter     9-term Henderson moving average
  I/C ratio        0.66
 -----------------------------------------------------------------------------
               Jan      Feb      Mar      Apr      May      Jun 
               Jul      Aug      Sep      Oct      Nov      Dec        TOTAL  
 -----------------------------------------------------------------------------
  2015         100.     100.     100.     101.     101.     101.
               101.     100.     100.      99.      99.      98.         1200.
 
  2016          98.      98.      99.      99.      99.      99.
                99.      99.      99.     100.     100.     101.         1189.
 
  2017         102.     103.     103.     103.     103.     104.
               104.     105.     106.     106.     107.     107.         1253.
 
  2018         107.     106.     106.     105.     106.     106.
               106.     106.     106.     107.     107.     107.         1273.
 
  2019         107.     107.     107.     108.     109.     109.
               110.     110.     110.     111.     112.     113.         1312.
 
  2020         113.     114.     115.     116.     116.     115.
               115.     114.     114.     114.     114.     114.         1376.
 
  2021         114.     114.     114.     114.     114.     114.
               115.     116.     116.     116.     117.     118.         1384.
 
  2022         120.     123.     125.     129.     132.     135.
               138.     140.     142.     145.     147.     149.         1625.
 
  2023         151.     152.     153.     152.     152.     151.
               151.     150.     150.     149.     148.     147.         1808.
 
  2024         146.     145.     144.     144.     144.     145.
               146.     147.     148.     148.     149.     150.         1756.
 
  2025         150.     151.     152.     152.     153.     153.
               153.     153.     153.     153.     152.     152.         1827.
 
  2026         151.     151.     150.     150.     149.     148.
               148.     147.                                             1195.
 
  AVGE         122.     122.     122.     123.     123.     123.
               124.     124.     122.     123.     123.     123.

  Table Total-     17197.35   Mean-     122.84   Std. Dev.-      20.58
                              Min -      98.06        Max -     153.34
        R35 monthly CPI index            PAGE  12, SERIES series

 D 13  Final irregular component
  From  2015.Jan to 2026.Aug
  Observations        140
 -----------------------------------------------------------------------------
               Jan      Feb      Mar      Apr      May      Jun 
               Jul      Aug      Sep      Oct      Nov      Dec         S.D.  
 -----------------------------------------------------------------------------
  2015        100.2     99.8     99.8    100.2    100.2    100.2
               99.1     99.8    101.2    100.2    100.0     99.6           0.5
 
  2016        100.0    100.0    100.0    100.5     99.7     99.1
              100.2    100.2     99.8     98.7    100.1    100.1           0.5
 
  2017         99.7    100.7    100.2    100.0     99.7     99.6
              100.6    100.0     99.6    100.1    100.0    100.3           0.3
 
  2018        100.1     99.9     99.9     99.7    100.1    100.6
               99.4     99.5    100.6    100.2     98.8    100.1           0.5
 
  2019         99.7    100.3    100.1     99.4    100.3    100.1
              100.0    100.2    100.0     99.5    100.2    100.0           0.3
 
  2020        100.3     99.6     99.8    100.5    100.1    100.1
               99.5    100.2    100.0    100.0    100.0     98.7           0.4
 
  2021         99.9    100.1    100.1    101.3    100.0     99.6
              100.2    100.8    100.4     98.9     99.5     99.8           0.6
 
  2022        100.2    100.0     98.4     99.9    100.0    100.2
              100.3     99.8     99.6    100.1    100.3     99.8           0.5
 
  2023         99.8    100.3    100.3     99.2     99.7    100.1
              100.1    100.0     99.8    100.0    100.2    100.2           0.3
 
  2024         98.6     99.7     99.3    101.3    100.2     99.6
               99.9    100.2    101.5    100.0    100.1     99.8           0.8
 
  2025        100.1     99.8    100.2     99.9     99.9    100.3
               99.7    100.1    100.0    100.3     99.8     99.8           0.2
 
  2026        100.3    100.1     99.8    100.0    100.3     99.8
              100.1     99.8                                               0.2
 
  S.D.          0.5      0.3      0.5      0.6      0.2      0.4
                0.4      0.3      0.6      0.6      0.4      0.4

  Table Total-     13995.82   Mean-      99.97   Std. Dev.-       0.46
                              Min -      98.37        Max -     101.51
        R35 monthly CPI index            PAGE  13, SERIES series

 D 16  Combined adjustment factors
  From  2015.Jan to 2026.Aug
  Observations        140
 -----------------------------------------------------------------------------
               Jan      Feb      Mar      Apr      May      Jun 
               Jul      Aug      Sep      Oct      Nov      Dec         AVGE  
 -----------------------------------------------------------------------------
  2015       100.90   100.94   100.59   100.28   100.28   100.35
              99.85    98.77    98.87    99.70    99.64    99.84        100.00
 
  2016       100.88   100.93   100.57   100.20   100.38   100.44
              99.84    98.80    98.88    99.64    99.61    99.79        100.00
 
  2017       100.86   100.87   100.56   100.15   100.55   100.59
              99.84    98.88    98.85    99.52    99.53    99.70         99.99
 
  2018       100.81   100.80   100.57   100.12   100.79   100.72
              99.92    99.01    98.79    99.37    99.41    99.51         99.98
 
  2019       100.81   100.69   100.56   100.16   101.03   100.91
             100.00    99.13    98.69    99.26    99.28    99.26         99.98
 
  2020       100.82   100.64   100.58   100.20   101.17   101.00
             100.13    99.27    98.58    99.21    99.25    99.01         99.99
 
  2021       100.87   100.54   100.58   100.29   101.21   100.99
             100.22    99.41    98.45    99.27    99.32    98.84        100.00
 
  2022       100.92   100.50   100.59   100.28   101.11   100.87
             100.27    99.54    98.40    99.44    99.43    98.76        100.01
 
  2023       101.02   100.42   100.52   100.21   101.02   100.74
             100.24    99.61    98.43    99.63    99.56    98.77        100.01
 
  2024       101.08   100.40   100.45   100.08   100.91   100.63
             100.17    99.66    98.53    99.78    99.66    98.82        100.01
 
  2025       101.14   100.35   100.34   100.02   100.89   100.54
             100.08    99.68    98.63    99.84    99.71    98.88        100.01
 
  2026       101.15   100.33   100.28   100.00   100.87   100.50
             100.02    99.69                                            100.36
 
  AVGE       100.94   100.62   100.52   100.17   100.85   100.69
             100.05    99.29    98.65    99.51    99.49    99.20

  Table Total-     14002.74   Mean-     100.02   Std. Dev.-       0.75
                              Min -      98.40        Max -     101.21

 D 16.A  Combined adjustment component forecasts
  From  2026.Sep to 2027.Aug
  Observations         12
 -----------------------------------------------------------------------------
               Jan      Feb      Mar      Apr      May      Jun 
               Jul      Aug      Sep      Oct      Nov      Dec         AVGE  
 -----------------------------------------------------------------------------
  2026                                                          
                                98.71    99.88    99.71    98.89         99.30
 
  2027       101.18   100.31   100.24    99.99   100.89   100.50
             100.01    99.69                                            100.35
 
        R35 monthly CPI index            PAGE  14, SERIES series

 E 4  Ratios of annual totals
  From          2015 to 2025
  Observations         11
 -----------------------------------
  Year       Unmodified     Modified
                  (D11)         (E2)
 -----------------------------------
  2015           100.00       100.00
 
  2016            99.99        99.99
 
  2017            99.98        99.98
 
  2018            99.98        99.98
 
  2019            99.97        99.97
 
  2020            99.99        99.99
 
  2021            99.99        99.99
 
  2022            99.96        99.96
 
  2023           100.02       100.02
 
  2024           100.00       100.01
 
  2025           100.01       100.01
 
        R35 monthly CPI index            PAGE  15, SERIES series

 E 5  Month-to-month percent change in the original series
  From  2015.Feb to 2026.Aug
  Observations        139
 -----------------------------------------------------------------------------
               Jan      Feb      Mar      Apr      May      Jun 
               Jul      Aug      Sep      Oct      Nov      Dec         AVGE  
 -----------------------------------------------------------------------------
  2015                   0.0      0.0      0.5      0.2      0.0
               -2.0     -0.8      1.1     -0.6     -0.8     -0.7          -0.3
 
  2016          1.2      0.2      0.0      0.2     -0.5     -0.5
                0.5     -0.8      0.0      0.0      2.0      1.0           0.3
 
  2017          1.5      1.7     -0.5     -0.5      0.4      0.3
                0.9     -0.9      0.2      1.7      0.4      0.6           0.5
 
  2018          0.6     -0.7     -0.6     -0.8      1.1      0.5
               -1.9     -0.5      1.1      0.5     -1.3      1.4          -0.0
 
  2019          1.0      0.7      0.0     -0.6      2.4      0.2
               -0.5     -0.4     -0.4      0.6      1.5      0.5           0.4
 
  2020          2.7     -0.2      0.9      0.8      0.7     -0.4
               -1.9     -0.6     -1.1      0.6      0.0     -1.4           0.0
 
  2021          3.1      0.0      0.0      0.8     -0.4     -0.4
                0.3      0.3     -1.0     -0.3      1.2      0.9           0.4
 
  2022          4.2      1.4      0.7      3.9      3.5      2.4
                1.5      0.4      0.2      3.3      1.9      0.3           2.0
 
  2023          3.5      0.6      0.3     -1.6      0.9     -0.2
               -0.8     -1.1     -1.8      1.1     -0.5     -1.5          -0.1
 
  2024         -0.3     -0.3     -0.8      1.6     -0.1     -0.5
                0.3      0.5      0.8      0.3      0.5     -0.7           0.1
 
  2025          3.0     -0.7      0.8     -0.3      1.2      0.3
               -0.8      0.1     -1.2      1.3     -0.9     -1.1           0.1
 
  2026          2.5     -1.4     -0.7     -0.5      0.7     -1.3
               -0.6     -1.1                                              -0.3
 
  AVGE          2.1      0.1      0.0      0.3      0.8      0.0
               -0.4     -0.4     -0.2      0.8      0.4     -0.1

  Table Total-        38.37   Mean-       0.28   Std. Dev.-       1.23
                              Min -      -1.97        Max -       4.20
        R35 monthly CPI index            PAGE  16, SERIES series

 E 6  Month-to-month percent change in seasonally adjusted series (D11)
  From  2015.Feb to 2026.Aug
  Observations        139
 -----------------------------------------------------------------------------
               Jan      Feb      Mar      Apr      May      Jun 
               Jul      Aug      Sep      Oct      Nov      Dec         AVGE  
 -----------------------------------------------------------------------------
  2015                  -0.0      0.4      0.8      0.2     -0.1
               -1.5      0.3      1.0     -1.4     -0.7     -0.9          -0.2
 
  2016          0.2      0.2      0.4      0.6     -0.7     -0.6
                1.1      0.2     -0.1     -0.8      2.1      0.8           0.3
 
  2017          0.4      1.6     -0.2     -0.1     -0.0      0.3
                1.6      0.1      0.2      1.0      0.4      0.4           0.5
 
  2018         -0.6     -0.7     -0.3     -0.3      0.5      0.5
               -1.1      0.4      1.4     -0.1     -1.4      1.3          -0.0
 
  2019         -0.3      0.8      0.1     -0.3      1.5      0.3
                0.4      0.5      0.1      0.1      1.4      0.6           0.4
 
  2020          1.1      0.0      0.9      1.2     -0.3     -0.3
               -1.0      0.3     -0.4     -0.0     -0.0     -1.2           0.0
 
  2021          1.2      0.3     -0.0      1.1     -1.3     -0.2
                1.1      1.1     -0.1     -1.2      1.2      1.3           0.4
 
  2022          2.1      1.8      0.6      4.2      2.6      2.7
                2.1      1.2      1.4      2.2      1.9      1.0           2.0
 
  2023          1.2      1.2      0.2     -1.2      0.1      0.1
               -0.3     -0.4     -0.6     -0.1     -0.4     -0.7          -0.1
 
  2024         -2.6      0.4     -0.8      2.0     -0.9     -0.3
                0.7      1.0      2.0     -0.9      0.6      0.1           0.1
 
  2025          0.7      0.1      0.8      0.1      0.3      0.6
               -0.4      0.5     -0.2      0.0     -0.8     -0.3           0.1
 
  2026          0.2     -0.6     -0.7     -0.3     -0.1     -0.9
               -0.1     -0.7                                              -0.4
 
  AVGE          0.3      0.4      0.1      0.6      0.2      0.2
                0.2      0.4      0.4     -0.1      0.4      0.2

  Table Total-        39.23   Mean-       0.28   Std. Dev.-       1.01
                              Min -      -2.55        Max -       4.19
        R35 monthly CPI index            PAGE  17, SERIES series

 E 7  Month-to-month percent change in final trend cycle (D12)
  From  2015.Feb to 2026.Aug
  Observations        139
 -----------------------------------------------------------------------------
               Jan      Feb      Mar      Apr      May      Jun 
               Jul      Aug      Sep      Oct      Nov      Dec         AVGE  
 -----------------------------------------------------------------------------
  2015                   0.3      0.4      0.4      0.2     -0.1
               -0.4     -0.4     -0.4     -0.5     -0.6     -0.5          -0.1
 
  2016         -0.2      0.2      0.3      0.1      0.0      0.0
                0.1      0.2      0.3      0.4      0.6      0.8           0.2
 
  2017          0.8      0.6      0.3      0.2      0.2      0.4
                0.6      0.7      0.6      0.6      0.4      0.1           0.5
 
  2018         -0.3     -0.5     -0.4     -0.1      0.0      0.1
                0.2      0.2      0.3      0.2      0.1      0.0          -0.0
 
  2019          0.1      0.2      0.3      0.5      0.6      0.6
                0.5      0.3      0.3      0.5      0.7      0.8           0.4
 
  2020          0.8      0.7      0.7      0.5      0.1     -0.3
               -0.5     -0.4     -0.2     -0.1      0.0      0.0           0.1
 
  2021          0.1      0.1     -0.0     -0.1     -0.0      0.2
                0.5      0.5      0.4      0.3      0.5      1.1           0.3
 
  2022          1.6      2.0      2.3      2.6      2.6      2.4
                2.0      1.7      1.6      1.7      1.7      1.5           2.0
 
  2023          1.2      0.7      0.2     -0.2     -0.4     -0.4
               -0.3     -0.3     -0.4     -0.4     -0.5     -0.8          -0.1
 
  2024         -0.9     -0.7     -0.4     -0.1      0.2      0.3
                0.5      0.7      0.7      0.6      0.4      0.4           0.1
 
  2025          0.4      0.4      0.4      0.4      0.3      0.2
                0.2      0.1     -0.1     -0.2     -0.3     -0.3           0.1
 
  2026         -0.3     -0.3     -0.4     -0.4     -0.5     -0.4
               -0.4     -0.4                                              -0.4
 
  AVGE          0.3      0.3      0.3      0.3      0.3      0.3
                0.2      0.2      0.3      0.3      0.3      0.3

  Table Total-        39.31   Mean-       0.28   Std. Dev.-       0.72
                              Min -      -0.89        Max -       2.62
        R35 monthly CPI index            PAGE  18, SERIES series

 E 8  Month-to-month percent change in original series adjusted for calendar factors (A18)
  From  2015.Feb to 2026.Aug
  Observations        139
 -----------------------------------------------------------------------------
               Jan      Feb      Mar      Apr      May      Jun 
               Jul      Aug      Sep      Oct      Nov      Dec         AVGE  
 -----------------------------------------------------------------------------
  2015                   0.0      0.0      0.5      0.2      0.0
               -2.0     -0.8      1.1     -0.6     -0.8     -0.7          -0.3
 
  2016          1.2      0.2      0.0      0.2     -0.5     -0.5
                0.5     -0.8      0.0      0.0      2.0      1.0           0.3
 
  2017          1.5      1.7     -0.5     -0.5      0.4      0.3
                0.9     -0.9      0.2      1.7      0.4      0.6           0.5
 
  2018          0.6     -0.7     -0.6     -0.8      1.1      0.5
               -1.9     -0.5      1.1      0.5     -1.3      1.4          -0.0
 
  2019          1.0      0.7      0.0     -0.6      2.4      0.2
               -0.5     -0.4     -0.4      0.6      1.5      0.5           0.4
 
  2020          2.7     -0.2      0.9      0.8      0.7     -0.4
               -1.9     -0.6     -1.1      0.6      0.0     -1.4           0.0
 
  2021          3.1      0.0      0.0      0.8     -0.4     -0.4
                0.3      0.3     -1.0     -0.3      1.2      0.9           0.4
 
  2022          4.2      1.4      0.7      3.9      3.5      2.4
                1.5      0.4      0.2      3.3      1.9      0.3           2.0
 
  2023          3.5      0.6      0.3     -1.6      0.9     -0.2
               -0.8     -1.1     -1.8      1.1     -0.5     -1.5          -0.1
 
  2024         -0.3     -0.3     -0.8      1.6     -0.1     -0.5
                0.3      0.5      0.8      0.3      0.5     -0.7           0.1
 
  2025          3.0     -0.7      0.8     -0.3      1.2      0.3
               -0.8      0.1     -1.2      1.3     -0.9     -1.1           0.1
 
  2026          2.5     -1.4     -0.7     -0.5      0.7     -1.3
               -0.6     -1.1                                              -0.3
 
  AVGE          2.1      0.1      0.0      0.3      0.8      0.0
               -0.4     -0.4     -0.2      0.8      0.4     -0.1

  Table Total-        38.37   Mean-       0.28   Std. Dev.-       1.23
                              Min -      -1.97        Max -       4.20
        R35 monthly CPI index            PAGE  19, SERIES series

 E 18  Final adjustment ratios
  From  2015.Jan to 2026.Aug
  Observations        140
 -----------------------------------------------------------------------------
               Jan      Feb      Mar      Apr      May      Jun 
               Jul      Aug      Sep      Oct      Nov      Dec         AVGE  
 -----------------------------------------------------------------------------
  2015        100.9    100.9    100.6    100.3    100.3    100.3
               99.9     98.8     98.9     99.7     99.6     99.8         100.0
 
  2016        100.9    100.9    100.6    100.2    100.4    100.4
               99.8     98.8     98.9     99.6     99.6     99.8         100.0
 
  2017        100.9    100.9    100.6    100.1    100.6    100.6
               99.8     98.9     98.9     99.5     99.5     99.7         100.0
 
  2018        100.8    100.8    100.6    100.1    100.8    100.7
               99.9     99.0     98.8     99.4     99.4     99.5         100.0
 
  2019        100.8    100.7    100.6    100.2    101.0    100.9
              100.0     99.1     98.7     99.3     99.3     99.3         100.0
 
  2020        100.8    100.6    100.6    100.2    101.2    101.0
              100.1     99.3     98.6     99.2     99.2     99.0         100.0
 
  2021        100.9    100.5    100.6    100.3    101.2    101.0
              100.2     99.4     98.5     99.3     99.3     98.8         100.0
 
  2022        100.9    100.5    100.6    100.3    101.1    100.9
              100.3     99.5     98.4     99.4     99.4     98.8         100.0
 
  2023        101.0    100.4    100.5    100.2    101.0    100.7
              100.2     99.6     98.4     99.6     99.6     98.8         100.0
 
  2024        101.1    100.4    100.5    100.1    100.9    100.6
              100.2     99.7     98.5     99.8     99.7     98.8         100.0
 
  2025        101.1    100.3    100.3    100.0    100.9    100.5
              100.1     99.7     98.6     99.8     99.7     98.9         100.0
 
  2026        101.2    100.3    100.3    100.0    100.9    100.5
              100.0     99.7                                             100.4
 
  AVGE        100.9    100.6    100.5    100.2    100.9    100.7
              100.0     99.3     98.6     99.5     99.5     99.2

  Table Total-     14002.74   Mean-     100.02   Std. Dev.-       0.75
                              Min -      98.40        Max -     101.21

 E 18.A  Final adjustment ratio forecasts
  From  2026.Sep to 2027.Aug
  Observations         12
 -----------------------------------------------------------------------------
               Jan      Feb      Mar      Apr      May      Jun 
               Jul      Aug      Sep      Oct      Nov      Dec         AVGE  
 -----------------------------------------------------------------------------
  2026                                                          
                                 98.7     99.9     99.7     98.9          99.3
 
  2027        101.2    100.3    100.2    100.0    100.9    100.5
              100.0     99.7                                             100.4
 

  QS statistic for seasonality:
  log(Original Series)                               28.12  (P-Value =     0.0000)
  log(Original Series (EV adj))                      28.12  (P-Value =     0.0000)
  Residuals                                           0.00  (P-Value =     1.0000)
  log(Seasonally Adjusted Series)                     0.00  (P-Value =     1.0000)
  log(SA Series (EV adj))                             0.00  (P-Value =     1.0000)
  Irregular Series                                    0.00  (P-Value =     1.0000)
  Irregular Series (EV adj)                           0.00  (P-Value =     1.0000)

  QS statistic for seasonality (starting 2018.Sep):
  log(Original Series)                               28.13  (P-Value =     0.0000)
  log(Original Series (EV adj))                      28.13  (P-Value =     0.0000)
  Residuals                                           0.00  (P-Value =     1.0000)
  log(Seasonally Adjusted Series)                     0.00  (P-Value =     1.0000)
  log(SA Series (EV adj))                             0.00  (P-Value =     1.0000)
  Irregular Series                                    0.00  (P-Value =     1.0000)
  Irregular Series (EV adj)                           0.00  (P-Value =     1.0000)
        R35 monthly CPI index            PAGE  20, SERIES series


  Visually significant residual seasonal peaks have been
  found in the spectral plot of the following series starting in 2018.Sep:

          Irregular component (Table D13) (1 Seasonal and 
        R35 monthly CPI index            PAGE  21, SERIES series
 G 0  10*LOG(SPECTRUM) of the differenced, transformed Original Series
      (Table A1 or B1).  Spectrum estimated from 2018.Sep to 2026.Aug.
 ++++++++++I+++++++++++++++++++++++++++++++++++++++++++++++++++++++++++++I
     -28.60I                                        S                    I    -28.60
           I                                        S                    I
           I    *                                   S                    I
           I    *                                   S                    I
     -30.15I    *                                   S                    I    -30.15
           I    *                                   S                    I
           I    *                                   S                    I
           I   **     S                             S                    I
     -31.69I   **     S                             S                    I    -31.69
           I   **     S                             S                    I
           I   **     S                             S                    I
           I   **     S                             S                    I
     -33.24I   **     S                             S         S          I    -33.24
           I  ***     S                             S         S          I
           I  ***     S                   S         S         S          I
           I  ***     S                   S         S         S   *      I
     -34.79I  ***     S                   S         S         S   *      I    -34.79
           I  ***     S                   S         S         S   *      I
           I ****     S                   S         S         S   *      I
           I ****     S                   S         S        *S   *     SI
     -36.33I*****     S                   S         S*       *S   *     SI    -36.33
           I*****     S                   S         S*       *S   *     SI
           I******    S                   S         S*       *S   *     SI
           I******    S            *      S         S*       *S*  *     SI
     -37.88I******    S            *  *  *S         S*       *S*  *     SI    -37.88
           I******    S            ****  *S         S*       *S*  *     SI
           I******    S           *****  *S*        S*     ***S*  *     SI
           I******   *S           ****** *S*        S*     ***S* **     SI
     -39.42I******   *S           ****** *S*       *S*    ****S* **     SI    -39.42
           I******   *S           ********S*       *S*    ****S* **     SI
           I******   *S          *********S*       *S*    ****S*T***    SI
           I******   *S*         *********S*       *S*    ****S*T***    SI
     -40.97I******   *S*         *********S*       *S*    ****S*T***   *SI    -40.97
           I******   *S* *       *********S*       *S*    ****S*T***   *SI
           I******   *S* *      S*********S*       *S*    ****S*T***   *SI
           I******   *S* *      S*********S*       *S*    ****S*T***   *SI
     -42.51I*******  *S****     S*********S**      *S*T  *****S*T***   *SI    -42.51
           I*******  *S****     S*********S**      *S*T  *****S*T***   *SI
           I*******  *S****     S*********S**      *S*T  *****S*T***   *SI
           I******* **S****     S*********S***     *S*T  *****S*T***   *SI
     -44.06I******* **S****    *S*********S****   **S*T  *****S*T***   *SI    -44.06
           I**********S****    *S*********S****   **S*T  *****S*T****  *SI
           I**********S****    *S*********S*****  **S*T*******S*T**** **SI
           I**********S****    *S*********S*****  **S*T*******S*T**** **SI
     -45.61I**********S****    *S*********S*****  **S*T*******S*T*******SI    -45.61
           I**********S****    *S*********S*********S*T*******S*T*******SI
           I**********S*****   *S*********S*********S*T*******S*T*******SI
           I**********S*****   *S*********S*********S*T*******S*T*******SI
     -47.15I**********S*****  **S*********S*********S*T*******S*T*******SI    -47.15
           I**********S*****  **S*********S*********S*T*******S*T*******SI
           I**********S*****  **S*********S*********S*T*******S*T*******SI
           I**********S*****  **S*********S*********S*T*******S*T*******SI
     -48.70I**********S*********S*********S*********S*T*******S*T*******SI    -48.70
 ++++++++++I+++++++++++++++++++++++++++++++++++++++++++++++++++++++++++++I
            S=SEASONAL FREQUENCIES, T=TRADING DAY FREQUENCIES
        R35 monthly CPI index            PAGE  22, SERIES series
 G 1  10*LOG(SPECTRUM) of the differenced, transformed seasonally adjusted 
      data (Table D11).  Spectrum estimated from 2018.Sep to 2026.Aug.
 ++++++++++I+++++++++++++++++++++++++++++++++++++++++++++++++++++++++++++I
     -28.52I    *                                                        I    -28.52
           I    *                                                        I
           I    *                                                        I
           I    *                                                        I
     -30.18I    *                                                        I    -30.18
           I    *                                                        I
           I    *                                                        I
           I    *                                                        I
     -31.84I   **                                                        I    -31.84
           I   **                                                        I
           I   **                                                        I
           I   **                                                        I
     -33.50I   **                                                        I    -33.50
           I  ***                                                 *      I
           I  ***                                                 *      I
           I  ***                                                 *      I
     -35.16I ****                  *                              *      I    -35.16
           I ****                  *                              *      I
           I*****                  *                              *      I
           I*****                  *                              *      I
     -36.82I*****                  *  *                           *      I    -36.82
           I*****                  *  *                           *      I
           I******                 *  *                           *      I
           I******                 *  *                           *      I
     -38.48I******                 *  *                     *     *      I    -38.48
           I******                 *  **                   ***    *      I
           I******                 *  **                   ***    *      I
           I******                 *  **                   ***    *      I
     -40.14I******                 *  **                   ***    *      I    -40.14
           I******                 *****                   ***S   *      I
           I******   *             *****                   ***S   **     I
           I******   *             *****                  ****S  ***     I
     -41.79I******   *             *****           *      ****S  ***     I    -41.79
           I******   *    *        *****           *      ****S  ***     I
           I*******  *    *       ******           *      ****S  ***     I
           I*******  *   **       *******          *      ****S* ***     I
     -43.45I******* **S  **       *******         **      ****S* ***     I    -43.45
           I******* **S  **       *******         **   * *****S*T***     I
           I**********S  **       *******         **   *******S*T***     I
           I**********S  **       ********        **S T*******S*T***     I
     -45.11I**********S  **       ********   *    **S T*******S*T****    I    -45.11
           I**********S  **       ********   **   **S*T*******S*T****    I
           I**********S*****      ********S  **   **S*T*******S*T****    I
           I**********S*****      ********S ***   **S*T*******S*T****    I
     -46.77I**********S*****      ********S****   **S*T*******S*T*****   I    -46.77
           I**********S*****      ********S****   **S*T*******S*T******  I
           I**********S******     ********S****  ***S*T*******S*T*******SI
           I**********S******    *********S***** ***S*T*******S*T*******SI
     -48.43I**********S*******   *********S***** ***S*T*******S*T*******SI    -48.43
           I**********S*******   *********S*********S*T*******S*T*******SI
           I**********S********  *********S*********S*T*******S*T*******SI
           I**********S********  *********S*********S*T*******S*T*******SI
     -50.09I**********S*********S*********S*********S*T*******S*T*******SI    -50.09
 ++++++++++I+++++++++++++++++++++++++++++++++++++++++++++++++++++++++++++I
            S=SEASONAL FREQUENCIES, T=TRADING DAY FREQUENCIES
        R35 monthly CPI index            PAGE  23, SERIES series
 G 2  10*LOG(SPECTRUM) of the Irregular (Table D13).  
      Spectrum estimated from 2018.Sep to 2026.Aug.
 ++++++++++I+++++++++++++++++++++++++++++++++++++++++++++++++++++++++++++I
     -37.77I                       *                                     I    -37.77
           I                       *                                     I
           I                       *                                     I
           I                       *  *                                  I
     -39.02I                       *  *                                  I    -39.02
           I                       *  *                                  I
           I                       *  *                                  I
           I                       *  *                                  I
     -40.28I                       *  *                           *      I    -40.28
           I                       *  *                           *      I
           I                       *  *                           *      I
           I                       *  *                           *      I
     -41.53I                       *  *                           *      I    -41.53
           I                       *  *                           *      I
           I                       *  **                          *      I
           I                       *  **                          *      I
     -42.79I                       *  **                          *      I    -42.79
           I                       ** **                          *      I
           I          S            *****                          *      I
           I          S            *****                          *      I
     -44.04I          S            *****                    *     *      I    -44.04
           I          S            *****                   **     *      I
           I          S           ******                   ***    *      I
           I          S           ******                   ***    *      I
     -45.29I          S           ******                   ***    *      I    -45.29
           I          S           ******                   ***    *      I
           I      *   S           ******                   ***    *      I
           I      **  S           *******                  ***    *      I
     -46.55I      **  S           *******          *       ***S   *      I    -46.55
           I      **  S           *******          *      ****S  ***     I
           I      **  S           *******          *      ****S  ***     I
           I      ** *S           ********         *      ****S  ***     I
     -47.80I      ** *S           ********   *    **      ****S  ***     I    -47.80
           I      ** *S           ********S  *    **      ****S  ***     I
           I      ** *S           ********S  **   **   *  ****S* ***     I
           I      ** *S      **   ********S  **   **   * *****S* ***     I
     -49.06I      ****S      **   ********S****   **   *******S*T***     I    -49.06
           I      ****S*    ***   ********S****   **S T*******S*T***     I
           I      ****S*    ***  *********S****   **S T*******S*T***     I
           I      ****S*    ***  *********S****   **S T*******S*T***     I
     -50.31I      ****S*    **** *********S****   **S*T*******S*T***     I    -50.31
           I      ****S*    **** *********S****   **S*T*******S*T***     I
           I     *****S*   ***** *********S****   **S*T*******S*T***     I
           I     *****S*   *****S*********S****   **S*T*******S*T***     I
     -51.56I     *****S*   *****S*********S***** ***S*T*******S*T****    I    -51.56
           I  *  *****S*   *****S*********S***** ***S*T*******S*T****    I
           I  *  *****S*   *****S*********S***** ***S*T*******S*T****    I
           I  ** *****S*   *****S*********S*********S*T*******S*T****    I
     -52.82I *********S*   *****S*********S*********S*T*******S*T****    I    -52.82
           I *********S*  ******S*********S*********S*T*******S*T****    I
           I *********S** ******S*********S*********S*T*******S*T*****   I
           I**********S** ******S*********S*********S*T*******S*T***** *SI
     -54.07I**********S*********S*********S*********S*T*******S*T*******SI    -54.07
 ++++++++++I+++++++++++++++++++++++++++++++++++++++++++++++++++++++++++++I
            S=SEASONAL FREQUENCIES, T=TRADING DAY FREQUENCIES
        R35 monthly CPI index            PAGE  24, SERIES series

  Peak probabilities for Tukey spectrum estimator
  Spectrum estimated from 2018.Sep to 2026.Aug.

                                          S1       S2       S3       S4       S5       S6       TD
                                        ------   ------   ------   ------   ------   ------   ------
  Model Residuals                        0.210    0.187    0.017    0.393    0.061    0.101    0.345  
  Original Series (Table A1 or B1)       0.885    0.970*   0.976*   0.954*   0.969*   0.875    0.032  
  Seasonally adjusted series (D11)       0.232    0.215    0.765    0.357    0.367    0.586    0.568  
  Irregular (D13)                        0.358    0.286    0.829    0.317    0.430    0.631    0.637  
  ----------
     ** - Peak Probability > 0.99,
      * - 0.90 < Peak Probability < 0.99



  NP statistic for residual seasonality:

  NP statistic for residual seasonality (Full series)
                                                  Residual Seasonality?
  log(Seasonally Adjusted Series)                          no
  log(Seasonally Adjusted Series (EV adj))                 no

  NP statistic for residual seasonality (Series start in 2018.Sep)
                                                  Residual Seasonality?
  log(Seasonally Adjusted Series)                          no
  log(Seasonally Adjusted Series (EV adj))                 no
