  Reading input spec file from series.spc

1

               U. S. Department of Commerce, U. S. Census Bureau

              X-13ARIMA-SEATS monthly seasonal adjustment Method,
                          Release Version 1.1 Build 62


           This software application provides an enhanced version of
             Statistics Canada's X-11-ARIMA extension (Dagum, 1980)
                 of the X-11 variant of the Census Method II of
                      Shiskin, Young and Musgrave (1967).

            It also provides an ARIMA model-based method following
       Hillmer and Tiao (1982) and Burman (1980) that is very similar
       to the update of the method of SEATS (Gomez and Maravall, 1996)
                produced at the Bank of Spain by G. Caporello and
               A. Maravall for TSW (Caporello and Maravall, 2004).
          The present application includes additional enhancements.

         X-13ARIMA-SEATS includes an automatic ARIMA model selection procedure
          based largely on the procedure of Gomez and Maravall (1998)
            as implemented in TRAMO (1996) and subsequent revisions.

              Primary Programmers: Brian Monsell, Mark Otto and,
                 for the ARIMA model-based signal extraction,
                      Gianluca Caporello and Victor Gomez


     Series Title- R35 monthly CPI index
     Series Name- series
     Sep 22, 2026  22.39.35 

        -Period covered-  1st month,2015 to  8th month,2026
        -Type of run - multiplicative seasonal adjustment

        -Sigma limits for graduating extreme values are  1.5 and  2.5 .
        -3x3 moving average used in section 1 of each iteration, 
         3x5 moving average in section 2 of iterations B and C,
         moving average for final seasonal factors chosen by Global MSR.
        -Spectral plots generated for selected series
        -Spectral plots generated for series starting in 2018.Sep

 FILE SAVE REQUESTS (* indicates file exists and will be overwritten)
  series.d10  final seasonal factors
  series.d11  final seasonally adjusted data
  series.d12  final trend cycle
  series.d13  final irregular component
  series.out  program output file
  series.err  program error file
  series.udg  seasonal adjustment and model diagnostics file
        R35 monthly CPI index            PAGE   1, SERIES series

     Contents of spc file series.spc

 Line #
 ------
      1: series { title="R35 monthly CPI index" start=2015.1 period=12 data=(
      2: 99.900000000000006 99.400000000000006 99.900000000000006 100 100.5 99.900000000000006
      3: 100.09999999999999 99.400000000000006 99.200000000000003 100.40000000000001 100.5 100.7
      4: 100.40000000000001 100.8 100.59999999999999 100.40000000000001 100.7 100.90000000000001
      5: 100.5 100.2 99.599999999999994 100.2 100.7 100.5
      6: 100.7 100.8 101.59999999999999 101.3 101.40000000000001 101.09999999999999
      7: 101.2 100.8 100.59999999999999 101.2 101.7 102.5
      8: 102.5 102.90000000000001 103 103.5 103 103.3
      9: 103.2 102.59999999999999 102.40000000000001 103.3 104.3 104.40000000000001
     10: 103.90000000000001 104.09999999999999 104.40000000000001 104.09999999999999 104.2 104.5
     11: 104.5 103.8 104.2 106.09999999999999 106.40000000000001 107.7
     12: 107.90000000000001 107.59999999999999 107.8 106.40000000000001 107.2 107.3
     13: 107.2 105.90000000000001 105.2 107 107 108.09999999999999
     14: 106.59999999999999 106.7 106.7 106.90000000000001 108.40000000000001 108.90000000000001
     15: 109.59999999999999 109.3 110.40000000000001 112 112.09999999999999 113.5
     16: 114.8 115.8 117.5 118.90000000000001 119.90000000000001 121.3
     17: 121.59999999999999 121 121.40000000000001 125.8 127.2 128.30000000000001
     18: 129.59999999999999 130.09999999999999 131 131.40000000000001 132.30000000000001 133
     19: 133.09999999999999 131 130.19999999999999 132.09999999999999 132 135.69999999999999
     20: 135.5 135.69999999999999 135.19999999999999 135.19999999999999 135.80000000000001 134.80000000000001
     21: 136 133.30000000000001 132.80000000000001 136 136.5 139.09999999999999
     22: 140 139.59999999999999 139.69999999999999 140.30000000000001 141.5 141.19999999999999
     23: 140.69999999999999 139.09999999999999 139 141.19999999999999 142.90000000000001 143.40000000000001
     24: 143.69999999999999 143.09999999999999 144.5 145 145.30000000000001 145.19999999999999
     25: 144.40000000000001 142.90000000000001
     26: ) }
     27: transform { function=log }
     28: automdl { }
     29: outlier { types=(ao ls tc) }
     30: x11 { mode=mult save=(d10 d11 d12 d13) appendfcst=no appendbcst=no savelog=all }
     31: spectrum { logqs=yes robustsa=no print=all savelog=all }
     32: check { }
        R35 monthly CPI index            PAGE   2, SERIES series

 A 1  Time series data (for the span analyzed)
  From  2015.Jan to 2026.Aug
  Observations        140
 -----------------------------------------------------------------------------
               Jan      Feb      Mar      Apr      May      Jun 
               Jul      Aug      Sep      Oct      Nov      Dec        TOTAL  
 -----------------------------------------------------------------------------
  2015         100.      99.     100.     100.     101.     100.
               100.      99.      99.     100.     101.     101.         1200.
 
  2016         100.     101.     101.     100.     101.     101.
               101.     100.     100.     100.     101.     101.         1206.
 
  2017         101.     101.     102.     101.     101.     101.
               101.     101.     101.     101.     102.     103.         1215.
 
  2018         103.     103.     103.     104.     103.     103.
               103.     103.     102.     103.     104.     104.         1238.
 
  2019         104.     104.     104.     104.     104.     105.
               105.     104.     104.     106.     106.     108.         1258.
 
  2020         108.     108.     108.     106.     107.     107.
               107.     106.     105.     107.     107.     108.         1285.
 
  2021         107.     107.     107.     107.     108.     109.
               110.     109.     110.     112.     112.     114.         1311.
 
  2022         115.     116.     118.     119.     120.     121.
               122.     121.     121.     126.     127.     128.         1454.
 
  2023         130.     130.     131.     131.     132.     133.
               133.     131.     130.     132.     132.     136.         1582.
 
  2024         136.     136.     135.     135.     136.     135.
               136.     133.     133.     136.     137.     139.         1626.
 
  2025         140.     140.     140.     140.     142.     141.
               141.     139.     139.     141.     143.     143.         1689.
 
  2026         144.     143.     145.     145.     145.     145.
               144.     143.                                             1154.
 
  AVGE         115.     116.     116.     116.     117.     117.
               117.     116.     113.     115.     116.     117.

  Table Total-     16215.90   Mean-     115.83   Std. Dev.-      15.93
                              Min -      99.20        Max -     145.30
        R35 monthly CPI index            PAGE   3, SERIES series
                        Automatic ARIMA Model Selection

                    Procedure based closely on TRAMO method 
                         of Gomez and Maravall (2000)
              "Automatic Modeling Methods for Univariate Series",
                            A Course in Time Series
                  (Edited by D. Pena, G. C. Tiao, R. S. Tsay),
                         New York : J. Wiley and Sons


     Maximum order for regular ARMA parameters :   2
     Maximum order for seasonal ARMA parameters :   1
     Maximum order for regular differencing :   2
     Maximum order for seasonal differencing :   1

   Results of Unit Root Test for identifying orders of differencing:
     Regular difference order :   1
     Seasonal difference order :   0

     Mean is not significant.

  Automatic model choice : (1 1 1)(1 0 1)


  Final Checks for Identified Model


  Checking for Unit Roots.
   Seasonal unit root found.
   ( 1, 1, 1) ( 0, 1, 1)

  Checking for nonseasonal overdifferencing.
   Nonseasonal MA not within  0.001 of 1.0 - model passes test.

  Checking for insignificant ARMA coefficients.

  Final automatic model choice : (1 1 1)(0 1 1)
   End of automatic model selection procedure.

 Average absolute percentage error in within-sample forecasts:
  Last year:   0.38      Last-1 year:   1.67     Last-2 year:   1.52
  Last three years:    1.19

 Estimation converged in   14 ARMA iterations,   58 function evaluations.

 ARIMA Model:  (1 1 1)(0 1 1)
   Nonseasonal differences: 1
   Seasonal differences:    1
                                              Standard
 Parameter                    Estimate          Errors
 -----------------------------------------------------
 Nonseasonal AR                                    
   Lag  1                       0.9337         0.06535

 Nonseasonal MA                                    
   Lag  1                       0.8218         0.09993

 Seasonal MA                                       
   Lag 12                       0.7741         0.06409

 Variance                       0.35370E-04
 SE of Var                      0.44386E-05
 -----------------------------------------------------

 Likelihood Statistics
 ------------------------------------------------------------------
 Number of observations (nobs)                                  140
 Effective number of observations (nefobs)                      127
 Number of parameters estimated (np)                              4
 Log likelihood                                            465.3844
 Transformation Adjustment                                -604.1540
 Adjusted Log likelihood (L)                              -138.7695
 AIC                                                       285.5390 
 AICC (F-corrected-AIC)                                    285.8669 
 Hannan Quinn                                              290.1613 
 BIC                                                       296.9158 
 ------------------------------------------------------------------


 DIAGNOSTIC CHECKING
  Sample Autocorrelations of the Residuals with the Ljung-Box diagnostic.

  Lag      1     2     3     4     5     6     7     8     9    10    11    12
  ACF  -0.10  0.09 -0.04 -0.05  0.13 -0.06  0.20 -0.17  0.13  0.04  0.04 -0.04
  SE    0.09  0.09  0.09  0.09  0.09  0.09  0.09  0.10  0.10  0.10  0.10  0.10
  Q     1.30  2.39  2.63  3.03  5.43  5.87 11.44 15.24 17.43 17.69 17.96 18.20
  DF       0     0     0     1     2     3     4     5     6     7     8     9
  P    0.000 0.000 0.000 0.082 0.066 0.118 0.022 0.009 0.008 0.013 0.022 0.033

  Lag     13    14    15    16    17    18    19    20    21    22    23    24
  ACF   0.03 -0.06 -0.07 -0.00 -0.20  0.11 -0.19  0.05 -0.02 -0.06  0.12 -0.13
  SE    0.10  0.10  0.10  0.10  0.10  0.10  0.10  0.11  0.11  0.11  0.11  0.11
  Q    18.29 18.88 19.60 19.60 25.33 27.07 32.70 33.03 33.07 33.66 35.95 38.79
  DF      10    11    12    13    14    15    16    17    18    19    20    21
  P    0.050 0.063 0.075 0.106 0.031 0.028 0.008 0.011 0.016 0.020 0.016 0.010

  The P-values approximate the probability of observing a Q-value at least
  this large when the model fitted is correct.  When DF is positive, small
  values of P, customarily those below 0.05, indicate model inadequacy.

  Sample Autocorrelations of the Residuals
                 -1.0 -0.8 -0.6 -0.4 -0.2  0.0  0.2  0.4  0.6  0.8  1.0
                   +----+----+----+----+----+----+----+----+----+----+
            1                           .XXX|   .                     -0.100
            2                           .   |XX .                      0.091
            3                          .   X|    .                    -0.042
            4                          .   X|    .                    -0.055
            5                          .    |XXX .                     0.134
            6                          .   X|    .                    -0.057
            7                          .    |XXXXX                     0.202
            8                          .XXXX|    .                    -0.166
            9                          .    |XXX .                     0.126
           10                          .    |X   .                     0.043
           11                          .    |X   .                     0.043
           12       - - - - - - - - -  .   X|    .  - - - - - - - -   -0.041
           13                          .    |X   .                     0.025
           14                          .  XX|    .                    -0.064
           15                          .  XX|    .                    -0.070
           16                          .    |    .                    -0.002
           17                          XXXXX|    .                    -0.196
           18                          .    |XXX .                     0.107
           19                          XXXXX|    .                    -0.193
           20                          .    |X   .                     0.046
           21                          .    |    .                    -0.016
           22                          .  XX|    .                    -0.062
           23                          .    |XXX .                     0.121
           24       - - - - - - - - -  . XXX|    .  - - - - - - - -   -0.134
  
  Sample Autocorrelations of the Squared Residuals with the Ljung-Box diagnostic.

  Lag      1     2     3     4     5     6     7     8     9    10    11    12
  ACF  -0.05 -0.06  0.05  0.15 -0.10  0.06  0.05  0.05  0.06  0.08  0.01  0.01
  SE    0.09  0.09  0.09  0.09  0.09  0.09  0.09  0.09  0.09  0.09  0.09  0.09
  Q     0.27  0.74  1.11  4.18  5.64  6.19  6.59  6.95  7.46  8.28  8.29  8.30
  DF       0     0     0     1     2     3     4     5     6     7     8     9
  P    0.000 0.000 0.000 0.041 0.059 0.103 0.159 0.224 0.281 0.309 0.406 0.504

  Lag     13    14    15    16    17    18    19    20    21    22    23    24
  ACF   0.04  0.24 -0.06 -0.06  0.16 -0.08 -0.05  0.03  0.19 -0.06  0.18  0.10
  SE    0.09  0.09  0.10  0.10  0.10  0.10  0.10  0.10  0.10  0.11  0.11  0.11
  Q     8.52 17.10 17.56 18.14 21.84 22.86 23.22 23.38 29.01 29.48 34.52 36.09
  DF      10    11    12    13    14    15    16    17    18    19    20    21
  P    0.578 0.105 0.130 0.152 0.082 0.087 0.108 0.137 0.048 0.059 0.023 0.021

  The P-values approximate the probability of observing a Q-value at least
  this large when the model fitted is correct in a way that supports the
  standard interpretations of the test statistics, standard errors, and
  prediction intervals output by X-13ARIMA-SEATS. When DF is positive, small
  values of P, customarily those below 0.05, suggest that model-based
  inferences about statistical significance and uncertainty will be less
  dependable than usual.

  Sample Autocorrelations of the Squared Residuals
                 -1.0 -0.8 -0.6 -0.4 -0.2  0.0  0.2  0.4  0.6  0.8  1.0
                   +----+----+----+----+----+----+----+----+----+----+
            1                           .  X|   .                     -0.045
            2                           .  X|   .                     -0.060
            3                           .   |X  .                      0.053
            4                           .   |XXXX                      0.152
            5                          . XXX|    .                    -0.105
            6                          .    |XX  .                     0.064
            7                          .    |X   .                     0.054
            8                          .    |X   .                     0.051
            9                          .    |XX  .                     0.060
           10                          .    |XX  .                     0.077
           11                          .    |    .                     0.009
           12       - - - - - - - - -  .    |    .  - - - - - - - -    0.008
           13                          .    |X   .                     0.039
           14                          .    |XXXXXX                    0.243
           15                          .   X|    .                    -0.056
           16                          .  XX|    .                    -0.063
           17                          .    |XXXX.                     0.158
           18                          .  XX|    .                    -0.082
           19                          .   X|    .                    -0.049
           20                          .    |X   .                     0.032
           21                          .    |XXXXX                     0.191
           22                          .   X|    .                    -0.055
           23                          .    |XXXX.                     0.179
           24       - - - - - - - - -  .    |XX  .  - - - - - - - -    0.099
  
 Histogram of the Standardized and Mean-Centered Residuals
  Standard
  Deviations    Frequency
       -3 +
          |
       -2 +###
          |#####
       -1 +##########
          |############################
        0 +#############################
          |##################
        1 +###################
          |##########
        2 +###
          |
        3 +

  Outlier [##

  One '#'= 1 observation[s]

 Tabular Histogram of the Standardized and Mean-Centered Residuals

  Standard
  Deviations    Frequency

 -3.00                 0

 -2.50                 0

 -2.00                 3

 -1.50                 5

 -1.00                10

 -0.50                28

  0.00                29

  0.50                18

  1.00                19

  1.50                10

  2.00                 3

  2.50                 0

  3.00                 0

  Residuals with |t|>3.25

  Obs       t-value
  -----------------
  2021.Sep     3.30
  2022.Nov     3.57

 Summary Statistics for the Unstandardized Residuals
  Minimum                    -0.014
  Maximum                     0.021
  Median                     -0.001
  Robust Std Dev              0.006

 Normality Statistics for regARIMA Model Residuals:

    Number of residuals  :    127

    Skewness coefficient :    0.4619    
    Geary's a            :    0.7779    
    Kurtosis             :    3.9982    

  No indication of lack of normality.

 Durbin-Watson Statistic for regARIMA Model Residuals:
  dw =     2.192753

 Friedman Non-Parametric Test for regARIMA Model Residuals:
  ken =     6.461538 ( Asymptotically distributed as Chi-Square(11), P-Value =     0.840865 )

 QS Statistic for regARIMA Model Residuals (full series):             0.00
                                                       (P-Value =     1.0000)

 QS Statistic for regARIMA Model Residuals (starting 2018.Sep):       0.00
                                                       (P-Value =     1.0000)
      10*LOG(SPECTRUM) of the regARIMA model residuals
      Spectrum estimated from 2018.Sep to 2026.Aug.
 ++++++++++I+++++++++++++++++++++++++++++++++++++++++++++++++++++++++++++I
     -33.62I                                                     *       I    -33.62
           I                                                     *       I
           I                                                     *       I
           I                                                     *       I
     -34.97I                                                     *       I    -34.97
           I                                                     *       I
           I                                                     *       I
           I                                                     *       I
     -36.33I                                                     *       I    -36.33
           I                                                     *       I
           I                                                     *       I
           I                                                     *       I
     -37.68I                                                     *       I    -37.68
           I                                                     *       I
           I                                                     *       I
           I                                                     *       I
     -39.04I                                                     *       I    -39.04
           I                                                     *       I
           I   *                                                 *       I
           I   *                                                 *       I
     -40.40I   *                                                 *       I    -40.40
           I   *                  *                        *     *       I
           I   *                  *   *                    **    *       I
           I   *                  *   *         *          **    *       I
     -41.75I  **                  *   *         *   S      **    *       I    -41.75
           I  **       *          *   *         *   S      **    *       I
           I  **       *         **   *         *   S     ***    *       I
           I  **       *     *   **   *        **   S     ***   T*       I
     -43.11I  **       **    *   **   *        **  *S     ***   T*       I    -43.11
           I  **       **    *   **   *        **  *S     ****  T*       I
           I  ***      **    *   **   *        **  *S     ****  T*       I
           I  ***      **   ***  **  **        **  *S     ****  T*       I
     -44.47I  ***     S**   ***  **  **        **  *S     ****  T*       I    -44.47
           I  ***     S***  ***  **  **        **  *S     ****  T**      I
           I  ***     S***  ***  *** **        **  *S     ****  T**      I
           I  ***     S*** ****  *** **    *   **  *S     ****  T**      I
     -45.82I  ***     S******** S*** **    *   **  *S     ****S*T**      I    -45.82
           I ****     S*********S*** **    *   *** *S     ****S*T**      I
           I *****    S*********S*******   *   *****S    *****S*T**      I
           I *****    S*********S*******   *   *****S*   *****S*T**      I
     -47.18I******   *S*********S*******  S*   *****S*   *****S*T**      I    -47.18
           I******   *S*********S*******  S*   *****S*   *****S*T**   *  I
           I******   *S*********S*******  S*   *****S*   *****S*T**   *  I
           I*******  *S*********S*******  S** ******S*   *****S*T**   *  I
     -48.54I*******  *S*********S*******  S** ******S*   *****S*T**  **  I    -48.54
           I**********S*********S*******  S** ******S*   *****S*T*** *** I
           I**********S*********S*******  S** ******S*   *****S*T*** *** I
           I**********S*********S*********S*********S*  ******S*T*******SI
     -49.89I**********S*********S*********S*********S*  ******S*T*******SI    -49.89
           I**********S*********S*********S*********S*  ******S*T*******SI
           I**********S*********S*********S*********S*T ******S*T*******SI
           I**********S*********S*********S*********S*T ******S*T*******SI
     -51.25I**********S*********S*********S*********S*T*******S*T*******SI    -51.25
 ++++++++++I+++++++++++++++++++++++++++++++++++++++++++++++++++++++++++++I
            S=SEASONAL FREQUENCIES, T=TRADING DAY FREQUENCIES


 FORECASTING
  Origin  2026.Aug
  Number        12

  Forecasts and Standard Errors of the Transformed Data
   ------------------------------
                         Standard
       Date   Forecast      Error
   ------------------------------
   2026.Sep       4.96      0.006
   2026.Oct       4.98      0.009
   2026.Nov       4.98      0.011
   2026.Dec       4.99      0.014
   2027.Jan       4.99      0.016
   2027.Feb       4.99      0.018
   2027.Mar       5.00      0.021
   2027.Apr       5.00      0.023
   2027.May       5.00      0.025
   2027.Jun       5.00      0.027
   2027.Jul       5.00      0.029
   2027.Aug       4.99      0.031
   ------------------------------

  Confidence intervals with coverage probability ( 0.95000
  On the Original Scale
   ---------------------------------------
       Date      Lower  Forecast     Upper
   ---------------------------------------
   2026.Sep     140.95    142.60    144.27
   2026.Oct     142.57    145.08    147.63
   2026.Nov     142.52    145.75    149.07
   2026.Dec     143.38    147.34    151.40
   2027.Jan     142.97    147.58    152.34
   2027.Feb     142.25    147.49    152.92
   2027.Mar     142.16    148.04    154.17
   2027.Apr     141.79    148.29    155.09
   2027.May     141.88    149.01    156.51
   2027.Jun     141.27    149.00    157.15
   2027.Jul     140.61    148.92    157.72
   2027.Aug     138.46    147.25    156.59
   ---------------------------------------
        R35 monthly CPI index            PAGE   4, SERIES series

 B 1  Original series (prior adjusted)
  From  2015.Jan to 2026.Aug
  Observations        140
 -----------------------------------------------------------------------------
               Jan      Feb      Mar      Apr      May      Jun 
               Jul      Aug      Sep      Oct      Nov      Dec        TOTAL  
 -----------------------------------------------------------------------------
  2015         100.      99.     100.     100.     100.     100.
               100.      99.      99.     100.     100.     101.         1200.
 
  2016         100.     101.     101.     100.     101.     101.
               100.     100.     100.     100.     101.     100.         1205.
 
  2017         101.     101.     102.     101.     101.     101.
               101.     101.     101.     101.     102.     103.         1215.
 
  2018         103.     103.     103.     103.     103.     103.
               103.     103.     102.     103.     104.     104.         1238.
 
  2019         104.     104.     104.     104.     104.     104.
               104.     104.     104.     106.     106.     108.         1258.
 
  2020         108.     108.     108.     106.     107.     107.
               107.     106.     105.     107.     107.     108.         1285.
 
  2021         107.     107.     107.     107.     108.     109.
               110.     109.     110.     112.     112.     114.         1311.
 
  2022         115.     116.     117.     119.     120.     121.
               122.     121.     121.     126.     127.     128.         1454.
 
  2023         130.     130.     131.     131.     132.     133.
               133.     131.     130.     132.     132.     136.         1581.
 
  2024         136.     136.     135.     135.     136.     135.
               136.     133.     133.     136.     137.     139.         1626.
 
  2025         140.     140.     140.     140.     142.     141.
               141.     139.     139.     141.     143.     143.         1689.
 
  2026         144.     143.     145.     145.     145.     145.
               144.     143.                                             1154.
 
  AVGE         115.     116.     116.     116.     117.     117.
               117.     116.     113.     115.     116.     117.

  Table Total-     16215.90   Mean-     115.83   Std. Dev.-      15.93
                              Min -      99.20        Max -     145.30

 B 1.A  Forecasts of (prior adjusted) original series
  From  2026.Sep to 2027.Aug
  Observations         12
 -----------------------------------------------------------------------------
               Jan      Feb      Mar      Apr      May      Jun 
               Jul      Aug      Sep      Oct      Nov      Dec        TOTAL  
 -----------------------------------------------------------------------------
  2026                                                          
                                 143.     145.     146.     147.          581.
 
  2027         148.     147.     148.     148.     149.     149.
               149.     147.                                             1186.
 
        R35 monthly CPI index            PAGE   5, SERIES series

 C 17  Final weights for irregular component
  From  2015.Jan to 2026.Aug
  Observations        140
  Lower sigma limit    1.50
  Upper sigma limit    2.50
 -----------------------------------------------------------------------------
               Jan      Feb      Mar      Apr      May      Jun 
               Jul      Aug      Sep      Oct      Nov      Dec         S.D.  
 -----------------------------------------------------------------------------
  2015        100.0     35.4    100.0    100.0     41.2    100.0
              100.0    100.0    100.0     79.7    100.0    100.0           0.2
 
  2016        100.0    100.0    100.0    100.0    100.0     81.3
              100.0    100.0    100.0    100.0    100.0      0.0           0.2
 
  2017        100.0    100.0    100.0    100.0    100.0    100.0
              100.0    100.0    100.0    100.0    100.0    100.0           0.2
 
  2018        100.0    100.0    100.0      0.0    100.0    100.0
              100.0    100.0    100.0    100.0      0.0    100.0           0.2
 
  2019        100.0    100.0    100.0    100.0    100.0    100.0
              100.0    100.0    100.0    100.0    100.0    100.0           0.2
 
  2020        100.0    100.0    100.0      0.0    100.0    100.0
              100.0    100.0    100.0    100.0    100.0      0.0           0.2
 
  2021         73.9    100.0    100.0     94.1    100.0    100.0
              100.0    100.0      0.0    100.0    100.0    100.0           0.2
 
  2022        100.0    100.0    100.0    100.0    100.0    100.0
              100.0    100.0     49.0    100.0    100.0    100.0           0.3
 
  2023        100.0    100.0    100.0    100.0    100.0    100.0
              100.0    100.0    100.0     89.9      0.0      0.0           0.3
 
  2024        100.0     87.5    100.0    100.0    100.0     66.9
                0.0    100.0     97.0    100.0    100.0    100.0           0.2
 
  2025        100.0    100.0    100.0    100.0    100.0    100.0
              100.0    100.0    100.0    100.0      0.0    100.0           0.2
 
  2026        100.0    100.0    100.0    100.0    100.0    100.0
              100.0    100.0                                               0.2
 
        R35 monthly CPI index            PAGE   6, SERIES series

 D 8  Final unmodified SI ratios
  From  2015.Jan to 2026.Aug
  Observations        140
 -----------------------------------------------------------------------------
               Jan      Feb      Mar      Apr      May      Jun 
               Jul      Aug      Sep      Oct      Nov      Dec         AVGE  
 -----------------------------------------------------------------------------
  2015        100.3     99.8    100.3    100.3    100.7    100.0
              100.1     99.3     99.0    100.0    100.1    100.2         100.0
 
  2016        100.0    100.5    100.3    100.1    100.3    100.4
               99.9     99.6     99.0     99.6    100.1     99.9         100.0
 
  2017        100.1    100.0    100.7    100.3    100.3     99.9
               99.9     99.4     99.1     99.6    100.0    100.5         100.0
 
  2018        100.3    100.5    100.4    100.7    100.1    100.2
               99.9     99.2     98.9     99.8    100.7    100.8         100.1
 
  2019        100.2    100.3    100.5    100.1    100.0    100.2
               99.9     98.9     98.9    100.2     99.9    100.7         100.0
 
  2020        100.6    100.2    100.4     99.2    100.0    100.2
              100.2     99.1     98.5    100.2    100.3    101.4         100.0
 
  2021        100.1    100.3    100.1     99.8    100.6    100.3
              100.1     99.1     99.4    100.3     99.8    100.3         100.0
 
  2022        100.4    100.1    100.4    100.5    100.4    100.7
              100.1     98.6     97.7    100.1    100.2    100.2         100.0
 
  2023        100.6    100.4    100.6    100.3    100.5    100.6
              100.3     98.6     97.9     99.3     99.0    101.4         100.0
 
  2024        100.9    100.9    100.5    100.5    100.9    100.0
              100.7     98.4     97.7     99.6     99.5    100.9         100.0
 
  2025        101.1    100.6    100.4    100.5    101.0    100.4
               99.8     98.4     98.1     99.4    100.5    100.8         100.1
 
  2026        100.8    100.1    100.8    100.8    100.7    100.5
               99.7     98.5                                             100.2
 
  AVGE        100.5    100.3    100.4    100.2    100.5    100.3
              100.1     98.9     98.6     99.8    100.0    100.7

  Table Total-     14003.27   Mean-     100.02   Std. Dev.-       0.71
                              Min -      97.71        Max -     101.39
        R35 monthly CPI index            PAGE   7, SERIES series

 D 8.B  Final unmodified SI ratios, with labels for outliers and extreme values
  From  2015.Jan to 2026.Aug
  Observations        140
 ---------------------------------------------------------------------
               Jan       Feb       Mar       Apr       May       Jun  
               Jul       Aug       Sep       Oct       Nov       Dec  
 ---------------------------------------------------------------------
  2015       100.3      99.8*    100.3     100.3     100.7*    100.0  
             100.1      99.3      99.0     100.0*    100.1     100.2  
 
  2016       100.0     100.5     100.3     100.1     100.3     100.4* 
              99.9      99.6      99.0      99.6     100.1      99.9* 
 
  2017       100.1     100.0     100.7     100.3     100.3      99.9  
              99.9      99.4      99.1      99.6     100.0     100.5  
 
  2018       100.3     100.5     100.4     100.7*    100.1     100.2  
              99.9      99.2      98.9      99.8     100.7*    100.8  
 
  2019       100.2     100.3     100.5     100.1     100.0     100.2  
              99.9      98.9      98.9     100.2      99.9     100.7  
 
  2020       100.6     100.2     100.4      99.2*    100.0     100.2  
             100.2      99.1      98.5     100.2     100.3     101.4* 
 
  2021       100.1*    100.3     100.1      99.8*    100.6     100.3  
             100.1      99.1      99.4*    100.3      99.8     100.3  
 
  2022       100.4     100.1     100.4     100.5     100.4     100.7  
             100.1      98.6      97.7*    100.1     100.2     100.2  
 
  2023       100.6     100.4     100.6     100.3     100.5     100.6  
             100.3      98.6      97.9      99.3*     99.0*    101.4* 
 
  2024       100.9     100.9*    100.5     100.5     100.9     100.0* 
             100.7*     98.4      97.7*     99.6      99.5     100.9  
 
  2025       101.1     100.6     100.4     100.5     101.0     100.4  
              99.8      98.4      98.1      99.4     100.5*    100.8  
 
  2026       100.8     100.1     100.8     100.8     100.7     100.5  
              99.7      98.5                                          
 

  Key to symbols:
    *  : extreme value as determined by X-11 extreme value procedure
 
        R35 monthly CPI index            PAGE   8, SERIES series

 D 9  Final replacement values for SI ratios
  From  2015.Jan to 2026.Aug
  Observations        140
 ---------------------------------------------------------------
               Jan      Feb      Mar      Apr      May      Jun 
               Jul      Aug      Sep      Oct      Nov      Dec 
 ---------------------------------------------------------------
  2015     ********    100.1 ******** ********    100.4 ********
           ******** ******** ********    100.0 ******** ********
 
  2016     ******** ******** ******** ******** ********    100.3
           ******** ******** ******** ******** ********    100.4
 
  2017     ******** ******** ******** ******** ******** ********
           ******** ******** ******** ******** ******** ********
 
  2018     ******** ******** ********    100.2 ******** ********
           ******** ******** ******** ********    100.1 ********
 
  2019     ******** ******** ******** ******** ******** ********
           ******** ******** ******** ******** ******** ********
 
  2020     ******** ******** ********    100.1 ******** ********
           ******** ******** ******** ******** ********    100.6
 
  2021        100.2 ******** ********     99.9 ******** ********
           ******** ********     98.5 ******** ******** ********
 
  2022     ******** ******** ******** ******** ******** ********
           ******** ********     98.0 ******** ******** ********
 
  2023     ******** ******** ******** ******** ******** ********
           ******** ******** ********     99.3     99.8    100.6
 
  2024     ********    100.8 ******** ******** ********    100.2
              100.1 ********     97.7 ******** ******** ********
 
  2025     ******** ******** ******** ******** ******** ********
           ******** ******** ******** ********     99.8 ********
 
  2026     ******** ******** ******** ******** ******** ********
           ******** ********                                    
 

 D 9.A  Moving seasonality ratio
 ---------------------------------------------------------------
               Jan      Feb      Mar      Apr      May      Jun 
 ---------------------------------------------------------------
   I          0.216    0.280    0.207    0.197    0.188    0.213
   S          0.075    0.034    0.031    0.051    0.073    0.040
 RATIO        2.883    8.166    6.750    3.849    2.574    5.286



 ---------------------------------------------------------------
               Jul      Aug      Sep      Oct      Nov      Dec 
 ---------------------------------------------------------------
   I          0.127    0.181    0.183    0.253    0.280    0.190
   S          0.030    0.098    0.125    0.075    0.042    0.030
 RATIO        4.253    1.854    1.461    3.377    6.730    6.336



        R35 monthly CPI index            PAGE   9, SERIES series

 D 10  Final seasonal factors
  From  2015.Jan to 2026.Aug
  Observations        140
  Seasonal filter    3 x 5 moving average
 -----------------------------------------------------------------------------
               Jan      Feb      Mar      Apr      May      Jun 
               Jul      Aug      Sep      Oct      Nov      Dec         AVGE  
 -----------------------------------------------------------------------------
  2015       100.16   100.22   100.40   100.20   100.30   100.09
              99.97    99.40    99.01    99.73   100.06   100.45        100.00
 
  2016       100.17   100.25   100.42   100.20   100.27   100.10
              99.96    99.36    98.99    99.76   100.05   100.48        100.00
 
  2017       100.20   100.27   100.43   100.18   100.21   100.12
              99.95    99.29    98.95    99.81   100.06   100.54        100.00
 
  2018       100.23   100.27   100.43   100.15   100.19   100.14
              99.97    99.21    98.87    99.91   100.05   100.58        100.00
 
  2019       100.28   100.27   100.41   100.14   100.19   100.20
             100.00    99.11    98.73   100.00   100.05   100.57        100.00
 
  2020       100.34   100.25   100.38   100.15   100.25   100.29
             100.06    98.98    98.56   100.05   100.02   100.53         99.99
 
  2021       100.42   100.28   100.37   100.20   100.35   100.37
             100.11    98.85    98.34   100.02    99.99   100.51         99.98
 
  2022       100.52   100.34   100.37   100.26   100.51   100.42
             100.13    98.73    98.17    99.89    99.90   100.51         99.98
 
  2023       100.64   100.39   100.42   100.38   100.64   100.45
             100.08    98.62    98.04    99.75    99.85   100.56         99.98
 
  2024       100.74   100.43   100.48   100.47   100.74   100.46
             100.02    98.52    97.98    99.61    99.80   100.64         99.99
 
  2025       100.82   100.45   100.54   100.55   100.79   100.43
              99.95    98.46    97.95    99.53    99.77   100.71        100.00
 
  2026       100.86   100.45   100.56   100.57   100.83   100.40
              99.90    98.45                                            100.25
 
  AVGE       100.45   100.32   100.43   100.29   100.44   100.29
             100.01    98.92    98.51    99.82    99.96   100.55

  Table Total-     14001.03   Mean-     100.01   Std. Dev.-       0.65
                              Min -      97.95        Max -     100.86

 D 10.A  Final seasonal component forecasts
  From  2026.Sep to 2027.Aug
  Observations         12
 -----------------------------------------------------------------------------
               Jan      Feb      Mar      Apr      May      Jun 
               Jul      Aug      Sep      Oct      Nov      Dec         AVGE  
 -----------------------------------------------------------------------------
  2026                                                          
                                97.95    99.51    99.74   100.76         99.49
 
  2027       100.88   100.44   100.56   100.60   100.84   100.40
              99.86    98.44                                            100.25
 
        R35 monthly CPI index            PAGE  10, SERIES series

 D 11  Final seasonally adjusted data
  From  2015.Jan to 2026.Aug
  Observations        140
 -----------------------------------------------------------------------------
               Jan      Feb      Mar      Apr      May      Jun 
               Jul      Aug      Sep      Oct      Nov      Dec        TOTAL  
 -----------------------------------------------------------------------------
  2015         100.      99.      99.     100.     100.     100.
               100.     100.     100.     101.     100.     100.         1200.
 
  2016         100.     101.     100.     100.     100.     101.
               101.     101.     101.     100.     101.     100.         1206.
 
  2017         101.     101.     101.     101.     101.     101.
               101.     102.     102.     101.     102.     102.         1215.
 
  2018         102.     103.     103.     103.     103.     103.
               103.     103.     104.     103.     104.     104.         1238.
 
  2019         104.     104.     104.     104.     104.     104.
               104.     105.     106.     106.     106.     107.         1258.
 
  2020         108.     107.     107.     106.     107.     107.
               107.     107.     107.     107.     107.     108.         1285.
 
  2021         106.     106.     106.     107.     108.     108.
               109.     111.     112.     112.     112.     113.         1311.
 
  2022         114.     115.     117.     119.     119.     121.
               121.     123.     124.     126.     127.     128.         1454.
 
  2023         129.     130.     130.     131.     131.     132.
               133.     133.     133.     132.     132.     135.         1582.
 
  2024         135.     135.     135.     135.     135.     134.
               136.     135.     136.     137.     137.     138.         1626.
 
  2025         139.     139.     139.     140.     140.     141.
               141.     141.     142.     142.     143.     142.         1689.
 
  2026         142.     142.     144.     144.     144.     145.
               145.     145.                                             1151.
 
  AVGE         115.     115.     115.     116.     116.     116.
               117.     117.     115.     115.     116.     116.

  Table Total-     16214.62   Mean-     115.82   Std. Dev.-      15.90
                              Min -      99.18        Max -     145.16
        R35 monthly CPI index            PAGE  11, SERIES series

 D 12  Final trend cycle
  From  2015.Jan to 2026.Aug
  Observations        140
  Trend filter     9-term Henderson moving average
  I/C ratio        0.67
 -----------------------------------------------------------------------------
               Jan      Feb      Mar      Apr      May      Jun 
               Jul      Aug      Sep      Oct      Nov      Dec        TOTAL  
 -----------------------------------------------------------------------------
  2015         100.     100.     100.     100.     100.     100.
               100.     100.     100.     100.     100.     100.         1200.
 
  2016         100.     100.     100.     100.     100.     101.
               101.     101.     101.     101.     101.     100.         1206.
 
  2017         101.     101.     101.     101.     101.     101.
               101.     101.     101.     102.     102.     102.         1215.
 
  2018         102.     102.     103.     103.     103.     103.
               103.     103.     103.     104.     104.     104.         1237.
 
  2019         104.     104.     104.     104.     104.     104.
               105.     105.     105.     106.     107.     107.         1258.
 
  2020         107.     107.     107.     107.     107.     107.
               107.     107.     107.     107.     107.     107.         1285.
 
  2021         106.     106.     106.     107.     108.     109.
               110.     110.     111.     112.     112.     113.         1311.
 
  2022         114.     116.     117.     118.     120.     121.
               122.     123.     124.     126.     127.     128.         1454.
 
  2023         129.     130.     130.     131.     132.     132.
               133.     133.     133.     133.     133.     134.         1582.
 
  2024         134.     135.     135.     135.     135.     135.
               135.     135.     136.     136.     137.     138.         1625.
 
  2025         139.     139.     139.     140.     140.     141.
               141.     141.     142.     142.     142.     142.         1688.
 
  2026         143.     143.     143.     144.     144.     145.
               145.     145.                                             1151.
 
  AVGE         115.     115.     115.     116.     116.     116.
               117.     117.     115.     115.     116.     116.

  Table Total-     16211.95   Mean-     115.80   Std. Dev.-      15.89
                              Min -      99.52        Max -     145.12
        R35 monthly CPI index            PAGE  12, SERIES series

 D 13  Final irregular component
  From  2015.Jan to 2026.Aug
  Observations        140
 -----------------------------------------------------------------------------
               Jan      Feb      Mar      Apr      May      Jun 
               Jul      Aug      Sep      Oct      Nov      Dec         S.D.  
 -----------------------------------------------------------------------------
  2015        100.2     99.6     99.9    100.1    100.3     99.9
              100.1     99.9     99.9    100.3    100.0     99.9           0.2
 
  2016         99.9    100.3     99.9     99.9    100.0    100.2
               99.9    100.2    100.0     99.9    100.1     99.5           0.2
 
  2017         99.9     99.8    100.2    100.0    100.1     99.8
              100.0    100.1    100.2     99.8     99.9    100.0           0.1
 
  2018        100.0    100.1     99.9    100.5     99.9    100.1
              100.0    100.0    100.1     99.9    100.6    100.1           0.3
 
  2019         99.9    100.0    100.1    100.0     99.9    100.1
              100.0     99.8    100.1    100.1     99.8    100.1           0.1
 
  2020        100.2     99.9    100.0     99.1     99.9    100.0
              100.1    100.0     99.8    100.0    100.2    100.8           0.4
 
  2021         99.8    100.1     99.9     99.8    100.3     99.9
               99.9    100.1    101.0    100.2     99.8     99.9           0.3
 
  2022        100.0     99.9    100.1    100.2     99.8    100.2
               99.9     99.8     99.6    100.2    100.3     99.7           0.2
 
  2023        100.0    100.0    100.1     99.9     99.8    100.1
              100.2    100.0    100.0     99.7     99.2    100.8           0.4
 
  2024        100.0    100.3     99.9     99.9    100.1     99.6
              100.8    100.0     99.9    100.1     99.7    100.2           0.3
 
  2025        100.2    100.0     99.8     99.9    100.2    100.0
               99.9    100.0    100.2     99.9    100.7    100.1           0.2
 
  2026        100.0     99.7    100.2    100.2     99.9    100.1
               99.9    100.0                                               0.2
 
  S.D.          0.1      0.2      0.1      0.3      0.2      0.2
                0.3      0.1      0.3      0.2      0.4      0.4

  Table Total-     14002.21   Mean-     100.02   Std. Dev.-       0.25
                              Min -      99.12        Max -     101.00
        R35 monthly CPI index            PAGE  13, SERIES series

 D 16  Combined adjustment factors
  From  2015.Jan to 2026.Aug
  Observations        140
 -----------------------------------------------------------------------------
               Jan      Feb      Mar      Apr      May      Jun 
               Jul      Aug      Sep      Oct      Nov      Dec         AVGE  
 -----------------------------------------------------------------------------
  2015       100.16   100.22   100.40   100.20   100.30   100.09
              99.97    99.40    99.01    99.73   100.06   100.45        100.00
 
  2016       100.17   100.25   100.42   100.20   100.27   100.10
              99.96    99.36    98.99    99.76   100.05   100.48        100.00
 
  2017       100.20   100.27   100.43   100.18   100.21   100.12
              99.95    99.29    98.95    99.81   100.06   100.54        100.00
 
  2018       100.23   100.27   100.43   100.15   100.19   100.14
              99.97    99.21    98.87    99.91   100.05   100.58        100.00
 
  2019       100.28   100.27   100.41   100.14   100.19   100.20
             100.00    99.11    98.73   100.00   100.05   100.57        100.00
 
  2020       100.34   100.25   100.38   100.15   100.25   100.29
             100.06    98.98    98.56   100.05   100.02   100.53         99.99
 
  2021       100.42   100.28   100.37   100.20   100.35   100.37
             100.11    98.85    98.34   100.02    99.99   100.51         99.98
 
  2022       100.52   100.34   100.37   100.26   100.51   100.42
             100.13    98.73    98.17    99.89    99.90   100.51         99.98
 
  2023       100.64   100.39   100.42   100.38   100.64   100.45
             100.08    98.62    98.04    99.75    99.85   100.56         99.98
 
  2024       100.74   100.43   100.48   100.47   100.74   100.46
             100.02    98.52    97.98    99.61    99.80   100.64         99.99
 
  2025       100.82   100.45   100.54   100.55   100.79   100.43
              99.95    98.46    97.95    99.53    99.77   100.71        100.00
 
  2026       100.86   100.45   100.56   100.57   100.83   100.40
              99.90    98.45                                            100.25
 
  AVGE       100.45   100.32   100.43   100.29   100.44   100.29
             100.01    98.92    98.51    99.82    99.96   100.55

  Table Total-     14001.03   Mean-     100.01   Std. Dev.-       0.65
                              Min -      97.95        Max -     100.86

 D 16.A  Combined adjustment component forecasts
  From  2026.Sep to 2027.Aug
  Observations         12
 -----------------------------------------------------------------------------
               Jan      Feb      Mar      Apr      May      Jun 
               Jul      Aug      Sep      Oct      Nov      Dec         AVGE  
 -----------------------------------------------------------------------------
  2026                                                          
                                97.95    99.51    99.74   100.76         99.49
 
  2027       100.88   100.44   100.56   100.60   100.84   100.40
              99.86    98.44                                            100.25
 
        R35 monthly CPI index            PAGE  14, SERIES series

 E 4  Ratios of annual totals
  From          2015 to 2025
  Observations         11
 -----------------------------------
  Year       Unmodified     Modified
                  (D11)         (E2)
 -----------------------------------
  2015           100.00       100.00
 
  2016           100.00       100.00
 
  2017           100.00       100.00
 
  2018           100.00       100.00
 
  2019           100.00       100.00
 
  2020            99.99        99.99
 
  2021            99.98        99.98
 
  2022            99.97        99.97
 
  2023            99.98        99.98
 
  2024            99.99        99.99
 
  2025            99.99        99.99
 
        R35 monthly CPI index            PAGE  15, SERIES series

 E 5  Month-to-month percent change in the original series
  From  2015.Feb to 2026.Aug
  Observations        139
 -----------------------------------------------------------------------------
               Jan      Feb      Mar      Apr      May      Jun 
               Jul      Aug      Sep      Oct      Nov      Dec         AVGE  
 -----------------------------------------------------------------------------
  2015                  -0.5      0.5      0.1      0.5     -0.6
                0.2     -0.7     -0.2      1.2      0.1      0.2           0.1
 
  2016         -0.3      0.4     -0.2     -0.2      0.3      0.2
               -0.4     -0.3     -0.6      0.6      0.5     -0.2          -0.0
 
  2017          0.2      0.1      0.8     -0.3      0.1     -0.3
                0.1     -0.4     -0.2      0.6      0.5      0.8           0.2
 
  2018          0.0      0.4      0.1      0.5     -0.5      0.3
               -0.1     -0.6     -0.2      0.9      1.0      0.1           0.2
 
  2019         -0.5      0.2      0.3     -0.3      0.1      0.3
                0.0     -0.7      0.4      1.8      0.3      1.2           0.3
 
  2020          0.2     -0.3      0.2     -1.3      0.8      0.1
               -0.1     -1.2     -0.7      1.7      0.0      1.0           0.0
 
  2021         -1.4      0.1      0.0      0.2      1.4      0.5
                0.6     -0.3      1.0      1.4      0.1      1.2           0.4
 
  2022          1.1      0.9      1.5      1.2      0.8      1.2
                0.2     -0.5      0.3      3.6      1.1      0.9           1.0
 
  2023          1.0      0.4      0.7      0.3      0.7      0.5
                0.1     -1.6     -0.6      1.5     -0.1      2.8           0.5
 
  2024         -0.1      0.1     -0.4      0.0      0.4     -0.7
                0.9     -2.0     -0.4      2.4      0.4      1.9           0.2
 
  2025          0.6     -0.3      0.1      0.4      0.9     -0.2
               -0.4     -1.1     -0.1      1.6      1.2      0.3           0.3
 
  2026          0.2     -0.4      1.0      0.3      0.2     -0.1
               -0.6     -1.0                                              -0.0
 
  AVGE          0.1      0.1      0.4      0.1      0.5      0.1
                0.1     -0.9     -0.1      1.6      0.5      0.9

  Table Total-        36.28   Mean-       0.26   Std. Dev.-       0.84
                              Min -      -1.99        Max -       3.62
        R35 monthly CPI index            PAGE  16, SERIES series

 E 6  Month-to-month percent change in seasonally adjusted series (D11)
  From  2015.Feb to 2026.Aug
  Observations        139
 -----------------------------------------------------------------------------
               Jan      Feb      Mar      Apr      May      Jun 
               Jul      Aug      Sep      Oct      Nov      Dec         AVGE  
 -----------------------------------------------------------------------------
  2015                  -0.6      0.3      0.3      0.4     -0.4
                0.3     -0.1      0.2      0.5     -0.2     -0.2           0.0
 
  2016         -0.0      0.3     -0.4      0.0      0.2      0.4
               -0.3      0.3     -0.2     -0.2      0.2     -0.6          -0.0
 
  2017          0.5      0.0      0.6     -0.0      0.1     -0.2
                0.3      0.3      0.2     -0.3      0.2      0.3           0.2
 
  2018          0.3      0.4     -0.1      0.8     -0.5      0.3
                0.1      0.2      0.1     -0.2      0.8     -0.4           0.2
 
  2019         -0.2      0.2      0.1     -0.0      0.0      0.3
                0.2      0.2      0.8      0.5      0.2      0.7           0.3
 
  2020          0.4     -0.2      0.1     -1.1      0.7      0.1
                0.1     -0.1     -0.2      0.2      0.0      0.5           0.0
 
  2021         -1.3      0.2     -0.1      0.4      1.3      0.4
                0.9      1.0      1.5     -0.3      0.1      0.7           0.4
 
  2022          1.1      1.1      1.4      1.3      0.6      1.3
                0.5      0.9      0.9      1.8      1.1      0.3           1.0
 
  2023          0.9      0.6      0.7      0.3      0.4      0.7
                0.4     -0.1     -0.0     -0.3     -0.2      2.1           0.5
 
  2024         -0.3      0.5     -0.4      0.0      0.2     -0.5
                1.3     -0.5      0.2      0.7      0.2      1.1           0.2
 
  2025          0.5      0.1     -0.0      0.4      0.6      0.1
                0.1      0.4      0.4     -0.0      1.0     -0.6           0.2
 
  2026          0.1     -0.0      0.9      0.3     -0.0      0.4
               -0.1      0.4                                               0.2
 
  AVGE          0.2      0.2      0.3      0.2      0.3      0.2
                0.3      0.2      0.3      0.2      0.3      0.3

  Table Total-        37.76   Mean-       0.27   Std. Dev.-       0.59
                              Min -      -1.28        Max -       2.07
        R35 monthly CPI index            PAGE  17, SERIES series

 E 7  Month-to-month percent change in final trend cycle (D12)
  From  2015.Feb to 2026.Aug
  Observations        139
 -----------------------------------------------------------------------------
               Jan      Feb      Mar      Apr      May      Jun 
               Jul      Aug      Sep      Oct      Nov      Dec         AVGE  
 -----------------------------------------------------------------------------
  2015                   0.0      0.1      0.1      0.1      0.1
                0.1      0.1      0.2      0.1      0.0     -0.0           0.1
 
  2016         -0.1     -0.0      0.0      0.0      0.1      0.1
                0.1      0.0     -0.1     -0.1     -0.1     -0.0           0.0
 
  2017          0.1      0.2      0.2      0.1      0.1      0.0
                0.1      0.1      0.1      0.1      0.1      0.2           0.1
 
  2018          0.3      0.2      0.2      0.1      0.1      0.2
                0.2      0.1      0.1      0.1      0.1      0.1           0.1
 
  2019          0.1      0.1      0.1      0.1      0.1      0.1
                0.3      0.4      0.5      0.5      0.5      0.4           0.3
 
  2020          0.3      0.1     -0.1     -0.2     -0.1     -0.1
               -0.0     -0.0     -0.0     -0.0     -0.1     -0.2          -0.0
 
  2021         -0.2     -0.1      0.2      0.5      0.7      0.8
                0.9      0.8      0.7      0.5      0.5      0.7           0.5
 
  2022          1.0      1.2      1.3      1.2      1.0      0.8
                0.8      1.0      1.2      1.2      1.0      0.8           1.0
 
  2023          0.7      0.6      0.6      0.5      0.5      0.5
                0.3      0.1     -0.0      0.1      0.3      0.5           0.4
 
  2024          0.4      0.2      0.0     -0.1     -0.0      0.1
                0.2      0.2      0.3      0.5      0.6      0.6           0.2
 
  2025          0.4      0.3      0.2      0.3      0.3      0.3
                0.3      0.3      0.3      0.2      0.1      0.1           0.3
 
  2026          0.2      0.3      0.4      0.3      0.2      0.2
                0.2      0.2                                               0.2
 
  AVGE          0.3      0.3      0.3      0.3      0.3      0.3
                0.3      0.3      0.3      0.3      0.3      0.3

  Table Total-        37.84   Mean-       0.27   Std. Dev.-       0.42
                              Min -      -0.23        Max -       1.26
        R35 monthly CPI index            PAGE  18, SERIES series

 E 8  Month-to-month percent change in original series adjusted for calendar factors (A18)
  From  2015.Feb to 2026.Aug
  Observations        139
 -----------------------------------------------------------------------------
               Jan      Feb      Mar      Apr      May      Jun 
               Jul      Aug      Sep      Oct      Nov      Dec         AVGE  
 -----------------------------------------------------------------------------
  2015                  -0.5      0.5      0.1      0.5     -0.6
                0.2     -0.7     -0.2      1.2      0.1      0.2           0.1
 
  2016         -0.3      0.4     -0.2     -0.2      0.3      0.2
               -0.4     -0.3     -0.6      0.6      0.5     -0.2          -0.0
 
  2017          0.2      0.1      0.8     -0.3      0.1     -0.3
                0.1     -0.4     -0.2      0.6      0.5      0.8           0.2
 
  2018          0.0      0.4      0.1      0.5     -0.5      0.3
               -0.1     -0.6     -0.2      0.9      1.0      0.1           0.2
 
  2019         -0.5      0.2      0.3     -0.3      0.1      0.3
                0.0     -0.7      0.4      1.8      0.3      1.2           0.3
 
  2020          0.2     -0.3      0.2     -1.3      0.8      0.1
               -0.1     -1.2     -0.7      1.7      0.0      1.0           0.0
 
  2021         -1.4      0.1      0.0      0.2      1.4      0.5
                0.6     -0.3      1.0      1.4      0.1      1.2           0.4
 
  2022          1.1      0.9      1.5      1.2      0.8      1.2
                0.2     -0.5      0.3      3.6      1.1      0.9           1.0
 
  2023          1.0      0.4      0.7      0.3      0.7      0.5
                0.1     -1.6     -0.6      1.5     -0.1      2.8           0.5
 
  2024         -0.1      0.1     -0.4      0.0      0.4     -0.7
                0.9     -2.0     -0.4      2.4      0.4      1.9           0.2
 
  2025          0.6     -0.3      0.1      0.4      0.9     -0.2
               -0.4     -1.1     -0.1      1.6      1.2      0.3           0.3
 
  2026          0.2     -0.4      1.0      0.3      0.2     -0.1
               -0.6     -1.0                                              -0.0
 
  AVGE          0.1      0.1      0.4      0.1      0.5      0.1
                0.1     -0.9     -0.1      1.6      0.5      0.9

  Table Total-        36.28   Mean-       0.26   Std. Dev.-       0.84
                              Min -      -1.99        Max -       3.62
        R35 monthly CPI index            PAGE  19, SERIES series

 E 18  Final adjustment ratios
  From  2015.Jan to 2026.Aug
  Observations        140
 -----------------------------------------------------------------------------
               Jan      Feb      Mar      Apr      May      Jun 
               Jul      Aug      Sep      Oct      Nov      Dec         AVGE  
 -----------------------------------------------------------------------------
  2015        100.2    100.2    100.4    100.2    100.3    100.1
              100.0     99.4     99.0     99.7    100.1    100.4         100.0
 
  2016        100.2    100.2    100.4    100.2    100.3    100.1
              100.0     99.4     99.0     99.8    100.1    100.5         100.0
 
  2017        100.2    100.3    100.4    100.2    100.2    100.1
              100.0     99.3     98.9     99.8    100.1    100.5         100.0
 
  2018        100.2    100.3    100.4    100.1    100.2    100.1
              100.0     99.2     98.9     99.9    100.0    100.6         100.0
 
  2019        100.3    100.3    100.4    100.1    100.2    100.2
              100.0     99.1     98.7    100.0    100.1    100.6         100.0
 
  2020        100.3    100.3    100.4    100.1    100.2    100.3
              100.1     99.0     98.6    100.1    100.0    100.5         100.0
 
  2021        100.4    100.3    100.4    100.2    100.3    100.4
              100.1     98.9     98.3    100.0    100.0    100.5         100.0
 
  2022        100.5    100.3    100.4    100.3    100.5    100.4
              100.1     98.7     98.2     99.9     99.9    100.5         100.0
 
  2023        100.6    100.4    100.4    100.4    100.6    100.5
              100.1     98.6     98.0     99.8     99.8    100.6         100.0
 
  2024        100.7    100.4    100.5    100.5    100.7    100.5
              100.0     98.5     98.0     99.6     99.8    100.6         100.0
 
  2025        100.8    100.4    100.5    100.5    100.8    100.4
              100.0     98.5     97.9     99.5     99.8    100.7         100.0
 
  2026        100.9    100.5    100.6    100.6    100.8    100.4
               99.9     98.4                                             100.3
 
  AVGE        100.4    100.3    100.4    100.3    100.4    100.3
              100.0     98.9     98.5     99.8    100.0    100.6

  Table Total-     14001.03   Mean-     100.01   Std. Dev.-       0.65
                              Min -      97.95        Max -     100.86

 E 18.A  Final adjustment ratio forecasts
  From  2026.Sep to 2027.Aug
  Observations         12
 -----------------------------------------------------------------------------
               Jan      Feb      Mar      Apr      May      Jun 
               Jul      Aug      Sep      Oct      Nov      Dec         AVGE  
 -----------------------------------------------------------------------------
  2026                                                          
                                 98.0     99.5     99.7    100.8          99.5
 
  2027        100.9    100.4    100.6    100.6    100.8    100.4
               99.9     98.4                                             100.3
 

  QS statistic for seasonality:
  log(Original Series)                               57.90  (P-Value =     0.0000)
  log(Original Series (EV adj))                      57.90  (P-Value =     0.0000)
  Residuals                                           0.00  (P-Value =     1.0000)
  log(Seasonally Adjusted Series)                     0.00  (P-Value =     1.0000)
  log(SA Series (EV adj))                             0.00  (P-Value =     1.0000)
  Irregular Series                                    0.00  (P-Value =     1.0000)
  Irregular Series (EV adj)                           0.00  (P-Value =     1.0000)

  QS statistic for seasonality (starting 2018.Sep):
  log(Original Series)                               46.12  (P-Value =     0.0000)
  log(Original Series (EV adj))                      46.12  (P-Value =     0.0000)
  Residuals                                           0.00  (P-Value =     1.0000)
  log(Seasonally Adjusted Series)                     0.00  (P-Value =     1.0000)
  log(SA Series (EV adj))                             0.00  (P-Value =     1.0000)
  Irregular Series                                    0.00  (P-Value =     1.0000)
  Irregular Series (EV adj)                           0.00  (P-Value =     1.0000)
        R35 monthly CPI index            PAGE  20, SERIES series
 G 0  10*LOG(SPECTRUM) of the differenced, transformed Original Series
      (Table A1 or B1).  Spectrum estimated from 2018.Sep to 2026.Aug.
 ++++++++++I+++++++++++++++++++++++++++++++++++++++++++++++++++++++++++++I
     -31.76I                    S                                        I    -31.76
           I                    S                                        I
           I                    S                                        I
           I                    S                                        I
     -33.24I                    S                             S          I    -33.24
           I          S         S                   S         S          I
           I          S         S                   S         S          I
           I          S         S                   S         S          I
     -34.71I          S         S                   S         S          I    -34.71
           I          S         S                   S         S          I
           I          S         S         S         S         S          I
           I  *       S         S         S         S         S          I
     -36.19I  *       S         S         S         S         S          I    -36.19
           I  *       S         S         S         S         S          I
           I  *       S         S*        S         S         S          I
           I  *       S         S*        S         S         S          I
     -37.67I  *       S         S*        S         S         S          I    -37.67
           I  *       S         S*        S         S         S          I
           I  *       S        *S*        S         S         S*         I
           I  *       S        *S*        S         S        *S* *       I
     -39.15I  **      S        *S*        S         S        *S* *       I    -39.15
           I  **      S        *S*        S         S        *S* *       I
           I  **      S        *S*        S         S        *S* *       I
           I  **     *S        *S*        S         S        *S*T*       I
     -40.63I  **     *S        *S*        S         S        *S*T*       I    -40.63
           I  **     *S        *S*        S         S        *S*T*       I
           I ***     *S        *S*        S         S        *S*T*       I
           I ***     *S*       *S*        S         S        *S*T*       I
     -42.11I ***     *S*       *S*        S         S      * *S*T*       I    -42.11
           I ***     *S*      **S*        S         S      ***S*T*       I
           I ***     *S*      **S*        S         S*     ***S*T*       I
           I****     *S*      **S**       S     *  *S*     ***S*T*       I
     -43.59I****     *S*      **S**       S     *  *S*    ****S*T*       I    -43.59
           I*****    *S*      **S**  *    S    **  *S*    ****S*T*      SI
           I*****    *S*      **S**  *    S*   **  *S*    ****S*T*      SI
           I*****    *S*      **S**  *    S*   **  *S*    ****S*T*      SI
     -45.07I*****   **S**    ***S**  **  *S*   **  *S*    ****S*T**     SI    -45.07
           I*****   **S**    ***S** ***  *S*   **  *S*    ****S*T**     SI
           I*****   **S****  ***S******  *S*   **  *S*    ****S*T**    *SI
           I******  **S*********S******  *S*   *** *S*    ****S*T**    *SI
     -46.55I******  **S*********S******  *S*   *****S*    ****S*T**    *SI    -46.55
           I**********S*********S******  *S*   *****S*    ****S*T**    *SI
           I**********S*********S******  *S*   *****S*    ****S*T**    *SI
           I**********S*********S******* *S*   *****S*    ****S*T**    *SI
     -48.03I**********S*********S*********S*  ******S*   *****S*T**    *SI    -48.03
           I**********S*********S*********S*  ******S*   *****S*T**    *SI
           I**********S*********S*********S** ******S*T  *****S*T**    *SI
           I**********S*********S*********S** ******S*T  *****S*T**   **SI
     -49.51I**********S*********S*********S** ******S*T  *****S*T***  **SI    -49.51
           I**********S*********S*********S*********S*T  *****S*T***  **SI
           I**********S*********S*********S*********S*T  *****S*T***  **SI
           I**********S*********S*********S*********S*T ******S*T***  **SI
     -50.99I**********S*********S*********S*********S*T*******S*T*******SI    -50.99
 ++++++++++I+++++++++++++++++++++++++++++++++++++++++++++++++++++++++++++I
            S=SEASONAL FREQUENCIES, T=TRADING DAY FREQUENCIES
        R35 monthly CPI index            PAGE  21, SERIES series
 G 1  10*LOG(SPECTRUM) of the differenced, transformed seasonally adjusted 
      data (Table D11).  Spectrum estimated from 2018.Sep to 2026.Aug.
 ++++++++++I+++++++++++++++++++++++++++++++++++++++++++++++++++++++++++++I
     -34.61I                                                     *       I    -34.61
           I                                                     *       I
           I                                                     *       I
           I  *                                                  *       I
     -36.16I  *                                                  *       I    -36.16
           I  *                                                  *       I
           I  *                                                  *       I
           I  *                                                  *       I
     -37.70I  *                                                  *       I    -37.70
           I  *                                                  *       I
           I  *                                                  *       I
           I  *                                                  *       I
     -39.25I  *                                                  *       I    -39.25
           I  *                                                  *       I
           I  **                                                 *       I
           I  **                                                 *       I
     -40.80I  **                                                 *       I    -40.80
           I  **                      *                          *       I
           I ***                      *                          *       I
           I ***                      *                          *       I
     -42.34I ***             *        *                    *     *       I    -42.34
           I ***             *        *                    **    *       I
           I ****            *    *   *         *          **    *       I
           I*****            *    *   *         *         ***    *       I
     -43.89I*****            *    *   *        **         ***    *       I    -43.89
           I*****            *    *   *        **         ***    *       I
           I******      *    *    **  *        **         ***   T*       I
           I******      **   *    **  *        **         ***   T*       I
     -45.44I******      **  **    **  *        **         ****  T*       I    -45.44
           I******      **  **    **  *        **         ****  T*       I
           I******      **  **    **  *        **  *      ****  T*       I
           I******     ***  **    **  *        **  *      ****  T**      I
     -46.98I******     **** **    **  *        **  *S     ****  T**      I    -46.98
           I*******    **** **    ** **        **  *S     ****  T**      I
           I*******    *******    ** **        **  *S    *****S*T**      I
           I*******    *******    ** **        *** *S    *****S*T**      I
     -48.53I*******    ********   ** ***       *****S    *****S*T**      I    -48.53
           I*******    ********   ******       *****S    *****S*T**   *  I
           I*******   S********   ******       *****S    *****S*T**   *  I
           I*******   S********   ******      ******S    *****S*T**  **  I
     -50.08I********  S********   ******      ******S    *****S*T**  *** I    -50.08
           I********  S********  *******      ******S*   *****S*T*** *** I
           I********  S********  *******      ******S*   *****S*T*** *** I
           I******** *S********  *******      ******S*  ******S*T*******SI
     -51.62I**********S********  *******    ********S*  ******S*T*******SI    -51.62
           I**********S********  *******    ********S*  ******S*T*******SI
           I**********S********* *******   *********S*  ******S*T*******SI
           I**********S*********S*******   *********S*  ******S*T*******SI
     -53.17I**********S*********S*******   *********S*T ******S*T*******SI    -53.17
           I**********S*********S********  *********S*T*******S*T*******SI
           I**********S*********S********  *********S*T*******S*T*******SI
           I**********S*********S******** S*********S*T*******S*T*******SI
     -54.72I**********S*********S*********S*********S*T*******S*T*******SI    -54.72
 ++++++++++I+++++++++++++++++++++++++++++++++++++++++++++++++++++++++++++I
            S=SEASONAL FREQUENCIES, T=TRADING DAY FREQUENCIES
        R35 monthly CPI index            PAGE  22, SERIES series
 G 2  10*LOG(SPECTRUM) of the Irregular (Table D13).  
      Spectrum estimated from 2018.Sep to 2026.Aug.
 ++++++++++I+++++++++++++++++++++++++++++++++++++++++++++++++++++++++++++I
     -40.59I                                                     *       I    -40.59
           I                                                     *       I
           I                                                     *       I
           I                                                     *       I
     -42.53I                                                     *       I    -42.53
           I                                                     *       I
           I                                                     *       I
           I                          *                          *       I
     -44.48I                          *                          *       I    -44.48
           I                          *                          *       I
           I                          *                          *       I
           I                          *                          *       I
     -46.42I                 *    *   *                          *       I    -46.42
           I                 *    *   *         *                *       I
           I                 *    *   *         *                *       I
           I                 *    **  *        **                *       I
     -48.37I                 *    **  *        **          **    *       I    -48.37
           I                 *    **  *        **          **    *       I
           I                 *    ** **        **         ***    *       I
           I                 *    ** **        **         ***    *       I
     -50.31I           *     *    ** **        **         ***   T*       I    -50.31
           I           *     *    *****        **         ***   T*       I
           I           **    **   *****        **  *      ****  T*       I
           I   *       **    **   ******       **  *S     ****  T*       I
     -52.26I   *       **    **   ******       *** *S     ****  T**      I    -52.26
           I   *       **   ***  *******       *** *S    *****  T**      I
           I   *      S**   ***  *******      ******S    *****  T**      I
           I   **     S**   ***  *******      ******S    *****S*T**      I
     -54.20I   **   **S**   ***  *******      ******S    *****S*T**      I    -54.20
           I   **   **S**   **** *******    * ******S    *****S*T**      I
           I   **   **S***  ****S*******   *********S    *****S*T**   *  I
           I   **   **S***  ****S*******   *********S*   *****S*T**  **  I
     -56.15I   **   **S*** *****S*******   *********S*   *****S*T*** **  I    -56.15
           I   **  ***S*** *****S********  *********S*  ******S*T*** *** I
           I   **  ***S*********S******** S*********S*  ******S*T*******SI
           I   **  ***S*********S******** S*********S*  ******S*T*******SI
     -58.09I   **  ***S*********S*********S*********S*T ******S*T*******SI    -58.09
           I   *** ***S*********S*********S*********S*T*******S*T*******SI
           I   *******S*********S*********S*********S*T*******S*T*******SI
           I   *******S*********S*********S*********S*T*******S*T*******SI
     -60.04I   *******S*********S*********S*********S*T*******S*T*******SI    -60.04
           I   *******S*********S*********S*********S*T*******S*T*******SI
           I  ********S*********S*********S*********S*T*******S*T*******SI
           I  ********S*********S*********S*********S*T*******S*T*******SI
     -61.98I  ********S*********S*********S*********S*T*******S*T*******SI    -61.98
           I  ********S*********S*********S*********S*T*******S*T*******SI
           I  ********S*********S*********S*********S*T*******S*T*******SI
           I  ********S*********S*********S*********S*T*******S*T*******SI
     -63.93I  ********S*********S*********S*********S*T*******S*T*******SI    -63.93
           I  ********S*********S*********S*********S*T*******S*T*******SI
           I *********S*********S*********S*********S*T*******S*T*******SI
           I *********S*********S*********S*********S*T*******S*T*******SI
     -65.87I**********S*********S*********S*********S*T*******S*T*******SI    -65.87
 ++++++++++I+++++++++++++++++++++++++++++++++++++++++++++++++++++++++++++I
            S=SEASONAL FREQUENCIES, T=TRADING DAY FREQUENCIES
        R35 monthly CPI index            PAGE  23, SERIES series

  Peak probabilities for Tukey spectrum estimator
  Spectrum estimated from 2018.Sep to 2026.Aug.

                                          S1       S2       S3       S4       S5       S6       TD
                                        ------   ------   ------   ------   ------   ------   ------
  Model Residuals                        0.131    0.119    0.617    0.904*   0.033    0.823    0.822  
  Original Series (Table A1 or B1)       0.689    0.997**  0.996**  0.987*   0.993**  0.775    0.061  
  Seasonally adjusted series (D11)       0.225    0.068    0.537    0.941*   0.376    0.407    0.590  
  Irregular (D13)                        0.660    0.138    0.529    0.943*   0.398    0.427    0.558  
  ----------
     ** - Peak Probability > 0.99,
      * - 0.90 < Peak Probability < 0.99



  NP statistic for residual seasonality:

  NP statistic for residual seasonality (Full series)
                                                  Residual Seasonality?
  log(Seasonally Adjusted Series)                          no
  log(Seasonally Adjusted Series (EV adj))                 no

  NP statistic for residual seasonality (Series start in 2018.Sep)
                                                  Residual Seasonality?
  log(Seasonally Adjusted Series)                          no
  log(Seasonally Adjusted Series (EV adj))                 no
