  Reading input spec file from series.spc

1

               U. S. Department of Commerce, U. S. Census Bureau

              X-13ARIMA-SEATS monthly seasonal adjustment Method,
                          Release Version 1.1 Build 62


           This software application provides an enhanced version of
             Statistics Canada's X-11-ARIMA extension (Dagum, 1980)
                 of the X-11 variant of the Census Method II of
                      Shiskin, Young and Musgrave (1967).

            It also provides an ARIMA model-based method following
       Hillmer and Tiao (1982) and Burman (1980) that is very similar
       to the update of the method of SEATS (Gomez and Maravall, 1996)
                produced at the Bank of Spain by G. Caporello and
               A. Maravall for TSW (Caporello and Maravall, 2004).
          The present application includes additional enhancements.

         X-13ARIMA-SEATS includes an automatic ARIMA model selection procedure
          based largely on the procedure of Gomez and Maravall (1998)
            as implemented in TRAMO (1996) and subsequent revisions.

              Primary Programmers: Brian Monsell, Mark Otto and,
                 for the ARIMA model-based signal extraction,
                      Gianluca Caporello and Victor Gomez


     Series Title- R35 monthly CPI index
     Series Name- series
     Sep 22, 2026  22.39.36 

        -Period covered-  1st month,2015 to  8th month,2026
        -Type of run - multiplicative seasonal adjustment

        -Sigma limits for graduating extreme values are  1.5 and  2.5 .
        -3x3 moving average used in section 1 of each iteration, 
         3x5 moving average in section 2 of iterations B and C,
         moving average for final seasonal factors chosen by Global MSR.
        -Spectral plots generated for selected series
        -Spectral plots generated for series starting in 2018.Sep

 FILE SAVE REQUESTS (* indicates file exists and will be overwritten)
  series.d10  final seasonal factors
  series.d11  final seasonally adjusted data
  series.d12  final trend cycle
  series.d13  final irregular component
  series.out  program output file
  series.err  program error file
  series.udg  seasonal adjustment and model diagnostics file
        R35 monthly CPI index            PAGE   1, SERIES series

     Contents of spc file series.spc

 Line #
 ------
      1: series { title="R35 monthly CPI index" start=2015.1 period=12 data=(
      2: 99.5 99.599999999999994 99.599999999999994 99.700000000000003 100 100
      3: 100.09999999999999 100.2 100.3 100.3 100.3 100.40000000000001
      4: 100.7 100.7 100.90000000000001 100.90000000000001 101.2 101.2
      5: 101.3 101.5 101.59999999999999 102.09999999999999 102.8 105.3
      6: 106.09999999999999 106.7 107 107.3 107.59999999999999 107.7
      7: 108.09999999999999 108.3 109.3 109.5 109.7 109.90000000000001
      8: 110.5 110.59999999999999 110.90000000000001 111.09999999999999 111.5 111.7
      9: 112 112.09999999999999 112.59999999999999 113.2 113.8 114.2
     10: 114.8 115.09999999999999 115.3 115.59999999999999 116 116.59999999999999
     11: 117 117.40000000000001 118.3 118.8 119.3 119.7
     12: 121 121.59999999999999 121.90000000000001 122 122.5 123
     13: 123.5 123.8 124.7 125.09999999999999 125.2 125.3
     14: 125.7 125.8 126 126.09999999999999 126.3 127.7
     15: 129 130.19999999999999 131.5 132.69999999999999 134.69999999999999 135.5
     16: 139.80000000000001 141.80000000000001 144.90000000000001 150.69999999999999 155.09999999999999 157.69999999999999
     17: 160 162.40000000000001 165.69999999999999 168 169.69999999999999 170.80000000000001
     18: 173.09999999999999 174.40000000000001 176 177.19999999999999 178.5 179.5
     19: 180.5 181.30000000000001 182.40000000000001 182.90000000000001 183.90000000000001 184.69999999999999
     20: 187.90000000000001 189.5 190.40000000000001 191.19999999999999 191.90000000000001 192.80000000000001
     21: 193.30000000000001 193.59999999999999 195 195.59999999999999 196.30000000000001 196.59999999999999
     22: 197.59999999999999 198.69999999999999 199.40000000000001 200.09999999999999 200.69999999999999 201.09999999999999
     23: 202 202.5 203.69999999999999 204.30000000000001 204.80000000000001 205.40000000000001
     24: 206.59999999999999 207 207.5 208.19999999999999 209 209.59999999999999
     25: 210.09999999999999 210.40000000000001
     26: ) }
     27: transform { function=log }
     28: automdl { }
     29: outlier { types=(ao ls tc) }
     30: x11 { mode=mult save=(d10 d11 d12 d13) appendfcst=no appendbcst=no savelog=all }
     31: spectrum { logqs=yes robustsa=no print=all savelog=all }
     32: check { }
        R35 monthly CPI index            PAGE   2, SERIES series

 A 1  Time series data (for the span analyzed)
  From  2015.Jan to 2026.Aug
  Observations        140
 -----------------------------------------------------------------------------
               Jan      Feb      Mar      Apr      May      Jun 
               Jul      Aug      Sep      Oct      Nov      Dec        TOTAL  
 -----------------------------------------------------------------------------
  2015         100.     100.     100.     100.     100.     100.
               100.     100.     100.     100.     100.     100.         1200.
 
  2016         101.     101.     101.     101.     101.     101.
               101.     102.     102.     102.     103.     105.         1220.
 
  2017         106.     107.     107.     107.     108.     108.
               108.     108.     109.     110.     110.     110.         1297.
 
  2018         111.     111.     111.     111.     112.     112.
               112.     112.     113.     113.     114.     114.         1344.
 
  2019         115.     115.     115.     116.     116.     117.
               117.     117.     118.     119.     119.     120.         1404.
 
  2020         121.     122.     122.     122.     123.     123.
               124.     124.     125.     125.     125.     125.         1480.
 
  2021         126.     126.     126.     126.     126.     128.
               129.     130.     132.     133.     135.     136.         1551.
 
  2022         140.     142.     145.     151.     155.     158.
               160.     162.     166.     168.     170.     171.         1887.
 
  2023         173.     174.     176.     177.     179.     180.
               181.     181.     182.     183.     184.     185.         2154.
 
  2024         188.     190.     190.     191.     192.     193.
               193.     194.     195.     196.     196.     197.         2314.
 
  2025         198.     199.     199.     200.     201.     201.
               202.     203.     204.     204.     205.     205.         2420.
 
  2026         207.     207.     208.     208.     209.     210.
               210.     210.                                             1668.
 
  AVGE         140.     141.     142.     143.     143.     144.
               145.     145.     140.     141.     142.     143.

  Table Total-     19940.10   Mean-     142.43   Std. Dev.-      38.70
                              Min -      99.50        Max -     210.40
        R35 monthly CPI index            PAGE   3, SERIES series
                        Automatic ARIMA Model Selection

                    Procedure based closely on TRAMO method 
                         of Gomez and Maravall (2000)
              "Automatic Modeling Methods for Univariate Series",
                            A Course in Time Series
                  (Edited by D. Pena, G. C. Tiao, R. S. Tsay),
                         New York : J. Wiley and Sons


     Maximum order for regular ARMA parameters :   2
     Maximum order for seasonal ARMA parameters :   1
     Maximum order for regular differencing :   2
     Maximum order for seasonal differencing :   1

   Results of Unit Root Test for identifying orders of differencing:
     Regular difference order :   2
     Seasonal difference order :   0

     Mean is not significant.

  Automatic model choice : (1 2 1)(1 0 1)


  Final Checks for Identified Model


  Checking for Unit Roots.
   Seasonal unit root found.
   ( 1, 2, 1) ( 0, 1, 1)

  Checking for nonseasonal overdifferencing.
   Nonseasonal MA not within  0.001 of 1.0 - model passes test.

  Checking for insignificant ARMA coefficients.

  Final automatic model choice : (1 2 1)(0 1 1)
   End of automatic model selection procedure.

 Average absolute percentage error in within-sample forecasts:
  Last year:   0.32      Last-1 year:   0.68     Last-2 year:   0.35
  Last three years:    0.45

 Estimation converged in   13 ARMA iterations,  106 function evaluations.

 Regression Model
 ------------------------------------------------------------------------------
                             Parameter        Standard
 Variable                     Estimate           Error      t-value
 ------------------------------------------------------------------------------
 Automatically Identified Outliers
   TC2016.Sep                  -0.0052         0.00126        -4.16
   LS2016.Dec                   0.0194         0.00147        13.23
   AO2021.May                  -0.0039         0.00087        -4.50
   AO2021.Dec                  -0.0101         0.00088       -11.47
   AO2022.Feb                  -0.0040         0.00090        -4.49
   AO2022.Apr                  -0.0112         0.00162        -6.94
   LS2022.Apr                   0.0339         0.00277        12.25
   LS2024.Jan                   0.0075         0.00147         5.13
 ------------------------------------------------------------------------------


 ARIMA Model:  (1 2 1)(0 1 1)
   Nonseasonal differences: 2
   Seasonal differences:    1
                                              Standard
 Parameter                    Estimate          Errors
 -----------------------------------------------------
 Nonseasonal AR                                    
   Lag  1                       0.1337         0.36695

 Nonseasonal MA                                    
   Lag  1                       0.3212         0.34895

 Seasonal MA                                       
   Lag 12                       0.9999         0.07490

 Variance                       0.32519E-05
 SE of Var                      0.40971E-06
 -----------------------------------------------------

 Likelihood Statistics
 ------------------------------------------------------------------
 Number of observations (nobs)                                  140
 Effective number of observations (nefobs)                      126
 Number of parameters estimated (np)                             12
 Log likelihood                                            602.6335
 Transformation Adjustment                                -624.8023
 Adjusted Log likelihood (L)                               -22.1688
 AIC                                                        68.3376 
 AICC (F-corrected-AIC)                                     71.0987 
 Hannan Quinn                                               82.1651 
 BIC                                                       102.3730 
 ------------------------------------------------------------------


 DIAGNOSTIC CHECKING
  Sample Autocorrelations of the Residuals with the Ljung-Box diagnostic.

  Lag      1     2     3     4     5     6     7     8     9    10    11    12
  ACF   0.03  0.02 -0.06  0.02  0.14 -0.01  0.09  0.08 -0.03  0.08 -0.12 -0.34
  SE    0.09  0.09  0.09  0.09  0.09  0.09  0.09  0.09  0.09  0.09  0.09  0.09
  Q     0.15  0.20  0.64  0.68  3.25  3.26  4.24  5.18  5.27  6.22  8.15 24.70
  DF       0     0     0     1     2     3     4     5     6     7     8     9
  P    0.000 0.000 0.000 0.408 0.197 0.354 0.374 0.395 0.509 0.515 0.419 0.003

  Lag     13    14    15    16    17    18    19    20    21    22    23    24
  ACF   0.02 -0.01  0.03 -0.18 -0.09 -0.00 -0.11 -0.02 -0.07 -0.01  0.03  0.09
  SE    0.10  0.10  0.10  0.10  0.11  0.11  0.11  0.11  0.11  0.11  0.11  0.11
  Q    24.74 24.77 24.89 29.45 30.64 30.64 32.57 32.62 33.34 33.35 33.46 34.68
  DF      10    11    12    13    14    15    16    17    18    19    20    21
  P    0.006 0.010 0.015 0.006 0.006 0.010 0.008 0.013 0.015 0.022 0.030 0.031

  The P-values approximate the probability of observing a Q-value at least
  this large when the model fitted is correct.  When DF is positive, small
  values of P, customarily those below 0.05, indicate model inadequacy.

  Sample Autocorrelations of the Residuals
                 -1.0 -0.8 -0.6 -0.4 -0.2  0.0  0.2  0.4  0.6  0.8  1.0
                   +----+----+----+----+----+----+----+----+----+----+
            1                           .   |X  .                      0.035
            2                           .   |   .                      0.020
            3                           .  X|   .                     -0.057
            4                           .   |   .                      0.019
            5                           .   |XXX.                      0.139
            6                          .    |    .                    -0.005
            7                          .    |XX  .                     0.085
            8                          .    |XX  .                     0.083
            9                          .   X|    .                    -0.026
           10                          .    |XX  .                     0.082
           11                          . XXX|    .                    -0.117
           12       - - - - - -    XXXXXXXXX|    .  - - - - - - - -   -0.342
           13                          .    |    .                     0.016
           14                          .    |    .                    -0.014
           15                          .    |X   .                     0.029
           16                          .XXXX|    .                    -0.176
           17                          .  XX|    .                    -0.090
           18                          .    |    .                    -0.001
           19                          . XXX|    .                    -0.113
           20                          .    |    .                    -0.018
           21                          .  XX|    .                    -0.068
           22                          .    |    .                    -0.009
           23                          .    |X   .                     0.027
           24       - - - - - - - - -  .    |XX  .  - - - - - - - -    0.088
  
  Sample Autocorrelations of the Squared Residuals with the Ljung-Box diagnostic.

  Lag      1     2     3     4     5     6     7     8     9    10    11    12
  ACF   0.22  0.14 -0.04  0.04 -0.00  0.01 -0.10 -0.04 -0.18 -0.04 -0.02  0.32
  SE    0.09  0.09  0.10  0.10  0.10  0.10  0.10  0.10  0.10  0.10  0.10  0.10
  Q     6.48  8.87  9.06  9.26  9.26  9.29 10.54 10.73 15.29 15.47 15.54 29.83
  DF       0     0     0     1     2     3     4     5     6     7     8     9
  P    0.000 0.000 0.000 0.002 0.010 0.026 0.032 0.057 0.018 0.030 0.050 0.000

  Lag     13    14    15    16    17    18    19    20    21    22    23    24
  ACF   0.12  0.01  0.13  0.14  0.09  0.04 -0.01 -0.00 -0.07  0.06 -0.10 -0.07
  SE    0.11  0.11  0.11  0.11  0.11  0.11  0.11  0.11  0.11  0.11  0.11  0.11
  Q    31.76 31.76 34.36 37.10 38.23 38.49 38.50 38.50 39.29 39.93 41.36 42.06
  DF      10    11    12    13    14    15    16    17    18    19    20    21
  P    0.000 0.001 0.001 0.000 0.000 0.001 0.001 0.002 0.003 0.003 0.003 0.004

  The P-values approximate the probability of observing a Q-value at least
  this large when the model fitted is correct in a way that supports the
  standard interpretations of the test statistics, standard errors, and
  prediction intervals output by X-13ARIMA-SEATS. When DF is positive, small
  values of P, customarily those below 0.05, suggest that model-based
  inferences about statistical significance and uncertainty will be less
  dependable than usual.

  Sample Autocorrelations of the Squared Residuals
                 -1.0 -0.8 -0.6 -0.4 -0.2  0.0  0.2  0.4  0.6  0.8  1.0
                   +----+----+----+----+----+----+----+----+----+----+
            1                           .   |XXXXXX                    0.224
            2                          .    |XXX .                     0.136
            3                          .   X|    .                    -0.038
            4                          .    |X   .                     0.039
            5                          .    |    .                    -0.003
            6                          .    |    .                     0.015
            7                          .  XX|    .                    -0.096
            8                          .   X|    .                    -0.038
            9                          XXXXX|    .                    -0.182
           10                          .   X|    .                    -0.036
           11                          .   X|    .                    -0.022
           12       - - - - - - - - -  .    |XXXXXXXX   - - - - - -    0.318
           13                          .    |XXX .                     0.116
           14                          .    |    .                     0.008
           15                          .    |XXX .                     0.134
           16                          .    |XXX .                     0.137
           17                         .     |XX   .                    0.087
           18                         .     |X    .                    0.042
           19                         .     |     .                   -0.010
           20                         .     |     .                   -0.000
           21                         .   XX|     .                   -0.072
           22                         .     |XX   .                    0.064
           23                         .   XX|     .                   -0.095
           24       - - - - - - - -   .   XX|     .   - - - - - - -   -0.066
  
 Histogram of the Standardized and Mean-Centered Residuals
  Standard
  Deviations    Frequency
       -3 +#
          |#
       -2 +###
          |##########
       -1 +#########
          |#########################
        0 +#########################
          |#################
        1 +############
          |############
        2 +####
          |#####
        3 +#

  Outlier [#

  One '#'= 1 observation[s]

 Tabular Histogram of the Standardized and Mean-Centered Residuals

  Standard
  Deviations    Frequency

 -3.00                 1

 -2.50                 1

 -2.00                 3

 -1.50                10

 -1.00                 9

 -0.50                25

  0.00                25

  0.50                17

  1.00                12

  1.50                12

  2.00                 4

  2.50                 5

  3.00                 1

  Residuals with |t|>3.25

  Obs       t-value
  -----------------
  2020.Sep     3.99

 Summary Statistics for the Unstandardized Residuals
  Minimum                    -0.005
  Maximum                     0.006
  Median                     -0.000
  Robust Std Dev              0.001

 Normality Statistics for regARIMA Model Residuals:

    Number of residuals  :    126

    Skewness coefficient :    0.2989    
    Geary's a            :    0.7807    
    Kurtosis             :    3.3504    

  No indication of lack of normality.

 Durbin-Watson Statistic for regARIMA Model Residuals:
  dw =     1.914554

 Friedman Non-Parametric Test for regARIMA Model Residuals:
  ken =     2.061538 ( Asymptotically distributed as Chi-Square(11), P-Value =     0.998268 )

 QS Statistic for regARIMA Model Residuals (full series):             0.00
                                                       (P-Value =     1.0000)

 QS Statistic for regARIMA Model Residuals (starting 2018.Sep):       0.00
                                                       (P-Value =     1.0000)
      10*LOG(SPECTRUM) of the regARIMA model residuals
      Spectrum estimated from 2018.Sep to 2026.Aug.
 ++++++++++I+++++++++++++++++++++++++++++++++++++++++++++++++++++++++++++I
     -48.14I               *                                             I    -48.14
           I               *                                             I
           I               *                                             I
           I               *                                             I
     -49.55I     *         *                                             I    -49.55
           I     *         *                                             I
           I     *         *         *                                   I
           I   * *         *         *                                   I
     -50.96I   * *         *         *                                   I    -50.96
           I   * *         *         **                                  I
           I   ***         *         ***                    *            I
           I   ***         *        ****                    *            I
     -52.37I   ***         *        ****                    **           I    -52.37
           I   ***         *        ****                    **           I
           I  ****         *   *    ****      **            **    *      I
           I  ****         **  *    ****      **           ***    *      I
     -53.78I  ****         **  *    ****     ***           ***    *      I    -53.78
           I  ****         **  *    ****     ***           ***    *      I
           I  ****         **  *    ****     ***           ***    *   *  I
           I  ****     *   ** **    ****     ****         ****    *   *  I
     -55.20I  ****     *   ** **    *****    ****         ****    *  **  I    -55.20
           I  ****     *   ** **    *****    ****         ****    ** **  I
           I  ****     *   ** **    *****    ****         ****    ** **  I
           I  ****     *   ** **    *****    ****         ****    ** **  I
     -56.61I  ****     *  ******    *****    ****         ****    ** **  I    -56.61
           I  ****     *  ******   ******    ****        *****    ** **  I
           I  *****    *  ******S  ******    ****      * *****    *****  I
           I  *****    *  ******S  ******   *****      * *****    *****  I
     -58.02I  *****    *  ******S  ******   *****      *******    *****  I    -58.02
           I ******    ** ******S  ******   *****      *******S   *****  I
           I ******    ** ******S  ******   *****      *******S   ****** I
           I ******    ** ******S  *******  *****      *******S   ****** I
     -59.43I ******   S*********S ********  *****      *******S  ******* I    -59.43
           I ******   S*********S*********  *****      *******S  ******* I
           I*******   S*********S********* ******      *******S  ******* I
           I*******   S*********S*********S******      *******S  *******SI
     -60.84I*******   S*********S*********S*******     *******S  *******SI    -60.84
           I*******   S*********S*********S*******    T*******S* *******SI
           I*******   S*********S*********S*******    T*******S*T*******SI
           I*******   S*********S*********S*******    T*******S*T*******SI
     -62.25I*******   S*********S*********S*******    T*******S*T*******SI    -62.25
           I********  S*********S*********S*******    T*******S*T*******SI
           I********  S*********S*********S*******    T*******S*T*******SI
           I********  S*********S*********S*******    T*******S*T*******SI
     -63.67I******** *S*********S*********S*******    T*******S*T*******SI    -63.67
           I******** *S*********S*********S*******    T*******S*T*******SI
           I**********S*********S*********S*******    T*******S*T*******SI
           I**********S*********S*********S********  *T*******S*T*******SI
     -65.08I**********S*********S*********S********  *T*******S*T*******SI    -65.08
           I**********S*********S*********S********  *T*******S*T*******SI
           I**********S*********S*********S********  *T*******S*T*******SI
           I**********S*********S*********S********  *T*******S*T*******SI
     -66.49I**********S*********S*********S*********S*T*******S*T*******SI    -66.49
 ++++++++++I+++++++++++++++++++++++++++++++++++++++++++++++++++++++++++++I
            S=SEASONAL FREQUENCIES, T=TRADING DAY FREQUENCIES


 FORECASTING
  Origin  2026.Aug
  Number        12

  Forecasts and Standard Errors of the Transformed Data
   ------------------------------
                         Standard
       Date   Forecast      Error
   ------------------------------
   2026.Sep       5.35      0.002
   2026.Oct       5.36      0.004
   2026.Nov       5.36      0.006
   2026.Dec       5.36      0.009
   2027.Jan       5.37      0.011
   2027.Feb       5.37      0.014
   2027.Mar       5.37      0.018
   2027.Apr       5.37      0.021
   2027.May       5.38      0.025
   2027.Jun       5.38      0.029
   2027.Jul       5.38      0.033
   2027.Aug       5.38      0.037
   ------------------------------

  Confidence intervals with coverage probability ( 0.95000
  On the Original Scale
   ---------------------------------------
       Date      Lower  Forecast     Upper
   ---------------------------------------
   2026.Sep     210.76    211.50    212.25
   2026.Oct     210.39    211.93    213.49
   2026.Nov     209.97    212.45    214.96
   2026.Dec     209.27    212.81    216.40
   2027.Jan     209.30    214.02    218.85
   2027.Feb     208.58    214.58    220.76
   2027.Mar     207.66    215.03    222.65
   2027.Apr     206.54    215.35    224.54
   2027.May     205.63    215.98    226.85
   2027.Jun     204.48    216.43    229.09
   2027.Jul     203.34    216.97    231.52
   2027.Aug     201.96    217.33    233.86
   ---------------------------------------
        R35 monthly CPI index            PAGE   4, SERIES series
  
 A 8  RegARIMA combined outlier component
      (AO, LS, TC outliers included)
  From  2015.Jan to 2026.Aug
  Observations        140
 -----------------------------------------------------------------------------
               Jan      Feb      Mar      Apr      May      Jun 
               Jul      Aug      Sep      Oct      Nov      Dec         AVGE  
 -----------------------------------------------------------------------------
  2015         94.1     94.1     94.1     94.1     94.1     94.1
               94.1     94.1     94.1     94.1     94.1     94.1          94.1
 
  2016         94.1     94.1     94.1     94.1     94.1     94.1
               94.1     94.1     93.6     93.7     93.9     95.8          94.1
 
  2017         95.8     95.9     95.9     95.9     95.9     95.9
               95.9     95.9     95.9     95.9     95.9     95.9          95.9
 
  2018         95.9     95.9     95.9     95.9     95.9     95.9
               95.9     95.9     95.9     95.9     95.9     95.9          95.9
 
  2019         95.9     95.9     95.9     95.9     95.9     95.9
               95.9     95.9     95.9     95.9     95.9     95.9          95.9
 
  2020         95.9     95.9     95.9     95.9     95.9     95.9
               95.9     95.9     95.9     95.9     95.9     95.9          95.9
 
  2021         95.9     95.9     95.9     95.9     95.6     95.9
               95.9     95.9     95.9     95.9     95.9     95.0          95.8
 
  2022         95.9     95.6     95.9     98.1     99.2     99.2
               99.2     99.2     99.2     99.2     99.2     99.2          98.3
 
  2023         99.2     99.2     99.2     99.2     99.2     99.2
               99.2     99.2     99.2     99.2     99.2     99.2          99.2
 
  2024        100.0    100.0    100.0    100.0    100.0    100.0
              100.0    100.0    100.0    100.0    100.0    100.0         100.0
 
  2025        100.0    100.0    100.0    100.0    100.0    100.0
              100.0    100.0    100.0    100.0    100.0    100.0         100.0
 
  2026        100.0    100.0    100.0    100.0    100.0    100.0
              100.0    100.0                                             100.0
 
  AVGE         96.9     96.9     96.9     97.1     97.2     97.2
               97.2     97.2     96.9     96.9     96.9     97.0

  Table Total-     13583.87   Mean-      97.03   Std. Dev.-       3.69
                              Min -      93.60        Max -     100.00

 A 8.A  RegARIMA outlier component
  From  2026.Sep to 2027.Aug
  Observations         12
 -----------------------------------------------------------------------------
               Jan      Feb      Mar      Apr      May      Jun 
               Jul      Aug      Sep      Oct      Nov      Dec         AVGE  
 -----------------------------------------------------------------------------
  2026                                                          
                                100.0    100.0    100.0    100.0         100.0
 
  2027        100.0    100.0    100.0    100.0    100.0    100.0
              100.0    100.0                                             100.0
 
        R35 monthly CPI index            PAGE   5, SERIES series

 A 8.AO  RegARIMA AO outlier component
  From  2015.Jan to 2026.Aug
  Observations        140
 -----------------------------------------------------------------------------
               Jan      Feb      Mar      Apr      May      Jun 
               Jul      Aug      Sep      Oct      Nov      Dec         AVGE  
 -----------------------------------------------------------------------------
  2015        100.0    100.0    100.0    100.0    100.0    100.0
              100.0    100.0    100.0    100.0    100.0    100.0         100.0
 
  2016        100.0    100.0    100.0    100.0    100.0    100.0
              100.0    100.0    100.0    100.0    100.0    100.0         100.0
 
  2017        100.0    100.0    100.0    100.0    100.0    100.0
              100.0    100.0    100.0    100.0    100.0    100.0         100.0
 
  2018        100.0    100.0    100.0    100.0    100.0    100.0
              100.0    100.0    100.0    100.0    100.0    100.0         100.0
 
  2019        100.0    100.0    100.0    100.0    100.0    100.0
              100.0    100.0    100.0    100.0    100.0    100.0         100.0
 
  2020        100.0    100.0    100.0    100.0    100.0    100.0
              100.0    100.0    100.0    100.0    100.0    100.0         100.0
 
  2021        100.0    100.0    100.0    100.0     99.6    100.0
              100.0    100.0    100.0    100.0    100.0     99.0          99.9
 
  2022        100.0     99.6    100.0     98.9    100.0    100.0
              100.0    100.0    100.0    100.0    100.0    100.0          99.9
 
  2023        100.0    100.0    100.0    100.0    100.0    100.0
              100.0    100.0    100.0    100.0    100.0    100.0         100.0
 
  2024        100.0    100.0    100.0    100.0    100.0    100.0
              100.0    100.0    100.0    100.0    100.0    100.0         100.0
 
  2025        100.0    100.0    100.0    100.0    100.0    100.0
              100.0    100.0    100.0    100.0    100.0    100.0         100.0
 
  2026        100.0    100.0    100.0    100.0    100.0    100.0
              100.0    100.0                                             100.0
 
  AVGE        100.0    100.0    100.0     99.9    100.0    100.0
              100.0    100.0    100.0    100.0    100.0     99.9

  Table Total-     13997.09   Mean-      99.98   Std. Dev.-       0.14
                              Min -      98.88        Max -     100.00
        R35 monthly CPI index            PAGE   6, SERIES series

 A 8.LS  RegARIMA level change outlier component
  From  2015.Jan to 2026.Aug
  Observations        140
 -----------------------------------------------------------------------------
               Jan      Feb      Mar      Apr      May      Jun 
               Jul      Aug      Sep      Oct      Nov      Dec         AVGE  
 -----------------------------------------------------------------------------
  2015         94.1     94.1     94.1     94.1     94.1     94.1
               94.1     94.1     94.1     94.1     94.1     94.1          94.1
 
  2016         94.1     94.1     94.1     94.1     94.1     94.1
               94.1     94.1     94.1     94.1     94.1     95.9          94.2
 
  2017         95.9     95.9     95.9     95.9     95.9     95.9
               95.9     95.9     95.9     95.9     95.9     95.9          95.9
 
  2018         95.9     95.9     95.9     95.9     95.9     95.9
               95.9     95.9     95.9     95.9     95.9     95.9          95.9
 
  2019         95.9     95.9     95.9     95.9     95.9     95.9
               95.9     95.9     95.9     95.9     95.9     95.9          95.9
 
  2020         95.9     95.9     95.9     95.9     95.9     95.9
               95.9     95.9     95.9     95.9     95.9     95.9          95.9
 
  2021         95.9     95.9     95.9     95.9     95.9     95.9
               95.9     95.9     95.9     95.9     95.9     95.9          95.9
 
  2022         95.9     95.9     95.9     99.2     99.2     99.2
               99.2     99.2     99.2     99.2     99.2     99.2          98.4
 
  2023         99.2     99.2     99.2     99.2     99.2     99.2
               99.2     99.2     99.2     99.2     99.2     99.2          99.2
 
  2024        100.0    100.0    100.0    100.0    100.0    100.0
              100.0    100.0    100.0    100.0    100.0    100.0         100.0
 
  2025        100.0    100.0    100.0    100.0    100.0    100.0
              100.0    100.0    100.0    100.0    100.0    100.0         100.0
 
  2026        100.0    100.0    100.0    100.0    100.0    100.0
              100.0    100.0                                             100.0
 
  AVGE         96.9     96.9     96.9     97.2     97.2     97.2
               97.2     97.2     96.9     96.9     96.9     97.1

  Table Total-     13588.35   Mean-      97.06   Std. Dev.-       3.66
                              Min -      94.09        Max -     100.00
        R35 monthly CPI index            PAGE   7, SERIES series

 A 8.TC  RegARIMA temporary change outlier component
  From  2015.Jan to 2026.Aug
  Observations        140
 -----------------------------------------------------------------------------
               Jan      Feb      Mar      Apr      May      Jun 
               Jul      Aug      Sep      Oct      Nov      Dec         AVGE  
 -----------------------------------------------------------------------------
  2015        100.0    100.0    100.0    100.0    100.0    100.0
              100.0    100.0    100.0    100.0    100.0    100.0         100.0
 
  2016        100.0    100.0    100.0    100.0    100.0    100.0
              100.0    100.0     99.5     99.6     99.7     99.8          99.9
 
  2017         99.9     99.9     99.9    100.0    100.0    100.0
              100.0    100.0    100.0    100.0    100.0    100.0         100.0
 
  2018        100.0    100.0    100.0    100.0    100.0    100.0
              100.0    100.0    100.0    100.0    100.0    100.0         100.0
 
  2019        100.0    100.0    100.0    100.0    100.0    100.0
              100.0    100.0    100.0    100.0    100.0    100.0         100.0
 
  2020        100.0    100.0    100.0    100.0    100.0    100.0
              100.0    100.0    100.0    100.0    100.0    100.0         100.0
 
  2021        100.0    100.0    100.0    100.0    100.0    100.0
              100.0    100.0    100.0    100.0    100.0    100.0         100.0
 
  2022        100.0    100.0    100.0    100.0    100.0    100.0
              100.0    100.0    100.0    100.0    100.0    100.0         100.0
 
  2023        100.0    100.0    100.0    100.0    100.0    100.0
              100.0    100.0    100.0    100.0    100.0    100.0         100.0
 
  2024        100.0    100.0    100.0    100.0    100.0    100.0
              100.0    100.0    100.0    100.0    100.0    100.0         100.0
 
  2025        100.0    100.0    100.0    100.0    100.0    100.0
              100.0    100.0    100.0    100.0    100.0    100.0         100.0
 
  2026        100.0    100.0    100.0    100.0    100.0    100.0
              100.0    100.0                                             100.0
 
  AVGE        100.0    100.0    100.0    100.0    100.0    100.0
              100.0    100.0    100.0    100.0    100.0    100.0

  Table Total-     13998.26   Mean-      99.99   Std. Dev.-       0.06
                              Min -      99.48        Max -     100.00

 A 8.TC.A  RegARIMA temporary change outlier component
  From  2026.Sep to 2027.Aug
  Observations         12
 -----------------------------------------------------------------------------
               Jan      Feb      Mar      Apr      May      Jun 
               Jul      Aug      Sep      Oct      Nov      Dec         AVGE  
 -----------------------------------------------------------------------------
  2026                                                          
                                100.0    100.0    100.0    100.0         100.0
 
  2027        100.0    100.0    100.0    100.0    100.0    100.0
              100.0    100.0                                             100.0
 
        R35 monthly CPI index            PAGE   8, SERIES series
  
 B 1  Original series (prior adjusted)
      (adjusted for regARIMA factors)
  From  2015.Jan to 2026.Aug
  Observations        140
 -----------------------------------------------------------------------------
               Jan      Feb      Mar      Apr      May      Jun 
               Jul      Aug      Sep      Oct      Nov      Dec        TOTAL  
 -----------------------------------------------------------------------------
  2015         106.     106.     106.     106.     106.     106.
               106.     106.     107.     107.     107.     107.         1275.
 
  2016         107.     107.     107.     107.     108.     108.
               108.     108.     109.     109.     110.     110.         1296.
 
  2017         111.     111.     112.     112.     112.     112.
               113.     113.     114.     114.     114.     115.         1353.
 
  2018         115.     115.     116.     116.     116.     116.
               117.     117.     117.     118.     119.     119.         1401.
 
  2019         120.     120.     120.     120.     121.     122.
               122.     122.     123.     124.     124.     125.         1463.
 
  2020         126.     127.     127.     127.     128.     128.
               129.     129.     130.     130.     131.     131.         1542.
 
  2021         131.     131.     131.     131.     132.     133.
               134.     136.     137.     138.     140.     143.         1619.
 
  2022         146.     148.     151.     154.     156.     159.
               161.     164.     167.     169.     171.     172.         1918.
 
  2023         174.     176.     177.     179.     180.     181.
               182.     183.     184.     184.     185.     186.         2171.
 
  2024         188.     189.     190.     191.     192.     193.
               193.     194.     195.     196.     196.     197.         2314.
 
  2025         198.     199.     199.     200.     201.     201.
               202.     203.     204.     204.     205.     205.         2420.
 
  2026         207.     207.     208.     208.     209.     210.
               210.     210.                                             1668.
 
  AVGE         144.     145.     145.     146.     147.     147.
               148.     149.     144.     145.     146.     146.

  Table Total-     20441.12   Mean-     146.01   Std. Dev.-      36.37
                              Min -     105.75        Max -     210.40

 B 1.A  Forecasts of (prior adjusted) original series
  From  2026.Sep to 2027.Aug
  Observations         12
 -----------------------------------------------------------------------------
               Jan      Feb      Mar      Apr      May      Jun 
               Jul      Aug      Sep      Oct      Nov      Dec        TOTAL  
 -----------------------------------------------------------------------------
  2026                                                          
                                 212.     212.     212.     213.          849.
 
  2027         214.     215.     215.     215.     216.     216.
               217.     217.                                             1726.
 
        R35 monthly CPI index            PAGE   9, SERIES series

 C 17  Final weights for irregular component
  From  2015.Jan to 2026.Aug
  Observations        140
  Lower sigma limit    1.50
  Upper sigma limit    2.50
 -----------------------------------------------------------------------------
               Jan      Feb      Mar      Apr      May      Jun 
               Jul      Aug      Sep      Oct      Nov      Dec         S.D.  
 -----------------------------------------------------------------------------
  2015        100.0    100.0    100.0    100.0    100.0    100.0
              100.0      0.0    100.0    100.0    100.0    100.0           0.1
 
  2016        100.0    100.0    100.0    100.0    100.0    100.0
              100.0    100.0    100.0    100.0    100.0    100.0           0.1
 
  2017        100.0    100.0    100.0    100.0    100.0    100.0
              100.0      6.0     56.1    100.0    100.0    100.0           0.1
 
  2018        100.0    100.0    100.0    100.0    100.0    100.0
              100.0    100.0      0.0    100.0     49.7      0.0           0.1
 
  2019        100.0    100.0    100.0    100.0    100.0    100.0
              100.0    100.0    100.0    100.0    100.0     94.2           0.1
 
  2020        100.0    100.0    100.0     79.4    100.0    100.0
              100.0    100.0    100.0     79.4    100.0    100.0           0.1
 
  2021        100.0    100.0    100.0    100.0    100.0    100.0
               81.9      0.0    100.0      0.0    100.0    100.0           0.1
 
  2022        100.0    100.0    100.0    100.0    100.0    100.0
              100.0    100.0    100.0     94.0    100.0      6.2           0.1
 
  2023        100.0    100.0    100.0    100.0    100.0    100.0
              100.0    100.0    100.0      0.0    100.0    100.0           0.1
 
  2024        100.0      0.0    100.0    100.0    100.0    100.0
              100.0    100.0    100.0    100.0    100.0    100.0           0.1
 
  2025         32.3    100.0    100.0    100.0    100.0     80.7
              100.0    100.0    100.0    100.0    100.0    100.0           0.1
 
  2026        100.0    100.0    100.0    100.0    100.0    100.0
              100.0    100.0                                               0.1
 
        R35 monthly CPI index            PAGE  10, SERIES series

 D 8  Final unmodified SI ratios
  From  2015.Jan to 2026.Aug
  Observations        140
 -----------------------------------------------------------------------------
               Jan      Feb      Mar      Apr      May      Jun 
               Jul      Aug      Sep      Oct      Nov      Dec         AVGE  
 -----------------------------------------------------------------------------
  2015        100.3    100.2    100.1    100.0    100.1     99.9
               99.9     99.9    100.0    100.0     99.9    100.0         100.0
 
  2016        100.2    100.2    100.2    100.0    100.1     99.9
               99.8     99.7    100.0     99.9    100.1    100.0         100.0
 
  2017        100.2    100.3    100.1    100.1    100.0     99.8
               99.8     99.6    100.1    100.0    100.0    100.0         100.0
 
  2018        100.3    100.2    100.1    100.0    100.0     99.9
               99.9     99.7     99.8    100.0    100.2    100.2         100.0
 
  2019        100.3    100.2    100.0     99.9     99.8     99.9
               99.8     99.8    100.1    100.1    100.0     99.8         100.0
 
  2020        100.3    100.3    100.1     99.8     99.8     99.9
               99.9     99.8    100.1    100.2    100.0    100.0         100.0
 
  2021        100.2    100.2    100.1     99.8     99.8     99.9
              100.1    100.1    100.1     99.8     99.9     99.8         100.0
 
  2022        100.2    100.2    100.1    100.0    100.0    100.0
               99.9     99.7    100.2    100.2    100.0     99.6         100.0
 
  2023        100.1    100.0    100.1    100.1    100.1    100.0
              100.0     99.9    100.0     99.8     99.9     99.7         100.0
 
  2024        100.1    100.3    100.2    100.1    100.0    100.1
              100.0     99.7    100.1    100.0    100.0     99.8         100.0
 
  2025         99.9    100.1    100.1    100.1    100.1     99.9
              100.0     99.8    100.0    100.0     99.9     99.8         100.0
 
  2026        100.1    100.1    100.0    100.1    100.1    100.0
              100.0     99.8                                             100.0
 
  AVGE        100.2    100.2    100.1    100.0    100.0     99.9
               99.9     99.8    100.1    100.0    100.0     99.9

  Table Total-     14000.20   Mean-     100.00   Std. Dev.-       0.16
                              Min -      99.58        Max -     100.35
        R35 monthly CPI index            PAGE  11, SERIES series

 D 8.B  Final unmodified SI ratios, with labels for outliers and extreme values
  From  2015.Jan to 2026.Aug
  Observations        140
 ---------------------------------------------------------------------
               Jan       Feb       Mar       Apr       May       Jun  
               Jul       Aug       Sep       Oct       Nov       Dec  
 ---------------------------------------------------------------------
  2015       100.3     100.2     100.1     100.0     100.1      99.9  
              99.9      99.9*    100.0     100.0      99.9     100.0  
 
  2016       100.2     100.2     100.2     100.0     100.1      99.9  
              99.8      99.7     100.0#     99.9     100.1 -   100.0# 
 
  2017       100.2 -   100.3     100.1     100.1     100.0      99.8  
              99.8      99.6*    100.1*    100.0     100.0     100.0  
 
  2018       100.3     100.2     100.1     100.0     100.0      99.9  
              99.9      99.7      99.8*    100.0     100.2*    100.2* 
 
  2019       100.3     100.2     100.0      99.9      99.8      99.9  
              99.8      99.8     100.1     100.1     100.0      99.8* 
 
  2020       100.3     100.3     100.1      99.8*     99.8      99.9  
              99.9      99.8     100.1     100.2*    100.0     100.0  
 
  2021       100.2     100.2     100.1      99.8      99.8#     99.9  
             100.1*    100.1*    100.1      99.8*     99.9      99.8# 
 
  2022       100.2     100.2#-   100.1 -   100.0@    100.0 -   100.0 -
              99.9      99.7     100.2     100.2*    100.0      99.6* 
 
  2023       100.1     100.0     100.1     100.1     100.1     100.0  
             100.0      99.9     100.0      99.8*     99.9      99.7  
 
  2024       100.1#    100.3*    100.2     100.1     100.0     100.1  
             100.0      99.7     100.1     100.0     100.0      99.8  
 
  2025        99.9*    100.1     100.1     100.1     100.1      99.9* 
             100.0      99.8     100.0     100.0      99.9      99.8  
 
  2026       100.1     100.1     100.0     100.1     100.1     100.0  
             100.0      99.8                                          
 

  Key to symbols:
    *  : extreme value as determined by X-11 extreme value procedure
    #  : regARIMA outlier (either AO, LS, TC, or Ramp)
    @  : extreme value and at least one type of regARIMA outlier
    -  : values around a level shift most likely to be influenced by it
 
        R35 monthly CPI index            PAGE  12, SERIES series

 D 9  Final replacement values for SI ratios
  From  2015.Jan to 2026.Aug
  Observations        140
 ---------------------------------------------------------------
               Jan      Feb      Mar      Apr      May      Jun 
               Jul      Aug      Sep      Oct      Nov      Dec 
 ---------------------------------------------------------------
  2015     ******** ******** ******** ******** ******** ********
           ********     99.7 ******** ******** ******** ********
 
  2016     ******** ******** ******** ******** ******** ********
           ******** ******** ******** ******** ******** ********
 
  2017     ******** ******** ******** ******** ******** ********
           ********     99.7    100.1 ******** ******** ********
 
  2018     ******** ******** ******** ******** ******** ********
           ******** ********    100.1 ********    100.1    100.0
 
  2019     ******** ******** ******** ******** ******** ********
           ******** ******** ******** ******** ********     99.8
 
  2020     ******** ******** ********     99.8 ******** ********
           ******** ******** ********    100.1 ******** ********
 
  2021     ******** ******** ******** ******** ******** ********
              100.1     99.8 ********    100.0 ******** ********
 
  2022     ******** ******** ******** ******** ******** ********
           ******** ******** ********    100.2 ********     99.8
 
  2023     ******** ******** ******** ******** ******** ********
           ******** ******** ********    100.0 ******** ********
 
  2024     ********    100.1 ******** ******** ******** ********
           ******** ******** ******** ******** ******** ********
 
  2025        100.0 ******** ******** ******** ********     99.9
           ******** ******** ******** ******** ******** ********
 
  2026     ******** ******** ******** ******** ******** ********
           ******** ********                                    
 

 D 9.A  Moving seasonality ratio
 ---------------------------------------------------------------
               Jan      Feb      Mar      Apr      May      Jun 
 ---------------------------------------------------------------
   I          0.058    0.089    0.056    0.061    0.050    0.082
   S          0.024    0.016    0.006    0.024    0.024    0.018
 RATIO        2.461    5.588    9.510    2.543    2.087    4.639



 ---------------------------------------------------------------
               Jul      Aug      Sep      Oct      Nov      Dec 
 ---------------------------------------------------------------
   I          0.065    0.066    0.058    0.064    0.110    0.077
   S          0.019    0.011    0.011    0.015    0.015    0.023
 RATIO        3.423    6.132    5.251    4.411    7.262    3.295



        R35 monthly CPI index            PAGE  13, SERIES series

 D 10  Final seasonal factors
  From  2015.Jan to 2026.Aug
  Observations        140
  Seasonal filter    3 x 5 moving average
 -----------------------------------------------------------------------------
               Jan      Feb      Mar      Apr      May      Jun 
               Jul      Aug      Sep      Oct      Nov      Dec         AVGE  
 -----------------------------------------------------------------------------
  2015       100.25   100.21   100.14   100.01   100.04    99.84
              99.80    99.70   100.03    99.98   100.01    99.98        100.00
 
  2016       100.26   100.21   100.13   100.00   100.03    99.85
              99.81    99.70   100.04    99.99   100.02    99.97        100.00
 
  2017       100.27   100.22   100.12    99.98    99.99    99.85
              99.81    99.71   100.05   100.01   100.03    99.97        100.00
 
  2018       100.28   100.22   100.11    99.95    99.95    99.86
              99.84    99.72   100.07   100.04   100.03    99.95        100.00
 
  2019       100.28   100.22   100.10    99.92    99.91    99.87
              99.87    99.74   100.10   100.06   100.02    99.92        100.00
 
  2020       100.26   100.20   100.09    99.90    99.90    99.90
              99.90    99.76   100.12   100.08    99.99    99.88        100.00
 
  2021       100.22   100.18   100.10    99.92    99.92    99.93
              99.92    99.78   100.12   100.09    99.97    99.84        100.00
 
  2022       100.17   100.14   100.11    99.96    99.96    99.96
              99.95    99.80   100.11   100.07    99.94    99.81        100.00
 
  2023       100.12   100.12   100.12   100.01   100.01    99.99
              99.95    99.80   100.10   100.05    99.93    99.80        100.00
 
  2024       100.09   100.09   100.12   100.05   100.05   100.00
              99.96    99.81   100.08   100.02    99.92    99.79        100.00
 
  2025       100.08   100.09   100.11   100.07   100.07   100.01
              99.96    99.81   100.06   100.00    99.92    99.79        100.00
 
  2026       100.08   100.10   100.11   100.08   100.07   100.01
              99.97    99.82                                            100.03
 
  AVGE       100.20   100.17   100.12    99.99    99.99    99.92
              99.90    99.76   100.08   100.04    99.98    99.88

  Table Total-     14000.24   Mean-     100.00   Std. Dev.-       0.13
                              Min -      99.70        Max -     100.28

 D 10.A  Final seasonal component forecasts
  From  2026.Sep to 2027.Aug
  Observations         12
 -----------------------------------------------------------------------------
               Jan      Feb      Mar      Apr      May      Jun 
               Jul      Aug      Sep      Oct      Nov      Dec         AVGE  
 -----------------------------------------------------------------------------
  2026                                                          
                               100.06    99.99    99.92    99.80         99.94
 
  2027       100.08   100.10   100.10   100.07   100.07   100.01
              99.97    99.82                                            100.03
 
        R35 monthly CPI index            PAGE  14, SERIES series

 D 11  Final seasonally adjusted data
  From  2015.Jan to 2026.Aug
  Observations        140
 -----------------------------------------------------------------------------
               Jan      Feb      Mar      Apr      May      Jun 
               Jul      Aug      Sep      Oct      Nov      Dec        TOTAL  
 -----------------------------------------------------------------------------
  2015          99.      99.      99.     100.     100.     100.
               100.     100.     100.     100.     100.     100.         1200.
 
  2016         100.     100.     101.     101.     101.     101.
               101.     102.     102.     102.     103.     105.         1220.
 
  2017         106.     106.     107.     107.     108.     108.
               108.     109.     109.     109.     110.     110.         1297.
 
  2018         110.     110.     111.     111.     112.     112.
               112.     112.     113.     113.     114.     114.         1344.
 
  2019         114.     115.     115.     116.     116.     117.
               117.     118.     118.     119.     119.     120.         1404.
 
  2020         121.     121.     122.     122.     123.     123.
               124.     124.     125.     125.     125.     125.         1480.
 
  2021         125.     126.     126.     126.     126.     128.
               129.     130.     131.     133.     135.     136.         1551.
 
  2022         140.     142.     145.     151.     155.     158.
               160.     163.     166.     168.     170.     171.         1887.
 
  2023         173.     174.     176.     177.     178.     180.
               181.     182.     182.     183.     184.     185.         2154.
 
  2024         188.     189.     190.     191.     192.     193.
               193.     194.     195.     196.     196.     197.         2314.
 
  2025         197.     199.     199.     200.     201.     201.
               202.     203.     204.     204.     205.     206.         2420.
 
  2026         206.     207.     207.     208.     209.     210.
               210.     211.                                             1668.
 
  AVGE         140.     141.     141.     143.     143.     144.
               145.     146.     140.     141.     142.     143.

  Table Total-     19939.90   Mean-     142.43   Std. Dev.-      38.70
                              Min -      99.25        Max -     210.78
        R35 monthly CPI index            PAGE  15, SERIES series

 D 12  Final trend cycle
  From  2015.Jan to 2026.Aug
  Observations        140
  Trend filter     9-term Henderson moving average
  I/C ratio        0.12
 -----------------------------------------------------------------------------
               Jan      Feb      Mar      Apr      May      Jun 
               Jul      Aug      Sep      Oct      Nov      Dec        TOTAL  
 -----------------------------------------------------------------------------
  2015          99.      99.     100.     100.     100.     100.
               100.     100.     100.     100.     100.     100.         1200.
 
  2016         100.     101.     101.     101.     101.     101.
               102.     102.     102.     103.     103.     106.         1222.
 
  2017         106.     107.     107.     107.     108.     108.
               108.     109.     109.     109.     110.     110.         1298.
 
  2018         110.     110.     111.     111.     112.     112.
               112.     112.     113.     113.     114.     114.         1344.
 
  2019         114.     115.     115.     116.     116.     117.
               117.     118.     118.     119.     119.     120.         1404.
 
  2020         121.     121.     122.     122.     123.     123.
               124.     124.     125.     125.     125.     125.         1479.
 
  2021         125.     126.     126.     126.     127.     128.
               129.     130.     131.     133.     135.     137.         1553.
 
  2022         140.     142.     145.     152.     155.     158.
               160.     163.     165.     168.     170.     171.         1889.
 
  2023         173.     174.     176.     177.     178.     180.
               181.     181.     182.     183.     184.     185.         2155.
 
  2024         188.     189.     190.     191.     192.     193.
               193.     194.     195.     196.     196.     197.         2314.
 
  2025         198.     198.     199.     200.     201.     201.
               202.     203.     204.     204.     205.     206.         2421.
 
  2026         206.     207.     207.     208.     209.     210.
               210.     211.                                             1668.
 
  AVGE         140.     141.     141.     143.     143.     144.
               145.     146.     140.     141.     142.     143.

  Table Total-     19946.11   Mean-     142.47   Std. Dev.-      38.69
                              Min -      99.23        Max -     210.79
        R35 monthly CPI index            PAGE  16, SERIES series

 D 13  Final irregular component
  From  2015.Jan to 2026.Aug
  Observations        140
 -----------------------------------------------------------------------------
               Jan      Feb      Mar      Apr      May      Jun 
               Jul      Aug      Sep      Oct      Nov      Dec         S.D.  
 -----------------------------------------------------------------------------
  2015        100.0    100.0     99.9    100.0    100.0    100.0
              100.0    100.2    100.0    100.0    100.0    100.0           0.1
 
  2016        100.0     99.9    100.0    100.0    100.0    100.0
              100.0    100.0     99.5     99.6     99.8     99.8           0.2
 
  2017         99.8    100.0     99.9    100.0    100.0     99.9
              100.0     99.9    100.1    100.0    100.0    100.0           0.1
 
  2018        100.0     99.9    100.0    100.0    100.0    100.0
              100.0    100.0     99.7    100.0    100.1    100.2           0.1
 
  2019        100.0    100.0    100.0    100.0     99.9    100.1
              100.0    100.0    100.0    100.0    100.0     99.9           0.0
 
  2020        100.1    100.1    100.0     99.9    100.0    100.0
              100.0    100.0    100.0    100.1    100.0    100.1           0.0
 
  2021        100.0    100.0    100.0    100.0     99.6    100.0
              100.2    100.3    100.0     99.7     99.9     99.0           0.3
 
  2022        100.0     99.6    100.0     98.9    100.0    100.1
               99.9     99.9    100.1    100.1    100.0     99.8           0.3
 
  2023        100.0     99.9    100.0    100.0    100.0    100.0
              100.0    100.1     99.9     99.8    100.0    100.0           0.1
 
  2024        100.0    100.2    100.1    100.0     99.9    100.1
              100.0     99.9    100.0    100.0    100.1    100.0           0.1
 
  2025         99.8    100.0    100.0    100.0    100.0     99.9
              100.0    100.0    100.0    100.0    100.0    100.0           0.1
 
  2026        100.1    100.0     99.9    100.0    100.0    100.0
              100.0    100.0                                               0.0
 
  S.D.          0.1      0.1      0.0      0.3      0.1      0.1
                0.1      0.1      0.2      0.2      0.1      0.3

  Table Total-     13995.28   Mean-      99.97   Std. Dev.-       0.17
                              Min -      98.88        Max -     100.33
        R35 monthly CPI index            PAGE  17, SERIES series

 D 16  Combined adjustment factors
  From  2015.Jan to 2026.Aug
  Observations        140
 -----------------------------------------------------------------------------
               Jan      Feb      Mar      Apr      May      Jun 
               Jul      Aug      Sep      Oct      Nov      Dec         AVGE  
 -----------------------------------------------------------------------------
  2015       100.25   100.21   100.14   100.01   100.04    99.84
              99.80    99.70   100.03    99.98   100.01    99.98        100.00
 
  2016       100.26   100.21   100.13   100.00   100.03    99.85
              99.81    99.70   100.04    99.99   100.02    99.97        100.00
 
  2017       100.27   100.22   100.12    99.98    99.99    99.85
              99.81    99.71   100.05   100.01   100.03    99.97        100.00
 
  2018       100.28   100.22   100.11    99.95    99.95    99.86
              99.84    99.72   100.07   100.04   100.03    99.95        100.00
 
  2019       100.28   100.22   100.10    99.92    99.91    99.87
              99.87    99.74   100.10   100.06   100.02    99.92        100.00
 
  2020       100.26   100.20   100.09    99.90    99.90    99.90
              99.90    99.76   100.12   100.08    99.99    99.88        100.00
 
  2021       100.22   100.18   100.10    99.92    99.92    99.93
              99.92    99.78   100.12   100.09    99.97    99.84        100.00
 
  2022       100.17   100.14   100.11    99.96    99.96    99.96
              99.95    99.80   100.11   100.07    99.94    99.81        100.00
 
  2023       100.12   100.12   100.12   100.01   100.01    99.99
              99.95    99.80   100.10   100.05    99.93    99.80        100.00
 
  2024       100.09   100.09   100.12   100.05   100.05   100.00
              99.96    99.81   100.08   100.02    99.92    99.79        100.00
 
  2025       100.08   100.09   100.11   100.07   100.07   100.01
              99.96    99.81   100.06   100.00    99.92    99.79        100.00
 
  2026       100.08   100.10   100.11   100.08   100.07   100.01
              99.97    99.82                                            100.03
 
  AVGE       100.20   100.17   100.12    99.99    99.99    99.92
              99.90    99.76   100.08   100.04    99.98    99.88

  Table Total-     14000.24   Mean-     100.00   Std. Dev.-       0.13
                              Min -      99.70        Max -     100.28

 D 16.A  Combined adjustment component forecasts
  From  2026.Sep to 2027.Aug
  Observations         12
 -----------------------------------------------------------------------------
               Jan      Feb      Mar      Apr      May      Jun 
               Jul      Aug      Sep      Oct      Nov      Dec         AVGE  
 -----------------------------------------------------------------------------
  2026                                                          
                               100.06    99.99    99.92    99.80         99.94
 
  2027       100.08   100.10   100.10   100.07   100.07   100.01
              99.97    99.82                                            100.03
 
        R35 monthly CPI index            PAGE  18, SERIES series

 E 4  Ratios of annual totals
  From          2015 to 2025
  Observations         11
 -----------------------------------
  Year       Unmodified     Modified
                  (D11)         (E2)
 -----------------------------------
  2015           100.00       100.00
 
  2016           100.00       100.00
 
  2017           100.00       100.00
 
  2018           100.00       100.00
 
  2019           100.00       100.00
 
  2020           100.00       100.00
 
  2021           100.00       100.00
 
  2022            99.99        99.99
 
  2023           100.00       100.00
 
  2024           100.00       100.00
 
  2025           100.00       100.00
 
        R35 monthly CPI index            PAGE  19, SERIES series

 E 5  Month-to-month percent change in the original series
  From  2015.Feb to 2026.Aug
  Observations        139
 -----------------------------------------------------------------------------
               Jan      Feb      Mar      Apr      May      Jun 
               Jul      Aug      Sep      Oct      Nov      Dec         AVGE  
 -----------------------------------------------------------------------------
  2015                   0.1      0.0      0.1      0.3      0.0
                0.1      0.1      0.1      0.0      0.0      0.1           0.1
 
  2016          0.3      0.0      0.2      0.0      0.3      0.0
                0.1      0.2      0.1      0.5      0.7      2.4           0.4
 
  2017          0.8      0.6      0.3      0.3      0.3      0.1
                0.4      0.2      0.9      0.2      0.2      0.2           0.4
 
  2018          0.5      0.1      0.3      0.2      0.4      0.2
                0.3      0.1      0.4      0.5      0.5      0.4           0.3
 
  2019          0.5      0.3      0.2      0.3      0.3      0.5
                0.3      0.3      0.8      0.4      0.4      0.3           0.4
 
  2020          1.1      0.5      0.2      0.1      0.4      0.4
                0.4      0.2      0.7      0.3      0.1      0.1           0.4
 
  2021          0.3      0.1      0.2      0.1      0.2      1.1
                1.0      0.9      1.0      0.9      1.5      0.6           0.7
 
  2022          3.2      1.4      2.2      4.0      2.9      1.7
                1.5      1.5      2.0      1.4      1.0      0.6           2.0
 
  2023          1.3      0.8      0.9      0.7      0.7      0.6
                0.6      0.4      0.6      0.3      0.5      0.4           0.7
 
  2024          1.7      0.9      0.5      0.4      0.4      0.5
                0.3      0.2      0.7      0.3      0.4      0.2           0.5
 
  2025          0.5      0.6      0.4      0.4      0.3      0.2
                0.4      0.2      0.6      0.3      0.2      0.3           0.4
 
  2026          0.6      0.2      0.2      0.3      0.4      0.3
                0.2      0.1                                               0.3
 
  AVGE          1.0      0.4      0.5      0.6      0.6      0.5
                0.5      0.4      0.7      0.5      0.5      0.5

  Table Total-        75.35   Mean-       0.54   Std. Dev.-       0.82
                              Min -       0.00        Max -       4.00
        R35 monthly CPI index            PAGE  20, SERIES series

 E 6  Month-to-month percent change in seasonally adjusted series (D11)
  From  2015.Feb to 2026.Aug
  Observations        139
 -----------------------------------------------------------------------------
               Jan      Feb      Mar      Apr      May      Jun 
               Jul      Aug      Sep      Oct      Nov      Dec         AVGE  
 -----------------------------------------------------------------------------
  2015                   0.1      0.1      0.2      0.3      0.2
                0.1      0.2     -0.2      0.0     -0.0      0.1           0.1
 
  2016          0.0      0.0      0.3      0.1      0.3      0.2
                0.1      0.3     -0.2      0.5      0.7      2.5           0.4
 
  2017          0.5      0.6      0.4      0.4      0.3      0.2
                0.4      0.3      0.6      0.2      0.2      0.2           0.4
 
  2018          0.2      0.1      0.4      0.3      0.4      0.3
                0.3      0.2      0.1      0.6      0.5      0.4           0.3
 
  2019          0.2      0.3      0.3      0.4      0.3      0.6
                0.3      0.5      0.4      0.5      0.5      0.4           0.4
 
  2020          0.7      0.6      0.4      0.3      0.4      0.4
                0.4      0.4      0.4      0.4      0.2      0.2           0.4
 
  2021         -0.0      0.1      0.2      0.3      0.2      1.1
                1.0      1.1      0.7      0.9      1.6      0.7           0.7
 
  2022          2.8      1.5      2.2      4.2      2.9      1.7
                1.5      1.7      1.7      1.4      1.1      0.8           2.0
 
  2023          1.0      0.8      0.9      0.8      0.7      0.6
                0.6      0.6      0.3      0.3      0.7      0.6           0.7
 
  2024          1.4      0.8      0.5      0.5      0.4      0.5
                0.3      0.3      0.5      0.4      0.5      0.3           0.5
 
  2025          0.2      0.5      0.3      0.4      0.3      0.3
                0.5      0.4      0.3      0.4      0.3      0.4           0.4
 
  2026          0.3      0.2      0.2      0.4      0.4      0.3
                0.3      0.3                                               0.3
 
  AVGE          0.7      0.5      0.5      0.7      0.6      0.5
                0.5      0.5      0.4      0.5      0.6      0.6

  Table Total-        75.76   Mean-       0.55   Std. Dev.-       0.81
                              Min -      -0.23        Max -       4.16
        R35 monthly CPI index            PAGE  21, SERIES series

 E 7  Month-to-month percent change in final trend cycle (D12)
  From  2015.Feb to 2026.Aug
  Observations        139
 -----------------------------------------------------------------------------
               Jan      Feb      Mar      Apr      May      Jun 
               Jul      Aug      Sep      Oct      Nov      Dec         AVGE  
 -----------------------------------------------------------------------------
  2015                   0.1      0.2      0.2      0.2      0.2
                0.1      0.0      0.0      0.0      0.0      0.0           0.1
 
  2016          0.1      0.1      0.2      0.2      0.2      0.2
                0.2      0.2      0.3      0.4      0.5      2.4           0.4
 
  2017          0.5      0.5      0.4      0.3      0.3      0.3
                0.4      0.4      0.4      0.3      0.2      0.2           0.3
 
  2018          0.2      0.3      0.3      0.3      0.3      0.3
                0.3      0.3      0.3      0.4      0.4      0.4           0.3
 
  2019          0.3      0.3      0.3      0.4      0.4      0.4
                0.4      0.4      0.4      0.4      0.5      0.5           0.4
 
  2020          0.6      0.5      0.4      0.4      0.4      0.4
                0.4      0.4      0.4      0.3      0.2      0.1           0.4
 
  2021          0.1      0.1      0.2      0.3      0.5      0.7
                0.8      0.9      1.0      1.2      1.4      1.7           0.7
 
  2022          1.8      1.9      1.9      5.3      1.7      1.7
                1.6      1.6      1.6      1.4      1.2      1.0           1.9
 
  2023          0.9      0.8      0.8      0.8      0.7      0.6
                0.6      0.5      0.5      0.5      0.5      0.6           0.6
 
  2024          1.4      0.6      0.6      0.5      0.4      0.4
                0.4      0.4      0.4      0.4      0.4      0.4           0.5
 
  2025          0.4      0.4      0.4      0.4      0.3      0.4
                0.4      0.4      0.4      0.4      0.4      0.3           0.4
 
  2026          0.3      0.3      0.3      0.3      0.4      0.3
                0.3      0.3                                               0.3
 
  AVGE          0.6      0.5      0.5      0.8      0.5      0.5
                0.5      0.5      0.5      0.5      0.5      0.7

  Table Total-        75.79   Mean-       0.55   Std. Dev.-       0.81
                              Min -       0.00        Max -       5.32
        R35 monthly CPI index            PAGE  22, SERIES series

 E 8  Month-to-month percent change in original series adjusted for calendar factors (A18)
  From  2015.Feb to 2026.Aug
  Observations        139
 -----------------------------------------------------------------------------
               Jan      Feb      Mar      Apr      May      Jun 
               Jul      Aug      Sep      Oct      Nov      Dec         AVGE  
 -----------------------------------------------------------------------------
  2015                   0.1      0.0      0.1      0.3      0.0
                0.1      0.1      0.1      0.0      0.0      0.1           0.1
 
  2016          0.3      0.0      0.2      0.0      0.3      0.0
                0.1      0.2      0.1      0.5      0.7      2.4           0.4
 
  2017          0.8      0.6      0.3      0.3      0.3      0.1
                0.4      0.2      0.9      0.2      0.2      0.2           0.4
 
  2018          0.5      0.1      0.3      0.2      0.4      0.2
                0.3      0.1      0.4      0.5      0.5      0.4           0.3
 
  2019          0.5      0.3      0.2      0.3      0.3      0.5
                0.3      0.3      0.8      0.4      0.4      0.3           0.4
 
  2020          1.1      0.5      0.2      0.1      0.4      0.4
                0.4      0.2      0.7      0.3      0.1      0.1           0.4
 
  2021          0.3      0.1      0.2      0.1      0.2      1.1
                1.0      0.9      1.0      0.9      1.5      0.6           0.7
 
  2022          3.2      1.4      2.2      4.0      2.9      1.7
                1.5      1.5      2.0      1.4      1.0      0.6           2.0
 
  2023          1.3      0.8      0.9      0.7      0.7      0.6
                0.6      0.4      0.6      0.3      0.5      0.4           0.7
 
  2024          1.7      0.9      0.5      0.4      0.4      0.5
                0.3      0.2      0.7      0.3      0.4      0.2           0.5
 
  2025          0.5      0.6      0.4      0.4      0.3      0.2
                0.4      0.2      0.6      0.3      0.2      0.3           0.4
 
  2026          0.6      0.2      0.2      0.3      0.4      0.3
                0.2      0.1                                               0.3
 
  AVGE          1.0      0.4      0.5      0.6      0.6      0.5
                0.5      0.4      0.7      0.5      0.5      0.5

  Table Total-        75.35   Mean-       0.54   Std. Dev.-       0.82
                              Min -       0.00        Max -       4.00
        R35 monthly CPI index            PAGE  23, SERIES series

 E 18  Final adjustment ratios
  From  2015.Jan to 2026.Aug
  Observations        140
 -----------------------------------------------------------------------------
               Jan      Feb      Mar      Apr      May      Jun 
               Jul      Aug      Sep      Oct      Nov      Dec         AVGE  
 -----------------------------------------------------------------------------
  2015        100.2    100.2    100.1    100.0    100.0     99.8
               99.8     99.7    100.0    100.0    100.0    100.0         100.0
 
  2016        100.3    100.2    100.1    100.0    100.0     99.8
               99.8     99.7    100.0    100.0    100.0    100.0         100.0
 
  2017        100.3    100.2    100.1    100.0    100.0     99.9
               99.8     99.7    100.1    100.0    100.0    100.0         100.0
 
  2018        100.3    100.2    100.1     99.9     99.9     99.9
               99.8     99.7    100.1    100.0    100.0     99.9         100.0
 
  2019        100.3    100.2    100.1     99.9     99.9     99.9
               99.9     99.7    100.1    100.1    100.0     99.9         100.0
 
  2020        100.3    100.2    100.1     99.9     99.9     99.9
               99.9     99.8    100.1    100.1    100.0     99.9         100.0
 
  2021        100.2    100.2    100.1     99.9     99.9     99.9
               99.9     99.8    100.1    100.1    100.0     99.8         100.0
 
  2022        100.2    100.1    100.1    100.0    100.0    100.0
               99.9     99.8    100.1    100.1     99.9     99.8         100.0
 
  2023        100.1    100.1    100.1    100.0    100.0    100.0
              100.0     99.8    100.1    100.0     99.9     99.8         100.0
 
  2024        100.1    100.1    100.1    100.1    100.0    100.0
              100.0     99.8    100.1    100.0     99.9     99.8         100.0
 
  2025        100.1    100.1    100.1    100.1    100.1    100.0
              100.0     99.8    100.1    100.0     99.9     99.8         100.0
 
  2026        100.1    100.1    100.1    100.1    100.1    100.0
              100.0     99.8                                             100.0
 
  AVGE        100.2    100.2    100.1    100.0    100.0     99.9
               99.9     99.8    100.1    100.0    100.0     99.9

  Table Total-     14000.24   Mean-     100.00   Std. Dev.-       0.13
                              Min -      99.70        Max -     100.28

 E 18.A  Final adjustment ratio forecasts
  From  2026.Sep to 2027.Aug
  Observations         12
 -----------------------------------------------------------------------------
               Jan      Feb      Mar      Apr      May      Jun 
               Jul      Aug      Sep      Oct      Nov      Dec         AVGE  
 -----------------------------------------------------------------------------
  2026                                                          
                                100.1    100.0     99.9     99.8          99.9
 
  2027        100.1    100.1    100.1    100.1    100.1    100.0
              100.0     99.8                                             100.0
 

  QS statistic for seasonality:
  log(Original Series)                               21.08  (P-Value =     0.0000)
  log(Original Series (EV adj))                      78.36  (P-Value =     0.0000)
  Residuals                                           0.00  (P-Value =     1.0000)
  log(Seasonally Adjusted Series)                     0.00  (P-Value =     1.0000)
  log(SA Series (EV adj))                             0.00  (P-Value =     1.0000)
  Irregular Series                                    0.00  (P-Value =     1.0000)
  Irregular Series (EV adj)                           0.00  (P-Value =     1.0000)

  QS statistic for seasonality (starting 2018.Sep):
  log(Original Series)                               23.73  (P-Value =     0.0000)
  log(Original Series (EV adj))                      48.55  (P-Value =     0.0000)
  Residuals                                           0.00  (P-Value =     1.0000)
  log(Seasonally Adjusted Series)                     0.00  (P-Value =     1.0000)
  log(SA Series (EV adj))                             0.00  (P-Value =     1.0000)
  Irregular Series                                    0.00  (P-Value =     1.0000)
  Irregular Series (EV adj)                           0.00  (P-Value =     1.0000)
        R35 monthly CPI index            PAGE  24, SERIES series


  Visually significant residual seasonal peaks have been
  found in the spectral plot of the following series starting in 2018.Sep:

          Irregular component (Table D13) (1 Seasonal and 
        R35 monthly CPI index            PAGE  25, SERIES series
 G 0  10*LOG(SPECTRUM) of the differenced, transformed Prior Adjusted Series
      (Table B1).  Spectrum estimated from 2018.Sep to 2026.Aug.
 ++++++++++I+++++++++++++++++++++++++++++++++++++++++++++++++++++++++++++I
     -34.83I                                                            SI    -34.83
           I                                                            SI
           I                                                            SI
           I                                                            SI
     -36.99I                                                            SI    -36.99
           I                                                            SI
           I                                                            SI
           I                                                            SI
     -39.16I                                                            SI    -39.16
           I                                                            SI
           I                                                            SI
           I                                                            SI
     -41.33I                              S                             SI    -41.33
           I                              S                             SI
           I                              S                             SI
           I                              S                             SI
     -43.49I                              S                             SI    -43.49
           I                              S                             SI
           I                              S                             SI
           I                              S                             SI
     -45.66I                              S                             SI    -45.66
           I                              S                             SI
           I                              S                  *         *SI
           I                              S                  *         *SI
     -47.82I                              S                  *S        *SI    -47.82
           I                              S                  *S        *SI
           I               *              S*                 *S        *SI
           I               *             *S*                 *S        *SI
     -49.99I               *             *S*                 *S        *SI    -49.99
           I               *    S    *   *S*                **S        *SI
           I               *    S    *   *S*                **S        *SI
           I               *    S    **  *S*  **            **S        *SI
     -52.15I    *          *   *S    **  *S*  **           ***S       **SI    -52.15
           I    **         *   *S   *** **S*  **           ***S*      **SI
           I   ***         *   *S   ******S** **           ***S*      **SI
           I   ***         *   *S   ******S*****          ****S*      **SI
     -54.32I   ***         *   *S   ******S*****          ****S*  ** ***SI    -54.32
           I   ***         *   *S   ******S*****    S*    ****S*  ******SI
           I   ***         *   *S   ******S******   S*    ****S*T*******SI
           I  ****         **  *S   ******S******   S*   *****S*T*******SI
     -56.48I  ****         **  *S* *******S******  *S*T  *****S*T*******SI    -56.48
           I  ****         **  *S* *******S******  *S*T  *****S*T*******SI
           I  ****        *** **S*********S*********S*T*******S*T*******SI
           I  *****       *** **S*********S*********S*T*******S*T*******SI
     -58.65I  *****   S*  ******S*********S*********S*T*******S*T*******SI    -58.65
           I ******   S*  ******S*********S*********S*T*******S*T*******SI
           I ******   S*  ******S*********S*********S*T*******S*T*******SI
           I ******   S*  ******S*********S*********S*T*******S*T*******SI
     -60.81I*******   S*  ******S*********S*********S*T*******S*T*******SI    -60.81
           I*******   S*********S*********S*********S*T*******S*T*******SI
           I******** *S*********S*********S*********S*T*******S*T*******SI
           I******** *S*********S*********S*********S*T*******S*T*******SI
     -62.98I**********S*********S*********S*********S*T*******S*T*******SI    -62.98
 ++++++++++I+++++++++++++++++++++++++++++++++++++++++++++++++++++++++++++I
            S=SEASONAL FREQUENCIES, T=TRADING DAY FREQUENCIES
        R35 monthly CPI index            PAGE  26, SERIES series
 G 1  10*LOG(SPECTRUM) of the differenced, transformed seasonally adjusted 
      data (Table D11).  Spectrum estimated from 2018.Sep to 2026.Aug.
 ++++++++++I+++++++++++++++++++++++++++++++++++++++++++++++++++++++++++++I
     -39.38I                                                  S          I    -39.38
           I                                                  S          I
           I                                                  S          I
           I                                                  S          I
     -40.84I                                                  S          I    -40.84
           I                                                  S          I
           I                                                  S          I
           I                                              *   S          I
     -42.30I                                             **   S          I    -42.30
           I                                             **   S          I
           I                                       *     **   S          I
           I                                       *S    **   S          I
     -43.76I                                       *S    **   S          I    -43.76
           I                                   *   *S    **  *S   *      I
           I                                   *   *S    **  *S*  *      I
           I                       **          *   *S*   **  *S*  *      I
     -45.22I                       **  *       *   *S*   **  *S*  *      I    -45.22
           I                       **  *       *  **S*   **  *S*  *      I
           I                       ** **       ** **S*   *** *S*  *      I
           I                       ** **       ** **S*  **** *S*  *      I
     -46.69I                       ** **       ** **S*T **** *S*  *      I    -46.69
           I                       ******     ******S*T ******S*  *      I
           I                       ******     ******S*T ******S* ***    SI
           I                       ******     ******S*T*******S*T***    SI
     -48.15I            *          ******     ******S*T*******S*T***    SI    -48.15
           I            *          *******    ******S*T*******S*T***    SI
           I            *    *     *******    ******S*T*******S*T***    SI
           I            *   **     *******    ******S*T*******S*T***   *SI
     -49.61I    **      *   **     *******    ******S*T*******S*T***   *SI    -49.61
           I    **     **   **     *******S   ******S*T*******S*T***   *SI
           I    **     **   **     *******S  *******S*T*******S*T***   *SI
           I    **     **   **     *******S  *******S*T*******S*T****  *SI
     -51.07I    **     **   **    ********S* *******S*T*******S*T****  *SI    -51.07
           I   ***     **   **    ********S* *******S*T*******S*T**** **SI
           I   ****    ***  **    ********S*********S*T*******S*T**** **SI
           I   ****    *** ***    ********S*********S*T*******S*T*******SI
     -52.53I   ****    *** ***    ********S*********S*T*******S*T*******SI    -52.53
           I   ****    *** ****   ********S*********S*T*******S*T*******SI
           I   ****    ********   ********S*********S*T*******S*T*******SI
           I   ****    ********   ********S*********S*T*******S*T*******SI
     -53.99I   ****    ********   ********S*********S*T*******S*T*******SI    -53.99
           I   ****    ********   ********S*********S*T*******S*T*******SI
           I  *****    ********  *********S*********S*T*******S*T*******SI
           I  ******  S********  *********S*********S*T*******S*T*******SI
     -55.45I  ******  S********* *********S*********S*T*******S*T*******SI    -55.45
           I  ******  S********* *********S*********S*T*******S*T*******SI
           I  ******  S*********S*********S*********S*T*******S*T*******SI
           I  ******  S*********S*********S*********S*T*******S*T*******SI
     -56.91I  ******  S*********S*********S*********S*T*******S*T*******SI    -56.91
           I  ********S*********S*********S*********S*T*******S*T*******SI
           I *********S*********S*********S*********S*T*******S*T*******SI
           I *********S*********S*********S*********S*T*******S*T*******SI
     -58.37I**********S*********S*********S*********S*T*******S*T*******SI    -58.37
 ++++++++++I+++++++++++++++++++++++++++++++++++++++++++++++++++++++++++++I
            S=SEASONAL FREQUENCIES, T=TRADING DAY FREQUENCIES
        R35 monthly CPI index            PAGE  27, SERIES series
 G 2  10*LOG(SPECTRUM) of the Irregular (Table D13).  
      Spectrum estimated from 2018.Sep to 2026.Aug.
 ++++++++++I+++++++++++++++++++++++++++++++++++++++++++++++++++++++++++++I
     -55.34I                        *                                    I    -55.34
           I                        ** *                                 I
           I                        ****                                 I
           I                *       ****                                 I
     -56.88I                *       ****                                 I    -56.88
           I                *       ****                                 I
           I               **       ****                                 I
           I               **       ****                                 I
     -58.41I               **       ****      *                          I    -58.41
           I               **  *    ****      *                          I
           I           *   **  *    ****      *                          I
           I           *   **  *    ****      *                          I
     -59.95I           *   **  *    ****      **                         I    -59.95
           I           *   **  *    ****      **                         I
           I           *   **  *    ****      **            *            I
           I           *   **  *S   ****     ***            *            I
     -61.48I           *   **  *S  *****     ***            *            I    -61.48
           I           **  **  *S  ******    ***    S       *            I
           I           **  *****S  ******    ***    S       *            I
           I           **  *****S  ******    ***    S       **           I
     -63.02I           **  *****S  ******    ***    S       **           I    -63.02
           I           **  *****S  ******    ***    S       **           I
           I           **  *****S  ******    ***    S       **           I
           I           **  *****S* ******    ***    S*     ***           I
     -64.55I           ** ******S********   *****   S*    ****    *      I    -64.55
           I           ** ******S********   *****   S*    ****    **  *  I
           I           ** ******S********   *****  *S*   *****    **  *  I
           I           *********S********   *****  *S*   *****    ** **  I
     -66.08I           *********S*********  *****  *S*   *****    ** **  I    -66.08
           I          S*********S*********  *****  *S*   *****    *****  I
           I       *  S*********S********* ******  *S*   *****    ****** I
           I       *  S*********S********* ******* *S*   *****    ****** I
     -67.62I      **  S*********S*********S*********S*   *****    ****** I    -67.62
           I   *  **  S*********S*********S*********S*  ******    ******SI
           I   *  **  S*********S*********S*********S*T ******    ******SI
           I   ** *** S*********S*********S*********S*T ******S   ******SI
     -69.15I   *******S*********S*********S*********S*T ******S  *******SI    -69.15
           I   *******S*********S*********S*********S*T*******S  *******SI
           I   *******S*********S*********S*********S*T*******S  *******SI
           I   *******S*********S*********S*********S*T*******S  *******SI
     -70.69I   *******S*********S*********S*********S*T*******S  *******SI    -70.69
           I  ********S*********S*********S*********S*T*******S* *******SI
           I  ********S*********S*********S*********S*T*******S*T*******SI
           I  ********S*********S*********S*********S*T*******S*T*******SI
     -72.22I  ********S*********S*********S*********S*T*******S*T*******SI    -72.22
           I  ********S*********S*********S*********S*T*******S*T*******SI
           I  ********S*********S*********S*********S*T*******S*T*******SI
           I  ********S*********S*********S*********S*T*******S*T*******SI
     -73.76I  ********S*********S*********S*********S*T*******S*T*******SI    -73.76
           I  ********S*********S*********S*********S*T*******S*T*******SI
           I *********S*********S*********S*********S*T*******S*T*******SI
           I *********S*********S*********S*********S*T*******S*T*******SI
     -75.29I**********S*********S*********S*********S*T*******S*T*******SI    -75.29
 ++++++++++I+++++++++++++++++++++++++++++++++++++++++++++++++++++++++++++I
            S=SEASONAL FREQUENCIES, T=TRADING DAY FREQUENCIES
        R35 monthly CPI index            PAGE  28, SERIES series

  Peak probabilities for Tukey spectrum estimator
  Spectrum estimated from 2018.Sep to 2026.Aug.

                                          S1       S2       S3       S4       S5       S6       TD
                                        ------   ------   ------   ------   ------   ------   ------
  Model Residuals                        0.990**  0.265    0.563    0.118    0.273    0.147    0.149  
  Prior Adjusted Series (Table B1)       0.305    0.990**  0.994**  0.962*   0.946*   1.000**  0.609  
  Seasonally adjusted series (D11)       0.695    0.010    0.410    0.776    0.848    0.729    0.262  
  Irregular (D13)                        0.539    0.901*   0.235    0.981*   0.267    0.598    0.445  
  ----------
     ** - Peak Probability > 0.99,
      * - 0.90 < Peak Probability < 0.99



  NP statistic for residual seasonality:

  NP statistic for residual seasonality (Full series)
                                                  Residual Seasonality?
  log(Seasonally Adjusted Series)                          no
  log(Seasonally Adjusted Series (EV adj))                 no

  NP statistic for residual seasonality (Series start in 2018.Sep)
                                                  Residual Seasonality?
  log(Seasonally Adjusted Series)                          no
  log(Seasonally Adjusted Series (EV adj))                 no
