harness: incumbent vs backtest alc_pred max|diff| 4.44e-16
clock B vs A: max|diff| W5 0.00e+00, split 0.00e+00

=== clock A: BLOCK RMSE (MAE) vs realised division-02 m/m | HEADLINE RMSE vs first release ===
split              n |           inc            W5      W5-split | head inc      W5   split | survey
all 90            90 |  0.919 (0.712)  0.928 (0.705)  0.928 (0.707) |   0.7307  0.7286  0.7294 | 0.3815
ex-January        83 |  0.886 (0.680)  0.921 (0.697)  0.919 (0.695) |   0.4048  0.4066  0.4067 | 0.3801
2024+             31 |  0.846 (0.703)  0.882 (0.696)  0.882 (0.692) |   0.2141  0.2139  0.2139 | 0.2410
2024+ ex-Jan      28 |  0.791 (0.647)  0.896 (0.698)  0.893 (0.692) |   0.1973  0.2018  0.2021 | 0.2315
2025+ flash era   19 |  0.789 (0.682)  0.746 (0.646)  0.750 (0.646) |   0.1659  0.1633  0.1635 | 0.1947
January only       7 |  1.247 (1.096)  1.005 (0.798)  1.027 (0.851) |   2.2186  2.2056  2.2088 | 0.3982
Feb-Apr only      24 |  1.078 (0.901)  1.140 (0.951)  1.137 (0.942) |   0.3437  0.3494  0.3496 | 0.3122
  inc       big-surprise MAE 0.642 (n=23), W-L@0.15 6-3, block bias -0.079, January bias -1.096
  W5        big-surprise MAE 0.646 (n=23), W-L@0.15 6-2, block bias -0.039, January bias -0.798
  W5_split  big-surprise MAE 0.647 (n=23), W-L@0.15 7-2, block bias -0.047, January bias -0.851

=== clock B: BLOCK RMSE (MAE) vs realised division-02 m/m | HEADLINE RMSE vs first release ===
split              n |           inc            W5      W5-split | head inc      W5   split | survey
all 90            90 |  0.919 (0.712)  0.928 (0.705)  0.928 (0.707) |   0.7292  0.7270  0.7278 | 0.3815
ex-January        83 |  0.886 (0.680)  0.921 (0.697)  0.919 (0.695) |   0.4041  0.4059  0.4060 | 0.3801
2024+             31 |  0.846 (0.703)  0.882 (0.696)  0.882 (0.692) |   0.2144  0.2142  0.2143 | 0.2410
2024+ ex-Jan      28 |  0.791 (0.647)  0.896 (0.698)  0.893 (0.692) |   0.1983  0.2027  0.2029 | 0.2315
2025+ flash era   19 |  0.789 (0.682)  0.746 (0.646)  0.750 (0.646) |   0.1650  0.1624  0.1626 | 0.1947
January only       7 |  1.247 (1.096)  1.005 (0.798)  1.027 (0.851) |   2.2134  2.2005  2.2037 | 0.3982
Feb-Apr only      24 |  1.078 (0.901)  1.140 (0.951)  1.137 (0.942) |   0.3409  0.3464  0.3466 | 0.3122
  inc       big-surprise MAE 0.642 (n=23), W-L@0.15 6-2, block bias -0.079, January bias -1.096
  W5        big-surprise MAE 0.646 (n=23), W-L@0.15 5-2, block bias -0.039, January bias -0.798
  W5_split  big-surprise MAE 0.648 (n=23), W-L@0.15 6-2, block bias -0.047, January bias -0.851

ADOPTION: W5 passes False; W5-split passes False -> RECORD AND CLOSE
