
COVERAGE (share of prints inside the band) | width80 | PIT KS | CRPS | twCRPS(big) ; per model x variant
model      var   n |    50    80    90 | exJan    80    90 | 2024+    80    90 | big    80    90 |   w80    KS   CRPS  twCRPS
BASE_RIDGE V0   66 |  0.48  0.80  0.85 |        0.82  0.85 |        0.97  1.00 |      0.60  0.75 |  0.84  0.12  0.225   0.203
BASE_RIDGE V1   66 |  0.41  0.77  0.83 |        0.77  0.84 |        0.97  1.00 |      0.55  0.70 |  0.80  0.11  0.228   0.204
BASE_RIDGE V2   66 |  0.41  0.80  0.85 |        0.80  0.85 |        0.94  0.97 |      0.65  0.80 |  0.85  0.13  0.233   0.207
BASE_RIDGE V3   66 |  0.47  0.79  0.83 |        0.79  0.84 |        1.00  1.00 |      0.60  0.70 |  0.93  0.10  0.232   0.204
BASE_RIDGE V4   66 |  0.44  0.79  0.86 |        0.79  0.87 |        0.97  1.00 |      0.60  0.75 |  0.81  0.09  0.228   0.204
PAST_FULL  V0   66 |  0.45  0.77  0.83 |        0.79  0.85 |        0.97  0.97 |      0.55  0.70 |  0.88  0.07  0.236   0.222
PAST_FULL  V1   66 |  0.38  0.77  0.82 |        0.79  0.82 |        0.97  1.00 |      0.55  0.70 |  0.82  0.11  0.240   0.222
PAST_FULL  V2   66 |  0.45  0.74  0.83 |        0.75  0.84 |        0.87  1.00 |      0.55  0.75 |  0.88  0.09  0.243   0.226
PAST_FULL  V3   66 |  0.50  0.79  0.83 |        0.79  0.84 |        1.00  1.00 |      0.60  0.75 |  0.93  0.11  0.244   0.222
PAST_FULL  V4   66 |  0.38  0.77  0.83 |        0.79  0.84 |        0.97  1.00 |      0.55  0.70 |  0.86  0.08  0.241   0.222
PAST_HALF  V0   66 |  0.50  0.79  0.85 |        0.80  0.85 |        0.97  1.00 |      0.60  0.75 |  0.88  0.10  0.226   0.211
PAST_HALF  V1   66 |  0.45  0.76  0.83 |        0.75  0.84 |        0.97  1.00 |      0.55  0.70 |  0.79  0.09  0.231   0.211
PAST_HALF  V2   66 |  0.45  0.76  0.83 |        0.75  0.84 |        0.90  0.97 |      0.60  0.75 |  0.86  0.09  0.234   0.215
PAST_HALF  V3   66 |  0.55  0.79  0.85 |        0.79  0.85 |        1.00  1.00 |      0.60  0.80 |  0.92  0.06  0.235   0.211
PAST_HALF  V4   66 |  0.45  0.79  0.83 |        0.79  0.84 |        0.97  1.00 |      0.65  0.70 |  0.82  0.08  0.231   0.211

SELECTION (80 and 90 coverage within 5 points of nominal on all origins AND 2024+; lowest CRPS; ties to the simpler variant)
  BASE_RIDGE -> V1  (uncalibrated (no variant met the coverage condition; V1 published as such)); cov80 0.77 cov90 0.83 | 2024+ 0.97 1.00 | CRPS 0.228
  PAST_FULL  -> V1  (uncalibrated (no variant met the coverage condition; V1 published as such)); cov80 0.77 cov90 0.82 | 2024+ 0.97 1.00 | CRPS 0.240
  PAST_HALF  -> V1  (uncalibrated (no variant met the coverage condition; V1 published as such)); cov80 0.76 cov90 0.83 | 2024+ 0.97 1.00 | CRPS 0.231

RELIABILITY of |model - survey| (release eve, 90 origins): bucket | n | share of months the model was closer to the print than the survey | mean gain g = |s| - |e| (pp)
  BASE_RIDGE: [0,0.1) n=45 closer 0.42 gain -0.002 | [0.1,0.2) n=26 closer 0.54 gain +0.002 | [0.2,0.4) n=11 closer 0.36 gain -0.072 | [0.4,inf) n= 8 closer 0.38 gain -0.083
  PAST_FULL : [0,0.1) n=36 closer 0.36 gain -0.011 | [0.1,0.2) n=22 closer 0.36 gain -0.058 | [0.2,0.4) n=22 closer 0.64 gain +0.077 | [0.4,inf) n=10 closer 0.30 gain -0.241
  PAST_HALF : [0,0.1) n=44 closer 0.43 gain -0.010 | [0.1,0.2) n=22 closer 0.55 gain +0.001 | [0.2,0.4) n=16 closer 0.44 gain -0.017 | [0.4,inf) n= 8 closer 0.50 gain -0.114
