{
 "reports": {
  "report": 19,
  "cutoff": 19
 },
 "checks": {
  "ROSTER_R27_max_abs_gap_vs_run": 0.0,
  "R24_PATH_max_abs_gap_vs_run": 0.0,
  "FAST_max_abs_gap_vs_run": 0.0,
  "CORE_PHASE_R29B_max_abs_gap_vs_run": 0.0,
  "swap_arithmetic_reproduces_roster_export_max_abs_gap": 3.552713678800501e-15,
  "rounds": {
   "mae": 0.0,
   "gap": 7.105427357601002e-15,
   "n_mae": 180,
   "n_gap": 1520
  },
  "board_max_abs_gap_vs_evaluation": 0.0
 },
 "board": {
  "rows": [
   {
    "id": "ROSTER_R27",
    "label": "R27 research path \u00b7 FAST core, food drift and producer-price gap",
    "promoted": true,
    "full_h3": 1.4483370973482854,
    "full_n3": 84,
    "full_h6": 2.244603126926088,
    "full_n6": 81,
    "full_h12": 4.768932868864873,
    "full_n12": 75,
    "recent_h3": 0.5071741605110427,
    "recent_n3": 28,
    "recent_h6": 0.4629079450005251,
    "recent_n6": 25,
    "recent_h12": 0.659033837640918,
    "recent_n12": 19,
    "cnb_pairs": 34,
    "vs_cnb_rmse": 0.40526570179672317,
    "vs_cnb_rmse_4q": 0.5366410118546802,
    "cnb_pairs_4q": 7
   },
   {
    "id": "R24_PATH",
    "label": "R24 path \u00b7 FAST core, food drift (predecessor)",
    "promoted": false,
    "full_h3": 1.4566126181768873,
    "full_n3": 84,
    "full_h6": 2.2727292490959163,
    "full_n6": 81,
    "full_h12": 4.800764598677102,
    "full_n12": 75,
    "recent_h3": 0.5128925265314042,
    "recent_n3": 28,
    "recent_h6": 0.4912382873543518,
    "recent_n6": 25,
    "recent_h12": 0.6645998174267459,
    "recent_n12": 19,
    "cnb_pairs": 34,
    "vs_cnb_rmse": 0.4385543724243261,
    "vs_cnb_rmse_4q": 0.5826638573862053,
    "cnb_pairs_4q": 7
   },
   {
    "id": "FAST",
    "label": "FAST \u00b7 reference",
    "promoted": false,
    "full_h3": 1.4591809877871644,
    "full_n3": 84,
    "full_h6": 2.290294341334928,
    "full_n6": 81,
    "full_h12": 4.869472205001029,
    "full_n12": 75,
    "recent_h3": 0.517777318612281,
    "recent_n3": 28,
    "recent_h6": 0.5357843828577382,
    "recent_n6": 25,
    "recent_h12": 0.8579638828422467,
    "recent_n12": 19,
    "cnb_pairs": 34,
    "vs_cnb_rmse": 0.4734106810594962,
    "vs_cnb_rmse_4q": 0.6786899413851567,
    "cnb_pairs_4q": 7
   },
   {
    "id": "LOCAL_R27FOOD",
    "label": "Current core + R27 food block \u00b7 presentation frame",
    "promoted": false,
    "full_h3": 1.5144056264238186,
    "full_n3": 84,
    "full_h6": 2.56052153955998,
    "full_n6": 81,
    "full_h12": 5.272626533963121,
    "full_n12": 75,
    "recent_h3": 0.46127565218199806,
    "recent_n3": 28,
    "recent_h6": 0.3895385366259823,
    "recent_n6": 25,
    "recent_h12": 0.4990148089762882,
    "recent_n12": 19,
    "cnb_pairs": 34,
    "vs_cnb_rmse": 0.32650851456641855,
    "vs_cnb_rmse_4q": 0.3746488541956147,
    "cnb_pairs_4q": 7
   },
   {
    "id": "CORE_PHASE_R29B",
    "label": "R27 + core phase rule (1.0 / 0.8) \u00b7 research, not promoted",
    "promoted": false,
    "full_h3": 1.4503906878518134,
    "full_n3": 84,
    "full_h6": 2.235206074007327,
    "full_n6": 81,
    "full_h12": 4.740122401982588,
    "full_n12": 75,
    "recent_h3": 0.500468839714692,
    "recent_n3": 28,
    "recent_h6": 0.4429787251053667,
    "recent_n6": 25,
    "recent_h12": 0.601666001391081,
    "recent_n12": 19,
    "cnb_pairs": 34,
    "vs_cnb_rmse": 0.39787063008953105,
    "vs_cnb_rmse_4q": 0.515823261220839,
    "cnb_pairs_4q": 7
   }
  ],
  "cnb": {
   "rmse": 0.37178899761039697,
   "rmse_4q": 0.426250199997777,
   "n": 34,
   "n_4q": 7
  },
  "support": 969
 }
}
