harness: incumbent vs backtest food_pred max|diff| 2.22e-16

FOOD BLOCK RMSE vs realised food m/m (n = origins with a complete category forecast)
split            | incumbent |   cat A      d% |   cat B      d% | I1-only  P-only
all 90           |     0.913 |   0.928   +1.6% |   0.928   +1.6% |   1.131   0.921   (n=90)
ex-January       |     0.782 |   0.843   +7.8% |   0.843   +7.8% |   1.092   0.821   (n=83)
2024+            |     0.780 |   0.796   +2.0% |   0.796   +2.0% |   0.953   0.752   (n=31)
2024+ ex-Jan     |     0.682 |   0.728   +6.8% |   0.728   +6.8% |   0.916   0.676   (n=28)
2025+ flash era  |     0.567 |   0.606   +6.8% |   0.606   +6.8% |   0.749   0.578   (n=19)

HEADLINE RMSE vs first release
all 90           | A 0.7307 -> 0.7233 (-1.0%) | B 0.7292 -> 0.7217 (-1.0%)
ex-January       | A 0.4048 -> 0.4121 (+1.8%) | B 0.4041 -> 0.4114 (+1.8%)
2024+            | A 0.2141 -> 0.2293 (+7.1%) | B 0.2144 -> 0.2298 (+7.2%)
2024+ ex-Jan     | A 0.1973 -> 0.2117 (+7.3%) | B 0.1983 -> 0.2128 (+7.3%)
2025+ flash era  | A 0.1659 -> 0.1821 (+9.7%) | B 0.1650 -> 0.1814 (+9.9%)
BASE_RIDGE A   big-surprise MAE 0.642 (n=23, consensus 0.578), material W-L@0.15 6-3, halves 3
category A     big-surprise MAE 0.646 (n=23, consensus 0.578), material W-L@0.15 5-3, halves 2
BASE_RIDGE B   big-surprise MAE 0.642 (n=23, consensus 0.578), material W-L@0.15 6-2, halves 3
category B     big-surprise MAE 0.646 (n=23, consensus 0.578), material W-L@0.15 5-3, halves 2

PER-CLASS RMSE over the 90 origins (clock A): combined | I1 | I2 | P | naive same-month mean; mean IW weights
  0111  bread & cereals          0.979 | 1.137 | 0.965 | 1.006 | 1.240; w I1 0.30 I2 0.35 P 0.36
  0112  meat                     1.410 | 1.653 | 1.403 | 1.378 | 1.597; w I1 0.31 I2 0.31 P 0.38
  0113  fish                     2.284 | 2.428 | 2.290 | 2.295 | 2.391; w I1 0.34 I2 0.29 P 0.37
  0114  milk, cheese, eggs       1.400 | 1.684 | 1.350 | 1.431 | 1.658; w I1 0.30 I2 0.34 P 0.37
  0115  oils & fats              2.800 | 2.951 | 2.760 | 2.880 | 2.952; w I1 0.33 I2 0.31 P 0.36
  0116  fruit                    3.003 | 3.154 | 3.006 | 2.979 | 3.110; w I1 0.34 I2 0.30 P 0.37
  0117  vegetables               4.558 | 4.640 | 4.585 | 4.495 | 4.288; w I1 0.34 I2 0.30 P 0.36
  0118  sugar & sweets           1.687 | 1.855 | 1.685 | 1.681 | 1.817; w I1 0.32 I2 0.31 P 0.37
  0119  other food               1.357 | 1.504 | 1.345 | 1.377 | 1.463; w I1 0.31 I2 0.30 P 0.39
  012   non-alcoholic beverages  1.580 | 1.658 | 1.615 | 1.611 | 1.558; w I1 0.34 I2 0.30 P 0.36

ADOPTION RULE: B block >=5% on all and 2024+ with headline not worse: False; A block not worse: False -> RECORD AND CLOSE
