signal: 236 months A / 236 months B, 2007-01..2026-08; weeks unrecorded pub date: 438 of 9913 rows
harness: incumbent vs backtest food_pred max|diff| A 2.22e-16  B 2.22e-16

FOOD BLOCK RMSE (MAE) vs realised food m/m
split              n |  A incumbent    A +szif      d% |  B incumbent    B +szif      d%
all 90            90 |  0.913 (0.678)  0.923 (0.688)   +1.1% |  0.913 (0.678)  0.923 (0.687)   +1.1%
ex-January        83 |  0.782 (0.598)  0.780 (0.601)   -0.2% |  0.782 (0.598)  0.786 (0.603)   +0.5%
2024+             31 |  0.780 (0.617)  0.797 (0.632)   +2.2% |  0.780 (0.617)  0.793 (0.629)   +1.7%
2024+ ex-Jan      28 |  0.682 (0.567)  0.687 (0.575)   +0.7% |  0.682 (0.567)  0.685 (0.572)   +0.4%
2025+ flash era   19 |  0.567 (0.464)  0.568 (0.472)   +0.2% |  0.567 (0.464)  0.566 (0.468)   -0.2%

HEADLINE RMSE vs first release (recombined with the origin's food weight)
split              n |  A STRUCT   A +szif      d% |  B STRUCT   B +szif      d% | survey
all 90            90 |    0.7307    0.7339   +0.4% |    0.7292    0.7303   +0.2% | 0.3815
ex-January        83 |    0.4048    0.3999   -1.2% |    0.4041    0.4006   -0.9% | 0.3801
2024+             31 |    0.2141    0.2129   -0.5% |    0.2144    0.2134   -0.5% | 0.2410
2024+ ex-Jan      28 |    0.1973    0.1976   +0.2% |    0.1983    0.1984   +0.1% | 0.2315
2025+ flash era   19 |    0.1659    0.1640   -1.1% |    0.1650    0.1629   -1.3% | 0.1947
BASE_RIDGE A   big-surprise MAE 0.642 (n=23, consensus 0.578), material W-L@0.15 6-3, halves 3
+szif A        big-surprise MAE 0.633 (n=23, consensus 0.578), material W-L@0.15 8-3, halves 4
BASE_RIDGE B   big-surprise MAE 0.642 (n=23, consensus 0.578), material W-L@0.15 6-2, halves 3
+szif B        big-surprise MAE 0.637 (n=23, consensus 0.578), material W-L@0.15 6-3, halves 3

DIAGNOSTICS (not used for adoption)
corr(szif_A, food actual) +0.057; corr(szif_B, food actual) +0.060; corr(szif_A, incumbent error A) -0.048
weeks used at A: mean 3.42 of 4.34; at B: 4.28
mean |aug-inc| A 0.084 pp, B 0.067 pp

ADOPTION RULE: clock-B block >=5% on all and 2024+ with headline not worse: False; clock-A block not worse: False -> RECORD AND CLOSE
