QUARTERLY y/y: CNB report forecast vs our path vs naive, all vs realised; matching = the last origin published before the report date (ours(b) = print at h0 + the path from that origin's release eve; the fair column)
    report season  origin origin_clock quarter  quarters_ahead   cnb  ours_a  ours_b  naive  realised  err_cnb  err_ours_a  err_ours_b  err_naive
2022-02-10 winter 2021-12   2022-01-11  2022Q1               1  9.64   11.18   10.77   6.27     11.24    -1.60       -0.06       -0.47      -4.97
2022-02-10 winter 2021-12   2022-01-11  2022Q2               2  9.51   11.00   10.59   5.85     15.77    -6.27       -4.78       -5.18      -9.92
2022-02-10 winter 2021-12   2022-01-11  2022Q3               3  8.17    9.21    8.80   4.71     17.58    -9.41       -8.37       -8.78     -12.87
2022-02-10 winter 2021-12   2022-01-11  2022Q4               4  6.63    7.21    6.94   3.51     15.70    -9.07       -8.49       -8.76     -12.19
2022-05-12 spring 2022-04   2022-05-09  2022Q2               1 14.54   13.77   14.87  14.24     15.77    -1.24       -2.00       -0.90      -1.53
2022-05-12 spring 2022-04   2022-05-09  2022Q3               2 13.86   13.25   14.34  13.01     17.58    -3.71       -4.33       -3.24      -4.57
2022-05-12 spring 2022-04   2022-05-09  2022Q4               3 12.75   11.23   12.30  11.73     15.70    -2.95       -4.47       -3.40      -3.97
2022-05-12 spring 2022-04   2022-05-09  2023Q1               4  7.86    6.24    7.26   7.52     16.39    -8.54      -10.15       -9.13      -8.87
2022-08-11 summer 2022-07   2022-08-09  2022Q3               1 19.49   18.36   18.23  16.94     17.58     1.91        0.79        0.65      -0.64
2022-08-11 summer 2022-07   2022-08-09  2022Q4               2 19.66   19.37   19.23  15.61     15.70     3.96        3.67        3.53      -0.09
2022-08-11 summer 2022-07   2022-08-09  2023Q1               3 16.17   13.92   13.79  11.26     16.39    -0.23       -2.47       -2.60      -5.13
2022-08-11 summer 2022-07   2022-08-09  2023Q2               4 11.46    8.81    8.69   7.50     11.16     0.30       -2.35       -2.47      -3.66
2022-11-10 autumn 2022-10   2022-11-09  2022Q4               1 18.41   18.69   15.65  14.92     15.70     2.71        2.99       -0.05      -0.78
2022-11-10 autumn 2022-10   2022-11-09  2023Q1               2 14.87   14.37   11.45  10.60     16.39    -1.53       -2.03       -4.95      -5.80
2022-11-10 autumn 2022-10   2022-11-09  2023Q2               3 10.19    9.17    6.38   6.86     11.16    -0.97       -1.98       -4.77      -4.30
2022-11-10 autumn 2022-10   2022-11-09  2023Q3               4  6.95    5.70    3.00   4.71      8.05    -1.10       -2.35       -5.05      -3.34
2023-02-09 winter 2022-12   2023-01-10  2023Q1               1 16.31   10.91   11.01  11.66     16.39    -0.09       -5.48       -5.38      -4.74
2023-02-09 winter 2022-12   2023-01-10  2023Q2               2 11.31    6.18    6.27   7.88     11.16     0.15       -4.98       -4.89      -3.28
2023-02-09 winter 2022-12   2023-01-10  2023Q3               3  7.78    2.79    2.88   5.71      8.05    -0.27       -5.26       -5.17      -2.34
2023-02-09 winter 2022-12   2023-01-10  2023Q4               4  7.62    2.46    2.52   6.12      7.56     0.06       -5.11       -5.05      -1.44
2023-05-11 spring 2023-04   2023-05-10  2023Q2               1 11.64   12.09   11.25  11.58     11.16     0.48        0.93        0.10       0.42
2023-05-11 spring 2023-04   2023-05-10  2023Q3               2  8.32    8.96    8.15   9.34      8.05     0.27        0.92        0.10       1.29
2023-05-11 spring 2023-04   2023-05-10  2023Q4               3  8.33    8.40    7.59   9.75      7.56     0.77        0.83        0.03       2.19
2023-05-11 spring 2023-04   2023-05-10  2024Q1               4  2.50    2.73    1.96   6.28      2.09     0.42        0.64       -0.13       4.19
2023-08-10 summer 2023-07   2023-08-09  2023Q3               1  8.19    7.90    8.01   8.32      8.05     0.14       -0.15       -0.04       0.27
2023-08-10 summer 2023-07   2023-08-09  2023Q4               2  8.19    7.93    8.04   8.73      7.56     0.63        0.36        0.48       1.17
2023-08-10 summer 2023-07   2023-08-09  2024Q1               3  2.55    2.29    2.40   5.29      2.09     0.46        0.20        0.31       3.21
2023-08-10 summer 2023-07   2023-08-09  2024Q2               4  2.35    1.98    2.08   6.47      2.46    -0.11       -0.49       -0.38       4.01
2023-11-09 autumn 2023-09   2023-10-09  2023Q4               1  7.49    8.60    8.08   7.97      7.56    -0.08        1.04        0.51       0.41
2023-11-09 autumn 2023-09   2023-10-09  2024Q1               2  2.72    3.08    2.58   4.55      2.09     0.64        1.00        0.50       2.47
2023-11-09 autumn 2023-09   2023-10-09  2024Q2               3  2.60    2.77    2.27   5.72      2.46     0.14        0.31       -0.19       3.26
2023-11-09 autumn 2023-09   2023-10-09  2024Q3               4  2.24    2.03    1.70   6.63      2.31    -0.07       -0.28       -0.61       4.32
2024-02-15 winter 2024-01   2024-02-14  2024Q1               1  2.86    1.43    1.98   2.34      2.09     0.78       -0.66       -0.11       0.26
2024-02-15 winter 2024-01   2024-02-14  2024Q2               2  2.65    1.47    2.02   3.48      2.46     0.19       -0.99       -0.44       1.02
2024-02-15 winter 2024-01   2024-02-14  2024Q3               3  2.25    0.94    1.49   4.35      2.31    -0.06       -1.37       -0.82       2.03
2024-02-15 winter 2024-01   2024-02-14  2024Q4               4  2.72    1.01    1.56   5.08      2.88    -0.17       -1.87       -1.32       2.20
2024-05-09 spring 2024-03   2024-04-09  2024Q2               1  2.44    2.41    2.41   2.95      2.46    -0.02       -0.05       -0.05       0.49
2024-05-09 spring 2024-03   2024-04-09  2024Q3               2  2.11    2.07    2.06   3.80      2.31    -0.20       -0.25       -0.25       1.49
2024-05-09 spring 2024-03   2024-04-09  2024Q4               3  2.52    2.15    2.15   4.54      2.88    -0.37       -0.73       -0.73       1.65
2024-05-09 spring 2024-03   2024-04-09  2025Q1               4  2.35    2.26    2.26   6.70      2.73    -0.38       -0.47       -0.47       3.97
2024-08-08 summer 2024-06   2024-07-09  2024Q3               1  2.04    1.86    1.56   2.47      2.31    -0.27       -0.45       -0.75       0.16
2024-08-08 summer 2024-06   2024-07-09  2024Q4               2  2.32    1.99    1.69   3.19      2.88    -0.57       -0.89       -1.19       0.30
2024-08-08 summer 2024-06   2024-07-09  2025Q1               3  2.19    2.12    1.83   5.32      2.73    -0.54       -0.61       -0.91       2.59
2024-08-08 summer 2024-06   2024-07-09  2025Q2               4  1.75    1.72    1.52   6.14      2.38    -0.63       -0.66       -0.86       3.76
2024-11-14 autumn 2024-10   2024-11-10  2024Q4               1  3.02    2.77    2.85   3.16      2.88     0.14       -0.11       -0.03       0.28
2024-11-14 autumn 2024-10   2024-11-10  2025Q1               2  2.94    2.48    2.56   5.30      2.73     0.21       -0.25       -0.17       2.57
2024-11-14 autumn 2024-10   2024-11-10  2025Q2               3  2.57    2.21    2.29   6.08      2.38     0.19       -0.17       -0.09       3.70
2024-11-14 autumn 2024-10   2024-11-10  2025Q3               4  2.63    2.18    2.26   7.10      2.50     0.14       -0.32       -0.24       4.61
2025-02-13 winter 2025-01   2025-02-05  2025Q1               1  2.58    2.58    2.78   3.07      2.73    -0.16       -0.15        0.05       0.34
2025-02-13 winter 2025-01   2025-02-05  2025Q2               2  2.23    2.47    2.67   3.84      2.38    -0.15        0.09        0.29       1.46
2025-02-13 winter 2025-01   2025-02-05  2025Q3               3  2.39    2.46    2.66   4.84      2.50    -0.11       -0.04        0.16       2.34
2025-02-13 winter 2025-01   2025-02-05  2025Q4               4  2.40    2.28    2.48   4.93      2.23     0.17        0.04        0.25       2.70
2025-05-15 spring 2025-04   2025-05-05  2025Q2               1  2.38    2.54    2.22   2.48      2.38     0.00        0.16       -0.16       0.10
2025-05-15 spring 2025-04   2025-05-05  2025Q3               2  2.47    2.43    2.11   3.47      2.50    -0.03       -0.07       -0.39       0.97
2025-05-15 spring 2025-04   2025-05-05  2025Q4               3  2.42    2.26    1.93   3.57      2.23     0.19        0.02       -0.30       1.33
2025-05-15 spring 2025-04   2025-05-05  2026Q1               4  2.30    2.72    2.40   5.76      1.62     0.68        1.10        0.78       4.14
2025-08-14 summer 2025-07   2025-08-04  2025Q3               1  2.69    2.65    2.62   2.82      2.50     0.19        0.15        0.12       0.32
2025-08-14 summer 2025-07   2025-08-04  2025Q4               2  2.65    2.83    2.79   2.91      2.23     0.42        0.60        0.56       0.68
2025-08-14 summer 2025-07   2025-08-04  2026Q1               3  2.56    3.29    3.25   5.09      1.62     0.94        1.67        1.63       3.47
2025-08-14 summer 2025-07   2025-08-04  2026Q2               4  2.48    3.43    3.40   6.25      2.05     0.44        1.39        1.35       4.21
2025-11-13 autumn 2025-10   2025-11-04  2025Q4               1  2.21    2.11    2.41   2.71      2.23    -0.02       -0.13        0.18       0.48
2025-11-13 autumn 2025-10   2025-11-04  2026Q1               2  2.18    1.80    2.10   4.89      1.62     0.56        0.18        0.48       3.27
2025-11-13 autumn 2025-10   2025-11-04  2026Q2               3  2.20    1.93    2.23   6.05      2.05     0.16       -0.12        0.19       4.00
2026-02-12 winter 2026-01   2026-02-04  2026Q1               1  1.57    1.50    1.52   1.96      1.62    -0.05       -0.12       -0.10       0.34
2026-02-12 winter 2026-01   2026-02-04  2026Q2               2  1.51    1.46    1.48   3.09      2.05    -0.53       -0.58       -0.56       1.04
2026-05-14 spring 2026-04   2026-05-05  2026Q2               1  2.18    2.41    2.38   2.56      2.05     0.13        0.37        0.34       0.51

BY QUARTERS AHEAD (of the last released quarter): n | RMSE CNB / ours(a) / ours(b) / naive | MAE CNB / ours(a) | bias CNB / ours(a) | ours(a) closer than CNB
  1: n=18 | 0.95 / 1.61 / 1.32 / 1.70 | 0.56 / 0.88 | +0.16 / -0.16 | 6 of 18
  2: n=17 | 2.07 / 2.28 / 2.44 / 3.41 | 1.18 / 1.53 | -0.35 / -0.73 | 5 of 17
  3: n=16 | 2.51 / 2.90 / 3.06 / 4.47 | 1.11 / 1.79 | -0.75 / -1.41 | 6 of 16
  4: n=15 | 3.24 / 3.83 / 3.86 / 5.19 | 1.48 / 2.38 | -1.19 / -1.96 | 2 of 15

reports 2022-2023: n=32 | RMSE CNB 3.27 ours(a) 3.85 ours(b) 3.92 naive 4.96 | bias CNB -1.07 ours(a) -1.93 ours(b) -2.36 | ours(b) closer in 17 of 32
    1 ahead: n= 8 RMSE CNB 1.39 ours(a) 2.39 ours(b) 1.96 naive 2.52
    2 ahead: n= 8 RMSE CNB 3.00 ours(a) 3.28 ours(b) 3.51 naive 4.65
    3 ahead: n= 8 RMSE CNB 3.52 ours(a) 4.01 ours(b) 4.26 naive 5.67
    4 ahead: n= 8 RMSE CNB 4.43 ours(a) 5.16 ours(b) 5.22 naive 6.19

reports 2024+: n=34 | RMSE CNB 0.37 ours(a) 0.70 ours(b) 0.63 naive 2.35 | bias CNB +0.04 ours(a) -0.16 ours(b) -0.11 | ours(b) closer in 7 of 34
    1 ahead: n=10 RMSE CNB 0.28 ours(a) 0.30 ours(b) 0.28 naive 0.35
    2 ahead: n= 9 RMSE CNB 0.37 ours(a) 0.54 ours(b) 0.56 naive 1.67
    3 ahead: n= 8 RMSE CNB 0.42 ours(a) 0.84 ours(b) 0.78 naive 2.80
    4 ahead: n= 7 RMSE CNB 0.43 ours(a) 1.03 ours(b) 0.87 naive 3.74
