official index through 2026-07; flash first releases ['2026-08']; origin (h0) = 2026-09; clock 2026-09-08 08:53:13.253268
F2 F2_D1_fixed: level +0.242 gap +0.274 phi 0.18 survey bias -0.022 converged True n 344
FORWARD PATH from origin 2026-09 (engine F1b; h0 = live trio: BASE_RIDGE -0.38 / PAST_FULL -0.39 / PAST_HALF -0.38; anchor BASE_RIDGE)
month     h    m/m    y/y | trend    m/m    y/y | naive y/y |   core   food  admin    alc   fuel  wedge | y/y RMSE all / 2024+ | note
2026-09   0  -0.38   2.18 |        -0.38   2.18 |      2.41 |                                           |  0.47 /  0.21 | 
2026-10   1  +0.44   2.10 |        +0.13   1.79 |      1.98 |  +0.24  +0.22  -0.01  +0.01  +0.01  -0.03 |  0.93 /  0.35 | 
2026-11   2  +0.13   2.55 |        +0.05   2.17 |      2.55 |  +0.05  +0.08  +0.01  -0.01  -0.01  +0.00 |  1.33 /  0.48 | 
2026-12   3  -0.14   2.68 |        +0.06   2.49 |      2.71 |  +0.12  -0.14  +0.00  -0.06  -0.06  -0.00 |  1.61 /  0.51 | 
2027-01   4  +1.13   2.98 |        +1.53   3.19 |      4.73 |  +0.30  +0.48  +0.11  +0.28  -0.02  -0.02 |  1.96 /  0.55 | January: administered block = seasonal median only (no announcement entry yet; ERU decisions due end-Nov)
2027-02   5  +0.24   3.29 |        +0.20   3.46 |      5.28 |  +0.22  -0.01  +0.01  -0.03  +0.04  +0.02 |  2.35 /  0.65 | 
2027-03   6  +0.10   2.79 |        +0.11   2.98 |      5.21 |  -0.01  +0.02  +0.02  +0.05  +0.04  -0.02 |  2.72 /  0.78 | 
2027-04   7  +0.38   2.72 |        +0.21   2.74 |      5.28 |  +0.22  +0.10  +0.02  +0.01  +0.03  -0.00 |  3.26 /  0.99 | 
2027-05   8  +0.37   2.90 |        +0.25   2.80 |      5.66 |  +0.12  +0.21  +0.03  +0.06  -0.04  -0.01 |  3.65 /  1.15 | 
2027-06   9  +0.27   3.50 |        +0.23   3.36 |      6.33 |  +0.19  +0.02  +0.02  +0.02  +0.02  -0.01 |  4.28 /  1.34 | 
2027-07  10  +0.53   3.40 |        +0.45   3.17 |      6.42 |  +0.46  -0.00  +0.01  +0.01  +0.05  -0.00 |  4.91 /  1.54 | 
2027-08  11  +0.16   3.25 |        -0.00   2.86 |      6.45 |  +0.12  +0.01  +0.01  +0.02  -0.01  +0.01 |  5.46 /  1.66 | 
2027-09  12  -0.36   3.27 |        -0.33   2.90 |      6.45 |  -0.28  -0.09  +0.02  +0.04  -0.02  -0.03 |  5.93 /  1.68 | 
quarterly averages of y/y, product (F1b) and trend line (F2); count = months in the quarter covered:
        mean  trend  count
tp                        
2026Q3  2.18   2.18      1
2026Q4  2.44   2.15      3
2027Q1  3.02   3.21      3
2027Q2  3.04   2.97      3
2027Q3  3.31   2.98      3
calendar-year average y/y 2026: 2.02 over 12 months (4 forecast)
calendar-year average y/y 2027: 3.12 over 9 months (9 forecast)
benchmarks: random walk in y/y (last known, 2026-08) 1.97; CNB FMIE one-year expectation, survey 2026-07: 2.63 for 2027-07; CNB MPR summer 2026-08-15 quarterly CPI y/y forecast: 2026Q3 1.90, 2026Q4 2.39, 2027Q1 2.83, 2027Q2 2.42, 2027Q3 2.50, 2027Q4 2.18, 2028Q1 2.47, 2028Q2 2.40
ours vs CNB by quarter: 2026Q3 ours 2.18 / CNB 1.90, 2026Q4 ours 2.44 / CNB 2.39, 2027Q1 ours 3.02 / CNB 2.83, 2027Q2 ours 3.04 / CNB 2.42, 2027Q3 ours 3.31 / CNB 2.50
CAVEATS: product engine F1b (PATH_SPEC_v2 RESULTS: +25.7 / +29.6 / +17.2% over the seasonal-naive path at 3 / 6 / 12 months, publishable); the trend line (F2, Kalman level + gap with the CNB survey expectation as a measurement) is the better path when nothing breaks (2024-26 beyond six months 0.87 vs 1.10; against the CNB quarterly path 0.59 vs CNB 0.39 and F1b 0.70) and the worse one in a shock (2022-23: 8.76 vs 7.30); no calibrated bands (the RMSE columns are the historical y/y error scale of the step-1 engine, exact percent); January 2027 carries no energy entry until the ERU decisions (end November) are entered under the protocol; direction at twelve months is near a coin flip for every family, quarterly averages to three quarters ahead are the useful product.
logged -> C:\Users\luis_\Downloads\czk-cpi-nowcast_extracted\czk-cpi-nowcast\output\path_live_log.csv (append-only)
