origin 2008-01 done (1/223)
origin 2010-01 done (25/223)
origin 2012-01 done (49/223)
origin 2014-01 done (73/223)
origin 2016-01 done (97/223)
origin 2018-01 done (121/223)
origin 2020-01 done (145/223)
origin 2022-01 done (169/223)
origin 2024-01 done (193/223)
origin 2026-01 done (217/223)

F2 VARIANT SELECTION (origins 2008-01..2018-12, h=12, y/y RMSE, n=132): F2_D1_ML 1.053, F2_D1_fixed 1.052, F2_D1_noFMIE 1.890, F2_D2_ML 1.072, F2_D2_fixed 1.070 -> F2_D1_fixed

LONG SPAN origins 2008-01..2026-07, F2 variants: y/y RMSE (b) by horizon on the common sample | naive | RW
  h= 1 n=222 | F2_D1_ML 0.575 (bias -0.09) F2_D1_fixed 0.570 (bias -0.09) F2_D1_noFMIE 0.577 (bias +0.03) F2_D2_ML 0.574 (bias -0.09) F2_D2_fixed 0.572 (bias -0.10) | naive 0.633 | RW 1.101
  h= 3 n=220 | F2_D1_ML 1.223 (bias -0.28) F2_D1_fixed 1.206 (bias -0.29) F2_D1_noFMIE 1.240 (bias +0.09) F2_D2_ML 1.218 (bias -0.30) F2_D2_fixed 1.212 (bias -0.31) | naive 1.367 | RW 1.828
  h= 6 n=217 | F2_D1_ML 2.039 (bias -0.57) F2_D1_fixed 2.024 (bias -0.60) F2_D1_noFMIE 2.163 (bias +0.20) F2_D2_ML 2.032 (bias -0.61) F2_D2_fixed 2.037 (bias -0.62) | naive 2.298 | RW 2.801
  h= 9 n=214 | F2_D1_ML 2.957 (bias -0.87) F2_D1_fixed 2.931 (bias -0.90) F2_D1_noFMIE 3.244 (bias +0.30) F2_D2_ML 2.949 (bias -0.93) F2_D2_fixed 2.950 (bias -0.94) | naive 3.206 | RW 3.714
  h=12 n=211 | F2_D1_ML 3.869 (bias -1.20) F2_D1_fixed 3.839 (bias -1.23) F2_D1_noFMIE 4.448 (bias +0.38) F2_D2_ML 3.866 (bias -1.27) F2_D2_fixed 3.863 (bias -1.27) | naive 4.094 | RW 4.473

LONG SPAN origins 2013-01..2026-07, F2 (selected) vs F3: y/y RMSE (b) by horizon on the common sample | naive | RW
  h= 1 n=160 | F2 0.647 (bias -0.13) F3 0.651 (bias -0.07) | naive 0.722 | RW 1.202
  h= 3 n=158 | F2 1.391 (bias -0.40) F3 1.434 (bias -0.21) | naive 1.573 | RW 2.011
  h= 6 n=155 | F2 2.362 (bias -0.83) F3 2.419 (bias -0.46) | naive 2.657 | RW 3.099
  h= 9 n=152 | F2 3.435 (bias -1.28) F3 3.552 (bias -0.82) | naive 3.721 | RW 4.119
  h=12 n=149 | F2 4.517 (bias -1.77) F3 4.647 (bias -1.30) | naive 4.765 | RW 5.002

COMPONENT SPAN origins 2019-02..2026-07 (b: h0 = print): y/y RMSE (b) by horizon on the common sample | naive | RW
  h= 1 n= 88 | F1a 0.772 (bias -0.11) F1b 0.772 (bias -0.11) F2 0.818 (bias -0.23) F3 0.825 (bias -0.19) | naive 0.937 | RW 1.571
  h= 3 n= 84 | F1a 1.556 (bias -0.34) F1b 1.556 (bias -0.34) F2 1.831 (bias -0.72) F3 1.868 (bias -0.61) | naive 2.095 | RW 2.697
  h= 6 n= 78 | F1a 2.619 (bias -1.04) F1b 2.572 (bias -0.83) F2 3.254 (bias -1.50) F3 3.293 (bias -1.28) | naive 3.652 | RW 4.306
  h= 9 n= 72 | F1a 4.157 (bias -1.93) F1b 4.054 (bias -1.45) F2 4.887 (bias -2.37) F3 5.007 (bias -2.16) | naive 5.278 | RW 5.916
  h=12 n= 66 | F1a 5.931 (bias -3.14) F1b 5.788 (bias -2.36) F2 6.664 (bias -3.42) F3 6.812 (bias -3.35) | naive 6.990 | RW 7.427

COMPONENT SPAN origins 2019-02..2026-07 (a: h0 = nowcast): y/y RMSE (a) by horizon on the common sample | naive | RW
  h= 1 n= 88 | F1a 0.925 (bias -0.15) F1b 0.925 (bias -0.15) F2 0.940 (bias -0.26) F3 0.947 (bias -0.23) | naive 0.937 | RW 1.571
  h= 3 n= 84 | F1a 1.611 (bias -0.38) F1b 1.611 (bias -0.38) F2 1.867 (bias -0.76) F3 1.907 (bias -0.66) | naive 2.095 | RW 2.697
  h= 6 n= 78 | F1a 2.720 (bias -1.09) F1b 2.680 (bias -0.88) F2 3.313 (bias -1.55) F3 3.358 (bias -1.32) | naive 3.652 | RW 4.306
  h= 9 n= 72 | F1a 4.278 (bias -1.98) F1b 4.183 (bias -1.50) F2 4.962 (bias -2.42) F3 5.092 (bias -2.21) | naive 5.278 | RW 5.916
  h=12 n= 66 | F1a 5.931 (bias -3.14) F1b 5.788 (bias -2.36) F2 6.664 (bias -3.42) F3 6.812 (bias -3.35) | naive 6.990 | RW 7.427

REGIMES of the target (long span), y/y RMSE (b): F2 / F3 / naive / RW and F2 bias, by horizon group
  2008-2009 h 1-3  n= 66: F2 0.41 / F3   --  / naive 0.56 / RW 1.51 | F2 bias +0.09
  2008-2009 h 4-6  n= 57: F2 0.66 / F3   --  / naive 1.14 / RW 2.64 | F2 bias +0.39
  2008-2009 h 7-12 n= 87: F2 1.19 / F3   --  / naive 1.95 / RW 4.56 | F2 bias +1.04
  2010-2012 h 1-3  n=108: F2 0.42 / F3   --  / naive 0.38 / RW 0.58 | F2 bias -0.10
  2010-2012 h 4-6  n=108: F2 0.58 / F3   --  / naive 0.56 / RW 0.85 | F2 bias -0.28
  2010-2012 h 7-12 n=216: F2 0.84 / F3   --  / naive 0.96 / RW 1.19 | F2 bias -0.50
  2013-2016 h 1-3  n=144: F2 0.49 / F3 0.59 / naive 0.47 / RW 0.57 | F2 bias +0.06
  2013-2016 h 4-6  n=144: F2 0.63 / F3 1.02 / naive 0.80 / RW 0.79 | F2 bias +0.20
  2013-2016 h 7-12 n=288: F2 0.78 / F3 1.61 / naive 1.15 / RW 1.08 | F2 bias +0.45
  2017-2019 h 1-3  n=108: F2 0.39 / F3 0.36 / naive 0.36 / RW 0.52 | F2 bias -0.18
  2017-2019 h 4-6  n=108: F2 0.67 / F3 0.51 / naive 0.67 / RW 0.77 | F2 bias -0.47
  2017-2019 h 7-12 n=216: F2 1.00 / F3 0.59 / naive 1.13 / RW 1.08 | F2 bias -0.91
  2020-2021 h 1-3  n= 72: F2 0.75 / F3 0.71 / naive 0.71 / RW 1.02 | F2 bias -0.47
  2020-2021 h 4-6  n= 72: F2 1.51 / F3 1.39 / naive 1.31 / RW 1.45 | F2 bias -1.09
  2020-2021 h 7-12 n=144: F2 2.10 / F3 1.90 / naive 1.75 / RW 1.55 | F2 bias -1.69
  2022-2023 h 1-3  n= 72: F2 2.44 / F3 2.51 / naive 2.59 / RW 3.52 | F2 bias -1.18
  2022-2023 h 4-6  n= 72: F2 4.81 / F3 4.89 / naive 4.99 / RW 6.11 | F2 bias -3.22
  2022-2023 h 7-12 n=144: F2 8.76 / F3 8.83 / naive 8.45 / RW 8.97 | F2 bias -6.88
  2024-2026 h 1-3  n= 93: F2 0.43 / F3 0.48 / naive 1.14 / RW 1.71 | F2 bias +0.05
  2024-2026 h 4-6  n= 93: F2 0.53 / F3 0.69 / naive 2.21 / RW 2.54 | F2 bias +0.16
  2024-2026 h 7-12 n=186: F2 0.87 / F3 1.72 / naive 3.84 / RW 4.86 | F2 bias +0.47

B4 FMIE at h=12 (long span, n=211): FMIE 3.682 | F2 3.839 | naive 4.094; component span: FMIE 6.375 | F2 6.664 | F1a 5.931 (n=66)

PUBLISH RULE (component span 2019-02..2026-07, object b): beat naive by >=10% at h 3, 6, 12 AND RW at 6, 12; DM<0 at lag h-1 and 12; block-bootstrap p (block 12)
  F1a: h3: gain +25.7% DM -1.93/-1.87 boot p 0.06 RW beat | h6: gain +28.3% DM -2.47/-2.52 boot p 0.03 RW beat | h12: gain +15.1% DM -3.14/-3.21 boot p 0.00 RW beat -> PUBLISHABLE
  F1b: h3: gain +25.7% DM -1.93/-1.87 boot p 0.07 RW beat | h6: gain +29.6% DM -2.51/-2.50 boot p 0.02 RW beat | h12: gain +17.2% DM -2.86/-2.93 boot p 0.01 RW beat -> PUBLISHABLE
  F2: h3: gain +12.5% DM -3.57/-3.19 boot p 0.00 RW beat | h6: gain +10.8% DM -2.64/-2.07 boot p 0.01 RW beat | h12: gain +4.6% DM -0.66/-0.64 boot p 0.17 RW beat -> not publishable
  F3: h3: gain +10.9% DM -2.45/-2.32 boot p 0.01 RW beat | h6: gain +9.9% DM -2.04/-2.09 boot p 0.01 RW beat | h12: gain +2.7% DM -0.43/-0.42 boot p 0.20 RW beat -> not publishable

QUARTERLY AVERAGES (component span, b): quarters fully inside h<=12; RMSE by quarters ahead: F1a / F1b / F2 / F3 / naive
  1 ahead (n=84): 1.60 / 1.59 / 1.84 / 1.88 / 2.10
  2 ahead (n=78): 2.68 / 2.62 / 3.26 / 3.30 / 3.65
  3 ahead (n=72): 4.16 / 4.05 / 4.89 / 5.00 / 5.24
  4 ahead (n=23): 5.39 / 5.27 / 6.08 / 6.15 / 6.37

F2 selected variant: F2_D1_fixed; mean estimated level (m/m) over component-span origins +0.228, phi 0.40, survey bias term +0.006
exit 0
