QUARTERLY y/y: CNB report forecast vs our path vs naive, all vs realised; matching = the last origin published before the report date (ours(b) = print at h0 + the path from that origin's release eve; the fair column)
    report season  origin origin_clock quarter  quarters_ahead   cnb  ours_a  ours_b  naive  realised  err_cnb  err_ours_a  err_ours_b  err_naive
2022-02-10 winter 2021-12   2022-01-11  2022Q1               1  9.64    6.73    6.34   6.27     11.24    -1.60       -4.50       -4.90      -4.97
2022-02-10 winter 2021-12   2022-01-11  2022Q2               2  9.51    5.96    5.57   5.85     15.77    -6.27       -9.81      -10.20      -9.92
2022-02-10 winter 2021-12   2022-01-11  2022Q3               3  8.17    4.25    3.87   4.71     17.58    -9.41      -13.33      -13.71     -12.87
2022-02-10 winter 2021-12   2022-01-11  2022Q4               4  6.63    2.34    2.09   3.51     15.70    -9.07      -13.36      -13.61     -12.19
2022-05-12 spring 2022-04   2022-05-09  2022Q2               1 14.54   12.89   13.97  14.24     15.77    -1.24       -2.89       -1.80      -1.53
2022-05-12 spring 2022-04   2022-05-09  2022Q3               2 13.86   10.97   12.04  13.01     17.58    -3.71       -6.60       -5.54      -4.57
2022-05-12 spring 2022-04   2022-05-09  2022Q4               3 12.75    8.99   10.05  11.73     15.70    -2.95       -6.70       -5.65      -3.97
2022-05-12 spring 2022-04   2022-05-09  2023Q1               4  7.86    4.11    5.11   7.52     16.39    -8.54      -12.29      -11.28      -8.87
2022-08-11 summer 2022-07   2022-08-09  2022Q3               1 19.49   16.77   16.64  16.94     17.58     1.91       -0.81       -0.94      -0.64
2022-08-11 summer 2022-07   2022-08-09  2022Q4               2 19.66   14.59   14.46  15.61     15.70     3.96       -1.11       -1.24      -0.09
2022-08-11 summer 2022-07   2022-08-09  2023Q1               3 16.17    9.36    9.24  11.26     16.39    -0.23       -7.03       -7.15      -5.13
2022-08-11 summer 2022-07   2022-08-09  2023Q2               4 11.46    4.46    4.34   7.50     11.16     0.30       -6.70       -6.82      -3.66
2022-11-10 autumn 2022-10   2022-11-09  2022Q4               1 18.41   17.77   14.76  14.92     15.70     2.71        2.07       -0.94      -0.78
2022-11-10 autumn 2022-10   2022-11-09  2023Q1               2 14.87   12.35    9.48  10.60     16.39    -1.53       -4.04       -6.92      -5.80
2022-11-10 autumn 2022-10   2022-11-09  2023Q2               3 10.19    7.25    4.51   6.86     11.16    -0.97       -3.91       -6.65      -4.30
2022-11-10 autumn 2022-10   2022-11-09  2023Q3               4  6.95    3.83    1.18   4.71      8.05    -1.10       -4.21       -6.87      -3.34
2023-02-09 winter 2022-12   2023-01-10  2023Q1               1 16.31   10.74   10.84  11.66     16.39    -0.09       -5.65       -5.56      -4.74
2023-02-09 winter 2022-12   2023-01-10  2023Q2               2 11.31    5.72    5.81   7.88     11.16     0.15       -5.44       -5.35      -3.28
2023-02-09 winter 2022-12   2023-01-10  2023Q3               3  7.78    2.34    2.43   5.71      8.05    -0.27       -5.71       -5.62      -2.34
2023-02-09 winter 2022-12   2023-01-10  2023Q4               4  7.62    2.01    2.07   6.12      7.56     0.06       -5.56       -5.50      -1.44
2023-05-11 spring 2023-04   2023-05-10  2023Q2               1 11.64   11.80   10.97  11.58     11.16     0.48        0.64       -0.19       0.42
2023-05-11 spring 2023-04   2023-05-10  2023Q3               2  8.32    8.07    7.26   9.34      8.05     0.27        0.02       -0.79       1.29
2023-05-11 spring 2023-04   2023-05-10  2023Q4               3  8.33    7.50    6.70   9.75      7.56     0.77       -0.06       -0.86       2.19
2023-05-11 spring 2023-04   2023-05-10  2024Q1               4  2.50    1.88    1.12   6.28      2.09     0.42       -0.21       -0.97       4.19
2023-08-10 summer 2023-07   2023-08-09  2023Q3               1  8.19    7.76    7.87   8.32      8.05     0.14       -0.29       -0.18       0.27
2023-08-10 summer 2023-07   2023-08-09  2023Q4               2  8.19    7.22    7.33   8.73      7.56     0.63       -0.35       -0.23       1.17
2023-08-10 summer 2023-07   2023-08-09  2024Q1               3  2.55    1.62    1.73   5.29      2.09     0.46       -0.46       -0.35       3.21
2023-08-10 summer 2023-07   2023-08-09  2024Q2               4  2.35    1.31    1.42   6.47      2.46    -0.11       -1.15       -1.04       4.01
2023-11-09 autumn 2023-09   2023-10-09  2023Q4               1  7.49    7.97    7.45   7.97      7.56    -0.08        0.40       -0.12       0.41
2023-11-09 autumn 2023-09   2023-10-09  2024Q1               2  2.72    2.34    1.85   4.55      2.09     0.64        0.25       -0.24       2.47
2023-11-09 autumn 2023-09   2023-10-09  2024Q2               3  2.60    2.03    1.54   5.72      2.46     0.14       -0.43       -0.93       3.26
2023-11-09 autumn 2023-09   2023-10-09  2024Q3               4  2.24    1.29    0.96   6.63      2.31    -0.07       -1.02       -1.35       4.32
2024-02-15 winter 2024-01   2024-02-14  2024Q1               1  2.86    1.33    1.88   2.34      2.09     0.78       -0.75       -0.20       0.26
2024-02-15 winter 2024-01   2024-02-14  2024Q2               2  2.65    1.09    1.64   3.48      2.46     0.19       -1.38       -0.83       1.02
2024-02-15 winter 2024-01   2024-02-14  2024Q3               3  2.25    0.56    1.11   4.35      2.31    -0.06       -1.75       -1.20       2.03
2024-02-15 winter 2024-01   2024-02-14  2024Q4               4  2.72    0.64    1.18   5.08      2.88    -0.17       -2.25       -1.70       2.20
2024-05-09 spring 2024-03   2024-04-09  2024Q2               1  2.44    2.05    2.05   2.95      2.46    -0.02       -0.41       -0.41       0.49
2024-05-09 spring 2024-03   2024-04-09  2024Q3               2  2.11    1.54    1.54   3.80      2.31    -0.20       -0.77       -0.77       1.49
2024-05-09 spring 2024-03   2024-04-09  2024Q4               3  2.52    1.63    1.63   4.54      2.88    -0.37       -1.25       -1.26       1.65
2024-05-09 spring 2024-03   2024-04-09  2025Q1               4  2.35    1.74    1.73   6.70      2.73    -0.38       -0.99       -1.00       3.97
2024-08-08 summer 2024-06   2024-07-09  2024Q3               1  2.04    1.98    1.68   2.47      2.31    -0.27       -0.33       -0.63       0.16
2024-08-08 summer 2024-06   2024-07-09  2024Q4               2  2.32    2.10    1.80   3.19      2.88    -0.57       -0.78       -1.08       0.30
2024-08-08 summer 2024-06   2024-07-09  2025Q1               3  2.19    2.24    1.94   5.32      2.73    -0.54       -0.50       -0.80       2.59
2024-08-08 summer 2024-06   2024-07-09  2025Q2               4  1.75    1.83    1.63   6.14      2.38    -0.63       -0.55       -0.75       3.76
2024-11-14 autumn 2024-10   2024-11-10  2024Q4               1  3.02    2.85    2.93   3.16      2.88     0.14       -0.03        0.05       0.28
2024-11-14 autumn 2024-10   2024-11-10  2025Q1               2  2.94    3.02    3.10   5.30      2.73     0.21        0.29        0.37       2.57
2024-11-14 autumn 2024-10   2024-11-10  2025Q2               3  2.57    2.74    2.82   6.08      2.38     0.19        0.36        0.44       3.70
2024-11-14 autumn 2024-10   2024-11-10  2025Q3               4  2.63    2.71    2.80   7.10      2.50     0.14        0.22        0.30       4.61
2025-02-13 winter 2025-01   2025-02-05  2025Q1               1  2.58    2.50    2.70   3.07      2.73    -0.16       -0.23       -0.03       0.34
2025-02-13 winter 2025-01   2025-02-05  2025Q2               2  2.23    2.23    2.43   3.84      2.38    -0.15       -0.15        0.05       1.46
2025-02-13 winter 2025-01   2025-02-05  2025Q3               3  2.39    2.22    2.43   4.84      2.50    -0.11       -0.28       -0.07       2.34
2025-02-13 winter 2025-01   2025-02-05  2025Q4               4  2.40    2.04    2.25   4.93      2.23     0.17       -0.19        0.01       2.70
2025-05-15 spring 2025-04   2025-05-05  2025Q2               1  2.38    2.49    2.17   2.48      2.38     0.00        0.11       -0.21       0.10
2025-05-15 spring 2025-04   2025-05-05  2025Q3               2  2.47    2.49    2.16   3.47      2.50    -0.03       -0.01       -0.34       0.97
2025-05-15 spring 2025-04   2025-05-05  2025Q4               3  2.42    2.31    1.99   3.57      2.23     0.19        0.08       -0.25       1.33
2025-05-15 spring 2025-04   2025-05-05  2026Q1               4  2.30    2.77    2.45   5.76      1.62     0.68        1.15        0.83       4.14
2025-08-14 summer 2025-07   2025-08-04  2025Q3               1  2.69    2.56    2.52   2.82      2.50     0.19        0.06        0.02       0.32
2025-08-14 summer 2025-07   2025-08-04  2025Q4               2  2.65    2.37    2.34   2.91      2.23     0.42        0.14        0.10       0.68
2025-08-14 summer 2025-07   2025-08-04  2026Q1               3  2.56    2.83    2.80   5.09      1.62     0.94        1.21        1.18       3.47
2025-08-14 summer 2025-07   2025-08-04  2026Q2               4  2.48    2.98    2.94   6.25      2.05     0.44        0.93        0.90       4.21
2025-11-13 autumn 2025-10   2025-11-04  2025Q4               1  2.21    2.29    2.59   2.71      2.23    -0.02        0.05        0.36       0.48
2025-11-13 autumn 2025-10   2025-11-04  2026Q1               2  2.18    2.72    3.03   4.89      1.62     0.56        1.10        1.41       3.27
2025-11-13 autumn 2025-10   2025-11-04  2026Q2               3  2.20    2.85    3.16   6.05      2.05     0.16        0.80        1.11       4.00
2026-02-12 winter 2026-01   2026-02-04  2026Q1               1  1.57    1.60    1.62   1.96      1.62    -0.05       -0.02       -0.00       0.34
2026-02-12 winter 2026-01   2026-02-04  2026Q2               2  1.51    1.69    1.71   3.09      2.05    -0.53       -0.35       -0.33       1.04
2026-05-14 spring 2026-04   2026-05-05  2026Q2               1  2.18    2.27    2.24   2.56      2.05     0.13        0.22        0.19       0.51

BY QUARTERS AHEAD (of the last released quarter): n | RMSE CNB / ours(a) / ours(b) / naive | MAE CNB / ours(a) | bias CNB / ours(a) | ours(a) closer than CNB
  1: n=18 | 0.95 / 1.93 / 1.84 / 1.70 | 0.56 / 1.08 | +0.16 / -0.69 | 6 of 18
  2: n=17 | 2.07 / 3.36 / 3.58 / 3.41 | 1.18 / 1.92 | -0.35 / -1.71 | 7 of 17
  3: n=16 | 2.51 / 4.52 / 4.71 / 4.47 | 1.11 / 2.74 | -0.75 / -2.44 | 4 of 16
  4: n=15 | 3.24 / 5.38 / 5.45 / 5.19 | 1.48 / 3.38 | -1.19 / -3.08 | 2 of 15

reports 2022-2023: n=32 | RMSE CNB 3.27 ours(a) 5.59 ours(b) 5.76 naive 4.96 | bias CNB -1.07 ours(a) -3.76 ours(b) -4.17 | ours(b) closer in 7 of 32
    1 ahead: n= 8 RMSE CNB 1.39 ours(a) 2.88 ours(b) 2.74 naive 2.52
    2 ahead: n= 8 RMSE CNB 3.00 ours(a) 4.84 ours(b) 5.16 naive 4.65
    3 ahead: n= 8 RMSE CNB 3.52 ours(a) 6.33 ours(b) 6.60 naive 5.67
    4 ahead: n= 8 RMSE CNB 4.43 ours(a) 7.29 ours(b) 7.42 naive 6.19

reports 2024+: n=34 | RMSE CNB 0.37 ours(a) 0.79 ours(b) 0.73 naive 2.35 | bias CNB +0.04 ours(a) -0.18 ours(b) -0.13 | ours(b) closer in 10 of 34
    1 ahead: n=10 RMSE CNB 0.28 ours(a) 0.31 ours(b) 0.29 naive 0.35
    2 ahead: n= 9 RMSE CNB 0.37 ours(a) 0.71 ours(b) 0.73 naive 1.67
    3 ahead: n= 8 RMSE CNB 0.42 ours(a) 0.95 ours(b) 0.90 naive 2.80
    4 ahead: n= 7 RMSE CNB 0.43 ours(a) 1.11 ours(b) 0.93 naive 3.74
