official index through 2026-07; flash first releases ['2026-08']; origin (h0) = 2026-09; clock 2026-09-08 07:22:23.894422
target 2026-09 (CPI released through 2026-07, h0_edge_gap 1); clock 2026-09-08T07:22:31+02:00; release stage unknown [no_schedule_known]; first release NaT, detailed NaT; scheduled NaT
FORWARD PATH from origin 2026-09 (h0 = live trio: BASE_RIDGE -0.38 / PAST_FULL -0.39 / PAST_HALF -0.38; anchor BASE_RIDGE)
month     h    m/m    y/y | naive m/m naive y/y |   core   food  admin    alc   fuel  wedge | y/y RMSE all / 2024+ | note
2026-09   0  -0.38   2.18 |     -0.15      2.41 |                                           |  0.47 /  0.21 | 
2026-10   1  +0.44   2.10 |     +0.10      1.98 |  +0.24  +0.22  -0.01  +0.01  +0.01  -0.03 |  0.93 /  0.35 | 
2026-11   2  +0.13   2.55 |     +0.23      2.55 |  +0.05  +0.08  +0.01  -0.01  -0.01  +0.00 |  1.33 /  0.48 | 
2026-12   3  -0.14   2.68 |     -0.10      2.71 |  +0.12  -0.14  +0.00  -0.06  -0.06  -0.00 |  1.61 /  0.51 | 
2027-01   4  +1.20   3.04 |     +2.82      4.73 |  +0.28  +0.56  +0.11  +0.28  -0.02  -0.02 |  1.96 /  0.55 | January: administered block = seasonal median only (no announcement entry yet; ERU decisions due end-Nov)
2027-02   5  +0.19   3.31 |     +0.46      5.28 |  +0.20  -0.04  +0.01  -0.03  +0.04  +0.02 |  2.35 /  0.65 | 
2027-03   6  +0.12   2.84 |     +0.51      5.21 |  -0.04  +0.07  +0.02  +0.05  +0.04  -0.02 |  2.72 /  0.78 | 
2027-04   7  +0.32   2.71 |     +0.51      5.28 |  +0.20  +0.05  +0.02  +0.01  +0.03  -0.00 |  3.26 /  0.99 | 
2027-05   8  +0.34   2.87 |     +0.55      5.66 |  +0.11  +0.19  +0.03  +0.06  -0.04  -0.01 |  3.65 /  1.15 | 
2027-06   9  +0.30   3.51 |     +0.32      6.33 |  +0.18  +0.07  +0.02  +0.02  +0.02  -0.01 |  4.28 /  1.34 | 
2027-07  10  +0.56   3.43 |     +0.71      6.42 |  +0.46  +0.02  +0.01  +0.01  +0.05  -0.00 |  4.91 /  1.54 | 
2027-08  11  +0.18   3.30 |     +0.33      6.45 |  +0.12  +0.03  +0.01  +0.02  -0.01  +0.01 |  5.46 /  1.66 | 
2027-09  12  -0.35   3.32 |     -0.15      6.45 |  -0.28  -0.09  +0.02  +0.04  -0.02  -0.03 |  5.93 /  1.68 | 
quarterly averages of y/y (forecast months only; count = months in the quarter covered):
        mean  count
tp                 
2026Q3  2.18      1
2026Q4  2.44      3
2027Q1  3.06      3
2027Q2  3.03      3
2027Q3  3.35      3
calendar-year average y/y 2026: 2.02 over 12 months (4 forecast)
calendar-year average y/y 2027: 3.15 over 9 months (9 forecast)
benchmarks: random walk in y/y (last known, 2026-08) 1.97; CNB FMIE one-year expectation, survey 2026-07: 2.63 for 2027-07; CNB MPR summer 2026-08-15 CPI annual averages: 2023 16.4, 2024 2.1, 2025 2.7, 2026 1.6, 2027 2.8, 2028 2.5
CAVEATS: provisional product on the step-1 machinery (PATH_SPEC_v1 corrected RESULTS: beats the seasonal-naive path by 38.5 / 35.4 / 15.8% at 3 / 6 / 12 months on common samples); no calibrated bands (the RMSE columns are the historical y/y error scale, exact percent); long-horizon under-forecast in high-inflation years sits in core and administered; January 2027 carries no energy entry until the ERU decisions (end November) are entered under the protocol; PAST_FULL / PAST_HALF differ from BASE_RIDGE at h0 only.
logged -> C:\Users\luis_\Downloads\czk-cpi-nowcast_extracted\czk-cpi-nowcast\output\path_live_log.csv (append-only)
