curve 1995-04-26..2026-04-24 cols ['fra12x15', 'fra3x6', 'fra6x9', 'fra9x12', 'fra15x18', 'fra18x21', 'fra21x24', 'pribor3m']; unemployment 1993-01..2026-07
origin 2008-01 done (1/222) IS sigma +0.000 n 49 | rate path from 2008-02-07
origin 2010-01 done (25/222) IS sigma -0.257 n 73 | rate path from 2010-02-08
origin 2012-01 done (49/222) IS sigma -0.400 n 97 | rate path from 2012-02-15
origin 2014-01 done (73/222) IS sigma -0.372 n 121 | rate path from 2014-02-11
origin 2016-01 done (97/222) IS sigma -0.381 n 145 | rate path from 2016-02-11
origin 2018-01 done (121/222) IS sigma -0.431 n 169 | rate path from 2018-02-13
origin 2020-01 done (145/222) IS sigma -0.434 n 193 | rate path from 2020-02-13
origin 2022-01 done (169/222) IS sigma -0.343 n 217 | rate path from 2022-02-11
origin 2024-01 done (193/222) IS sigma -0.264 n 241 | rate path from 2024-02-14
origin 2026-01 done (217/222) IS sigma -0.116 n 265 | rate path from 2026-02-04

ESTIMATED PARAMETERS (mean over origins; share with the expected sign):
  Phillips curve: b_u -0.0285 (sign ok 1.00) b_q +0.0067 (sign ok 0.94) phi 0.04 rho 0.908
  IS curve (annual differences): sigma -0.2902 (sign ok 0.05) n 160 | rate path stale in 3 origins
  -> NOT eligible (signs)

LONG SPAN 2008-01..2026-07: y/y RMSE (b) (bias) | naive | RW
  h= 1 n=222 | S_A 0.581 (-0.01) S_M 0.633 (-0.08) S_M25 0.642 (-0.06) S_M75 0.628 (-0.09) E1_ML 0.572 (-0.01) E5 0.572 (-0.04) E7 0.592 (-0.01) F2_D1_fixed 0.570 (-0.09) | naive 0.633 | RW 1.101
  h= 3 n=220 | S_A 1.248 (-0.03) S_M 1.417 (-0.23) S_M25 1.452 (-0.19) S_M75 1.396 (-0.25) E1_ML 1.217 (-0.05) E5 1.216 (-0.12) E7 1.297 (-0.03) F2_D1_fixed 1.206 (-0.29) | naive 1.367 | RW 1.828
  h= 6 n=217 | S_A 2.095 (-0.07) S_M 2.452 (-0.44) S_M25 2.530 (-0.36) S_M75 2.407 (-0.49) E1_ML 2.022 (-0.13) E5 1.997 (-0.26) E7 2.179 (-0.08) F2_D1_fixed 2.024 (-0.60) | naive 2.298 | RW 2.801
  h= 9 n=214 | S_A 3.047 (-0.15) S_M 3.460 (-0.65) S_M25 3.565 (-0.54) S_M75 3.399 (-0.72) E1_ML 2.947 (-0.24) E5 2.884 (-0.42) E7 3.141 (-0.15) F2_D1_fixed 2.931 (-0.90) | naive 3.206 | RW 3.714
  h=12 n=211 | S_A 4.052 (-0.26) S_M 4.371 (-0.88) S_M25 4.491 (-0.74) S_M75 4.302 (-0.98) E1_ML 3.955 (-0.39) E5 3.829 (-0.61) E7 4.182 (-0.25) F2_D1_fixed 3.839 (-1.23) | naive 4.094 | RW 4.473

COMPONENT SPAN 2019-02..2026-07 (b): y/y RMSE (b) (bias) | naive | RW
  h= 1 n= 84 | F1b 0.785 (-0.12) S_A 0.835 (-0.09) S_M 0.918 (-0.31) S_A_H 0.785 (-0.12) S_M_H 0.785 (-0.12) F2_D1_fixed 0.833 (-0.24) E7 0.871 (-0.06) | naive 0.953 | RW 1.604
  h= 3 n= 84 | F1b 1.556 (-0.34) S_A 1.831 (-0.29) S_M 2.077 (-0.93) S_A_H 1.556 (-0.34) S_M_H 1.556 (-0.34) F2_D1_fixed 1.831 (-0.72) E7 1.967 (-0.21) | naive 2.095 | RW 2.697
  h= 6 n= 78 | F1b 2.572 (-0.83) S_A 3.216 (-0.67) S_M 3.735 (-1.95) S_A_H 2.665 (-0.76) S_M_H 2.806 (-1.34) F2_D1_fixed 3.254 (-1.50) E7 3.490 (-0.47) | naive 3.652 | RW 4.306
  h= 9 n= 72 | F1b 4.054 (-1.45) S_A 4.860 (-1.19) S_M 5.464 (-3.10) S_A_H 4.138 (-1.27) S_M_H 4.504 (-2.42) F2_D1_fixed 4.887 (-2.37) E7 5.229 (-0.81) | naive 5.278 | RW 5.916
  h=12 n= 66 | F1b 5.788 (-2.36) S_A 6.795 (-1.96) S_M 7.212 (-4.49) S_A_H 6.091 (-2.03) S_M_H 6.381 (-3.75) F2_D1_fixed 6.664 (-3.42) E7 7.269 (-1.33) | naive 6.990 | RW 7.427

COMPONENT SPAN 2019-02..2026-07 (a): y/y RMSE (a) (bias) | naive | RW
  h= 1 n= 84 | F1b 0.943 (-0.17) S_A 0.971 (-0.13) S_M 1.025 (-0.36) S_A_H 0.943 (-0.17) S_M_H 0.943 (-0.17) F2_D1_fixed 0.958 (-0.28) E7 1.009 (-0.11) | naive 0.953 | RW 1.604
  h= 3 n= 84 | F1b 1.611 (-0.38) S_A 1.884 (-0.34) S_M 2.102 (-0.97) S_A_H 1.611 (-0.38) S_M_H 1.611 (-0.38) F2_D1_fixed 1.867 (-0.76) E7 2.028 (-0.25) | naive 2.095 | RW 2.697
  h= 6 n= 78 | F1b 2.680 (-0.88) S_A 3.300 (-0.71) S_M 3.779 (-1.99) S_A_H 2.730 (-0.81) S_M_H 2.877 (-1.38) F2_D1_fixed 3.313 (-1.55) E7 3.579 (-0.51) | naive 3.652 | RW 4.306
  h= 9 n= 72 | F1b 4.183 (-1.50) S_A 4.961 (-1.25) S_M 5.524 (-3.15) S_A_H 4.217 (-1.32) S_M_H 4.586 (-2.47) F2_D1_fixed 4.962 (-2.42) E7 5.335 (-0.86) | naive 5.278 | RW 5.916
  h=12 n= 66 | F1b 5.788 (-2.36) S_A 6.795 (-1.96) S_M 7.212 (-4.49) S_A_H 6.091 (-2.03) S_M_H 6.381 (-3.75) F2_D1_fixed 6.664 (-3.42) E7 7.269 (-1.33) | naive 6.990 | RW 7.427

SELECTION (2008-2018 h=12, n=132): S_A 1.761 S_M 2.120 (E1 1.335) -> S_A; long-span safeguard (n=211): S_A 4.052 vs E1 3.955 -> FAILS: not adopted

REGIMES h 7-12, y/y RMSE (b): S_A / S_M / E1 / E7 / F2 survey / naive
  2008-2009 n= 87: 2.35 / 2.72 / 2.24 / 1.71 / 1.19 / 1.95
  2010-2012 n=216: 1.97 / 2.42 / 0.97 / 0.96 / 0.84 / 0.96
  2013-2016 n=288: 1.20 / 1.53 / 1.05 / 1.05 / 0.78 / 1.15
  2017-2019 n=216: 0.59 / 0.46 / 0.67 / 0.66 / 1.00 / 1.13
  2020-2021 n=144: 1.63 / 1.60 / 1.74 / 1.73 / 2.10 / 1.75
  2022-2023 n=144: 8.43 / 9.79 / 8.29 / 8.62 / 8.76 / 8.45
  2024-2026 n=186: 2.57 / 0.91 / 2.80 / 3.68 / 0.87 / 3.84

RULES: target line: S_A 4.052 vs E7 4.182 -> E7 stays
  second line: S_A 4.052 vs F2 survey 3.839 (+5.5%) -> F2 stays
  product engine (S_A_H): publish rule h3 +25.7% DM -1.93/-1.87 | h6 +27.1% DM -2.05/-2.09 | h12 +13.0% DM -1.86/-1.92 -> PUBLISHABLE; vs F1b at h=12: full -5.2% first half -2.8% second half -70.1% -> F1b stays

selected: S_A; eligible False; safeguard False
exit 0
