{
 "checks": {
  "consensus_matches_evidence": 0.0,
  "actual_matches_evidence": 0.0,
  "struct_eve_rmse": 0.41991699780709985,
  "hard_base_rmse": 0.41795154739724044,
  "consensus_rmse": 0.3815174380753199
 },
 "verdict": {
  "candidate": "ALC_STEPS_R30",
  "c1_block_every_sample": false,
  "c2_headline_every_sample_and_surprises": false,
  "c3_specificity": false,
  "c4_in_phase": true,
  "c5_interval": false,
  "failed": [
   "1",
   "2",
   "3",
   "5"
  ],
  "promotable": false,
  "promoted_object": "simplest equivalent of the grid: ALC_STEPS_THETA055_R30 (condition 3 not met as declared)",
  "best_grid_member": "ALC_STEPS_THETA055_R30",
  "phase": {
   "n_active": 40,
   "sign_agreement": 0.5,
   "correlation": 0.26154838138414255,
   "mean_needed_active": 0.23866443048793423,
   "mean_applied_active": 0.3714407582931126
  }
 }
}
