  Reading input spec file from series.spc

1

               U. S. Department of Commerce, U. S. Census Bureau

              X-13ARIMA-SEATS monthly seasonal adjustment Method,
                          Release Version 1.1 Build 62


           This software application provides an enhanced version of
             Statistics Canada's X-11-ARIMA extension (Dagum, 1980)
                 of the X-11 variant of the Census Method II of
                      Shiskin, Young and Musgrave (1967).

            It also provides an ARIMA model-based method following
       Hillmer and Tiao (1982) and Burman (1980) that is very similar
       to the update of the method of SEATS (Gomez and Maravall, 1996)
                produced at the Bank of Spain by G. Caporello and
               A. Maravall for TSW (Caporello and Maravall, 2004).
          The present application includes additional enhancements.

         X-13ARIMA-SEATS includes an automatic ARIMA model selection procedure
          based largely on the procedure of Gomez and Maravall (1998)
            as implemented in TRAMO (1996) and subsequent revisions.

              Primary Programmers: Brian Monsell, Mark Otto and,
                 for the ARIMA model-based signal extraction,
                      Gianluca Caporello and Victor Gomez


     Series Title- R35 monthly CPI index
     Series Name- series
     Sep 22, 2026  22.39.46 

        -Period covered-  1st month,2015 to  8th month,2026
        -Type of run - multiplicative seasonal adjustment

        -Sigma limits for graduating extreme values are  1.5 and  2.5 .
        -3x3 moving average used in section 1 of each iteration, 
         3x5 moving average in section 2 of iterations B and C,
         moving average for final seasonal factors chosen by Global MSR.
        -Spectral plots generated for selected series
        -Spectral plots generated for series starting in 2018.Sep

 FILE SAVE REQUESTS (* indicates file exists and will be overwritten)
  series.d10  final seasonal factors
  series.d11  final seasonally adjusted data
  series.d12  final trend cycle
  series.d13  final irregular component
  series.out  program output file
  series.err  program error file
  series.udg  seasonal adjustment and model diagnostics file
        R35 monthly CPI index            PAGE   1, SERIES series

     Contents of spc file series.spc

 Line #
 ------
      1: series { title="R35 monthly CPI index" start=2015.1 period=12 data=(
      2: 100.40000000000001 100.7 100 100.40000000000001 100.09999999999999 100.2
      3: 99.900000000000006 99.5 99.799999999999997 100 99.799999999999997 99
      4: 100.2 100.5 100.5 100.7 101 100.8
      5: 101.2 100.5 100.09999999999999 100.5 101.2 100.7
      6: 102 102.59999999999999 102.09999999999999 103 102.59999999999999 102.7
      7: 103.3 102.7 102.2 103.5 103.3 102.90000000000001
      8: 103.8 104.40000000000001 104.90000000000001 105.5 105.7 105.90000000000001
      9: 106 106.5 106.40000000000001 107.40000000000001 107.09999999999999 106.59999999999999
     10: 108.5 108.59999999999999 108.8 109.5 109.59999999999999 109.40000000000001
     11: 109.5 109.59999999999999 109.59999999999999 110.5 110.40000000000001 109.5
     12: 111.90000000000001 112.2 113 113.2 113.09999999999999 113.90000000000001
     13: 113.90000000000001 114.2 114 114.8 114.59999999999999 113.90000000000001
     14: 115.3 114.8 114.8 114.5 115.5 115.8
     15: 116.3 117 117.7 117.8 119 119.59999999999999
     16: 122 122.90000000000001 124.5 127.09999999999999 128.69999999999999 130
     17: 131.30000000000001 132.80000000000001 134.80000000000001 137.09999999999999 136.90000000000001 137.80000000000001
     18: 142.09999999999999 144.19999999999999 145.59999999999999 147 146.30000000000001 146.80000000000001
     19: 146.09999999999999 146.5 146.19999999999999 146.09999999999999 147.09999999999999 145.80000000000001
     20: 148.09999999999999 148.90000000000001 149.09999999999999 150.40000000000001 150.09999999999999 150.09999999999999
     21: 151 150.59999999999999 150.69999999999999 151.30000000000001 151.09999999999999 150.30000000000001
     22: 152.30000000000001 153.19999999999999 153.09999999999999 153.80000000000001 154.09999999999999 154.19999999999999
     23: 154.40000000000001 154.19999999999999 154.19999999999999 155.19999999999999 154.69999999999999 154.40000000000001
     24: 157.5 158.90000000000001 158.69999999999999 159.09999999999999 159.19999999999999 159.80000000000001
     25: 160 160.09999999999999
     26: ) }
     27: transform { function=log }
     28: automdl { }
     29: outlier { types=(ao ls tc) }
     30: x11 { mode=mult save=(d10 d11 d12 d13) appendfcst=no appendbcst=no savelog=all }
     31: spectrum { logqs=yes robustsa=no print=all savelog=all }
     32: check { }
        R35 monthly CPI index            PAGE   2, SERIES series

 A 1  Time series data (for the span analyzed)
  From  2015.Jan to 2026.Aug
  Observations        140
 -----------------------------------------------------------------------------
               Jan      Feb      Mar      Apr      May      Jun 
               Jul      Aug      Sep      Oct      Nov      Dec        TOTAL  
 -----------------------------------------------------------------------------
  2015         100.     101.     100.     100.     100.     100.
               100.     100.     100.     100.     100.      99.         1200.
 
  2016         100.     101.     101.     101.     101.     101.
               101.     101.     100.     101.     101.     101.         1208.
 
  2017         102.     103.     102.     103.     103.     103.
               103.     103.     102.     104.     103.     103.         1233.
 
  2018         104.     104.     105.     106.     106.     106.
               106.     107.     106.     107.     107.     107.         1270.
 
  2019         109.     109.     109.     110.     110.     109.
               110.     110.     110.     111.     110.     110.         1314.
 
  2020         112.     112.     113.     113.     113.     114.
               114.     114.     114.     115.     115.     114.         1363.
 
  2021         115.     115.     115.     115.     116.     116.
               116.     117.     118.     118.     119.     120.         1398.
 
  2022         122.     123.     125.     127.     129.     130.
               131.     133.     135.     137.     137.     138.         1566.
 
  2023         142.     144.     146.     147.     146.     147.
               146.     147.     146.     146.     147.     146.         1750.
 
  2024         148.     149.     149.     150.     150.     150.
               151.     151.     151.     151.     151.     150.         1802.
 
  2025         152.     153.     153.     154.     154.     154.
               154.     154.     154.     155.     155.     154.         1848.
 
  2026         158.     159.     159.     159.     159.     160.
               160.     160.                                             1273.
 
  AVGE         122.     123.     123.     124.     124.     124.
               124.     125.     121.     122.     122.     122.

  Table Total-     17223.60   Mean-     123.03   Std. Dev.-      21.17
                              Min -      99.00        Max -     160.10
        R35 monthly CPI index            PAGE   3, SERIES series
                        Automatic ARIMA Model Selection

                    Procedure based closely on TRAMO method 
                         of Gomez and Maravall (2000)
              "Automatic Modeling Methods for Univariate Series",
                            A Course in Time Series
                  (Edited by D. Pena, G. C. Tiao, R. S. Tsay),
                         New York : J. Wiley and Sons


     Maximum order for regular ARMA parameters :   2
     Maximum order for seasonal ARMA parameters :   1
     Maximum order for regular differencing :   2
     Maximum order for seasonal differencing :   1

   Results of Unit Root Test for identifying orders of differencing:
     Regular difference order :   1
     Seasonal difference order :   1

     Mean is not significant.

  Automatic model choice : (1 1 1)(0 1 1)


  Final Checks for Identified Model


  Checking for Unit Roots.
   No unit roots found.

  Checking for nonseasonal overdifferencing.
   Nonseasonal MA not within  0.001 of 1.0 - model passes test.

  Checking for insignificant ARMA coefficients.

  Final automatic model choice : (1 1 1)(0 1 1)
   End of automatic model selection procedure.

 Average absolute percentage error in within-sample forecasts:
  Last year:   0.41      Last-1 year:   0.71     Last-2 year:   1.47
  Last three years:    0.87

 Estimation converged in   21 ARMA iterations,   87 function evaluations.

 ARIMA Model:  (1 1 1)(0 1 1)
   Nonseasonal differences: 1
   Seasonal differences:    1
                                              Standard
 Parameter                    Estimate          Errors
 -----------------------------------------------------
 Nonseasonal AR                                    
   Lag  1                       0.9466         0.03728

 Nonseasonal MA                                    
   Lag  1                       0.7280         0.07551

 Seasonal MA                                       
   Lag 12                       1.0000         0.07170

 Variance                       0.19046E-04
 SE of Var                      0.23901E-05
 -----------------------------------------------------

 Likelihood Statistics
 ------------------------------------------------------------------
 Number of observations (nobs)                                  140
 Effective number of observations (nefobs)                      127
 Number of parameters estimated (np)                              4
 Log likelihood                                            495.5492
 Transformation Adjustment                                -611.8652
 Adjusted Log likelihood (L)                              -116.3160
 AIC                                                       240.6321 
 AICC (F-corrected-AIC)                                    240.9599 
 Hannan Quinn                                              245.2543 
 BIC                                                       252.0088 
 ------------------------------------------------------------------


 DIAGNOSTIC CHECKING
  Sample Autocorrelations of the Residuals with the Ljung-Box diagnostic.

  Lag      1     2     3     4     5     6     7     8     9    10    11    12
  ACF  -0.11  0.03  0.06  0.03  0.23 -0.05 -0.04  0.08 -0.05  0.10 -0.02 -0.11
  SE    0.09  0.09  0.09  0.09  0.09  0.09  0.09  0.10  0.10  0.10  0.10  0.10
  Q     1.58  1.68  2.09  2.19  9.11  9.49  9.76 10.66 11.07 12.35 12.38 14.01
  DF       0     0     0     1     2     3     4     5     6     7     8     9
  P    0.000 0.000 0.000 0.139 0.011 0.023 0.045 0.059 0.086 0.090 0.135 0.122

  Lag     13    14    15    16    17    18    19    20    21    22    23    24
  ACF  -0.01 -0.14 -0.02 -0.11  0.02 -0.06 -0.02 -0.07 -0.02  0.02 -0.05 -0.13
  SE    0.10  0.10  0.10  0.10  0.10  0.10  0.10  0.10  0.10  0.10  0.10  0.10
  Q    14.04 16.86 16.93 18.71 18.75 19.32 19.37 20.21 20.30 20.38 20.86 23.51
  DF      10    11    12    13    14    15    16    17    18    19    20    21
  P    0.171 0.112 0.152 0.132 0.175 0.199 0.250 0.264 0.316 0.372 0.406 0.317

  The P-values approximate the probability of observing a Q-value at least
  this large when the model fitted is correct.  When DF is positive, small
  values of P, customarily those below 0.05, indicate model inadequacy.

  Sample Autocorrelations of the Residuals
                 -1.0 -0.8 -0.6 -0.4 -0.2  0.0  0.2  0.4  0.6  0.8  1.0
                   +----+----+----+----+----+----+----+----+----+----+
            1                           .XXX|   .                     -0.110
            2                           .   |X  .                      0.026
            3                           .   |X  .                      0.056
            4                          .    |X   .                     0.028
            5                          .    |XXXXXX                    0.227
            6                          .   X|    .                    -0.053
            7                          .   X|    .                    -0.045
            8                          .    |XX  .                     0.081
            9                          .   X|    .                    -0.055
           10                          .    |XX  .                     0.095
           11                          .    |    .                    -0.015
           12       - - - - - - - - -  . XXX|    .  - - - - - - - -   -0.107
           13                          .    |    .                    -0.013
           14                          . XXX|    .                    -0.140
           15                          .   X|    .                    -0.022
           16                          . XXX|    .                    -0.110
           17                          .    |    .                     0.016
           18                          .  XX|    .                    -0.062
           19                          .    |    .                    -0.017
           20                          .  XX|    .                    -0.074
           21                          .   X|    .                    -0.024
           22                          .    |X   .                     0.023
           23                          .   X|    .                    -0.055
           24       - - - - - - - - -  . XXX|    .  - - - - - - - -   -0.129
  
  Sample Autocorrelations of the Squared Residuals with the Ljung-Box diagnostic.

  Lag      1     2     3     4     5     6     7     8     9    10    11    12
  ACF   0.08  0.12  0.07  0.09  0.17  0.34  0.08  0.12 -0.03  0.08  0.15  0.06
  SE    0.09  0.09  0.09  0.09  0.09  0.09  0.10  0.10  0.10  0.11  0.11  0.11
  Q     0.77  2.52  3.10  4.19  8.29 24.23 25.03 26.95 27.10 27.96 30.95 31.48
  DF       0     0     0     1     2     3     4     5     6     7     8     9
  P    0.000 0.000 0.000 0.041 0.016 0.000 0.000 0.000 0.000 0.000 0.000 0.000

  Lag     13    14    15    16    17    18    19    20    21    22    23    24
  ACF   0.16  0.13 -0.02 -0.05 -0.08  0.11  0.09  0.04 -0.02 -0.15 -0.08  0.10
  SE    0.11  0.11  0.11  0.11  0.11  0.11  0.11  0.11  0.11  0.11  0.11  0.11
  Q    35.37 37.98 38.05 38.38 39.28 41.12 42.22 42.50 42.55 46.02 47.07 48.66
  DF      10    11    12    13    14    15    16    17    18    19    20    21
  P    0.000 0.000 0.000 0.000 0.000 0.000 0.000 0.001 0.001 0.000 0.001 0.001

  The P-values approximate the probability of observing a Q-value at least
  this large when the model fitted is correct in a way that supports the
  standard interpretations of the test statistics, standard errors, and
  prediction intervals output by X-13ARIMA-SEATS. When DF is positive, small
  values of P, customarily those below 0.05, suggest that model-based
  inferences about statistical significance and uncertainty will be less
  dependable than usual.

  Sample Autocorrelations of the Squared Residuals
                 -1.0 -0.8 -0.6 -0.4 -0.2  0.0  0.2  0.4  0.6  0.8  1.0
                   +----+----+----+----+----+----+----+----+----+----+
            1                           .   |XX .                      0.077
            2                           .   |XXX.                      0.116
            3                          .    |XX  .                     0.066
            4                          .    |XX  .                     0.090
            5                          .    |XXXX.                     0.175
            6                          .    |XXXXXXXXX                 0.343
            7                          .    |XX  .                     0.077
            8                          .    |XXX .                     0.118
            9                          .   X|    .                    -0.032
           10                          .    |XX  .                     0.078
           11                          .    |XXXX.                     0.145
           12       - - - - - - - - -  .    |XX  .  - - - - - - - -    0.061
           13                          .    |XXXX.                     0.165
           14                          .    |XXX .                     0.134
           15                         .    X|     .                   -0.023
           16                         .    X|     .                   -0.047
           17                         .   XX|     .                   -0.078
           18                         .     |XXX  .                    0.111
           19                         .     |XX   .                    0.085
           20                         .     |X    .                    0.043
           21                         .     |     .                   -0.018
           22                         . XXXX|     .                   -0.149
           23                         .   XX|     .                   -0.082
           24       - - - - - - - -   .     |XXX  .   - - - - - - -    0.100
  
 Histogram of the Standardized and Mean-Centered Residuals
  Standard
  Deviations    Frequency
       -3 +#
          |##
       -2 +###
          |#######
       -1 +################
          |####################
        0 +###############################
          |##################
        1 +##############
          |#######
        2 +#####
          |##
        3 +#

  One '#'= 1 observation[s]

 Tabular Histogram of the Standardized and Mean-Centered Residuals

  Standard
  Deviations    Frequency

 -3.00                 1

 -2.50                 2

 -2.00                 3

 -1.50                 7

 -1.00                16

 -0.50                20

  0.00                31

  0.50                18

  1.00                14

  1.50                 7

  2.00                 5

  2.50                 2

  3.00                 1

 Summary Statistics for the Unstandardized Residuals
  Minimum                    -0.012
  Maximum                     0.011
  Median                     -0.000
  Robust Std Dev              0.004

 Normality Statistics for regARIMA Model Residuals:

    Number of residuals  :    127

    Skewness coefficient :    0.0275    
    Geary's a            :    0.7668    
    Kurtosis             :    3.2709    

  No indication of lack of normality.

 Durbin-Watson Statistic for regARIMA Model Residuals:
  dw =     2.220471

 Friedman Non-Parametric Test for regARIMA Model Residuals:
  ken =     1.138462 ( Asymptotically distributed as Chi-Square(11), P-Value =     0.999903 )

 QS Statistic for regARIMA Model Residuals (full series):             0.00
                                                       (P-Value =     1.0000)

 QS Statistic for regARIMA Model Residuals (starting 2018.Sep):       0.00
                                                       (P-Value =     1.0000)
      10*LOG(SPECTRUM) of the regARIMA model residuals
      Spectrum estimated from 2018.Sep to 2026.Aug.
 ++++++++++I+++++++++++++++++++++++++++++++++++++++++++++++++++++++++++++I
     -41.58I   *                                                         I    -41.58
           I   *                                                         I
           I   *                                                         I
           I   *                                                         I
     -42.53I   *                                                         I    -42.53
           I   *                                                         I
           I   *                   *                                     I
           I   *                   *                                     I
     -43.49I   *                   *   *                                 I    -43.49
           I   **                  *   *                                 I
           I   **                  *   *                                 I
           I   **                  *   *                                 I
     -44.45I   **                  *   *                    *            I    -44.45
           I   **        *         *   *                   ***           I
           I   **        *         *   *                   ***           I
           I   **        *         *  **                ******           I
     -45.40I   **        *         *  **                ******           I    -45.40
           I  ***        *         *  **                ******S          I
           I  ***        *         *  **                ******S          I
           I  ***        *         *  **                ******S     *    I
     -46.36I  ***        *         *  **                ******S     *    I    -46.36
           I  ***        *         *  **                ******S     *    I
           I  ****       *         *  **                ******S     **   I
           I  ****       *         *  **                ******S*    **   I
     -47.31I  ****       *         *  **        *       ******S*    **   I    -47.31
           I  ****       *         ** **        **      ******S*   ***   I
           I  ****      **         ** **    *   **     *******S*   ***   I
           I  ****      **         ** **   **  ****    *******S*   ***   I
     -48.27I  ****      **         ** **   **  ****    *******S*   ***   I    -48.27
           I  *****     **         *****   **  ****    *******S*   ***   I
           I ******     **        *******  ********    *******S*T  ***   I
           I ******     **    *   *******  ********    *******S*T *****  I
     -49.23I ******     **    *   *******  ********    *******S*T *****  I    -49.23
           I *******    **    *   *******  *********   *******S*T******  I
           I *******    **    *   *******  *********   *******S*T******  I
           I********    **    *   *******  *********   *******S*T******  I
     -50.18I********    **    *   ******* S*********  T*******S*T******  I    -50.18
           I*********   **    *   ******* S*********  T*******S*T******  I
           I*********   **    *   ******* S*********  T*******S*T******* I
           I*********   ***   *   ********S*********S T*******S*T******* I
     -51.14I*********   ***  **   ********S*********S*T*******S*T******* I    -51.14
           I*********   ***  **   ********S*********S*T*******S*T*******SI
           I********** ****  **   ********S*********S*T*******S*T*******SI
           I********** ****  **   ********S*********S*T*******S*T*******SI
     -52.09I********** ****  ***  ********S*********S*T*******S*T*******SI    -52.09
           I********** ****  ***  ********S*********S*T*******S*T*******SI
           I**********S****  ***  ********S*********S*T*******S*T*******SI
           I**********S****  ***  ********S*********S*T*******S*T*******SI
     -53.05I**********S****  *** *********S*********S*T*******S*T*******SI    -53.05
           I**********S****  *** *********S*********S*T*******S*T*******SI
           I**********S****  *** *********S*********S*T*******S*T*******SI
           I**********S****  *** *********S*********S*T*******S*T*******SI
     -54.01I**********S*********S*********S*********S*T*******S*T*******SI    -54.01
 ++++++++++I+++++++++++++++++++++++++++++++++++++++++++++++++++++++++++++I
            S=SEASONAL FREQUENCIES, T=TRADING DAY FREQUENCIES


 FORECASTING
  Origin  2026.Aug
  Number        12

  Forecasts and Standard Errors of the Transformed Data
   ------------------------------
                         Standard
       Date   Forecast      Error
   ------------------------------
   2026.Sep       5.08      0.004
   2026.Oct       5.08      0.007
   2026.Nov       5.08      0.009
   2026.Dec       5.08      0.012
   2027.Jan       5.10      0.014
   2027.Feb       5.10      0.017
   2027.Mar       5.10      0.019
   2027.Apr       5.11      0.021
   2027.May       5.11      0.024
   2027.Jun       5.11      0.027
   2027.Jul       5.12      0.029
   2027.Aug       5.12      0.032
   ------------------------------

  Confidence intervals with coverage probability ( 0.95000
  On the Original Scale
   ---------------------------------------
       Date      Lower  Forecast     Upper
   ---------------------------------------
   2026.Sep     158.86    160.22    161.60
   2026.Oct     159.06    161.22    163.41
   2026.Nov     158.40    161.31    164.27
   2026.Dec     157.05    160.69    164.40
   2027.Jan     158.93    163.37    167.94
   2027.Feb     158.98    164.21    169.62
   2027.Mar     158.56    164.58    170.82
   2027.Apr     158.77    165.60    172.73
   2027.May     158.21    165.84    173.83
   2027.Jun     157.82    166.25    175.13
   2027.Jul     157.41    166.65    176.43
   2027.Aug     156.75    166.79    177.46
   ---------------------------------------
        R35 monthly CPI index            PAGE   4, SERIES series

 B 1  Original series (prior adjusted)
  From  2015.Jan to 2026.Aug
  Observations        140
 -----------------------------------------------------------------------------
               Jan      Feb      Mar      Apr      May      Jun 
               Jul      Aug      Sep      Oct      Nov      Dec        TOTAL  
 -----------------------------------------------------------------------------
  2015         100.     101.     100.     100.     100.     100.
               100.      99.     100.     100.     100.      99.         1200.
 
  2016         100.     100.     100.     101.     101.     101.
               101.     100.     100.     100.     101.     101.         1208.
 
  2017         102.     103.     102.     103.     103.     103.
               103.     103.     102.     103.     103.     103.         1233.
 
  2018         104.     104.     105.     106.     106.     106.
               106.     107.     106.     107.     107.     107.         1270.
 
  2019         109.     109.     109.     110.     110.     109.
               110.     110.     110.     111.     110.     110.         1314.
 
  2020         112.     112.     113.     113.     113.     114.
               114.     114.     114.     115.     115.     114.         1363.
 
  2021         115.     115.     115.     115.     115.     116.
               116.     117.     118.     118.     119.     120.         1398.
 
  2022         122.     123.     124.     127.     129.     130.
               131.     133.     135.     137.     137.     138.         1566.
 
  2023         142.     144.     146.     147.     146.     147.
               146.     147.     146.     146.     147.     146.         1750.
 
  2024         148.     149.     149.     150.     150.     150.
               151.     151.     151.     151.     151.     150.         1802.
 
  2025         152.     153.     153.     154.     154.     154.
               154.     154.     154.     155.     155.     154.         1848.
 
  2026         158.     159.     159.     159.     159.     160.
               160.     160.                                             1273.
 
  AVGE         122.     123.     123.     124.     124.     124.
               124.     125.     121.     122.     122.     122.

  Table Total-     17223.60   Mean-     123.03   Std. Dev.-      21.17
                              Min -      99.00        Max -     160.10

 B 1.A  Forecasts of (prior adjusted) original series
  From  2026.Sep to 2027.Aug
  Observations         12
 -----------------------------------------------------------------------------
               Jan      Feb      Mar      Apr      May      Jun 
               Jul      Aug      Sep      Oct      Nov      Dec        TOTAL  
 -----------------------------------------------------------------------------
  2026                                                          
                                 160.     161.     161.     161.          643.
 
  2027         163.     164.     165.     166.     166.     166.
               167.     167.                                             1323.
 
        R35 monthly CPI index            PAGE   5, SERIES series

 C 17  Final weights for irregular component
  From  2015.Jan to 2026.Aug
  Observations        140
  Lower sigma limit    1.50
  Upper sigma limit    2.50
 -----------------------------------------------------------------------------
               Jan      Feb      Mar      Apr      May      Jun 
               Jul      Aug      Sep      Oct      Nov      Dec         S.D.  
 -----------------------------------------------------------------------------
  2015        100.0    100.0    100.0    100.0    100.0    100.0
              100.0    100.0     52.5    100.0    100.0    100.0           0.1
 
  2016        100.0    100.0    100.0    100.0    100.0    100.0
                0.0    100.0     84.1      0.0    100.0    100.0           0.1
 
  2017        100.0    100.0     99.1     81.4    100.0    100.0
                0.0    100.0      0.0    100.0    100.0    100.0           0.1
 
  2018         19.1    100.0    100.0    100.0    100.0    100.0
              100.0    100.0    100.0    100.0    100.0    100.0           0.2
 
  2019        100.0    100.0    100.0    100.0    100.0    100.0
              100.0    100.0    100.0    100.0    100.0     28.0           0.2
 
  2020        100.0    100.0    100.0    100.0      0.0    100.0
              100.0    100.0    100.0    100.0    100.0    100.0           0.2
 
  2021        100.0    100.0    100.0      0.0    100.0    100.0
              100.0    100.0     94.9      0.0    100.0     53.7           0.2
 
  2022        100.0    100.0    100.0    100.0    100.0    100.0
              100.0    100.0    100.0      0.6      0.0     76.3           0.2
 
  2023        100.0    100.0    100.0     94.5    100.0    100.0
              100.0    100.0    100.0      0.0    100.0    100.0           0.2
 
  2024        100.0    100.0    100.0    100.0    100.0    100.0
               51.8    100.0    100.0    100.0    100.0    100.0           0.2
 
  2025        100.0    100.0    100.0    100.0    100.0    100.0
              100.0    100.0    100.0    100.0    100.0    100.0           0.2
 
  2026        100.0     86.7    100.0    100.0    100.0    100.0
              100.0    100.0                                               0.2
 
        R35 monthly CPI index            PAGE   6, SERIES series

 D 8  Final unmodified SI ratios
  From  2015.Jan to 2026.Aug
  Observations        140
 -----------------------------------------------------------------------------
               Jan      Feb      Mar      Apr      May      Jun 
               Jul      Aug      Sep      Oct      Nov      Dec         AVGE  
 -----------------------------------------------------------------------------
  2015        100.1    100.6    100.0    100.5    100.3    100.3
              100.0     99.5     99.8    100.0     99.8     99.0         100.0
 
  2016        100.2    100.4    100.3    100.3    100.5    100.2
              100.5     99.8     99.3     99.5     99.9     99.1         100.0
 
  2017        100.1    100.6    100.0    100.7    100.2    100.2
              100.5     99.8     99.1    100.1     99.7     99.2         100.0
 
  2018         99.8    100.2    100.3    100.5    100.3    100.2
               99.9    100.0     99.6    100.2     99.7     98.9         100.0
 
  2019        100.4    100.2    100.1    100.5    100.4    100.1
              100.0     99.9     99.7    100.2     99.8     98.6         100.0
 
  2020        100.3    100.1    100.4    100.2     99.8    100.2
              100.0    100.0     99.6    100.1     99.7     99.1         100.0
 
  2021        100.4    100.0    100.1     99.7    100.3    100.1
              100.0    100.0     99.9     99.3     99.5     99.2          99.9
 
  2022        100.3    100.0    100.1    100.8    100.6    100.2
               99.9     99.7     99.9    100.4     99.0     98.4          99.9
 
  2023        100.2    100.5    100.6    101.0    100.2    100.4
               99.8     99.9     99.5     99.2     99.7     98.6         100.0
 
  2024        100.1    100.5    100.4    100.9    100.4    100.1
              100.4     99.8     99.6     99.8     99.5     98.9         100.0
 
  2025        100.1    100.6    100.4    100.6    100.5    100.3
              100.1     99.8     99.6    100.0     99.3     98.7         100.0
 
  2026        100.3    100.8    100.4    100.4    100.3    100.3
              100.1     99.8                                             100.3
 
  AVGE        100.2    100.4    100.2    100.5    100.3    100.2
              100.1     99.8     99.6     99.9     99.6     98.9

  Table Total-     13999.03   Mean-      99.99   Std. Dev.-       0.49
                              Min -      98.42        Max -     100.99
        R35 monthly CPI index            PAGE   7, SERIES series

 D 8.B  Final unmodified SI ratios, with labels for outliers and extreme values
  From  2015.Jan to 2026.Aug
  Observations        140
 ---------------------------------------------------------------------
               Jan       Feb       Mar       Apr       May       Jun  
               Jul       Aug       Sep       Oct       Nov       Dec  
 ---------------------------------------------------------------------
  2015       100.1     100.6     100.0     100.5     100.3     100.3  
             100.0      99.5      99.8*    100.0      99.8      99.0  
 
  2016       100.2     100.4     100.3     100.3     100.5     100.2  
             100.5*     99.8      99.3*     99.5*     99.9      99.1  
 
  2017       100.1     100.6     100.0*    100.7*    100.2     100.2  
             100.5*     99.8      99.1*    100.1      99.7      99.2  
 
  2018        99.8*    100.2     100.3     100.5     100.3     100.2  
              99.9     100.0      99.6     100.2      99.7      98.9  
 
  2019       100.4     100.2     100.1     100.5     100.4     100.1  
             100.0      99.9      99.7     100.2      99.8      98.6* 
 
  2020       100.3     100.1     100.4     100.2      99.8*    100.2  
             100.0     100.0      99.6     100.1      99.7      99.1  
 
  2021       100.4     100.0     100.1      99.7*    100.3     100.1  
             100.0     100.0      99.9*     99.3*     99.5      99.2* 
 
  2022       100.3     100.0     100.1     100.8     100.6     100.2  
              99.9      99.7      99.9     100.4*     99.0*     98.4* 
 
  2023       100.2     100.5     100.6     101.0*    100.2     100.4  
              99.8      99.9      99.5      99.2*     99.7      98.6  
 
  2024       100.1     100.5     100.4     100.9     100.4     100.1  
             100.4*     99.8      99.6      99.8      99.5      98.9  
 
  2025       100.1     100.6     100.4     100.6     100.5     100.3  
             100.1      99.8      99.6     100.0      99.3      98.7  
 
  2026       100.3     100.8*    100.4     100.4     100.3     100.3  
             100.1      99.8                                          
 

  Key to symbols:
    *  : extreme value as determined by X-11 extreme value procedure
 
        R35 monthly CPI index            PAGE   8, SERIES series

 D 9  Final replacement values for SI ratios
  From  2015.Jan to 2026.Aug
  Observations        140
 ---------------------------------------------------------------
               Jan      Feb      Mar      Apr      May      Jun 
               Jul      Aug      Sep      Oct      Nov      Dec 
 ---------------------------------------------------------------
  2015     ******** ******** ******** ******** ******** ********
           ******** ********     99.7 ******** ******** ********
 
  2016     ******** ******** ******** ******** ******** ********
              100.1 ********     99.3    100.0 ******** ********
 
  2017     ******** ********    100.0    100.7 ******** ********
              100.1 ********     99.5 ******** ******** ********
 
  2018        100.1 ******** ******** ******** ******** ********
           ******** ******** ******** ******** ******** ********
 
  2019     ******** ******** ******** ******** ******** ********
           ******** ******** ******** ******** ********     98.8
 
  2020     ******** ******** ******** ********    100.3 ********
           ******** ******** ******** ******** ******** ********
 
  2021     ******** ******** ********    100.5 ******** ********
           ******** ********     99.9     99.9 ********     99.0
 
  2022     ******** ******** ******** ******** ******** ********
           ******** ******** ********     99.9     99.5     98.5
 
  2023     ******** ******** ********    101.0 ******** ********
           ******** ******** ********     99.8 ******** ********
 
  2024     ******** ******** ******** ******** ******** ********
              100.2 ******** ******** ******** ******** ********
 
  2025     ******** ******** ******** ******** ******** ********
           ******** ******** ******** ******** ******** ********
 
  2026     ********    100.7 ******** ******** ******** ********
           ******** ********                                    
 

 D 9.A  Moving seasonality ratio
 ---------------------------------------------------------------
               Jan      Feb      Mar      Apr      May      Jun 
 ---------------------------------------------------------------
   I          0.095    0.154    0.223    0.230    0.152    0.121
   S          0.021    0.066    0.027    0.033    0.022    0.017
 RATIO        4.517    2.316    8.167    7.046    7.014    7.046



 ---------------------------------------------------------------
               Jul      Aug      Sep      Oct      Nov      Dec 
 ---------------------------------------------------------------
   I          0.111    0.111    0.155    0.067    0.117    0.175
   S          0.023    0.028    0.029    0.030    0.032    0.042
 RATIO        4.742    3.973    5.423    2.275    3.632    4.212



        R35 monthly CPI index            PAGE   9, SERIES series

 D 10  Final seasonal factors
  From  2015.Jan to 2026.Aug
  Observations        140
  Seasonal filter    3 x 5 moving average
 -----------------------------------------------------------------------------
               Jan      Feb      Mar      Apr      May      Jun 
               Jul      Aug      Sep      Oct      Nov      Dec         AVGE  
 -----------------------------------------------------------------------------
  2015       100.16   100.47   100.13   100.52   100.33   100.22
             100.03    99.73    99.50   100.06    99.79    99.07        100.00
 
  2016       100.17   100.44   100.14   100.52   100.33   100.20
             100.02    99.75    99.52   100.08    99.78    99.05        100.00
 
  2017       100.20   100.37   100.17   100.50   100.34   100.18
             100.01    99.81    99.53   100.11    99.77    99.03        100.00
 
  2018       100.24   100.30   100.18   100.49   100.34   100.16
             100.00    99.86    99.57   100.12    99.75    99.01        100.00
 
  2019       100.27   100.20   100.19   100.48   100.36   100.16
              99.98    99.91    99.64   100.10    99.70    98.96        100.00
 
  2020       100.29   100.16   100.20   100.53   100.37   100.19
              99.97    99.92    99.70   100.05    99.66    98.89         99.99
 
  2021       100.27   100.15   100.24   100.60   100.39   100.21
              99.97    99.91    99.72    99.98    99.62    98.83         99.99
 
  2022       100.24   100.22   100.27   100.68   100.40   100.23
              99.99    99.88    99.70    99.92    99.58    98.79         99.99
 
  2023       100.20   100.32   100.31   100.73   100.40   100.25
             100.02    99.85    99.67    99.88    99.53    98.76         99.99
 
  2024       100.18   100.43   100.34   100.73   100.39   100.26
             100.05    99.83    99.62    99.86    99.51    98.75        100.00
 
  2025       100.18   100.52   100.37   100.69   100.38   100.26
             100.09    99.82    99.57    99.85    99.50    98.77        100.00
 
  2026       100.18   100.57   100.37   100.63   100.36   100.25
             100.12    99.82                                            100.29
 
  AVGE       100.21   100.35   100.24   100.59   100.37   100.21
             100.02    99.84    99.61   100.00    99.65    98.90

  Table Total-     14001.88   Mean-     100.01   Std. Dev.-       0.44
                              Min -      98.75        Max -     100.73

 D 10.A  Final seasonal component forecasts
  From  2026.Sep to 2027.Aug
  Observations         12
 -----------------------------------------------------------------------------
               Jan      Feb      Mar      Apr      May      Jun 
               Jul      Aug      Sep      Oct      Nov      Dec         AVGE  
 -----------------------------------------------------------------------------
  2026                                                          
                                99.56    99.85    99.49    98.80         99.42
 
  2027       100.19   100.58   100.36   100.59   100.37   100.25
             100.14    99.82                                            100.29
 
        R35 monthly CPI index            PAGE  10, SERIES series

 D 11  Final seasonally adjusted data
  From  2015.Jan to 2026.Aug
  Observations        140
 -----------------------------------------------------------------------------
               Jan      Feb      Mar      Apr      May      Jun 
               Jul      Aug      Sep      Oct      Nov      Dec        TOTAL  
 -----------------------------------------------------------------------------
  2015         100.     100.     100.     100.     100.     100.
               100.     100.     100.     100.     100.     100.         1200.
 
  2016         100.     100.     100.     100.     101.     101.
               101.     101.     101.     100.     101.     102.         1208.
 
  2017         102.     102.     102.     102.     102.     103.
               103.     103.     103.     103.     104.     104.         1233.
 
  2018         104.     104.     105.     105.     105.     106.
               106.     107.     107.     107.     107.     108.         1270.
 
  2019         108.     108.     109.     109.     109.     109.
               110.     110.     110.     110.     111.     111.         1314.
 
  2020         112.     112.     113.     113.     113.     114.
               114.     114.     114.     115.     115.     115.         1363.
 
  2021         115.     115.     115.     114.     115.     116.
               116.     117.     118.     118.     119.     121.         1398.
 
  2022         122.     123.     124.     126.     128.     130.
               131.     133.     135.     137.     137.     139.         1566.
 
  2023         142.     144.     145.     146.     146.     146.
               146.     147.     147.     146.     148.     148.         1750.
 
  2024         148.     148.     149.     149.     150.     150.
               151.     151.     151.     152.     152.     152.         1802.
 
  2025         152.     152.     153.     153.     154.     154.
               154.     154.     155.     155.     155.     156.         1848.
 
  2026         157.     158.     158.     158.     159.     159.
               160.     160.                                             1270.
 
  AVGE         122.     122.     123.     123.     123.     124.
               124.     125.     122.     122.     123.     123.

  Table Total-     17221.22   Mean-     123.01   Std. Dev.-      21.16
                              Min -      99.77        Max -     160.38
        R35 monthly CPI index            PAGE  11, SERIES series

 D 12  Final trend cycle
  From  2015.Jan to 2026.Aug
  Observations        140
  Trend filter     9-term Henderson moving average
  I/C ratio        0.44
 -----------------------------------------------------------------------------
               Jan      Feb      Mar      Apr      May      Jun 
               Jul      Aug      Sep      Oct      Nov      Dec        TOTAL  
 -----------------------------------------------------------------------------
  2015         100.     100.     100.     100.     100.     100.
               100.     100.     100.     100.     100.     100.         1200.
 
  2016         100.     100.     100.     100.     101.     101.
               101.     101.     101.     101.     101.     102.         1208.
 
  2017         102.     102.     102.     102.     102.     103.
               103.     103.     103.     103.     104.     104.         1233.
 
  2018         104.     104.     105.     105.     105.     106.
               106.     107.     107.     107.     107.     108.         1271.
 
  2019         108.     108.     109.     109.     109.     109.
               109.     110.     110.     110.     111.     111.         1314.
 
  2020         112.     112.     112.     113.     113.     114.
               114.     114.     114.     115.     115.     115.         1363.
 
  2021         115.     115.     115.     115.     115.     116.
               116.     117.     118.     119.     120.     121.         1400.
 
  2022         122.     123.     124.     126.     128.     130.
               131.     133.     135.     137.     138.     140.         1567.
 
  2023         142.     144.     145.     146.     146.     146.
               146.     147.     147.     147.     148.     148.         1751.
 
  2024         148.     148.     149.     149.     150.     150.
               150.     151.     151.     152.     152.     152.         1802.
 
  2025         152.     152.     153.     153.     153.     154.
               154.     155.     155.     155.     156.     156.         1848.
 
  2026         157.     158.     158.     158.     159.     159.
               160.     160.                                             1269.
 
  AVGE         122.     122.     123.     123.     123.     124.
               124.     125.     122.     122.     123.     123.

  Table Total-     17224.56   Mean-     123.03   Std. Dev.-      21.15
                              Min -      99.84        Max -     160.39
        R35 monthly CPI index            PAGE  12, SERIES series

 D 13  Final irregular component
  From  2015.Jan to 2026.Aug
  Observations        140
 -----------------------------------------------------------------------------
               Jan      Feb      Mar      Apr      May      Jun 
               Jul      Aug      Sep      Oct      Nov      Dec         S.D.  
 -----------------------------------------------------------------------------
  2015        100.0    100.1     99.9    100.0     99.9    100.1
              100.0     99.8    100.3     99.9    100.0     99.9           0.1
 
  2016        100.0    100.0    100.1     99.8    100.1    100.0
              100.5    100.0     99.8     99.4    100.1    100.0           0.2
 
  2017         99.9    100.2     99.8    100.2     99.9    100.0
              100.5    100.0     99.5    100.0    100.0    100.2           0.2
 
  2018         99.6     99.9    100.1    100.0    100.0    100.0
               99.9    100.1    100.0    100.1     99.9     99.9           0.1
 
  2019        100.1    100.0     99.9    100.0    100.1     99.9
              100.0    100.0    100.0    100.0    100.1     99.6           0.1
 
  2020        100.0    100.0    100.3     99.8     99.5    100.1
              100.0    100.1     99.9    100.0    100.0    100.1           0.2
 
  2021        100.1     99.9     99.9     99.2    100.0     99.9
              100.0    100.0    100.1     99.3     99.9    100.4           0.3
 
  2022        100.1     99.8     99.8    100.1    100.2    100.0
               99.9     99.9    100.2    100.5     99.5     99.7           0.3
 
  2023        100.0    100.1    100.1    100.1     99.8    100.2
               99.8    100.1     99.9     99.4    100.2     99.9           0.2
 
  2024         99.9    100.0    100.0    100.1    100.0     99.8
              100.3    100.0    100.0    100.0    100.0    100.1           0.1
 
  2025         99.9    100.0    100.0     99.9    100.1    100.0
              100.0    100.0    100.0    100.1     99.8     99.9           0.1
 
  2026        100.1    100.2    100.0     99.8     99.9    100.1
              100.0    100.0                                               0.1
 
  S.D.          0.1      0.1      0.1      0.3      0.2      0.1
                0.2      0.1      0.2      0.4      0.2      0.2

  Table Total-     13997.20   Mean-      99.98   Std. Dev.-       0.20
                              Min -      99.23        Max -     100.55
        R35 monthly CPI index            PAGE  13, SERIES series

 D 16  Combined adjustment factors
  From  2015.Jan to 2026.Aug
  Observations        140
 -----------------------------------------------------------------------------
               Jan      Feb      Mar      Apr      May      Jun 
               Jul      Aug      Sep      Oct      Nov      Dec         AVGE  
 -----------------------------------------------------------------------------
  2015       100.16   100.47   100.13   100.52   100.33   100.22
             100.03    99.73    99.50   100.06    99.79    99.07        100.00
 
  2016       100.17   100.44   100.14   100.52   100.33   100.20
             100.02    99.75    99.52   100.08    99.78    99.05        100.00
 
  2017       100.20   100.37   100.17   100.50   100.34   100.18
             100.01    99.81    99.53   100.11    99.77    99.03        100.00
 
  2018       100.24   100.30   100.18   100.49   100.34   100.16
             100.00    99.86    99.57   100.12    99.75    99.01        100.00
 
  2019       100.27   100.20   100.19   100.48   100.36   100.16
              99.98    99.91    99.64   100.10    99.70    98.96        100.00
 
  2020       100.29   100.16   100.20   100.53   100.37   100.19
              99.97    99.92    99.70   100.05    99.66    98.89         99.99
 
  2021       100.27   100.15   100.24   100.60   100.39   100.21
              99.97    99.91    99.72    99.98    99.62    98.83         99.99
 
  2022       100.24   100.22   100.27   100.68   100.40   100.23
              99.99    99.88    99.70    99.92    99.58    98.79         99.99
 
  2023       100.20   100.32   100.31   100.73   100.40   100.25
             100.02    99.85    99.67    99.88    99.53    98.76         99.99
 
  2024       100.18   100.43   100.34   100.73   100.39   100.26
             100.05    99.83    99.62    99.86    99.51    98.75        100.00
 
  2025       100.18   100.52   100.37   100.69   100.38   100.26
             100.09    99.82    99.57    99.85    99.50    98.77        100.00
 
  2026       100.18   100.57   100.37   100.63   100.36   100.25
             100.12    99.82                                            100.29
 
  AVGE       100.21   100.35   100.24   100.59   100.37   100.21
             100.02    99.84    99.61   100.00    99.65    98.90

  Table Total-     14001.88   Mean-     100.01   Std. Dev.-       0.44
                              Min -      98.75        Max -     100.73

 D 16.A  Combined adjustment component forecasts
  From  2026.Sep to 2027.Aug
  Observations         12
 -----------------------------------------------------------------------------
               Jan      Feb      Mar      Apr      May      Jun 
               Jul      Aug      Sep      Oct      Nov      Dec         AVGE  
 -----------------------------------------------------------------------------
  2026                                                          
                                99.56    99.85    99.49    98.80         99.42
 
  2027       100.19   100.58   100.36   100.59   100.37   100.25
             100.14    99.82                                            100.29
 
        R35 monthly CPI index            PAGE  14, SERIES series

 E 4  Ratios of annual totals
  From          2015 to 2025
  Observations         11
 -----------------------------------
  Year       Unmodified     Modified
                  (D11)         (E2)
 -----------------------------------
  2015           100.00       100.00
 
  2016           100.00       100.00
 
  2017           100.00       100.00
 
  2018           100.00       100.00
 
  2019           100.00       100.00
 
  2020            99.99        99.99
 
  2021            99.98        99.98
 
  2022            99.98        99.98
 
  2023            99.99        99.99
 
  2024            99.99        99.99
 
  2025           100.00       100.00
 
        R35 monthly CPI index            PAGE  15, SERIES series

 E 5  Month-to-month percent change in the original series
  From  2015.Feb to 2026.Aug
  Observations        139
 -----------------------------------------------------------------------------
               Jan      Feb      Mar      Apr      May      Jun 
               Jul      Aug      Sep      Oct      Nov      Dec         AVGE  
 -----------------------------------------------------------------------------
  2015                   0.3     -0.7      0.4     -0.3      0.1
               -0.3     -0.4      0.3      0.2     -0.2     -0.8          -0.1
 
  2016          1.2      0.3      0.0      0.2      0.3     -0.2
                0.4     -0.7     -0.4      0.4      0.7     -0.5           0.1
 
  2017          1.3      0.6     -0.5      0.9     -0.4      0.1
                0.6     -0.6     -0.5      1.3     -0.2     -0.4           0.2
 
  2018          0.9      0.6      0.5      0.6      0.2      0.2
                0.1      0.5     -0.1      0.9     -0.3     -0.5           0.3
 
  2019          1.8      0.1      0.2      0.6      0.1     -0.2
                0.1      0.1      0.0      0.8     -0.1     -0.8           0.2
 
  2020          2.2      0.3      0.7      0.2     -0.1      0.7
                0.0      0.3     -0.2      0.7     -0.2     -0.6           0.3
 
  2021          1.2     -0.4      0.0     -0.3      0.9      0.3
                0.4      0.6      0.6      0.1      1.0      0.5           0.4
 
  2022          2.0      0.7      1.3      2.1      1.3      1.0
                1.0      1.1      1.5      1.7     -0.1      0.7           1.2
 
  2023          3.1      1.5      1.0      1.0     -0.5      0.3
               -0.5      0.3     -0.2     -0.1      0.7     -0.9           0.5
 
  2024          1.6      0.5      0.1      0.9     -0.2      0.0
                0.6     -0.3      0.1      0.4     -0.1     -0.5           0.3
 
  2025          1.3      0.6     -0.1      0.5      0.2      0.1
                0.1     -0.1      0.0      0.6     -0.3     -0.2           0.2
 
  2026          2.0      0.9     -0.1      0.3      0.1      0.4
                0.1      0.1                                               0.5
 
  AVGE          1.7      0.5      0.2      0.6      0.1      0.2
                0.2      0.1      0.1      0.6      0.1     -0.4

  Table Total-        47.06   Mean-       0.34   Std. Dev.-       0.76
                              Min -      -0.88        Max -       3.12
        R35 monthly CPI index            PAGE  16, SERIES series

 E 6  Month-to-month percent change in seasonally adjusted series (D11)
  From  2015.Feb to 2026.Aug
  Observations        139
 -----------------------------------------------------------------------------
               Jan      Feb      Mar      Apr      May      Jun 
               Jul      Aug      Sep      Oct      Nov      Dec         AVGE  
 -----------------------------------------------------------------------------
  2015                  -0.0     -0.4      0.0     -0.1      0.2
               -0.1     -0.1      0.5     -0.4      0.1     -0.1          -0.0
 
  2016          0.1      0.0      0.3     -0.2      0.5     -0.1
                0.6     -0.4     -0.2     -0.2      1.0      0.2           0.1
 
  2017          0.1      0.4     -0.3      0.5     -0.2      0.3
                0.8     -0.4     -0.2      0.7      0.1      0.4           0.2
 
  2018         -0.3      0.5      0.6      0.3      0.3      0.4
                0.3      0.6      0.2      0.4      0.1      0.3           0.3
 
  2019          0.5      0.2      0.2      0.4      0.2      0.0
                0.3      0.2      0.3      0.4      0.3     -0.1           0.2
 
  2020          0.8      0.4      0.7     -0.2      0.1      0.9
                0.2      0.3      0.0      0.4      0.2      0.2           0.3
 
  2021         -0.2     -0.3     -0.1     -0.6      1.1      0.4
                0.7      0.7      0.8     -0.2      1.4      1.3           0.4
 
  2022          0.6      0.8      1.3      1.7      1.5      1.2
                1.2      1.2      1.7      1.5      0.2      1.5           1.2
 
  2023          1.7      1.4      1.0      0.5     -0.2      0.5
               -0.2      0.4     -0.0     -0.3      1.0     -0.1           0.5
 
  2024          0.1      0.3      0.2      0.5      0.1      0.1
                0.8     -0.0      0.3      0.2      0.2      0.2           0.3
 
  2025         -0.1      0.2      0.1      0.1      0.5      0.2
                0.3      0.1      0.2      0.4      0.0      0.5           0.2
 
  2026          0.6      0.5      0.1     -0.0      0.3      0.5
                0.3      0.4                                               0.3
 
  AVGE          0.4      0.4      0.3      0.3      0.4      0.4
                0.4      0.2      0.3      0.3      0.4      0.4

  Table Total-        47.23   Mean-       0.34   Std. Dev.-       0.58
                              Min -      -0.61        Max -       1.68
        R35 monthly CPI index            PAGE  17, SERIES series

 E 7  Month-to-month percent change in final trend cycle (D12)
  From  2015.Feb to 2026.Aug
  Observations        139
 -----------------------------------------------------------------------------
               Jan      Feb      Mar      Apr      May      Jun 
               Jul      Aug      Sep      Oct      Nov      Dec         AVGE  
 -----------------------------------------------------------------------------
  2015                  -0.1     -0.1     -0.1     -0.0      0.0
                0.0      0.0      0.0      0.0     -0.0     -0.0          -0.0
 
  2016          0.0      0.1      0.1      0.1      0.2      0.1
                0.0      0.0      0.1      0.2      0.3      0.3           0.1
 
  2017          0.2      0.2      0.1      0.1      0.1      0.2
                0.2      0.2      0.2      0.2      0.2      0.2           0.2
 
  2018          0.2      0.3      0.3      0.4      0.4      0.3
                0.4      0.4      0.3      0.3      0.3      0.3           0.3
 
  2019          0.3      0.3      0.3      0.2      0.2      0.2
                0.2      0.2      0.3      0.3      0.3      0.4           0.3
 
  2020          0.4      0.4      0.4      0.3      0.3      0.3
                0.3      0.3      0.2      0.2      0.2      0.1           0.3
 
  2021         -0.1     -0.2     -0.1      0.1      0.3      0.5
                0.6      0.6      0.7      0.7      0.8      0.8           0.4
 
  2022          0.9      1.0      1.2      1.4      1.4      1.4
                1.3      1.3      1.3      1.2      1.2      1.3           1.3
 
  2023          1.3      1.2      0.9      0.5      0.2      0.1
                0.1      0.2      0.2      0.2      0.2      0.1           0.5
 
  2024          0.2      0.2      0.3      0.3      0.3      0.3
                0.3      0.3      0.3      0.2      0.2      0.1           0.2
 
  2025          0.1      0.1      0.2      0.2      0.3      0.3
                0.3      0.2      0.2      0.2      0.3      0.4           0.2
 
  2026          0.4      0.4      0.2      0.2      0.2      0.3
                0.4      0.4                                               0.3
 
  AVGE          0.4      0.3      0.3      0.3      0.3      0.3
                0.3      0.3      0.3      0.4      0.4      0.4

  Table Total-        47.16   Mean-       0.34   Std. Dev.-       0.49
                              Min -      -0.17        Max -       1.44
        R35 monthly CPI index            PAGE  18, SERIES series

 E 8  Month-to-month percent change in original series adjusted for calendar factors (A18)
  From  2015.Feb to 2026.Aug
  Observations        139
 -----------------------------------------------------------------------------
               Jan      Feb      Mar      Apr      May      Jun 
               Jul      Aug      Sep      Oct      Nov      Dec         AVGE  
 -----------------------------------------------------------------------------
  2015                   0.3     -0.7      0.4     -0.3      0.1
               -0.3     -0.4      0.3      0.2     -0.2     -0.8          -0.1
 
  2016          1.2      0.3      0.0      0.2      0.3     -0.2
                0.4     -0.7     -0.4      0.4      0.7     -0.5           0.1
 
  2017          1.3      0.6     -0.5      0.9     -0.4      0.1
                0.6     -0.6     -0.5      1.3     -0.2     -0.4           0.2
 
  2018          0.9      0.6      0.5      0.6      0.2      0.2
                0.1      0.5     -0.1      0.9     -0.3     -0.5           0.3
 
  2019          1.8      0.1      0.2      0.6      0.1     -0.2
                0.1      0.1      0.0      0.8     -0.1     -0.8           0.2
 
  2020          2.2      0.3      0.7      0.2     -0.1      0.7
                0.0      0.3     -0.2      0.7     -0.2     -0.6           0.3
 
  2021          1.2     -0.4      0.0     -0.3      0.9      0.3
                0.4      0.6      0.6      0.1      1.0      0.5           0.4
 
  2022          2.0      0.7      1.3      2.1      1.3      1.0
                1.0      1.1      1.5      1.7     -0.1      0.7           1.2
 
  2023          3.1      1.5      1.0      1.0     -0.5      0.3
               -0.5      0.3     -0.2     -0.1      0.7     -0.9           0.5
 
  2024          1.6      0.5      0.1      0.9     -0.2      0.0
                0.6     -0.3      0.1      0.4     -0.1     -0.5           0.3
 
  2025          1.3      0.6     -0.1      0.5      0.2      0.1
                0.1     -0.1      0.0      0.6     -0.3     -0.2           0.2
 
  2026          2.0      0.9     -0.1      0.3      0.1      0.4
                0.1      0.1                                               0.5
 
  AVGE          1.7      0.5      0.2      0.6      0.1      0.2
                0.2      0.1      0.1      0.6      0.1     -0.4

  Table Total-        47.06   Mean-       0.34   Std. Dev.-       0.76
                              Min -      -0.88        Max -       3.12
        R35 monthly CPI index            PAGE  19, SERIES series

 E 18  Final adjustment ratios
  From  2015.Jan to 2026.Aug
  Observations        140
 -----------------------------------------------------------------------------
               Jan      Feb      Mar      Apr      May      Jun 
               Jul      Aug      Sep      Oct      Nov      Dec         AVGE  
 -----------------------------------------------------------------------------
  2015        100.2    100.5    100.1    100.5    100.3    100.2
              100.0     99.7     99.5    100.1     99.8     99.1         100.0
 
  2016        100.2    100.4    100.1    100.5    100.3    100.2
              100.0     99.8     99.5    100.1     99.8     99.1         100.0
 
  2017        100.2    100.4    100.2    100.5    100.3    100.2
              100.0     99.8     99.5    100.1     99.8     99.0         100.0
 
  2018        100.2    100.3    100.2    100.5    100.3    100.2
              100.0     99.9     99.6    100.1     99.7     99.0         100.0
 
  2019        100.3    100.2    100.2    100.5    100.4    100.2
              100.0     99.9     99.6    100.1     99.7     99.0         100.0
 
  2020        100.3    100.2    100.2    100.5    100.4    100.2
              100.0     99.9     99.7    100.1     99.7     98.9         100.0
 
  2021        100.3    100.2    100.2    100.6    100.4    100.2
              100.0     99.9     99.7    100.0     99.6     98.8         100.0
 
  2022        100.2    100.2    100.3    100.7    100.4    100.2
              100.0     99.9     99.7     99.9     99.6     98.8         100.0
 
  2023        100.2    100.3    100.3    100.7    100.4    100.2
              100.0     99.8     99.7     99.9     99.5     98.8         100.0
 
  2024        100.2    100.4    100.3    100.7    100.4    100.3
              100.0     99.8     99.6     99.9     99.5     98.7         100.0
 
  2025        100.2    100.5    100.4    100.7    100.4    100.3
              100.1     99.8     99.6     99.9     99.5     98.8         100.0
 
  2026        100.2    100.6    100.4    100.6    100.4    100.3
              100.1     99.8                                             100.3
 
  AVGE        100.2    100.3    100.2    100.6    100.4    100.2
              100.0     99.8     99.6    100.0     99.7     98.9

  Table Total-     14001.88   Mean-     100.01   Std. Dev.-       0.44
                              Min -      98.75        Max -     100.73

 E 18.A  Final adjustment ratio forecasts
  From  2026.Sep to 2027.Aug
  Observations         12
 -----------------------------------------------------------------------------
               Jan      Feb      Mar      Apr      May      Jun 
               Jul      Aug      Sep      Oct      Nov      Dec         AVGE  
 -----------------------------------------------------------------------------
  2026                                                          
                                 99.6     99.9     99.5     98.8          99.4
 
  2027        100.2    100.6    100.4    100.6    100.4    100.2
              100.1     99.8                                             100.3
 

  QS statistic for seasonality:
  log(Original Series)                               91.46  (P-Value =     0.0000)
  log(Original Series (EV adj))                      91.46  (P-Value =     0.0000)
  Residuals                                           0.00  (P-Value =     1.0000)
  log(Seasonally Adjusted Series)                     0.00  (P-Value =     1.0000)
  log(SA Series (EV adj))                             0.00  (P-Value =     1.0000)
  Irregular Series                                    0.00  (P-Value =     1.0000)
  Irregular Series (EV adj)                           0.00  (P-Value =     1.0000)

  QS statistic for seasonality (starting 2018.Sep):
  log(Original Series)                               57.93  (P-Value =     0.0000)
  log(Original Series (EV adj))                      57.93  (P-Value =     0.0000)
  Residuals                                           0.00  (P-Value =     1.0000)
  log(Seasonally Adjusted Series)                     0.00  (P-Value =     1.0000)
  log(SA Series (EV adj))                             0.00  (P-Value =     1.0000)
  Irregular Series                                    0.00  (P-Value =     1.0000)
  Irregular Series (EV adj)                           0.00  (P-Value =     1.0000)
        R35 monthly CPI index            PAGE  20, SERIES series
 G 0  10*LOG(SPECTRUM) of the differenced, transformed Original Series
      (Table A1 or B1).  Spectrum estimated from 2018.Sep to 2026.Aug.
 ++++++++++I+++++++++++++++++++++++++++++++++++++++++++++++++++++++++++++I
     -33.61I                                        S                    I    -33.61
           I                                        S                    I
           I  *                                     S                    I
           I  *                                     S                    I
     -35.17I  *                                     S         S          I    -35.17
           I  *                                     S         S          I
           I  *                                     S         S          I
           I  *                                     S         S          I
     -36.74I  *                                     S         S          I    -36.74
           I  *                                     S         S          I
           I  *                           S         S         S          I
           I  **                          S         S         S          I
     -38.30I  **      S                   S         S         S          I    -38.30
           I  **      S                   S         S         S          I
           I  **      S                   S         S         S          I
           I  **      S                   S         S         S          I
     -39.87I  **      S                   S         S         S          I    -39.87
           I ***      S                   S         S         S          I
           I ****     S                   S         S*        S          I
           I ****     S                   S        *S*        S          I
     -41.43I ****     S                   S        *S*        S          I    -41.43
           I ****     S                   S        *S*       *S          I
           I ****     S         S         S        *S*       *S          I
           I******    S         S         S        *S*       *S          I
     -43.00I******    S         S         S*       *S*       *S          I    -43.00
           I******    S         S        *S*       *S*       *S         SI
           I******    S         S        *S*       *S*       *S         SI
           I******    S*        S        *S*       *S*       *S*        SI
     -44.56I******    S*        S*     * *S*       *S*       *S*        SI    -44.56
           I******    S*        S*     ***S*       *S*T  *   *S*        SI
           I******   *S*        S**    ***S*       *S*T  **  *S*        SI
           I******   *S* *     *S**   ****S*       *S*T  ** **S*        SI
     -46.13I******   *S* *     *S**   ****S*      **S*T ******S*       *SI    -46.13
           I*******  *S***     *S***  ****S*   *  **S*T*******S*       *SI
           I*******  *S***     *S***  ****S*   ** **S*T*******S*       *SI
           I*******  *S***     *S*** *****S*   ** **S*T*******S*       *SI
     -47.69I*******  *S****    *S*********S*   *****S*T*******S*       *SI    -47.69
           I*******  *S****    *S*********S** ******S*T*******S*   **  *SI
           I*******  *S****    *S*********S** ******S*T*******S*   **  *SI
           I*******  *S****    *S*********S** ******S*T*******S*T  ** **SI
     -49.26I**********S****    *S*********S*********S*T*******S*T  *****SI    -49.26
           I**********S****    *S*********S*********S*T*******S*T ******SI
           I**********S****    *S*********S*********S*T*******S*T ******SI
           I**********S****    *S*********S*********S*T*******S*T*******SI
     -50.82I**********S****    *S*********S*********S*T*******S*T*******SI    -50.82
           I**********S****   **S*********S*********S*T*******S*T*******SI
           I**********S****   **S*********S*********S*T*******S*T*******SI
           I**********S*****  **S*********S*********S*T*******S*T*******SI
     -52.39I**********S*****  **S*********S*********S*T*******S*T*******SI    -52.39
           I**********S*****  **S*********S*********S*T*******S*T*******SI
           I**********S*****  **S*********S*********S*T*******S*T*******SI
           I**********S*****  **S*********S*********S*T*******S*T*******SI
     -53.95I**********S*********S*********S*********S*T*******S*T*******SI    -53.95
 ++++++++++I+++++++++++++++++++++++++++++++++++++++++++++++++++++++++++++I
            S=SEASONAL FREQUENCIES, T=TRADING DAY FREQUENCIES
        R35 monthly CPI index            PAGE  21, SERIES series
 G 1  10*LOG(SPECTRUM) of the differenced, transformed seasonally adjusted 
      data (Table D11).  Spectrum estimated from 2018.Sep to 2026.Aug.
 ++++++++++I+++++++++++++++++++++++++++++++++++++++++++++++++++++++++++++I
     -35.48I  *                                                          I    -35.48
           I  *                                                          I
           I  *                                                          I
           I  **                                                         I
     -37.03I  **                                                         I    -37.03
           I  **                                                         I
           I  **                                                         I
           I  **                                                         I
     -38.59I  **                                                         I    -38.59
           I  **                                                         I
           I  **                                                         I
           I ***                                                         I
     -40.14I ***                                                         I    -40.14
           I ***                                                         I
           I ****                                                        I
           I*****                                                        I
     -41.70I*****                                                        I    -41.70
           I*****                                                        I
           I*****                                                        I
           I*****                  *   *                                 I
     -43.25I*****                  *   *                                 I    -43.25
           I******       *         *   *                                 I
           I******       *         *   *                                 I
           I******       *         *   *                   *             I
     -44.81I******       *         *   *                   *             I    -44.81
           I******       *         *   *                   *             I
           I*******      *         *   *                *  *             I
           I*******      *         *   *                * **             I
     -46.37I*******      *         *   *                * **             I    -46.37
           I*******      *         *   *                * **        *    I
           I*******      *         *   *                ****        *    I
           I*******      *         *  **                ****        *    I
     -47.92I********     *         *  **                ****        *    I    -47.92
           I********     *         *  **        *       ****        *    I
           I********     *    *    *  **        **      ****        **   I
           I********     *    *    *  **     * ****     ****     *  **   I
     -49.48I********     *    *    ** **     ******     ****     * ***   I    -49.48
           I********     *    *    ** **    *******     ****    T* ***   I
           I********     *    *    ** **    *******    ******   T* ***   I
           I********    **    *    ** **    *******    ******   T*****   I
     -51.03I*********   **    *   *** **    ********   ******   T*****   I    -51.03
           I*********   ***   *   ******    ********   ******   T******  I
           I*********   ***   *   *******   ********   ******   T******  I
           I*********   ***   *   *******   ********   ******   T******  I
     -52.59I*********   ***  **   *******   ********   ******   T******* I    -52.59
           I*********   ***  ***  *******  *********S  ******  *T*******SI
           I*********   ***  ***  *******  *********S T******  *T*******SI
           I**********  ***  ***  *******  *********S T******* *T*******SI
     -54.14I**********  ***  ***  *******  *********S*T*******S*T*******SI    -54.14
           I********** ****  ***  *******  *********S*T*******S*T*******SI
           I**********S****  ***  *******  *********S*T*******S*T*******SI
           I**********S***** *** *********S*********S*T*******S*T*******SI
     -55.70I**********S*********S*********S*********S*T*******S*T*******SI    -55.70
 ++++++++++I+++++++++++++++++++++++++++++++++++++++++++++++++++++++++++++I
            S=SEASONAL FREQUENCIES, T=TRADING DAY FREQUENCIES
        R35 monthly CPI index            PAGE  22, SERIES series
 G 2  10*LOG(SPECTRUM) of the Irregular (Table D13).  
      Spectrum estimated from 2018.Sep to 2026.Aug.
 ++++++++++I+++++++++++++++++++++++++++++++++++++++++++++++++++++++++++++I
     -45.45I                           *                                 I    -45.45
           I                           *                                 I
           I                           *                                 I
           I                           *                                 I
     -46.63I                           *                                 I    -46.63
           I                           *                                 I
           I                           *                                 I
           I                           *                                 I
     -47.82I                           *                                 I    -47.82
           I                           *                                 I
           I                       *   *                                 I
           I                       *   *                                 I
     -49.00I                       *   *                                 I    -49.00
           I                       *   *                                 I
           I                       **  *                   *             I
           I                       **  *                   *             I
     -50.18I                       **  *                *  *             I    -50.18
           I                       **  *                *  *             I
           I                       ** **                *  *             I
           I                       ** **                *  *             I
     -51.36I                       ** **                *  *             I    -51.36
           I                       ** **        *       *  *             I
           I                       ** **        *       *  *        *    I
           I                       ** **     *  *       *  *        *    I
     -52.54I                      ******    **  *       ****        *    I    -52.54
           I                      ******    **  *       ****        *    I
           I                      ******    **  **      ****        *    I
           I                      ******    **  **      ****        *    I
     -53.72I                      ******    ** ***      ****        *    I    -53.72
           I                      ******    ** ***      ****        *    I
           I                     *******    ** ***      ****        *    I
           I                     ********   *******     ****        *    I
     -54.90I                 *  S********   ********    ****     *  *    I    -54.90
           I                 *  S********   ********    ****    T*  **   I
           I                 ***S********   ********    ****    T*  **   I
           I            *    ***S********   ********    *****   T* ***   I
     -56.08I            *   ****S********   ********   ******   T* ***   I    -56.08
           I            *   ****S********   ********   ******   T* ***   I
           I            *   ****S********   ********   ******   T* ***   I
           I            *   ****S********   ********S  ******   T* ***   I
     -57.26I            *   ****S********   ********S  ******   T*****   I    -57.26
           I       *   ***  ****S********  *********S  ******   T*****   I
           I       *   ***  ****S********  *********S  ******   T*****   I
           I       **  ***  ****S********  *********S  ******   T****** SI
     -58.44I   ** ***  *** *****S********  *********S* ******   T*******SI    -58.44
           I  *******  *** *****S********  *********S*T******   T*******SI
           I*********  *********S********* *********S*T******   T*******SI
           I********* S*********S********* *********S*T******  *T*******SI
     -59.62I**********S*********S********* *********S*T******  *T*******SI    -59.62
           I**********S*********S*********S*********S*T******* *T*******SI
           I**********S*********S*********S*********S*T******* *T*******SI
           I**********S*********S*********S*********S*T******* *T*******SI
     -60.80I**********S*********S*********S*********S*T*******S*T*******SI    -60.80
 ++++++++++I+++++++++++++++++++++++++++++++++++++++++++++++++++++++++++++I
            S=SEASONAL FREQUENCIES, T=TRADING DAY FREQUENCIES
        R35 monthly CPI index            PAGE  23, SERIES series

  Peak probabilities for Tukey spectrum estimator
  Spectrum estimated from 2018.Sep to 2026.Aug.

                                          S1       S2       S3       S4       S5       S6       TD
                                        ------   ------   ------   ------   ------   ------   ------
  Model Residuals                        0.851    0.125    0.221    0.306    0.238    0.252    0.079  
  Original Series (Table A1 or B1)       0.883    0.974*   0.979*   0.975*   0.987*   0.878    0.152  
  Seasonally adjusted series (D11)       0.022    0.366    0.063    0.092    0.088    0.387    0.224  
  Irregular (D13)                        0.297    0.784    0.056    0.091    0.093    0.424    0.217  
  ----------
     ** - Peak Probability > 0.99,
      * - 0.90 < Peak Probability < 0.99



  NP statistic for residual seasonality:

  NP statistic for residual seasonality (Full series)
                                                  Residual Seasonality?
  log(Seasonally Adjusted Series)                          no
  log(Seasonally Adjusted Series (EV adj))                 no

  NP statistic for residual seasonality (Series start in 2018.Sep)
                                                  Residual Seasonality?
  log(Seasonally Adjusted Series)                          no
  log(Seasonally Adjusted Series (EV adj))                 no
