{
  "schema_version": "live_bundle_r32/v1",
  "command": "run",
  "target": "2026-09",
  "as_of": "2026-09-22T17:50:01.527361+00:00",
  "decision_time_prague": "2026-09-22T19:50:01.527361+02:00",
  "status": "calculated",
  "ready_for_calculation": true,
  "forecast_available": true,
  "ready_for_first_release": true,
  "main_model": "HARD_BASE",
  "variant": "R31C_C123",
  "readiness": {
    "data_ready": true,
    "reasons": [],
    "missing_inputs": [
      {
        "frame": "food_features",
        "column": "agri_l0",
        "status": "NOT_DUE"
      }
    ],
    "component_history_edges": {
      "headline": {
        "latest_released_value": "2026-08",
        "gap_months": 0
      },
      "core": {
        "latest_released_value": "2026-08",
        "gap_months": 0
      },
      "regulated": {
        "latest_released_value": "2026-08",
        "gap_months": 0
      },
      "alcohol": {
        "latest_released_value": "2026-08",
        "gap_months": 0
      },
      "food": {
        "latest_released_value": "2026-08",
        "gap_months": 0
      },
      "official_fuel": {
        "latest_released_value": "2026-08",
        "gap_months": 0
      }
    },
    "before_first_release": true,
    "first_release": "2026-10-06T09:00:00",
    "weekly_fuel": {
      "last_due": "2026-09-14T00:00:00",
      "last_available": "2026-09-14T00:00:00"
    }
  },
  "runtime": {
    "ready": true,
    "reasons": [],
    "python": "3.12.14",
    "packages": {
      "numpy": {
        "found": true,
        "version": "2.5.2"
      },
      "pandas": {
        "found": true,
        "version": "3.0.1"
      },
      "scipy": {
        "found": true,
        "version": "1.18.1"
      },
      "scikit-learn": {
        "found": true,
        "version": "1.9.0"
      },
      "statsmodels": {
        "found": true,
        "version": "0.15.0"
      },
      "quantile-forest": {
        "found": true,
        "version": "1.4.2"
      },
      "duckdb": {
        "found": true,
        "version": "1.5.5"
      },
      "requests": {
        "found": true,
        "version": "2.34.2"
      }
    },
    "x13_path": "C:\\Users\\luis_\\x13as\\x13as\\x13as.exe",
    "x13_sha256": "2e43194361ee096797f0431765193c316196ea6776f11535e76281a413d49669",
    "check": "module discovery only; binary import/execution is verified by run"
  },
  "calendar": {
    "frozen_sha256": "4e3dc40df53cbfdebf62f3c5f47494881ebbf46e044921c44b2e365fa79f1bc4",
    "frozen_last_target": "2026-08",
    "live_sha256": "149298cf4bb71743dcca4016a1550f4b92297b8dc35bd51665e204903f6f5ce7",
    "not_yet_available": []
  },
  "fx": {
    "status": "applied",
    "ticker": "EURCZK CNB Curncy",
    "n_fixings": 15,
    "last_fixing": "2026-09-21",
    "rule": "exclude Prague call day; prior monthly mean rounded to 3 dp",
    "value_mm_pct": 0.3088079187173465
  },
  "provenance": {
    "variant": "R31C_C123",
    "bundle_manifest_sha256": "500e1eb44d05c4029b8b90411f259985b9f13d6eceed30274135461811b04416",
    "bundle_files": {
      "manual_inputs.csv": "a9ffa47b397e81bc70b872bd9171da10e1dc0ea6997d4ad09bd2868c6f3c9efe",
      "market/history_long.csv": "7b9051bf8c933472a099db19f07a39a6cbf1536fa5b5de7fe941f8c672cead67",
      "nowcast/alcohol_tobacco.csv": "6829ab91d0fdd50e62c9f36cd343447c6c3bc72a2966f0746958b0b21102b796",
      "nowcast/cnb_core_mm.csv": "6079b741ed18675030264f6326dbc45d428d587d2cba82e9cd1e6395452230df",
      "nowcast/cnb_regulated_mm.csv": "8e6c153d109f56e93321749722407d6eb5bc2e5f65c78034739d14d271422fc7",
      "nowcast/component_food_fuel_mm.csv": "d27a2e6f0b449f1808268d5931011599b09a29bd3512fa0b0d842e66cf85de22",
      "nowcast/core_features.csv": "607cfc632319134e32857e42410e346d7f4961467d8b5a7fe243ba9e955f32ce",
      "nowcast/food_block_features.csv": "3856e398469ea32292dd81f25f210199255d3c872b75c25eff2e770f223890c0",
      "nowcast/fuel_weekly_variant_b.csv": "d6f2b28bea4d2dcb2e308b407ede137fdbb2125f83eb872b841f2b249529cb4f",
      "nowcast/target_headline_cpi_mm.csv": "12423f67a548f47f48378f5232ee593041dce170564e474493e418c38c9e9c38",
      "provenance.json": "1fb62084f400ea565e8839e06fae9b0e3cfd8933859eba252c26be9be38faaa5"
    },
    "snapshot_hashes": {
      "market/history_long.csv": "7b9051bf8c933472a099db19f07a39a6cbf1536fa5b5de7fe941f8c672cead67"
    },
    "fuel_ticker": "CP7FCZ Index",
    "weekly_source": "EC bulletin from Bloomberg, CZK/l",
    "dropped_feature": "services_l1",
    "vintage": "latest-vintage with publication rules; not prospective evidence"
  },
  "reasons": [],
  "limitations": [
    "Latest-vintage Bloomberg data with publication rules; historical clocks are reconstructed replay, not a prospective archive.",
    "Readiness never extrapolates missing monthly observations or invents release dates.",
    "Farm prices, documented energy announcements, basket weights and X13 remain external/static requirements.",
    "This entry point calculates h0 only; it does not refresh sources or extend the monthly path."
  ],
  "forecast": {
    "version": "independent-r9-2026-09-09",
    "target": "2026-09",
    "as_of": "2026-09-22T17:50:01.527361+00:00",
    "main_model": "HARD_BASE",
    "points_mm_pct": {
      "HARD_BASE": -0.2042311894134946,
      "HARD_HALF": -0.27587860122826335,
      "HARD_FULL": -0.3475260130430321
    },
    "main_contributions_pp": {
      "core": -0.269708943254467,
      "food": -0.165870957436365,
      "alcohol_tobacco": 0.03691518122727272,
      "administered": 0.02130447112610535,
      "fuel": 0.1941254267177166,
      "wedge": -0.020996367793757277
    },
    "weights": {
      "food": 0.168584131,
      "fuel": 0.030630713,
      "alc": 0.082870815,
      "administered": 0.142029807507369,
      "core": 0.575884533492631
    },
    "diagnostics": {
      "hard": {
        "core_prediction": -0.4683385775595207,
        "core_correction": -0.24882561571932033,
        "core_contribution": -0.269708943254467,
        "error_history_sha256": "a157c5e0ed59426d463eafcea2aa58e52decf45f66a84b19816a0d86fc184114",
        "residual_forest": {
          "policy": "hard",
          "n_errors": 137,
          "error_end": "2026-08",
          "status": "ok",
          "fallback_used": false,
          "quantile_weights": {
            "0.1": 0.111,
            "0.25": 0.35,
            "0.5": 0.34,
            "0.75": 0.158,
            "0.9": 0.041
          }
        }
      },
      "sentiment": {
        "core_prediction": -0.4709803990667968,
        "core_correction": -0.24837653660932804,
        "core_contribution": -0.2712303274007555,
        "error_history_sha256": "48c7467c9d8fb4ab77191fbe58c14c32baa187fa1009f26c35d0fd296e33e989",
        "residual_forest": {
          "policy": "sentiment",
          "n_errors": 137,
          "error_end": "2026-08",
          "status": "ok",
          "fallback_used": false,
          "quantile_weights": {
            "0.1": 0.15,
            "0.25": 0.35,
            "0.5": 0.35,
            "0.75": 0.15,
            "0.9": 0.0
          }
        }
      }
    },
    "food_diagnostics": {
      "method": "x13",
      "history_end": "2026-08",
      "n_obs": 139,
      "x13_error": ""
    },
    "fuel_diagnostics": {
      "weeks_observed": 2,
      "fraction_observed": 0.5,
      "petrol_share": 0.586409,
      "tail_projection": 46.04,
      "cur_mean": 45.84,
      "prev_mean": 43.11,
      "last_observation": "2026-09-14 00:00:00",
      "last_due_observation": "2026-09-14 00:00:00",
      "stale": false
    },
    "component_history_edges": {
      "core": {
        "latest_released_value": "2026-08",
        "gap_months": 0
      },
      "regulated": {
        "latest_released_value": "2026-08",
        "gap_months": 0
      },
      "food": {
        "latest_released_value": "2026-08",
        "gap_months": 0
      },
      "official_fuel": {
        "latest_released_value": "2026-08",
        "gap_months": 0
      },
      "alcohol_tobacco": {
        "latest_released_value": "2026-08",
        "gap_months": 0
      }
    },
    "missing_inputs": [
      {
        "block": "food",
        "variable": "agri_l0",
        "status": "NOT_DUE"
      }
    ],
    "ready_for_first_release": true,
    "before_first_release": true,
    "detailed_CPI_edge_gap": 0,
    "limitations": [
      "latest-vintage inputs with publication rules; prospective archives start with this run",
      "historical energy mapping remains reconstructed",
      "no calibrated forecast interval or validated trading position rule"
    ]
  }
}
