1
    Log for X-13ARIMA-SEATS program (Version 1.1 Build 62)  Sep 22, 2026  22.39.41 
    *-*-*-*-*-*-*-*-*-*-*-*-*-*-*-*-*-*-*-*-*-*-*-*-*-*-*-*-*-*-*-*-*-*-*-*-*



 Type of  Series      Additional                   Series title
 Adjust.  Ident.      Identifiers


  M-MLT    series -------- -------- R35 monthly CPI index                             
  Moving seasonality ratio     :       2.875
  I/C Ratio                    :       0.329
  Stable Seasonal F, B1 table  :      41.203
  Stable Seasonal F, D8 table  :      85.527
  Moving Seasonal F, D8 table  :       2.870
  Identifiable seasonality     : yes
    M01 :      0.050
    M02 :      0.011
    M03 :      0.000
    M04 :      0.235
    M05 :      0.000
    M06 :      0.450
    M07 :      0.302
    M08 :      0.555
    M09 :      0.445
    M10 :      0.839
    M11 :      0.791
    Q   :      0.260
    Q2  :      0.290

  QS statistic for seasonality:
  log(Original Series)                               66.38  (P-Value =     0.0000)
  log(Original Series (EV adj))                      79.74  (P-Value =     0.0000)
  Residuals                                           0.78  (P-Value =     0.6760)
  log(Seasonally Adjusted Series)                     0.00  (P-Value =     1.0000)
  log(SA Series (EV adj))                             0.00  (P-Value =     1.0000)
  Irregular Series                                    0.56  (P-Value =     0.7574)
  Irregular Series (EV adj)                           0.00  (P-Value =     1.0000)

  QS statistic for seasonality (starting 2018.Sep):
  Original Series                                    50.62  (P-Value =     0.0000)
  Original Series (EV adj)                           62.36  (P-Value =     0.0000)
  Residuals                                           1.56  (P-Value =     0.4578)
  Seasonally Adjusted Series                          0.00  (P-Value =     1.0000)
  Seasonally Adjusted Series (EV adj)                 0.00  (P-Value =     1.0000)
  Irregular Series                                    1.10  (P-Value =     0.5764)
  Irregular Series (EV adj)                           0.00  (P-Value =     1.0000)

 

  Peak probabilities for Tukey spectrum estimator
  Spectrum estimated from 2018.Sep to 2026.Aug.

                                          S1       S2       S3       S4       S5       S6       TD
                                        ------   ------   ------   ------   ------   ------   ------
  Model Residuals                                            *                                     
  Prior Adjusted Series (Table B1)         *        *        **       *        *                   
  Seasonally adjusted series (D11)                                                                 
  Irregular (D13)                                                                                  
  ----------
     ** - Peak Probability > 0.99,
      * - 0.90 < Peak Probability < 0.99



  NP statistic for residual seasonality:

  NP statistic for residual seasonality (Full series)
                                                  Residual Seasonality?
  log(Seasonally Adjusted Series)                          no
  log(Seasonally Adjusted Series (EV adj))                 no

  NP statistic for residual seasonality (Series start in 2018.Sep)
                                                  Residual Seasonality?
  log(Seasonally Adjusted Series)                          no
  log(Seasonally Adjusted Series (EV adj))                 no

 Spectral Peak Summary:
  Seasonal Spectral Peaks : none
        TD Spectral Peaks : rsd sa irr
  
  
 For Peak Probability > 0.99
  Seasonal Tukey Spectral Peaks : ori
        TD Tukey Spectral Peaks : none
  
 For Peak Probability > 0.90
  Seasonal Tukey Spectral Peaks : rsd ori
        TD Tukey Spectral Peaks : none
