  Reading input spec file from series.spc

1

               U. S. Department of Commerce, U. S. Census Bureau

              X-13ARIMA-SEATS monthly seasonal adjustment Method,
                          Release Version 1.1 Build 62


           This software application provides an enhanced version of
             Statistics Canada's X-11-ARIMA extension (Dagum, 1980)
                 of the X-11 variant of the Census Method II of
                      Shiskin, Young and Musgrave (1967).

            It also provides an ARIMA model-based method following
       Hillmer and Tiao (1982) and Burman (1980) that is very similar
       to the update of the method of SEATS (Gomez and Maravall, 1996)
                produced at the Bank of Spain by G. Caporello and
               A. Maravall for TSW (Caporello and Maravall, 2004).
          The present application includes additional enhancements.

         X-13ARIMA-SEATS includes an automatic ARIMA model selection procedure
          based largely on the procedure of Gomez and Maravall (1998)
            as implemented in TRAMO (1996) and subsequent revisions.

              Primary Programmers: Brian Monsell, Mark Otto and,
                 for the ARIMA model-based signal extraction,
                      Gianluca Caporello and Victor Gomez


     Series Title- R35 monthly CPI index
     Series Name- series
     Sep 22, 2026  22.39.41 

        -Period covered-  1st month,2015 to  8th month,2026
        -Type of run - multiplicative seasonal adjustment

        -Sigma limits for graduating extreme values are  1.5 and  2.5 .
        -3x3 moving average used in section 1 of each iteration, 
         3x5 moving average in section 2 of iterations B and C,
         moving average for final seasonal factors chosen by Global MSR.
        -Spectral plots generated for selected series
        -Spectral plots generated for series starting in 2018.Sep

 FILE SAVE REQUESTS (* indicates file exists and will be overwritten)
  series.d10  final seasonal factors
  series.d11  final seasonally adjusted data
  series.d12  final trend cycle
  series.d13  final irregular component
  series.out  program output file
  series.err  program error file
  series.udg  seasonal adjustment and model diagnostics file
        R35 monthly CPI index            PAGE   1, SERIES series

     Contents of spc file series.spc

 Line #
 ------
      1: series { title="R35 monthly CPI index" start=2015.1 period=12 data=(
      2: 98.599999999999994 98.599999999999994 98.799999999999997 99.700000000000003 100.40000000000001 100.59999999999999
      3: 100.7 100.7 100.90000000000001 100.59999999999999 100.3 100.09999999999999
      4: 100.8 100.59999999999999 101.8 102.40000000000001 103 103.3
      5: 103.40000000000001 103.5 103.5 103.59999999999999 102.8 102.90000000000001
      6: 103.90000000000001 104.40000000000001 105.09999999999999 105.8 106.40000000000001 106.90000000000001
      7: 107.3 107.5 107.90000000000001 107.5 107.5 107.3
      8: 108.09999999999999 108.40000000000001 109.09999999999999 109.8 110.59999999999999 110.90000000000001
      9: 111.2 111.59999999999999 111.40000000000001 111.40000000000001 111.2 111
     10: 112 112.2 113.2 113.90000000000001 114.40000000000001 114.7
     11: 114.7 114.8 114.8 114.7 114 113.3
     12: 113.8 114.2 114.7 115.3 116.59999999999999 117.3
     13: 117.7 117.7 118.40000000000001 117.90000000000001 117.8 116.90000000000001
     14: 118.3 118.5 119 119.40000000000001 120.7 121.2
     15: 121.40000000000001 121.40000000000001 121.90000000000001 121.8 122.3 122.2
     16: 125.2 126.7 128.19999999999999 128.90000000000001 130.80000000000001 132
     17: 132.59999999999999 132.90000000000001 132.30000000000001 132.69999999999999 134.5 134.30000000000001
     18: 137.30000000000001 138.69999999999999 140.19999999999999 141.59999999999999 143.40000000000001 143.90000000000001
     19: 144.5 144.80000000000001 144 144.90000000000001 142.80000000000001 143.09999999999999
     20: 144.69999999999999 145.09999999999999 146.80000000000001 147.59999999999999 149.19999999999999 149.40000000000001
     21: 150.09999999999999 150.80000000000001 149.5 149.5 149 148.69999999999999
     22: 150.59999999999999 151.69999999999999 152 152.19999999999999 154.69999999999999 154.90000000000001
     23: 154.90000000000001 154.90000000000001 154.19999999999999 154.30000000000001 153.30000000000001 153.59999999999999
     24: 157.19999999999999 157.69999999999999 158.09999999999999 158.40000000000001 159 160.19999999999999
     25: 160.69999999999999 161.19999999999999
     26: ) }
     27: transform { function=log }
     28: automdl { }
     29: outlier { types=(ao ls tc) }
     30: x11 { mode=mult save=(d10 d11 d12 d13) appendfcst=no appendbcst=no savelog=all }
     31: spectrum { logqs=yes robustsa=no print=all savelog=all }
     32: check { }
        R35 monthly CPI index            PAGE   2, SERIES series

 A 1  Time series data (for the span analyzed)
  From  2015.Jan to 2026.Aug
  Observations        140
 -----------------------------------------------------------------------------
               Jan      Feb      Mar      Apr      May      Jun 
               Jul      Aug      Sep      Oct      Nov      Dec        TOTAL  
 -----------------------------------------------------------------------------
  2015          99.      99.      99.     100.     100.     101.
               101.     101.     101.     101.     100.     100.         1200.
 
  2016         101.     101.     102.     102.     103.     103.
               103.     104.     104.     104.     103.     103.         1232.
 
  2017         104.     104.     105.     106.     106.     107.
               107.     108.     108.     108.     108.     107.         1277.
 
  2018         108.     108.     109.     110.     111.     111.
               111.     112.     111.     111.     111.     111.         1325.
 
  2019         112.     112.     113.     114.     114.     115.
               115.     115.     115.     115.     114.     113.         1367.
 
  2020         114.     114.     115.     115.     117.     117.
               118.     118.     118.     118.     118.     117.         1398.
 
  2021         118.     119.     119.     119.     121.     121.
               121.     121.     122.     122.     122.     122.         1448.
 
  2022         125.     127.     128.     129.     131.     132.
               133.     133.     132.     133.     135.     134.         1571.
 
  2023         137.     139.     140.     142.     143.     144.
               145.     145.     144.     145.     143.     143.         1709.
 
  2024         145.     145.     147.     148.     149.     149.
               150.     151.     150.     150.     149.     149.         1780.
 
  2025         151.     152.     152.     152.     155.     155.
               155.     155.     154.     154.     153.     154.         1841.
 
  2026         157.     158.     158.     158.     159.     160.
               161.     161.                                             1273.
 
  AVGE         123.     123.     124.     125.     126.     126.
               127.     127.     124.     124.     123.     123.

  Table Total-     17421.40   Mean-     124.44   Std. Dev.-      19.40
                              Min -      98.60        Max -     161.20
        R35 monthly CPI index            PAGE   3, SERIES series
                        Automatic ARIMA Model Selection

                    Procedure based closely on TRAMO method 
                         of Gomez and Maravall (2000)
              "Automatic Modeling Methods for Univariate Series",
                            A Course in Time Series
                  (Edited by D. Pena, G. C. Tiao, R. S. Tsay),
                         New York : J. Wiley and Sons


     Maximum order for regular ARMA parameters :   2
     Maximum order for seasonal ARMA parameters :   1
     Maximum order for regular differencing :   2
     Maximum order for seasonal differencing :   1

   Results of Unit Root Test for identifying orders of differencing:
     Regular difference order :   1
     Seasonal difference order :   1

     Mean is not significant.

  Automatic model choice : (0 1 0)(0 1 1)


  Final Checks for Identified Model


  Checking for Unit Roots.
   No unit roots found.
   Nonseasonal MA not within  0.001 of 1.0 - model passes test.

  Checking for insignificant ARMA coefficients.

  Final automatic model choice : (0 1 0)(0 1 1)
   End of automatic model selection procedure.

 Average absolute percentage error in within-sample forecasts:
  Last year:   0.37      Last-1 year:   1.37     Last-2 year:   1.43
  Last three years:    1.06

 Estimation converged in    6 ARMA iterations,   27 function evaluations.

 Regression Model
 ------------------------------------------------------------------------------
                             Parameter        Standard
 Variable                     Estimate           Error      t-value
 ------------------------------------------------------------------------------
 Automatically Identified Outliers
   LS2022.Nov                   0.0179         0.00363         4.93
 ------------------------------------------------------------------------------


 ARIMA Model:  (0 1 0)(0 1 1)
   Nonseasonal differences: 1
   Seasonal differences:    1
                                              Standard
 Parameter                    Estimate          Errors
 -----------------------------------------------------
 Seasonal MA                                       
   Lag 12                       0.6273         0.07545

 Variance                       0.15990E-04
 SE of Var                      0.20066E-05
 -----------------------------------------------------

 Likelihood Statistics
 ------------------------------------------------------------------
 Number of observations (nobs)                                  140
 Effective number of observations (nefobs)                      127
 Number of parameters estimated (np)                              3
 Log likelihood                                            518.0587
 Transformation Adjustment                                -613.8014
 Adjusted Log likelihood (L)                               -95.7426
 AIC                                                       197.4853 
 AICC (F-corrected-AIC)                                    197.6804 
 Hannan Quinn                                              200.9519 
 BIC                                                       206.0178 
 ------------------------------------------------------------------


 DIAGNOSTIC CHECKING
  Sample Autocorrelations of the Residuals with the Ljung-Box diagnostic.

  Lag      1     2     3     4     5     6     7     8     9    10    11    12
  ACF   0.02  0.24  0.13  0.07  0.07  0.02  0.07  0.01  0.00 -0.07  0.08  0.07
  SE    0.09  0.09  0.09  0.10  0.10  0.10  0.10  0.10  0.10  0.10  0.10  0.10
  Q     0.04  7.57  9.92 10.60 11.27 11.32 11.92 11.92 11.92 12.60 13.52 14.19
  DF       0     1     2     3     4     5     6     7     8     9    10    11
  P    0.000 0.006 0.007 0.014 0.024 0.045 0.064 0.103 0.155 0.181 0.196 0.223

  Lag     13    14    15    16    17    18    19    20    21    22    23    24
  ACF   0.04  0.23 -0.05  0.10  0.06 -0.02  0.06 -0.05  0.00 -0.12 -0.08 -0.22
  SE    0.10  0.10  0.10  0.10  0.10  0.10  0.10  0.10  0.10  0.10  0.11  0.11
  Q    14.41 22.35 22.78 24.19 24.72 24.77 25.41 25.75 25.75 28.12 29.19 37.21
  DF      12    13    14    15    16    17    18    19    20    21    22    23
  P    0.275 0.050 0.064 0.062 0.075 0.100 0.114 0.137 0.174 0.137 0.139 0.031

  The P-values approximate the probability of observing a Q-value at least
  this large when the model fitted is correct.  When DF is positive, small
  values of P, customarily those below 0.05, indicate model inadequacy.

  Sample Autocorrelations of the Residuals
                 -1.0 -0.8 -0.6 -0.4 -0.2  0.0  0.2  0.4  0.6  0.8  1.0
                   +----+----+----+----+----+----+----+----+----+----+
            1                           .   |   .                      0.018
            2                           .   |XXXXXX                    0.240
            3                          .    |XXX .                     0.133
            4                          .    |XX  .                     0.071
            5                          .    |XX  .                     0.071
            6                          .    |    .                     0.019
            7                          .    |XX  .                     0.066
            8                          .    |    .                     0.005
            9                          .    |    .                     0.003
           10                          .  XX|    .                    -0.070
           11                          .    |XX  .                     0.081
           12       - - - - - - - - -  .    |XX  .  - - - - - - - -    0.068
           13                          .    |X   .                     0.039
           14                          .    |XXXXXX                    0.234
           15                          .   X|    .                    -0.054
           16                          .    |XX  .                     0.098
           17                          .    |X   .                     0.060
           18                          .    |    .                    -0.019
           19                          .    |XX  .                     0.065
           20                          .   X|    .                    -0.047
           21                          .    |    .                     0.005
           22                          . XXX|    .                    -0.123
           23                          .  XX|    .                    -0.083
           24       - - - - - - - -   XXXXXX|    .  - - - - - - - -   -0.225
  
  Sample Autocorrelations of the Squared Residuals with the Ljung-Box diagnostic.

  Lag      1     2     3     4     5     6     7     8     9    10    11    12
  ACF   0.26  0.18 -0.02  0.07 -0.06 -0.09 -0.02  0.08  0.02  0.15 -0.02  0.13
  SE    0.09  0.09  0.10  0.10  0.10  0.10  0.10  0.10  0.10  0.10  0.10  0.10
  Q     8.52 12.60 12.66 13.37 13.87 14.92 15.00 15.96 16.03 19.09 19.18 21.71
  DF       0     1     2     3     4     5     6     7     8     9    10    11
  P    0.000 0.000 0.002 0.004 0.008 0.011 0.020 0.025 0.042 0.024 0.038 0.027

  Lag     13    14    15    16    17    18    19    20    21    22    23    24
  ACF   0.03  0.10 -0.04  0.08  0.01 -0.01 -0.06  0.16  0.12  0.27  0.00  0.12
  SE    0.10  0.10  0.10  0.10  0.10  0.10  0.10  0.10  0.11  0.11  0.11  0.11
  Q    21.83 23.26 23.47 24.50 24.51 24.51 25.11 28.99 31.37 42.34 42.34 44.70
  DF      12    13    14    15    16    17    18    19    20    21    22    23
  P    0.039 0.039 0.053 0.057 0.079 0.106 0.122 0.066 0.050 0.004 0.006 0.004

  The P-values approximate the probability of observing a Q-value at least
  this large when the model fitted is correct in a way that supports the
  standard interpretations of the test statistics, standard errors, and
  prediction intervals output by X-13ARIMA-SEATS. When DF is positive, small
  values of P, customarily those below 0.05, suggest that model-based
  inferences about statistical significance and uncertainty will be less
  dependable than usual.

  Sample Autocorrelations of the Squared Residuals
                 -1.0 -0.8 -0.6 -0.4 -0.2  0.0  0.2  0.4  0.6  0.8  1.0
                   +----+----+----+----+----+----+----+----+----+----+
            1                           .   |XXXXXX                    0.256
            2                          .    |XXXX.                     0.177
            3                          .   X|    .                    -0.020
            4                          .    |XX  .                     0.073
            5                          .  XX|    .                    -0.061
            6                          .  XX|    .                    -0.088
            7                          .   X|    .                    -0.024
            8                          .    |XX  .                     0.084
            9                          .    |X   .                     0.022
           10                          .    |XXXX.                     0.148
           11                          .   X|    .                    -0.024
           12       - - - - - - - - -  .    |XXX .  - - - - - - - -    0.133
           13                          .    |X   .                     0.029
           14                          .    |XX  .                     0.099
           15                          .   X|    .                    -0.038
           16                          .    |XX  .                     0.084
           17                          .    |    .                     0.005
           18                          .    |    .                    -0.006
           19                          .  XX|    .                    -0.063
           20                          .    |XXXX.                     0.159
           21                          .    |XXX .                     0.124
           22                          .    |XXXXXXX                   0.265
           23                         .     |     .                    0.003
           24       - - - - - - - -   .     |XXX  .   - - - - - - -    0.122
  
 Histogram of the Standardized and Mean-Centered Residuals
  Standard
  Deviations    Frequency

  Outlier [#

       -3 +
          |#
       -2 +###
          |######
       -1 +##############
          |#####################
        0 +##########################
          |########################
        1 +###########
          |##############
        2 +###
          |##
        3 +

  Outlier [#

  One '#'= 1 observation[s]

 Tabular Histogram of the Standardized and Mean-Centered Residuals

  Standard
  Deviations    Frequency
  Standard
  Deviations    Frequency

 -3.00                 0

 -2.50                 1

 -2.00                 3

 -1.50                 6

 -1.00                14

 -0.50                21

  0.00                26

  0.50                24

  1.00                11

  1.50                14

  2.00                 3

  2.50                 2

  3.00                 0

  Residuals with |t|>3.25

  Obs       t-value
  -----------------
  2020.Dec     4.26
  2022.Oct    -3.55

 Summary Statistics for the Unstandardized Residuals
  Minimum                    -0.013
  Maximum                     0.015
  Median                      0.000
  Robust Std Dev              0.004

 Normality Statistics for regARIMA Model Residuals:

    Number of residuals  :    127

    Skewness coefficient :    0.1751    
    Geary's a            :    0.7648    
    Kurtosis             :    4.5739   (significant at one percent level)

  A significant value of one of these statistics indicates that the
  standardized residuals do not follow a standard normal distribution.
  If the regARIMA model fits the data well, such lack of normality
  ordinarily causes no problems.

  However, a significant value can occur because certain data effects are
  not captured well by the model. Sometimes these effects can be captured
  by additional or different regressors (e.g. trading day, holiday or 
  outlier regressors).

  There are other important effects that can cause a significant value,
  such as random variation of the coefficients or time-varying conditional
  variances, which cannot be represented by regARIMA models. These other
  effects cause the t-tests, AIC's and forecast coverage intervals of
  X-13ARIMA-SEATS to have reduced reliability. Their presence is often
  indicated by significant (high) values of the Ljung-Box Q-statistics of
  the squared residuals.

 Durbin-Watson Statistic for regARIMA Model Residuals:
  dw =     1.947093

 Friedman Non-Parametric Test for regARIMA Model Residuals:
  ken =     7.661538 ( Asymptotically distributed as Chi-Square(11), P-Value =     0.743263 )

 QS Statistic for regARIMA Model Residuals (full series):             0.78
                                                       (P-Value =     0.6760)

 QS Statistic for regARIMA Model Residuals (starting 2018.Sep):       1.56
                                                       (P-Value =     0.4578)


  At least one visually significant residual trading day peaks has been
  found in the spectral plot of the following series starting in 2018.Sep:

          regARIMA model residuals (1 Trading Day peak(s))




      10*LOG(SPECTRUM) of the regARIMA model residuals
      Spectrum estimated from 2018.Sep to 2026.Aug.
 ++++++++++I+++++++++++++++++++++++++++++++++++++++++++++++++++++++++++++I
     -38.51I  *                                                          I    -38.51
           I  *                                                          I
           I  *                                                          I
           I  *                                                          I
     -39.76I  *                                                          I    -39.76
           I  *                                                          I
           I  *                                                          I
           I  *                                                          I
     -41.01I  *                                                          I    -41.01
           I  *                                                       *  I
           I  *                                                 T     *  I
           I  *                                                 T     *  I
     -42.26I  *    *                                            T     *  I    -42.26
           I  *    *                                            T     *  I
           I  *    *                                            T     *  I
           I  *    *                                    *       T     *  I
     -43.51I  *    *                                    *       T     *  I    -43.51
           I  *    **                                   *       T     *  I
           I  *    **                                   *       T     *  I
           I **    **                                   *       T     *  I
     -44.76I **    **                                   *       T     *  I    -44.76
           I **    **                                   *       T     *  I
           I **    **                                   *       T     *  I
           I **    **                                   *       T     *  I
     -46.01I **    **         *                        **       T     *  I    -46.01
           I **    **         *                        **      *T     *  I
           I **    **         *                *       **      *T*    *  I
           I **    **        **                *       **    *S*T*    *  I
     -47.26I***    **        ***               *       **    *S*T*    *  I    -47.26
           I****   **  *     ***              **       **    *S*T*    *  I
           I****   **  *     ***              **       **    *S*T*    *  I
           I****   **  **    ***              **       **    *S*T*    *  I
     -48.51I****   *** **    ***              ***      **    *S*T*    *  I    -48.51
           I****   *** **    ***        *  ******      **    *S*T*    *  I
           I****   ***S**    ***S       **S******      ***   *S*T*   *** I
           I****  ****S**    ***S      ***S******     T***  **S*T*   *** I
     -49.76I****  ****S**   ****S      ***S******     T***  **S*T*   *** I    -49.76
           I****  ****S**   ****S      ***S******   S*T***  **S*T*   *** I
           I****  ****S**   ****S      ***S*******  S*T***  **S*T*   *** I
           I****  ****S**   ****S      ***S******* *S*T***  **S*T*   *** I
     -51.01I****  ****S**   ****S     ****S*********S*T***  **S*T*   *** I    -51.01
           I***** ****S***  ****S*    ****S*********S*T***  **S*T*   *** I
           I***** ****S***  ****S*    ****S*********S*T***  **S*T*   ***SI
           I**********S***  ****S*    ****S*********S*T*******S*T*   ***SI
     -52.26I**********S*** *****S*    ****S*********S*T*******S*T*   ***SI    -52.26
           I**********S*** *****S*   *****S*********S*T*******S*T*   ***SI
           I**********S*********S**  *****S*********S*T*******S*T*   ***SI
           I**********S*********S**  *****S*********S*T*******S*T**  ***SI
     -53.50I**********S*********S**  *****S*********S*T*******S*T**  ***SI    -53.50
           I**********S*********S*********S*********S*T*******S*T** ****SI
           I**********S*********S*********S*********S*T*******S*T** ****SI
           I**********S*********S*********S*********S*T*******S*T** ****SI
     -54.75I**********S*********S*********S*********S*T*******S*T*******SI    -54.75
 ++++++++++I+++++++++++++++++++++++++++++++++++++++++++++++++++++++++++++I
            S=SEASONAL FREQUENCIES, T=TRADING DAY FREQUENCIES


 FORECASTING
  Origin  2026.Aug
  Number        12

  Forecasts and Standard Errors of the Transformed Data
   ------------------------------
                         Standard
       Date   Forecast      Error
   ------------------------------
   2026.Sep       5.08      0.004
   2026.Oct       5.08      0.006
   2026.Nov       5.07      0.007
   2026.Dec       5.07      0.008
   2027.Jan       5.09      0.009
   2027.Feb       5.10      0.010
   2027.Mar       5.10      0.011
   2027.Apr       5.10      0.011
   2027.May       5.11      0.012
   2027.Jun       5.12      0.013
   2027.Jul       5.12      0.013
   2027.Aug       5.12      0.014
   ------------------------------

  Confidence intervals with coverage probability ( 0.95000
  On the Original Scale
   ---------------------------------------
       Date      Lower  Forecast     Upper
   ---------------------------------------
   2026.Sep     159.23    160.48    161.74
   2026.Oct     158.90    160.67    162.46
   2026.Nov     157.58    159.74    161.93
   2026.Dec     157.24    159.73    162.25
   2027.Jan     159.72    162.55    165.43
   2027.Feb     160.28    163.39    166.55
   2027.Mar     160.89    164.26    167.70
   2027.Apr     161.22    164.84    168.54
   2027.May     162.57    166.44    170.40
   2027.Jun     163.10    167.20    171.40
   2027.Jul     163.35    167.65    172.07
   2027.Aug     163.52    168.02    172.65
   ---------------------------------------
        R35 monthly CPI index            PAGE   4, SERIES series
  
 A 8  RegARIMA combined outlier component
      (LS outliers included)
  From  2015.Jan to 2026.Aug
  Observations        140
 -----------------------------------------------------------------------------
               Jan      Feb      Mar      Apr      May      Jun 
               Jul      Aug      Sep      Oct      Nov      Dec         AVGE  
 -----------------------------------------------------------------------------
  2015         98.2     98.2     98.2     98.2     98.2     98.2
               98.2     98.2     98.2     98.2     98.2     98.2          98.2
 
  2016         98.2     98.2     98.2     98.2     98.2     98.2
               98.2     98.2     98.2     98.2     98.2     98.2          98.2
 
  2017         98.2     98.2     98.2     98.2     98.2     98.2
               98.2     98.2     98.2     98.2     98.2     98.2          98.2
 
  2018         98.2     98.2     98.2     98.2     98.2     98.2
               98.2     98.2     98.2     98.2     98.2     98.2          98.2
 
  2019         98.2     98.2     98.2     98.2     98.2     98.2
               98.2     98.2     98.2     98.2     98.2     98.2          98.2
 
  2020         98.2     98.2     98.2     98.2     98.2     98.2
               98.2     98.2     98.2     98.2     98.2     98.2          98.2
 
  2021         98.2     98.2     98.2     98.2     98.2     98.2
               98.2     98.2     98.2     98.2     98.2     98.2          98.2
 
  2022         98.2     98.2     98.2     98.2     98.2     98.2
               98.2     98.2     98.2     98.2    100.0    100.0          98.5
 
  2023        100.0    100.0    100.0    100.0    100.0    100.0
              100.0    100.0    100.0    100.0    100.0    100.0         100.0
 
  2024        100.0    100.0    100.0    100.0    100.0    100.0
              100.0    100.0    100.0    100.0    100.0    100.0         100.0
 
  2025        100.0    100.0    100.0    100.0    100.0    100.0
              100.0    100.0    100.0    100.0    100.0    100.0         100.0
 
  2026        100.0    100.0    100.0    100.0    100.0    100.0
              100.0    100.0                                             100.0
 
  AVGE         98.8     98.8     98.8     98.8     98.8     98.8
               98.8     98.8     98.7     98.7     98.9     98.9

  Table Total-     13833.35   Mean-      98.81   Std. Dev.-       1.45
                              Min -      98.23        Max -     100.00

 A 8.A  RegARIMA outlier component
  From  2026.Sep to 2027.Aug
  Observations         12
 -----------------------------------------------------------------------------
               Jan      Feb      Mar      Apr      May      Jun 
               Jul      Aug      Sep      Oct      Nov      Dec         AVGE  
 -----------------------------------------------------------------------------
  2026                                                          
                                100.0    100.0    100.0    100.0         100.0
 
  2027        100.0    100.0    100.0    100.0    100.0    100.0
              100.0    100.0                                             100.0
 
        R35 monthly CPI index            PAGE   5, SERIES series
  
 B 1  Original series (prior adjusted)
      (adjusted for regARIMA factors)
  From  2015.Jan to 2026.Aug
  Observations        140
 -----------------------------------------------------------------------------
               Jan      Feb      Mar      Apr      May      Jun 
               Jul      Aug      Sep      Oct      Nov      Dec        TOTAL  
 -----------------------------------------------------------------------------
  2015         100.     100.     101.     101.     102.     102.
               103.     103.     103.     102.     102.     102.         1222.
 
  2016         103.     102.     104.     104.     105.     105.
               105.     105.     105.     105.     105.     105.         1254.
 
  2017         106.     106.     107.     108.     108.     109.
               109.     109.     110.     109.     109.     109.         1301.
 
  2018         110.     110.     111.     112.     113.     113.
               113.     114.     113.     113.     113.     113.         1349.
 
  2019         114.     114.     115.     116.     116.     117.
               117.     117.     117.     117.     116.     115.         1391.
 
  2020         116.     116.     117.     117.     119.     119.
               120.     120.     121.     120.     120.     119.         1424.
 
  2021         120.     121.     121.     122.     123.     123.
               124.     124.     124.     124.     125.     124.         1474.
 
  2022         127.     129.     131.     131.     133.     134.
               135.     135.     135.     135.     134.     134.         1595.
 
  2023         137.     139.     140.     142.     143.     144.
               145.     145.     144.     145.     143.     143.         1709.
 
  2024         145.     145.     147.     148.     149.     149.
               150.     151.     150.     150.     149.     149.         1780.
 
  2025         151.     152.     152.     152.     155.     155.
               155.     155.     154.     154.     153.     154.         1841.
 
  2026         157.     158.     158.     158.     159.     160.
               161.     161.                                             1273.
 
  AVGE         124.     124.     125.     126.     127.     128.
               128.     128.     125.     125.     125.     124.

  Table Total-     17611.80   Mean-     125.80   Std. Dev.-      18.60
                              Min -     100.38        Max -     161.20

 B 1.A  Forecasts of (prior adjusted) original series
  From  2026.Sep to 2027.Aug
  Observations         12
 -----------------------------------------------------------------------------
               Jan      Feb      Mar      Apr      May      Jun 
               Jul      Aug      Sep      Oct      Nov      Dec        TOTAL  
 -----------------------------------------------------------------------------
  2026                                                          
                                 160.     161.     160.     160.          641.
 
  2027         163.     163.     164.     165.     166.     167.
               168.     168.                                             1324.
 
        R35 monthly CPI index            PAGE   6, SERIES series

 C 17  Final weights for irregular component
  From  2015.Jan to 2026.Aug
  Observations        140
  Lower sigma limit    1.50
  Upper sigma limit    2.50
 -----------------------------------------------------------------------------
               Jan      Feb      Mar      Apr      May      Jun 
               Jul      Aug      Sep      Oct      Nov      Dec         S.D.  
 -----------------------------------------------------------------------------
  2015        100.0    100.0      0.0    100.0    100.0    100.0
              100.0    100.0    100.0    100.0    100.0    100.0           0.1
 
  2016        100.0      0.0    100.0    100.0    100.0    100.0
              100.0    100.0    100.0      0.0      0.0    100.0           0.1
 
  2017        100.0    100.0    100.0    100.0    100.0    100.0
              100.0    100.0    100.0    100.0    100.0    100.0           0.1
 
  2018        100.0    100.0    100.0    100.0    100.0    100.0
              100.0    100.0    100.0    100.0    100.0    100.0           0.1
 
  2019        100.0     87.6    100.0    100.0    100.0    100.0
              100.0    100.0    100.0      0.0    100.0    100.0           0.1
 
  2020        100.0    100.0    100.0    100.0    100.0    100.0
              100.0     99.8      0.0    100.0     87.2    100.0           0.1
 
  2021        100.0    100.0    100.0    100.0    100.0    100.0
              100.0    100.0     89.1    100.0    100.0      0.0           0.1
 
  2022        100.0    100.0    100.0    100.0    100.0    100.0
              100.0    100.0    100.0    100.0     73.2      0.0           0.2
 
  2023        100.0    100.0    100.0    100.0    100.0    100.0
              100.0    100.0    100.0      0.0      0.0    100.0           0.2
 
  2024        100.0      0.0    100.0    100.0    100.0    100.0
              100.0     22.9    100.0    100.0    100.0    100.0           0.2
 
  2025        100.0    100.0    100.0      0.0    100.0    100.0
              100.0    100.0    100.0    100.0    100.0    100.0           0.1
 
  2026          0.0    100.0    100.0    100.0      0.0    100.0
              100.0    100.0                                               0.1
 
        R35 monthly CPI index            PAGE   7, SERIES series

 D 8  Final unmodified SI ratios
  From  2015.Jan to 2026.Aug
  Observations        140
 -----------------------------------------------------------------------------
               Jan      Feb      Mar      Apr      May      Jun 
               Jul      Aug      Sep      Oct      Nov      Dec         AVGE  
 -----------------------------------------------------------------------------
  2015         99.6     99.5     99.5    100.2    100.7    100.7
              100.6    100.4    100.4     99.8     99.3     99.0         100.0
 
  2016         99.5     99.0    100.0    100.3    100.6    100.7
              100.6    100.5    100.3    100.1     99.1     98.9         100.0
 
  2017         99.5     99.6     99.9    100.3    100.5    100.7
              100.6    100.5    100.5     99.8     99.4     99.0         100.0
 
  2018         99.4     99.5     99.8    100.2    100.6    100.6
              100.6    100.7    100.2     99.9     99.4     98.9         100.0
 
  2019         99.5     99.3     99.9    100.3    100.6    100.7
              100.6    100.6    100.4    100.2     99.5     98.9         100.0
 
  2020         99.3     99.5     99.8    100.0    100.7    100.9
              100.8    100.4    100.6     99.8     99.5     98.5         100.0
 
  2021         99.6     99.6     99.9    100.0    100.9    101.0
              100.9    100.4    100.3     99.5     99.0     98.0          99.9
 
  2022         99.5     99.8    100.2    100.1    100.9    101.2
              101.0    100.7     99.8     99.6     98.6     97.9          99.9
 
  2023         99.4     99.7    100.1    100.4    101.1    101.0
              101.0    100.8     99.8    100.0     98.3     98.4         100.0
 
  2024         99.3     99.3    100.2    100.4    101.1    100.9
              101.0    101.1     99.8     99.5     98.9     98.4         100.0
 
  2025         99.5    100.0    100.0     99.8    101.1    101.0
              100.8    100.6     99.9     99.6     98.6     98.4          99.9
 
  2026        100.3    100.2    100.2    100.2    100.4    100.8
              100.8    100.7                                             100.4
 
  AVGE         99.5     99.6     99.9    100.2    100.8    100.9
              100.8    100.6    100.2     99.8     99.1     98.6

  Table Total-     14000.68   Mean-     100.00   Std. Dev.-       0.73
                              Min -      97.89        Max -     101.17
        R35 monthly CPI index            PAGE   8, SERIES series

 D 8.B  Final unmodified SI ratios, with labels for outliers and extreme values
  From  2015.Jan to 2026.Aug
  Observations        140
 ---------------------------------------------------------------------
               Jan       Feb       Mar       Apr       May       Jun  
               Jul       Aug       Sep       Oct       Nov       Dec  
 ---------------------------------------------------------------------
  2015        99.6      99.5      99.5*    100.2     100.7     100.7  
             100.6     100.4     100.4      99.8      99.3      99.0  
 
  2016        99.5      99.0*    100.0     100.3     100.6     100.7  
             100.6     100.5     100.3     100.1*     99.1*     98.9  
 
  2017        99.5      99.6      99.9     100.3     100.5     100.7  
             100.6     100.5     100.5      99.8      99.4      99.0  
 
  2018        99.4      99.5      99.8     100.2     100.6     100.6  
             100.6     100.7     100.2      99.9      99.4      98.9  
 
  2019        99.5      99.3*     99.9     100.3     100.6     100.7  
             100.6     100.6     100.4     100.2*     99.5      98.9  
 
  2020        99.3      99.5      99.8     100.0     100.7     100.9  
             100.8     100.4*    100.6*     99.8      99.5*     98.5  
 
  2021        99.6      99.6      99.9     100.0     100.9     101.0  
             100.9     100.4     100.3*     99.5      99.0      98.0* 
 
  2022        99.5      99.8     100.2     100.1     100.9     101.2  
             101.0     100.7      99.8      99.6 -    98.6&     97.9*-
 
  2023        99.4      99.7     100.1     100.4     101.1     101.0  
             101.0     100.8      99.8     100.0*     98.3*     98.4  
 
  2024        99.3      99.3*    100.2     100.4     101.1     100.9  
             101.0     101.1*     99.8      99.5      98.9      98.4  
 
  2025        99.5     100.0     100.0      99.8*    101.1     101.0  
             100.8     100.6      99.9      99.6      98.6      98.4  
 
  2026       100.3*    100.2     100.2     100.2     100.4*    100.8  
             100.8     100.7                                          
 

  Key to symbols:
    *  : extreme value as determined by X-11 extreme value procedure
    &  : more than one type of regARIMA outlier
    -  : values around a level shift most likely to be influenced by it
 
        R35 monthly CPI index            PAGE   9, SERIES series

 D 9  Final replacement values for SI ratios
  From  2015.Jan to 2026.Aug
  Observations        140
 ---------------------------------------------------------------
               Jan      Feb      Mar      Apr      May      Jun 
               Jul      Aug      Sep      Oct      Nov      Dec 
 ---------------------------------------------------------------
  2015     ******** ********     99.9 ******** ******** ********
           ******** ******** ******** ******** ******** ********
 
  2016     ********     99.4 ******** ******** ******** ********
           ******** ******** ********     99.8     99.4 ********
 
  2017     ******** ******** ******** ******** ******** ********
           ******** ******** ******** ******** ******** ********
 
  2018     ******** ******** ******** ******** ******** ********
           ******** ******** ******** ******** ******** ********
 
  2019     ********     99.3 ******** ******** ******** ********
           ******** ******** ********     99.8 ******** ********
 
  2020     ******** ******** ******** ******** ******** ********
           ********    100.4    100.2 ********     99.4 ********
 
  2021     ******** ******** ******** ******** ******** ********
           ******** ********    100.2 ******** ********     98.5
 
  2022     ******** ******** ******** ******** ******** ********
           ******** ******** ******** ********     98.7     98.4
 
  2023     ******** ******** ******** ******** ******** ********
           ******** ******** ********     99.6     98.8 ********
 
  2024     ********     99.8 ******** ******** ******** ********
           ********    100.8 ******** ******** ******** ********
 
  2025     ******** ******** ********    100.3 ******** ********
           ******** ******** ******** ******** ******** ********
 
  2026         99.6 ******** ******** ********    100.9 ********
           ******** ********                                    
 

 D 9.A  Moving seasonality ratio
 ---------------------------------------------------------------
               Jan      Feb      Mar      Apr      May      Jun 
 ---------------------------------------------------------------
   I          0.127    0.119    0.124    0.117    0.104    0.098
   S          0.017    0.053    0.028    0.024    0.046    0.037
 RATIO        7.582    2.268    4.424    4.818    2.237    2.655



 ---------------------------------------------------------------
               Jul      Aug      Sep      Oct      Nov      Dec 
 ---------------------------------------------------------------
   I          0.067    0.135    0.159    0.122    0.140    0.088
   S          0.031    0.027    0.061    0.032    0.077    0.060
 RATIO        2.200    5.064    2.592    3.812    1.834    1.464



        R35 monthly CPI index            PAGE  10, SERIES series

 D 10  Final seasonal factors
  From  2015.Jan to 2026.Aug
  Observations        140
  Seasonal filter    3 x 5 moving average
 -----------------------------------------------------------------------------
               Jan      Feb      Mar      Apr      May      Jun 
               Jul      Aug      Sep      Oct      Nov      Dec         AVGE  
 -----------------------------------------------------------------------------
  2015        99.48    99.48    99.90   100.25   100.62   100.67
             100.61   100.49   100.36    99.83    99.40    98.92        100.00
 
  2016        99.48    99.47    99.89   100.25   100.62   100.67
             100.61   100.50   100.35    99.84    99.41    98.92        100.00
 
  2017        99.46    99.46    99.88   100.24   100.62   100.69
             100.63   100.52   100.34    99.84    99.43    98.89        100.00
 
  2018        99.44    99.47    99.87   100.20   100.64   100.74
             100.67   100.52   100.33    99.82    99.42    98.83        100.00
 
  2019        99.42    99.49    99.88   100.16   100.68   100.81
             100.74   100.54   100.28    99.78    99.35    98.74         99.99
 
  2020        99.43    99.53    99.90   100.14   100.76   100.90
             100.81   100.56   100.20    99.73    99.24    98.64         99.99
 
  2021        99.41    99.59    99.95   100.15   100.86   100.97
             100.88   100.60   100.09    99.67    99.11    98.53         99.98
 
  2022        99.41    99.67   100.00   100.19   100.95   101.01
             100.92   100.62    99.99    99.62    98.97    98.46         99.98
 
  2023        99.42    99.77   100.06   100.22   101.02   101.01
             100.93   100.66    99.90    99.59    98.85    98.41         99.99
 
  2024        99.46    99.87   100.10   100.27   101.04   100.99
             100.90   100.68    99.84    99.58    98.78    98.40         99.99
 
  2025        99.51    99.95   100.12   100.28   101.03   100.95
             100.87   100.68    99.82    99.58    98.75    98.40        100.00
 
  2026        99.56   100.00   100.13   100.27   101.02   100.93
             100.84   100.66                                            100.43
 
  AVGE        99.46    99.64    99.97   100.22   100.82   100.86
             100.78   100.59   100.14    99.72    99.15    98.65

  Table Total-     14002.43   Mean-     100.02   Std. Dev.-       0.69
                              Min -      98.40        Max -     101.04

 D 10.A  Final seasonal component forecasts
  From  2026.Sep to 2027.Aug
  Observations         12
 -----------------------------------------------------------------------------
               Jan      Feb      Mar      Apr      May      Jun 
               Jul      Aug      Sep      Oct      Nov      Dec         AVGE  
 -----------------------------------------------------------------------------
  2026                                                          
                                99.83    99.58    98.75    98.40         99.14
 
  2027        99.59   100.03   100.13   100.25   101.00   100.92
             100.82   100.65                                            100.43
 
        R35 monthly CPI index            PAGE  11, SERIES series

 D 11  Final seasonally adjusted data
  From  2015.Jan to 2026.Aug
  Observations        140
 -----------------------------------------------------------------------------
               Jan      Feb      Mar      Apr      May      Jun 
               Jul      Aug      Sep      Oct      Nov      Dec        TOTAL  
 -----------------------------------------------------------------------------
  2015          99.      99.      99.      99.     100.     100.
               100.     100.     101.     101.     101.     101.         1200.
 
  2016         101.     101.     102.     102.     102.     103.
               103.     103.     103.     104.     103.     104.         1232.
 
  2017         104.     105.     105.     106.     106.     106.
               107.     107.     108.     108.     108.     109.         1278.
 
  2018         109.     109.     109.     110.     110.     110.
               110.     111.     111.     112.     112.     112.         1325.
 
  2019         113.     113.     113.     114.     114.     114.
               114.     114.     114.     115.     115.     115.         1367.
 
  2020         114.     115.     115.     115.     116.     116.
               117.     117.     118.     118.     119.     119.         1399.
 
  2021         119.     119.     119.     119.     120.     120.
               120.     121.     122.     122.     123.     124.         1448.
 
  2022         126.     127.     128.     129.     130.     131.
               131.     132.     132.     133.     136.     136.         1571.
 
  2023         138.     139.     140.     141.     142.     142.
               143.     144.     144.     146.     144.     145.         1709.
 
  2024         145.     145.     147.     147.     148.     148.
               149.     150.     150.     150.     151.     151.         1781.
 
  2025         151.     152.     152.     152.     153.     153.
               154.     154.     154.     155.     155.     156.         1841.
 
  2026         158.     158.     158.     158.     157.     159.
               159.     160.                                             1267.
 
  AVGE         123.     123.     124.     124.     125.     125.
               126.     126.     123.     124.     124.     125.

  Table Total-     17417.70   Mean-     124.41   Std. Dev.-      19.34
                              Min -      98.90        Max -     160.14
        R35 monthly CPI index            PAGE  12, SERIES series

 D 12  Final trend cycle
  From  2015.Jan to 2026.Aug
  Observations        140
  Trend filter     9-term Henderson moving average
  I/C ratio        0.33
 -----------------------------------------------------------------------------
               Jan      Feb      Mar      Apr      May      Jun 
               Jul      Aug      Sep      Oct      Nov      Dec        TOTAL  
 -----------------------------------------------------------------------------
  2015          99.      99.      99.      99.     100.     100.
               100.     100.     101.     101.     101.     101.         1200.
 
  2016         101.     102.     102.     102.     102.     103.
               103.     103.     103.     103.     104.     104.         1232.
 
  2017         104.     105.     105.     106.     106.     106.
               107.     107.     107.     108.     108.     108.         1277.
 
  2018         109.     109.     109.     110.     110.     110.
               111.     111.     111.     112.     112.     112.         1325.
 
  2019         113.     113.     113.     114.     114.     114.
               114.     114.     114.     115.     115.     115.         1366.
 
  2020         115.     115.     115.     115.     116.     116.
               117.     117.     118.     118.     119.     119.         1398.
 
  2021         119.     119.     119.     119.     120.     120.
               120.     121.     122.     122.     123.     125.         1449.
 
  2022         126.     127.     128.     129.     130.     131.
               131.     132.     132.     133.     136.     137.         1572.
 
  2023         138.     139.     140.     141.     142.     143.
               143.     144.     144.     145.     145.     145.         1709.
 
  2024         146.     146.     147.     147.     148.     148.
               149.     149.     150.     150.     151.     151.         1781.
 
  2025         151.     152.     152.     152.     153.     153.
               154.     154.     154.     155.     155.     156.         1842.
 
  2026         157.     157.     158.     158.     158.     159.
               159.     160.                                             1267.
 
  AVGE         123.     124.     124.     124.     125.     125.
               126.     126.     123.     124.     124.     125.

  Table Total-     17419.99   Mean-     124.43   Std. Dev.-      19.35
                              Min -      99.02        Max -     160.08
        R35 monthly CPI index            PAGE  13, SERIES series

 D 13  Final irregular component
  From  2015.Jan to 2026.Aug
  Observations        140
 -----------------------------------------------------------------------------
               Jan      Feb      Mar      Apr      May      Jun 
               Jul      Aug      Sep      Oct      Nov      Dec         S.D.  
 -----------------------------------------------------------------------------
  2015        100.1    100.0     99.6    100.0    100.1    100.0
              100.0     99.9    100.0    100.0    100.0    100.0           0.1
 
  2016        100.0     99.5    100.0    100.0    100.0    100.0
              100.0    100.0    100.0    100.3     99.7     99.9           0.2
 
  2017        100.0    100.1    100.0    100.0     99.9    100.0
              100.0     99.9    100.1     99.9    100.0    100.1           0.1
 
  2018        100.0    100.0    100.0    100.0    100.0     99.9
              100.0    100.2     99.9    100.1    100.0    100.1           0.1
 
  2019        100.0     99.8    100.0    100.2     99.9    100.0
               99.9    100.0    100.1    100.3    100.1    100.1           0.1
 
  2020         99.9    100.1    100.0     99.9    100.0    100.1
              100.1     99.9    100.4    100.1    100.2     99.8           0.2
 
  2021        100.1    100.0    100.0     99.9    100.1    100.1
              100.0     99.8    100.2     99.8    100.0     99.5           0.2
 
  2022        100.0    100.1    100.2     99.8     99.9    100.1
              100.0    100.1     99.9    100.1     99.8     99.5           0.2
 
  2023        100.0     99.9    100.0    100.1    100.0     99.9
              100.0    100.1     99.9    100.5     99.6    100.0           0.2
 
  2024         99.9     99.5    100.1    100.1    100.0     99.9
              100.0    100.4    100.0     99.9    100.1    100.0           0.2
 
  2025        100.0    100.1     99.9     99.5    100.1    100.1
               99.9     99.9    100.1    100.1     99.9    100.0           0.2
 
  2026        100.6    100.1    100.0     99.9     99.4    100.0
              100.0    100.0                                               0.3
 
  S.D.          0.2      0.2      0.1      0.2      0.2      0.1
                0.0      0.1      0.2      0.2      0.2      0.2

  Table Total-     13998.28   Mean-      99.99   Std. Dev.-       0.17
                              Min -      99.40        Max -     100.65
        R35 monthly CPI index            PAGE  14, SERIES series

 D 16  Combined adjustment factors
  From  2015.Jan to 2026.Aug
  Observations        140
 -----------------------------------------------------------------------------
               Jan      Feb      Mar      Apr      May      Jun 
               Jul      Aug      Sep      Oct      Nov      Dec         AVGE  
 -----------------------------------------------------------------------------
  2015        99.48    99.48    99.90   100.25   100.62   100.67
             100.61   100.49   100.36    99.83    99.40    98.92        100.00
 
  2016        99.48    99.47    99.89   100.25   100.62   100.67
             100.61   100.50   100.35    99.84    99.41    98.92        100.00
 
  2017        99.46    99.46    99.88   100.24   100.62   100.69
             100.63   100.52   100.34    99.84    99.43    98.89        100.00
 
  2018        99.44    99.47    99.87   100.20   100.64   100.74
             100.67   100.52   100.33    99.82    99.42    98.83        100.00
 
  2019        99.42    99.49    99.88   100.16   100.68   100.81
             100.74   100.54   100.28    99.78    99.35    98.74         99.99
 
  2020        99.43    99.53    99.90   100.14   100.76   100.90
             100.81   100.56   100.20    99.73    99.24    98.64         99.99
 
  2021        99.41    99.59    99.95   100.15   100.86   100.97
             100.88   100.60   100.09    99.67    99.11    98.53         99.98
 
  2022        99.41    99.67   100.00   100.19   100.95   101.01
             100.92   100.62    99.99    99.62    98.97    98.46         99.98
 
  2023        99.42    99.77   100.06   100.22   101.02   101.01
             100.93   100.66    99.90    99.59    98.85    98.41         99.99
 
  2024        99.46    99.87   100.10   100.27   101.04   100.99
             100.90   100.68    99.84    99.58    98.78    98.40         99.99
 
  2025        99.51    99.95   100.12   100.28   101.03   100.95
             100.87   100.68    99.82    99.58    98.75    98.40        100.00
 
  2026        99.56   100.00   100.13   100.27   101.02   100.93
             100.84   100.66                                            100.43
 
  AVGE        99.46    99.64    99.97   100.22   100.82   100.86
             100.78   100.59   100.14    99.72    99.15    98.65

  Table Total-     14002.43   Mean-     100.02   Std. Dev.-       0.69
                              Min -      98.40        Max -     101.04

 D 16.A  Combined adjustment component forecasts
  From  2026.Sep to 2027.Aug
  Observations         12
 -----------------------------------------------------------------------------
               Jan      Feb      Mar      Apr      May      Jun 
               Jul      Aug      Sep      Oct      Nov      Dec         AVGE  
 -----------------------------------------------------------------------------
  2026                                                          
                                99.83    99.58    98.75    98.40         99.14
 
  2027        99.59   100.03   100.13   100.25   101.00   100.92
             100.82   100.65                                            100.43
 
        R35 monthly CPI index            PAGE  15, SERIES series

 E 4  Ratios of annual totals
  From          2015 to 2025
  Observations         11
 -----------------------------------
  Year       Unmodified     Modified
                  (D11)         (E2)
 -----------------------------------
  2015           100.00       100.00
 
  2016           100.00       100.00
 
  2017           100.00       100.00
 
  2018           100.00       100.00
 
  2019            99.99        99.99
 
  2020            99.98        99.98
 
  2021            99.98        99.98
 
  2022            99.98        99.98
 
  2023            99.98        99.98
 
  2024            99.99        99.99
 
  2025            99.99        99.99
 
        R35 monthly CPI index            PAGE  16, SERIES series

 E 5  Month-to-month percent change in the original series
  From  2015.Feb to 2026.Aug
  Observations        139
 -----------------------------------------------------------------------------
               Jan      Feb      Mar      Apr      May      Jun 
               Jul      Aug      Sep      Oct      Nov      Dec         AVGE  
 -----------------------------------------------------------------------------
  2015                   0.0      0.2      0.9      0.7      0.2
                0.1      0.0      0.2     -0.3     -0.3     -0.2           0.1
 
  2016          0.7     -0.2      1.2      0.6      0.6      0.3
                0.1      0.1      0.0      0.1     -0.8      0.1           0.2
 
  2017          1.0      0.5      0.7      0.7      0.6      0.5
                0.4      0.2      0.4     -0.4      0.0     -0.2           0.4
 
  2018          0.7      0.3      0.6      0.6      0.7      0.3
                0.3      0.4     -0.2      0.0     -0.2     -0.2           0.3
 
  2019          0.9      0.2      0.9      0.6      0.4      0.3
                0.0      0.1      0.0     -0.1     -0.6     -0.6           0.2
 
  2020          0.4      0.4      0.4      0.5      1.1      0.6
                0.3      0.0      0.6     -0.4     -0.1     -0.8           0.3
 
  2021          1.2      0.2      0.4      0.3      1.1      0.4
                0.2      0.0      0.4     -0.1      0.4     -0.1           0.4
 
  2022          2.5      1.2      1.2      0.5      1.5      0.9
                0.5      0.2     -0.5      0.3      1.4     -0.1           0.8
 
  2023          2.2      1.0      1.1      1.0      1.3      0.3
                0.4      0.2     -0.6      0.6     -1.4      0.2           0.5
 
  2024          1.1      0.3      1.2      0.5      1.1      0.1
                0.5      0.5     -0.9      0.0     -0.3     -0.2           0.3
 
  2025          1.3      0.7      0.2      0.1      1.6      0.1
                0.0      0.0     -0.5      0.1     -0.6      0.2           0.3
 
  2026          2.3      0.3      0.3      0.2      0.4      0.8
                0.3      0.3                                               0.6
 
  AVGE          1.3      0.4      0.7      0.6      0.9      0.4
                0.2      0.2     -0.1     -0.0     -0.2     -0.2

  Table Total-        49.48   Mean-       0.36   Std. Dev.-       0.69
                              Min -      -1.45        Max -       2.45
        R35 monthly CPI index            PAGE  17, SERIES series

 E 6  Month-to-month percent change in seasonally adjusted series (D11)
  From  2015.Feb to 2026.Aug
  Observations        139
 -----------------------------------------------------------------------------
               Jan      Feb      Mar      Apr      May      Jun 
               Jul      Aug      Sep      Oct      Nov      Dec         AVGE  
 -----------------------------------------------------------------------------
  2015                   0.0     -0.2      0.6      0.3      0.2
                0.2      0.1      0.3      0.2      0.1      0.3           0.2
 
  2016          0.1     -0.2      0.8      0.2      0.2      0.2
                0.2      0.2      0.1      0.6     -0.3      0.6           0.2
 
  2017          0.4      0.5      0.2      0.3      0.2      0.4
                0.4      0.3      0.6      0.1      0.4      0.4           0.4
 
  2018          0.2      0.3      0.2      0.3      0.3      0.2
                0.3      0.5      0.0      0.5      0.2      0.4           0.3
 
  2019          0.3      0.1      0.5      0.3     -0.1      0.1
                0.1      0.3      0.3      0.4     -0.2      0.0           0.2
 
  2020         -0.3      0.2      0.1      0.3      0.5      0.5
                0.4      0.2      1.0      0.1      0.4     -0.2           0.3
 
  2021          0.4     -0.0      0.1      0.1      0.4      0.3
                0.3      0.3      0.9      0.3      1.0      0.5           0.4
 
  2022          1.6      0.9      0.8      0.4      0.7      0.9
                0.5      0.5      0.2      0.7      2.0      0.4           0.8
 
  2023          1.2      0.7      0.8      0.8      0.5      0.4
                0.5      0.5      0.2      0.9     -0.7      0.6           0.5
 
  2024          0.1     -0.1      0.9      0.4      0.3      0.2
                0.6      0.7     -0.0      0.3      0.5      0.2           0.3
 
  2025          0.2      0.3      0.0     -0.0      0.9      0.2
                0.1      0.2      0.4      0.3      0.2      0.6           0.3
 
  2026          1.1     -0.1      0.1      0.0     -0.4      0.8
                0.4      0.5                                               0.3
 
  AVGE          0.5      0.2      0.4      0.3      0.3      0.4
                0.3      0.4      0.4      0.4      0.3      0.3

  Table Total-        48.15   Mean-       0.35   Std. Dev.-       0.50
                              Min -      -0.71        Max -       2.02
        R35 monthly CPI index            PAGE  18, SERIES series

 E 7  Month-to-month percent change in final trend cycle (D12)
  From  2015.Feb to 2026.Aug
  Observations        139
 -----------------------------------------------------------------------------
               Jan      Feb      Mar      Apr      May      Jun 
               Jul      Aug      Sep      Oct      Nov      Dec         AVGE  
 -----------------------------------------------------------------------------
  2015                   0.1      0.2      0.2      0.2      0.2
                0.2      0.2      0.2      0.2      0.2      0.2           0.2
 
  2016          0.2      0.2      0.3      0.3      0.2      0.2
                0.2      0.2      0.2      0.2      0.3      0.3           0.2
 
  2017          0.4      0.4      0.3      0.3      0.3      0.3
                0.4      0.4      0.4      0.3      0.3      0.3           0.3
 
  2018          0.3      0.3      0.2      0.3      0.3      0.3
                0.3      0.3      0.3      0.3      0.3      0.3           0.3
 
  2019          0.3      0.3      0.3      0.2      0.1      0.1
                0.1      0.2      0.2      0.2      0.1     -0.0           0.2
 
  2020         -0.0      0.0      0.2      0.3      0.4      0.4
                0.4      0.4      0.4      0.4      0.3      0.2           0.3
 
  2021          0.1      0.1      0.1      0.2      0.2      0.3
                0.3      0.4      0.5      0.7      0.9      1.0           0.4
 
  2022          1.0      0.9      0.7      0.7      0.7      0.6
                0.6      0.5      0.4      0.4      2.3      0.6           0.8
 
  2023          0.7      0.8      0.8      0.7      0.6      0.5
                0.4      0.4      0.4      0.3      0.2      0.2           0.5
 
  2024          0.2      0.3      0.4      0.4      0.4      0.4
                0.4      0.4      0.4      0.3      0.3      0.3           0.3
 
  2025          0.2      0.2      0.2      0.3      0.3      0.3
                0.2      0.2      0.3      0.3      0.4      0.5           0.3
 
  2026          0.5      0.4      0.2      0.1      0.2      0.3
                0.4      0.4                                               0.3
 
  AVGE          0.4      0.3      0.3      0.3      0.3      0.3
                0.3      0.3      0.3      0.3      0.5      0.3

  Table Total-        48.16   Mean-       0.35   Std. Dev.-       0.43
                              Min -      -0.02        Max -       2.35
        R35 monthly CPI index            PAGE  19, SERIES series

 E 8  Month-to-month percent change in original series adjusted for calendar factors (A18)
  From  2015.Feb to 2026.Aug
  Observations        139
 -----------------------------------------------------------------------------
               Jan      Feb      Mar      Apr      May      Jun 
               Jul      Aug      Sep      Oct      Nov      Dec         AVGE  
 -----------------------------------------------------------------------------
  2015                   0.0      0.2      0.9      0.7      0.2
                0.1      0.0      0.2     -0.3     -0.3     -0.2           0.1
 
  2016          0.7     -0.2      1.2      0.6      0.6      0.3
                0.1      0.1      0.0      0.1     -0.8      0.1           0.2
 
  2017          1.0      0.5      0.7      0.7      0.6      0.5
                0.4      0.2      0.4     -0.4      0.0     -0.2           0.4
 
  2018          0.7      0.3      0.6      0.6      0.7      0.3
                0.3      0.4     -0.2      0.0     -0.2     -0.2           0.3
 
  2019          0.9      0.2      0.9      0.6      0.4      0.3
                0.0      0.1      0.0     -0.1     -0.6     -0.6           0.2
 
  2020          0.4      0.4      0.4      0.5      1.1      0.6
                0.3      0.0      0.6     -0.4     -0.1     -0.8           0.3
 
  2021          1.2      0.2      0.4      0.3      1.1      0.4
                0.2      0.0      0.4     -0.1      0.4     -0.1           0.4
 
  2022          2.5      1.2      1.2      0.5      1.5      0.9
                0.5      0.2     -0.5      0.3      1.4     -0.1           0.8
 
  2023          2.2      1.0      1.1      1.0      1.3      0.3
                0.4      0.2     -0.6      0.6     -1.4      0.2           0.5
 
  2024          1.1      0.3      1.2      0.5      1.1      0.1
                0.5      0.5     -0.9      0.0     -0.3     -0.2           0.3
 
  2025          1.3      0.7      0.2      0.1      1.6      0.1
                0.0      0.0     -0.5      0.1     -0.6      0.2           0.3
 
  2026          2.3      0.3      0.3      0.2      0.4      0.8
                0.3      0.3                                               0.6
 
  AVGE          1.3      0.4      0.7      0.6      0.9      0.4
                0.2      0.2     -0.1     -0.0     -0.2     -0.2

  Table Total-        49.48   Mean-       0.36   Std. Dev.-       0.69
                              Min -      -1.45        Max -       2.45
        R35 monthly CPI index            PAGE  20, SERIES series

 E 18  Final adjustment ratios
  From  2015.Jan to 2026.Aug
  Observations        140
 -----------------------------------------------------------------------------
               Jan      Feb      Mar      Apr      May      Jun 
               Jul      Aug      Sep      Oct      Nov      Dec         AVGE  
 -----------------------------------------------------------------------------
  2015         99.5     99.5     99.9    100.3    100.6    100.7
              100.6    100.5    100.4     99.8     99.4     98.9         100.0
 
  2016         99.5     99.5     99.9    100.3    100.6    100.7
              100.6    100.5    100.4     99.8     99.4     98.9         100.0
 
  2017         99.5     99.5     99.9    100.2    100.6    100.7
              100.6    100.5    100.3     99.8     99.4     98.9         100.0
 
  2018         99.4     99.5     99.9    100.2    100.6    100.7
              100.7    100.5    100.3     99.8     99.4     98.8         100.0
 
  2019         99.4     99.5     99.9    100.2    100.7    100.8
              100.7    100.5    100.3     99.8     99.4     98.7         100.0
 
  2020         99.4     99.5     99.9    100.1    100.8    100.9
              100.8    100.6    100.2     99.7     99.2     98.6         100.0
 
  2021         99.4     99.6    100.0    100.1    100.9    101.0
              100.9    100.6    100.1     99.7     99.1     98.5         100.0
 
  2022         99.4     99.7    100.0    100.2    101.0    101.0
              100.9    100.6    100.0     99.6     99.0     98.5         100.0
 
  2023         99.4     99.8    100.1    100.2    101.0    101.0
              100.9    100.7     99.9     99.6     98.8     98.4         100.0
 
  2024         99.5     99.9    100.1    100.3    101.0    101.0
              100.9    100.7     99.8     99.6     98.8     98.4         100.0
 
  2025         99.5     99.9    100.1    100.3    101.0    100.9
              100.9    100.7     99.8     99.6     98.8     98.4         100.0
 
  2026         99.6    100.0    100.1    100.3    101.0    100.9
              100.8    100.7                                             100.4
 
  AVGE         99.5     99.6    100.0    100.2    100.8    100.9
              100.8    100.6    100.1     99.7     99.2     98.7

  Table Total-     14002.43   Mean-     100.02   Std. Dev.-       0.69
                              Min -      98.40        Max -     101.04

 E 18.A  Final adjustment ratio forecasts
  From  2026.Sep to 2027.Aug
  Observations         12
 -----------------------------------------------------------------------------
               Jan      Feb      Mar      Apr      May      Jun 
               Jul      Aug      Sep      Oct      Nov      Dec         AVGE  
 -----------------------------------------------------------------------------
  2026                                                          
                                 99.8     99.6     98.8     98.4          99.1
 
  2027         99.6    100.0    100.1    100.3    101.0    100.9
              100.8    100.6                                             100.4
 

  QS statistic for seasonality:
  log(Original Series)                               66.38  (P-Value =     0.0000)
  log(Original Series (EV adj))                      79.74  (P-Value =     0.0000)
  Residuals                                           0.78  (P-Value =     0.6760)
  log(Seasonally Adjusted Series)                     0.00  (P-Value =     1.0000)
  log(SA Series (EV adj))                             0.00  (P-Value =     1.0000)
  Irregular Series                                    0.56  (P-Value =     0.7574)
  Irregular Series (EV adj)                           0.00  (P-Value =     1.0000)

  QS statistic for seasonality (starting 2018.Sep):
  log(Original Series)                               50.62  (P-Value =     0.0000)
  log(Original Series (EV adj))                      62.36  (P-Value =     0.0000)
  Residuals                                           1.56  (P-Value =     0.4578)
  log(Seasonally Adjusted Series)                     0.00  (P-Value =     1.0000)
  log(SA Series (EV adj))                             0.00  (P-Value =     1.0000)
  Irregular Series                                    1.10  (P-Value =     0.5764)
  Irregular Series (EV adj)                           0.00  (P-Value =     1.0000)
        R35 monthly CPI index            PAGE  21, SERIES series


  Visually significant residual trading day peaks have been
  found in the spectral plots of the following series starting in 2018.Sep:

          differenced, transformed seasonally adjusted series (Table D11) (1 Trading Day peak(s))

          Irregular component (Table D13) (1 Seasonal and 
        R35 monthly CPI index            PAGE  22, SERIES series
 G 0  10*LOG(SPECTRUM) of the differenced, transformed Prior Adjusted Series
      (Table B1).  Spectrum estimated from 2018.Sep to 2026.Aug.
 ++++++++++I+++++++++++++++++++++++++++++++++++++++++++++++++++++++++++++I
     -32.50I                                                             I    -32.50
           I          S                                                  I
           I          S                                                  I
           I          S                                                  I
     -34.23I          S                   S                              I    -34.23
           I          S                   S                              I
           I          S                   S                              I
           I          S                   S                              I
     -35.97I          S                   S                              I    -35.97
           I          S                   S                              I
           I          S                   S                              I
           I          S                   S                              I
     -37.70I          S                   S                              I    -37.70
           I          S                   S                              I
           I          S                   S                   S          I
           I          S                   S         S         S          I
     -39.44I  *       S                   S         S         S          I    -39.44
           I  *       S                   S         S         S*         I
           I  *       S                   S         S         S*        SI
           I  *       S                   S         S         S*        SI
     -41.17I  *       S*                  S         S         S*        SI    -41.17
           I  *      *S*                  S         S         S*       *SI
           I  *     **S*                  S         S         S*       *SI
           I  *     **S*        S         S         S         S*       *SI
     -42.91I  *     **S*        S         S         S         S*       *SI    -42.91
           I  *     **S*        S*        S         S        *S*       *SI
           I  *     **S*        S*        S         S        *S*       *SI
           I  *     **S*        S*        S         S   *    *S*       *SI
     -44.64I  *     **S*        S*        S         S   *    *S*T      *SI    -44.64
           I  *    ***S*        S*       *S         S   *    *S*T      *SI
           I **    ***S*        S*       *S         S   *    *S*T      *SI
           I **    ***S*        S*       *S*        S*  *    *S*T     **SI
     -46.38I **    ***S*        S*       *S*        S* **    *S*T     **SI    -46.38
           I **    ***S*       *S*       *S*  *    *S* **    *S*T     **SI
           I **    ***S*       *S*      **S*  *    *S* **    *S*T     **SI
           I **    ***S*      **S*     ***S*  *    *S* **    *S*T     **SI
     -48.12I **    ***S**     **S*     ***S*  *    *S* **    *S*T     **SI    -48.12
           I****   ***S**    ***S*     ***S*  *    *S*T**   **S*T     **SI
           I****   ***S**    ***S*     ***S*  **   *S*T***  **S*T     **SI
           I****   ***S**    ***S*     ***S*  **   *S*T***  **S*T*    **SI
     -49.85I****  ****S**   ****S*     ***S* ***   *S*T***  **S*T*    **SI    -49.85
           I****  ****S**   ****S*     ***S*****   *S*T***  **S*T*   ***SI
           I****  ****S**   ****S**   ****S*****   *S*T*** ***S*T*   ***SI
           I****  ****S*** *****S**   ****S*****   *S*T*******S*T*   ***SI
     -51.59I****  ****S*********S**   ****S*****   *S*T*******S*T*   ***SI    -51.59
           I***** ****S*********S**   ****S*****   *S*T*******S*T*   ***SI
           I**********S*********S**   ****S*****  **S*T*******S*T**  ***SI
           I**********S*********S**   ****S****** **S*T*******S*T** ****SI
     -53.32I**********S*********S**   ****S****** **S*T*******S*T*******SI    -53.32
           I**********S*********S**  *****S****** **S*T*******S*T*******SI
           I**********S*********S*** *****S*********S*T*******S*T*******SI
           I**********S*********S*** *****S*********S*T*******S*T*******SI
     -55.06I**********S*********S*********S*********S*T*******S*T*******SI    -55.06
 ++++++++++I+++++++++++++++++++++++++++++++++++++++++++++++++++++++++++++I
            S=SEASONAL FREQUENCIES, T=TRADING DAY FREQUENCIES
        R35 monthly CPI index            PAGE  23, SERIES series
 G 1  10*LOG(SPECTRUM) of the differenced, transformed seasonally adjusted 
      data (Table D11).  Spectrum estimated from 2018.Sep to 2026.Aug.
 ++++++++++I+++++++++++++++++++++++++++++++++++++++++++++++++++++++++++++I
     -38.45I  *                                                          I    -38.45
           I  *                                                          I
           I  *                                                          I
           I  *                                                          I
     -39.88I  *                                                          I    -39.88
           I  *                                                          I
           I  *                                                          I
           I  *                                                          I
     -41.31I  *                                                          I    -41.31
           I  *                                                          I
           I  *                                                          I
           I  *                                                          I
     -42.74I  *                                                          I    -42.74
           I  *                                                          I
           I **                                         *       T        I
           I **     *                                   *       T        I
     -44.16I **     *                                   *       T        I    -44.16
           I **     *                                   *       T        I
           I***     *                                   *       T        I
           I****    *                          *        *       T        I
     -45.59I****    *                          *        *       T        I    -45.59
           I****    *                   *      *        **      T     *  I
           I****    *                   *      *        **      T     *  I
           I****    *                   *      *        **     *T*    *  I
     -47.02I****   **                   *      *        **     *T*    *  I    -47.02
           I****   **                   *      *        **     *T*    *  I
           I****   **                   *      *       ***     *T*   **  I
           I****   **               *   *      **      ***     *T*   *** I
     -48.45I****   **               *   *      **      ***     *T*   *** I    -48.45
           I****   **    *         **   *      **      ***    S*T*   ***SI
           I****   **    *   *     **  **      **      ***    S*T*   ***SI
           I****   **   **   *     **  **      **      ****   S*T*   ***SI
     -49.88I****   **   **   *     **  **      **      ****  *S*T*   ***SI    -49.88
           I****   **   **   **    **  **      **      ****  *S*T*   ***SI
           I****   **   **   **    **  **      **      *******S*T*   ***SI
           I*****  **   **   **    **  **     ***     T*******S*T** ****SI
     -51.31I*****  **   **   **    *** **     ***     T*******S*T** ****SI    -51.31
           I*****  **   **   **    *** **     ***     T*******S*T** ****SI
           I*****  **   **  ***   *******     ***     T*******S*T*******SI
           I***** ****  *** ****  ********    ***     T*******S*T*******SI
     -52.74I***** ****  *** ****  ********    ***     T*******S*T*******SI    -52.74
           I***** ****  *** ****  ********    ***     T*******S*T*******SI
           I**********  ********  ********    ****    T*******S*T*******SI
           I********** *********S*********    ****   *T*******S*T*******SI
     -54.17I********** *********S*********    ****   *T*******S*T*******SI    -54.17
           I********** *********S*********   *****   *T*******S*T*******SI
           I**********S*********S*********   *****   *T*******S*T*******SI
           I**********S*********S*********   *****   *T*******S*T*******SI
     -55.60I**********S*********S*********   *****  S*T*******S*T*******SI    -55.60
           I**********S*********S*********S  *****  S*T*******S*T*******SI
           I**********S*********S*********S  ****** S*T*******S*T*******SI
           I**********S*********S*********S ********S*T*******S*T*******SI
     -57.03I**********S*********S*********S*********S*T*******S*T*******SI    -57.03
 ++++++++++I+++++++++++++++++++++++++++++++++++++++++++++++++++++++++++++I
            S=SEASONAL FREQUENCIES, T=TRADING DAY FREQUENCIES
        R35 monthly CPI index            PAGE  24, SERIES series
 G 2  10*LOG(SPECTRUM) of the Irregular (Table D13).  
      Spectrum estimated from 2018.Sep to 2026.Aug.
 ++++++++++I+++++++++++++++++++++++++++++++++++++++++++++++++++++++++++++I
     -49.17I        *                                                    I    -49.17
           I        *                                                    I
           I        *                                           T        I
           I        *                                   *       T     *  I
     -50.39I        *                                   *       T     *  I    -50.39
           I        *                                   *       T     *  I
           I        *                                   *       T     *  I
           I        *        *                          *       T     *  I
     -51.60I        *        *                 *        *       T     *  I    -51.60
           I        *        **  *             *        *       T     *  I
           I        *        **  *             *        *       T     *  I
           I        *        **  *            **        *       T     *  I
     -52.81I        *        **  *            **       **       T     *  I    -52.81
           I        **       **  *     *      **       **       T     *  I
           I        **       ** S*     *      **       **    *  T*    *  I
           I        **  *    ** S*     **     **       **    *  T*    *  I
     -54.03I        **  *    ** S*     **     ***      **    *S*T*    *  I    -54.03
           I        **  *    ***S*     ***    ***      **    *S*T*    *  I
           I        **  *    ***S*     ***    ***      **    *S*T*    *  I
           I        ** **    ***S*     ***S  ****      **    *S*T*    *  I
     -55.24I        ** **    ***S*     ***S  ****      **    *S*T*    *  I    -55.24
           I        ** **    ***S**   ****S  ****      ***   *S*T*    *  I
           I        ** **    ***S**   ****S* *****     ***   *S*T*    *  I
           I        **S**    ***S**   ****S*******    T***  **S*T*   **  I
     -56.46I  *     **S**   ****S**   ****S*******    T***  **S*T*   **  I    -56.46
           I  *     **S***  ****S**   ****S********   T***  **S*T*   **  I
           I  *     **S***  ****S**   ****S*********  T***  **S*T*   **  I
           I  *     **S***  ****S**   ****S*********S*T***  **S*T*   **  I
     -57.67I  *     **S***  ****S**   ****S*********S*T***  **S*T*   **  I    -57.67
           I  *     **S***  ****S**   ****S*********S*T***  **S*T*   **  I
           I **     **S***  ****S**  *****S*********S*T**** **S*T*   **  I
           I **     **S***  ****S*** *****S*********S*T*******S*T*   **  I
     -58.88I **     **S***  ****S*** *****S*********S*T*******S*T*   **  I    -58.88
           I **    ***S*********S*** *****S*********S*T*******S*T*   *** I
           I **    ***S*********S*********S*********S*T*******S*T*   *** I
           I***    ***S*********S*********S*********S*T*******S*T*   *** I
     -60.10I***    ***S*********S*********S*********S*T*******S*T*   *** I    -60.10
           I***    ***S*********S*********S*********S*T*******S*T*   *** I
           I***    ***S*********S*********S*********S*T*******S*T**  *** I
           I****   ***S*********S*********S*********S*T*******S*T**  *** I
     -61.31I****   ***S*********S*********S*********S*T*******S*T**  ***SI    -61.31
           I****   ***S*********S*********S*********S*T*******S*T** ****SI
           I****   ***S*********S*********S*********S*T*******S*T** ****SI
           I****   ***S*********S*********S*********S*T*******S*T** ****SI
     -62.53I****   ***S*********S*********S*********S*T*******S*T*******SI    -62.53
           I****   ***S*********S*********S*********S*T*******S*T*******SI
           I****   ***S*********S*********S*********S*T*******S*T*******SI
           I****   ***S*********S*********S*********S*T*******S*T*******SI
     -63.74I****  ****S*********S*********S*********S*T*******S*T*******SI    -63.74
           I****  ****S*********S*********S*********S*T*******S*T*******SI
           I***** ****S*********S*********S*********S*T*******S*T*******SI
           I***** ****S*********S*********S*********S*T*******S*T*******SI
     -64.95I**********S*********S*********S*********S*T*******S*T*******SI    -64.95
 ++++++++++I+++++++++++++++++++++++++++++++++++++++++++++++++++++++++++++I
            S=SEASONAL FREQUENCIES, T=TRADING DAY FREQUENCIES
        R35 monthly CPI index            PAGE  25, SERIES series

  Peak probabilities for Tukey spectrum estimator
  Spectrum estimated from 2018.Sep to 2026.Aug.

                                          S1       S2       S3       S4       S5       S6       TD
                                        ------   ------   ------   ------   ------   ------   ------
  Model Residuals                        0.534    0.440    0.945*   0.118    0.356    0.471    0.793  
  Prior Adjusted Series (Table B1)       0.975*   0.917*   0.997**  0.967*   0.969*   0.869    0.197  
  Seasonally adjusted series (D11)       0.035    0.361    0.037    0.094    0.314    0.460    0.217  
  Irregular (D13)                        0.315    0.275    0.748    0.482    0.249    0.201    0.524  
  ----------
     ** - Peak Probability > 0.99,
      * - 0.90 < Peak Probability < 0.99



  NP statistic for residual seasonality:

  NP statistic for residual seasonality (Full series)
                                                  Residual Seasonality?
  log(Seasonally Adjusted Series)                          no
  log(Seasonally Adjusted Series (EV adj))                 no

  NP statistic for residual seasonality (Series start in 2018.Sep)
                                                  Residual Seasonality?
  log(Seasonally Adjusted Series)                          no
  log(Seasonally Adjusted Series (EV adj))                 no
