  Reading input spec file from series.spc

1

               U. S. Department of Commerce, U. S. Census Bureau

              X-13ARIMA-SEATS monthly seasonal adjustment Method,
                          Release Version 1.1 Build 62


           This software application provides an enhanced version of
             Statistics Canada's X-11-ARIMA extension (Dagum, 1980)
                 of the X-11 variant of the Census Method II of
                      Shiskin, Young and Musgrave (1967).

            It also provides an ARIMA model-based method following
       Hillmer and Tiao (1982) and Burman (1980) that is very similar
       to the update of the method of SEATS (Gomez and Maravall, 1996)
                produced at the Bank of Spain by G. Caporello and
               A. Maravall for TSW (Caporello and Maravall, 2004).
          The present application includes additional enhancements.

         X-13ARIMA-SEATS includes an automatic ARIMA model selection procedure
          based largely on the procedure of Gomez and Maravall (1998)
            as implemented in TRAMO (1996) and subsequent revisions.

              Primary Programmers: Brian Monsell, Mark Otto and,
                 for the ARIMA model-based signal extraction,
                      Gianluca Caporello and Victor Gomez


     Series Title- R35 monthly CPI index
     Series Name- series
     Sep 22, 2026  22.39.33 

        -Period covered-  1st month,2015 to  8th month,2026
        -Type of run - multiplicative seasonal adjustment

        -Sigma limits for graduating extreme values are  1.5 and  2.5 .
        -3x3 moving average used in section 1 of each iteration, 
         3x5 moving average in section 2 of iterations B and C,
         moving average for final seasonal factors chosen by Global MSR.
        -Spectral plots generated for selected series
        -Spectral plots generated for series starting in 2018.Sep

 FILE SAVE REQUESTS (* indicates file exists and will be overwritten)
  series.d10  final seasonal factors
  series.d11  final seasonally adjusted data
  series.d12  final trend cycle
  series.d13  final irregular component
  series.out  program output file
  series.err  program error file
  series.udg  seasonal adjustment and model diagnostics file
        R35 monthly CPI index            PAGE   1, SERIES series

     Contents of spc file series.spc

 Line #
 ------
      1: series { title="R35 monthly CPI index" start=2015.1 period=12 data=(
      2: 99.5 99.099999999999994 100.3 99.200000000000003 99.5 98.599999999999994
      3: 98.200000000000003 97.799999999999997 100.40000000000001 100.59999999999999 100.90000000000001 105.8
      4: 106.40000000000001 106.90000000000001 107.2 105.8 106.40000000000001 105.8
      5: 106.3 106.5 107.90000000000001 108.90000000000001 109.09999999999999 110.59999999999999
      6: 110.40000000000001 111.7 111.5 111.59999999999999 112.3 113.2
      7: 112.8 113 113.59999999999999 114.09999999999999 114.09999999999999 115
      8: 114.40000000000001 114.09999999999999 115.3 116.09999999999999 118.40000000000001 117.40000000000001
      9: 118.3 117.2 117.09999999999999 119.59999999999999 120.2 119.90000000000001
     10: 120.7 121.90000000000001 121.8 121.90000000000001 122.8 122.8
     11: 122.5 123.3 125.3 127.90000000000001 127.8 129.19999999999999
     12: 130 130.80000000000001 132.40000000000001 132.40000000000001 129.90000000000001 129
     13: 130.90000000000001 130.40000000000001 134 135.30000000000001 135.30000000000001 135.30000000000001
     14: 135.40000000000001 135.40000000000001 135.40000000000001 135.40000000000001 136.19999999999999 135.30000000000001
     15: 137 139.69999999999999 142.69999999999999 144.40000000000001 147.69999999999999 149
     16: 150.19999999999999 151.40000000000001 153.90000000000001 155.40000000000001 158.40000000000001 159.59999999999999
     17: 161.5 162.80000000000001 164.40000000000001 167 169.30000000000001 168.5
     18: 171.19999999999999 175.90000000000001 179.40000000000001 179.90000000000001 182.69999999999999 185.09999999999999
     19: 186.40000000000001 186.09999999999999 190.69999999999999 190.80000000000001 194 192.69999999999999
     20: 198.80000000000001 201.90000000000001 203.30000000000001 202.30000000000001 202.80000000000001 201.69999999999999
     21: 202.19999999999999 203.69999999999999 205.59999999999999 208.5 208.90000000000001 209.90000000000001
     22: 209.69999999999999 212.30000000000001 216.40000000000001 215.59999999999999 216 214.59999999999999
     23: 216.09999999999999 217.5 221.90000000000001 222.5 224.19999999999999 221.90000000000001
     24: 227.5 226.59999999999999 227.69999999999999 231 233.5 231.59999999999999
     25: 231.30000000000001 233.30000000000001
     26: ) }
     27: transform { function=log }
     28: automdl { }
     29: outlier { types=(ao ls tc) }
     30: x11 { mode=mult save=(d10 d11 d12 d13) appendfcst=no appendbcst=no savelog=all }
     31: spectrum { logqs=yes robustsa=no print=all savelog=all }
     32: check { }
        R35 monthly CPI index            PAGE   2, SERIES series

 A 1  Time series data (for the span analyzed)
  From  2015.Jan to 2026.Aug
  Observations        140
 -----------------------------------------------------------------------------
               Jan      Feb      Mar      Apr      May      Jun 
               Jul      Aug      Sep      Oct      Nov      Dec        TOTAL  
 -----------------------------------------------------------------------------
  2015         100.      99.     100.      99.     100.      99.
                98.      98.     100.     101.     101.     106.         1200.
 
  2016         106.     107.     107.     106.     106.     106.
               106.     107.     108.     109.     109.     111.         1288.
 
  2017         110.     112.     112.     112.     112.     113.
               113.     113.     114.     114.     114.     115.         1353.
 
  2018         114.     114.     115.     116.     118.     117.
               118.     117.     117.     120.     120.     120.         1408.
 
  2019         121.     122.     122.     122.     123.     123.
               123.     123.     125.     128.     128.     129.         1488.
 
  2020         130.     131.     132.     132.     130.     129.
               131.     130.     134.     135.     135.     135.         1586.
 
  2021         135.     135.     135.     135.     136.     135.
               137.     140.     143.     144.     148.     149.         1674.
 
  2022         150.     151.     154.     155.     158.     160.
               162.     163.     164.     167.     169.     169.         1922.
 
  2023         171.     176.     179.     180.     183.     185.
               186.     186.     191.     191.     194.     193.         2215.
 
  2024         199.     202.     203.     202.     203.     202.
               202.     204.     206.     209.     209.     210.         2450.
 
  2025         210.     212.     216.     216.     216.     215.
               216.     218.     222.     223.     224.     222.         2609.
 
  2026         228.     227.     228.     231.     234.     232.
               231.     233.                                             1842.
 
  AVGE         148.     149.     150.     151.     152.     151.
               152.     153.     148.     149.     150.     151.

  Table Total-     21034.30   Mean-     150.24   Std. Dev.-      42.55
                              Min -      97.80        Max -     233.50
        R35 monthly CPI index            PAGE   3, SERIES series
                        Automatic ARIMA Model Selection

                    Procedure based closely on TRAMO method 
                         of Gomez and Maravall (2000)
              "Automatic Modeling Methods for Univariate Series",
                            A Course in Time Series
                  (Edited by D. Pena, G. C. Tiao, R. S. Tsay),
                         New York : J. Wiley and Sons


     Maximum order for regular ARMA parameters :   2
     Maximum order for seasonal ARMA parameters :   1
     Maximum order for regular differencing :   2
     Maximum order for seasonal differencing :   1

   Results of Unit Root Test for identifying orders of differencing:
     Regular difference order :   1
     Seasonal difference order :   0

     Mean is significant.

  Automatic model choice : (0 1 0)(1 0 1)


  Final Checks for Identified Model


  Checking for Unit Roots.
   No unit roots found.
   Nonseasonal MA not within  0.001 of 1.0 - model passes test.

  Checking for insignificant ARMA coefficients.

  Final automatic model choice : (0 1 0)(1 0 1)
   End of automatic model selection procedure.

 Average absolute percentage error in within-sample forecasts:
  Last year:   0.65      Last-1 year:   0.92     Last-2 year:   1.48
  Last three years:    1.02

 Estimation converged in   31 ARMA iterations,  122 function evaluations.

 Regression Model
 ------------------------------------------------------------------------------
                             Parameter        Standard
 Variable                     Estimate           Error      t-value
 ------------------------------------------------------------------------------
 Constant                       0.0057         0.00133         4.24

 Automatically Identified Outliers
   LS2015.Dec                   0.0417         0.00876         4.76
 ------------------------------------------------------------------------------


 ARIMA Model:  (0 1 0)(1 0 1)
   Nonseasonal differences: 1
                                              Standard
 Parameter                    Estimate          Errors
 -----------------------------------------------------
 Seasonal AR                                       
   Lag 12                       0.9028         0.05018

 Seasonal MA                                       
   Lag 12                       0.7493         0.07147

 Variance                       0.76345E-04
 SE of Var                      0.91578E-05
 -----------------------------------------------------

 Likelihood Statistics
 ------------------------------------------------------------------
 Number of observations (nobs)                                  140
 Effective number of observations (nefobs)                      139
 Number of parameters estimated (np)                              5
 Log likelihood                                            460.1153
 Transformation Adjustment                                -691.7739
 Adjusted Log likelihood (L)                              -231.6586
 AIC                                                       473.3171 
 AICC (F-corrected-AIC)                                    473.7682 
 Hannan Quinn                                              479.2796 
 BIC                                                       487.9895 
 ------------------------------------------------------------------


 DIAGNOSTIC CHECKING
  Sample Autocorrelations of the Residuals with the Ljung-Box diagnostic.

  Lag      1     2     3     4     5     6     7     8     9    10    11    12
  ACF  -0.02  0.06  0.02  0.13 -0.09  0.13  0.08  0.05  0.03  0.11  0.21 -0.04
  SE    0.08  0.08  0.09  0.09  0.09  0.09  0.09  0.09  0.09  0.09  0.09  0.09
  Q     0.04  0.59  0.65  3.23  4.54  6.86  7.92  8.37  8.48 10.46 17.33 17.54
  DF       0     0     1     2     3     4     5     6     7     8     9    10
  P    0.000 0.000 0.419 0.199 0.209 0.143 0.161 0.212 0.292 0.234 0.044 0.063

  Lag     13    14    15    16    17    18    19    20    21    22    23    24
  ACF   0.08 -0.03 -0.05 -0.13  0.09  0.05 -0.03  0.13  0.06  0.02 -0.08 -0.09
  SE    0.09  0.09  0.09  0.09  0.10  0.10  0.10  0.10  0.10  0.10  0.10  0.10
  Q    18.48 18.59 19.06 21.77 23.13 23.61 23.79 26.72 27.25 27.34 28.32 29.70
  DF      11    12    13    14    15    16    17    18    19    20    21    22
  P    0.071 0.099 0.121 0.083 0.081 0.098 0.125 0.084 0.099 0.126 0.131 0.126

  The P-values approximate the probability of observing a Q-value at least
  this large when the model fitted is correct.  When DF is positive, small
  values of P, customarily those below 0.05, indicate model inadequacy.

  Sample Autocorrelations of the Residuals
                 -1.0 -0.8 -0.6 -0.4 -0.2  0.0  0.2  0.4  0.6  0.8  1.0
                   +----+----+----+----+----+----+----+----+----+----+
            1                           .   |   .                     -0.016
            2                           .   |XX .                      0.062
            3                           .   |X  .                      0.021
            4                           .   |XXX.                      0.133
            5                           . XX|   .                     -0.095
            6                           .   |XXX.                      0.126
            7                           .   |XX .                      0.085
            8                           .   |X  .                      0.055
            9                           .   |X  .                      0.027
           10                           .   |XXX.                      0.114
           11                          .    |XXXXX                     0.212
           12       - - - - - - - - -  .   X|    .  - - - - - - - -   -0.037
           13                          .    |XX  .                     0.077
           14                          .   X|    .                    -0.027
           15                          .   X|    .                    -0.054
           16                          . XXX|    .                    -0.130
           17                          .    |XX  .                     0.092
           18                          .    |X   .                     0.054
           19                          .   X|    .                    -0.034
           20                          .    |XXX .                     0.133
           21                          .    |X   .                     0.057
           22                          .    |X   .                     0.023
           23                          .  XX|    .                    -0.076
           24       - - - - - - - - -  .  XX|    .  - - - - - - - -   -0.090
  
  Sample Autocorrelations of the Squared Residuals with the Ljung-Box diagnostic.

  Lag      1     2     3     4     5     6     7     8     9    10    11    12
  ACF   0.06  0.05  0.05  0.10 -0.10 -0.09  0.04 -0.04  0.02  0.01  0.14 -0.04
  SE    0.08  0.09  0.09  0.09  0.09  0.09  0.09  0.09  0.09  0.09  0.09  0.09
  Q     0.57  0.86  1.21  2.65  4.20  5.50  5.71  5.96  5.99  6.02  8.84  9.09
  DF       0     0     1     2     3     4     5     6     7     8     9    10
  P    0.000 0.000 0.272 0.266 0.241 0.240 0.336 0.428 0.540 0.645 0.452 0.523

  Lag     13    14    15    16    17    18    19    20    21    22    23    24
  ACF  -0.06  0.02  0.15 -0.04 -0.07  0.14  0.00  0.05 -0.05  0.00 -0.01  0.16
  SE    0.09  0.09  0.09  0.09  0.09  0.09  0.09  0.09  0.09  0.09  0.09  0.09
  Q     9.75  9.81 13.38 13.69 14.43 17.70 17.70 18.19 18.54 18.54 18.57 23.10
  DF      11    12    13    14    15    16    17    18    19    20    21    22
  P    0.553 0.632 0.419 0.473 0.493 0.341 0.408 0.443 0.486 0.552 0.613 0.396

  The P-values approximate the probability of observing a Q-value at least
  this large when the model fitted is correct in a way that supports the
  standard interpretations of the test statistics, standard errors, and
  prediction intervals output by X-13ARIMA-SEATS. When DF is positive, small
  values of P, customarily those below 0.05, suggest that model-based
  inferences about statistical significance and uncertainty will be less
  dependable than usual.

  Sample Autocorrelations of the Squared Residuals
                 -1.0 -0.8 -0.6 -0.4 -0.2  0.0  0.2  0.4  0.6  0.8  1.0
                   +----+----+----+----+----+----+----+----+----+----+
            1                           .   |XX .                      0.063
            2                           .   |X  .                      0.045
            3                           .   |X  .                      0.049
            4                           .   |XX .                      0.100
            5                           .XXX|   .                     -0.103
            6                           . XX|   .                     -0.094
            7                           .   |X  .                      0.037
            8                           .  X|   .                     -0.041
            9                           .   |   .                      0.015
           10                           .   |   .                      0.013
           11                           .   |XXX.                      0.136
           12       - - - - - - - - -   .  X|   .   - - - - - - - -   -0.041
           13                           . XX|   .                     -0.065
           14                          .    |X   .                     0.020
           15                          .    |XXXX.                     0.150
           16                          .   X|    .                    -0.044
           17                          .  XX|    .                    -0.068
           18                          .    |XXXX.                     0.142
           19                          .    |    .                     0.000
           20                          .    |X   .                     0.054
           21                          .   X|    .                    -0.046
           22                          .    |    .                     0.000
           23                          .    |    .                    -0.012
           24       - - - - - - - - -  .    |XXXX.  - - - - - - - -    0.163
  
 Histogram of the Standardized and Mean-Centered Residuals
  Standard
  Deviations    Frequency
       -3 +#
          |
       -2 +#
          |#######
       -1 +#######################
          |#########################
        0 +############################
          |#######################
        1 +################
          |#########
        2 +####
          |#
        3 +#

  One '#'= 1 observation[s]

 Tabular Histogram of the Standardized and Mean-Centered Residuals

  Standard
  Deviations    Frequency

 -3.00                 1

 -2.50                 0

 -2.00                 1

 -1.50                 7

 -1.00                23

 -0.50                25

  0.00                28

  0.50                23

  1.00                16

  1.50                 9

  2.00                 4

  2.50                 1

  3.00                 1

 Summary Statistics for the Unstandardized Residuals
  Minimum                    -0.027
  Maximum                     0.025
  Median                      0.001
  Robust Std Dev              0.009

 Normality Statistics for regARIMA Model Residuals:

    Number of residuals  :    139

    Skewness coefficient :    0.1791    
    Geary's a            :    0.8062    
    Kurtosis             :    3.2535    

  No indication of lack of normality.

 Durbin-Watson Statistic for regARIMA Model Residuals:
  dw =     1.997119

 Friedman Non-Parametric Test for regARIMA Model Residuals:
  ken =     5.755245 ( Asymptotically distributed as Chi-Square(11), P-Value =     0.889186 )

 QS Statistic for regARIMA Model Residuals (full series):             0.00
                                                       (P-Value =     1.0000)

 QS Statistic for regARIMA Model Residuals (starting 2018.Sep):       0.01
                                                       (P-Value =     0.9928)
      10*LOG(SPECTRUM) of the regARIMA model residuals
      Spectrum estimated from 2018.Sep to 2026.Aug.
 ++++++++++I+++++++++++++++++++++++++++++++++++++++++++++++++++++++++++++I
     -34.47I            *                                                I    -34.47
           I            *                                                I
           I  *         *                                                I
           I  *         *                                                I
     -35.55I  *         *                                                I    -35.55
           I  *         *                                                I
           I  *         *                                                I
           I  *         *                                          *    SI
     -36.63I  *         *                                          *    SI    -36.63
           I  *         *                      *                   *    SI
           I  *         *                      *                   *    SI
           I  *         *                      *                   *    SI
     -37.71I  *         *                     **                   *    SI    -37.71
           I  *         *                     **                   *    SI
           I  *         *                     ***                  *    SI
           I **         *                     ***                  *    SI
     -38.79I **         *                     ***                  *    SI    -38.79
           I **         *     *              ****                  *    SI
           I **         *     *              ****     T            *    SI
           I **         *     **             ****     T            **   SI
     -39.87I **         *     **            *****     T            **   SI    -39.87
           I **         *     **       *    *****     T    *      ***   SI
           I ***        *     **       *    ******    T*   *      ***  *SI
           I****        *     **       *    ******    T*   *      ***  *SI
     -40.95I****        *     **       *    ******    T*   *      ***  *SI    -40.95
           I****        *     **       **   ******    T*   *      ***  *SI
           I****        **    **       **  *******    T*  **      ***  *SI
           I****       ***    **       **  *******    T*  **      ***  *SI
     -42.03I****       ***    **       **  *******    T*  **      ***  *SI    -42.03
           I****       ***    **       **  *******   *T*  **      ***  *SI
           I****       ***    **  *    **  ********  *T*  **      ***  *SI
           I****       ***    **  **   **  ********  *T*  **      **** *SI
     -43.12I****  *    ***    **  **  ****S********  *T*  ***    *******SI    -43.12
           I***** *    ***    **  **  ****S********  *T*  ***    *******SI
           I*******    ***    **  **  ****S********  *T** ***    *******SI
           I*******    ***    **S **  ****S*********S*T******   T*******SI
     -44.20I*******    ***    **S***  ****S*********S*T******   T*******SI    -44.20
           I*******    ***    **S***  ****S*********S*T******  *T*******SI
           I*******    ***    **S***  ****S*********S*T******  *T*******SI
           I********   ***    **S**** ****S*********S*T******* *T*******SI
     -45.28I********   ***    **S*********S*********S*T*******S*T*******SI    -45.28
           I********   ***   ***S*********S*********S*T*******S*T*******SI
           I********  S***   ***S*********S*********S*T*******S*T*******SI
           I********  S***   ***S*********S*********S*T*******S*T*******SI
     -46.36I********  S***   ***S*********S*********S*T*******S*T*******SI    -46.36
           I********  S****  ***S*********S*********S*T*******S*T*******SI
           I********* S****  ***S*********S*********S*T*******S*T*******SI
           I********* S****  ***S*********S*********S*T*******S*T*******SI
     -47.44I**********S****  ***S*********S*********S*T*******S*T*******SI    -47.44
           I**********S****  ***S*********S*********S*T*******S*T*******SI
           I**********S****  ***S*********S*********S*T*******S*T*******SI
           I**********S****  ***S*********S*********S*T*******S*T*******SI
     -48.52I**********S*********S*********S*********S*T*******S*T*******SI    -48.52
 ++++++++++I+++++++++++++++++++++++++++++++++++++++++++++++++++++++++++++I
            S=SEASONAL FREQUENCIES, T=TRADING DAY FREQUENCIES


 FORECASTING
  Origin  2026.Aug
  Number        12

  Forecasts and Standard Errors of the Transformed Data
   ------------------------------
                         Standard
       Date   Forecast      Error
   ------------------------------
   2026.Sep       5.46      0.009
   2026.Oct       5.47      0.012
   2026.Nov       5.48      0.015
   2026.Dec       5.48      0.018
   2027.Jan       5.49      0.020
   2027.Feb       5.50      0.022
   2027.Mar       5.51      0.023
   2027.Apr       5.51      0.025
   2027.May       5.52      0.027
   2027.Jun       5.52      0.028
   2027.Jul       5.52      0.029
   2027.Aug       5.53      0.031
   ------------------------------

  Confidence intervals with coverage probability ( 0.95000
  On the Original Scale
   ---------------------------------------
       Date      Lower  Forecast     Upper
   ---------------------------------------
   2026.Sep     232.25    236.27    240.35
   2026.Oct     232.38    238.09    243.95
   2026.Nov     232.76    239.80    247.06
   2026.Dec     232.01    240.14    248.56
   2027.Jan     233.46    242.64    252.19
   2027.Feb     234.21    244.34    254.91
   2027.Mar     235.40    246.43    257.98
   2027.Apr     235.55    247.38    259.82
   2027.May     236.38    249.02    262.33
   2027.Jun     235.72    249.04    263.12
   2027.Jul     236.22    250.27    265.15
   2027.Aug     236.93    251.69    267.37
   ---------------------------------------
        R35 monthly CPI index            PAGE   4, SERIES series
  
 A 8  RegARIMA combined outlier component
      (LS outliers included)
  From  2015.Jan to 2026.Aug
  Observations        140
 -----------------------------------------------------------------------------
               Jan      Feb      Mar      Apr      May      Jun 
               Jul      Aug      Sep      Oct      Nov      Dec         AVGE  
 -----------------------------------------------------------------------------
  2015         95.9     95.9     95.9     95.9     95.9     95.9
               95.9     95.9     95.9     95.9     95.9    100.0          96.3
 
  2016        100.0    100.0    100.0    100.0    100.0    100.0
              100.0    100.0    100.0    100.0    100.0    100.0         100.0
 
  2017        100.0    100.0    100.0    100.0    100.0    100.0
              100.0    100.0    100.0    100.0    100.0    100.0         100.0
 
  2018        100.0    100.0    100.0    100.0    100.0    100.0
              100.0    100.0    100.0    100.0    100.0    100.0         100.0
 
  2019        100.0    100.0    100.0    100.0    100.0    100.0
              100.0    100.0    100.0    100.0    100.0    100.0         100.0
 
  2020        100.0    100.0    100.0    100.0    100.0    100.0
              100.0    100.0    100.0    100.0    100.0    100.0         100.0
 
  2021        100.0    100.0    100.0    100.0    100.0    100.0
              100.0    100.0    100.0    100.0    100.0    100.0         100.0
 
  2022        100.0    100.0    100.0    100.0    100.0    100.0
              100.0    100.0    100.0    100.0    100.0    100.0         100.0
 
  2023        100.0    100.0    100.0    100.0    100.0    100.0
              100.0    100.0    100.0    100.0    100.0    100.0         100.0
 
  2024        100.0    100.0    100.0    100.0    100.0    100.0
              100.0    100.0    100.0    100.0    100.0    100.0         100.0
 
  2025        100.0    100.0    100.0    100.0    100.0    100.0
              100.0    100.0    100.0    100.0    100.0    100.0         100.0
 
  2026        100.0    100.0    100.0    100.0    100.0    100.0
              100.0    100.0                                             100.0
 
  AVGE         99.7     99.7     99.7     99.7     99.7     99.7
               99.7     99.7     99.6     99.6     99.6    100.0

  Table Total-     13955.12   Mean-      99.68   Std. Dev.-       1.14
                              Min -      95.92        Max -     100.00

 A 8.A  RegARIMA outlier component
  From  2026.Sep to 2027.Aug
  Observations         12
 -----------------------------------------------------------------------------
               Jan      Feb      Mar      Apr      May      Jun 
               Jul      Aug      Sep      Oct      Nov      Dec         AVGE  
 -----------------------------------------------------------------------------
  2026                                                          
                                100.0    100.0    100.0    100.0         100.0
 
  2027        100.0    100.0    100.0    100.0    100.0    100.0
              100.0    100.0                                             100.0
 
        R35 monthly CPI index            PAGE   5, SERIES series
  
 B 1  Original series (prior adjusted)
      (adjusted for regARIMA factors)
  From  2015.Jan to 2026.Aug
  Observations        140
 -----------------------------------------------------------------------------
               Jan      Feb      Mar      Apr      May      Jun 
               Jul      Aug      Sep      Oct      Nov      Dec        TOTAL  
 -----------------------------------------------------------------------------
  2015         104.     103.     105.     103.     104.     103.
               102.     102.     105.     105.     105.     106.         1246.
 
  2016         106.     107.     107.     106.     106.     106.
               106.     107.     108.     109.     109.     111.         1288.
 
  2017         110.     112.     112.     112.     112.     113.
               113.     113.     114.     114.     114.     115.         1353.
 
  2018         114.     114.     115.     116.     118.     117.
               118.     117.     117.     120.     120.     120.         1408.
 
  2019         121.     122.     122.     122.     123.     123.
               123.     123.     125.     128.     128.     129.         1488.
 
  2020         130.     131.     132.     132.     130.     129.
               131.     130.     134.     135.     135.     135.         1586.
 
  2021         135.     135.     135.     135.     136.     135.
               137.     140.     143.     144.     148.     149.         1674.
 
  2022         150.     151.     154.     155.     158.     160.
               161.     163.     164.     167.     169.     168.         1922.
 
  2023         171.     176.     179.     180.     183.     185.
               186.     186.     191.     191.     194.     193.         2215.
 
  2024         199.     202.     203.     202.     203.     202.
               202.     204.     206.     209.     209.     210.         2450.
 
  2025         210.     212.     216.     216.     216.     215.
               216.     218.     222.     222.     224.     222.         2609.
 
  2026         227.     227.     228.     231.     234.     232.
               231.     233.                                             1842.
 
  AVGE         148.     149.     151.     151.     152.     152.
               152.     153.     148.     149.     151.     151.

  Table Total-     21080.84   Mean-     150.58   Std. Dev.-      42.16
                              Min -     101.96        Max -     233.50

 B 1.A  Forecasts of (prior adjusted) original series
  From  2026.Sep to 2027.Aug
  Observations         12
 -----------------------------------------------------------------------------
               Jan      Feb      Mar      Apr      May      Jun 
               Jul      Aug      Sep      Oct      Nov      Dec        TOTAL  
 -----------------------------------------------------------------------------
  2026                                                          
                                 236.     238.     240.     240.          954.
 
  2027         243.     244.     246.     247.     249.     249.
               250.     252.                                             1981.
 
        R35 monthly CPI index            PAGE   6, SERIES series

 C 17  Final weights for irregular component
  From  2015.Jan to 2026.Aug
  Observations        140
  Lower sigma limit    1.50
  Upper sigma limit    2.50
 -----------------------------------------------------------------------------
               Jan      Feb      Mar      Apr      May      Jun 
               Jul      Aug      Sep      Oct      Nov      Dec         S.D.  
 -----------------------------------------------------------------------------
  2015        100.0    100.0    100.0    100.0    100.0    100.0
              100.0      0.0    100.0    100.0    100.0    100.0           0.3
 
  2016        100.0    100.0    100.0    100.0    100.0    100.0
              100.0    100.0    100.0    100.0    100.0    100.0           0.3
 
  2017        100.0    100.0    100.0    100.0    100.0      0.0
              100.0    100.0    100.0    100.0    100.0    100.0           0.3
 
  2018        100.0     69.5    100.0    100.0     49.2    100.0
               82.3    100.0      0.0    100.0    100.0    100.0           0.4
 
  2019        100.0    100.0    100.0    100.0    100.0    100.0
              100.0    100.0    100.0    100.0    100.0    100.0           0.4
 
  2020        100.0    100.0    100.0     35.0      0.0      0.0
              100.0     40.9    100.0    100.0    100.0    100.0           0.4
 
  2021        100.0    100.0    100.0    100.0    100.0    100.0
              100.0    100.0    100.0    100.0    100.0    100.0           0.4
 
  2022        100.0    100.0    100.0    100.0    100.0    100.0
              100.0    100.0    100.0    100.0    100.0     92.2           0.4
 
  2023         40.1    100.0    100.0    100.0    100.0      0.0
              100.0    100.0    100.0     94.7    100.0      0.0           0.4
 
  2024        100.0    100.0    100.0    100.0    100.0    100.0
              100.0    100.0    100.0    100.0    100.0    100.0           0.4
 
  2025          9.5    100.0     53.8    100.0    100.0    100.0
              100.0    100.0    100.0    100.0    100.0    100.0           0.4
 
  2026          5.3    100.0     17.2    100.0    100.0    100.0
              100.0    100.0                                               0.4
 
        R35 monthly CPI index            PAGE   7, SERIES series

 D 8  Final unmodified SI ratios
  From  2015.Jan to 2026.Aug
  Observations        140
 -----------------------------------------------------------------------------
               Jan      Feb      Mar      Apr      May      Jun 
               Jul      Aug      Sep      Oct      Nov      Dec         AVGE  
 -----------------------------------------------------------------------------
  2015        100.6    100.0    101.0     99.8    100.2     99.3
               98.8     98.0    100.3    100.2    100.2    100.4          99.9
 
  2016        100.5    100.6    100.8     99.5    100.1     99.3
               99.4     99.1     99.9    100.4    100.0    100.8         100.0
 
  2017        100.0    100.7    100.1     99.9    100.1    100.4
               99.6     99.5     99.9    100.2    100.1    100.8         100.1
 
  2018        100.2     99.7    100.1     99.9    101.0     99.5
               99.9     98.8     98.5    100.4    100.6    100.0          99.9
 
  2019        100.2    100.8    100.2     99.9    100.1     99.6
               98.8     98.9     99.8    101.1    100.2    100.6         100.0
 
  2020        100.4    100.2    100.9    100.6     98.6     97.8
               99.0     98.1    100.3    100.9    100.6    100.5          99.8
 
  2021        100.5    100.4    100.2    100.0    100.1     98.7
               98.8     99.5    100.3    100.0    100.9    100.5         100.0
 
  2022        100.3    100.0    100.4     99.9    100.2     99.5
               99.6     99.4     99.6    100.3    100.8     99.2          99.9
 
  2023         99.4    100.7    101.1     99.9    100.2    100.3
               99.9     98.8    100.4     99.5    100.1     98.2          99.9
 
  2024        100.2    100.9    101.1    100.3    100.3     99.4
               99.2     99.4     99.6    100.3     99.9     99.9         100.0
 
  2025         99.3    100.1    101.6    100.7    100.3     99.1
               99.1     99.0    100.3    100.1    100.5     99.1         100.0
 
  2026        101.2    100.3    100.0    100.5    100.8     99.4
               98.8     99.3                                             100.0
 
  AVGE        100.2    100.4    100.6    100.1    100.2     99.4
               99.2     99.0     99.9    100.3    100.3    100.0

  Table Total-     13994.51   Mean-      99.96   Std. Dev.-       0.70
                              Min -      97.79        Max -     101.58
        R35 monthly CPI index            PAGE   8, SERIES series

 D 8.B  Final unmodified SI ratios, with labels for outliers and extreme values
  From  2015.Jan to 2026.Aug
  Observations        140
 ---------------------------------------------------------------------
               Jan       Feb       Mar       Apr       May       Jun  
               Jul       Aug       Sep       Oct       Nov       Dec  
 ---------------------------------------------------------------------
  2015       100.6     100.0     101.0      99.8     100.2      99.3  
              98.8      98.0*    100.3     100.2 -   100.2 -   100.4# 
 
  2016       100.5 -   100.6 -   100.8      99.5     100.1      99.3  
              99.4      99.1      99.9     100.4     100.0     100.8  
 
  2017       100.0     100.7     100.1      99.9     100.1     100.4* 
              99.6      99.5      99.9     100.2     100.1     100.8  
 
  2018       100.2      99.7*    100.1      99.9     101.0*     99.5  
              99.9*     98.8      98.5*    100.4     100.6     100.0  
 
  2019       100.2     100.8     100.2      99.9     100.1      99.6  
              98.8      98.9      99.8     101.1     100.2     100.6  
 
  2020       100.4     100.2     100.9     100.6*     98.6*     97.8* 
              99.0      98.1*    100.3     100.9     100.6     100.5  
 
  2021       100.5     100.4     100.2     100.0     100.1      98.7  
              98.8      99.5     100.3     100.0     100.9     100.5  
 
  2022       100.3     100.0     100.4      99.9     100.2      99.5  
              99.6      99.4      99.6     100.3     100.8      99.2* 
 
  2023        99.4*    100.7     101.1      99.9     100.2     100.3* 
              99.9      98.8     100.4      99.5*    100.1      98.2* 
 
  2024       100.2     100.9     101.1     100.3     100.3      99.4  
              99.2      99.4      99.6     100.3      99.9      99.9  
 
  2025        99.3*    100.1     101.6*    100.7     100.3      99.1  
              99.1      99.0     100.3     100.1     100.5      99.1  
 
  2026       101.2*    100.3     100.0*    100.5     100.8      99.4  
              98.8      99.3                                          
 

  Key to symbols:
    *  : extreme value as determined by X-11 extreme value procedure
    #  : regARIMA outlier (either AO, LS, TC, or Ramp)
    -  : values around a level shift most likely to be influenced by it
 
        R35 monthly CPI index            PAGE   9, SERIES series

 D 9  Final replacement values for SI ratios
  From  2015.Jan to 2026.Aug
  Observations        140
 ---------------------------------------------------------------
               Jan      Feb      Mar      Apr      May      Jun 
               Jul      Aug      Sep      Oct      Nov      Dec 
 ---------------------------------------------------------------
  2015     ******** ******** ******** ******** ******** ********
           ********     99.0 ******** ******** ******** ********
 
  2016     ******** ******** ******** ******** ******** ********
           ******** ******** ******** ******** ******** ********
 
  2017     ******** ******** ******** ******** ********     99.5
           ******** ******** ******** ******** ******** ********
 
  2018     ********     99.9 ******** ********    100.6 ********
               99.8 ********     99.8 ******** ******** ********
 
  2019     ******** ******** ******** ******** ******** ********
           ******** ******** ******** ******** ******** ********
 
  2020     ******** ******** ********    100.0     99.9     98.9
           ********     98.6 ******** ******** ******** ********
 
  2021     ******** ******** ******** ******** ******** ********
           ******** ******** ******** ******** ******** ********
 
  2022     ******** ******** ******** ******** ******** ********
           ******** ******** ******** ******** ********     99.2
 
  2023         99.9 ******** ******** ******** ********     99.4
           ******** ******** ********     99.5 ********     99.6
 
  2024     ******** ******** ******** ******** ******** ********
           ******** ******** ******** ******** ******** ********
 
  2025        100.1 ********    101.2 ******** ******** ********
           ******** ******** ******** ******** ******** ********
 
  2026        100.4 ********    100.7 ******** ******** ********
           ******** ********                                    
 

 D 9.A  Moving seasonality ratio
 ---------------------------------------------------------------
               Jan      Feb      Mar      Apr      May      Jun 
 ---------------------------------------------------------------
   I          0.207    0.478    0.350    0.185    0.209    0.286
   S          0.030    0.033    0.085    0.068    0.043    0.053
 RATIO        6.977   14.648    4.123    2.724    4.911    5.418



 ---------------------------------------------------------------
               Jul      Aug      Sep      Oct      Nov      Dec 
 ---------------------------------------------------------------
   I          0.428    0.400    0.407    0.439    0.340    0.497
   S          0.063    0.056    0.053    0.083    0.061    0.119
 RATIO        6.781    7.133    7.631    5.286    5.576    4.192



        R35 monthly CPI index            PAGE  10, SERIES series

 D 10  Final seasonal factors
  From  2015.Jan to 2026.Aug
  Observations        140
  Seasonal filter    3 x 5 moving average
 -----------------------------------------------------------------------------
               Jan      Feb      Mar      Apr      May      Jun 
               Jul      Aug      Sep      Oct      Nov      Dec         AVGE  
 -----------------------------------------------------------------------------
  2015       100.33   100.35   100.57    99.76   100.18    99.39
              99.35    99.14   100.00   100.26   100.15   100.53        100.00
 
  2016       100.32   100.35   100.53    99.78   100.20    99.41
              99.34    99.11    99.98   100.33   100.18   100.51        100.00
 
  2017       100.29   100.38   100.48    99.81   100.19    99.40
              99.34    99.04    99.96   100.43   100.24   100.49        100.00
 
  2018       100.27   100.41   100.41    99.86   100.17    99.35
              99.27    99.03    99.97   100.51   100.33   100.49        100.01
 
  2019       100.27   100.36   100.38    99.90   100.16    99.28
              99.25    99.04    99.97   100.54   100.47   100.38        100.00
 
  2020       100.27   100.35   100.42    99.93   100.15    99.23
              99.23    99.07   100.01   100.47   100.54   100.23         99.99
 
  2021       100.26   100.36   100.55    99.96   100.14    99.21
              99.26    99.10   100.03   100.37   100.53   100.06         99.99
 
  2022       100.23   100.41   100.69   100.03   100.15    99.20
              99.30    99.16   100.06   100.22   100.46    99.89         99.98
 
  2023       100.20   100.40   100.80   100.14   100.24    99.25
              99.33    99.20   100.04   100.13   100.39    99.69         99.98
 
  2024       100.16   100.41   100.89   100.27   100.33    99.31
              99.31    99.18   100.06   100.08   100.30    99.56         99.99
 
  2025       100.16   100.41   100.93   100.39   100.41    99.35
              99.21    99.15   100.06   100.11   100.22    99.53        100.00
 
  2026       100.17   100.39   100.94   100.49   100.45    99.34
              99.12    99.13                                            100.01
 
  AVGE       100.24   100.38   100.63   100.03   100.23    99.31
              99.28    99.11   100.01   100.32   100.35   100.12

  Table Total-     13999.35   Mean-     100.00   Std. Dev.-       0.50
                              Min -      99.03        Max -     100.94

 D 10.A  Final seasonal component forecasts
  From  2026.Sep to 2027.Aug
  Observations         12
 -----------------------------------------------------------------------------
               Jan      Feb      Mar      Apr      May      Jun 
               Jul      Aug      Sep      Oct      Nov      Dec         AVGE  
 -----------------------------------------------------------------------------
  2026                                                          
                               100.08   100.13   100.19    99.55         99.99
 
  2027       100.20   100.34   100.92   100.55   100.48    99.34
              99.06    99.15                                            100.00
 
        R35 monthly CPI index            PAGE  11, SERIES series

 D 11  Final seasonally adjusted data
  From  2015.Jan to 2026.Aug
  Observations        140
 -----------------------------------------------------------------------------
               Jan      Feb      Mar      Apr      May      Jun 
               Jul      Aug      Sep      Oct      Nov      Dec        TOTAL  
 -----------------------------------------------------------------------------
  2015          99.      99.     100.      99.      99.      99.
                99.      99.     100.     100.     101.     105.         1200.
 
  2016         106.     107.     107.     106.     106.     106.
               107.     107.     108.     109.     109.     110.         1288.
 
  2017         110.     111.     111.     112.     112.     114.
               114.     114.     114.     114.     114.     114.         1353.
 
  2018         114.     114.     115.     116.     118.     118.
               119.     118.     117.     119.     120.     119.         1408.
 
  2019         120.     121.     121.     122.     123.     124.
               123.     125.     125.     127.     127.     129.         1488.
 
  2020         130.     130.     132.     132.     130.     130.
               132.     132.     134.     135.     135.     135.         1586.
 
  2021         135.     135.     135.     135.     136.     136.
               138.     141.     143.     144.     147.     149.         1674.
 
  2022         150.     151.     153.     155.     158.     161.
               163.     164.     164.     167.     169.     169.         1923.
 
  2023         171.     175.     178.     180.     182.     187.
               188.     188.     191.     191.     193.     193.         2215.
 
  2024         198.     201.     202.     202.     202.     203.
               204.     205.     205.     208.     208.     211.         2450.
 
  2025         209.     211.     214.     215.     215.     216.
               218.     219.     222.     222.     224.     223.         2609.
 
  2026         227.     226.     226.     230.     232.     233.
               233.     235.                                             1843.
 
  AVGE         148.     148.     149.     150.     151.     152.
               153.     154.     148.     149.     150.     151.

  Table Total-     21036.01   Mean-     150.26   Std. Dev.-      42.57
                              Min -      98.65        Max -     235.34
        R35 monthly CPI index            PAGE  12, SERIES series

 D 12  Final trend cycle
  From  2015.Jan to 2026.Aug
  Observations        140
  Trend filter     9-term Henderson moving average
  I/C ratio        0.58
 -----------------------------------------------------------------------------
               Jan      Feb      Mar      Apr      May      Jun 
               Jul      Aug      Sep      Oct      Nov      Dec        TOTAL  
 -----------------------------------------------------------------------------
  2015          99.      99.      99.      99.      99.      99.
                99.     100.     100.     100.     101.     105.         1201.
 
  2016         106.     106.     106.     106.     106.     106.
               107.     107.     108.     108.     109.     110.         1287.
 
  2017         110.     111.     111.     112.     112.     113.
               113.     114.     114.     114.     114.     114.         1352.
 
  2018         114.     114.     115.     116.     117.     118.
               119.     119.     119.     119.     119.     120.         1410.
 
  2019         120.     121.     122.     122.     123.     123.
               124.     125.     126.     127.     128.     129.         1488.
 
  2020         130.     131.     131.     132.     132.     132.
               132.     133.     134.     134.     135.     135.         1589.
 
  2021         135.     135.     135.     135.     136.     137.
               138.     140.     142.     145.     147.     148.         1673.
 
  2022         150.     151.     153.     155.     158.     161.
               162.     164.     165.     166.     168.     170.         1924.
 
  2023         172.     175.     177.     180.     182.     185.
               187.     188.     190.     191.     193.     196.         2217.
 
  2024         198.     200.     201.     202.     202.     203.
               204.     205.     206.     208.     209.     210.         2449.
 
  2025         211.     212.     213.     214.     215.     216.
               218.     220.     221.     222.     223.     224.         2611.
 
  2026         225.     226.     228.     230.     232.     233.
               234.     235.                                             1842.
 
  AVGE         148.     148.     149.     150.     151.     152.
               153.     154.     148.     149.     150.     151.

  Table Total-     21042.58   Mean-     150.30   Std. Dev.-      42.56
                              Min -      99.07        Max -     235.01
        R35 monthly CPI index            PAGE  13, SERIES series

 D 13  Final irregular component
  From  2015.Jan to 2026.Aug
  Observations        140
 -----------------------------------------------------------------------------
               Jan      Feb      Mar      Apr      May      Jun 
               Jul      Aug      Sep      Oct      Nov      Dec         S.D.  
 -----------------------------------------------------------------------------
  2015        100.1     99.5    100.4    100.0    100.0    100.0
               99.6     99.1    100.4     99.9    100.0     99.8           0.4
 
  2016        100.1    100.2    100.2     99.7     99.9     99.9
              100.1    100.0    100.0    100.0     99.8    100.3           0.2
 
  2017         99.7    100.4     99.7    100.1     99.8    100.9
              100.1    100.3     99.9     99.8     99.9    100.4           0.3
 
  2018        100.1     99.4     99.8    100.1    100.7     99.9
              100.5     99.7     98.6    100.0    100.4     99.5           0.5
 
  2019        100.0    100.4     99.8     99.9    100.0    100.4
               99.7     99.9     99.8    100.5     99.7    100.1           0.3
 
  2020        100.0     99.8    100.4    100.7     98.6     98.8
              100.0     99.2    100.3    100.2     99.8    100.0           0.6
 
  2021        100.1    100.0     99.8    100.2    100.2     99.6
               99.7    100.5    100.1     99.5    100.2    100.4           0.3
 
  2022        100.0     99.7     99.9    100.0    100.0    100.2
              100.1    100.2     99.5    100.2    100.4     99.4           0.3
 
  2023         99.3    100.3    100.3     99.8     99.9    101.0
              100.5     99.6    100.4     99.6     99.9     98.6           0.6
 
  2024        100.0    100.3    100.0     99.9     99.9    100.1
               99.9    100.2     99.6    100.3     99.7    100.4           0.2
 
  2025         99.2     99.6    100.5    100.2     99.9     99.8
              100.0     99.9    100.3     99.9    100.2     99.6           0.3
 
  2026        101.1     99.9     99.0    100.0    100.4    100.0
               99.7    100.1                                               0.5
 
  S.D.          0.5      0.3      0.4      0.2      0.5      0.5
                0.3      0.4      0.5      0.3      0.3      0.5

  Table Total-     13995.37   Mean-      99.97   Std. Dev.-       0.41
                              Min -      98.56        Max -     101.10
        R35 monthly CPI index            PAGE  14, SERIES series

 D 16  Combined adjustment factors
  From  2015.Jan to 2026.Aug
  Observations        140
 -----------------------------------------------------------------------------
               Jan      Feb      Mar      Apr      May      Jun 
               Jul      Aug      Sep      Oct      Nov      Dec         AVGE  
 -----------------------------------------------------------------------------
  2015       100.33   100.35   100.57    99.76   100.18    99.39
              99.35    99.14   100.00   100.26   100.15   100.53        100.00
 
  2016       100.32   100.35   100.53    99.78   100.20    99.41
              99.34    99.11    99.98   100.33   100.18   100.51        100.00
 
  2017       100.29   100.38   100.48    99.81   100.19    99.40
              99.34    99.04    99.96   100.43   100.24   100.49        100.00
 
  2018       100.27   100.41   100.41    99.86   100.17    99.35
              99.27    99.03    99.97   100.51   100.33   100.49        100.01
 
  2019       100.27   100.36   100.38    99.90   100.16    99.28
              99.25    99.04    99.97   100.54   100.47   100.38        100.00
 
  2020       100.27   100.35   100.42    99.93   100.15    99.23
              99.23    99.07   100.01   100.47   100.54   100.23         99.99
 
  2021       100.26   100.36   100.55    99.96   100.14    99.21
              99.26    99.10   100.03   100.37   100.53   100.06         99.99
 
  2022       100.23   100.41   100.69   100.03   100.15    99.20
              99.30    99.16   100.06   100.22   100.46    99.89         99.98
 
  2023       100.20   100.40   100.80   100.14   100.24    99.25
              99.33    99.20   100.04   100.13   100.39    99.69         99.98
 
  2024       100.16   100.41   100.89   100.27   100.33    99.31
              99.31    99.18   100.06   100.08   100.30    99.56         99.99
 
  2025       100.16   100.41   100.93   100.39   100.41    99.35
              99.21    99.15   100.06   100.11   100.22    99.53        100.00
 
  2026       100.17   100.39   100.94   100.49   100.45    99.34
              99.12    99.13                                            100.01
 
  AVGE       100.24   100.38   100.63   100.03   100.23    99.31
              99.28    99.11   100.01   100.32   100.35   100.12

  Table Total-     13999.35   Mean-     100.00   Std. Dev.-       0.50
                              Min -      99.03        Max -     100.94

 D 16.A  Combined adjustment component forecasts
  From  2026.Sep to 2027.Aug
  Observations         12
 -----------------------------------------------------------------------------
               Jan      Feb      Mar      Apr      May      Jun 
               Jul      Aug      Sep      Oct      Nov      Dec         AVGE  
 -----------------------------------------------------------------------------
  2026                                                          
                               100.08   100.13   100.19    99.55         99.99
 
  2027       100.20   100.34   100.92   100.55   100.48    99.34
              99.06    99.15                                            100.00
 
        R35 monthly CPI index            PAGE  15, SERIES series

 E 4  Ratios of annual totals
  From          2015 to 2025
  Observations         11
 -----------------------------------
  Year       Unmodified     Modified
                  (D11)         (E2)
 -----------------------------------
  2015           100.01       100.00
 
  2016           100.00       100.00
 
  2017           100.00       100.00
 
  2018           100.00       100.00
 
  2019           100.00       100.00
 
  2020            99.99        99.99
 
  2021            99.99        99.99
 
  2022            99.98        99.98
 
  2023            99.98        99.98
 
  2024            99.98        99.98
 
  2025            99.99        99.99
 
        R35 monthly CPI index            PAGE  16, SERIES series

 E 5  Month-to-month percent change in the original series
  From  2015.Feb to 2026.Aug
  Observations        139
 -----------------------------------------------------------------------------
               Jan      Feb      Mar      Apr      May      Jun 
               Jul      Aug      Sep      Oct      Nov      Dec         AVGE  
 -----------------------------------------------------------------------------
  2015                  -0.4      1.2     -1.1      0.3     -0.9
               -0.4     -0.4      2.7      0.2      0.3      4.9           0.6
 
  2016          0.6      0.5      0.3     -1.3      0.6     -0.6
                0.5      0.2      1.3      0.9      0.2      1.4           0.4
 
  2017         -0.2      1.2     -0.2      0.1      0.6      0.8
               -0.4      0.2      0.5      0.4      0.0      0.8           0.3
 
  2018         -0.5     -0.3      1.1      0.7      2.0     -0.8
                0.8     -0.9     -0.1      2.1      0.5     -0.2           0.4
 
  2019          0.7      1.0     -0.1      0.1      0.7      0.0
               -0.2      0.7      1.6      2.1     -0.1      1.1           0.6
 
  2020          0.6      0.6      1.2      0.0     -1.9     -0.7
                1.5     -0.4      2.8      1.0      0.0      0.0           0.4
 
  2021          0.1      0.0      0.0      0.0      0.6     -0.7
                1.3      2.0      2.1      1.2      2.3      0.9           0.8
 
  2022          0.8      0.8      1.7      1.0      1.9      0.8
                1.2      0.8      1.0      1.6      1.4     -0.5           1.0
 
  2023          1.6      2.7      2.0      0.3      1.6      1.3
                0.7     -0.2      2.5      0.1      1.7     -0.7           1.1
 
  2024          3.2      1.6      0.7     -0.5      0.2     -0.5
                0.2      0.7      0.9      1.4      0.2      0.5           0.7
 
  2025         -0.1      1.2      1.9     -0.4      0.2     -0.6
                0.7      0.6      2.0      0.3      0.8     -1.0           0.5
 
  2026          2.5     -0.4      0.5      1.4      1.1     -0.8
               -0.1      0.9                                               0.6
 
  AVGE          0.8      0.7      0.9      0.0      0.7     -0.2
                0.5      0.3      1.6      1.0      0.7      0.6

  Table Total-        86.16   Mean-       0.62   Std. Dev.-       1.17
                              Min -      -1.89        Max -       4.86
        R35 monthly CPI index            PAGE  17, SERIES series

 E 6  Month-to-month percent change in seasonally adjusted series (D11)
  From  2015.Feb to 2026.Aug
  Observations        139
 -----------------------------------------------------------------------------
               Jan      Feb      Mar      Apr      May      Jun 
               Jul      Aug      Sep      Oct      Nov      Dec         AVGE  
 -----------------------------------------------------------------------------
  2015                  -0.4      1.0     -0.3     -0.1     -0.1
               -0.4     -0.2      1.8     -0.1      0.4      4.5           0.6
 
  2016          0.8      0.4      0.1     -0.6      0.1      0.2
                0.5      0.4      0.4      0.6      0.3      1.0           0.4
 
  2017          0.0      1.1     -0.3      0.8      0.2      1.6
               -0.3      0.5     -0.4     -0.0      0.2      0.5           0.3
 
  2018         -0.3     -0.4      1.1      1.2      1.7     -0.0
                0.8     -0.7     -1.0      1.6      0.7     -0.4           0.4
 
  2019          0.9      0.9     -0.1      0.6      0.5      0.9
               -0.2      0.9      0.7      1.5     -0.0      1.2           0.6
 
  2020          0.7      0.5      1.2      0.5     -2.1      0.2
                1.5     -0.2      1.8      0.5     -0.1      0.3           0.4
 
  2021          0.0     -0.1     -0.2      0.6      0.4      0.3
                1.2      2.1      1.2      0.8      2.1      1.4           0.8
 
  2022          0.6      0.6      1.4      1.6      1.8      1.7
                1.1      0.9      0.1      1.4      1.1      0.1           1.0
 
  2023          1.3      2.5      1.6      0.9      1.5      2.3
                0.6     -0.0      1.6     -0.0      1.4      0.0           1.1
 
  2024          2.7      1.3      0.2      0.1      0.2      0.5
                0.2      0.9      0.0      1.4     -0.0      1.2           0.7
 
  2025         -0.7      1.0      1.4      0.2      0.2      0.4
                0.8      0.7      1.1      0.2      0.7     -0.3           0.5
 
  2026          1.9     -0.6     -0.1      1.9      1.1      0.3
                0.1      0.8                                               0.7
 
  AVGE          0.7      0.6      0.6      0.6      0.5      0.7
                0.5      0.5      0.7      0.7      0.6      0.9

  Table Total-        87.16   Mean-       0.63   Std. Dev.-       1.04
                              Min -      -2.10        Max -       4.46
        R35 monthly CPI index            PAGE  18, SERIES series

 E 7  Month-to-month percent change in final trend cycle (D12)
  From  2015.Feb to 2026.Aug
  Observations        139
 -----------------------------------------------------------------------------
               Jan      Feb      Mar      Apr      May      Jun 
               Jul      Aug      Sep      Oct      Nov      Dec         AVGE  
 -----------------------------------------------------------------------------
  2015                   0.1      0.1      0.0     -0.1     -0.1
                0.1      0.3      0.4      0.4      0.4      4.7           0.6
 
  2016          0.5      0.3      0.1     -0.1     -0.0      0.2
                0.4      0.5      0.5      0.5      0.6      0.6           0.3
 
  2017          0.5      0.5      0.4      0.4      0.5      0.6
                0.5      0.2      0.1      0.0      0.1      0.0           0.3
 
  2018          0.1      0.3      0.6      1.0      1.0      0.7
                0.3      0.1      0.1      0.2      0.3      0.4           0.4
 
  2019          0.5      0.5      0.5      0.5      0.4      0.4
                0.5      0.6      0.8      0.9      0.8      0.8           0.6
 
  2020          0.8      0.8      0.5      0.2     -0.0     -0.0
                0.3      0.6      0.7      0.6      0.3      0.1           0.4
 
  2021         -0.0      0.0      0.1      0.2      0.4      0.8
                1.1      1.4      1.5      1.5      1.4      1.2           0.8
 
  2022          1.0      0.9      1.2      1.6      1.7      1.5
                1.2      0.9      0.8      0.7      0.9      1.1           1.1
 
  2023          1.4      1.6      1.6      1.5      1.3      1.3
                1.1      0.9      0.7      0.8      1.1      1.3           1.2
 
  2024          1.3      1.0      0.5      0.3      0.2      0.3
                0.4      0.5      0.6      0.7      0.6      0.5           0.6
 
  2025          0.5      0.5      0.5      0.5      0.5      0.5
                0.7      0.8      0.7      0.5      0.4      0.3           0.5
 
  2026          0.4      0.6      0.8      0.9      0.8      0.6
                0.4      0.4                                               0.6
 
  AVGE          0.6      0.6      0.6      0.6      0.6      0.6
                0.6      0.6      0.6      0.6      0.6      1.0

  Table Total-        86.85   Mean-       0.62   Std. Dev.-       0.83
                              Min -      -0.11        Max -       4.68
        R35 monthly CPI index            PAGE  19, SERIES series

 E 8  Month-to-month percent change in original series adjusted for calendar factors (A18)
  From  2015.Feb to 2026.Aug
  Observations        139
 -----------------------------------------------------------------------------
               Jan      Feb      Mar      Apr      May      Jun 
               Jul      Aug      Sep      Oct      Nov      Dec         AVGE  
 -----------------------------------------------------------------------------
  2015                  -0.4      1.2     -1.1      0.3     -0.9
               -0.4     -0.4      2.7      0.2      0.3      4.9           0.6
 
  2016          0.6      0.5      0.3     -1.3      0.6     -0.6
                0.5      0.2      1.3      0.9      0.2      1.4           0.4
 
  2017         -0.2      1.2     -0.2      0.1      0.6      0.8
               -0.4      0.2      0.5      0.4      0.0      0.8           0.3
 
  2018         -0.5     -0.3      1.1      0.7      2.0     -0.8
                0.8     -0.9     -0.1      2.1      0.5     -0.2           0.4
 
  2019          0.7      1.0     -0.1      0.1      0.7      0.0
               -0.2      0.7      1.6      2.1     -0.1      1.1           0.6
 
  2020          0.6      0.6      1.2      0.0     -1.9     -0.7
                1.5     -0.4      2.8      1.0      0.0      0.0           0.4
 
  2021          0.1      0.0      0.0      0.0      0.6     -0.7
                1.3      2.0      2.1      1.2      2.3      0.9           0.8
 
  2022          0.8      0.8      1.7      1.0      1.9      0.8
                1.2      0.8      1.0      1.6      1.4     -0.5           1.0
 
  2023          1.6      2.7      2.0      0.3      1.6      1.3
                0.7     -0.2      2.5      0.1      1.7     -0.7           1.1
 
  2024          3.2      1.6      0.7     -0.5      0.2     -0.5
                0.2      0.7      0.9      1.4      0.2      0.5           0.7
 
  2025         -0.1      1.2      1.9     -0.4      0.2     -0.6
                0.7      0.6      2.0      0.3      0.8     -1.0           0.5
 
  2026          2.5     -0.4      0.5      1.4      1.1     -0.8
               -0.1      0.9                                               0.6
 
  AVGE          0.8      0.7      0.9      0.0      0.7     -0.2
                0.5      0.3      1.6      1.0      0.7      0.6

  Table Total-        86.16   Mean-       0.62   Std. Dev.-       1.17
                              Min -      -1.89        Max -       4.86
        R35 monthly CPI index            PAGE  20, SERIES series

 E 18  Final adjustment ratios
  From  2015.Jan to 2026.Aug
  Observations        140
 -----------------------------------------------------------------------------
               Jan      Feb      Mar      Apr      May      Jun 
               Jul      Aug      Sep      Oct      Nov      Dec         AVGE  
 -----------------------------------------------------------------------------
  2015        100.3    100.3    100.6     99.8    100.2     99.4
               99.3     99.1    100.0    100.3    100.2    100.5         100.0
 
  2016        100.3    100.4    100.5     99.8    100.2     99.4
               99.3     99.1    100.0    100.3    100.2    100.5         100.0
 
  2017        100.3    100.4    100.5     99.8    100.2     99.4
               99.3     99.0    100.0    100.4    100.2    100.5         100.0
 
  2018        100.3    100.4    100.4     99.9    100.2     99.3
               99.3     99.0    100.0    100.5    100.3    100.5         100.0
 
  2019        100.3    100.4    100.4     99.9    100.2     99.3
               99.2     99.0    100.0    100.5    100.5    100.4         100.0
 
  2020        100.3    100.4    100.4     99.9    100.1     99.2
               99.2     99.1    100.0    100.5    100.5    100.2         100.0
 
  2021        100.3    100.4    100.6    100.0    100.1     99.2
               99.3     99.1    100.0    100.4    100.5    100.1         100.0
 
  2022        100.2    100.4    100.7    100.0    100.2     99.2
               99.3     99.2    100.1    100.2    100.5     99.9         100.0
 
  2023        100.2    100.4    100.8    100.1    100.2     99.2
               99.3     99.2    100.0    100.1    100.4     99.7         100.0
 
  2024        100.2    100.4    100.9    100.3    100.3     99.3
               99.3     99.2    100.1    100.1    100.3     99.6         100.0
 
  2025        100.2    100.4    100.9    100.4    100.4     99.3
               99.2     99.2    100.1    100.1    100.2     99.5         100.0
 
  2026        100.2    100.4    100.9    100.5    100.5     99.3
               99.1     99.1                                             100.0
 
  AVGE        100.2    100.4    100.6    100.0    100.2     99.3
               99.3     99.1    100.0    100.3    100.3    100.1

  Table Total-     13999.35   Mean-     100.00   Std. Dev.-       0.50
                              Min -      99.03        Max -     100.94

 E 18.A  Final adjustment ratio forecasts
  From  2026.Sep to 2027.Aug
  Observations         12
 -----------------------------------------------------------------------------
               Jan      Feb      Mar      Apr      May      Jun 
               Jul      Aug      Sep      Oct      Nov      Dec         AVGE  
 -----------------------------------------------------------------------------
  2026                                                          
                                100.1    100.1    100.2     99.6         100.0
 
  2027        100.2    100.3    100.9    100.5    100.5     99.3
               99.1     99.1                                             100.0
 

  QS statistic for seasonality:
  log(Original Series)                                9.81  (P-Value =     0.0074)
  log(Original Series (EV adj))                      10.72  (P-Value =     0.0047)
  Residuals                                           0.00  (P-Value =     1.0000)
  log(Seasonally Adjusted Series)                     0.00  (P-Value =     1.0000)
  log(SA Series (EV adj))                             0.00  (P-Value =     1.0000)
  Irregular Series                                    0.00  (P-Value =     1.0000)
  Irregular Series (EV adj)                           0.00  (P-Value =     1.0000)

  QS statistic for seasonality (starting 2018.Sep):
  log(Original Series)                                6.35  (P-Value =     0.0418)
  log(Original Series (EV adj))                       6.35  (P-Value =     0.0418)
  Residuals                                           0.01  (P-Value =     0.9928)
  log(Seasonally Adjusted Series)                     0.00  (P-Value =     1.0000)
  log(SA Series (EV adj))                             0.00  (P-Value =     1.0000)
  Irregular Series                                    0.00  (P-Value =     1.0000)
  Irregular Series (EV adj)                           0.00  (P-Value =     1.0000)


 WARNING: Series should not be a candidate for seasonal adjustment
          because the spectrum of the prior adjusted series (Table B1)
          has no visually significant seasonal peaks.

          If this is a component series of an indirectly adjusted
          composite series, consider using type = trend or type = summary
          in the x11 spec.
        R35 monthly CPI index            PAGE  21, SERIES series
 G 0  10*LOG(SPECTRUM) of the differenced, transformed Prior Adjusted Series
      (Table B1).  Spectrum estimated from 2018.Sep to 2026.Aug.
 ++++++++++I+++++++++++++++++++++++++++++++++++++++++++++++++++++++++++++I
     -29.03I                                                            SI    -29.03
           I                                                            SI
           I                                                            SI
           I                                                            SI
     -30.48I                                                            SI    -30.48
           I                                                            SI
           I                                                            SI
           I                                                            SI
     -31.93I                                                            SI    -31.93
           I                                                            SI
           I                                                            SI
           I                                                            SI
     -33.37I                                                            SI    -33.37
           I                                                            SI
           I                                                            SI
           I                                                            SI
     -34.82I                                                            SI    -34.82
           I                                                            SI
           I  *                *                                        SI
           I  *                *                                        SI
     -36.27I  *                *S                                       SI    -36.27
           I  *                *S                                  *    SI
           I  *                *S                                  *    SI
           I  *        *       *S                                  *    SI
     -37.72I  *       S**      *S              *                   *    SI    -37.72
           I  *       S**      *S*            **                   *    SI
           I  *       S**      *S*            **                   *    SI
           I  *       S**      *S*         *  **                   *    SI
     -39.16I **       S**      *S*         *  **                   *    SI    -39.16
           I **       S**      *S*         *  **                   *    SI
           I **       S**      *S*        S* ****                  *   *SI
           I **      *S**      *S*        S******                  **  *SI
     -40.61I ***     *S**      *S*        S******     T            **  *SI    -40.61
           I****     *S***     *S*        S*******    T           ***  *SI
           I****     *S***    **S*     *  S*******    T           ***  *SI
           I****     *S***    **S*     *  S*******    T   *       ***  *SI
     -42.06I****     *S***    **S*     *  S*******    T*  *       ***  *SI    -42.06
           I****     *S***    **S**    ***S*******    T*  **      ***  *SI
           I****    **S***    **S**    ***S*******    T*  **      ***  *SI
           I****    **S***    **S**    ***S********   T*  **     ****  *SI
     -43.51I****    **S***    **S**   ****S********   T*  **    T*******SI    -43.51
           I****    **S***    **S**   ****S********  *T*  **    T*******SI
           I*****  ***S***    **S**   ****S********  *T*  **    T*******SI
           I*****  ***S***    **S**   ****S********  *T* ***    T*******SI
     -44.95I*****  ***S****   **S**   ****S********* *T* ***    T*******SI    -44.95
           I**********S****   **S**   ****S*********S*T*****   *T*******SI
           I**********S****   **S**   ****S*********S*T*****   *T*******SI
           I**********S****  ***S***  ****S*********S*T*****   *T*******SI
     -46.40I**********S****  ***S*** *****S*********S*T******  *T*******SI    -46.40
           I**********S****  ***S*** *****S*********S*T******  *T*******SI
           I**********S****  ***S*** *****S*********S*T****** S*T*******SI
           I**********S***** ***S*********S*********S*T****** S*T*******SI
     -47.85I**********S*********S*********S*********S*T*******S*T*******SI    -47.85
 ++++++++++I+++++++++++++++++++++++++++++++++++++++++++++++++++++++++++++I
            S=SEASONAL FREQUENCIES, T=TRADING DAY FREQUENCIES
        R35 monthly CPI index            PAGE  22, SERIES series
 G 1  10*LOG(SPECTRUM) of the differenced, transformed seasonally adjusted 
      data (Table D11).  Spectrum estimated from 2018.Sep to 2026.Aug.
 ++++++++++I+++++++++++++++++++++++++++++++++++++++++++++++++++++++++++++I
     -33.52I  *                                                          I    -33.52
           I  *                                                          I
           I  *                                                          I
           I  *                                                          I
     -34.75I  *                                                          I    -34.75
           I  *                                                          I
           I  *                                                          I
           I  *                                                          I
     -35.98I  *                                                          I    -35.98
           I  *                                                          I
           I  *                                                          I
           I  *                                                    *     I
     -37.21I  *         *                                          *     I    -37.21
           I  *         *                                          *     I
           I  *         *                     *                    *     I
           I  *         *                     *                    *     I
     -38.44I  *         *                     **                   *     I    -38.44
           I  *         *                     **                   *     I
           I  *         *              *      **                   *     I
           I  *         *              *      **                   *     I
     -39.67I  *         *     *        *      **                   *     I    -39.67
           I  *         *     *        *     ***                  **     I
           I  *         *     *        *     ****                 **     I
           I **         **    *        *     ****                 ***    I
     -40.91I **         **    *        *     ****                 ***    I    -40.91
           I **         **    *        *    ******                ***    I
           I **         **    *        *    ******    T*  **      ***    I
           I **         **    *        **   ******    T*  **      ***    I
     -42.14I **         **    *        **   ******    T*  **      ***    I    -42.14
           I **        ***    *        **  *******    T*  **      ***    I
           I ***       ***    *        **  *******    T*  **      ***    I
           I ***  *    ***    *    *   **  *******    T*  **      ***    I
     -43.37I****  *    ***    *    *   **  ********   T*  **      ***    I    -43.37
           I****  *    ***    *    *   **  ********   T*  **      ***    I
           I****  *    ***    *    *   **  ********   T*  **      ***    I
           I****  *    ***    *    *   ***S********   T*  **      ****   I
     -44.60I****  *    ***    *    *  ****S********   T* ***     *****   I    -44.60
           I**** **    ***    *    *  ****S********   T*****     *****   I
           I**** **    ***   **    *  ****S********   T******    *****   I
           I**** **    ***   **   **  ****S********  *T******    *****   I
     -45.83I********   ***   **   **  ****S********  *T******    *****   I    -45.83
           I********   ***   **   *** ****S********* *T******    *****   I
           I********  S****  **   *** ****S********* *T******    *****   I
           I********  S****  ***  *** ****S*********S*T******   T*****   I
     -47.06I********  S****  ***  ********S*********S*T*******  T******  I    -47.06
           I********  S****  ***  ********S*********S*T******* *T******  I
           I********  S****  ***  ********S*********S*T*******S*T******  I
           I********  S****  ***  ********S*********S*T*******S*T******  I
     -48.29I**********S****  ***  ********S*********S*T*******S*T******  I    -48.29
           I**********S****  ***  ********S*********S*T*******S*T******  I
           I**********S*********  ********S*********S*T*******S*T******* I
           I**********S********* *********S*********S*T*******S*T******* I
     -49.52I**********S*********S*********S*********S*T*******S*T*******SI    -49.52
 ++++++++++I+++++++++++++++++++++++++++++++++++++++++++++++++++++++++++++I
            S=SEASONAL FREQUENCIES, T=TRADING DAY FREQUENCIES
        R35 monthly CPI index            PAGE  23, SERIES series
 G 2  10*LOG(SPECTRUM) of the Irregular (Table D13).  
      Spectrum estimated from 2018.Sep to 2026.Aug.
 ++++++++++I+++++++++++++++++++++++++++++++++++++++++++++++++++++++++++++I
     -41.80I                                   *                         I    -41.80
           I                                   **                        I
           I                                  ***                        I
           I                                 ****                        I
     -42.76I                 *               ****                        I    -42.76
           I                 *               ****                  *     I
           I                 *               ****                  *     I
           I                 *               ****                  *     I
     -43.73I                 *          *    ****                  *     I    -43.73
           I                 *         **    ****                  *     I
           I            *    *         **   *****                  *     I
           I            *    *         **   *****                  *     I
     -44.69I            *    *         **   *****                  *     I    -44.69
           I            *    *     *   **   ******                 *     I
           I           **    *     *   **   ******    T            *     I
           I           **    *     *   **   ******    T            *     I
     -45.66I           **    *     *   **   ******    T*   *       *     I    -45.66
           I           **    *     *   **   ******    T*   *       *     I
           I           **    *     *   **   ******    T*   *      **     I
           I           **    *     *   **  *******    T*   *      **     I
     -46.62I           **    *     *   *** *******    T*   *      ***    I    -46.62
           I           **    *     *   *** *******    T*   *      ***    I
           I           **    *     *   *** *******    T*   *      ***    I
           I           **    *     *   *** *******    T*   *      ***    I
     -47.59I           **    *     *   ***S*******    T*   *      ***    I    -47.59
           I           **    *     *  ****S*******    T*   *      ***    I
           I          S**    *     ** ****S*******    T*   *      ***    I
           I          S**    *     ** ****S********   T*  **      ***    I
     -48.55I         *S**    *    *** ****S********   T*  **      ***    I    -48.55
           I     *   *S**    **   *** ****S********   T*  **      ***    I
           I     *   *S**    **   *** ****S********  *T*  **     ****    I
           I     *  **S**    **   *** ****S********  *T*  **     ****    I
     -49.52I     ** **S**    **   ********S********  *T*  ***    ****    I    -49.52
           I     ** **S**    **   ********S********  *T*  ***    ****    I
           I     *****S***   **   ********S********  *T** ***    ****    I
           I     *****S***   **   ********S********* *T** ***    ****    I
     -50.48I    ******S***  ***   ********S*********S*T** ***    *****   I    -50.48
           I    ******S***  ***   ********S*********S*T******    *****   I
           I    ******S***  ***   ********S*********S*T******   T*****   I
           I    ******S***  ***   ********S*********S*T******   T*****   I
     -51.45I    ******S***  ***   ********S*********S*T******   T*****  SI    -51.45
           I    ******S***  ***   ********S*********S*T******   T*****  SI
           I    ******S***  ***   ********S*********S*T******   T***** *SI
           I    ******S***  ***   ********S*********S*T******   T*******SI
     -52.41I    ******S***  ***   ********S*********S*T******   T*******SI    -52.41
           I    ******S***  ***   ********S*********S*T******* *T*******SI
           I    ******S***  ***  *********S*********S*T******* *T*******SI
           I   *******S**** ***  *********S*********S*T******* *T*******SI
     -53.38I   *******S********* *********S*********S*T*******S*T*******SI    -53.38
           I   *******S********* *********S*********S*T*******S*T*******SI
           I*  *******S********* *********S*********S*T*******S*T*******SI
           I** *******S********* *********S*********S*T*******S*T*******SI
     -54.34I**********S*********S*********S*********S*T*******S*T*******SI    -54.34
 ++++++++++I+++++++++++++++++++++++++++++++++++++++++++++++++++++++++++++I
            S=SEASONAL FREQUENCIES, T=TRADING DAY FREQUENCIES
        R35 monthly CPI index            PAGE  24, SERIES series

  Peak probabilities for Tukey spectrum estimator
  Spectrum estimated from 2018.Sep to 2026.Aug.

                                          S1       S2       S3       S4       S5       S6       TD
                                        ------   ------   ------   ------   ------   ------   ------
  Model Residuals                        0.274    0.021    0.092    0.256    0.445    0.532    0.735  
  Prior Adjusted Series (Table B1)       0.402    0.955*   0.668    0.167    0.484    0.996**  0.752  
  Seasonally adjusted series (D11)       0.164    0.067    0.211    0.073    0.938*   0.621    0.828  
  Irregular (D13)                        0.380    0.049    0.269    0.045    0.785    0.670    0.874  
  ----------
     ** - Peak Probability > 0.99,
      * - 0.90 < Peak Probability < 0.99



  NP statistic for residual seasonality:

  NP statistic for residual seasonality (Full series)
                                                  Residual Seasonality?
  log(Seasonally Adjusted Series)                          no
  log(Seasonally Adjusted Series (EV adj))                 no

  NP statistic for residual seasonality (Series start in 2018.Sep)
                                                  Residual Seasonality?
  log(Seasonally Adjusted Series)                          no
  log(Seasonally Adjusted Series (EV adj))                 no
