  Reading input spec file from series.spc

1

               U. S. Department of Commerce, U. S. Census Bureau

              X-13ARIMA-SEATS monthly seasonal adjustment Method,
                          Release Version 1.1 Build 62


           This software application provides an enhanced version of
             Statistics Canada's X-11-ARIMA extension (Dagum, 1980)
                 of the X-11 variant of the Census Method II of
                      Shiskin, Young and Musgrave (1967).

            It also provides an ARIMA model-based method following
       Hillmer and Tiao (1982) and Burman (1980) that is very similar
       to the update of the method of SEATS (Gomez and Maravall, 1996)
                produced at the Bank of Spain by G. Caporello and
               A. Maravall for TSW (Caporello and Maravall, 2004).
          The present application includes additional enhancements.

         X-13ARIMA-SEATS includes an automatic ARIMA model selection procedure
          based largely on the procedure of Gomez and Maravall (1998)
            as implemented in TRAMO (1996) and subsequent revisions.

              Primary Programmers: Brian Monsell, Mark Otto and,
                 for the ARIMA model-based signal extraction,
                      Gianluca Caporello and Victor Gomez


     Series Title- R35 monthly CPI index
     Series Name- series
     Sep 22, 2026  22.39.03 

        -Period covered-  1st month,2015 to  8th month,2026
        -Type of run - multiplicative seasonal adjustment

        -Sigma limits for graduating extreme values are  1.5 and  2.5 .
        -3x3 moving average used in section 1 of each iteration, 
         3x5 moving average in section 2 of iterations B and C,
         moving average for final seasonal factors chosen by Global MSR.
        -Spectral plots generated for selected series
        -Spectral plots generated for series starting in 2018.Sep

 FILE SAVE REQUESTS (* indicates file exists and will be overwritten)
  series.d10  final seasonal factors
  series.d11  final seasonally adjusted data
  series.d12  final trend cycle
  series.d13  final irregular component
  series.out  program output file
  series.err  program error file
  series.udg  seasonal adjustment and model diagnostics file
        R35 monthly CPI index            PAGE   1, SERIES series

     Contents of spc file series.spc

 Line #
 ------
      1: series { title="R35 monthly CPI index" start=2015.1 period=12 data=(
      2: 101.8 100.59999999999999 99.400000000000006 99.599999999999994 99.900000000000006 100.3
      3: 101.2 99.299999999999997 100.3 100.2 98.799999999999997 98.599999999999994
      4: 104.09999999999999 104.2 103 106.40000000000001 103.40000000000001 102.8
      5: 104.2 103.09999999999999 103 103.5 103.7 101.59999999999999
      6: 104.59999999999999 103.7 104.7 102 102.7 102.2
      7: 103.7 103.59999999999999 103.40000000000001 103.7 104.09999999999999 103.3
      8: 109 106.2 105.40000000000001 106.3 106.3 105.59999999999999
      9: 105.8 104.7 106.5 106.40000000000001 106.3 104.7
     10: 111.40000000000001 108.3 110.09999999999999 106.09999999999999 109.8 108.09999999999999
     11: 107.2 108.59999999999999 109.59999999999999 109.7 109.59999999999999 108.3
     12: 117.2 112.3 115.09999999999999 112.2 114.40000000000001 115.2
     13: 114.09999999999999 113.90000000000001 115.90000000000001 113.5 113.3 111.90000000000001
     14: 119.7 117.8 116.2 117.7 117.40000000000001 117.8
     15: 117.3 116.3 115.5 116.2 115.3 113.5
     16: 121.40000000000001 119.5 119.8 116.7 119.7 121.09999999999999
     17: 120.3 121.7 121.3 121.8 122.59999999999999 119.2
     18: 129.90000000000001 129.30000000000001 128 125.40000000000001 128 129.69999999999999
     19: 129.80000000000001 130.40000000000001 129.09999999999999 128.09999999999999 128.40000000000001 123.90000000000001
     20: 135.09999999999999 132.19999999999999 130.40000000000001 134.80000000000001 133.90000000000001 132.30000000000001
     21: 132.30000000000001 133.80000000000001 131.90000000000001 131.40000000000001 130.40000000000001 126.59999999999999
     22: 137.90000000000001 133.09999999999999 132.90000000000001 129.19999999999999 133.59999999999999 133.09999999999999
     23: 133.80000000000001 132.40000000000001 132.69999999999999 134.59999999999999 132 128
     24: 141.69999999999999 135.80000000000001 133.5 135.40000000000001 135.5 136.09999999999999
     25: 134.80000000000001 134.40000000000001
     26: ) }
     27: transform { function=log }
     28: automdl { }
     29: outlier { types=(ao ls tc) }
     30: x11 { mode=mult save=(d10 d11 d12 d13) appendfcst=no appendbcst=no savelog=all }
     31: spectrum { logqs=yes robustsa=no print=all savelog=all }
     32: check { }
        R35 monthly CPI index            PAGE   2, SERIES series

 A 1  Time series data (for the span analyzed)
  From  2015.Jan to 2026.Aug
  Observations        140
 -----------------------------------------------------------------------------
               Jan      Feb      Mar      Apr      May      Jun 
               Jul      Aug      Sep      Oct      Nov      Dec        TOTAL  
 -----------------------------------------------------------------------------
  2015         102.     101.      99.     100.     100.     100.
               101.      99.     100.     100.      99.      99.         1200.
 
  2016         104.     104.     103.     106.     103.     103.
               104.     103.     103.     104.     104.     102.         1243.
 
  2017         105.     104.     105.     102.     103.     102.
               104.     104.     103.     104.     104.     103.         1242.
 
  2018         109.     106.     105.     106.     106.     106.
               106.     105.     107.     106.     106.     105.         1273.
 
  2019         111.     108.     110.     106.     110.     108.
               107.     109.     110.     110.     110.     108.         1307.
 
  2020         117.     112.     115.     112.     114.     115.
               114.     114.     116.     114.     113.     112.         1369.
 
  2021         120.     118.     116.     118.     117.     118.
               117.     116.     116.     116.     115.     114.         1401.
 
  2022         121.     120.     120.     117.     120.     121.
               120.     122.     121.     122.     123.     119.         1445.
 
  2023         130.     129.     128.     125.     128.     130.
               130.     130.     129.     128.     128.     124.         1540.
 
  2024         135.     132.     130.     135.     134.     132.
               132.     134.     132.     131.     130.     127.         1585.
 
  2025         138.     133.     133.     129.     134.     133.
               134.     132.     133.     135.     132.     128.         1593.
 
  2026         142.     136.     134.     135.     136.     136.
               135.     134.                                             1087.
 
  AVGE         119.     117.     117.     116.     117.     117.
               117.     117.     115.     115.     115.     113.

  Table Total-     16285.10   Mean-     116.32   Std. Dev.-      12.16
                              Min -      98.60        Max -     141.70
        R35 monthly CPI index            PAGE   3, SERIES series
                        Automatic ARIMA Model Selection

                    Procedure based closely on TRAMO method 
                         of Gomez and Maravall (2000)
              "Automatic Modeling Methods for Univariate Series",
                            A Course in Time Series
                  (Edited by D. Pena, G. C. Tiao, R. S. Tsay),
                         New York : J. Wiley and Sons


     Maximum order for regular ARMA parameters :   2
     Maximum order for seasonal ARMA parameters :   1
     Maximum order for regular differencing :   2
     Maximum order for seasonal differencing :   1

   Results of Unit Root Test for identifying orders of differencing:
     Regular difference order :   1
     Seasonal difference order :   1

     Mean is not significant.

  Automatic model choice : (0 1 1)(0 1 1)


  Final Checks for Identified Model


  Checking for Unit Roots.
   No unit roots found.

  Checking for nonseasonal overdifferencing.
   Nonseasonal MA not within  0.001 of 1.0 - model passes test.

  Checking for insignificant ARMA coefficients.

  Final automatic model choice : (0 1 1)(0 1 1)
   End of automatic model selection procedure.

 Average absolute percentage error in within-sample forecasts:
  Last year:   0.87      Last-1 year:   3.00     Last-2 year:   1.78
  Last three years:    1.88

 Estimation converged in    8 ARMA iterations,   25 function evaluations.

 Regression Model
 ------------------------------------------------------------------------------
                             Parameter        Standard
 Variable                     Estimate           Error      t-value
 ------------------------------------------------------------------------------
 Automatically Identified Outliers
   AO2016.Apr                   0.0407         0.01006         4.05
 ------------------------------------------------------------------------------


 ARIMA Model:  (0 1 1)(0 1 1)
   Nonseasonal differences: 1
   Seasonal differences:    1
                                              Standard
 Parameter                    Estimate          Errors
 -----------------------------------------------------
 Nonseasonal MA                                    
   Lag  1                       0.5495         0.07310

 Seasonal MA                                       
   Lag 12                       0.7087         0.07174

 Variance                       0.14167E-03
 SE of Var                      0.17778E-04
 -----------------------------------------------------

 Likelihood Statistics
 ------------------------------------------------------------------
 Number of observations (nobs)                                  140
 Effective number of observations (nefobs)                      127
 Number of parameters estimated (np)                              4
 Log likelihood                                            378.1684
 Transformation Adjustment                                -605.2273
 Adjusted Log likelihood (L)                              -227.0589
 AIC                                                       462.1177 
 AICC (F-corrected-AIC)                                    462.4456 
 Hannan Quinn                                              466.7399 
 BIC                                                       473.4945 
 ------------------------------------------------------------------


 DIAGNOSTIC CHECKING
  Sample Autocorrelations of the Residuals with the Ljung-Box diagnostic.

  Lag      1     2     3     4     5     6     7     8     9    10    11    12
  ACF  -0.07  0.00  0.17  0.07  0.11 -0.06 -0.08  0.07 -0.01 -0.01 -0.08 -0.08
  SE    0.09  0.09  0.09  0.09  0.09  0.09  0.09  0.09  0.09  0.09  0.09  0.09
  Q     0.57  0.57  4.27  4.86  6.36  6.87  7.65  8.24  8.25  8.26  9.24 10.10
  DF       0     0     1     2     3     4     5     6     7     8     9    10
  P    0.000 0.000 0.039 0.088 0.096 0.143 0.177 0.221 0.311 0.408 0.416 0.432

  Lag     13    14    15    16    17    18    19    20    21    22    23    24
  ACF   0.14 -0.02  0.01 -0.08  0.02  0.09 -0.15 -0.06  0.02 -0.16 -0.02 -0.04
  SE    0.10  0.10  0.10  0.10  0.10  0.10  0.10  0.10  0.10  0.10  0.10  0.10
  Q    12.73 12.81 12.83 13.82 13.86 15.01 18.52 19.02 19.09 23.02 23.11 23.33
  DF      11    12    13    14    15    16    17    18    19    20    21    22
  P    0.311 0.383 0.461 0.463 0.536 0.524 0.357 0.391 0.451 0.288 0.338 0.383

  The P-values approximate the probability of observing a Q-value at least
  this large when the model fitted is correct.  When DF is positive, small
  values of P, customarily those below 0.05, indicate model inadequacy.

  Sample Autocorrelations of the Residuals
                 -1.0 -0.8 -0.6 -0.4 -0.2  0.0  0.2  0.4  0.6  0.8  1.0
                   +----+----+----+----+----+----+----+----+----+----+
            1                           . XX|   .                     -0.066
            2                           .   |   .                      0.002
            3                           .   |XXXX                      0.167
            4                          .    |XX  .                     0.067
            5                          .    |XXX .                     0.105
            6                          .  XX|    .                    -0.061
            7                          .  XX|    .                    -0.076
            8                          .    |XX  .                     0.066
            9                          .    |    .                    -0.007
           10                          .    |    .                    -0.009
           11                          .  XX|    .                    -0.083
           12       - - - - - - - - -  .  XX|    .  - - - - - - - -   -0.078
           13                          .    |XXX .                     0.135
           14                          .   X|    .                    -0.023
           15                          .    |    .                     0.012
           16                          .  XX|    .                    -0.082
           17                          .    |    .                     0.016
           18                          .    |XX  .                     0.088
           19                          .XXXX|    .                    -0.152
           20                          .   X|    .                    -0.057
           21                          .    |X   .                     0.022
           22                          .XXXX|    .                    -0.159
           23                          .   X|    .                    -0.025
           24       - - - - - - - - -  .   X|    .  - - - - - - - -   -0.037
  
  Sample Autocorrelations of the Squared Residuals with the Ljung-Box diagnostic.

  Lag      1     2     3     4     5     6     7     8     9    10    11    12
  ACF  -0.04  0.01 -0.10 -0.02 -0.05 -0.01 -0.12 -0.04 -0.04  0.07 -0.02  0.14
  SE    0.09  0.09  0.09  0.09  0.09  0.09  0.09  0.09  0.09  0.09  0.09  0.09
  Q     0.24  0.26  1.50  1.53  1.85  1.85  3.72  3.94  4.18  4.79  4.87  7.75
  DF       0     0     1     2     3     4     5     6     7     8     9    10
  P    0.000 0.000 0.221 0.466 0.604 0.763 0.590 0.685 0.758 0.780 0.846 0.653

  Lag     13    14    15    16    17    18    19    20    21    22    23    24
  ACF  -0.06  0.12  0.02  0.02 -0.06 -0.00 -0.10  0.03 -0.01  0.07 -0.00  0.05
  SE    0.09  0.09  0.10  0.10  0.10  0.10  0.10  0.10  0.10  0.10  0.10  0.10
  Q     8.28 10.50 10.57 10.62 11.14 11.14 12.75 12.91 12.92 13.73 13.73 14.06
  DF      11    12    13    14    15    16    17    18    19    20    21    22
  P    0.688 0.572 0.646 0.715 0.743 0.801 0.753 0.797 0.843 0.844 0.881 0.899

  The P-values approximate the probability of observing a Q-value at least
  this large when the model fitted is correct in a way that supports the
  standard interpretations of the test statistics, standard errors, and
  prediction intervals output by X-13ARIMA-SEATS. When DF is positive, small
  values of P, customarily those below 0.05, suggest that model-based
  inferences about statistical significance and uncertainty will be less
  dependable than usual.

  Sample Autocorrelations of the Squared Residuals
                 -1.0 -0.8 -0.6 -0.4 -0.2  0.0  0.2  0.4  0.6  0.8  1.0
                   +----+----+----+----+----+----+----+----+----+----+
            1                           .  X|   .                     -0.043
            2                           .   |   .                      0.011
            3                           . XX|   .                     -0.097
            4                           .   |   .                     -0.015
            5                           .  X|   .                     -0.049
            6                           .   |   .                     -0.005
            7                           .XXX|   .                     -0.117
            8                          .   X|    .                    -0.040
            9                          .   X|    .                    -0.042
           10                          .    |XX  .                     0.066
           11                          .   X|    .                    -0.023
           12       - - - - - - - - -  .    |XXXX.  - - - - - - - -    0.142
           13                          .  XX|    .                    -0.060
           14                          .    |XXX .                     0.124
           15                          .    |X   .                     0.023
           16                          .    |    .                     0.018
           17                          .   X|    .                    -0.059
           18                          .    |    .                    -0.001
           19                          . XXX|    .                    -0.103
           20                          .    |X   .                     0.032
           21                          .    |    .                    -0.010
           22                          .    |XX  .                     0.072
           23                          .    |    .                    -0.000
           24       - - - - - - - - -  .    |X   .  - - - - - - - -    0.046
  
 Histogram of the Standardized and Mean-Centered Residuals
  Standard
  Deviations    Frequency
       -3 +
          |##
       -2 +
          |#########
       -1 +#################
          |########################
        0 +##########################
          |#####################
        1 +###############
          |#########
        2 +###
          |
        3 +

  Outlier [#

  One '#'= 1 observation[s]

 Tabular Histogram of the Standardized and Mean-Centered Residuals

  Standard
  Deviations    Frequency

 -3.00                 0

 -2.50                 2

 -2.00                 0

 -1.50                 9

 -1.00                17

 -0.50                24

  0.00                26

  0.50                21

  1.00                15

  1.50                 9

  2.00                 3

  2.50                 0

  3.00                 0

  Residuals with |t|>3.25

  Obs       t-value
  -----------------
  2023.Mar     3.28

 Summary Statistics for the Unstandardized Residuals
  Minimum                    -0.030
  Maximum                     0.042
  Median                     -0.000
  Robust Std Dev              0.013

 Normality Statistics for regARIMA Model Residuals:

    Number of residuals  :    127

    Skewness coefficient :    0.2435    
    Geary's a            :    0.7970    
    Kurtosis             :    3.4487    

  No indication of lack of normality.

 Durbin-Watson Statistic for regARIMA Model Residuals:
  dw =     2.116203

 Friedman Non-Parametric Test for regARIMA Model Residuals:
  ken =    12.661538 ( Asymptotically distributed as Chi-Square(11), P-Value =     0.316021 )

 QS Statistic for regARIMA Model Residuals (full series):             0.00
                                                       (P-Value =     1.0000)

 QS Statistic for regARIMA Model Residuals (starting 2018.Sep):       0.00
                                                       (P-Value =     1.0000)
      10*LOG(SPECTRUM) of the regARIMA model residuals
      Spectrum estimated from 2018.Sep to 2026.Aug.
 ++++++++++I+++++++++++++++++++++++++++++++++++++++++++++++++++++++++++++I
     -32.34I                                              *              I    -32.34
           I                                              *              I
           I                                              *              I
           I                                         *    *              I
     -33.30I                                         *    *              I    -33.30
           I                                         *    *              I
           I                                         *    *              I
           I                                         *    *              I
     -34.26I                                         *    *              I    -34.26
           I   *                                     *    **             I
           I   *                                     *    **             I
           I   *                                     *    **             I
     -35.21I  **                                     *    **             I    -35.21
           I  **                                     *    **             I
           I  **                                     *    **             I
           I  **                                     *    **             I
     -36.17I  **    *                                *    ** *    *      I    -36.17
           I  **    *                                *    ** *    *      I
           I  **    *                        **      *    ****    *   *  I
           I  **    *                   **   **      *T   ****    *  **  I
     -37.13I  **    *                   **   **      *T   ****    *  **  I    -37.13
           I  **    *                   **   **      *T   ****    *  **  I
           I  **    *                   **   ** *    *T   ****    *  **  I
           I  **    *                   **   ****    *T   ****    *  **  I
     -38.08I  **    *                   **   *****  S*T   ****    ** **  I    -38.08
           I ****   *                   **   *****  S*T   ****S   ** **  I
           I ****   *                   **   *****  S*T   ****S   ** **  I
           I ****  ***               * ***   *****  S*T   ****S   ** **  I
     -39.04I ****  ***               *****   *****  S*T  *****S   *****  I    -39.04
           I ****  ***               *****   *****  S*T  *****S   *****  I
           I*****  ***               *****S ******  S*T  *****S  ******  I
           I*****  ***    *          *****S ******  S*T  *****S  ******  I
     -40.00I*****  ***    *          *****S ******  S*T  *****S  ******  I    -40.00
           I*****  ***    *    *     *****S ******* S*T  *****S  ******* I
           I*****  ***    *    *     *****S ******* S*T  *****S  ******* I
           I****** ***    **  **     *****S*********S*T  *****S* ******* I
     -40.95I**********    **  **     *****S*********S*T  *****S* ******* I    -40.95
           I**********    **  **    ******S*********S*T  *****S* ******* I
           I**********   ***  **    ******S*********S*T  *****S*T******* I
           I**********   ***  **    ******S*********S*T* *****S*T*******SI
     -41.91I**********   *******    ******S*********S*T* *****S*T*******SI    -41.91
           I**********   *******S   ******S*********S*T* *****S*T*******SI
           I**********S  *******S   ******S*********S*T*******S*T*******SI
           I**********S  *******S   ******S*********S*T*******S*T*******SI
     -42.87I**********S  *******S   ******S*********S*T*******S*T*******SI    -42.87
           I**********S  *******S   ******S*********S*T*******S*T*******SI
           I**********S ********S   ******S*********S*T*******S*T*******SI
           I**********S*********S   ******S*********S*T*******S*T*******SI
     -43.82I**********S*********S  *******S*********S*T*******S*T*******SI    -43.82
           I**********S*********S  *******S*********S*T*******S*T*******SI
           I**********S*********S* *******S*********S*T*******S*T*******SI
           I**********S*********S* *******S*********S*T*******S*T*******SI
     -44.78I**********S*********S*********S*********S*T*******S*T*******SI    -44.78
 ++++++++++I+++++++++++++++++++++++++++++++++++++++++++++++++++++++++++++I
            S=SEASONAL FREQUENCIES, T=TRADING DAY FREQUENCIES


 FORECASTING
  Origin  2026.Aug
  Number        12

  Forecasts and Standard Errors of the Transformed Data
   ------------------------------
                         Standard
       Date   Forecast      Error
   ------------------------------
   2026.Sep       4.90      0.012
   2026.Oct       4.90      0.013
   2026.Nov       4.90      0.014
   2026.Dec       4.87      0.015
   2027.Jan       4.96      0.016
   2027.Feb       4.93      0.017
   2027.Mar       4.92      0.018
   2027.Apr       4.92      0.019
   2027.May       4.93      0.019
   2027.Jun       4.93      0.020
   2027.Jul       4.93      0.021
   2027.Aug       4.93      0.021
   ------------------------------

  Confidence intervals with coverage probability ( 0.95000
  On the Original Scale
   ---------------------------------------
       Date      Lower  Forecast     Upper
   ---------------------------------------
   2026.Sep     131.55    134.66    137.84
   2026.Oct     131.54    134.95    138.44
   2026.Nov     130.34    133.99    137.75
   2026.Dec     126.68    130.48    134.40
   2027.Jan     137.66    142.05    146.59
   2027.Feb     133.56    138.06    142.70
   2027.Mar     132.31    136.98    141.83
   2027.Apr     131.77    136.64    141.69
   2027.May     133.16    138.29    143.61
   2027.Jun     133.07    138.39    143.93
   2027.Jul     132.57    138.06    143.78
   2027.Aug     132.28    137.95    143.86
   ---------------------------------------
        R35 monthly CPI index            PAGE   4, SERIES series
  
 A 8  RegARIMA combined outlier component
      (AO outliers included)
  From  2015.Jan to 2026.Aug
  Observations        140
 -----------------------------------------------------------------------------
               Jan      Feb      Mar      Apr      May      Jun 
               Jul      Aug      Sep      Oct      Nov      Dec         AVGE  
 -----------------------------------------------------------------------------
  2015        100.0    100.0    100.0    100.0    100.0    100.0
              100.0    100.0    100.0    100.0    100.0    100.0         100.0
 
  2016        100.0    100.0    100.0    104.2    100.0    100.0
              100.0    100.0    100.0    100.0    100.0    100.0         100.3
 
  2017        100.0    100.0    100.0    100.0    100.0    100.0
              100.0    100.0    100.0    100.0    100.0    100.0         100.0
 
  2018        100.0    100.0    100.0    100.0    100.0    100.0
              100.0    100.0    100.0    100.0    100.0    100.0         100.0
 
  2019        100.0    100.0    100.0    100.0    100.0    100.0
              100.0    100.0    100.0    100.0    100.0    100.0         100.0
 
  2020        100.0    100.0    100.0    100.0    100.0    100.0
              100.0    100.0    100.0    100.0    100.0    100.0         100.0
 
  2021        100.0    100.0    100.0    100.0    100.0    100.0
              100.0    100.0    100.0    100.0    100.0    100.0         100.0
 
  2022        100.0    100.0    100.0    100.0    100.0    100.0
              100.0    100.0    100.0    100.0    100.0    100.0         100.0
 
  2023        100.0    100.0    100.0    100.0    100.0    100.0
              100.0    100.0    100.0    100.0    100.0    100.0         100.0
 
  2024        100.0    100.0    100.0    100.0    100.0    100.0
              100.0    100.0    100.0    100.0    100.0    100.0         100.0
 
  2025        100.0    100.0    100.0    100.0    100.0    100.0
              100.0    100.0    100.0    100.0    100.0    100.0         100.0
 
  2026        100.0    100.0    100.0    100.0    100.0    100.0
              100.0    100.0                                             100.0
 
  AVGE        100.0    100.0    100.0    100.3    100.0    100.0
              100.0    100.0    100.0    100.0    100.0    100.0

  Table Total-     14004.16   Mean-     100.03   Std. Dev.-       0.35
                              Min -     100.00        Max -     104.16

 A 8.A  RegARIMA outlier component
  From  2026.Sep to 2027.Aug
  Observations         12
 -----------------------------------------------------------------------------
               Jan      Feb      Mar      Apr      May      Jun 
               Jul      Aug      Sep      Oct      Nov      Dec         AVGE  
 -----------------------------------------------------------------------------
  2026                                                          
                                100.0    100.0    100.0    100.0         100.0
 
  2027        100.0    100.0    100.0    100.0    100.0    100.0
              100.0    100.0                                             100.0
 
        R35 monthly CPI index            PAGE   5, SERIES series
  
 B 1  Original series (prior adjusted)
      (adjusted for regARIMA factors)
  From  2015.Jan to 2026.Aug
  Observations        140
 -----------------------------------------------------------------------------
               Jan      Feb      Mar      Apr      May      Jun 
               Jul      Aug      Sep      Oct      Nov      Dec        TOTAL  
 -----------------------------------------------------------------------------
  2015         102.     101.      99.     100.     100.     100.
               101.      99.     100.     100.      99.      99.         1200.
 
  2016         104.     104.     103.     102.     103.     103.
               104.     103.     103.     103.     104.     102.         1239.
 
  2017         105.     104.     105.     102.     103.     102.
               104.     104.     103.     104.     104.     103.         1242.
 
  2018         109.     106.     105.     106.     106.     106.
               106.     105.     107.     106.     106.     105.         1273.
 
  2019         111.     108.     110.     106.     110.     108.
               107.     109.     110.     110.     110.     108.         1307.
 
  2020         117.     112.     115.     112.     114.     115.
               114.     114.     116.     114.     113.     112.         1369.
 
  2021         120.     118.     116.     118.     117.     118.
               117.     116.     115.     116.     115.     114.         1401.
 
  2022         121.     120.     120.     117.     120.     121.
               120.     122.     121.     122.     123.     119.         1445.
 
  2023         130.     129.     128.     125.     128.     130.
               130.     130.     129.     128.     128.     124.         1540.
 
  2024         135.     132.     130.     135.     134.     132.
               132.     134.     132.     131.     130.     127.         1585.
 
  2025         138.     133.     133.     129.     134.     133.
               134.     132.     133.     135.     132.     128.         1593.
 
  2026         142.     136.     134.     135.     136.     136.
               135.     134.                                             1087.
 
  AVGE         119.     117.     117.     116.     117.     117.
               117.     117.     115.     115.     115.     113.

  Table Total-     16280.85   Mean-     116.29   Std. Dev.-      12.19
                              Min -      98.60        Max -     141.70

 B 1.A  Forecasts of (prior adjusted) original series
  From  2026.Sep to 2027.Aug
  Observations         12
 -----------------------------------------------------------------------------
               Jan      Feb      Mar      Apr      May      Jun 
               Jul      Aug      Sep      Oct      Nov      Dec        TOTAL  
 -----------------------------------------------------------------------------
  2026                                                          
                                 135.     135.     134.     130.          534.
 
  2027         142.     138.     137.     137.     138.     138.
               138.     138.                                             1106.
 
        R35 monthly CPI index            PAGE   6, SERIES series

 C 17  Final weights for irregular component
  From  2015.Jan to 2026.Aug
  Observations        140
  Lower sigma limit    1.50
  Upper sigma limit    2.50
 -----------------------------------------------------------------------------
               Jan      Feb      Mar      Apr      May      Jun 
               Jul      Aug      Sep      Oct      Nov      Dec         S.D.  
 -----------------------------------------------------------------------------
  2015        100.0    100.0    100.0    100.0    100.0    100.0
              100.0    100.0    100.0    100.0     98.1    100.0           0.5
 
  2016        100.0     22.0    100.0    100.0    100.0    100.0
              100.0    100.0    100.0    100.0     75.9    100.0           0.5
 
  2017          0.0    100.0     51.1    100.0    100.0    100.0
              100.0    100.0    100.0    100.0    100.0    100.0           0.5
 
  2018        100.0    100.0     20.7     27.7    100.0    100.0
              100.0    100.0    100.0    100.0    100.0    100.0           0.6
 
  2019        100.0    100.0     93.1     91.3     49.9    100.0
               23.5    100.0    100.0    100.0    100.0    100.0           0.6
 
  2020         65.3     47.0    100.0    100.0    100.0    100.0
              100.0    100.0     24.4    100.0    100.0    100.0           0.5
 
  2021        100.0    100.0      0.0      0.0    100.0    100.0
              100.0    100.0    100.0    100.0    100.0    100.0           0.5
 
  2022        100.0    100.0    100.0    100.0    100.0    100.0
              100.0    100.0    100.0    100.0    100.0    100.0           0.5
 
  2023        100.0      0.0    100.0     84.5    100.0    100.0
              100.0    100.0    100.0    100.0    100.0    100.0           0.5
 
  2024        100.0    100.0      0.0      0.0    100.0     66.0
              100.0     92.1    100.0    100.0    100.0    100.0           0.5
 
  2025        100.0    100.0    100.0      0.0    100.0    100.0
              100.0    100.0    100.0      0.0    100.0    100.0           0.5
 
  2026          4.5    100.0      0.0    100.0    100.0    100.0
              100.0    100.0                                               0.5
 
        R35 monthly CPI index            PAGE   7, SERIES series

 D 8  Final unmodified SI ratios
  From  2015.Jan to 2026.Aug
  Observations        140
 -----------------------------------------------------------------------------
               Jan      Feb      Mar      Apr      May      Jun 
               Jul      Aug      Sep      Oct      Nov      Dec         AVGE  
 -----------------------------------------------------------------------------
  2015        102.8    101.4     99.9     99.8     99.9    100.0
              100.8     99.0    100.0     99.9     98.4     97.9         100.0
 
  2016        102.8    102.4    100.7     99.4    100.2     99.4
              100.6     99.4     99.2     99.7     99.9     98.1         100.1
 
  2017        101.2    100.6    101.8     99.2     99.8     99.1
              100.3     99.9     99.3     99.3     99.4     98.3          99.9
 
  2018        103.5    100.6     99.7    100.5    100.4     99.7
               99.7     98.5    100.0     99.7     99.3     97.6          99.9
 
  2019        103.6    100.6    102.1     98.3    101.5     99.7
               98.5     99.4     99.8     99.4     98.8     97.1          99.9
 
  2020        104.6     99.8    101.8     98.9    100.4    100.9
               99.7     99.3    101.0     98.8     98.4     97.0         100.0
 
  2021        103.4    101.4     99.7    100.8    100.5    100.8
              100.4     99.6     98.9     99.4     98.5     96.7         100.0
 
  2022        103.2    101.4    101.4     98.4    100.6    101.2
               99.9    100.4     99.4     99.0     99.0     95.6         100.0
 
  2023        103.7    102.7    101.2     98.6    100.2    101.0
              100.7    100.8     99.6     98.7     98.9     95.2         100.1
 
  2024        103.5    100.9     99.1    102.2    101.3     99.9
               99.9    101.0     99.5     99.1     98.4     95.6         100.0
 
  2025        104.2    100.7    100.6     97.8    101.0    100.4
              100.8     99.5     99.5    100.8     98.6     95.4          99.9
 
  2026        105.4    100.8     99.0    100.4    100.4    100.9
               99.9     99.5                                             100.8
 
  AVGE        103.5    101.1    100.6     99.5    100.5    100.3
              100.1     99.7     99.7     99.4     98.9     96.8

  Table Total-     14005.50   Mean-     100.04   Std. Dev.-       1.69
                              Min -      95.24        Max -     105.41
        R35 monthly CPI index            PAGE   8, SERIES series

 D 8.B  Final unmodified SI ratios, with labels for outliers and extreme values
  From  2015.Jan to 2026.Aug
  Observations        140
 ---------------------------------------------------------------------
               Jan       Feb       Mar       Apr       May       Jun  
               Jul       Aug       Sep       Oct       Nov       Dec  
 ---------------------------------------------------------------------
  2015       102.8     101.4      99.9      99.8      99.9     100.0  
             100.8      99.0     100.0      99.9      98.4*     97.9  
 
  2016       102.8     102.4*    100.7      99.4#    100.2      99.4  
             100.6      99.4      99.2      99.7      99.9*     98.1  
 
  2017       101.2*    100.6     101.8*     99.2      99.8      99.1  
             100.3      99.9      99.3      99.3      99.4      98.3  
 
  2018       103.5     100.6      99.7*    100.5*    100.4      99.7  
              99.7      98.5     100.0      99.7      99.3      97.6  
 
  2019       103.6     100.6     102.1*     98.3*    101.5*     99.7  
              98.5*     99.4      99.8      99.4      98.8      97.1  
 
  2020       104.6*     99.8*    101.8      98.9     100.4     100.9  
              99.7      99.3     101.0*     98.8      98.4      97.0  
 
  2021       103.4     101.4      99.7*    100.8*    100.5     100.8  
             100.4      99.6      98.9      99.4      98.5      96.7  
 
  2022       103.2     101.4     101.4      98.4     100.6     101.2  
              99.9     100.4      99.4      99.0      99.0      95.6  
 
  2023       103.7     102.7*    101.2      98.6*    100.2     101.0  
             100.7     100.8      99.6      98.7      98.9      95.2  
 
  2024       103.5     100.9      99.1*    102.2*    101.3      99.9* 
              99.9     101.0*     99.5      99.1      98.4      95.6  
 
  2025       104.2     100.7     100.6      97.8*    101.0     100.4  
             100.8      99.5      99.5     100.8*     98.6      95.4  
 
  2026       105.4*    100.8      99.0*    100.4     100.4     100.9  
              99.9      99.5                                          
 

  Key to symbols:
    *  : extreme value as determined by X-11 extreme value procedure
    #  : regARIMA outlier (either AO, LS, TC, or Ramp)
 
        R35 monthly CPI index            PAGE   9, SERIES series

 D 9  Final replacement values for SI ratios
  From  2015.Jan to 2026.Aug
  Observations        140
 ---------------------------------------------------------------
               Jan      Feb      Mar      Apr      May      Jun 
               Jul      Aug      Sep      Oct      Nov      Dec 
 ---------------------------------------------------------------
  2015     ******** ******** ******** ******** ******** ********
           ******** ******** ******** ********     98.4 ********
 
  2016     ********    101.5 ******** ******** ******** ********
           ******** ******** ******** ********     99.7 ********
 
  2017        103.1 ********    101.3 ******** ******** ********
           ******** ******** ******** ******** ******** ********
 
  2018     ******** ********    100.8     99.6 ******** ********
           ******** ******** ******** ******** ******** ********
 
  2019     ******** ********    102.1     98.4    101.0 ********
               99.5 ******** ******** ******** ******** ********
 
  2020        104.3    100.4 ******** ******** ******** ********
           ******** ********    100.1 ******** ******** ********
 
  2021     ******** ********    101.3     99.1 ******** ********
           ******** ******** ******** ******** ******** ********
 
  2022     ******** ******** ******** ******** ******** ********
           ******** ******** ******** ******** ******** ********
 
  2023     ********    101.3 ********     98.8 ******** ********
           ******** ******** ******** ******** ******** ********
 
  2024     ******** ********    101.0     99.6 ********    100.3
           ********    100.9 ******** ******** ******** ********
 
  2025     ******** ******** ********     99.6 ******** ********
           ******** ******** ********     99.4 ******** ********
 
  2026        104.2 ********    100.7 ******** ******** ********
           ******** ********                                    
 

 D 9.A  Moving seasonality ratio
 ---------------------------------------------------------------
               Jan      Feb      Mar      Apr      May      Jun 
 ---------------------------------------------------------------
   I          0.310    0.285    0.370    0.417    0.421    0.440
   S          0.099    0.058    0.137    0.142    0.093    0.143
 RATIO        3.143    4.916    2.695    2.942    4.515    3.071



 ---------------------------------------------------------------
               Jul      Aug      Sep      Oct      Nov      Dec 
 ---------------------------------------------------------------
   I          0.546    0.531    0.411    0.351    0.423    0.356
   S          0.087    0.096    0.074    0.073    0.088    0.298
 RATIO        6.302    5.498    5.565    4.810    4.794    1.195



        R35 monthly CPI index            PAGE  10, SERIES series

 D 10  Final seasonal factors
  From  2015.Jan to 2026.Aug
  Observations        140
  Seasonal filter    3 x 5 moving average
 -----------------------------------------------------------------------------
               Jan      Feb      Mar      Apr      May      Jun 
               Jul      Aug      Sep      Oct      Nov      Dec         AVGE  
 -----------------------------------------------------------------------------
  2015       103.02   101.07   100.64    99.49   100.03    99.55
             100.45    99.28    99.60    99.63    99.18    98.01        100.00
 
  2016       103.08   101.01   100.74    99.42   100.12    99.57
             100.35    99.25    99.63    99.61    99.16    97.92         99.99
 
  2017       103.24   100.89   100.96    99.28   100.24    99.64
             100.18    99.25    99.67    99.52    99.14    97.78         99.98
 
  2018       103.40   100.78   101.22    99.11   100.35    99.80
             100.04    99.31    99.67    99.42    99.04    97.58         99.98
 
  2019       103.54   100.76   101.40    98.97   100.45   100.09
              99.93    99.39    99.66    99.32    98.94    97.26         99.98
 
  2020       103.59   100.84   101.47    98.84   100.49   100.40
              99.96    99.59    99.62    99.23    98.81    96.84         99.97
 
  2021       103.61   100.96   101.43    98.81   100.54   100.66
             100.02    99.88    99.58    99.13    98.73    96.40         99.98
 
  2022       103.62   101.04   101.31    98.90   100.58   100.76
             100.17   100.13    99.49    99.09    98.68    96.03         99.98
 
  2023       103.66   101.06   101.12    99.13   100.64   100.78
             100.23   100.23    99.47    99.11    98.66    95.76         99.99
 
  2024       103.78   101.04   100.93    99.37   100.70   100.72
             100.27   100.19    99.48    99.16    98.65    95.59         99.99
 
  2025       103.93   100.97   100.79    99.63   100.77   100.66
             100.22   100.09    99.52    99.20    98.61    95.54         99.99
 
  2026       104.05   100.94   100.66    99.82   100.81   100.61
             100.22    99.93                                            100.88
 
  AVGE       103.54   100.95   101.05    99.23   100.47   100.27
             100.17    99.71    99.58    99.31    98.87    96.79

  Table Total-     14004.99   Mean-     100.04   Std. Dev.-       1.56
                              Min -      95.54        Max -     104.05

 D 10.A  Final seasonal component forecasts
  From  2026.Sep to 2027.Aug
  Observations         12
 -----------------------------------------------------------------------------
               Jan      Feb      Mar      Apr      May      Jun 
               Jul      Aug      Sep      Oct      Nov      Dec         AVGE  
 -----------------------------------------------------------------------------
  2026                                                          
                                99.53    99.24    98.57    95.56         98.23
 
  2027       104.12   100.92   100.60    99.91   100.83   100.60
             100.21    99.81                                            100.88
 
        R35 monthly CPI index            PAGE  11, SERIES series

 D 11  Final seasonally adjusted data
  From  2015.Jan to 2026.Aug
  Observations        140
 -----------------------------------------------------------------------------
               Jan      Feb      Mar      Apr      May      Jun 
               Jul      Aug      Sep      Oct      Nov      Dec        TOTAL  
 -----------------------------------------------------------------------------
  2015          99.     100.      99.     100.     100.     101.
               101.     100.     101.     101.     100.     101.         1200.
 
  2016         101.     103.     102.     107.     103.     103.
               104.     104.     103.     104.     105.     104.         1243.
 
  2017         101.     103.     104.     103.     102.     103.
               104.     104.     104.     104.     105.     106.         1242.
 
  2018         105.     105.     104.     107.     106.     106.
               106.     105.     107.     107.     107.     107.         1274.
 
  2019         108.     107.     109.     107.     109.     108.
               107.     109.     110.     110.     111.     111.         1307.
 
  2020         113.     111.     113.     114.     114.     115.
               114.     114.     116.     114.     115.     116.         1369.
 
  2021         116.     117.     115.     119.     117.     117.
               117.     116.     116.     117.     117.     118.         1401.
 
  2022         117.     118.     118.     118.     119.     120.
               120.     122.     122.     123.     124.     124.         1446.
 
  2023         125.     128.     127.     127.     127.     129.
               130.     130.     130.     129.     130.     129.         1540.
 
  2024         130.     131.     129.     136.     133.     131.
               132.     134.     133.     133.     132.     132.         1585.
 
  2025         133.     132.     132.     130.     133.     132.
               134.     132.     133.     136.     134.     134.         1594.
 
  2026         136.     135.     133.     136.     134.     135.
               134.     134.                                             1078.
 
  AVGE         115.     116.     115.     117.     116.     117.
               117.     117.     116.     116.     116.     117.

  Table Total-     16279.59   Mean-     116.28   Std. Dev.-      12.02
                              Min -      98.77        Max -     136.18
        R35 monthly CPI index            PAGE  12, SERIES series

 D 12  Final trend cycle
  From  2015.Jan to 2026.Aug
  Observations        140
  Trend filter    13-term Henderson moving average
  I/C ratio        1.66
 -----------------------------------------------------------------------------
               Jan      Feb      Mar      Apr      May      Jun 
               Jul      Aug      Sep      Oct      Nov      Dec        TOTAL  
 -----------------------------------------------------------------------------
  2015          99.      99.      99.     100.     100.     100.
               100.     100.     100.     100.     100.     101.         1200.
 
  2016         101.     102.     102.     103.     103.     103.
               104.     104.     104.     104.     104.     104.         1237.
 
  2017         103.     103.     103.     103.     103.     103.
               103.     104.     104.     105.     105.     105.         1244.
 
  2018         105.     106.     106.     106.     106.     106.
               106.     106.     106.     107.     107.     107.         1274.
 
  2019         108.     108.     108.     108.     108.     108.
               109.     109.     110.     110.     111.     112.         1308.
 
  2020         112.     113.     113.     114.     114.     114.
               114.     115.     115.     115.     115.     115.         1369.
 
  2021         116.     116.     117.     117.     117.     117.
               117.     117.     117.     117.     117.     117.         1401.
 
  2022         118.     118.     118.     119.     119.     120.
               120.     121.     122.     123.     124.     125.         1446.
 
  2023         125.     126.     126.     127.     128.     129.
               129.     130.     130.     130.     130.     130.         1539.
 
  2024         130.     131.     131.     132.     132.     132.
               133.     133.     133.     133.     132.     132.         1585.
 
  2025         132.     132.     132.     132.     132.     133.
               133.     133.     133.     134.     134.     134.         1594.
 
  2026         134.     135.     135.     135.     135.     135.
               135.     135.                                             1079.
 
  AVGE         115.     116.     116.     116.     116.     117.
               117.     117.     116.     116.     116.     117.

  Table Total-     16274.61   Mean-     116.25   Std. Dev.-      12.02
                              Min -      98.94        Max -     134.98
        R35 monthly CPI index            PAGE  13, SERIES series

 D 13  Final irregular component
  From  2015.Jan to 2026.Aug
  Observations        140
 -----------------------------------------------------------------------------
               Jan      Feb      Mar      Apr      May      Jun 
               Jul      Aug      Sep      Oct      Nov      Dec         S.D.  
 -----------------------------------------------------------------------------
  2015         99.9    100.3     99.3    100.3     99.8    100.4
              100.3     99.6    100.4    100.3     99.2     99.9           0.4
 
  2016         99.8    101.4    100.0    104.1    100.1     99.8
              100.2    100.1     99.5    100.0    100.7    100.1           1.3
 
  2017         98.0     99.7    100.8    100.0     99.7     99.6
              100.2    100.7     99.6     99.7    100.1    100.5           0.7
 
  2018        100.0     99.8     98.5    101.4    100.2    100.0
               99.8     99.3    100.4    100.2    100.2     99.9           0.7
 
  2019        100.0     99.8    100.7     99.3    101.1     99.7
               98.7    100.1    100.2    100.1     99.8     99.8           0.6
 
  2020        100.9     98.9    100.3     99.9     99.9    100.4
               99.7     99.8    101.5     99.6     99.7    100.1           0.6
 
  2021         99.8    100.4     98.2    101.9     99.8    100.1
              100.4     99.8     99.4    100.4     99.8    100.4           0.8
 
  2022         99.7    100.4    100.1     99.5     99.9    100.4
               99.7    100.2     99.8    100.0    100.4     99.7           0.3
 
  2023        100.1    101.7    100.1     99.5     99.5    100.1
              100.3    100.4    100.0     99.6    100.3     99.6           0.6
 
  2024         99.9     99.9     98.3    102.8    100.5     99.1
               99.5    100.7    100.0     99.9     99.8    100.1           1.0
 
  2025        100.4     99.8     99.8     98.1    100.2     99.8
              100.6     99.4    100.0    101.6    100.0     99.9           0.8
 
  2026        101.3     99.9     98.3    100.5     99.6    100.3
               99.7     99.6                                               0.8
 
  S.D.          0.8      0.8      1.0      1.7      0.4      0.4
                0.5      0.4      0.5      0.5      0.4      0.3

  Table Total-     14004.70   Mean-     100.03   Std. Dev.-       0.76
                              Min -      97.99        Max -     104.12
        R35 monthly CPI index            PAGE  14, SERIES series

 D 16  Combined adjustment factors
  From  2015.Jan to 2026.Aug
  Observations        140
 -----------------------------------------------------------------------------
               Jan      Feb      Mar      Apr      May      Jun 
               Jul      Aug      Sep      Oct      Nov      Dec         AVGE  
 -----------------------------------------------------------------------------
  2015       103.02   101.07   100.64    99.49   100.03    99.55
             100.45    99.28    99.60    99.63    99.18    98.01        100.00
 
  2016       103.08   101.01   100.74    99.42   100.12    99.57
             100.35    99.25    99.63    99.61    99.16    97.92         99.99
 
  2017       103.24   100.89   100.96    99.28   100.24    99.64
             100.18    99.25    99.67    99.52    99.14    97.78         99.98
 
  2018       103.40   100.78   101.22    99.11   100.35    99.80
             100.04    99.31    99.67    99.42    99.04    97.58         99.98
 
  2019       103.54   100.76   101.40    98.97   100.45   100.09
              99.93    99.39    99.66    99.32    98.94    97.26         99.98
 
  2020       103.59   100.84   101.47    98.84   100.49   100.40
              99.96    99.59    99.62    99.23    98.81    96.84         99.97
 
  2021       103.61   100.96   101.43    98.81   100.54   100.66
             100.02    99.88    99.58    99.13    98.73    96.40         99.98
 
  2022       103.62   101.04   101.31    98.90   100.58   100.76
             100.17   100.13    99.49    99.09    98.68    96.03         99.98
 
  2023       103.66   101.06   101.12    99.13   100.64   100.78
             100.23   100.23    99.47    99.11    98.66    95.76         99.99
 
  2024       103.78   101.04   100.93    99.37   100.70   100.72
             100.27   100.19    99.48    99.16    98.65    95.59         99.99
 
  2025       103.93   100.97   100.79    99.63   100.77   100.66
             100.22   100.09    99.52    99.20    98.61    95.54         99.99
 
  2026       104.05   100.94   100.66    99.82   100.81   100.61
             100.22    99.93                                            100.88
 
  AVGE       103.54   100.95   101.05    99.23   100.47   100.27
             100.17    99.71    99.58    99.31    98.87    96.79

  Table Total-     14004.99   Mean-     100.04   Std. Dev.-       1.56
                              Min -      95.54        Max -     104.05

 D 16.A  Combined adjustment component forecasts
  From  2026.Sep to 2027.Aug
  Observations         12
 -----------------------------------------------------------------------------
               Jan      Feb      Mar      Apr      May      Jun 
               Jul      Aug      Sep      Oct      Nov      Dec         AVGE  
 -----------------------------------------------------------------------------
  2026                                                          
                                99.53    99.24    98.57    95.56         98.23
 
  2027       104.12   100.92   100.60    99.91   100.83   100.60
             100.21    99.81                                            100.88
 
        R35 monthly CPI index            PAGE  15, SERIES series

 E 4  Ratios of annual totals
  From          2015 to 2025
  Observations         11
 -----------------------------------
  Year       Unmodified     Modified
                  (D11)         (E2)
 -----------------------------------
  2015            99.99        99.99
 
  2016            99.98        99.98
 
  2017            99.97        99.98
 
  2018            99.97        99.97
 
  2019            99.96        99.96
 
  2020            99.97        99.97
 
  2021            99.97        99.97
 
  2022            99.96        99.96
 
  2023            99.98        99.97
 
  2024            99.98        99.98
 
  2025            99.99        99.99
 
        R35 monthly CPI index            PAGE  16, SERIES series

 E 5  Month-to-month percent change in the original series
  From  2015.Feb to 2026.Aug
  Observations        139
 -----------------------------------------------------------------------------
               Jan      Feb      Mar      Apr      May      Jun 
               Jul      Aug      Sep      Oct      Nov      Dec         AVGE  
 -----------------------------------------------------------------------------
  2015                  -1.2     -1.2      0.2      0.3      0.4
                0.9     -1.9      1.0     -0.1     -1.4     -0.2          -0.3
 
  2016          5.6      0.1     -1.2      3.3     -2.8     -0.6
                1.4     -1.1     -0.1      0.5      0.2     -2.0           0.3
 
  2017          3.0     -0.9      1.0     -2.6      0.7     -0.5
                1.5     -0.1     -0.2      0.3      0.4     -0.8           0.1
 
  2018          5.5     -2.6     -0.8      0.9      0.0     -0.7
                0.2     -1.0      1.7     -0.1     -0.1     -1.5           0.1
 
  2019          6.4     -2.8      1.7     -3.6      3.5     -1.5
               -0.8      1.3      0.9      0.1     -0.1     -1.2           0.3
 
  2020          8.2     -4.2      2.5     -2.5      2.0      0.7
               -1.0     -0.2      1.8     -2.1     -0.2     -1.2           0.3
 
  2021          7.0     -1.6     -1.4      1.3     -0.3      0.3
               -0.4     -0.9     -0.7      0.6     -0.8     -1.6           0.1
 
  2022          7.0     -1.6      0.3     -2.6      2.6      1.2
               -0.7      1.2     -0.3      0.4      0.7     -2.8           0.4
 
  2023          9.0     -0.5     -1.0     -2.0      2.1      1.3
                0.1      0.5     -1.0     -0.8      0.2     -3.5           0.4
 
  2024          9.0     -2.1     -1.4      3.4     -0.7     -1.2
                0.0      1.1     -1.4     -0.4     -0.8     -2.9           0.2
 
  2025          8.9     -3.5     -0.2     -2.8      3.4     -0.4
                0.5     -1.0      0.2      1.4     -1.9     -3.0           0.1
 
  2026         10.7     -4.2     -1.7      1.4      0.1      0.4
               -1.0     -0.3                                               0.7
 
  AVGE          7.3     -2.1     -0.3     -0.5      0.9     -0.0
                0.1     -0.2      0.2     -0.0     -0.3     -1.9

  Table Total-        32.39   Mean-       0.23   Std. Dev.-       2.62
                              Min -      -4.18        Max -      10.70
        R35 monthly CPI index            PAGE  17, SERIES series

 E 6  Month-to-month percent change in seasonally adjusted series (D11)
  From  2015.Feb to 2026.Aug
  Observations        139
 -----------------------------------------------------------------------------
               Jan      Feb      Mar      Apr      May      Jun 
               Jul      Aug      Sep      Oct      Nov      Dec         AVGE  
 -----------------------------------------------------------------------------
  2015                   0.7     -0.8      1.4     -0.2      0.9
               -0.0     -0.7      0.7     -0.1     -0.9      1.0           0.2
 
  2016          0.4      2.1     -0.9      4.7     -3.5     -0.0
                0.6      0.0     -0.5      0.5      0.7     -0.8           0.3
 
  2017         -2.3      1.4      0.9     -0.9     -0.3      0.1
                0.9      0.8     -0.6      0.4      0.8      0.6           0.2
 
  2018         -0.2     -0.0     -1.2      3.0     -1.2     -0.1
               -0.0     -0.3      1.4      0.2      0.3     -0.0           0.1
 
  2019          0.3     -0.1      1.0     -1.3      2.0     -1.2
               -0.7      1.9      0.6      0.4      0.3      0.5           0.3
 
  2020          1.6     -1.6      1.9      0.1      0.3      0.8
               -0.5      0.2      1.7     -1.7      0.2      0.8           0.3
 
  2021         -0.0      1.0     -1.8      4.0     -2.0      0.2
                0.2     -0.7     -0.4      1.1     -0.4      0.8           0.2
 
  2022         -0.5      0.9     -0.0     -0.2      0.9      1.0
               -0.1      1.2      0.3      0.8      1.1     -0.1           0.4
 
  2023          1.0      2.1     -1.1     -0.1      0.5      1.2
                0.6      0.5     -0.2     -0.4      0.7     -0.6           0.3
 
  2024          0.6      0.5     -1.3      5.0     -2.0     -1.2
                0.4      1.2     -0.7     -0.1     -0.2      0.2           0.2
 
  2025          0.2     -0.7      0.0     -1.7      2.2     -0.3
                1.0     -0.9      0.8      1.8     -1.3      0.1           0.1
 
  2026          1.6     -1.2     -1.4      2.3     -0.9      0.6
               -0.6     -0.0                                               0.1
 
  AVGE          0.2      0.4     -0.4      1.4     -0.4      0.2
                0.2      0.3      0.3      0.3      0.1      0.2

  Table Total-        31.86   Mean-       0.23   Std. Dev.-       1.23
                              Min -      -3.50        Max -       5.00
        R35 monthly CPI index            PAGE  18, SERIES series

 E 7  Month-to-month percent change in final trend cycle (D12)
  From  2015.Feb to 2026.Aug
  Observations        139
 -----------------------------------------------------------------------------
               Jan      Feb      Mar      Apr      May      Jun 
               Jul      Aug      Sep      Oct      Nov      Dec         AVGE  
 -----------------------------------------------------------------------------
  2015                   0.3      0.3      0.3      0.3      0.3
                0.1     -0.0     -0.1     -0.1      0.1      0.3           0.2
 
  2016          0.5      0.5      0.6      0.5      0.4      0.2
                0.2      0.2      0.1      0.0     -0.1     -0.2           0.2
 
  2017         -0.2     -0.3     -0.3     -0.1      0.1      0.2
                0.3      0.4      0.4      0.4      0.3      0.3           0.1
 
  2018          0.2      0.2      0.1      0.0      0.0      0.1
                0.1      0.2      0.3      0.3      0.3      0.3           0.2
 
  2019          0.2      0.1      0.1      0.1      0.1      0.2
                0.3      0.4      0.5      0.6      0.6      0.5           0.3
 
  2020          0.5      0.5      0.4      0.4      0.3      0.2
                0.2      0.1      0.1      0.1      0.2      0.3           0.3
 
  2021          0.4      0.4      0.3      0.2      0.1     -0.0
               -0.1     -0.1     -0.0      0.1      0.2      0.2           0.1
 
  2022          0.2      0.2      0.3      0.3      0.4      0.5
                0.6      0.7      0.7      0.7      0.7      0.6           0.5
 
  2023          0.5      0.5      0.5      0.5      0.6      0.6
                0.5      0.3      0.1      0.0      0.0      0.1           0.4
 
  2024          0.3      0.4      0.4      0.4      0.3      0.2
                0.1      0.0      0.0     -0.0     -0.1     -0.1           0.2
 
  2025         -0.1     -0.1      0.0      0.0      0.1      0.2
                0.2      0.2      0.2      0.2      0.2      0.2           0.1
 
  2026          0.2      0.2      0.1      0.0     -0.0     -0.0
                0.0      0.1                                               0.1
 
  AVGE          0.2      0.2      0.2      0.2      0.2      0.2
                0.2      0.2      0.2      0.2      0.2      0.2

  Table Total-        31.13   Mean-       0.22   Std. Dev.-       0.31
                              Min -      -0.30        Max -       0.69
        R35 monthly CPI index            PAGE  19, SERIES series

 E 8  Month-to-month percent change in original series adjusted for calendar factors (A18)
  From  2015.Feb to 2026.Aug
  Observations        139
 -----------------------------------------------------------------------------
               Jan      Feb      Mar      Apr      May      Jun 
               Jul      Aug      Sep      Oct      Nov      Dec         AVGE  
 -----------------------------------------------------------------------------
  2015                  -1.2     -1.2      0.2      0.3      0.4
                0.9     -1.9      1.0     -0.1     -1.4     -0.2          -0.3
 
  2016          5.6      0.1     -1.2      3.3     -2.8     -0.6
                1.4     -1.1     -0.1      0.5      0.2     -2.0           0.3
 
  2017          3.0     -0.9      1.0     -2.6      0.7     -0.5
                1.5     -0.1     -0.2      0.3      0.4     -0.8           0.1
 
  2018          5.5     -2.6     -0.8      0.9      0.0     -0.7
                0.2     -1.0      1.7     -0.1     -0.1     -1.5           0.1
 
  2019          6.4     -2.8      1.7     -3.6      3.5     -1.5
               -0.8      1.3      0.9      0.1     -0.1     -1.2           0.3
 
  2020          8.2     -4.2      2.5     -2.5      2.0      0.7
               -1.0     -0.2      1.8     -2.1     -0.2     -1.2           0.3
 
  2021          7.0     -1.6     -1.4      1.3     -0.3      0.3
               -0.4     -0.9     -0.7      0.6     -0.8     -1.6           0.1
 
  2022          7.0     -1.6      0.3     -2.6      2.6      1.2
               -0.7      1.2     -0.3      0.4      0.7     -2.8           0.4
 
  2023          9.0     -0.5     -1.0     -2.0      2.1      1.3
                0.1      0.5     -1.0     -0.8      0.2     -3.5           0.4
 
  2024          9.0     -2.1     -1.4      3.4     -0.7     -1.2
                0.0      1.1     -1.4     -0.4     -0.8     -2.9           0.2
 
  2025          8.9     -3.5     -0.2     -2.8      3.4     -0.4
                0.5     -1.0      0.2      1.4     -1.9     -3.0           0.1
 
  2026         10.7     -4.2     -1.7      1.4      0.1      0.4
               -1.0     -0.3                                               0.7
 
  AVGE          7.3     -2.1     -0.3     -0.5      0.9     -0.0
                0.1     -0.2      0.2     -0.0     -0.3     -1.9

  Table Total-        32.39   Mean-       0.23   Std. Dev.-       2.62
                              Min -      -4.18        Max -      10.70
        R35 monthly CPI index            PAGE  20, SERIES series

 E 18  Final adjustment ratios
  From  2015.Jan to 2026.Aug
  Observations        140
 -----------------------------------------------------------------------------
               Jan      Feb      Mar      Apr      May      Jun 
               Jul      Aug      Sep      Oct      Nov      Dec         AVGE  
 -----------------------------------------------------------------------------
  2015        103.0    101.1    100.6     99.5    100.0     99.5
              100.5     99.3     99.6     99.6     99.2     98.0         100.0
 
  2016        103.1    101.0    100.7     99.4    100.1     99.6
              100.4     99.3     99.6     99.6     99.2     97.9         100.0
 
  2017        103.2    100.9    101.0     99.3    100.2     99.6
              100.2     99.3     99.7     99.5     99.1     97.8         100.0
 
  2018        103.4    100.8    101.2     99.1    100.3     99.8
              100.0     99.3     99.7     99.4     99.0     97.6         100.0
 
  2019        103.5    100.8    101.4     99.0    100.4    100.1
               99.9     99.4     99.7     99.3     98.9     97.3         100.0
 
  2020        103.6    100.8    101.5     98.8    100.5    100.4
              100.0     99.6     99.6     99.2     98.8     96.8         100.0
 
  2021        103.6    101.0    101.4     98.8    100.5    100.7
              100.0     99.9     99.6     99.1     98.7     96.4         100.0
 
  2022        103.6    101.0    101.3     98.9    100.6    100.8
              100.2    100.1     99.5     99.1     98.7     96.0         100.0
 
  2023        103.7    101.1    101.1     99.1    100.6    100.8
              100.2    100.2     99.5     99.1     98.7     95.8         100.0
 
  2024        103.8    101.0    100.9     99.4    100.7    100.7
              100.3    100.2     99.5     99.2     98.6     95.6         100.0
 
  2025        103.9    101.0    100.8     99.6    100.8    100.7
              100.2    100.1     99.5     99.2     98.6     95.5         100.0
 
  2026        104.1    100.9    100.7     99.8    100.8    100.6
              100.2     99.9                                             100.9
 
  AVGE        103.5    100.9    101.1     99.2    100.5    100.3
              100.2     99.7     99.6     99.3     98.9     96.8

  Table Total-     14004.99   Mean-     100.04   Std. Dev.-       1.56
                              Min -      95.54        Max -     104.05

 E 18.A  Final adjustment ratio forecasts
  From  2026.Sep to 2027.Aug
  Observations         12
 -----------------------------------------------------------------------------
               Jan      Feb      Mar      Apr      May      Jun 
               Jul      Aug      Sep      Oct      Nov      Dec         AVGE  
 -----------------------------------------------------------------------------
  2026                                                          
                                 99.5     99.2     98.6     95.6          98.2
 
  2027        104.1    100.9    100.6     99.9    100.8    100.6
              100.2     99.8                                             100.9
 

  QS statistic for seasonality:
  log(Original Series)                              131.56  (P-Value =     0.0000)
  log(Original Series (EV adj))                     139.45  (P-Value =     0.0000)
  Residuals                                           0.00  (P-Value =     1.0000)
  log(Seasonally Adjusted Series)                     0.00  (P-Value =     1.0000)
  log(SA Series (EV adj))                             0.00  (P-Value =     1.0000)
  Irregular Series                                    0.00  (P-Value =     1.0000)
  Irregular Series (EV adj)                           0.00  (P-Value =     1.0000)

  QS statistic for seasonality (starting 2018.Sep):
  log(Original Series)                               88.52  (P-Value =     0.0000)
  log(Original Series (EV adj))                      88.52  (P-Value =     0.0000)
  Residuals                                           0.00  (P-Value =     1.0000)
  log(Seasonally Adjusted Series)                     0.00  (P-Value =     1.0000)
  log(SA Series (EV adj))                             0.00  (P-Value =     1.0000)
  Irregular Series                                    0.00  (P-Value =     1.0000)
  Irregular Series (EV adj)                           0.00  (P-Value =     1.0000)
        R35 monthly CPI index            PAGE  21, SERIES series
 G 0  10*LOG(SPECTRUM) of the differenced, transformed Prior Adjusted Series
      (Table B1).  Spectrum estimated from 2018.Sep to 2026.Aug.
 ++++++++++I+++++++++++++++++++++++++++++++++++++++++++++++++++++++++++++I
     -18.22I                                                  S          I    -18.22
           I                                                  S          I
           I                                                  S          I
           I                                                  S         SI
     -20.46I                              S                   S         SI    -20.46
           I                              S                   S         SI
           I                              S                   S         SI
           I                              S                   S         SI
     -22.71I                              S         S         S         SI    -22.71
           I                              S         S         S         SI
           I                    S         S         S         S         SI
           I                    S         S         S         S         SI
     -24.95I                    S         S         S         S         SI    -24.95
           I                    S         S         S         S        *SI
           I                    S         S         S         S        *SI
           I                    S         S         S         S        *SI
     -27.20I                    S         S         S         S        *SI    -27.20
           I                    S         S         S*        S        *SI
           I                    S         S         S*        S        *SI
           I                    S         S         S*       *S        *SI
     -29.44I                    S         S         S*       *S*       *SI    -29.44
           I                    S        *S         S*       *S*       *SI
           I                    S        *S*        S*     * *S*      **SI
           I                    S        *S*        S*     * *S*      **SI
     -31.68I                    S        *S*       *S*    ****S*      **SI    -31.68
           I                    S        *S*       *S*    ****S*      **SI
           I          S         S        *S*       *S*T   ****S*      **SI
           I          S         S        *S*  *    *S*T   ****S*     ***SI
     -33.93I          S         S       **S*  **   *S*T   ****S*    ****SI    -33.93
           I          S         S       **S*  **   *S*T   ****S*   *****SI
           I          S         S*      **S** **   *S*T  *****S*T  *****SI
           I          S         S*      **S*****   *S*T* *****S*T ******SI
     -36.17I          S         S*      **S*****   *S*T* *****S*T*******SI    -36.17
           I          S         S*     ***S*****  **S*T*******S*T*******SI
           I          S        *S*     ***S****** **S*T*******S*T*******SI
           I          S        *S*     ***S****** **S*T*******S*T*******SI
     -38.42I          S        *S*     ***S*********S*T*******S*T*******SI    -38.42
           I         *S        *S*     ***S*********S*T*******S*T*******SI
           I         *S        *S**   ****S*********S*T*******S*T*******SI
           I         *S        *S**   ****S*********S*T*******S*T*******SI
     -40.66I         *S        *S**   ****S*********S*T*******S*T*******SI    -40.66
           I         *S        *S*** *****S*********S*T*******S*T*******SI
           I         *S*       *S*********S*********S*T*******S*T*******SI
           I         *S*       *S*********S*********S*T*******S*T*******SI
     -42.90I   *     *S*   *  **S*********S*********S*T*******S*T*******SI    -42.90
           I  **     *S*   *  **S*********S*********S*T*******S*T*******SI
           I  **     *S*  *** **S*********S*********S*T*******S*T*******SI
           I  **    **S*  ******S*********S*********S*T*******S*T*******SI
     -45.15I  **    **S** ******S*********S*********S*T*******S*T*******SI    -45.15
           I  ***   **S*********S*********S*********S*T*******S*T*******SI
           I ****  ***S*********S*********S*********S*T*******S*T*******SI
           I ****  ***S*********S*********S*********S*T*******S*T*******SI
     -47.39I**********S*********S*********S*********S*T*******S*T*******SI    -47.39
 ++++++++++I+++++++++++++++++++++++++++++++++++++++++++++++++++++++++++++I
            S=SEASONAL FREQUENCIES, T=TRADING DAY FREQUENCIES
        R35 monthly CPI index            PAGE  22, SERIES series
 G 1  10*LOG(SPECTRUM) of the differenced, transformed seasonally adjusted 
      data (Table D11).  Spectrum estimated from 2018.Sep to 2026.Aug.
 ++++++++++I+++++++++++++++++++++++++++++++++++++++++++++++++++++++++++++I
     -31.53I                                               *             I    -31.53
           I                                              **             I
           I                                              **             I
           I                                              **             I
     -33.30I                                              **             I    -33.30
           I                                              **             I
           I                                              **             I
           I                                              **      *      I
     -35.07I                                         *    **      **     I    -35.07
           I                                         *    ***     **     I
           I                                 *       *    ***     ****   I
           I                                 ** *    *T   ***     *****  I
     -36.84I                                 ** *    *T  ****     *****  I    -36.84
           I                            *    *****   *T  ****     ****** I
           I                            *    *****   *T  ****    *******SI
           I                            *    *****  S*T  ****    *******SI
     -38.61I                            *    *****  S*T  ****    *******SI    -38.61
           I                           **    *****  S*T  *****   *******SI
           I                           ***  ******  S*T*******   *******SI
           I                         * ***  ******* S*T*******  T*******SI
     -40.38I                         *****  ********S*T*******  T*******SI    -40.38
           I                         *****  ********S*T*******S T*******SI
           I                         *****  ********S*T*******S*T*******SI
           I   *                     *****  ********S*T*******S*T*******SI
     -42.15I   *          *         ******S*********S*T*******S*T*******SI    -42.15
           I   *          *         ******S*********S*T*******S*T*******SI
           I   *          *         ******S*********S*T*******S*T*******SI
           I   *          *         ******S*********S*T*******S*T*******SI
     -43.91I  **   *      *  **     ******S*********S*T*******S*T*******SI    -43.91
           I  **   *      *  **     ******S*********S*T*******S*T*******SI
           I  **   *      *  **     ******S*********S*T*******S*T*******SI
           I  **   **     *  **     ******S*********S*T*******S*T*******SI
     -45.68I  ***  **     *  **     ******S*********S*T*******S*T*******SI    -45.68
           I  ***  **     *  **    *******S*********S*T*******S*T*******SI
           I ****  **    **  **    *******S*********S*T*******S*T*******SI
           I*****  **    ******    *******S*********S*T*******S*T*******SI
     -47.45I*****  **    ******    *******S*********S*T*******S*T*******SI    -47.45
           I*****  **    ******    *******S*********S*T*******S*T*******SI
           I*********    ******    *******S*********S*T*******S*T*******SI
           I*********    *******   *******S*********S*T*******S*T*******SI
     -49.22I*********    *******   *******S*********S*T*******S*T*******SI    -49.22
           I*********    *******  ********S*********S*T*******S*T*******SI
           I*********    *******  ********S*********S*T*******S*T*******SI
           I*********    *******  ********S*********S*T*******S*T*******SI
     -50.99I*********    *******S*********S*********S*T*******S*T*******SI    -50.99
           I*********    *******S*********S*********S*T*******S*T*******SI
           I**********   *******S*********S*********S*T*******S*T*******SI
           I**********  ********S*********S*********S*T*******S*T*******SI
     -52.76I**********  ********S*********S*********S*T*******S*T*******SI    -52.76
           I**********  ********S*********S*********S*T*******S*T*******SI
           I**********  ********S*********S*********S*T*******S*T*******SI
           I**********  ********S*********S*********S*T*******S*T*******SI
     -54.53I**********S*********S*********S*********S*T*******S*T*******SI    -54.53
 ++++++++++I+++++++++++++++++++++++++++++++++++++++++++++++++++++++++++++I
            S=SEASONAL FREQUENCIES, T=TRADING DAY FREQUENCIES
        R35 monthly CPI index            PAGE  23, SERIES series
 G 2  10*LOG(SPECTRUM) of the Irregular (Table D13).  
      Spectrum estimated from 2018.Sep to 2026.Aug.
 ++++++++++I+++++++++++++++++++++++++++++++++++++++++++++++++++++++++++++I
     -37.13I                                              *              I    -37.13
           I                                              **             I
           I                                              **             I
           I                                              **             I
     -38.66I                                              **             I    -38.66
           I                                              **             I
           I                            *    *            **             I
           I                            *    *            **             I
     -40.18I                            *    **      *    **      *      I    -40.18
           I                            *    ** *    *    **      *      I
           I                            *    ****    *    **      *      I
           I                         * **    ****    *T   **      **     I
     -41.70I                         * **    ****    *T   ***     **     I    -41.70
           I                         * **    *****   *T   ***     ** **  I
           I                         * ***  ******   *T  ****     *****  I
           I                         *****  ******  S*T  ****     *****  I
     -43.23I                        ******  ******  S*T  ****     ****** I    -43.23
           I                        ******  ******  S*T  ****    ******* I
           I       *      *  **     ******  ******  S*T  ****    *******SI
           I       **     *  **     ******  ******* S*T* ****    *******SI
     -44.75I       **     *  **     ******S ********S*T*******   *******SI    -44.75
           I       **    *** **     ******S*********S*T*******   *******SI
           I       **    ******     ******S*********S*T*******   *******SI
           I       **    ******     ******S*********S*T*******   *******SI
     -46.27I       **    ******     ******S*********S*T*******S T*******SI    -46.27
           I       **    ******     ******S*********S*T*******S T*******SI
           I       **    ******     ******S*********S*T*******S*T*******SI
           I       **    *******    ******S*********S*T*******S*T*******SI
     -47.79I       **    *******   *******S*********S*T*******S*T*******SI    -47.79
           I       **   ********   *******S*********S*T*******S*T*******SI
           I      ****  ********   *******S*********S*T*******S*T*******SI
           I      ****  ********   *******S*********S*T*******S*T*******SI
     -49.32I      ****  ********   *******S*********S*T*******S*T*******SI    -49.32
           I      ****  ********   *******S*********S*T*******S*T*******SI
           I      ****S*********S  *******S*********S*T*******S*T*******SI
           I      ****S*********S ********S*********S*T*******S*T*******SI
     -50.84I      ****S*********S ********S*********S*T*******S*T*******SI    -50.84
           I     *****S*********S*********S*********S*T*******S*T*******SI
           I     *****S*********S*********S*********S*T*******S*T*******SI
           I     *****S*********S*********S*********S*T*******S*T*******SI
     -52.36I     *****S*********S*********S*********S*T*******S*T*******SI    -52.36
           I    ******S*********S*********S*********S*T*******S*T*******SI
           I    ******S*********S*********S*********S*T*******S*T*******SI
           I    ******S*********S*********S*********S*T*******S*T*******SI
     -53.89I    ******S*********S*********S*********S*T*******S*T*******SI    -53.89
           I   *******S*********S*********S*********S*T*******S*T*******SI
           I   *******S*********S*********S*********S*T*******S*T*******SI
           I   *******S*********S*********S*********S*T*******S*T*******SI
     -55.41I  ********S*********S*********S*********S*T*******S*T*******SI    -55.41
           I  ********S*********S*********S*********S*T*******S*T*******SI
           I  ********S*********S*********S*********S*T*******S*T*******SI
           I *********S*********S*********S*********S*T*******S*T*******SI
     -56.93I**********S*********S*********S*********S*T*******S*T*******SI    -56.93
 ++++++++++I+++++++++++++++++++++++++++++++++++++++++++++++++++++++++++++I
            S=SEASONAL FREQUENCIES, T=TRADING DAY FREQUENCIES
        R35 monthly CPI index            PAGE  24, SERIES series

  Peak probabilities for Tukey spectrum estimator
  Spectrum estimated from 2018.Sep to 2026.Aug.

                                          S1       S2       S3       S4       S5       S6       TD
                                        ------   ------   ------   ------   ------   ------   ------
  Model Residuals                        0.005    0.106    0.006    0.144    0.624    0.402    0.589  
  Prior Adjusted Series (Table B1)       0.801    0.998**  0.994**  0.951*   0.999**  0.967*   0.082  
  Seasonally adjusted series (D11)       0.009    0.046    0.427    0.315    0.440    0.619    0.267  
  Irregular (D13)                        0.422    0.099    0.447    0.306    0.513    0.622    0.286  
  ----------
     ** - Peak Probability > 0.99,
      * - 0.90 < Peak Probability < 0.99



  NP statistic for residual seasonality:

  NP statistic for residual seasonality (Full series)
                                                  Residual Seasonality?
  log(Seasonally Adjusted Series)                          no
  log(Seasonally Adjusted Series (EV adj))                 no

  NP statistic for residual seasonality (Series start in 2018.Sep)
                                                  Residual Seasonality?
  log(Seasonally Adjusted Series)                          no
  log(Seasonally Adjusted Series (EV adj))                 no
