  Reading input spec file from series.spc

1

               U. S. Department of Commerce, U. S. Census Bureau

              X-13ARIMA-SEATS monthly seasonal adjustment Method,
                          Release Version 1.1 Build 62


           This software application provides an enhanced version of
             Statistics Canada's X-11-ARIMA extension (Dagum, 1980)
                 of the X-11 variant of the Census Method II of
                      Shiskin, Young and Musgrave (1967).

            It also provides an ARIMA model-based method following
       Hillmer and Tiao (1982) and Burman (1980) that is very similar
       to the update of the method of SEATS (Gomez and Maravall, 1996)
                produced at the Bank of Spain by G. Caporello and
               A. Maravall for TSW (Caporello and Maravall, 2004).
          The present application includes additional enhancements.

         X-13ARIMA-SEATS includes an automatic ARIMA model selection procedure
          based largely on the procedure of Gomez and Maravall (1998)
            as implemented in TRAMO (1996) and subsequent revisions.

              Primary Programmers: Brian Monsell, Mark Otto and,
                 for the ARIMA model-based signal extraction,
                      Gianluca Caporello and Victor Gomez


     Series Title- R35 monthly CPI index
     Series Name- series
     Sep 22, 2026  22.39.14 

        -Period covered-  1st month,2015 to  7th month,2026
        -Type of run - multiplicative seasonal adjustment

        -Sigma limits for graduating extreme values are  1.5 and  2.5 .
        -3x3 moving average used in section 1 of each iteration, 
         3x5 moving average in section 2 of iterations B and C,
         moving average for final seasonal factors chosen by Global MSR.
        -Spectral plots generated for selected series
        -Spectral plots generated for series starting in 2018.Aug

 FILE SAVE REQUESTS (* indicates file exists and will be overwritten)
  series.d10  final seasonal factors
  series.d11  final seasonally adjusted data
  series.d12  final trend cycle
  series.d13  final irregular component
  series.out  program output file
  series.err  program error file
  series.udg  seasonal adjustment and model diagnostics file
        R35 monthly CPI index            PAGE   1, SERIES series

     Contents of spc file series.spc

 Line #
 ------
      1: series { title="R35 monthly CPI index" start=2015.1 period=12 data=(
      2: 99.5 100.09999999999999 99.900000000000006 100.09999999999999 100.40000000000001 100.09999999999999
      3: 100.2 99.400000000000006 99.5 99.799999999999997 100.2 100.90000000000001
      4: 100.59999999999999 101.90000000000001 101.3 101 101.5 101.7
      5: 101 101.40000000000001 101 101.40000000000001 101.8 100.7
      6: 100.3 100.40000000000001 100 99 99.5 99.5
      7: 99.799999999999997 99.099999999999994 99.599999999999994 100 99.700000000000003 99.200000000000003
      8: 98.599999999999994 99.099999999999994 98.900000000000006 98.599999999999994 98.700000000000003 98.299999999999997
      9: 98.299999999999997 98.099999999999994 98.200000000000003 97.900000000000006 97.599999999999994 98.099999999999994
     10: 96.200000000000003 96.700000000000003 98.099999999999994 97.400000000000006 97 96.599999999999994
     11: 96.799999999999997 95.599999999999994 96.700000000000003 97.200000000000003 97.099999999999994 97.299999999999997
     12: 96.299999999999997 98.5 99.099999999999994 98.299999999999997 99.700000000000003 99.799999999999997
     13: 100.09999999999999 100 99.400000000000006 99.700000000000003 98.799999999999997 99.5
     14: 99.099999999999994 100.09999999999999 100.2 100.90000000000001 100.2 100.90000000000001
     15: 101.2 101 102.09999999999999 102.7 103.09999999999999 104.59999999999999
     16: 104.90000000000001 105.90000000000001 106.5 107.40000000000001 106.8 107.40000000000001
     17: 108.40000000000001 109.5 112 112.90000000000001 110.2 111.8
     18: 110.2 112.3 112.5 113.40000000000001 113.09999999999999 112.2
     19: 112.40000000000001 111.59999999999999 112.7 113.2 110.90000000000001 113.3
     20: 110.90000000000001 113.40000000000001 113.8 115 113.3 113
     21: 112.90000000000001 111.09999999999999 112.3 112 110 111
     22: 110.59999999999999 112.59999999999999 111.90000000000001 113.09999999999999 112.7 112.8
     23: 112.90000000000001 111.5 113.59999999999999 113.3 109.09999999999999 112.59999999999999
     24: 111 114.5 114.7 115.09999999999999 113.8 114.5
     25: 114.3
     26: ) }
     27: transform { function=log }
     28: automdl { }
     29: outlier { types=(ao ls tc) }
     30: x11 { mode=mult save=(d10 d11 d12 d13) appendfcst=no appendbcst=no savelog=all }
     31: spectrum { logqs=yes robustsa=no print=all savelog=all }
     32: check { }
        R35 monthly CPI index            PAGE   2, SERIES series

 A 1  Time series data (for the span analyzed)
  From  2015.Jan to 2026.Jul
  Observations        139
 -----------------------------------------------------------------------------
               Jan      Feb      Mar      Apr      May      Jun 
               Jul      Aug      Sep      Oct      Nov      Dec        TOTAL  
 -----------------------------------------------------------------------------
  2015         100.     100.     100.     100.     100.     100.
               100.      99.     100.     100.     100.     101.         1200.
 
  2016         101.     102.     101.     101.     102.     102.
               101.     101.     101.     101.     102.     101.         1215.
 
  2017         100.     100.     100.      99.     100.     100.
               100.      99.     100.     100.     100.      99.         1196.
 
  2018          99.      99.      99.      99.      99.      98.
                98.      98.      98.      98.      98.      98.         1180.
 
  2019          96.      97.      98.      97.      97.      97.
                97.      96.      97.      97.      97.      97.         1163.
 
  2020          96.      99.      99.      98.     100.     100.
               100.     100.      99.     100.      99.     100.         1189.
 
  2021          99.     100.     100.     101.     100.     101.
               101.     101.     102.     103.     103.     105.         1216.
 
  2022         105.     106.     107.     107.     107.     107.
               108.     110.     112.     113.     110.     112.         1304.
 
  2023         110.     112.     113.     113.     113.     112.
               112.     112.     113.     113.     111.     113.         1348.
 
  2024         111.     113.     114.     115.     113.     113.
               113.     111.     112.     112.     110.     111.         1349.
 
  2025         111.     113.     112.     113.     113.     113.
               113.     112.     114.     113.     109.     113.         1347.
 
  2026         111.     115.     115.     115.     114.     115.
               114.                                                       798.
 
  AVGE         103.     105.     105.     105.     105.     105.
               105.     103.     104.     105.     104.     104.

  Table Total-     14504.70   Mean-     104.35   Std. Dev.-       6.28
                              Min -      95.60        Max -     115.10
        R35 monthly CPI index            PAGE   3, SERIES series
                        Automatic ARIMA Model Selection

                    Procedure based closely on TRAMO method 
                         of Gomez and Maravall (2000)
              "Automatic Modeling Methods for Univariate Series",
                            A Course in Time Series
                  (Edited by D. Pena, G. C. Tiao, R. S. Tsay),
                         New York : J. Wiley and Sons


     Maximum order for regular ARMA parameters :   2
     Maximum order for seasonal ARMA parameters :   1
     Maximum order for regular differencing :   2
     Maximum order for seasonal differencing :   1

   Results of Unit Root Test for identifying orders of differencing:
     Regular difference order :   1
     Seasonal difference order :   1

     Mean is not significant.

  Automatic model choice : (0 1 0)(0 1 1)
   Model changed to 
   ( 0, 1, 1) ( 0, 1, 1)


  Final Checks for Identified Model


  Checking for Unit Roots.
   No unit roots found.

  Checking for nonseasonal overdifferencing.
   Nonseasonal MA not within  0.001 of 1.0 - model passes test.

  Checking for insignificant ARMA coefficients.

  Final automatic model choice : (0 1 1)(0 1 1)
   End of automatic model selection procedure.

 Average absolute percentage error in within-sample forecasts:
  Last year:   0.53      Last-1 year:   2.44     Last-2 year:   2.17
  Last three years:    1.71

 Estimation converged in    1 ARMA iterations,    4 function evaluations.

 ARIMA Model:  (0 1 1)(0 1 1)
   Nonseasonal differences: 1
   Seasonal differences:    1
                                              Standard
 Parameter                    Estimate          Errors
 -----------------------------------------------------
 Nonseasonal MA                                    
   Lag  1                       0.1345         0.08695

 Seasonal MA                                       
   Lag 12                       0.5234         0.08672

 Variance                       0.60078E-04
 SE of Var                      0.75691E-05
 -----------------------------------------------------

 Likelihood Statistics
 ------------------------------------------------------------------
 Number of observations (nobs)                                  139
 Effective number of observations (nefobs)                      126
 Number of parameters estimated (np)                              3
 Log likelihood                                            431.6356
 Transformation Adjustment                                -585.9159
 Adjusted Log likelihood (L)                              -154.2802
 AIC                                                       314.5605 
 AICC (F-corrected-AIC)                                    314.7572 
 Hannan Quinn                                              318.0173 
 BIC                                                       323.0693 
 ------------------------------------------------------------------


 DIAGNOSTIC CHECKING
  Sample Autocorrelations of the Residuals with the Ljung-Box diagnostic.

  Lag      1     2     3     4     5     6     7     8     9    10    11    12
  ACF  -0.02  0.11  0.10  0.00  0.03  0.05  0.11  0.13  0.02  0.01  0.09 -0.05
  SE    0.09  0.09  0.09  0.09  0.09  0.09  0.09  0.09  0.09  0.09  0.09  0.09
  Q     0.07  1.58  2.99  2.99  3.11  3.43  5.21  7.37  7.42  7.43  8.64  9.03
  DF       0     0     1     2     3     4     5     6     7     8     9    10
  P    0.000 0.000 0.084 0.224 0.374 0.488 0.390 0.288 0.386 0.491 0.471 0.530

  Lag     13    14    15    16    17    18    19    20    21    22    23    24
  ACF  -0.02  0.07 -0.01 -0.09  0.03  0.10 -0.08  0.04  0.02 -0.02 -0.11 -0.03
  SE    0.09  0.09  0.10  0.10  0.10  0.10  0.10  0.10  0.10  0.10  0.10  0.10
  Q     9.08  9.79  9.80 10.98 11.14 12.66 13.64 13.84 13.88 13.92 15.93 16.03
  DF      11    12    13    14    15    16    17    18    19    20    21    22
  P    0.615 0.635 0.710 0.688 0.743 0.697 0.693 0.739 0.791 0.834 0.773 0.814

  The P-values approximate the probability of observing a Q-value at least
  this large when the model fitted is correct.  When DF is positive, small
  values of P, customarily those below 0.05, indicate model inadequacy.

  Sample Autocorrelations of the Residuals
                 -1.0 -0.8 -0.6 -0.4 -0.2  0.0  0.2  0.4  0.6  0.8  1.0
                   +----+----+----+----+----+----+----+----+----+----+
            1                           .  X|   .                     -0.024
            2                           .   |XXX.                      0.108
            3                          .    |XXX .                     0.104
            4                          .    |    .                     0.003
            5                          .    |X   .                     0.030
            6                          .    |X   .                     0.049
            7                          .    |XXX .                     0.115
            8                          .    |XXX .                     0.126
            9                          .    |    .                     0.019
           10                          .    |    .                     0.007
           11                          .    |XX  .                     0.093
           12       - - - - - - - - -  .   X|    .  - - - - - - - -   -0.052
           13                          .    |    .                    -0.019
           14                          .    |XX  .                     0.070
           15                          .    |    .                    -0.010
           16                          .  XX|    .                    -0.090
           17                          .    |X   .                     0.033
           18                          .    |XXX .                     0.101
           19                          .  XX|    .                    -0.081
           20                          .    |X   .                     0.037
           21                          .    |    .                     0.015
           22                          .    |    .                    -0.016
           23                          . XXX|    .                    -0.113
           24       - - - - - - - - -  .   X|    .  - - - - - - - -   -0.025
  
  Sample Autocorrelations of the Squared Residuals with the Ljung-Box diagnostic.

  Lag      1     2     3     4     5     6     7     8     9    10    11    12
  ACF   0.00  0.16  0.07 -0.06 -0.06 -0.15  0.05 -0.04  0.04 -0.04  0.13  0.02
  SE    0.09  0.09  0.09  0.09  0.09  0.09  0.09  0.09  0.09  0.09  0.09  0.10
  Q     0.00  3.45  4.08  4.55  5.04  7.94  8.26  8.46  8.73  8.96 11.18 11.26
  DF       0     0     1     2     3     4     5     6     7     8     9    10
  P    0.000 0.000 0.044 0.103 0.169 0.094 0.142 0.206 0.273 0.346 0.263 0.337

  Lag     13    14    15    16    17    18    19    20    21    22    23    24
  ACF  -0.06  0.12  0.01  0.10 -0.08  0.06  0.03 -0.04  0.03 -0.04  0.06 -0.02
  SE    0.10  0.10  0.10  0.10  0.10  0.10  0.10  0.10  0.10  0.10  0.10  0.10
  Q    11.72 13.75 13.76 15.37 16.41 16.94 17.12 17.31 17.44 17.73 18.32 18.36
  DF      11    12    13    14    15    16    17    18    19    20    21    22
  P    0.385 0.317 0.391 0.353 0.356 0.390 0.446 0.502 0.560 0.605 0.629 0.684

  The P-values approximate the probability of observing a Q-value at least
  this large when the model fitted is correct in a way that supports the
  standard interpretations of the test statistics, standard errors, and
  prediction intervals output by X-13ARIMA-SEATS. When DF is positive, small
  values of P, customarily those below 0.05, suggest that model-based
  inferences about statistical significance and uncertainty will be less
  dependable than usual.

  Sample Autocorrelations of the Squared Residuals
                 -1.0 -0.8 -0.6 -0.4 -0.2  0.0  0.2  0.4  0.6  0.8  1.0
                   +----+----+----+----+----+----+----+----+----+----+
            1                           .   |   .                      0.003
            2                           .   |XXXX                      0.163
            3                          .    |XX  .                     0.069
            4                          .  XX|    .                    -0.060
            5                          .  XX|    .                    -0.060
            6                          .XXXX|    .                    -0.147
            7                          .    |X   .                     0.049
            8                          .   X|    .                    -0.038
            9                          .    |X   .                     0.044
           10                          .   X|    .                    -0.041
           11                          .    |XXX .                     0.126
           12       - - - - - - - - -  .    |X   .  - - - - - - - -    0.024
           13                          .   X|    .                    -0.057
           14                          .    |XXX .                     0.119
           15                          .    |    .                     0.007
           16                          .    |XXX .                     0.105
           17                          .  XX|    .                    -0.084
           18                          .    |X   .                     0.060
           19                          .    |X   .                     0.035
           20                          .   X|    .                    -0.036
           21                          .    |X   .                     0.030
           22                          .   X|    .                    -0.043
           23                          .    |XX  .                     0.061
           24       - - - - - - - - -  .    |    .  - - - - - - - -   -0.016
  
 Histogram of the Standardized and Mean-Centered Residuals
  Standard
  Deviations    Frequency
       -3 +##
          |
       -2 +###
          |########
       -1 +############
          |############################
        0 +#####################
          |####################
        1 +##################
          |#######
        2 +####
          |###
        3 +

  One '#'= 1 observation[s]

 Tabular Histogram of the Standardized and Mean-Centered Residuals

  Standard
  Deviations    Frequency

 -3.00                 2

 -2.50                 0

 -2.00                 3

 -1.50                 8

 -1.00                12

 -0.50                28

  0.00                21

  0.50                20

  1.00                18

  1.50                 7

  2.00                 4

  2.50                 3

  3.00                 0

 Summary Statistics for the Unstandardized Residuals
  Minimum                    -0.023
  Maximum                     0.019
  Median                     -0.000
  Robust Std Dev              0.007

 Normality Statistics for regARIMA Model Residuals:

    Number of residuals  :    126

    Skewness coefficient :   -0.0873    
    Geary's a            :    0.7840    
    Kurtosis             :    3.2277    

  No indication of lack of normality.

 Durbin-Watson Statistic for regARIMA Model Residuals:
  dw =     2.041334

 Friedman Non-Parametric Test for regARIMA Model Residuals:
  ken =    11.276923 ( Asymptotically distributed as Chi-Square(11), P-Value =     0.420364 )

 QS Statistic for regARIMA Model Residuals (full series):             0.00
                                                       (P-Value =     1.0000)

 QS Statistic for regARIMA Model Residuals (starting 2018.Aug):       0.00
                                                       (P-Value =     1.0000)
      10*LOG(SPECTRUM) of the regARIMA model residuals
      Spectrum estimated from 2018.Aug to 2026.Jul.
 ++++++++++I+++++++++++++++++++++++++++++++++++++++++++++++++++++++++++++I
     -37.34I                                  *                          I    -37.34
           I                                  *                          I
           I                                  *                          I
           I  *                               *                         SI
     -38.02I  *                               *                         SI    -38.02
           I  *                               *                         SI
           I  *                               *                         SI
           I  *                               *                         SI
     -38.69I **                               *                         SI    -38.69
           I **                               *                         SI
           I **           *   *               *                         SI
           I **           *   *               *                         SI
     -39.36I ***          *   *               *            *            SI    -39.36
           I ***          *   *               *            *            SI
           I****          *   *               **           *       *    SI
           I****          *   *               **       *   *       *    SI
     -40.04I****          *   *               **       *   *       *    SI    -40.04
           I****         **   *               **       *   *       *    SI
           I****         **   *               **       *   **      *    SI
           I****         **   *               **      T*   **     **    SI
     -40.71I****         **   *               **     *T*   **     **    SI    -40.71
           I****         **  **               **     *T**  **     **    SI
           I*****        **  **               **    S*T** ***     **    SI
           I*****        **  **               **    S*T** ***     **    SI
     -41.38I*****        **  **              ***    S*T** ***   T **    SI    -41.38
           I*****        **  **              ***    S*T** ***   T **    SI
           I*****        **  **              ***    S*T** ***  *T***    SI
           I*****        **  **              ***    S*T******  *T***   *SI
     -42.06I******       **  **              ***    S*T******* *T***   *SI    -42.06
           I******       *** **              ***    S*T******* *T***   *SI
           I******       *** **              ***    S*T*******S*T***   *SI
           I******       *** **        *     ***    S*T*******S*T****  *SI
     -42.73I******       *** **        *     ***    S*T*******S*T****  *SI    -42.73
           I*******      *** **        *    ****    S*T*******S*T****  *SI
           I*******      *** ***       *    ****    S*T*******S*T****  *SI
           I*******      *******   *   *   *****   *S*T*******S*T****  *SI
     -43.40I*******     ********  **   *   *****   *S*T*******S*T****  *SI    -43.40
           I*******     ********  **  **   *****   *S*T*******S*T****  *SI
           I*******     ********  **  **   *****   *S*T*******S*T****  *SI
           I*******     ********  **  ***  *****   *S*T*******S*T****  *SI
     -44.08I********    ********  **  *** S*****   *S*T*******S*T****  *SI    -44.08
           I******** *  ********  **  *** S*****   *S*T*******S*T****  *SI
           I**********S ********  **  *** S******  *S*T*******S*T****  *SI
           I**********S*********  **  ****S******  *S*T*******S*T****  *SI
     -44.75I**********S*********  **  ****S******  *S*T*******S*T****  *SI    -44.75
           I**********S*********  *** ****S******  *S*T*******S*T*******SI
           I**********S*********  ********S******  *S*T*******S*T*******SI
           I**********S********* *********S******  *S*T*******S*T*******SI
     -45.42I**********S********* *********S******  *S*T*******S*T*******SI    -45.42
           I**********S*********S*********S****** **S*T*******S*T*******SI
           I**********S*********S*********S****** **S*T*******S*T*******SI
           I**********S*********S*********S****** **S*T*******S*T*******SI
     -46.10I**********S*********S*********S*********S*T*******S*T*******SI    -46.10
 ++++++++++I+++++++++++++++++++++++++++++++++++++++++++++++++++++++++++++I
            S=SEASONAL FREQUENCIES, T=TRADING DAY FREQUENCIES


 FORECASTING
  Origin  2026.Jul
  Number        12

  Forecasts and Standard Errors of the Transformed Data
   ------------------------------
                         Standard
       Date   Forecast      Error
   ------------------------------
   2026.Aug       4.73      0.008
   2026.Sep       4.74      0.010
   2026.Oct       4.74      0.012
   2026.Nov       4.72      0.014
   2026.Dec       4.74      0.015
   2027.Jan       4.73      0.017
   2027.Feb       4.75      0.018
   2027.Mar       4.75      0.019
   2027.Apr       4.76      0.020
   2027.May       4.75      0.022
   2027.Jun       4.75      0.023
   2027.Jul       4.75      0.024
   ------------------------------

  Confidence intervals with coverage probability ( 0.95000
  On the Original Scale
   ---------------------------------------
       Date      Lower  Forecast     Upper
   ---------------------------------------
   2026.Aug     111.44    113.15    114.88
   2026.Sep     112.55    114.83    117.16
   2026.Oct     112.05    114.78    117.57
   2026.Nov     108.71    111.73    114.83
   2026.Dec     110.77    114.19    117.71
   2027.Jan     109.19    112.86    116.66
   2027.Feb     111.59    115.63    119.83
   2027.Mar     111.35    115.66    120.13
   2027.Apr     111.83    116.41    121.19
   2027.May     110.64    115.41    120.40
   2027.Jun     110.70    115.71    120.95
   2027.Jul     110.47    115.69    121.16
   ---------------------------------------
        R35 monthly CPI index            PAGE   4, SERIES series

 B 1  Original series (prior adjusted)
  From  2015.Jan to 2026.Jul
  Observations        139
 -----------------------------------------------------------------------------
               Jan      Feb      Mar      Apr      May      Jun 
               Jul      Aug      Sep      Oct      Nov      Dec        TOTAL  
 -----------------------------------------------------------------------------
  2015          99.     100.     100.     100.     100.     100.
               100.      99.      99.     100.     100.     101.         1200.
 
  2016         101.     102.     101.     101.     101.     102.
               101.     101.     101.     101.     102.     101.         1215.
 
  2017         100.     100.     100.      99.      99.      99.
               100.      99.     100.     100.     100.      99.         1196.
 
  2018          99.      99.      99.      99.      99.      98.
                98.      98.      98.      98.      98.      98.         1180.
 
  2019          96.      97.      98.      97.      97.      97.
                97.      96.      97.      97.      97.      97.         1163.
 
  2020          96.      98.      99.      98.     100.     100.
               100.     100.      99.     100.      99.      99.         1189.
 
  2021          99.     100.     100.     101.     100.     101.
               101.     101.     102.     103.     103.     105.         1216.
 
  2022         105.     106.     107.     107.     107.     107.
               108.     110.     112.     113.     110.     112.         1304.
 
  2023         110.     112.     112.     113.     113.     112.
               112.     112.     113.     113.     111.     113.         1348.
 
  2024         111.     113.     114.     115.     113.     113.
               113.     111.     112.     112.     110.     111.         1349.
 
  2025         111.     113.     112.     113.     113.     113.
               113.     112.     114.     113.     109.     113.         1347.
 
  2026         111.     115.     115.     115.     114.     115.
               114.                                                       798.
 
  AVGE         103.     105.     105.     105.     105.     105.
               105.     103.     104.     105.     104.     104.

  Table Total-     14504.70   Mean-     104.35   Std. Dev.-       6.28
                              Min -      95.60        Max -     115.10

 B 1.A  Forecasts of (prior adjusted) original series
  From  2026.Aug to 2027.Jul
  Observations         12
 -----------------------------------------------------------------------------
               Jan      Feb      Mar      Apr      May      Jun 
               Jul      Aug      Sep      Oct      Nov      Dec        TOTAL  
 -----------------------------------------------------------------------------
  2026                                                          
                        113.     115.     115.     112.     114.          569.
 
  2027         113.     116.     116.     116.     115.     116.
               116.                                                       807.
 
        R35 monthly CPI index            PAGE   5, SERIES series

 C 17  Final weights for irregular component
  From  2015.Jan to 2026.Jul
  Observations        139
  Lower sigma limit    1.50
  Upper sigma limit    2.50
 -----------------------------------------------------------------------------
               Jan      Feb      Mar      Apr      May      Jun 
               Jul      Aug      Sep      Oct      Nov      Dec         S.D.  
 -----------------------------------------------------------------------------
  2015        100.0    100.0    100.0    100.0    100.0    100.0
              100.0    100.0    100.0    100.0    100.0    100.0           0.3
 
  2016        100.0     63.1    100.0    100.0    100.0    100.0
                0.0    100.0    100.0    100.0      0.0    100.0           0.3
 
  2017        100.0    100.0    100.0     51.3    100.0    100.0
              100.0    100.0    100.0    100.0    100.0    100.0           0.3
 
  2018        100.0    100.0    100.0    100.0    100.0    100.0
              100.0    100.0    100.0    100.0    100.0     34.1           0.3
 
  2019         84.2      0.0      0.0    100.0    100.0    100.0
              100.0      0.0    100.0    100.0    100.0    100.0           0.3
 
  2020         58.1    100.0    100.0      0.0    100.0    100.0
              100.0     63.7    100.0    100.0    100.0    100.0           0.3
 
  2021         60.1    100.0    100.0    100.0    100.0    100.0
              100.0    100.0    100.0    100.0    100.0    100.0           0.3
 
  2022          0.0    100.0    100.0    100.0     75.8     65.8
               23.4    100.0      0.0      0.0    100.0    100.0           0.3
 
  2023        100.0    100.0    100.0    100.0     85.7    100.0
              100.0    100.0    100.0    100.0    100.0     61.4           0.3
 
  2024        100.0    100.0    100.0     47.2    100.0    100.0
              100.0    100.0    100.0    100.0    100.0     73.4           0.3
 
  2025         24.1    100.0    100.0    100.0    100.0    100.0
              100.0    100.0    100.0    100.0      0.0    100.0           0.3
 
  2026        100.0    100.0     48.2    100.0    100.0    100.0
              100.0                                                        0.3
 
        R35 monthly CPI index            PAGE   6, SERIES series

 D 8  Final unmodified SI ratios
  From  2015.Jan to 2026.Jul
  Observations        139
 -----------------------------------------------------------------------------
               Jan      Feb      Mar      Apr      May      Jun 
               Jul      Aug      Sep      Oct      Nov      Dec         AVGE  
 -----------------------------------------------------------------------------
  2015         99.9    100.3     99.9     99.9    100.1     99.9
              100.2     99.6     99.8     99.9    100.0    100.4         100.0
 
  2016         99.7    100.7    100.0     99.6    100.0    100.1
               99.4     99.9     99.7    100.3    100.9    100.0         100.0
 
  2017         99.9    100.3    100.1     99.3     99.9    100.0
              100.3     99.6    100.0    100.4    100.2     99.9         100.0
 
  2018         99.5    100.2    100.1     99.9    100.2     99.9
              100.0    100.0    100.2    100.0     99.9    100.6         100.0
 
  2019         98.8     99.4    100.9    100.4    100.2     99.9
              100.3     98.9     99.9    100.2     99.9     99.8          99.9
 
  2020         98.5    100.4    100.5     99.2    100.2    100.1
              100.3    100.2     99.8    100.2     99.3     99.9          99.9
 
  2021         99.4    100.3    100.3    100.8     99.8    100.2
              100.2     99.6    100.1    100.0     99.6    100.3         100.0
 
  2022         99.9    100.3    100.5    100.9     99.8     99.6
               99.6     99.8    101.4    101.7     99.0    100.2         100.2
 
  2023         98.7    100.4    100.3    101.0    100.6     99.9
              100.1     99.4    100.3    100.6     98.5    100.5         100.0
 
  2024         98.3    100.4    100.6    101.7    100.3    100.2
              100.5     99.1    100.4    100.3     98.5     99.4         100.0
 
  2025         99.0    100.8    100.2    101.2    100.6    100.5
              100.4     99.0    100.7    100.3     96.6     99.6          99.9
 
  2026         98.1    100.9    101.0    101.3    100.1    100.7
              100.4                                                      100.3
 
  AVGE         99.1    100.4    100.4    100.4    100.1    100.1
              100.1     99.6    100.2    100.4     99.3    100.1

  Table Total-     13901.92   Mean-     100.01   Std. Dev.-       0.68
                              Min -      96.60        Max -     101.69
        R35 monthly CPI index            PAGE   7, SERIES series

 D 8.B  Final unmodified SI ratios, with labels for outliers and extreme values
  From  2015.Jan to 2026.Jul
  Observations        139
 ---------------------------------------------------------------------
               Jan       Feb       Mar       Apr       May       Jun  
               Jul       Aug       Sep       Oct       Nov       Dec  
 ---------------------------------------------------------------------
  2015        99.9     100.3      99.9      99.9     100.1      99.9  
             100.2      99.6      99.8      99.9     100.0     100.4  
 
  2016        99.7     100.7*    100.0      99.6     100.0     100.1  
              99.4*     99.9      99.7     100.3     100.9*    100.0  
 
  2017        99.9     100.3     100.1      99.3*     99.9     100.0  
             100.3      99.6     100.0     100.4     100.2      99.9  
 
  2018        99.5     100.2     100.1      99.9     100.2      99.9  
             100.0     100.0     100.2     100.0      99.9     100.6* 
 
  2019        98.8*     99.4*    100.9*    100.4     100.2      99.9  
             100.3      98.9*     99.9     100.2      99.9      99.8  
 
  2020        98.5*    100.4     100.5      99.2*    100.2     100.1  
             100.3     100.2*     99.8     100.2      99.3      99.9  
 
  2021        99.4*    100.3     100.3     100.8      99.8     100.2  
             100.2      99.6     100.1     100.0      99.6     100.3  
 
  2022        99.9*    100.3     100.5     100.9      99.8*     99.6* 
              99.6*     99.8     101.4*    101.7*     99.0     100.2  
 
  2023        98.7     100.4     100.3     101.0     100.6*     99.9  
             100.1      99.4     100.3     100.6      98.5     100.5* 
 
  2024        98.3     100.4     100.6     101.7*    100.3     100.2  
             100.5      99.1     100.4     100.3      98.5      99.4* 
 
  2025        99.0*    100.8     100.2     101.2     100.6     100.5  
             100.4      99.0     100.7     100.3      96.6*     99.6  
 
  2026        98.1     100.9     101.0*    101.3     100.1     100.7  
             100.4                                                    
 

  Key to symbols:
    *  : extreme value as determined by X-11 extreme value procedure
 
        R35 monthly CPI index            PAGE   8, SERIES series

 D 9  Final replacement values for SI ratios
  From  2015.Jan to 2026.Jul
  Observations        139
 ---------------------------------------------------------------
               Jan      Feb      Mar      Apr      May      Jun 
               Jul      Aug      Sep      Oct      Nov      Dec 
 ---------------------------------------------------------------
  2015     ******** ******** ******** ******** ******** ********
           ******** ******** ******** ******** ******** ********
 
  2016     ********    100.6 ******** ******** ******** ********
              100.1 ******** ******** ********    100.2 ********
 
  2017     ******** ******** ********     99.6 ******** ********
           ******** ******** ******** ******** ******** ********
 
  2018     ******** ******** ******** ******** ******** ********
           ******** ******** ******** ******** ********    100.2
 
  2019         98.8    100.3    100.3 ******** ******** ********
           ********     99.8 ******** ******** ******** ********
 
  2020         98.7 ******** ********    100.3 ******** ********
           ********    100.0 ******** ******** ******** ********
 
  2021         99.2 ******** ******** ******** ******** ********
           ******** ******** ******** ******** ******** ********
 
  2022         98.8 ******** ******** ********     99.9     99.8
              100.1 ********    100.3    100.4 ******** ********
 
  2023     ******** ******** ******** ********    100.5 ********
           ******** ******** ******** ******** ********    100.3
 
  2024     ******** ******** ********    101.4 ******** ********
           ******** ******** ******** ******** ********     99.5
 
  2025         98.6 ******** ******** ******** ******** ********
           ******** ******** ******** ********     98.2 ********
 
  2026     ******** ********    100.7 ******** ******** ********
           ********                                             
 

 D 9.A  Moving seasonality ratio
 ---------------------------------------------------------------
               Jan      Feb      Mar      Apr      May      Jun 
 ---------------------------------------------------------------
   I          0.309    0.143    0.216    0.193    0.260    0.175
   S          0.146    0.044    0.047    0.152    0.047    0.053
 RATIO        2.118    3.256    4.650    1.268    5.535    3.300



 ---------------------------------------------------------------
               Jul      Aug      Sep      Oct      Nov      Dec 
 ---------------------------------------------------------------
   I          0.148    0.296    0.190    0.202    0.248    0.264
   S          0.022    0.072    0.065    0.038    0.186    0.041
 RATIO        6.865    4.086    2.940    5.354    1.332    6.475



        R35 monthly CPI index            PAGE   9, SERIES series

 D 10  Final seasonal factors
  From  2015.Jan to 2026.Jul
  Observations        139
  Seasonal filter    3 x 5 moving average
 -----------------------------------------------------------------------------
               Jan      Feb      Mar      Apr      May      Jun 
               Jul      Aug      Sep      Oct      Nov      Dec         AVGE  
 -----------------------------------------------------------------------------
  2015        99.78   100.34   100.01    99.71   100.03    99.99
             100.19    99.76    99.89   100.18   100.10   100.08        100.00
 
  2016        99.70   100.33   100.03    99.76   100.04    99.98
             100.19    99.78    99.91   100.17   100.07   100.07        100.00
 
  2017        99.54   100.32   100.09    99.84   100.06    99.99
             100.19    99.82    99.93   100.19   100.00   100.03        100.00
 
  2018        99.36   100.30   100.16   100.00   100.08   100.01
             100.21    99.83    99.96   100.19    99.90   100.01        100.00
 
  2019        99.17   100.29   100.24   100.20   100.07   100.01
             100.20    99.84   100.01   100.19    99.72   100.02        100.00
 
  2020        99.01   100.29   100.30   100.43   100.09   100.00
             100.20    99.80   100.06   100.20    99.50   100.07        100.00
 
  2021        98.85   100.31   100.36   100.65   100.11   100.00
             100.21    99.73   100.11   100.25    99.24   100.07         99.99
 
  2022        98.74   100.36   100.38   100.84   100.17   100.05
             100.24    99.58   100.22   100.30    98.97   100.04         99.99
 
  2023        98.62   100.44   100.41   100.98   100.21   100.12
             100.27    99.44   100.35   100.36    98.69    99.96         99.99
 
  2024        98.50   100.53   100.43   101.10   100.29   100.23
             100.31    99.30   100.45   100.40    98.45    99.87         99.99
 
  2025        98.38   100.62   100.48   101.17   100.32   100.36
             100.37    99.22   100.51   100.41    98.27    99.77         99.99
 
  2026        98.34   100.69   100.50   101.22   100.34   100.46
             100.40                                                     100.28
 
  AVGE        99.00   100.40   100.28   100.49   100.15   100.10
             100.25    99.64   100.13   100.26    99.36   100.00

  Table Total-     13901.27   Mean-     100.01   Std. Dev.-       0.53
                              Min -      98.27        Max -     101.22

 D 10.A  Final seasonal component forecasts
  From  2026.Aug to 2027.Jul
  Observations         12
 -----------------------------------------------------------------------------
               Jan      Feb      Mar      Apr      May      Jun 
               Jul      Aug      Sep      Oct      Nov      Dec         AVGE  
 -----------------------------------------------------------------------------
  2026                                                          
                       99.15   100.53   100.40    98.20    99.71         99.60
 
  2027        98.32   100.73   100.50   101.23   100.33   100.51
             100.41                                                     100.29
 
        R35 monthly CPI index            PAGE  10, SERIES series

 D 11  Final seasonally adjusted data
  From  2015.Jan to 2026.Jul
  Observations        139
 -----------------------------------------------------------------------------
               Jan      Feb      Mar      Apr      May      Jun 
               Jul      Aug      Sep      Oct      Nov      Dec        TOTAL  
 -----------------------------------------------------------------------------
  2015         100.     100.     100.     100.     100.     100.
               100.     100.     100.     100.     100.     101.         1200.
 
  2016         101.     102.     101.     101.     101.     102.
               101.     102.     101.     101.     102.     101.         1215.
 
  2017         101.     100.     100.      99.      99.     100.
               100.      99.     100.     100.     100.      99.         1196.
 
  2018          99.      99.      99.      99.      99.      98.
                98.      98.      98.      98.      98.      98.         1180.
 
  2019          97.      96.      98.      97.      97.      97.
                97.      96.      97.      97.      97.      97.         1163.
 
  2020          97.      98.      99.      98.     100.     100.
               100.     100.      99.      99.      99.      99.         1189.
 
  2021         100.     100.     100.     100.     100.     101.
               101.     101.     102.     102.     104.     105.         1216.
 
  2022         106.     106.     106.     107.     107.     107.
               108.     110.     112.     113.     111.     112.         1304.
 
  2023         112.     112.     112.     112.     113.     112.
               112.     112.     112.     113.     112.     113.         1348.
 
  2024         113.     113.     113.     114.     113.     113.
               113.     112.     112.     112.     112.     111.         1349.
 
  2025         112.     112.     111.     112.     112.     112.
               112.     112.     113.     113.     111.     113.         1347.
 
  2026         113.     114.     114.     114.     113.     114.
               114.                                                       796.
 
  AVGE         104.     104.     104.     104.     105.     105.
               105.     104.     104.     104.     104.     104.

  Table Total-     14503.20   Mean-     104.34   Std. Dev.-       6.23
                              Min -      95.75        Max -     114.13
        R35 monthly CPI index            PAGE  11, SERIES series

 D 12  Final trend cycle
  From  2015.Jan to 2026.Jul
  Observations        139
  Trend filter    13-term Henderson moving average
  I/C ratio        1.06
 -----------------------------------------------------------------------------
               Jan      Feb      Mar      Apr      May      Jun 
               Jul      Aug      Sep      Oct      Nov      Dec        TOTAL  
 -----------------------------------------------------------------------------
  2015         100.     100.     100.     100.     100.     100.
               100.     100.     100.     100.     100.     101.         1200.
 
  2016         101.     101.     101.     101.     102.     102.
               102.     101.     101.     101.     101.     101.         1215.
 
  2017         100.     100.     100.     100.      99.      99.
                99.     100.     100.     100.     100.      99.         1196.
 
  2018          99.      99.      99.      99.      98.      98.
                98.      98.      98.      98.      98.      98.         1180.
 
  2019          97.      97.      97.      97.      97.      97.
                97.      97.      97.      97.      97.      97.         1164.
 
  2020          98.      98.      99.      99.      99.     100.
               100.     100.     100.     100.     100.     100.         1191.
 
  2021         100.     100.     100.     100.     100.     101.
               101.     101.     102.     103.     104.     104.         1216.
 
  2022         105.     106.     106.     106.     107.     108.
               109.     110.     110.     111.     111.     112.         1301.
 
  2023         112.     112.     112.     112.     112.     112.
               112.     112.     112.     112.     113.     113.         1348.
 
  2024         113.     113.     113.     113.     113.     113.
               112.     112.     112.     112.     112.     112.         1349.
 
  2025         112.     112.     112.     112.     112.     112.
               112.     113.     113.     113.     113.     113.         1348.
 
  2026         113.     113.     114.     114.     114.     114.
               114.                                                       795.
 
  AVGE         104.     104.     104.     104.     105.     105.
               105.     104.     104.     104.     104.     104.

  Table Total-     14502.58   Mean-     104.34   Std. Dev.-       6.19
                              Min -      96.65        Max -     113.93
        R35 monthly CPI index            PAGE  12, SERIES series

 D 13  Final irregular component
  From  2015.Jan to 2026.Jul
  Observations        139
 -----------------------------------------------------------------------------
               Jan      Feb      Mar      Apr      May      Jun 
               Jul      Aug      Sep      Oct      Nov      Dec         S.D.  
 -----------------------------------------------------------------------------
  2015         99.9     99.8     99.8    100.3    100.2    100.0
              100.1     99.9     99.9     99.7     99.9    100.3           0.2
 
  2016        100.0    100.4     99.9     99.8    100.0    100.2
               99.3    100.2     99.8    100.0    100.7     99.9           0.3
 
  2017        100.3     99.9    100.0     99.5     99.9    100.1
              100.1     99.7    100.1    100.2    100.2     99.8           0.2
 
  2018        100.1     99.9    100.0    100.0    100.1     99.9
               99.8    100.1    100.2     99.8    100.0    100.6           0.2
 
  2019         99.6     99.1    100.7    100.2    100.1     99.9
               99.9     99.1     99.9    100.1    100.2     99.9           0.5
 
  2020         99.5    100.0    100.2     98.8    100.1    100.1
              100.1    100.5     99.7    100.0     99.8     99.9           0.4
 
  2021        100.6    100.0     99.9    100.1     99.7    100.3
              100.0     99.8     99.9     99.7    100.3    100.2           0.3
 
  2022        101.2    100.0    100.1    100.0     99.6     99.5
               99.5    100.3    101.2    101.4     99.9    100.1           0.7
 
  2023         99.9     99.8     99.9    100.1    100.5     99.8
               99.8     99.9     99.9    100.3     99.8    100.5           0.3
 
  2024         99.7     99.8    100.2    100.6    100.0    100.0
              100.1     99.8    100.0     99.9    100.1     99.6           0.2
 
  2025        100.7    100.2     99.6     99.9    100.2    100.1
              100.0     99.8    100.3    100.0     98.4     99.8           0.6
 
  2026         99.7    100.3    100.5    100.0     99.7    100.1
               99.9                                                        0.3
 
  S.D.          0.5      0.3      0.3      0.4      0.3      0.2
                0.3      0.4      0.4      0.5      0.6      0.3

  Table Total-     13900.39   Mean-     100.00   Std. Dev.-       0.38
                              Min -      98.35        Max -     101.38
        R35 monthly CPI index            PAGE  13, SERIES series

 D 16  Combined adjustment factors
  From  2015.Jan to 2026.Jul
  Observations        139
 -----------------------------------------------------------------------------
               Jan      Feb      Mar      Apr      May      Jun 
               Jul      Aug      Sep      Oct      Nov      Dec         AVGE  
 -----------------------------------------------------------------------------
  2015        99.78   100.34   100.01    99.71   100.03    99.99
             100.19    99.76    99.89   100.18   100.10   100.08        100.00
 
  2016        99.70   100.33   100.03    99.76   100.04    99.98
             100.19    99.78    99.91   100.17   100.07   100.07        100.00
 
  2017        99.54   100.32   100.09    99.84   100.06    99.99
             100.19    99.82    99.93   100.19   100.00   100.03        100.00
 
  2018        99.36   100.30   100.16   100.00   100.08   100.01
             100.21    99.83    99.96   100.19    99.90   100.01        100.00
 
  2019        99.17   100.29   100.24   100.20   100.07   100.01
             100.20    99.84   100.01   100.19    99.72   100.02        100.00
 
  2020        99.01   100.29   100.30   100.43   100.09   100.00
             100.20    99.80   100.06   100.20    99.50   100.07        100.00
 
  2021        98.85   100.31   100.36   100.65   100.11   100.00
             100.21    99.73   100.11   100.25    99.24   100.07         99.99
 
  2022        98.74   100.36   100.38   100.84   100.17   100.05
             100.24    99.58   100.22   100.30    98.97   100.04         99.99
 
  2023        98.62   100.44   100.41   100.98   100.21   100.12
             100.27    99.44   100.35   100.36    98.69    99.96         99.99
 
  2024        98.50   100.53   100.43   101.10   100.29   100.23
             100.31    99.30   100.45   100.40    98.45    99.87         99.99
 
  2025        98.38   100.62   100.48   101.17   100.32   100.36
             100.37    99.22   100.51   100.41    98.27    99.77         99.99
 
  2026        98.34   100.69   100.50   101.22   100.34   100.46
             100.40                                                     100.28
 
  AVGE        99.00   100.40   100.28   100.49   100.15   100.10
             100.25    99.64   100.13   100.26    99.36   100.00

  Table Total-     13901.27   Mean-     100.01   Std. Dev.-       0.53
                              Min -      98.27        Max -     101.22

 D 16.A  Combined adjustment component forecasts
  From  2026.Aug to 2027.Jul
  Observations         12
 -----------------------------------------------------------------------------
               Jan      Feb      Mar      Apr      May      Jun 
               Jul      Aug      Sep      Oct      Nov      Dec         AVGE  
 -----------------------------------------------------------------------------
  2026                                                          
                       99.15   100.53   100.40    98.20    99.71         99.60
 
  2027        98.32   100.73   100.50   101.23   100.33   100.51
             100.41                                                     100.29
 
        R35 monthly CPI index            PAGE  14, SERIES series

 E 4  Ratios of annual totals
  From          2015 to 2025
  Observations         11
 -----------------------------------
  Year       Unmodified     Modified
                  (D11)         (E2)
 -----------------------------------
  2015           100.00       100.00
 
  2016           100.00       100.00
 
  2017           100.00       100.00
 
  2018           100.00       100.00
 
  2019           100.00       100.00
 
  2020           100.00       100.00
 
  2021            99.99        99.99
 
  2022            99.99        99.99
 
  2023            99.99        99.99
 
  2024            99.99        99.99
 
  2025            99.99        99.99
 
        R35 monthly CPI index            PAGE  15, SERIES series

 E 5  Month-to-month percent change in the original series
  From  2015.Feb to 2026.Jul
  Observations        138
 -----------------------------------------------------------------------------
               Jan      Feb      Mar      Apr      May      Jun 
               Jul      Aug      Sep      Oct      Nov      Dec         AVGE  
 -----------------------------------------------------------------------------
  2015                   0.6     -0.2      0.2      0.3     -0.3
                0.1     -0.8      0.1      0.3      0.4      0.7           0.1
 
  2016         -0.3      1.3     -0.6     -0.3      0.5      0.2
               -0.7      0.4     -0.4      0.4      0.4     -1.1          -0.0
 
  2017         -0.4      0.1     -0.4     -1.0      0.5      0.0
                0.3     -0.7      0.5      0.4     -0.3     -0.5          -0.1
 
  2018         -0.6      0.5     -0.2     -0.3      0.1     -0.4
                0.0     -0.2      0.1     -0.3     -0.3      0.5          -0.1
 
  2019         -1.9      0.5      1.4     -0.7     -0.4     -0.4
                0.2     -1.2      1.2      0.5     -0.1      0.2          -0.1
 
  2020         -1.0      2.3      0.6     -0.8      1.4      0.1
                0.3     -0.1     -0.6      0.3     -0.9      0.7           0.2
 
  2021         -0.4      1.0      0.1      0.7     -0.7      0.7
                0.3     -0.2      1.1      0.6      0.4      1.5           0.4
 
  2022          0.3      1.0      0.6      0.8     -0.6      0.6
                0.9      1.0      2.3      0.8     -2.4      1.5           0.6
 
  2023         -1.4      1.9      0.2      0.8     -0.3     -0.8
                0.2     -0.7      1.0      0.4     -2.0      2.2           0.1
 
  2024         -2.1      2.3      0.4      1.1     -1.5     -0.3
               -0.1     -1.6      1.1     -0.3     -1.8      0.9          -0.2
 
  2025         -0.4      1.8     -0.6      1.1     -0.4      0.1
                0.1     -1.2      1.9     -0.3     -3.7      3.2           0.1
 
  2026         -1.4      3.2      0.2      0.3     -1.1      0.6
               -0.2                                                        0.2
 
  AVGE         -0.9      1.4      0.1      0.2     -0.2      0.0
                0.1     -0.5      0.7      0.3     -0.9      0.9

  Table Total-        14.58   Mean-       0.11   Std. Dev.-       1.02
                              Min -      -3.71        Max -       3.21
        R35 monthly CPI index            PAGE  16, SERIES series

 E 6  Month-to-month percent change in seasonally adjusted series (D11)
  From  2015.Feb to 2026.Jul
  Observations        138
 -----------------------------------------------------------------------------
               Jan      Feb      Mar      Apr      May      Jun 
               Jul      Aug      Sep      Oct      Nov      Dec         AVGE  
 -----------------------------------------------------------------------------
  2015                   0.0      0.1      0.5     -0.0     -0.3
               -0.1     -0.4     -0.0      0.0      0.5      0.7           0.1
 
  2016          0.1      0.7     -0.3     -0.0      0.2      0.3
               -0.9      0.8     -0.5      0.1      0.5     -1.1          -0.0
 
  2017          0.1     -0.7     -0.2     -0.8      0.3      0.1
                0.1     -0.3      0.4      0.1     -0.1     -0.5          -0.1
 
  2018          0.1     -0.4     -0.1     -0.1      0.0     -0.3
               -0.2      0.2     -0.0     -0.5     -0.0      0.4          -0.1
 
  2019         -1.1     -0.6      1.5     -0.7     -0.3     -0.3
                0.0     -0.9      1.0      0.3      0.4     -0.1          -0.1
 
  2020         -0.0      1.0      0.6     -0.9      1.8      0.2
                0.1      0.3     -0.9      0.2     -0.2      0.1           0.2
 
  2021          0.8     -0.5      0.0      0.4     -0.2      0.8
                0.1      0.3      0.7      0.5      1.4      0.6           0.4
 
  2022          1.6     -0.7      0.5      0.4      0.1      0.7
                0.7      1.7      1.6      0.7     -1.1      0.4           0.6
 
  2023         -0.0      0.1      0.2      0.2      0.5     -0.7
                0.0      0.1      0.1      0.4     -0.4      0.9           0.1
 
  2024         -0.7      0.2      0.5      0.4     -0.7     -0.2
               -0.2     -0.6     -0.1     -0.2      0.2     -0.5          -0.2
 
  2025          1.2     -0.5     -0.5      0.4      0.5      0.1
                0.1     -0.1      0.6     -0.2     -1.6      1.7           0.1
 
  2026          0.0      0.7      0.4     -0.4     -0.3      0.5
               -0.1                                                        0.1
 
  AVGE          0.2     -0.1      0.2     -0.0      0.2      0.1
               -0.0      0.1      0.3      0.1     -0.0      0.2

  Table Total-        13.49   Mean-       0.10   Std. Dev.-       0.60
                              Min -      -1.60        Max -       1.77
        R35 monthly CPI index            PAGE  17, SERIES series

 E 7  Month-to-month percent change in final trend cycle (D12)
  From  2015.Feb to 2026.Jul
  Observations        138
 -----------------------------------------------------------------------------
               Jan      Feb      Mar      Apr      May      Jun 
               Jul      Aug      Sep      Oct      Nov      Dec         AVGE  
 -----------------------------------------------------------------------------
  2015                   0.1      0.1      0.1      0.0     -0.1
               -0.2     -0.1     -0.0      0.1      0.3      0.4           0.1
 
  2016          0.3      0.3      0.2      0.1      0.1      0.0
               -0.0     -0.1     -0.1     -0.2     -0.2     -0.2           0.0
 
  2017         -0.3     -0.3     -0.3     -0.2     -0.1     -0.0
                0.0      0.1      0.1     -0.0     -0.1     -0.2          -0.1
 
  2018         -0.2     -0.2     -0.2     -0.2     -0.1     -0.1
               -0.1     -0.1     -0.1     -0.2     -0.2     -0.2          -0.2
 
  2019         -0.1     -0.1     -0.1     -0.1     -0.2     -0.1
               -0.1      0.0      0.1      0.2      0.2      0.3          -0.0
 
  2020          0.4      0.4      0.5      0.5      0.4      0.2
                0.1     -0.1     -0.1     -0.1     -0.0      0.0           0.2
 
  2021          0.1      0.1      0.2      0.2      0.2      0.3
                0.4      0.5      0.6      0.7      0.8      0.7           0.4
 
  2022          0.6      0.5      0.4      0.5      0.6      0.7
                0.8      0.8      0.7      0.6      0.4      0.2           0.6
 
  2023          0.2      0.1      0.1      0.1      0.0      0.0
                0.0      0.0      0.1      0.1      0.1      0.1           0.1
 
  2024          0.1      0.1      0.1     -0.0     -0.1     -0.2
               -0.3     -0.3     -0.2     -0.1     -0.1     -0.0          -0.1
 
  2025          0.0      0.1      0.1      0.1      0.2      0.2
                0.2      0.1      0.1      0.1      0.1      0.1           0.1
 
  2026          0.2      0.2      0.1      0.1      0.1      0.1
                0.1                                                        0.1
 
  AVGE          0.1      0.1      0.1      0.1      0.1      0.1
                0.1      0.1      0.1      0.1      0.1      0.1

  Table Total-        13.31   Mean-       0.10   Std. Dev.-       0.27
                              Min -      -0.31        Max -       0.82
        R35 monthly CPI index            PAGE  18, SERIES series

 E 8  Month-to-month percent change in original series adjusted for calendar factors (A18)
  From  2015.Feb to 2026.Jul
  Observations        138
 -----------------------------------------------------------------------------
               Jan      Feb      Mar      Apr      May      Jun 
               Jul      Aug      Sep      Oct      Nov      Dec         AVGE  
 -----------------------------------------------------------------------------
  2015                   0.6     -0.2      0.2      0.3     -0.3
                0.1     -0.8      0.1      0.3      0.4      0.7           0.1
 
  2016         -0.3      1.3     -0.6     -0.3      0.5      0.2
               -0.7      0.4     -0.4      0.4      0.4     -1.1          -0.0
 
  2017         -0.4      0.1     -0.4     -1.0      0.5      0.0
                0.3     -0.7      0.5      0.4     -0.3     -0.5          -0.1
 
  2018         -0.6      0.5     -0.2     -0.3      0.1     -0.4
                0.0     -0.2      0.1     -0.3     -0.3      0.5          -0.1
 
  2019         -1.9      0.5      1.4     -0.7     -0.4     -0.4
                0.2     -1.2      1.2      0.5     -0.1      0.2          -0.1
 
  2020         -1.0      2.3      0.6     -0.8      1.4      0.1
                0.3     -0.1     -0.6      0.3     -0.9      0.7           0.2
 
  2021         -0.4      1.0      0.1      0.7     -0.7      0.7
                0.3     -0.2      1.1      0.6      0.4      1.5           0.4
 
  2022          0.3      1.0      0.6      0.8     -0.6      0.6
                0.9      1.0      2.3      0.8     -2.4      1.5           0.6
 
  2023         -1.4      1.9      0.2      0.8     -0.3     -0.8
                0.2     -0.7      1.0      0.4     -2.0      2.2           0.1
 
  2024         -2.1      2.3      0.4      1.1     -1.5     -0.3
               -0.1     -1.6      1.1     -0.3     -1.8      0.9          -0.2
 
  2025         -0.4      1.8     -0.6      1.1     -0.4      0.1
                0.1     -1.2      1.9     -0.3     -3.7      3.2           0.1
 
  2026         -1.4      3.2      0.2      0.3     -1.1      0.6
               -0.2                                                        0.2
 
  AVGE         -0.9      1.4      0.1      0.2     -0.2      0.0
                0.1     -0.5      0.7      0.3     -0.9      0.9

  Table Total-        14.58   Mean-       0.11   Std. Dev.-       1.02
                              Min -      -3.71        Max -       3.21
        R35 monthly CPI index            PAGE  19, SERIES series

 E 18  Final adjustment ratios
  From  2015.Jan to 2026.Jul
  Observations        139
 -----------------------------------------------------------------------------
               Jan      Feb      Mar      Apr      May      Jun 
               Jul      Aug      Sep      Oct      Nov      Dec         AVGE  
 -----------------------------------------------------------------------------
  2015         99.8    100.3    100.0     99.7    100.0    100.0
              100.2     99.8     99.9    100.2    100.1    100.1         100.0
 
  2016         99.7    100.3    100.0     99.8    100.0    100.0
              100.2     99.8     99.9    100.2    100.1    100.1         100.0
 
  2017         99.5    100.3    100.1     99.8    100.1    100.0
              100.2     99.8     99.9    100.2    100.0    100.0         100.0
 
  2018         99.4    100.3    100.2    100.0    100.1    100.0
              100.2     99.8    100.0    100.2     99.9    100.0         100.0
 
  2019         99.2    100.3    100.2    100.2    100.1    100.0
              100.2     99.8    100.0    100.2     99.7    100.0         100.0
 
  2020         99.0    100.3    100.3    100.4    100.1    100.0
              100.2     99.8    100.1    100.2     99.5    100.1         100.0
 
  2021         98.8    100.3    100.4    100.7    100.1    100.0
              100.2     99.7    100.1    100.3     99.2    100.1         100.0
 
  2022         98.7    100.4    100.4    100.8    100.2    100.0
              100.2     99.6    100.2    100.3     99.0    100.0         100.0
 
  2023         98.6    100.4    100.4    101.0    100.2    100.1
              100.3     99.4    100.3    100.4     98.7    100.0         100.0
 
  2024         98.5    100.5    100.4    101.1    100.3    100.2
              100.3     99.3    100.5    100.4     98.4     99.9         100.0
 
  2025         98.4    100.6    100.5    101.2    100.3    100.4
              100.4     99.2    100.5    100.4     98.3     99.8         100.0
 
  2026         98.3    100.7    100.5    101.2    100.3    100.5
              100.4                                                      100.3
 
  AVGE         99.0    100.4    100.3    100.5    100.2    100.1
              100.2     99.6    100.1    100.3     99.4    100.0

  Table Total-     13901.27   Mean-     100.01   Std. Dev.-       0.53
                              Min -      98.27        Max -     101.22

 E 18.A  Final adjustment ratio forecasts
  From  2026.Aug to 2027.Jul
  Observations         12
 -----------------------------------------------------------------------------
               Jan      Feb      Mar      Apr      May      Jun 
               Jul      Aug      Sep      Oct      Nov      Dec         AVGE  
 -----------------------------------------------------------------------------
  2026                                                          
                        99.2    100.5    100.4     98.2     99.7          99.6
 
  2027         98.3    100.7    100.5    101.2    100.3    100.5
              100.4                                                      100.3
 

  QS statistic for seasonality:
  log(Original Series)                               84.09  (P-Value =     0.0000)
  log(Original Series (EV adj))                      84.09  (P-Value =     0.0000)
  Residuals                                           0.00  (P-Value =     1.0000)
  log(Seasonally Adjusted Series)                     0.00  (P-Value =     1.0000)
  log(SA Series (EV adj))                             0.00  (P-Value =     1.0000)
  Irregular Series                                    0.00  (P-Value =     1.0000)
  Irregular Series (EV adj)                           0.00  (P-Value =     1.0000)

  QS statistic for seasonality (starting 2018.Aug):
  log(Original Series)                               63.72  (P-Value =     0.0000)
  log(Original Series (EV adj))                      63.72  (P-Value =     0.0000)
  Residuals                                           0.00  (P-Value =     1.0000)
  log(Seasonally Adjusted Series)                     0.00  (P-Value =     1.0000)
  log(SA Series (EV adj))                             0.00  (P-Value =     1.0000)
  Irregular Series                                    0.00  (P-Value =     1.0000)
  Irregular Series (EV adj)                           0.00  (P-Value =     1.0000)
        R35 monthly CPI index            PAGE  20, SERIES series
 G 0  10*LOG(SPECTRUM) of the differenced, transformed Original Series
      (Table A1 or B1).  Spectrum estimated from 2018.Aug to 2026.Jul.
 ++++++++++I+++++++++++++++++++++++++++++++++++++++++++++++++++++++++++++I
     -26.04I                                                            SI    -26.04
           I                                                            SI
           I                                                            SI
           I                                                            SI
     -27.68I                                                  S         SI    -27.68
           I                                                  S         SI
           I                                                  S         SI
           I                                                  S         SI
     -29.32I                                                  S         SI    -29.32
           I                                                  S         SI
           I                                                  S         SI
           I                                                  S         SI
     -30.97I                                                  S         SI    -30.97
           I                                        S         S         SI
           I                                        S         S         SI
           I                                        S         S         SI
     -32.61I                                        S         S         SI    -32.61
           I                                        S         S*        SI
           I                                        S         S*        SI
           I                                        S         S*        SI
     -34.25I                                        S         S*        SI    -34.25
           I                                        S         S*        SI
           I                                        S         S*        SI
           I                    S                   S        *S*        SI
     -35.89I                    S                   S        *S*        SI    -35.89
           I                    S                   S        *S*        SI
           I                    S                   S        *S*       *SI
           I                    S*                  S*       *S*       *SI
     -37.53I                    S*                  S*       *S*       *SI    -37.53
           I                    S*                  S*      **S*       *SI
           I                    S*            *     S*      **S*   *   *SI
           I                    S*            *     S*     ***S*   *   *SI
     -39.18I                    S*            *     S*     ***S*   *   *SI    -39.18
           I  *                *S*            *    *S*T    ***S*T  *   *SI
           I  *                *S*            *    *S*T*  ****S*T ***  *SI
           I  *                *S*            *    *S*T** ****S*T ***  *SI
     -40.82I  *       S        *S*        S*  *    *S*T*******S*T *** **SI    -40.82
           I  *       S        *S*        S* **    *S*T*******S*T**** **SI
           I  *       S        *S*        S* **    *S*T*******S*T*******SI
           I  **      S*       *S*        S* **    *S*T*******S*T*******SI
     -42.46I ***      S*  *   **S*        S****    *S*T*******S*T*******SI    -42.46
           I ***      S*  **  **S**       S****    *S*T*******S*T*******SI
           I ***     *S*  **  **S**   *   S*****   *S*T*******S*T*******SI
           I****     *S*****  **S**   *   S*****   *S*T*******S*T*******SI
     -44.10I****     *S*********S**   ** *S*****   *S*T*******S*T*******SI    -44.10
           I****     *S*********S**   ** *S*****   *S*T*******S*T*******SI
           I*****    *S*********S**   ** *S*****   *S*T*******S*T*******SI
           I*****   **S*********S**  *****S*****  **S*T*******S*T*******SI
     -45.75I**********S*********S**  *****S*****  **S*T*******S*T*******SI    -45.75
           I**********S*********S*** *****S*****  **S*T*******S*T*******SI
           I**********S*********S*********S*****  **S*T*******S*T*******SI
           I**********S*********S*********S****** **S*T*******S*T*******SI
     -47.39I**********S*********S*********S*********S*T*******S*T*******SI    -47.39
 ++++++++++I+++++++++++++++++++++++++++++++++++++++++++++++++++++++++++++I
            S=SEASONAL FREQUENCIES, T=TRADING DAY FREQUENCIES
        R35 monthly CPI index            PAGE  21, SERIES series
 G 1  10*LOG(SPECTRUM) of the differenced, transformed seasonally adjusted 
      data (Table D11).  Spectrum estimated from 2018.Aug to 2026.Jul.
 ++++++++++I+++++++++++++++++++++++++++++++++++++++++++++++++++++++++++++I
     -39.11I                                                             I    -39.11
           I  *                                                          I
           I  *                               *            *             I
           I  *                               *            *             I
     -40.07I  *                               *            *             I    -40.07
           I  *                               *        *   *             I
           I  *                               *        *   *             I
           I  *                               *        *   *             I
     -41.02I  *                               *        *   *      *      I    -41.02
           I  *                               *        *   *      *      I
           I  *                               *        *   *      *      I
           I  *                               *        **  *      *      I
     -41.97I  *           *   *               **       **  **    ***     I    -41.97
           I **           *   *               **       **  **    ***     I
           I **           *   *            *  **      T** ***    ***     I
           I ***          *  **            *  **      T** ***    ***     I
     -42.92I ***          *  **            *  **    S*T** ***    ***     I    -42.92
           I ***         **  **            ** **    S*T** ***    ****    I
           I ***         **  **            *****    S*T** ***    ****    I
           I ***         **  **            *****    S*T******    ****    I
     -43.87I****         **  **            *****    S*T******    ****    I    -43.87
           I****         **  **        *   *****    S*T******    ****    I
           I****         **  **        *   *****    S*T******   T*****   I
           I****         **  **    *   *   *****    S*T******   T*****  SI
     -44.82I******       **  **    *   *   *****    S*T******   T*******SI    -44.82
           I*******      **  **    *   *   *****    S*T******   T*******SI
           I*******      **  **    *  **   *****    S*T******   T*******SI
           I*******      **  **    *  **   *****   *S*T*******  T*******SI
     -45.77I*******      **  **    *  **  S*****   *S*T*******  T*******SI    -45.77
           I*******      **  **    *  **  S*****   *S*T*******  T*******SI
           I*******      *** **    *  **  S*****   *S*T******* *T*******SI
           I*******      *** **    *  **  S*****   *S*T******* *T*******SI
     -46.73I*******      *** **    *  **  S*****   *S*T*******S*T*******SI    -46.73
           I********     ******    *  *** S*****   *S*T*******S*T*******SI
           I********    *******    ** *** S******  *S*T*******S*T*******SI
           I********    *******   *** *** S******  *S*T*******S*T*******SI
     -47.68I********    *******   *** *** S******  *S*T*******S*T*******SI    -47.68
           I********    *******   ********S******  *S*T*******S*T*******SI
           I*********   *******   ********S******  *S*T*******S*T*******SI
           I**********  *******   ********S****** **S*T*******S*T*******SI
     -48.63I**********S********   ********S****** **S*T*******S*T*******SI    -48.63
           I**********S********   ********S****** **S*T*******S*T*******SI
           I**********S*********  ********S*********S*T*******S*T*******SI
           I**********S*********  ********S*********S*T*******S*T*******SI
     -49.58I**********S*********  ********S*********S*T*******S*T*******SI    -49.58
           I**********S*********  ********S*********S*T*******S*T*******SI
           I**********S*********  ********S*********S*T*******S*T*******SI
           I**********S*********  ********S*********S*T*******S*T*******SI
     -50.53I**********S*********  ********S*********S*T*******S*T*******SI    -50.53
           I**********S*********  ********S*********S*T*******S*T*******SI
           I**********S********* *********S*********S*T*******S*T*******SI
           I**********S********* *********S*********S*T*******S*T*******SI
     -51.48I**********S*********S*********S*********S*T*******S*T*******SI    -51.48
 ++++++++++I+++++++++++++++++++++++++++++++++++++++++++++++++++++++++++++I
            S=SEASONAL FREQUENCIES, T=TRADING DAY FREQUENCIES
        R35 monthly CPI index            PAGE  22, SERIES series
 G 2  10*LOG(SPECTRUM) of the Irregular (Table D13).  
      Spectrum estimated from 2018.Aug to 2026.Jul.
 ++++++++++I+++++++++++++++++++++++++++++++++++++++++++++++++++++++++++++I
     -40.84I              *                                              I    -40.84
           I              *                                              I
           I              *                                              I
           I              *   *                                          I
     -41.79I              *   *                                          I    -41.79
           I              *   *                                          I
           I              *   *                                          I
           I              *   *                                          I
     -42.74I              *   *                                          I    -42.74
           I              *   *                                          I
           I              *   *                                          I
           I              *  **               *                          I
     -43.69I              *  **               *                          I    -43.69
           I              *  **               *                          I
           I              *  **               *                          I
           I              *  **               *                          I
     -44.64I              *  **               *                          I    -44.64
           I              *  **               *                          I
           I             **  **               *            *             I
           I             **  **               *            *             I
     -45.59I             **  **               *        *   *             I    -45.59
           I             *** **    *       *  *        *   *             I
           I             *** **    *       *  *        *   *             I
           I             *** **    *       *  **       *   *             I
     -46.55I             *** **    *       *  **       *   *             I    -46.55
           I             *** **    *   *   * ***       *   *             I
           I          S  *** **    *  **   *****       **  *             I
           I          S  ******    *  **   *****      T**  *      *      I
     -47.50I          S  ******    *  **   *****      T**  **     *      I    -47.50
           I          S  ******   **  **   *****    S*T**  **    **      I
           I  *       S  ******   **  **   *****    S*T** ***    ***     I
           I  *       S* ******   **  **   *****    S*T** ***    ***     I
     -48.45I  *      *S********   **  **  S*****    S*T** ***    ***     I    -48.45
           I  *      *S********   **  **  S*****    S*T******    ***     I
           I  *      *S********   *** **  S*****    S*T******    ***     I
           I  *      *S*********  *** **  S*****    S*T******    ****    I
     -49.40I **      *S*********  ******  S*****    S*T******    ****    I    -49.40
           I **      *S*********  ******* S*****    S*T******    ****    I
           I ***     *S*********  ******* S*****    S*T******    ****    I
           I ***     *S*********  ******* S*****    S*T******   T****    I
     -50.35I****     *S*********  ********S*****   *S*T******   T*****   I    -50.35
           I****     *S*********  ********S*****   *S*T******   T*****  SI
           I****     *S*********  ********S*****   *S*T******   T***** *SI
           I****    **S*********  ********S*****   *S*T******   T*******SI
     -51.30I****    **S********* *********S******  *S*T*******  T*******SI    -51.30
           I****    **S********* *********S******  *S*T*******  T*******SI
           I****    **S********* *********S******  *S*T*******  T*******SI
           I****    **S*********S*********S******  *S*T*******  T*******SI
     -52.26I*****   **S*********S*********S******  *S*T******* *T*******SI    -52.26
           I*****  ***S*********S*********S******  *S*T******* *T*******SI
           I*****  ***S*********S*********S****** **S*T*******S*T*******SI
           I*****  ***S*********S*********S****** **S*T*******S*T*******SI
     -53.21I**********S*********S*********S*********S*T*******S*T*******SI    -53.21
 ++++++++++I+++++++++++++++++++++++++++++++++++++++++++++++++++++++++++++I
            S=SEASONAL FREQUENCIES, T=TRADING DAY FREQUENCIES
        R35 monthly CPI index            PAGE  23, SERIES series

  Peak probabilities for Tukey spectrum estimator
  Spectrum estimated from 2018.Aug to 2026.Jul.

                                          S1       S2       S3       S4       S5       S6       TD
                                        ------   ------   ------   ------   ------   ------   ------
  Model Residuals                        0.211    0.483    0.119    0.956*   0.052    0.881    0.994**
  Original Series (Table A1 or B1)       0.671    0.960*   0.649    0.985*   0.996**  0.997**  0.444  
  Seasonally adjusted series (D11)       0.099    0.014    0.366    0.895    0.375    0.825    0.863  
  Irregular (D13)                        0.281    0.018    0.394    0.901*   0.370    0.817    0.861  
  ----------
     ** - Peak Probability > 0.99,
      * - 0.90 < Peak Probability < 0.99



  NP statistic for residual seasonality:

  NP statistic for residual seasonality (Full series)
                                                  Residual Seasonality?
  log(Seasonally Adjusted Series)                          no
  log(Seasonally Adjusted Series (EV adj))                 no

  NP statistic for residual seasonality (Series start in 2018.Aug)
                                                  Residual Seasonality?
  log(Seasonally Adjusted Series)                          no
  log(Seasonally Adjusted Series (EV adj))                 no
