1
    Log for X-13ARIMA-SEATS program (Version 1.1 Build 62)  Sep 22, 2026  22.39.14 
    *-*-*-*-*-*-*-*-*-*-*-*-*-*-*-*-*-*-*-*-*-*-*-*-*-*-*-*-*-*-*-*-*-*-*-*-*



 Type of  Series      Additional                   Series title
 Adjust.  Ident.      Identifiers


  M-MLT    series -------- -------- R35 monthly CPI index                             
  Moving seasonality ratio     :       2.897
  I/C Ratio                    :       1.064
  Stable Seasonal F, B1 table  :       4.528
  Stable Seasonal F, D8 table  :       7.135
  Moving Seasonal F, D8 table  :       4.541
  Identifiable seasonality     : no 
    M01 :      1.117
    M02 :      0.049
    M03 :      0.032
    M04 :      0.262
    M05 :      0.321
    M06 :      0.441
    M07 :      1.202
    M08 :      1.308
    M09 :      1.240
    M10 :      1.739
    M11 :      1.731
    Q   :      0.754
    Q2  :      0.841

  QS statistic for seasonality:
  log(Original Series)                               84.09  (P-Value =     0.0000)
  log(Original Series (EV adj))                      84.09  (P-Value =     0.0000)
  Residuals                                           0.00  (P-Value =     1.0000)
  log(Seasonally Adjusted Series)                     0.00  (P-Value =     1.0000)
  log(SA Series (EV adj))                             0.00  (P-Value =     1.0000)
  Irregular Series                                    0.00  (P-Value =     1.0000)
  Irregular Series (EV adj)                           0.00  (P-Value =     1.0000)

  QS statistic for seasonality (starting 2018.Aug):
  Original Series                                    63.72  (P-Value =     0.0000)
  Original Series (EV adj)                           63.72  (P-Value =     0.0000)
  Residuals                                           0.00  (P-Value =     1.0000)
  Seasonally Adjusted Series                          0.00  (P-Value =     1.0000)
  Seasonally Adjusted Series (EV adj)                 0.00  (P-Value =     1.0000)
  Irregular Series                                    0.00  (P-Value =     1.0000)
  Irregular Series (EV adj)                           0.00  (P-Value =     1.0000)

 

  Peak probabilities for Tukey spectrum estimator
  Spectrum estimated from 2018.Aug to 2026.Jul.

                                          S1       S2       S3       S4       S5       S6       TD
                                        ------   ------   ------   ------   ------   ------   ------
  Model Residuals                                                     *                          **
  Original Series (Table A1 or B1)                  *                 *        **       **         
  Seasonally adjusted series (D11)                                                                 
  Irregular (D13)                                                     *                            
  ----------
     ** - Peak Probability > 0.99,
      * - 0.90 < Peak Probability < 0.99



  NP statistic for residual seasonality:

  NP statistic for residual seasonality (Full series)
                                                  Residual Seasonality?
  log(Seasonally Adjusted Series)                          no
  log(Seasonally Adjusted Series (EV adj))                 no

  NP statistic for residual seasonality (Series start in 2018.Aug)
                                                  Residual Seasonality?
  log(Seasonally Adjusted Series)                          no
  log(Seasonally Adjusted Series (EV adj))                 no

 Spectral Peak Summary:
  Seasonal Spectral Peaks : none
        TD Spectral Peaks : none
  
  
 For Peak Probability > 0.99
  Seasonal Tukey Spectral Peaks : ori
        TD Tukey Spectral Peaks : rsd
  
 For Peak Probability > 0.90
  Seasonal Tukey Spectral Peaks : rsd ori irr
        TD Tukey Spectral Peaks : rsd
