  Reading input spec file from series.spc

1

               U. S. Department of Commerce, U. S. Census Bureau

              X-13ARIMA-SEATS monthly seasonal adjustment Method,
                          Release Version 1.1 Build 62


           This software application provides an enhanced version of
             Statistics Canada's X-11-ARIMA extension (Dagum, 1980)
                 of the X-11 variant of the Census Method II of
                      Shiskin, Young and Musgrave (1967).

            It also provides an ARIMA model-based method following
       Hillmer and Tiao (1982) and Burman (1980) that is very similar
       to the update of the method of SEATS (Gomez and Maravall, 1996)
                produced at the Bank of Spain by G. Caporello and
               A. Maravall for TSW (Caporello and Maravall, 2004).
          The present application includes additional enhancements.

         X-13ARIMA-SEATS includes an automatic ARIMA model selection procedure
          based largely on the procedure of Gomez and Maravall (1998)
            as implemented in TRAMO (1996) and subsequent revisions.

              Primary Programmers: Brian Monsell, Mark Otto and,
                 for the ARIMA model-based signal extraction,
                      Gianluca Caporello and Victor Gomez


     Series Title- R35 monthly CPI index
     Series Name- series
     Sep 22, 2026  22.39.07 

        -Period covered-  1st month,2015 to  7th month,2026
        -Type of run - multiplicative seasonal adjustment

        -Sigma limits for graduating extreme values are  1.5 and  2.5 .
        -3x3 moving average used in section 1 of each iteration, 
         3x5 moving average in section 2 of iterations B and C,
         moving average for final seasonal factors chosen by Global MSR.
        -Spectral plots generated for selected series
        -Spectral plots generated for series starting in 2018.Aug

 FILE SAVE REQUESTS (* indicates file exists and will be overwritten)
  series.d10  final seasonal factors
  series.d11  final seasonally adjusted data
  series.d12  final trend cycle
  series.d13  final irregular component
  series.out  program output file
  series.err  program error file
  series.udg  seasonal adjustment and model diagnostics file
        R35 monthly CPI index            PAGE   1, SERIES series

     Contents of spc file series.spc

 Line #
 ------
      1: series { title="R35 monthly CPI index" start=2015.1 period=12 data=(
      2: 99.700000000000003 99.900000000000006 99.900000000000006 100.09999999999999 100 100
      3: 99.799999999999997 99.799999999999997 99.900000000000006 100.09999999999999 100.3 100.5
      4: 100.7 100.59999999999999 100.8 100.90000000000001 100.90000000000001 100.90000000000001
      5: 101.09999999999999 101.5 101.5 101.59999999999999 101.8 101.8
      6: 102.40000000000001 102.59999999999999 102.8 103 103.09999999999999 103.09999999999999
      7: 103.40000000000001 103.5 103.8 104 104.2 104.40000000000001
      8: 104.59999999999999 105 105.3 105.7 106.09999999999999 106.3
      9: 106.7 107.09999999999999 107.40000000000001 107.5 107.59999999999999 107.8
     10: 108.59999999999999 109 109.09999999999999 109.2 109.59999999999999 110.40000000000001
     11: 111 111.3 111.5 111.59999999999999 111.7 111.8
     12: 113.2 113.7 113.7 113.90000000000001 113.8 113.8
     13: 114.09999999999999 114.2 113.7 113.8 113.90000000000001 114
     14: 114.7 115 115.2 115.59999999999999 115.90000000000001 116.2
     15: 116.90000000000001 117.09999999999999 117.40000000000001 117.8 118.09999999999999 118.5
     16: 119.59999999999999 120 120.3 120.8 121.40000000000001 121.59999999999999
     17: 122.59999999999999 123.09999999999999 123.5 124.2 125 125.5
     18: 126.90000000000001 127.8 128.40000000000001 129.09999999999999 129.69999999999999 130
     19: 131.90000000000001 132.5 133.19999999999999 134 134.30000000000001 134.59999999999999
     20: 135.80000000000001 136.5 137.5 138.40000000000001 139 139.09999999999999
     21: 140.90000000000001 141.30000000000001 141.69999999999999 142.30000000000001 142.69999999999999 143
     22: 144.80000000000001 145.59999999999999 146.09999999999999 146.5 146.90000000000001 147.90000000000001
     23: 148.80000000000001 149.40000000000001 149.80000000000001 150.59999999999999 151.5 152.19999999999999
     24: 153.80000000000001 154.59999999999999 155.09999999999999 155.59999999999999 156.40000000000001 156.59999999999999
     25: 157.90000000000001
     26: ) }
     27: transform { function=log }
     28: automdl { }
     29: outlier { types=(ao ls tc) }
     30: x11 { mode=mult save=(d10 d11 d12 d13) appendfcst=no appendbcst=no savelog=all }
     31: spectrum { logqs=yes robustsa=no print=all savelog=all }
     32: check { }
        R35 monthly CPI index            PAGE   2, SERIES series

 A 1  Time series data (for the span analyzed)
  From  2015.Jan to 2026.Jul
  Observations        139
 -----------------------------------------------------------------------------
               Jan      Feb      Mar      Apr      May      Jun 
               Jul      Aug      Sep      Oct      Nov      Dec        TOTAL  
 -----------------------------------------------------------------------------
  2015         100.     100.     100.     100.     100.     100.
               100.     100.     100.     100.     100.     101.         1200.
 
  2016         101.     101.     101.     101.     101.     101.
               101.     102.     102.     102.     102.     102.         1214.
 
  2017         102.     103.     103.     103.     103.     103.
               103.     104.     104.     104.     104.     104.         1240.
 
  2018         105.     105.     105.     106.     106.     106.
               107.     107.     107.     108.     108.     108.         1277.
 
  2019         109.     109.     109.     109.     110.     110.
               111.     111.     112.     112.     112.     112.         1325.
 
  2020         113.     114.     114.     114.     114.     114.
               114.     114.     114.     114.     114.     114.         1366.
 
  2021         115.     115.     115.     116.     116.     116.
               117.     117.     117.     118.     118.     119.         1398.
 
  2022         120.     120.     120.     121.     121.     122.
               123.     123.     124.     124.     125.     126.         1468.
 
  2023         127.     128.     128.     129.     130.     130.
               132.     133.     133.     134.     134.     135.         1572.
 
  2024         136.     137.     138.     138.     139.     139.
               141.     141.     142.     142.     143.     143.         1678.
 
  2025         145.     146.     146.     147.     147.     148.
               149.     149.     150.     151.     152.     152.         1780.
 
  2026         154.     155.     155.     156.     156.     157.
               158.                                                      1090.
 
  AVGE         119.     119.     120.     120.     120.     120.
               121.     118.     118.     119.     119.     119.

  Table Total-     16608.80   Mean-     119.49   Std. Dev.-      17.26
                              Min -      99.70        Max -     157.90
        R35 monthly CPI index            PAGE   3, SERIES series
                        Automatic ARIMA Model Selection

                    Procedure based closely on TRAMO method 
                         of Gomez and Maravall (2000)
              "Automatic Modeling Methods for Univariate Series",
                            A Course in Time Series
                  (Edited by D. Pena, G. C. Tiao, R. S. Tsay),
                         New York : J. Wiley and Sons


     Maximum order for regular ARMA parameters :   2
     Maximum order for seasonal ARMA parameters :   1
     Maximum order for regular differencing :   2
     Maximum order for seasonal differencing :   1

   Results of Unit Root Test for identifying orders of differencing:
     Regular difference order :   1
     Seasonal difference order :   1

     Mean is significant.

  Automatic model choice : (1 1 1)(0 1 1)


  Final Checks for Identified Model


  Checking for Unit Roots.
   No unit roots found.

  Checking for nonseasonal overdifferencing.
   Nonseasonal MA not within  0.001 of 1.0 - model passes test.

  Checking for insignificant ARMA coefficients.

  Final automatic model choice : (1 1 1)(0 1 1)
   End of automatic model selection procedure.

 Average absolute percentage error in within-sample forecasts:
  Last year:   0.18      Last-1 year:   0.82     Last-2 year:   0.38
  Last three years:    0.46

 Estimation converged in   13 ARMA iterations,   71 function evaluations.

 Regression Model
 ------------------------------------------------------------------------------
                             Parameter        Standard
 Variable                     Estimate           Error      t-value
 ------------------------------------------------------------------------------
 Constant                       0.0004         0.00015         2.70
 ------------------------------------------------------------------------------


 ARIMA Model:  (1 1 1)(0 1 1)
   Nonseasonal differences: 1
   Seasonal differences:    1
                                              Standard
 Parameter                    Estimate          Errors
 -----------------------------------------------------
 Nonseasonal AR                                    
   Lag  1                       0.8989         0.09274

 Nonseasonal MA                                    
   Lag  1                       0.7740         0.12835

 Seasonal MA                                       
   Lag 12                       0.7199         0.06062

 Variance                       0.44239E-05
 SE of Var                      0.55736E-06
 -----------------------------------------------------

 Likelihood Statistics
 ------------------------------------------------------------------
 Number of observations (nobs)                                  139
 Effective number of observations (nefobs)                      126
 Number of parameters estimated (np)                              5
 Log likelihood                                            593.6267
 Transformation Adjustment                                -603.6112
 Adjusted Log likelihood (L)                                -9.9845
 AIC                                                        29.9690 
 AICC (F-corrected-AIC)                                     30.4690 
 Hannan Quinn                                               35.7304 
 BIC                                                        44.1504 
 ------------------------------------------------------------------


 DIAGNOSTIC CHECKING
  Sample Autocorrelations of the Residuals with the Ljung-Box diagnostic.

  Lag      1     2     3     4     5     6     7     8     9    10    11    12
  ACF   0.01 -0.02 -0.02 -0.06  0.07  0.12  0.02 -0.01  0.00  0.02  0.03  0.01
  SE    0.09  0.09  0.09  0.09  0.09  0.09  0.09  0.09  0.09  0.09  0.09  0.09
  Q     0.02  0.07  0.15  0.58  1.25  3.30  3.37  3.38  3.38  3.42  3.58  3.59
  DF       0     0     0     1     2     3     4     5     6     7     8     9
  P    0.000 0.000 0.000 0.445 0.536 0.348 0.498 0.641 0.759 0.844 0.893 0.936

  Lag     13    14    15    16    17    18    19    20    21    22    23    24
  ACF  -0.07 -0.02 -0.03  0.01 -0.05  0.10 -0.09  0.03  0.07 -0.01  0.05 -0.13
  SE    0.09  0.09  0.09  0.09  0.09  0.09  0.09  0.09  0.09  0.09  0.09  0.09
  Q     4.30  4.34  4.51  4.53  4.89  6.38  7.73  7.84  8.57  8.58  8.93 11.73
  DF      10    11    12    13    14    15    16    17    18    19    20    21
  P    0.933 0.959 0.972 0.984 0.987 0.973 0.957 0.970 0.969 0.980 0.984 0.947

  The P-values approximate the probability of observing a Q-value at least
  this large when the model fitted is correct.  When DF is positive, small
  values of P, customarily those below 0.05, indicate model inadequacy.

  Sample Autocorrelations of the Residuals
                 -1.0 -0.8 -0.6 -0.4 -0.2  0.0  0.2  0.4  0.6  0.8  1.0
                   +----+----+----+----+----+----+----+----+----+----+
            1                           .   |   .                      0.011
            2                           .  X|   .                     -0.021
            3                           .  X|   .                     -0.024
            4                           .  X|   .                     -0.057
            5                           .   |XX .                      0.071
            6                           .   |XXX.                      0.124
            7                          .    |X   .                     0.023
            8                          .    |    .                    -0.011
            9                          .    |    .                     0.003
           10                          .    |    .                     0.016
           11                          .    |X   .                     0.034
           12       - - - - - - - - -  .    |    .  - - - - - - - -    0.007
           13                          .  XX|    .                    -0.071
           14                          .    |    .                    -0.017
           15                          .   X|    .                    -0.033
           16                          .    |    .                     0.012
           17                          .   X|    .                    -0.050
           18                          .    |XX  .                     0.100
           19                          .  XX|    .                    -0.095
           20                          .    |X   .                     0.026
           21                          .    |XX  .                     0.069
           22                          .    |    .                    -0.011
           23                          .    |X   .                     0.047
           24       - - - - - - - - -  . XXX|    .  - - - - - - - -   -0.133
  
  Sample Autocorrelations of the Squared Residuals with the Ljung-Box diagnostic.

  Lag      1     2     3     4     5     6     7     8     9    10    11    12
  ACF  -0.03 -0.03 -0.04  0.11  0.02 -0.05  0.06  0.21 -0.04 -0.07  0.02  0.15
  SE    0.09  0.09  0.09  0.09  0.09  0.09  0.09  0.09  0.09  0.09  0.10  0.10
  Q     0.12  0.27  0.44  1.96  2.00  2.31  2.75  8.95  9.21  9.87  9.91 13.25
  DF       0     0     0     1     2     3     4     5     6     7     8     9
  P    0.000 0.000 0.000 0.161 0.368 0.510 0.601 0.111 0.162 0.196 0.272 0.152

  Lag     13    14    15    16    17    18    19    20    21    22    23    24
  ACF  -0.04 -0.05  0.03 -0.06 -0.04 -0.04 -0.12 -0.02 -0.06 -0.06  0.03  0.09
  SE    0.10  0.10  0.10  0.10  0.10  0.10  0.10  0.10  0.10  0.10  0.10  0.10
  Q    13.49 13.90 14.03 14.54 14.78 15.03 17.05 17.10 17.66 18.29 18.47 19.79
  DF      10    11    12    13    14    15    16    17    18    19    20    21
  P    0.198 0.238 0.299 0.337 0.394 0.449 0.382 0.447 0.478 0.503 0.557 0.535

  The P-values approximate the probability of observing a Q-value at least
  this large when the model fitted is correct in a way that supports the
  standard interpretations of the test statistics, standard errors, and
  prediction intervals output by X-13ARIMA-SEATS. When DF is positive, small
  values of P, customarily those below 0.05, suggest that model-based
  inferences about statistical significance and uncertainty will be less
  dependable than usual.

  Sample Autocorrelations of the Squared Residuals
                 -1.0 -0.8 -0.6 -0.4 -0.2  0.0  0.2  0.4  0.6  0.8  1.0
                   +----+----+----+----+----+----+----+----+----+----+
            1                           .  X|   .                     -0.031
            2                           .  X|   .                     -0.034
            3                           .  X|   .                     -0.036
            4                           .   |XXX.                      0.107
            5                          .    |    .                     0.017
            6                          .   X|    .                    -0.048
            7                          .    |X   .                     0.057
            8                          .    |XXXXX                     0.213
            9                          .   X|    .                    -0.044
           10                          .  XX|    .                    -0.069
           11                          .    |    .                     0.015
           12       - - - - - - - - -  .    |XXXX.  - - - - - - - -    0.154
           13                          .   X|    .                    -0.041
           14                          .   X|    .                    -0.054
           15                          .    |X   .                     0.030
           16                          .   X|    .                    -0.059
           17                          .   X|    .                    -0.040
           18                          .   X|    .                    -0.041
           19                          . XXX|    .                    -0.116
           20                          .    |    .                    -0.019
           21                          .  XX|    .                    -0.060
           22                          .  XX|    .                    -0.064
           23                          .    |X   .                     0.033
           24       - - - - - - - - -  .    |XX  .  - - - - - - - -    0.091
  
 Histogram of the Standardized and Mean-Centered Residuals
  Standard
  Deviations    Frequency

  Outlier [#

       -3 +
          |#
       -2 +#
          |########
       -1 +################
          |########################
        0 +###########################
          |######################
        1 +##############
          |######
        2 +##
          |#
        3 +#

  Outlier [##

  One '#'= 1 observation[s]

 Tabular Histogram of the Standardized and Mean-Centered Residuals

  Standard
  Deviations    Frequency
  Standard
  Deviations    Frequency

 -3.00                 0

 -2.50                 1

 -2.00                 1

 -1.50                 8

 -1.00                16

 -0.50                24

  0.00                27

  0.50                22

  1.00                14

  1.50                 6

  2.00                 2

  2.50                 1

  3.00                 1

  Residuals with |t|>3.25

  Obs       t-value
  -----------------
  2018.Dec     3.72
  2019.Aug    -3.25
  2022.Jun     4.06

 Summary Statistics for the Unstandardized Residuals
  Minimum                    -0.006
  Maximum                     0.008
  Median                     -0.000
  Robust Std Dev              0.002

 Normality Statistics for regARIMA Model Residuals:

    Number of residuals  :    126

    Skewness coefficient :    0.5786   (significant positive skewness at one percent level)
    Geary's a            :    0.7471   (significant at one percent level)
    Kurtosis             :    4.9434   (significant at one percent level)

  Significant skewness has been detected in the model residuals;
  this makes the Geary's a and Kurtosis statistics unreliable indicators
  of the normality of the residuals.

 Durbin-Watson Statistic for regARIMA Model Residuals:
  dw =     1.962848

 Friedman Non-Parametric Test for regARIMA Model Residuals:
  ken =    13.800000 ( Asymptotically distributed as Chi-Square(11), P-Value =     0.244259 )

 QS Statistic for regARIMA Model Residuals (full series):             0.01
                                                       (P-Value =     0.9967)

 QS Statistic for regARIMA Model Residuals (starting 2018.Aug):       0.18
                                                       (P-Value =     0.9120)


  At least one visually significant residual seasonal peaks has been
  found in the spectral plot of the following series starting in 2018.Aug:

          regARIMA model residuals (1 Seasonal peak(s))

      10*LOG(SPECTRUM) of the regARIMA model residuals
      Spectrum estimated from 2018.Aug to 2026.Jul.
 ++++++++++I+++++++++++++++++++++++++++++++++++++++++++++++++++++++++++++I
     -47.65I                      *                                      I    -47.65
           I                      *                                      I
           I                      *                                      I
           I                      *                                      I
     -48.66I                      *                                      I    -48.66
           I  *                   *                                      I
           I  *                   *                                      I
           I  *                   *                 S                    I
     -49.67I  *                   *                 S                    I    -49.67
           I  *                   *                 S                    I
           I  *                  **                 S                   SI
           I  *   *              **                 S*                  SI
     -50.68I  *   *              **                 S*                  SI    -50.68
           I  *   *              **                 S*                  SI
           I  *   *              **            *    S*                  SI
           I  *   *              **    *       *    S*                  SI
     -51.69I  *   *     **       **    *       *    S*                  SI    -51.69
           I  *   *     **       **    *       *    S*                  SI
           I  *   *     **    * S**    *       *    S*          T       SI
           I  **  *     **    **S**    *       *    S*T*        T       SI
     -52.69I  **  *     **    **S***   *       *    S*T*        T*      SI    -52.69
           I  **  *     **   ***S***  **       *    S*T*        T*      SI
           I  **  *     **   ***S***  **       *    S*T*    *   T*     *SI
           I  **  *     **   ***S***  **       *   *S*T*   **   T*     *SI
     -53.70I  **  *     *** ****S***  **   *   **  *S*T*   **   T*     *SI    -53.70
           I  **  *     ********S***  **   ** ***  *S*T**  **   T*     *SI
           I ***  *     ********S***  **   ** ***  *S*T**  **   T*     *SI
           I *** **     ********S***  **   ** ***  *S*T**  **   T* *   *SI
     -54.71I *** **     ********S***  **   ** ***  *S*T**  **   T****  *SI    -54.71
           I *** ***    ********S***  **   ** ***  *S*T**  **  *T****  *SI
           I *** ***    ********S***  ***  ******  *S*T**  **  *T****  *SI
           I *** ***    ********S***  ***  ******  *S*T** **** *T****  *SI
     -55.72I *******    ********S********  ******  *S*T******* *T*******SI    -55.72
           I *******    ********S******** S******  *S*T******* *T*******SI
           I********    ********S******** S*********S*T*******S*T*******SI
           I********   *********S******** S*********S*T*******S*T*******SI
     -56.72I********   *********S******** S*********S*T*******S*T*******SI    -56.72
           I********   *********S*********S*********S*T*******S*T*******SI
           I********   *********S*********S*********S*T*******S*T*******SI
           I********   *********S*********S*********S*T*******S*T*******SI
     -57.73I********   *********S*********S*********S*T*******S*T*******SI    -57.73
           I********   *********S*********S*********S*T*******S*T*******SI
           I********   *********S*********S*********S*T*******S*T*******SI
           I********   *********S*********S*********S*T*******S*T*******SI
     -58.74I********   *********S*********S*********S*T*******S*T*******SI    -58.74
           I********   *********S*********S*********S*T*******S*T*******SI
           I********   *********S*********S*********S*T*******S*T*******SI
           I*********  *********S*********S*********S*T*******S*T*******SI
     -59.75I********* S*********S*********S*********S*T*******S*T*******SI    -59.75
           I********* S*********S*********S*********S*T*******S*T*******SI
           I********* S*********S*********S*********S*T*******S*T*******SI
           I********* S*********S*********S*********S*T*******S*T*******SI
     -60.75I**********S*********S*********S*********S*T*******S*T*******SI    -60.75
 ++++++++++I+++++++++++++++++++++++++++++++++++++++++++++++++++++++++++++I
            S=SEASONAL FREQUENCIES, T=TRADING DAY FREQUENCIES


 FORECASTING
  Origin  2026.Jul
  Number        12

  Forecasts and Standard Errors of the Transformed Data
   ------------------------------
                         Standard
       Date   Forecast      Error
   ------------------------------
   2026.Aug       5.07      0.002
   2026.Sep       5.07      0.003
   2026.Oct       5.07      0.004
   2026.Nov       5.08      0.005
   2026.Dec       5.08      0.006
   2027.Jan       5.09      0.007
   2027.Feb       5.10      0.008
   2027.Mar       5.10      0.009
   2027.Apr       5.11      0.009
   2027.May       5.11      0.010
   2027.Jun       5.12      0.011
   2027.Jul       5.13      0.012
   ------------------------------

  Confidence intervals with coverage probability ( 0.95000
  On the Original Scale
   ---------------------------------------
       Date      Lower  Forecast     Upper
   ---------------------------------------
   2026.Aug     157.87    158.53    159.19
   2026.Sep     158.07    159.07    160.07
   2026.Oct     158.58    159.88    161.19
   2026.Nov     159.02    160.61    162.22
   2026.Dec     159.36    161.23    163.13
   2027.Jan     160.83    163.00    165.20
   2027.Feb     161.51    163.96    166.46
   2027.Mar     161.99    164.73    167.51
   2027.Apr     162.51    165.53    168.60
   2027.May     163.05    166.34    169.70
   2027.Jun     163.40    166.97    170.62
   2027.Jul     164.69    168.56    172.51
   ---------------------------------------
        R35 monthly CPI index            PAGE   4, SERIES series

 B 1  Original series (prior adjusted)
  From  2015.Jan to 2026.Jul
  Observations        139
 -----------------------------------------------------------------------------
               Jan      Feb      Mar      Apr      May      Jun 
               Jul      Aug      Sep      Oct      Nov      Dec        TOTAL  
 -----------------------------------------------------------------------------
  2015         100.     100.     100.     100.     100.     100.
               100.     100.     100.     100.     100.     100.         1200.
 
  2016         101.     101.     101.     101.     101.     101.
               101.     101.     101.     102.     102.     102.         1214.
 
  2017         102.     103.     103.     103.     103.     103.
               103.     103.     104.     104.     104.     104.         1240.
 
  2018         105.     105.     105.     106.     106.     106.
               107.     107.     107.     107.     108.     108.         1277.
 
  2019         109.     109.     109.     109.     110.     110.
               111.     111.     112.     112.     112.     112.         1325.
 
  2020         113.     114.     114.     114.     114.     114.
               114.     114.     114.     114.     114.     114.         1366.
 
  2021         115.     115.     115.     116.     116.     116.
               117.     117.     117.     118.     118.     119.         1398.
 
  2022         120.     120.     120.     121.     121.     122.
               123.     123.     124.     124.     125.     126.         1468.
 
  2023         127.     128.     128.     129.     130.     130.
               132.     132.     133.     134.     134.     135.         1572.
 
  2024         136.     137.     138.     138.     139.     139.
               141.     141.     142.     142.     143.     143.         1678.
 
  2025         145.     146.     146.     147.     147.     148.
               149.     149.     150.     151.     151.     152.         1780.
 
  2026         154.     155.     155.     156.     156.     157.
               158.                                                      1090.
 
  AVGE         119.     119.     120.     120.     120.     120.
               121.     118.     118.     119.     119.     119.

  Table Total-     16608.80   Mean-     119.49   Std. Dev.-      17.26
                              Min -      99.70        Max -     157.90

 B 1.A  Forecasts of (prior adjusted) original series
  From  2026.Aug to 2027.Jul
  Observations         12
 -----------------------------------------------------------------------------
               Jan      Feb      Mar      Apr      May      Jun 
               Jul      Aug      Sep      Oct      Nov      Dec        TOTAL  
 -----------------------------------------------------------------------------
  2026                                                          
                        159.     159.     160.     161.     161.          799.
 
  2027         163.     164.     165.     166.     166.     167.
               169.                                                      1159.
 
        R35 monthly CPI index            PAGE   5, SERIES series

 C 17  Final weights for irregular component
  From  2015.Jan to 2026.Jul
  Observations        139
  Lower sigma limit    1.50
  Upper sigma limit    2.50
 -----------------------------------------------------------------------------
               Jan      Feb      Mar      Apr      May      Jun 
               Jul      Aug      Sep      Oct      Nov      Dec         S.D.  
 -----------------------------------------------------------------------------
  2015        100.0    100.0    100.0    100.0    100.0    100.0
              100.0      0.0    100.0    100.0    100.0      0.0           0.1
 
  2016        100.0    100.0    100.0    100.0    100.0    100.0
              100.0    100.0    100.0    100.0    100.0    100.0           0.1
 
  2017        100.0    100.0    100.0    100.0    100.0    100.0
              100.0    100.0    100.0    100.0    100.0      2.8           0.1
 
  2018          0.0    100.0    100.0    100.0    100.0    100.0
              100.0    100.0    100.0    100.0    100.0    100.0           0.1
 
  2019        100.0    100.0    100.0      6.6    100.0      0.0
               83.1    100.0    100.0    100.0     57.6      0.0           0.1
 
  2020        100.0    100.0    100.0    100.0    100.0    100.0
              100.0      0.0      0.0    100.0    100.0    100.0           0.1
 
  2021        100.0    100.0    100.0    100.0    100.0    100.0
              100.0    100.0    100.0    100.0    100.0    100.0           0.1
 
  2022        100.0    100.0    100.0    100.0    100.0    100.0
              100.0    100.0    100.0    100.0    100.0    100.0           0.1
 
  2023        100.0    100.0    100.0    100.0    100.0      0.0
               39.4    100.0    100.0      9.6    100.0    100.0           0.1
 
  2024         99.6      0.0    100.0    100.0    100.0      0.0
               35.6    100.0    100.0    100.0    100.0      7.2           0.1
 
  2025        100.0    100.0    100.0    100.0      0.0      0.0
              100.0    100.0    100.0    100.0    100.0    100.0           0.1
 
  2026        100.0    100.0    100.0    100.0    100.0    100.0
              100.0                                                        0.1
 
        R35 monthly CPI index            PAGE   6, SERIES series

 D 8  Final unmodified SI ratios
  From  2015.Jan to 2026.Jul
  Observations        139
 -----------------------------------------------------------------------------
               Jan      Feb      Mar      Apr      May      Jun 
               Jul      Aug      Sep      Oct      Nov      Dec         AVGE  
 -----------------------------------------------------------------------------
  2015        100.1    100.2    100.1    100.2    100.0    100.0
               99.8     99.8     99.9     99.9    100.0    100.1         100.0
 
  2016        100.2    100.0    100.1    100.1    100.0     99.9
               99.9    100.1    100.0     99.9     99.9     99.8         100.0
 
  2017        100.1    100.1    100.1    100.1    100.0     99.9
              100.1    100.0    100.0    100.0     99.9     99.9         100.0
 
  2018         99.9    100.1    100.0    100.1    100.1    100.0
              100.0    100.1    100.1     99.9     99.7     99.7         100.0
 
  2019        100.1    100.2    100.1     99.9     99.9    100.2
              100.3    100.2    100.0     99.8     99.6     99.3         100.0
 
  2020        100.2    100.3    100.1    100.1    100.0    100.0
              100.2    100.3     99.8     99.8     99.7     99.7         100.0
 
  2021        100.2    100.2    100.1    100.1    100.0     99.9
              100.2    100.0     99.9     99.9     99.7     99.7         100.0
 
  2022        100.2    100.2    100.1    100.1    100.1     99.8
              100.2    100.1     99.9     99.9     99.9     99.6         100.0
 
  2023        100.1    100.2    100.1    100.1     99.9     99.5
              100.3    100.1    100.0    100.1     99.8     99.6         100.0
 
  2024        100.0    100.0    100.1    100.1    100.0     99.5
              100.3    100.1     99.9     99.9     99.7     99.5          99.9
 
  2025        100.2    100.3    100.2    100.0     99.8    100.0
              100.2    100.1     99.8     99.8     99.8     99.7         100.0
 
  2026        100.2    100.3    100.2    100.0    100.1     99.8
              100.1                                                      100.1
 
  AVGE        100.1    100.2    100.1    100.1    100.0     99.9
              100.1    100.1     99.9     99.9     99.8     99.7

  Table Total-     13899.72   Mean-     100.00   Std. Dev.-       0.19
                              Min -      99.30        Max -     100.32
        R35 monthly CPI index            PAGE   7, SERIES series

 D 8.B  Final unmodified SI ratios, with labels for outliers and extreme values
  From  2015.Jan to 2026.Jul
  Observations        139
 ---------------------------------------------------------------------
               Jan       Feb       Mar       Apr       May       Jun  
               Jul       Aug       Sep       Oct       Nov       Dec  
 ---------------------------------------------------------------------
  2015       100.1     100.2     100.1     100.2     100.0     100.0  
              99.8      99.8*     99.9      99.9     100.0     100.1* 
 
  2016       100.2     100.0     100.1     100.1     100.0      99.9  
              99.9     100.1     100.0      99.9      99.9      99.8  
 
  2017       100.1     100.1     100.1     100.1     100.0      99.9  
             100.1     100.0     100.0     100.0      99.9      99.9* 
 
  2018        99.9*    100.1     100.0     100.1     100.1     100.0  
             100.0     100.1     100.1      99.9      99.7      99.7  
 
  2019       100.1     100.2     100.1      99.9*     99.9     100.2* 
             100.3*    100.2     100.0      99.8      99.6*     99.3* 
 
  2020       100.2     100.3     100.1     100.1     100.0     100.0  
             100.2     100.3*     99.8*     99.8      99.7      99.7  
 
  2021       100.2     100.2     100.1     100.1     100.0      99.9  
             100.2     100.0      99.9      99.9      99.7      99.7  
 
  2022       100.2     100.2     100.1     100.1     100.1      99.8  
             100.2     100.1      99.9      99.9      99.9      99.6  
 
  2023       100.1     100.2     100.1     100.1      99.9      99.5* 
             100.3*    100.1     100.0     100.1*     99.8      99.6  
 
  2024       100.0*    100.0*    100.1     100.1     100.0      99.5* 
             100.3*    100.1      99.9      99.9      99.7      99.5* 
 
  2025       100.2     100.3     100.2     100.0      99.8*    100.0* 
             100.2     100.1      99.8      99.8      99.8      99.7  
 
  2026       100.2     100.3     100.2     100.0     100.1      99.8  
             100.1                                                    
 

  Key to symbols:
    *  : extreme value as determined by X-11 extreme value procedure
 
        R35 monthly CPI index            PAGE   8, SERIES series

 D 9  Final replacement values for SI ratios
  From  2015.Jan to 2026.Jul
  Observations        139
 ---------------------------------------------------------------
               Jan      Feb      Mar      Apr      May      Jun 
               Jul      Aug      Sep      Oct      Nov      Dec 
 ---------------------------------------------------------------
  2015     ******** ******** ******** ******** ******** ********
           ********    100.0 ******** ******** ********     99.8
 
  2016     ******** ******** ******** ******** ******** ********
           ******** ******** ******** ******** ******** ********
 
  2017     ******** ******** ******** ******** ******** ********
           ******** ******** ******** ******** ********     99.7
 
  2018        100.1 ******** ******** ******** ******** ********
           ******** ******** ******** ******** ******** ********
 
  2019     ******** ******** ********    100.1 ********     99.9
              100.3 ******** ******** ********     99.6     99.6
 
  2020     ******** ******** ******** ******** ******** ********
           ********    100.1    100.0 ******** ******** ********
 
  2021     ******** ******** ******** ******** ******** ********
           ******** ******** ******** ******** ******** ********
 
  2022     ******** ******** ******** ******** ******** ********
           ******** ******** ******** ******** ******** ********
 
  2023     ******** ******** ******** ******** ********     99.8
              100.2 ******** ********     99.9 ******** ********
 
  2024        100.0    100.2 ******** ******** ********     99.8
              100.2 ******** ******** ******** ********     99.6
 
  2025     ******** ******** ******** ********    100.0     99.8
           ******** ******** ******** ******** ******** ********
 
  2026     ******** ******** ******** ******** ******** ********
           ********                                             
 

 D 9.A  Moving seasonality ratio
 ---------------------------------------------------------------
               Jan      Feb      Mar      Apr      May      Jun 
 ---------------------------------------------------------------
   I          0.074    0.066    0.041    0.048    0.083    0.040
   S          0.009    0.017    0.009    0.007    0.011    0.015
 RATIO        7.890    3.791    4.754    6.796    7.296    2.690



 ---------------------------------------------------------------
               Jul      Aug      Sep      Oct      Nov      Dec 
 ---------------------------------------------------------------
   I          0.065    0.068    0.073    0.060    0.076    0.032
   S          0.031    0.009    0.011    0.013    0.025    0.011
 RATIO        2.080    7.293    6.867    4.582    3.004    2.827



        R35 monthly CPI index            PAGE   9, SERIES series

 D 10  Final seasonal factors
  From  2015.Jan to 2026.Jul
  Observations        139
  Seasonal filter    3 x 5 moving average
 -----------------------------------------------------------------------------
               Jan      Feb      Mar      Apr      May      Jun 
               Jul      Aug      Sep      Oct      Nov      Dec         AVGE  
 -----------------------------------------------------------------------------
  2015       100.14   100.10   100.09   100.12   100.04    99.94
              99.95   100.05    99.97    99.94    99.93    99.74        100.00
 
  2016       100.14   100.10   100.08   100.11   100.03    99.94
              99.97   100.06    99.98    99.93    99.90    99.73        100.00
 
  2017       100.15   100.11   100.07   100.10   100.02    99.94
             100.03   100.08    99.99    99.90    99.85    99.71        100.00
 
  2018       100.15   100.14   100.07   100.10   100.01    99.94
             100.09   100.08   100.00    99.88    99.80    99.70        100.00
 
  2019       100.15   100.17   100.07   100.09   100.02    99.94
             100.15   100.09   100.00    99.86    99.77    99.68        100.00
 
  2020       100.15   100.20   100.07   100.09   100.01    99.93
             100.19   100.09    99.98    99.85    99.75    99.67        100.00
 
  2021       100.15   100.22   100.08   100.10   100.01    99.90
             100.21   100.10    99.96    99.85    99.76    99.66        100.00
 
  2022       100.15   100.23   100.10   100.10   100.01    99.87
             100.21   100.09    99.94    99.86    99.78    99.65        100.00
 
  2023       100.15   100.23   100.11   100.09   100.03    99.85
             100.20   100.09    99.92    99.87    99.80    99.66        100.00
 
  2024       100.16   100.24   100.13   100.08   100.03    99.82
             100.19   100.08    99.91    99.87    99.80    99.66        100.00
 
  2025       100.18   100.26   100.15   100.08   100.04    99.81
             100.18   100.08    99.90    99.86    99.80    99.66        100.00
 
  2026       100.19   100.27   100.16   100.07   100.03    99.80
             100.17                                                     100.10
 
  AVGE       100.16   100.19   100.10   100.09   100.02    99.89
             100.13   100.08    99.96    99.88    99.81    99.68

  Table Total-     13900.51   Mean-     100.00   Std. Dev.-       0.15
                              Min -      99.65        Max -     100.27

 D 10.A  Final seasonal component forecasts
  From  2026.Aug to 2027.Jul
  Observations         12
 -----------------------------------------------------------------------------
               Jan      Feb      Mar      Apr      May      Jun 
               Jul      Aug      Sep      Oct      Nov      Dec         AVGE  
 -----------------------------------------------------------------------------
  2026                                                          
                      100.07    99.89    99.86    99.79    99.67         99.86
 
  2027       100.21   100.28   100.17   100.07   100.04    99.79
             100.16                                                     100.10
 
        R35 monthly CPI index            PAGE  10, SERIES series

 D 11  Final seasonally adjusted data
  From  2015.Jan to 2026.Jul
  Observations        139
 -----------------------------------------------------------------------------
               Jan      Feb      Mar      Apr      May      Jun 
               Jul      Aug      Sep      Oct      Nov      Dec        TOTAL  
 -----------------------------------------------------------------------------
  2015         100.     100.     100.     100.     100.     100.
               100.     100.     100.     100.     100.     101.         1200.
 
  2016         101.     100.     101.     101.     101.     101.
               101.     101.     102.     102.     102.     102.         1214.
 
  2017         102.     102.     103.     103.     103.     103.
               103.     103.     104.     104.     104.     105.         1240.
 
  2018         104.     105.     105.     106.     106.     106.
               107.     107.     107.     108.     108.     108.         1277.
 
  2019         108.     109.     109.     109.     110.     110.
               111.     111.     112.     112.     112.     112.         1325.
 
  2020         113.     113.     114.     114.     114.     114.
               114.     114.     114.     114.     114.     114.         1366.
 
  2021         115.     115.     115.     115.     116.     116.
               117.     117.     117.     118.     118.     119.         1398.
 
  2022         119.     120.     120.     121.     121.     122.
               122.     123.     124.     124.     125.     126.         1468.
 
  2023         127.     128.     128.     129.     130.     130.
               132.     132.     133.     134.     135.     135.         1572.
 
  2024         136.     136.     137.     138.     139.     139.
               141.     141.     142.     142.     143.     143.         1678.
 
  2025         145.     145.     146.     146.     147.     148.
               149.     149.     150.     151.     152.     153.         1780.
 
  2026         154.     154.     155.     155.     156.     157.
               158.                                                      1089.
 
  AVGE         119.     119.     119.     120.     120.     121.
               121.     118.     119.     119.     119.     120.

  Table Total-     16608.19   Mean-     119.48   Std. Dev.-      17.26
                              Min -      99.56        Max -     157.63
        R35 monthly CPI index            PAGE  11, SERIES series

 D 12  Final trend cycle
  From  2015.Jan to 2026.Jul
  Observations        139
  Trend filter     9-term Henderson moving average
  I/C ratio        0.18
 -----------------------------------------------------------------------------
               Jan      Feb      Mar      Apr      May      Jun 
               Jul      Aug      Sep      Oct      Nov      Dec        TOTAL  
 -----------------------------------------------------------------------------
  2015         100.     100.     100.     100.     100.     100.
               100.     100.     100.     100.     100.     100.         1200.
 
  2016         101.     101.     101.     101.     101.     101.
               101.     101.     102.     102.     102.     102.         1214.
 
  2017         102.     102.     103.     103.     103.     103.
               103.     104.     104.     104.     104.     105.         1240.
 
  2018         105.     105.     105.     106.     106.     106.
               107.     107.     107.     108.     108.     108.         1277.
 
  2019         108.     109.     109.     109.     110.     110.
               111.     111.     111.     112.     112.     113.         1325.
 
  2020         113.     113.     114.     114.     114.     114.
               114.     114.     114.     114.     114.     114.         1366.
 
  2021         115.     115.     115.     115.     116.     116.
               117.     117.     117.     118.     118.     119.         1398.
 
  2022         119.     120.     120.     121.     121.     122.
               122.     123.     124.     124.     125.     126.         1468.
 
  2023         127.     127.     128.     129.     130.     131.
               131.     132.     133.     134.     135.     135.         1572.
 
  2024         136.     136.     137.     138.     139.     140.
               140.     141.     142.     142.     143.     144.         1679.
 
  2025         144.     145.     146.     146.     147.     148.
               149.     149.     150.     151.     152.     153.         1780.
 
  2026         153.     154.     155.     156.     156.     157.
               158.                                                      1089.
 
  AVGE         119.     119.     119.     120.     120.     121.
               121.     118.     119.     119.     119.     120.

  Table Total-     16609.21   Mean-     119.49   Std. Dev.-      17.26
                              Min -      99.63        Max -     157.66
        R35 monthly CPI index            PAGE  12, SERIES series

 D 13  Final irregular component
  From  2015.Jan to 2026.Jul
  Observations        139
 -----------------------------------------------------------------------------
               Jan      Feb      Mar      Apr      May      Jun 
               Jul      Aug      Sep      Oct      Nov      Dec         S.D.  
 -----------------------------------------------------------------------------
  2015         99.9    100.1    100.0    100.0    100.0    100.1
               99.9     99.8     99.9    100.0    100.1    100.3           0.1
 
  2016        100.0     99.9    100.0    100.0    100.0    100.0
              100.0    100.1    100.0    100.0    100.0    100.0           0.0
 
  2017        100.0    100.0    100.0    100.0    100.0    100.0
              100.0     99.9    100.0    100.0    100.0    100.2           0.1
 
  2018         99.8     99.9    100.0    100.0    100.1    100.0
               99.9    100.0    100.1    100.0     99.9    100.0           0.1
 
  2019        100.0    100.1    100.0     99.8     99.9    100.2
              100.1    100.0    100.0    100.0     99.9     99.6           0.2
 
  2020        100.0    100.1    100.0    100.0    100.0    100.0
              100.0    100.2     99.8    100.0    100.0    100.0           0.1
 
  2021        100.0    100.0    100.0    100.0    100.0    100.0
              100.0    100.0    100.0    100.0    100.0    100.0           0.0
 
  2022        100.1    100.0    100.0    100.0    100.1    100.0
              100.0    100.0     99.9    100.0    100.1    100.0           0.1
 
  2023        100.0    100.0    100.0    100.0     99.9     99.7
              100.1    100.0    100.1    100.2    100.0    100.0           0.1
 
  2024         99.9     99.8    100.0    100.1    100.0     99.7
              100.1    100.0    100.0    100.0     99.9     99.8           0.1
 
  2025        100.0    100.0    100.0     99.9     99.8    100.2
              100.0    100.0    100.0    100.0    100.0    100.0           0.1
 
  2026        100.0    100.0    100.0    100.0    100.1    100.0
              100.0                                                        0.0
 
  S.D.          0.1      0.1      0.0      0.1      0.1      0.2
                0.1      0.1      0.1      0.1      0.1      0.2

  Table Total-     13899.22   Mean-      99.99   Std. Dev.-       0.09
                              Min -      99.65        Max -     100.33
        R35 monthly CPI index            PAGE  13, SERIES series

 D 16  Combined adjustment factors
  From  2015.Jan to 2026.Jul
  Observations        139
 -----------------------------------------------------------------------------
               Jan      Feb      Mar      Apr      May      Jun 
               Jul      Aug      Sep      Oct      Nov      Dec         AVGE  
 -----------------------------------------------------------------------------
  2015       100.14   100.10   100.09   100.12   100.04    99.94
              99.95   100.05    99.97    99.94    99.93    99.74        100.00
 
  2016       100.14   100.10   100.08   100.11   100.03    99.94
              99.97   100.06    99.98    99.93    99.90    99.73        100.00
 
  2017       100.15   100.11   100.07   100.10   100.02    99.94
             100.03   100.08    99.99    99.90    99.85    99.71        100.00
 
  2018       100.15   100.14   100.07   100.10   100.01    99.94
             100.09   100.08   100.00    99.88    99.80    99.70        100.00
 
  2019       100.15   100.17   100.07   100.09   100.02    99.94
             100.15   100.09   100.00    99.86    99.77    99.68        100.00
 
  2020       100.15   100.20   100.07   100.09   100.01    99.93
             100.19   100.09    99.98    99.85    99.75    99.67        100.00
 
  2021       100.15   100.22   100.08   100.10   100.01    99.90
             100.21   100.10    99.96    99.85    99.76    99.66        100.00
 
  2022       100.15   100.23   100.10   100.10   100.01    99.87
             100.21   100.09    99.94    99.86    99.78    99.65        100.00
 
  2023       100.15   100.23   100.11   100.09   100.03    99.85
             100.20   100.09    99.92    99.87    99.80    99.66        100.00
 
  2024       100.16   100.24   100.13   100.08   100.03    99.82
             100.19   100.08    99.91    99.87    99.80    99.66        100.00
 
  2025       100.18   100.26   100.15   100.08   100.04    99.81
             100.18   100.08    99.90    99.86    99.80    99.66        100.00
 
  2026       100.19   100.27   100.16   100.07   100.03    99.80
             100.17                                                     100.10
 
  AVGE       100.16   100.19   100.10   100.09   100.02    99.89
             100.13   100.08    99.96    99.88    99.81    99.68

  Table Total-     13900.51   Mean-     100.00   Std. Dev.-       0.15
                              Min -      99.65        Max -     100.27

 D 16.A  Combined adjustment component forecasts
  From  2026.Aug to 2027.Jul
  Observations         12
 -----------------------------------------------------------------------------
               Jan      Feb      Mar      Apr      May      Jun 
               Jul      Aug      Sep      Oct      Nov      Dec         AVGE  
 -----------------------------------------------------------------------------
  2026                                                          
                      100.07    99.89    99.86    99.79    99.67         99.86
 
  2027       100.21   100.28   100.17   100.07   100.04    99.79
             100.16                                                     100.10
 
        R35 monthly CPI index            PAGE  14, SERIES series

 E 4  Ratios of annual totals
  From          2015 to 2025
  Observations         11
 -----------------------------------
  Year       Unmodified     Modified
                  (D11)         (E2)
 -----------------------------------
  2015           100.00       100.00
 
  2016           100.00       100.00
 
  2017           100.00       100.00
 
  2018           100.00       100.00
 
  2019           100.00       100.00
 
  2020           100.00       100.00
 
  2021           100.00       100.00
 
  2022           100.00       100.00
 
  2023           100.00       100.00
 
  2024           100.00       100.00
 
  2025           100.00       100.00
 
        R35 monthly CPI index            PAGE  15, SERIES series

 E 5  Month-to-month percent change in the original series
  From  2015.Feb to 2026.Jul
  Observations        138
 -----------------------------------------------------------------------------
               Jan      Feb      Mar      Apr      May      Jun 
               Jul      Aug      Sep      Oct      Nov      Dec         AVGE  
 -----------------------------------------------------------------------------
  2015                   0.2      0.0      0.2     -0.1      0.0
               -0.2      0.0      0.1      0.2      0.2      0.2           0.1
 
  2016          0.2     -0.1      0.2      0.1      0.0      0.0
                0.2      0.4      0.0      0.1      0.2      0.0           0.1
 
  2017          0.6      0.2      0.2      0.2      0.1      0.0
                0.3      0.1      0.3      0.2      0.2      0.2           0.2
 
  2018          0.2      0.4      0.3      0.4      0.4      0.2
                0.4      0.4      0.3      0.1      0.1      0.2           0.3
 
  2019          0.7      0.4      0.1      0.1      0.4      0.7
                0.5      0.3      0.2      0.1      0.1      0.1           0.3
 
  2020          1.3      0.4      0.0      0.2     -0.1      0.0
                0.3      0.1     -0.4      0.1      0.1      0.1           0.2
 
  2021          0.6      0.3      0.2      0.3      0.3      0.3
                0.6      0.2      0.3      0.3      0.3      0.3           0.3
 
  2022          0.9      0.3      0.2      0.4      0.5      0.2
                0.8      0.4      0.3      0.6      0.6      0.4           0.5
 
  2023          1.1      0.7      0.5      0.5      0.5      0.2
                1.5      0.5      0.5      0.6      0.2      0.2           0.6
 
  2024          0.9      0.5      0.7      0.7      0.4      0.1
                1.3      0.3      0.3      0.4      0.3      0.2           0.5
 
  2025          1.3      0.6      0.3      0.3      0.3      0.7
                0.6      0.4      0.3      0.5      0.6      0.5           0.5
 
  2026          1.1      0.5      0.3      0.3      0.5      0.1
                0.8                                                        0.5
 
  AVGE          0.8      0.4      0.3      0.3      0.3      0.2
                0.6      0.3      0.2      0.3      0.3      0.2

  Table Total-        46.12   Mean-       0.33   Std. Dev.-       0.45
                              Min -      -0.44        Max -       1.46
        R35 monthly CPI index            PAGE  16, SERIES series

 E 6  Month-to-month percent change in seasonally adjusted series (D11)
  From  2015.Feb to 2026.Jul
  Observations        138
 -----------------------------------------------------------------------------
               Jan      Feb      Mar      Apr      May      Jun 
               Jul      Aug      Sep      Oct      Nov      Dec         AVGE  
 -----------------------------------------------------------------------------
  2015                   0.2      0.0      0.2     -0.0      0.1
               -0.2     -0.1      0.2      0.2      0.2      0.4           0.1
 
  2016         -0.2     -0.1      0.2      0.1      0.1      0.1
                0.2      0.3      0.1      0.2      0.2      0.2           0.1
 
  2017          0.2      0.2      0.2      0.2      0.2      0.1
                0.2      0.0      0.4      0.3      0.2      0.3           0.2
 
  2018         -0.2      0.4      0.4      0.4      0.5      0.3
                0.2      0.4      0.4      0.2      0.2      0.3           0.3
 
  2019          0.3      0.4      0.2      0.1      0.4      0.8
                0.3      0.3      0.3      0.2      0.2      0.2           0.3
 
  2020          0.8      0.4      0.1      0.2     -0.0      0.1
                0.0      0.2     -0.3      0.2      0.2      0.2           0.2
 
  2021          0.1      0.2      0.3      0.3      0.3      0.4
                0.3      0.3      0.4      0.5      0.3      0.4           0.3
 
  2022          0.4      0.3      0.4      0.4      0.6      0.3
                0.5      0.5      0.5      0.6      0.7      0.5           0.5
 
  2023          0.6      0.6      0.6      0.6      0.5      0.4
                1.1      0.6      0.7      0.7      0.3      0.4           0.6
 
  2024          0.4      0.4      0.8      0.7      0.5      0.3
                0.9      0.4      0.5      0.5      0.3      0.4           0.5
 
  2025          0.7      0.5      0.5      0.3      0.3      0.9
                0.2      0.5      0.5      0.6      0.7      0.6           0.5
 
  2026          0.5      0.4      0.4      0.4      0.6      0.4
                0.5                                                        0.5
 
  AVGE          0.3      0.3      0.3      0.3      0.3      0.3
                0.4      0.3      0.3      0.4      0.3      0.3

  Table Total-        46.07   Mean-       0.33   Std. Dev.-       0.41
                              Min -      -0.33        Max -       1.10
        R35 monthly CPI index            PAGE  17, SERIES series

 E 7  Month-to-month percent change in final trend cycle (D12)
  From  2015.Feb to 2026.Jul
  Observations        138
 -----------------------------------------------------------------------------
               Jan      Feb      Mar      Apr      May      Jun 
               Jul      Aug      Sep      Oct      Nov      Dec         AVGE  
 -----------------------------------------------------------------------------
  2015                   0.1      0.1      0.1      0.0     -0.0
               -0.0      0.0      0.1      0.1      0.2      0.1           0.1
 
  2016          0.1      0.1      0.1      0.1      0.1      0.1
                0.2      0.2      0.2      0.2      0.2      0.2           0.1
 
  2017          0.2      0.2      0.2      0.2      0.2      0.1
                0.1      0.2      0.2      0.3      0.2      0.2           0.2
 
  2018          0.2      0.2      0.3      0.4      0.4      0.3
                0.3      0.3      0.3      0.3      0.2      0.3           0.3
 
  2019          0.3      0.3      0.2      0.3      0.4      0.4
                0.5      0.4      0.3      0.3      0.3      0.4           0.3
 
  2020          0.4      0.3      0.2      0.1      0.1      0.0
                0.0      0.0      0.0      0.1      0.1      0.1           0.1
 
  2021          0.2      0.2      0.3      0.3      0.3      0.3
                0.3      0.3      0.4      0.4      0.4      0.4           0.3
 
  2022          0.4      0.4      0.4      0.4      0.4      0.5
                0.5      0.5      0.6      0.6      0.6      0.6           0.5
 
  2023          0.6      0.6      0.6      0.6      0.6      0.7
                0.7      0.7      0.6      0.5      0.4      0.4           0.6
 
  2024          0.5      0.6      0.6      0.6      0.6      0.5
                0.5      0.5      0.5      0.4      0.5      0.5           0.5
 
  2025          0.5      0.5      0.5      0.4      0.4      0.5
                0.5      0.5      0.5      0.6      0.6      0.6           0.5
 
  2026          0.5      0.5      0.4      0.4      0.4      0.4
                0.5                                                        0.5
 
  AVGE          0.3      0.3      0.3      0.3      0.3      0.3
                0.3      0.3      0.3      0.3      0.3      0.3

  Table Total-        46.00   Mean-       0.33   Std. Dev.-       0.38
                              Min -      -0.03        Max -       0.69
        R35 monthly CPI index            PAGE  18, SERIES series

 E 8  Month-to-month percent change in original series adjusted for calendar factors (A18)
  From  2015.Feb to 2026.Jul
  Observations        138
 -----------------------------------------------------------------------------
               Jan      Feb      Mar      Apr      May      Jun 
               Jul      Aug      Sep      Oct      Nov      Dec         AVGE  
 -----------------------------------------------------------------------------
  2015                   0.2      0.0      0.2     -0.1      0.0
               -0.2      0.0      0.1      0.2      0.2      0.2           0.1
 
  2016          0.2     -0.1      0.2      0.1      0.0      0.0
                0.2      0.4      0.0      0.1      0.2      0.0           0.1
 
  2017          0.6      0.2      0.2      0.2      0.1      0.0
                0.3      0.1      0.3      0.2      0.2      0.2           0.2
 
  2018          0.2      0.4      0.3      0.4      0.4      0.2
                0.4      0.4      0.3      0.1      0.1      0.2           0.3
 
  2019          0.7      0.4      0.1      0.1      0.4      0.7
                0.5      0.3      0.2      0.1      0.1      0.1           0.3
 
  2020          1.3      0.4      0.0      0.2     -0.1      0.0
                0.3      0.1     -0.4      0.1      0.1      0.1           0.2
 
  2021          0.6      0.3      0.2      0.3      0.3      0.3
                0.6      0.2      0.3      0.3      0.3      0.3           0.3
 
  2022          0.9      0.3      0.3      0.4      0.5      0.2
                0.8      0.4      0.3      0.6      0.6      0.4           0.5
 
  2023          1.1      0.7      0.5      0.5      0.5      0.2
                1.5      0.5      0.5      0.6      0.2      0.2           0.6
 
  2024          0.9      0.5      0.7      0.7      0.4      0.1
                1.3      0.3      0.3      0.4      0.3      0.2           0.5
 
  2025          1.3      0.6      0.3      0.3      0.3      0.7
                0.6      0.4      0.3      0.5      0.6      0.5           0.5
 
  2026          1.1      0.5      0.3      0.3      0.5      0.1
                0.8                                                        0.5
 
  AVGE          0.8      0.4      0.3      0.3      0.3      0.2
                0.6      0.3      0.2      0.3      0.3      0.2

  Table Total-        46.12   Mean-       0.33   Std. Dev.-       0.45
                              Min -      -0.44        Max -       1.46
        R35 monthly CPI index            PAGE  19, SERIES series

 E 18  Final adjustment ratios
  From  2015.Jan to 2026.Jul
  Observations        139
 -----------------------------------------------------------------------------
               Jan      Feb      Mar      Apr      May      Jun 
               Jul      Aug      Sep      Oct      Nov      Dec         AVGE  
 -----------------------------------------------------------------------------
  2015        100.1    100.1    100.1    100.1    100.0     99.9
               99.9    100.1    100.0     99.9     99.9     99.7         100.0
 
  2016        100.1    100.1    100.1    100.1    100.0     99.9
              100.0    100.1    100.0     99.9     99.9     99.7         100.0
 
  2017        100.1    100.1    100.1    100.1    100.0     99.9
              100.0    100.1    100.0     99.9     99.9     99.7         100.0
 
  2018        100.1    100.1    100.1    100.1    100.0     99.9
              100.1    100.1    100.0     99.9     99.8     99.7         100.0
 
  2019        100.2    100.2    100.1    100.1    100.0     99.9
              100.1    100.1    100.0     99.9     99.8     99.7         100.0
 
  2020        100.2    100.2    100.1    100.1    100.0     99.9
              100.2    100.1    100.0     99.9     99.8     99.7         100.0
 
  2021        100.2    100.2    100.1    100.1    100.0     99.9
              100.2    100.1    100.0     99.9     99.8     99.7         100.0
 
  2022        100.2    100.2    100.1    100.1    100.0     99.9
              100.2    100.1     99.9     99.9     99.8     99.7         100.0
 
  2023        100.2    100.2    100.1    100.1    100.0     99.8
              100.2    100.1     99.9     99.9     99.8     99.7         100.0
 
  2024        100.2    100.2    100.1    100.1    100.0     99.8
              100.2    100.1     99.9     99.9     99.8     99.7         100.0
 
  2025        100.2    100.3    100.1    100.1    100.0     99.8
              100.2    100.1     99.9     99.9     99.8     99.7         100.0
 
  2026        100.2    100.3    100.2    100.1    100.0     99.8
              100.2                                                      100.1
 
  AVGE        100.2    100.2    100.1    100.1    100.0     99.9
              100.1    100.1    100.0     99.9     99.8     99.7

  Table Total-     13900.51   Mean-     100.00   Std. Dev.-       0.15
                              Min -      99.65        Max -     100.27

 E 18.A  Final adjustment ratio forecasts
  From  2026.Aug to 2027.Jul
  Observations         12
 -----------------------------------------------------------------------------
               Jan      Feb      Mar      Apr      May      Jun 
               Jul      Aug      Sep      Oct      Nov      Dec         AVGE  
 -----------------------------------------------------------------------------
  2026                                                          
                       100.1     99.9     99.9     99.8     99.7          99.9
 
  2027        100.2    100.3    100.2    100.1    100.0     99.8
              100.2                                                      100.1
 

  QS statistic for seasonality:
  log(Original Series)                               81.79  (P-Value =     0.0000)
  log(Original Series (EV adj))                      81.79  (P-Value =     0.0000)
  Residuals                                           0.01  (P-Value =     0.9967)
  log(Seasonally Adjusted Series)                     0.00  (P-Value =     1.0000)
  log(SA Series (EV adj))                             0.00  (P-Value =     1.0000)
  Irregular Series                                    0.00  (P-Value =     1.0000)
  Irregular Series (EV adj)                           0.00  (P-Value =     1.0000)

  QS statistic for seasonality (starting 2018.Aug):
  log(Original Series)                               72.29  (P-Value =     0.0000)
  log(Original Series (EV adj))                      72.29  (P-Value =     0.0000)
  Residuals                                           0.18  (P-Value =     0.9120)
  log(Seasonally Adjusted Series)                     0.00  (P-Value =     1.0000)
  log(SA Series (EV adj))                             0.00  (P-Value =     1.0000)
  Irregular Series                                    0.00  (P-Value =     1.0000)
  Irregular Series (EV adj)                           0.00  (P-Value =     1.0000)
        R35 monthly CPI index            PAGE  20, SERIES series
 G 0  10*LOG(SPECTRUM) of the differenced, transformed Original Series
      (Table A1 or B1).  Spectrum estimated from 2018.Aug to 2026.Jul.
 ++++++++++I+++++++++++++++++++++++++++++++++++++++++++++++++++++++++++++I
     -36.97I                                        S                    I    -36.97
           I                                        S                    I
           I                                        S                    I
           I                                        S                    I
     -38.59I                                        S                    I    -38.59
           I                                        S                    I
           I                                        S                    I
           I                                        S                   SI
     -40.20I                                        S                   SI    -40.20
           I                                        S                   SI
           I                                        S                   SI
           I                                        S                   SI
     -41.82I *                                      S                   SI    -41.82
           I *                  S                   S                   SI
           I *                  S                   S                   SI
           I *                  S                   S                   SI
     -43.44I *                  S                   S                   SI    -43.44
           I *                  S                   S                   SI
           I *                  S                   S                   SI
           I *                  S                   S                   SI
     -45.05I *                  S                   S                   SI    -45.05
           I *                  S*                  S                   SI
           I *                  S*                  S                   SI
           I**                  S*                  S                   SI
     -46.67I***                *S*                  S                   SI    -46.67
           I***                *S*                  S*                  SI
           I***                *S*                  S*                  SI
           I***                *S*                  S*                  SI
     -48.29I***                *S*                  S*                  SI    -48.29
           I***                *S*                  S*                  SI
           I***                *S*                  S*                  SI
           I***                *S*                 *S*                  SI
     -49.90I***        *       *S*                 *S*                  SI    -49.90
           I***        *       *S*                 *S*                  SI
           I***        *       *S*                 *S*                  SI
           I***   *    *       *S**                *S*                  SI
     -51.52I***   *    *       *S**                *S*                  SI    -51.52
           I***   *    *       *S**                *S*                 *SI
           I***  **    **      *S**                *S*                 *SI
           I***  **    **     **S**                *S*T                *SI
     -53.14I**** **    **     **S**                *S*T                *SI    -53.14
           I**** **    **     **S**                *S*T                *SI
           I**** **    ****   **S**    *           *S*T    *    T*     *SI
           I**** **   S****   **S**    *   *  **   *S*T    *    T**    *SI
     -54.76I*******   S****   **S**    *   *  **  **S*T    **   T**    *SI    -54.76
           I*******   S*****  **S**   **  S*****  **S*T    **  *T***   *SI
           I*******   S***** ***S***  *** S*****  **S*T   ***  *T***   *SI
           I********  S*********S***  *** S****** **S*T*  ****S*T***   *SI
     -56.37I********  S*********S***  ****S*********S*T*  ****S*T***  **SI    -56.37
           I********  S*********S***  ****S*********S*T*  ****S*T**** **SI
           I********  S*********S*** *****S*********S*T*  ****S*T*******SI
           I******** *S*********S*********S*********S*T*******S*T*******SI
     -57.99I**********S*********S*********S*********S*T*******S*T*******SI    -57.99
 ++++++++++I+++++++++++++++++++++++++++++++++++++++++++++++++++++++++++++I
            S=SEASONAL FREQUENCIES, T=TRADING DAY FREQUENCIES
        R35 monthly CPI index            PAGE  21, SERIES series
 G 1  10*LOG(SPECTRUM) of the differenced, transformed seasonally adjusted 
      data (Table D11).  Spectrum estimated from 2018.Aug to 2026.Jul.
 ++++++++++I+++++++++++++++++++++++++++++++++++++++++++++++++++++++++++++I
     -41.89I *                                                           I    -41.89
           I *                                                           I
           I *                                                           I
           I *                                                           I
     -43.40I *                                                           I    -43.40
           I *                                                           I
           I *                                                           I
           I *                                                           I
     -44.91I *                                                           I    -44.91
           I *                                                           I
           I *                                                           I
           I *                                                           I
     -46.42I***                                                          I    -46.42
           I***                                                          I
           I***                                                          I
           I***                                                          I
     -47.92I***                                                          I    -47.92
           I***                                                          I
           I***                                                          I
           I***                                                          I
     -49.43I***   *                                                      I    -49.43
           I***   *               *                                      I
           I***   *               *                                      I
           I***   *               *                                      I
     -50.94I***   *               *                                      I    -50.94
           I***   *               *                                      I
           I***   *               *                                      I
           I***   *               *            *                         I
     -52.45I***   *      *        *            *      T                  I    -52.45
           I***   *      *        *            *      T         T        I
           I**** **      *        *            *      T         T        I
           I**** **     **        *            *     *T         T        I
     -53.95I**** **     **   *    *    *       *     *T         T*       I    -53.95
           I**** **     **   *   **    *       *     *T*        T*       I
           I**** **     **   *   **    *       *     *T*        T*       I
           I*******     **   *   **   **       *     *T*   *    T*       I
     -55.46I*******     **  **   **   **       *     *T*   *    T*      SI    -55.46
           I********    *** ***  ***  **   *  ***    *T*   *    T*      SI
           I********    *** ***  ***  **   ** ***    *T*  **    T*  *   SI
           I********    *******  ***  **   ** ***   S*T** ***  *T****  *SI
     -56.97I********    *******  ***  **   ** ***   S*T******  *T***** *SI    -56.97
           I********    *******  ***  **   ******   S*T******  *T*******SI
           I********    ******* S***  **   ******   S*T******  *T*******SI
           I********    ********S***  *** S******   S*T******  *T*******SI
     -58.48I********   *********S*** **** S******   S*T*******S*T*******SI    -58.48
           I********   *********S******** S******   S*T*******S*T*******SI
           I********   *********S******** S******   S*T*******S*T*******SI
           I********   *********S*********S******* *S*T*******S*T*******SI
     -59.98I*********  *********S*********S******* *S*T*******S*T*******SI    -59.98
           I*********  *********S*********S******* *S*T*******S*T*******SI
           I*********  *********S*********S*********S*T*******S*T*******SI
           I********* S*********S*********S*********S*T*******S*T*******SI
     -61.49I**********S*********S*********S*********S*T*******S*T*******SI    -61.49
 ++++++++++I+++++++++++++++++++++++++++++++++++++++++++++++++++++++++++++I
            S=SEASONAL FREQUENCIES, T=TRADING DAY FREQUENCIES
        R35 monthly CPI index            PAGE  22, SERIES series
 G 2  10*LOG(SPECTRUM) of the Irregular (Table D13).  
      Spectrum estimated from 2018.Aug to 2026.Jul.
 ++++++++++I+++++++++++++++++++++++++++++++++++++++++++++++++++++++++++++I
     -54.13I                      *                                      I    -54.13
           I                      *                                      I
           I                      *                                      I
           I                      *                                      I
     -55.57I                      *                                      I    -55.57
           I                      *            *                         I
           I                      *            *                         I
           I                      *    *       *                         I
     -57.01I                      *    *       *                         I    -57.01
           I            *         *    *       *      T                  I
           I            *         *   **       *      T                  I
           I            *        **   **       *      T                  I
     -58.44I            *        ***  **   *   *      T                  I    -58.44
           I           ***       ***  **   *   *     *T         T        I
           I           ***       ***  **   *   *     *T*        T        I
           I           ***       ***  **   ** **     *T*        T*       I
     -59.88I           ***       ***  **   ** ***    *T*        T*       I    -59.88
           I           **** **   ***  **   ** ***    *T*        T*       I
           I           *******   ***  **   ** ***    *T*   *    T*       I
           I           ******** S***  *** S******    *T*   *    T*       I
     -61.32I          S******** S*** **** S******    *T*   *    T*       I    -61.32
           I          S*********S******** S******   S*T** **    T*       I
           I          S*********S******** S******   S*T** **    T*      SI
           I          S*********S*********S******   S*T******  *T**    *SI
     -62.75I          S*********S*********S******   S*T******  *T** *  *SI    -62.75
           I          S*********S*********S******   S*T******  *T*******SI
           I         *S*********S*********S******   S*T******  *T*******SI
           I         *S*********S*********S*******  S*T******  *T*******SI
     -64.19I         *S*********S*********S******* *S*T*******S*T*******SI    -64.19
           I   *     *S*********S*********S******* *S*T*******S*T*******SI
           I   *     *S*********S*********S*********S*T*******S*T*******SI
           I   *     *S*********S*********S*********S*T*******S*T*******SI
     -65.63I   *    **S*********S*********S*********S*T*******S*T*******SI    -65.63
           I   *    **S*********S*********S*********S*T*******S*T*******SI
           I   *    **S*********S*********S*********S*T*******S*T*******SI
           I   **   **S*********S*********S*********S*T*******S*T*******SI
     -67.06I   **   **S*********S*********S*********S*T*******S*T*******SI    -67.06
           I   **   **S*********S*********S*********S*T*******S*T*******SI
           I   **   **S*********S*********S*********S*T*******S*T*******SI
           I   **  ***S*********S*********S*********S*T*******S*T*******SI
     -68.50I  ***  ***S*********S*********S*********S*T*******S*T*******SI    -68.50
           I  ***  ***S*********S*********S*********S*T*******S*T*******SI
           I  **** ***S*********S*********S*********S*T*******S*T*******SI
           I  ********S*********S*********S*********S*T*******S*T*******SI
     -69.94I  ********S*********S*********S*********S*T*******S*T*******SI    -69.94
           I  ********S*********S*********S*********S*T*******S*T*******SI
           I  ********S*********S*********S*********S*T*******S*T*******SI
           I  ********S*********S*********S*********S*T*******S*T*******SI
     -71.38I  ********S*********S*********S*********S*T*******S*T*******SI    -71.38
           I  ********S*********S*********S*********S*T*******S*T*******SI
           I *********S*********S*********S*********S*T*******S*T*******SI
           I *********S*********S*********S*********S*T*******S*T*******SI
     -72.81I**********S*********S*********S*********S*T*******S*T*******SI    -72.81
 ++++++++++I+++++++++++++++++++++++++++++++++++++++++++++++++++++++++++++I
            S=SEASONAL FREQUENCIES, T=TRADING DAY FREQUENCIES
        R35 monthly CPI index            PAGE  23, SERIES series

  Peak probabilities for Tukey spectrum estimator
  Spectrum estimated from 2018.Aug to 2026.Jul.

                                          S1       S2       S3       S4       S5       S6       TD
                                        ------   ------   ------   ------   ------   ------   ------
  Model Residuals                        0.709    0.222    0.031    0.723    0.001    0.464    0.191  
  Original Series (Table A1 or B1)       0.572    0.993**  0.635    0.980*   0.224    0.997**  0.010  
  Seasonally adjusted series (D11)       0.340    0.061    0.496    0.402    0.101    0.539    0.638  
  Irregular (D13)                        0.308    0.264    0.264    0.312    0.116    0.547    0.732  
  ----------
     ** - Peak Probability > 0.99,
      * - 0.90 < Peak Probability < 0.99



  NP statistic for residual seasonality:

  NP statistic for residual seasonality (Full series)
                                                  Residual Seasonality?
  log(Seasonally Adjusted Series)                          no
  log(Seasonally Adjusted Series (EV adj))                 no

  NP statistic for residual seasonality (Series start in 2018.Aug)
                                                  Residual Seasonality?
  log(Seasonally Adjusted Series)                          no
  log(Seasonally Adjusted Series (EV adj))                 no
