variant A 1/90 2019-02: BASE 0.3247, 3s
variant A 16/90 2020-05: BASE 0.2001, 36s
variant A 31/90 2021-08: BASE 0.2014, 72s
variant A 46/90 2022-11: BASE 0.7653, 111s
variant A 61/90 2024-02: BASE 0.2803, 158s
variant A 76/90 2025-05: BASE 0.2816, 212s
variant A 90/90 2026-07: BASE 0.4736, 271s
variant B 1/90 2019-02: BASE 0.3246, 2s
variant B 16/90 2020-05: BASE 0.2002, 33s
variant B 31/90 2021-08: BASE 0.2012, 67s
variant B 46/90 2022-11: BASE 0.7653, 104s
variant B 61/90 2024-02: BASE 0.2758, 145s
variant B 76/90 2025-05: BASE 0.2819, 189s
variant B 90/90 2026-07: BASE 0.4738, 233s
{
 "HARD_BASE": {
  "A": {
   "max_abs_change": 0.04376961895943321,
   "mean_abs_change": 0.012278787842718245,
   "months_over_0p05": 0,
   "months_over_0p10": 0,
   "largest": {
    "2022-01": 0.0438,
    "2023-01": 0.036,
    "2022-02": 0.0322
   },
   "rmse": {
    "all": {
     "recorded": 0.41795154739724044,
     "lane": 0.4181320846293641
    },
    "prints_2024plus": {
     "recorded": 0.21897776134072022,
     "lane": 0.22082601310650488
    },
    "flash_era_2025plus": {
     "recorded": 0.17300164605167864,
     "lane": 0.17589493281698332
    }
   }
  },
  "B": {
   "max_abs_change": 0.04377976487642865,
   "mean_abs_change": 0.012808401902758658,
   "months_over_0p05": 0,
   "months_over_0p10": 0,
   "largest": {
    "2022-01": 0.0438,
    "2023-01": 0.0362,
    "2022-04": 0.0355
   },
   "rmse": {
    "all": {
     "recorded": 0.41795154739724044,
     "lane": 0.4178836475000788
    },
    "prints_2024plus": {
     "recorded": 0.21897776134072022,
     "lane": 0.22166496332844113
    },
    "flash_era_2025plus": {
     "recorded": 0.17300164605167864,
     "lane": 0.17576641900165738
    }
   }
  }
 },
 "HARD_HALF": {
  "A": {
   "max_abs_change": 0.04994110724823475,
   "mean_abs_change": 0.01341032085176792,
   "months_over_0p05": 0,
   "months_over_0p10": 0,
   "largest": {
    "2022-01": 0.0499,
    "2019-10": 0.0453,
    "2019-12": 0.037
   },
   "rmse": {
    "all": {
     "recorded": 0.41369643830575464,
     "lane": 0.4142529779198208
    },
    "prints_2024plus": {
     "recorded": 0.21958807119044277,
     "lane": 0.22210436285378068
    },
    "flash_era_2025plus": {
     "recorded": 0.16560096093755453,
     "lane": 0.16960147811915155
    }
   }
  },
  "B": {
   "max_abs_change": 0.04995125316523019,
   "mean_abs_change": 0.013962131661176996,
   "months_over_0p05": 0,
   "months_over_0p10": 0,
   "largest": {
    "2022-01": 0.05,
    "2019-10": 0.0453,
    "2019-12": 0.037
   },
   "rmse": {
    "all": {
     "recorded": 0.41369643830575464,
     "lane": 0.4139861638658117
    },
    "prints_2024plus": {
     "recorded": 0.21958807119044277,
     "lane": 0.22292561279864048
    },
    "flash_era_2025plus": {
     "recorded": 0.16560096093755453,
     "lane": 0.16947857059558016
    }
   }
  }
 },
 "HARD_FULL": {
  "A": {
   "max_abs_change": 0.07535657714582306,
   "mean_abs_change": 0.016284156936089186,
   "months_over_0p05": 4,
   "months_over_0p10": 0,
   "largest": {
    "2019-10": 0.0754,
    "2021-09": 0.0626,
    "2022-01": 0.0561
   },
   "rmse": {
    "all": {
     "recorded": 0.4139308470027306,
     "lane": 0.4150418415791206
    },
    "prints_2024plus": {
     "recorded": 0.22531658006178432,
     "lane": 0.22856409944526676
    },
    "flash_era_2025plus": {
     "recorded": 0.1638271242938502,
     "lane": 0.168948984829655
    }
   }
  },
  "B": {
   "max_abs_change": 0.07534905442898826,
   "mean_abs_change": 0.016805902808363,
   "months_over_0p05": 4,
   "months_over_0p10": 0,
   "largest": {
    "2019-10": 0.0753,
    "2021-09": 0.0627,
    "2022-01": 0.0561
   },
   "rmse": {
    "all": {
     "recorded": 0.4139308470027306,
     "lane": 0.4147595157723301
    },
    "prints_2024plus": {
     "recorded": 0.22531658006178432,
     "lane": 0.22934969225676305
    },
    "flash_era_2025plus": {
     "recorded": 0.1638271242938502,
     "lane": 0.16883602056088592
    }
   }
  }
 },
 "fuel_block_variant_B_minus_A_max_pp": 0.019803401471771162
}
