1/90 2019-02: h0 0.325 (recorded 0.318), food h6 -0.405 (recorded -0.453), 0s
16/90 2020-05: h0 0.200 (recorded 0.176), food h6 0.122 (recorded 0.200), 1s
31/90 2021-08: h0 0.201 (recorded 0.225), food h6 0.304 (recorded 0.331), 2s
46/90 2022-11: h0 0.765 (recorded 0.759), food h6 0.795 (recorded 0.779), 3s
61/90 2024-02: h0 0.280 (recorded 0.271), food h6 -0.425 (recorded -0.450), 4s
76/90 2025-05: h0 0.282 (recorded 0.262), food h6 0.142 (recorded 0.158), 5s
90/90 2026-07: h0 0.474 (recorded 0.448), food h6 2.355 (recorded 2.365), 6s
 h           sample  n  rmse_recorded  rmse_lane_forecast_previous_history  rmse_lane_vs_previous_truth  rmse_lane_vs_bbg_truth  rmse_recorded_vs_bbg_truth  max_abs_forecast_change  mean_abs_forecast_change
 3             full 84         1.4483                               1.4433                       1.4393                  1.4492                      1.4627                   0.1912                    0.0699
 3 origins_2024plus 28         0.5072                               0.5094                       0.5241                  0.5257                      0.5285                   0.1912                    0.0830
 6             full 81         2.2446                               2.2408                       2.2439                  2.2453                      2.2482                   0.1660                    0.0556
 6 origins_2024plus 25         0.4629                               0.4638                       0.4863                  0.4633                      0.4545                   0.1567                    0.0649
12             full 75         4.7689                               4.7681                       4.7681                  4.7746                      4.7755                   0.0203                    0.0047
12 origins_2024plus 19         0.6590                               0.6603                       0.6603                  0.6324                      0.6313                   0.0203                    0.0038
{
 "blocks": {
  "food": {
   "max_abs_change_pp": 0.08317348861243862,
   "mean_abs_change_pp": 0.02279638790080105
  },
  "alc": {
   "max_abs_change_pp": 0.04936173901394736,
   "mean_abs_change_pp": 0.009742103759391654
  },
  "fuel": {
   "max_abs_change_pp": 1.8088905671342914e-05,
   "mean_abs_change_pp": 2.6489446069687446e-07
  },
  "h0": {
   "max_abs_change_pp": 0.04376961895943321,
   "mean_abs_change_pp": 0.012278787842718233
  }
 },
 "cnb": {
  "pairs": 34,
  "rmse_lane": 0.4099175545841043,
  "rmse_recorded": 0.40526570179672317,
  "rmse_cnb": 0.37178899761039697,
  "rmse_lane_4q": 0.5432927086557316,
  "rmse_recorded_4q": 0.5366410118546802,
  "rmse_cnb_4q": 0.426250199997777
 }
}
