  Reading input spec file from series.spc

1

               U. S. Department of Commerce, U. S. Census Bureau

              X-13ARIMA-SEATS monthly seasonal adjustment Method,
                          Release Version 1.1 Build 62


           This software application provides an enhanced version of
             Statistics Canada's X-11-ARIMA extension (Dagum, 1980)
                 of the X-11 variant of the Census Method II of
                      Shiskin, Young and Musgrave (1967).

            It also provides an ARIMA model-based method following
       Hillmer and Tiao (1982) and Burman (1980) that is very similar
       to the update of the method of SEATS (Gomez and Maravall, 1996)
                produced at the Bank of Spain by G. Caporello and
               A. Maravall for TSW (Caporello and Maravall, 2004).
          The present application includes additional enhancements.

         X-13ARIMA-SEATS includes an automatic ARIMA model selection procedure
          based largely on the procedure of Gomez and Maravall (1998)
            as implemented in TRAMO (1996) and subsequent revisions.

              Primary Programmers: Brian Monsell, Mark Otto and,
                 for the ARIMA model-based signal extraction,
                      Gianluca Caporello and Victor Gomez


     Series Title- R35 monthly CPI index
     Series Name- series
     Sep 22, 2026  22.39.35 

        -Period covered-  1st month,2015 to  7th month,2026
        -Type of run - multiplicative seasonal adjustment

        -Sigma limits for graduating extreme values are  1.5 and  2.5 .
        -3x3 moving average used in section 1 of each iteration, 
         3x5 moving average in section 2 of iterations B and C,
         moving average for final seasonal factors chosen by Global MSR.
        -Spectral plots generated for selected series
        -Spectral plots generated for series starting in 2018.Aug

 FILE SAVE REQUESTS (* indicates file exists and will be overwritten)
  series.d10  final seasonal factors
  series.d11  final seasonally adjusted data
  series.d12  final trend cycle
  series.d13  final irregular component
  series.out  program output file
  series.err  program error file
  series.udg  seasonal adjustment and model diagnostics file
        R35 monthly CPI index            PAGE   1, SERIES series

     Contents of spc file series.spc

 Line #
 ------
      1: series { title="R35 monthly CPI index" start=2015.1 period=12 data=(
      2: 99.900000000000006 99.400000000000006 99.900000000000006 100 100.5 99.900000000000006
      3: 100.09999999999999 99.400000000000006 99.200000000000003 100.40000000000001 100.5 100.7
      4: 100.40000000000001 100.8 100.59999999999999 100.40000000000001 100.7 100.90000000000001
      5: 100.5 100.2 99.599999999999994 100.2 100.7 100.5
      6: 100.7 100.8 101.59999999999999 101.3 101.40000000000001 101.09999999999999
      7: 101.2 100.8 100.59999999999999 101.2 101.7 102.5
      8: 102.5 102.90000000000001 103 103.5 103 103.3
      9: 103.2 102.59999999999999 102.40000000000001 103.3 104.3 104.40000000000001
     10: 103.90000000000001 104.09999999999999 104.40000000000001 104.09999999999999 104.2 104.5
     11: 104.5 103.8 104.2 106.09999999999999 106.40000000000001 107.7
     12: 107.90000000000001 107.59999999999999 107.8 106.40000000000001 107.2 107.3
     13: 107.2 105.90000000000001 105.2 107 107 108.09999999999999
     14: 106.59999999999999 106.7 106.7 106.90000000000001 108.40000000000001 108.90000000000001
     15: 109.59999999999999 109.3 110.40000000000001 112 112.09999999999999 113.5
     16: 114.8 115.8 117.5 118.90000000000001 119.90000000000001 121.3
     17: 121.59999999999999 121 121.40000000000001 125.8 127.2 128.30000000000001
     18: 129.59999999999999 130.09999999999999 131 131.40000000000001 132.30000000000001 133
     19: 133.09999999999999 131 130.19999999999999 132.09999999999999 132 135.69999999999999
     20: 135.5 135.69999999999999 135.19999999999999 135.19999999999999 135.80000000000001 134.80000000000001
     21: 136 133.30000000000001 132.80000000000001 136 136.5 139.09999999999999
     22: 140 139.59999999999999 139.69999999999999 140.30000000000001 141.5 141.19999999999999
     23: 140.69999999999999 139.09999999999999 139 141.19999999999999 142.90000000000001 143.40000000000001
     24: 143.69999999999999 143.09999999999999 144.5 145 145.30000000000001 145.19999999999999
     25: 144.40000000000001
     26: ) }
     27: transform { function=log }
     28: automdl { }
     29: outlier { types=(ao ls tc) }
     30: x11 { mode=mult save=(d10 d11 d12 d13) appendfcst=no appendbcst=no savelog=all }
     31: spectrum { logqs=yes robustsa=no print=all savelog=all }
     32: check { }
        R35 monthly CPI index            PAGE   2, SERIES series

 A 1  Time series data (for the span analyzed)
  From  2015.Jan to 2026.Jul
  Observations        139
 -----------------------------------------------------------------------------
               Jan      Feb      Mar      Apr      May      Jun 
               Jul      Aug      Sep      Oct      Nov      Dec        TOTAL  
 -----------------------------------------------------------------------------
  2015         100.      99.     100.     100.     101.     100.
               100.      99.      99.     100.     101.     101.         1200.
 
  2016         100.     101.     101.     100.     101.     101.
               101.     100.     100.     100.     101.     101.         1206.
 
  2017         101.     101.     102.     101.     101.     101.
               101.     101.     101.     101.     102.     103.         1215.
 
  2018         103.     103.     103.     104.     103.     103.
               103.     103.     102.     103.     104.     104.         1238.
 
  2019         104.     104.     104.     104.     104.     105.
               105.     104.     104.     106.     106.     108.         1258.
 
  2020         108.     108.     108.     106.     107.     107.
               107.     106.     105.     107.     107.     108.         1285.
 
  2021         107.     107.     107.     107.     108.     109.
               110.     109.     110.     112.     112.     114.         1311.
 
  2022         115.     116.     118.     119.     120.     121.
               122.     121.     121.     126.     127.     128.         1454.
 
  2023         130.     130.     131.     131.     132.     133.
               133.     131.     130.     132.     132.     136.         1582.
 
  2024         136.     136.     135.     135.     136.     135.
               136.     133.     133.     136.     137.     139.         1626.
 
  2025         140.     140.     140.     140.     142.     141.
               141.     139.     139.     141.     143.     143.         1689.
 
  2026         144.     143.     145.     145.     145.     145.
               144.                                                      1011.
 
  AVGE         115.     116.     116.     116.     117.     117.
               117.     113.     113.     115.     116.     117.

  Table Total-     16073.00   Mean-     115.63   Std. Dev.-      15.82
                              Min -      99.20        Max -     145.30
        R35 monthly CPI index            PAGE   3, SERIES series
                        Automatic ARIMA Model Selection

                    Procedure based closely on TRAMO method 
                         of Gomez and Maravall (2000)
              "Automatic Modeling Methods for Univariate Series",
                            A Course in Time Series
                  (Edited by D. Pena, G. C. Tiao, R. S. Tsay),
                         New York : J. Wiley and Sons


     Maximum order for regular ARMA parameters :   2
     Maximum order for seasonal ARMA parameters :   1
     Maximum order for regular differencing :   2
     Maximum order for seasonal differencing :   1

   Results of Unit Root Test for identifying orders of differencing:
     Regular difference order :   1
     Seasonal difference order :   0

     Mean is not significant.

  Automatic model choice : (1 1 1)(1 0 1)


  Final Checks for Identified Model


  Checking for Unit Roots.
   Seasonal unit root found.
   ( 1, 1, 1) ( 0, 1, 1)

  Checking for nonseasonal overdifferencing.
   Nonseasonal MA not within  0.001 of 1.0 - model passes test.

  Checking for insignificant ARMA coefficients.

  Final automatic model choice : (1 1 1)(0 1 1)
   End of automatic model selection procedure.

 Average absolute percentage error in within-sample forecasts:
  Last year:   0.31      Last-1 year:   0.52     Last-2 year:   3.06
  Last three years:    1.30

 Estimation converged in   16 ARMA iterations,   68 function evaluations.

 ARIMA Model:  (1 1 1)(0 1 1)
   Nonseasonal differences: 1
   Seasonal differences:    1
                                              Standard
 Parameter                    Estimate          Errors
 -----------------------------------------------------
 Nonseasonal AR                                    
   Lag  1                       0.9332         0.06630

 Nonseasonal MA                                    
   Lag  1                       0.8202         0.10141

 Seasonal MA                                       
   Lag 12                       0.7667         0.06637

 Variance                       0.35712E-04
 SE of Var                      0.44993E-05
 -----------------------------------------------------

 Likelihood Statistics
 ------------------------------------------------------------------
 Number of observations (nobs)                                  139
 Effective number of observations (nefobs)                      126
 Number of parameters estimated (np)                              4
 Log likelihood                                            461.2318
 Transformation Adjustment                                -599.1918
 Adjusted Log likelihood (L)                              -137.9600
 AIC                                                       283.9201 
 AICC (F-corrected-AIC)                                    284.2506 
 Hannan Quinn                                              288.5292 
 BIC                                                       295.2652 
 ------------------------------------------------------------------


 DIAGNOSTIC CHECKING
  Sample Autocorrelations of the Residuals with the Ljung-Box diagnostic.

  Lag      1     2     3     4     5     6     7     8     9    10    11    12
  ACF  -0.10  0.09 -0.04 -0.06  0.13 -0.06  0.20 -0.16  0.12  0.04  0.04 -0.05
  SE    0.09  0.09  0.09  0.09  0.09  0.09  0.09  0.10  0.10  0.10  0.10  0.10
  Q     1.27  2.37  2.59  2.99  5.26  5.69 11.27 14.83 16.91 17.18 17.44 17.74
  DF       0     0     0     1     2     3     4     5     6     7     8     9
  P    0.000 0.000 0.000 0.084 0.072 0.128 0.024 0.011 0.010 0.016 0.026 0.038

  Lag     13    14    15    16    17    18    19    20    21    22    23    24
  ACF   0.03 -0.06 -0.07 -0.00 -0.20  0.11 -0.20  0.05 -0.02 -0.07  0.12 -0.13
  SE    0.10  0.10  0.10  0.10  0.10  0.10  0.10  0.11  0.11  0.11  0.11  0.11
  Q    17.85 18.39 19.14 19.14 24.83 26.66 32.42 32.74 32.78 33.44 35.79 38.52
  DF      10    11    12    13    14    15    16    17    18    19    20    21
  P    0.057 0.073 0.085 0.119 0.036 0.032 0.009 0.012 0.018 0.021 0.016 0.011

  The P-values approximate the probability of observing a Q-value at least
  this large when the model fitted is correct.  When DF is positive, small
  values of P, customarily those below 0.05, indicate model inadequacy.

  Sample Autocorrelations of the Residuals
                 -1.0 -0.8 -0.6 -0.4 -0.2  0.0  0.2  0.4  0.6  0.8  1.0
                   +----+----+----+----+----+----+----+----+----+----+
            1                           . XX|   .                     -0.099
            2                           .   |XX .                      0.092
            3                          .   X|    .                    -0.041
            4                          .   X|    .                    -0.055
            5                          .    |XXX .                     0.130
            6                          .   X|    .                    -0.057
            7                          .    |XXXXX                     0.203
            8                          .XXXX|    .                    -0.161
            9                          .    |XXX .                     0.123
           10                          .    |X   .                     0.044
           11                          .    |X   .                     0.043
           12       - - - - - - - - -  .   X|    .  - - - - - - - -   -0.046
           13                          .    |X   .                     0.028
           14                          .  XX|    .                    -0.061
           15                          .  XX|    .                    -0.072
           16                          .    |    .                    -0.003
           17                          XXXXX|    .                    -0.196
           18                          .    |XXX .                     0.111
           19                          XXXXX|    .                    -0.196
           20                          .    |X   .                     0.046
           21                          .    |    .                    -0.016
           22                          .  XX|    .                    -0.065
           23                          .    |XXX .                     0.122
           24       - - - - - - - - -  . XXX|    .  - - - - - - - -   -0.131
  
  Sample Autocorrelations of the Squared Residuals with the Ljung-Box diagnostic.

  Lag      1     2     3     4     5     6     7     8     9    10    11    12
  ACF  -0.04 -0.06  0.05  0.15 -0.10  0.06  0.05  0.06  0.06  0.07  0.01  0.01
  SE    0.09  0.09  0.09  0.09  0.09  0.09  0.09  0.09  0.09  0.09  0.09  0.09
  Q     0.24  0.76  1.13  4.03  5.41  5.95  6.31  6.74  7.31  8.04  8.05  8.05
  DF       0     0     0     1     2     3     4     5     6     7     8     9
  P    0.000 0.000 0.000 0.045 0.067 0.114 0.177 0.241 0.293 0.329 0.429 0.529

  Lag     13    14    15    16    17    18    19    20    21    22    23    24
  ACF   0.04  0.24 -0.06 -0.06  0.16 -0.08 -0.05  0.03  0.19 -0.05  0.18  0.11
  SE    0.09  0.09  0.10  0.10  0.10  0.10  0.10  0.10  0.10  0.11  0.11  0.11
  Q     8.27 16.64 17.12 17.74 21.35 22.33 22.69 22.87 28.42 28.89 33.92 35.73
  DF      10    11    12    13    14    15    16    17    18    19    20    21
  P    0.603 0.119 0.145 0.168 0.093 0.099 0.122 0.154 0.056 0.068 0.027 0.023

  The P-values approximate the probability of observing a Q-value at least
  this large when the model fitted is correct in a way that supports the
  standard interpretations of the test statistics, standard errors, and
  prediction intervals output by X-13ARIMA-SEATS. When DF is positive, small
  values of P, customarily those below 0.05, suggest that model-based
  inferences about statistical significance and uncertainty will be less
  dependable than usual.

  Sample Autocorrelations of the Squared Residuals
                 -1.0 -0.8 -0.6 -0.4 -0.2  0.0  0.2  0.4  0.6  0.8  1.0
                   +----+----+----+----+----+----+----+----+----+----+
            1                           .  X|   .                     -0.044
            2                           . XX|   .                     -0.063
            3                           .   |X  .                      0.053
            4                           .   |XXXX                      0.148
            5                          . XXX|    .                    -0.102
            6                          .    |XX  .                     0.063
            7                          .    |X   .                     0.051
            8                          .    |X   .                     0.056
            9                          .    |XX  .                     0.065
           10                          .    |XX  .                     0.072
           11                          .    |    .                     0.007
           12       - - - - - - - - -  .    |    .  - - - - - - - -    0.006
           13                          .    |X   .                     0.039
           14                          .    |XXXXXX                    0.241
           15                          .   X|    .                    -0.058
           16                          .  XX|    .                    -0.065
           17                          .    |XXXX.                     0.156
           18                          .  XX|    .                    -0.081
           19                          .   X|    .                    -0.049
           20                          .    |X   .                     0.034
           21                          .    |XXXXX                     0.190
           22                          .   X|    .                    -0.055
           23                          .    |XXXX.                     0.179
           24       - - - - - - - - -  .    |XXX .  - - - - - - - -    0.107
  
 Histogram of the Standardized and Mean-Centered Residuals
  Standard
  Deviations    Frequency
       -3 +
          |
       -2 +###
          |#####
       -1 +##########
          |###########################
        0 +#############################
          |##################
        1 +###################
          |##########
        2 +##
          |#
        3 +

  Outlier [##

  One '#'= 1 observation[s]

 Tabular Histogram of the Standardized and Mean-Centered Residuals

  Standard
  Deviations    Frequency

 -3.00                 0

 -2.50                 0

 -2.00                 3

 -1.50                 5

 -1.00                10

 -0.50                27

  0.00                29

  0.50                18

  1.00                19

  1.50                10

  2.00                 2

  2.50                 1

  3.00                 0

  Residuals with |t|>3.25

  Obs       t-value
  -----------------
  2021.Sep     3.32
  2022.Nov     3.59

 Summary Statistics for the Unstandardized Residuals
  Minimum                    -0.014
  Maximum                     0.021
  Median                     -0.001
  Robust Std Dev              0.006

 Normality Statistics for regARIMA Model Residuals:

    Number of residuals  :    126

    Skewness coefficient :    0.4682    
    Geary's a            :    0.7794    
    Kurtosis             :    3.9649    

  No indication of lack of normality.

 Durbin-Watson Statistic for regARIMA Model Residuals:
  dw =     2.181999

 Friedman Non-Parametric Test for regARIMA Model Residuals:
  ken =     5.615385 ( Asymptotically distributed as Chi-Square(11), P-Value =     0.897756 )

 QS Statistic for regARIMA Model Residuals (full series):             0.00
                                                       (P-Value =     1.0000)

 QS Statistic for regARIMA Model Residuals (starting 2018.Aug):       0.00
                                                       (P-Value =     1.0000)
      10*LOG(SPECTRUM) of the regARIMA model residuals
      Spectrum estimated from 2018.Aug to 2026.Jul.
 ++++++++++I+++++++++++++++++++++++++++++++++++++++++++++++++++++++++++++I
     -33.59I                                                     *       I    -33.59
           I                                                     *       I
           I                                                     *       I
           I                                                     *       I
     -34.96I                                                     *       I    -34.96
           I                                                     *       I
           I                                                     *       I
           I                                                     *       I
     -36.33I                                                     *       I    -36.33
           I                                                     *       I
           I                                                     *       I
           I                                                     *       I
     -37.70I                                                     *       I    -37.70
           I                                                     *       I
           I                                                     *       I
           I                                                     *       I
     -39.08I                                                     *       I    -39.08
           I                                                     *       I
           I   *                                                 *       I
           I   *                                                 *       I
     -40.45I   *                                                 *       I    -40.45
           I   *                                           *     *       I
           I   *                  *   *         *          **    *       I
           I   *                  *   *         *          **    *       I
     -41.82I  **                  *   *         *   S      **    *       I    -41.82
           I  **       *         **   *         *   S     ***    *       I
           I  **       *         **   *        **   S     ***    *       I
           I  **       **    *   **   *        **   S     ***   T*       I
     -43.20I  **       **    *   **   *        **  *S     ***   T*       I    -43.20
           I  **       **    *   **   *        **  *S     ****  T*       I
           I  ***      **    *   **   *        **  *S     ****  T*       I
           I  ***      **   ***  **  **        **  *S     ****  T*       I
     -44.57I  ***     S***  ***  **  **        **  *S     ****  T*       I    -44.57
           I  ***     S***  ***  **  **        **  *S     ****  T**      I
           I  ***     S***  ***  *** **    *   **  *S     ****  T**      I
           I  ***     S******** S*** **    *   **  *S     ****S T**      I
     -45.94I ****     S*********S*** **    *   **  *S     ****S*T**      I    -45.94
           I ****     S*********S******    *   *** *S    *****S*T**      I
           I *****    S*********S*******   *   *****S    *****S*T**      I
           I******    S*********S*******  S*   *****S*   *****S*T**      I
     -47.31I******   *S*********S*******  S*   *****S*   *****S*T**   *  I    -47.31
           I******   *S*********S*******  S*   *****S*   *****S*T**   *  I
           I******   *S*********S*******  S** ******S*   *****S*T**   *  I
           I*******  *S*********S*******  S** ******S*   *****S*T**  **  I
     -48.69I******* **S*********S*******  S** ******S*   *****S*T*** *** I    -48.69
           I**********S*********S*******  S** ******S*   *****S*T*** *** I
           I**********S*********S*******  S*********S*   *****S*T*** ***SI
           I**********S*********S*********S*********S*   *****S*T*******SI
     -50.06I**********S*********S*********S*********S*  ******S*T*******SI    -50.06
           I**********S*********S*********S*********S*  ******S*T*******SI
           I**********S*********S*********S*********S*T ******S*T*******SI
           I**********S*********S*********S*********S*T ******S*T*******SI
     -51.43I**********S*********S*********S*********S*T*******S*T*******SI    -51.43
 ++++++++++I+++++++++++++++++++++++++++++++++++++++++++++++++++++++++++++I
            S=SEASONAL FREQUENCIES, T=TRADING DAY FREQUENCIES


 FORECASTING
  Origin  2026.Jul
  Number        12

  Forecasts and Standard Errors of the Transformed Data
   ------------------------------
                         Standard
       Date   Forecast      Error
   ------------------------------
   2026.Aug       4.96      0.006
   2026.Sep       4.96      0.009
   2026.Oct       4.97      0.012
   2026.Nov       4.98      0.014
   2026.Dec       4.99      0.016
   2027.Jan       4.99      0.019
   2027.Feb       4.99      0.021
   2027.Mar       4.99      0.023
   2027.Apr       5.00      0.025
   2027.May       5.00      0.027
   2027.Jun       5.00      0.030
   2027.Jul       5.00      0.032
   ------------------------------

  Confidence intervals with coverage probability ( 0.95000
  On the Original Scale
   ---------------------------------------
       Date      Lower  Forecast     Upper
   ---------------------------------------
   2026.Aug     140.96    142.63    144.31
   2026.Sep     139.82    142.29    144.81
   2026.Oct     141.51    144.75    148.06
   2026.Nov     141.48    145.40    149.43
   2026.Dec     142.34    146.96    151.73
   2027.Jan     141.93    147.19    152.65
   2027.Feb     141.19    147.07    153.20
   2027.Mar     141.08    147.60    154.42
   2027.Apr     140.70    147.84    155.33
   2027.May     140.78    148.54    156.73
   2027.Jun     140.15    148.50    157.35
   2027.Jul     139.48    148.40    157.89
   ---------------------------------------
        R35 monthly CPI index            PAGE   4, SERIES series

 B 1  Original series (prior adjusted)
  From  2015.Jan to 2026.Jul
  Observations        139
 -----------------------------------------------------------------------------
               Jan      Feb      Mar      Apr      May      Jun 
               Jul      Aug      Sep      Oct      Nov      Dec        TOTAL  
 -----------------------------------------------------------------------------
  2015         100.      99.     100.     100.     100.     100.
               100.      99.      99.     100.     100.     101.         1200.
 
  2016         100.     101.     101.     100.     101.     101.
               100.     100.     100.     100.     101.     100.         1205.
 
  2017         101.     101.     102.     101.     101.     101.
               101.     101.     101.     101.     102.     103.         1215.
 
  2018         103.     103.     103.     103.     103.     103.
               103.     103.     102.     103.     104.     104.         1238.
 
  2019         104.     104.     104.     104.     104.     104.
               104.     104.     104.     106.     106.     108.         1258.
 
  2020         108.     108.     108.     106.     107.     107.
               107.     106.     105.     107.     107.     108.         1285.
 
  2021         107.     107.     107.     107.     108.     109.
               110.     109.     110.     112.     112.     114.         1311.
 
  2022         115.     116.     117.     119.     120.     121.
               122.     121.     121.     126.     127.     128.         1454.
 
  2023         130.     130.     131.     131.     132.     133.
               133.     131.     130.     132.     132.     136.         1581.
 
  2024         136.     136.     135.     135.     136.     135.
               136.     133.     133.     136.     137.     139.         1626.
 
  2025         140.     140.     140.     140.     142.     141.
               141.     139.     139.     141.     143.     143.         1689.
 
  2026         144.     143.     145.     145.     145.     145.
               144.                                                      1011.
 
  AVGE         115.     116.     116.     116.     117.     117.
               117.     113.     113.     115.     116.     117.

  Table Total-     16073.00   Mean-     115.63   Std. Dev.-      15.82
                              Min -      99.20        Max -     145.30

 B 1.A  Forecasts of (prior adjusted) original series
  From  2026.Aug to 2027.Jul
  Observations         12
 -----------------------------------------------------------------------------
               Jan      Feb      Mar      Apr      May      Jun 
               Jul      Aug      Sep      Oct      Nov      Dec        TOTAL  
 -----------------------------------------------------------------------------
  2026                                                          
                        143.     142.     145.     145.     147.          722.
 
  2027         147.     147.     148.     148.     149.     149.
               148.                                                      1035.
 
        R35 monthly CPI index            PAGE   5, SERIES series

 C 17  Final weights for irregular component
  From  2015.Jan to 2026.Jul
  Observations        139
  Lower sigma limit    1.50
  Upper sigma limit    2.50
 -----------------------------------------------------------------------------
               Jan      Feb      Mar      Apr      May      Jun 
               Jul      Aug      Sep      Oct      Nov      Dec         S.D.  
 -----------------------------------------------------------------------------
  2015        100.0     36.0    100.0    100.0     41.7    100.0
              100.0    100.0    100.0     80.0    100.0    100.0           0.2
 
  2016        100.0    100.0    100.0    100.0    100.0     81.6
              100.0    100.0    100.0    100.0    100.0      0.0           0.2
 
  2017        100.0    100.0    100.0    100.0    100.0    100.0
              100.0    100.0    100.0    100.0    100.0    100.0           0.2
 
  2018        100.0    100.0    100.0      0.0    100.0    100.0
              100.0    100.0    100.0    100.0      0.0    100.0           0.2
 
  2019        100.0    100.0    100.0    100.0    100.0    100.0
              100.0    100.0    100.0    100.0    100.0    100.0           0.2
 
  2020        100.0    100.0    100.0      0.0    100.0    100.0
              100.0    100.0    100.0    100.0    100.0      0.0           0.2
 
  2021         66.8    100.0    100.0     91.1    100.0    100.0
              100.0    100.0      0.0    100.0    100.0    100.0           0.2
 
  2022        100.0    100.0    100.0    100.0    100.0    100.0
              100.0    100.0     83.9    100.0    100.0    100.0           0.2
 
  2023        100.0    100.0    100.0    100.0    100.0    100.0
              100.0    100.0    100.0     80.3      0.0      0.0           0.3
 
  2024        100.0     85.3    100.0    100.0    100.0     46.0
                0.0    100.0    100.0    100.0    100.0    100.0           0.2
 
  2025        100.0    100.0    100.0    100.0    100.0    100.0
              100.0    100.0    100.0    100.0      0.0    100.0           0.2
 
  2026        100.0    100.0    100.0    100.0    100.0    100.0
              100.0                                                        0.2
 
        R35 monthly CPI index            PAGE   6, SERIES series

 D 8  Final unmodified SI ratios
  From  2015.Jan to 2026.Jul
  Observations        139
 -----------------------------------------------------------------------------
               Jan      Feb      Mar      Apr      May      Jun 
               Jul      Aug      Sep      Oct      Nov      Dec         AVGE  
 -----------------------------------------------------------------------------
  2015        100.3     99.8    100.3    100.3    100.7    100.0
              100.1     99.3     99.0    100.0    100.1    100.2         100.0
 
  2016        100.0    100.5    100.3    100.1    100.3    100.4
               99.9     99.6     99.0     99.6    100.1     99.9         100.0
 
  2017        100.1    100.0    100.7    100.3    100.3     99.9
               99.9     99.4     99.1     99.6    100.0    100.5         100.0
 
  2018        100.3    100.5    100.4    100.7    100.1    100.2
               99.9     99.2     98.9     99.8    100.7    100.8         100.1
 
  2019        100.2    100.3    100.5    100.1    100.0    100.2
               99.9     98.9     98.9    100.2     99.9    100.7         100.0
 
  2020        100.6    100.2    100.4     99.2    100.0    100.2
              100.2     99.1     98.5    100.2    100.3    101.4         100.0
 
  2021        100.1    100.2    100.1     99.8    100.6    100.3
              100.1     99.1     99.4    100.3     99.8    100.3         100.0
 
  2022        100.4    100.1    100.4    100.5    100.4    100.7
              100.1     98.6     97.8    100.1    100.2    100.3         100.0
 
  2023        100.6    100.4    100.6    100.3    100.5    100.6
              100.3     98.6     97.9     99.2     98.9    101.4          99.9
 
  2024        100.9    100.9    100.5    100.5    100.9    100.0
              100.7     98.4     97.7     99.6     99.5    100.9         100.0
 
  2025        101.1    100.6    100.4    100.5    101.0    100.4
               99.8     98.4     98.1     99.4    100.5    100.7         100.1
 
  2026        100.8    100.1    100.8    100.8    100.7    100.5
               99.8                                                      100.5
 
  AVGE        100.5    100.3    100.4    100.3    100.5    100.3
              100.1     99.0     98.6     99.8    100.0    100.7

  Table Total-     13904.92   Mean-     100.04   Std. Dev.-       0.70
                              Min -      97.70        Max -     101.38
        R35 monthly CPI index            PAGE   7, SERIES series

 D 8.B  Final unmodified SI ratios, with labels for outliers and extreme values
  From  2015.Jan to 2026.Jul
  Observations        139
 ---------------------------------------------------------------------
               Jan       Feb       Mar       Apr       May       Jun  
               Jul       Aug       Sep       Oct       Nov       Dec  
 ---------------------------------------------------------------------
  2015       100.3      99.8*    100.3     100.3     100.7*    100.0  
             100.1      99.3      99.0     100.0*    100.1     100.2  
 
  2016       100.0     100.5     100.3     100.1     100.3     100.4* 
              99.9      99.6      99.0      99.6     100.1      99.9* 
 
  2017       100.1     100.0     100.7     100.3     100.3      99.9  
              99.9      99.4      99.1      99.6     100.0     100.5  
 
  2018       100.3     100.5     100.4     100.7*    100.1     100.2  
              99.9      99.2      98.9      99.8     100.7*    100.8  
 
  2019       100.2     100.3     100.5     100.1     100.0     100.2  
              99.9      98.9      98.9     100.2      99.9     100.7  
 
  2020       100.6     100.2     100.4      99.2*    100.0     100.2  
             100.2      99.1      98.5     100.2     100.3     101.4* 
 
  2021       100.1*    100.2     100.1      99.8*    100.6     100.3  
             100.1      99.1      99.4*    100.3      99.8     100.3  
 
  2022       100.4     100.1     100.4     100.5     100.4     100.7  
             100.1      98.6      97.8*    100.1     100.2     100.3  
 
  2023       100.6     100.4     100.6     100.3     100.5     100.6  
             100.3      98.6      97.9      99.2*     98.9*    101.4* 
 
  2024       100.9     100.9*    100.5     100.5     100.9     100.0* 
             100.7*     98.4      97.7      99.6      99.5     100.9  
 
  2025       101.1     100.6     100.4     100.5     101.0     100.4  
              99.8      98.4      98.1      99.4     100.5*    100.7  
 
  2026       100.8     100.1     100.8     100.8     100.7     100.5  
              99.8                                                    
 

  Key to symbols:
    *  : extreme value as determined by X-11 extreme value procedure
 
        R35 monthly CPI index            PAGE   8, SERIES series

 D 9  Final replacement values for SI ratios
  From  2015.Jan to 2026.Jul
  Observations        139
 ---------------------------------------------------------------
               Jan      Feb      Mar      Apr      May      Jun 
               Jul      Aug      Sep      Oct      Nov      Dec 
 ---------------------------------------------------------------
  2015     ********    100.1 ******** ********    100.4 ********
           ******** ******** ********    100.0 ******** ********
 
  2016     ******** ******** ******** ******** ********    100.3
           ******** ******** ******** ******** ********    100.4
 
  2017     ******** ******** ******** ******** ******** ********
           ******** ******** ******** ******** ******** ********
 
  2018     ******** ******** ********    100.2 ******** ********
           ******** ******** ******** ********    100.1 ********
 
  2019     ******** ******** ******** ******** ******** ********
           ******** ******** ******** ******** ******** ********
 
  2020     ******** ******** ********    100.1 ******** ********
           ******** ******** ******** ******** ********    100.6
 
  2021        100.2 ******** ********     99.9 ******** ********
           ******** ********     98.4 ******** ******** ********
 
  2022     ******** ******** ******** ******** ******** ********
           ******** ********     97.8 ******** ******** ********
 
  2023     ******** ******** ******** ******** ******** ********
           ******** ******** ********     99.3     99.8    100.6
 
  2024     ********    100.8 ******** ******** ********    100.3
              100.1 ******** ******** ******** ******** ********
 
  2025     ******** ******** ******** ******** ******** ********
           ******** ******** ******** ********     99.8 ********
 
  2026     ******** ******** ******** ******** ******** ********
           ********                                             
 

 D 9.A  Moving seasonality ratio
 ---------------------------------------------------------------
               Jan      Feb      Mar      Apr      May      Jun 
 ---------------------------------------------------------------
   I          0.211    0.277    0.208    0.193    0.190    0.200
   S          0.075    0.034    0.031    0.051    0.073    0.043
 RATIO        2.809    8.100    6.670    3.772    2.599    4.593



 ---------------------------------------------------------------
               Jul      Aug      Sep      Oct      Nov      Dec 
 ---------------------------------------------------------------
   I          0.124    0.185    0.202    0.250    0.283    0.189
   S          0.028    0.107    0.130    0.076    0.043    0.030
 RATIO        4.510    1.732    1.554    3.295    6.555    6.346



        R35 monthly CPI index            PAGE   9, SERIES series

 D 10  Final seasonal factors
  From  2015.Jan to 2026.Jul
  Observations        139
  Seasonal filter    3 x 5 moving average
 -----------------------------------------------------------------------------
               Jan      Feb      Mar      Apr      May      Jun 
               Jul      Aug      Sep      Oct      Nov      Dec         AVGE  
 -----------------------------------------------------------------------------
  2015       100.16   100.22   100.40   100.20   100.30   100.09
              99.97    99.40    99.01    99.73   100.06   100.44        100.00
 
  2016       100.17   100.25   100.42   100.20   100.27   100.10
              99.96    99.36    98.99    99.76   100.05   100.48        100.00
 
  2017       100.20   100.27   100.43   100.18   100.21   100.12
              99.95    99.29    98.95    99.81   100.06   100.54        100.00
 
  2018       100.23   100.27   100.43   100.15   100.19   100.14
              99.97    99.21    98.87    99.90   100.05   100.58        100.00
 
  2019       100.29   100.27   100.41   100.14   100.19   100.20
             100.00    99.11    98.71   100.00   100.05   100.58        100.00
 
  2020       100.34   100.25   100.38   100.15   100.25   100.29
             100.07    98.98    98.52   100.06   100.02   100.53         99.99
 
  2021       100.43   100.28   100.37   100.21   100.35   100.38
             100.12    98.85    98.29   100.02    99.99   100.51         99.98
 
  2022       100.53   100.33   100.37   100.27   100.51   100.44
             100.13    98.74    98.12    99.90    99.90   100.51         99.98
 
  2023       100.65   100.39   100.42   100.38   100.64   100.48
             100.09    98.61    97.98    99.75    99.84   100.56         99.98
 
  2024       100.74   100.43   100.48   100.47   100.74   100.49
             100.04    98.51    97.93    99.60    99.78   100.63         99.99
 
  2025       100.83   100.46   100.55   100.55   100.79   100.46
              99.98    98.44    97.91    99.51    99.75   100.71         99.99
 
  2026       100.87   100.47   100.57   100.58   100.83   100.44
              99.93                                                     100.53
 
  AVGE       100.45   100.32   100.44   100.29   100.44   100.30
             100.02    98.96    98.48    99.82    99.96   100.55

  Table Total-     13902.66   Mean-     100.02   Std. Dev.-       0.64
                              Min -      97.91        Max -     100.87

 D 10.A  Final seasonal component forecasts
  From  2026.Aug to 2027.Jul
  Observations         12
 -----------------------------------------------------------------------------
               Jan      Feb      Mar      Apr      May      Jun 
               Jul      Aug      Sep      Oct      Nov      Dec         AVGE  
 -----------------------------------------------------------------------------
  2026                                                          
                       98.42    97.91    99.48    99.72   100.75         99.26
 
  2027       100.89   100.45   100.58   100.60   100.85   100.43
              99.90                                                     100.53
 
        R35 monthly CPI index            PAGE  10, SERIES series

 D 11  Final seasonally adjusted data
  From  2015.Jan to 2026.Jul
  Observations        139
 -----------------------------------------------------------------------------
               Jan      Feb      Mar      Apr      May      Jun 
               Jul      Aug      Sep      Oct      Nov      Dec        TOTAL  
 -----------------------------------------------------------------------------
  2015         100.      99.      99.     100.     100.     100.
               100.     100.     100.     101.     100.     100.         1200.
 
  2016         100.     101.     100.     100.     100.     101.
               101.     101.     101.     100.     101.     100.         1206.
 
  2017         101.     101.     101.     101.     101.     101.
               101.     102.     102.     101.     102.     102.         1215.
 
  2018         102.     103.     103.     103.     103.     103.
               103.     103.     104.     103.     104.     104.         1238.
 
  2019         104.     104.     104.     104.     104.     104.
               104.     105.     106.     106.     106.     107.         1258.
 
  2020         108.     107.     107.     106.     107.     107.
               107.     107.     107.     107.     107.     108.         1285.
 
  2021         106.     106.     106.     107.     108.     108.
               109.     111.     112.     112.     112.     113.         1311.
 
  2022         114.     115.     117.     119.     119.     121.
               121.     123.     124.     126.     127.     128.         1454.
 
  2023         129.     130.     130.     131.     131.     132.
               133.     133.     133.     132.     132.     135.         1582.
 
  2024         134.     135.     135.     135.     135.     134.
               136.     135.     136.     137.     137.     138.         1626.
 
  2025         139.     139.     139.     140.     140.     141.
               141.     141.     142.     142.     143.     142.         1689.
 
  2026         142.     142.     144.     144.     144.     145.
               144.                                                      1006.
 
  AVGE         115.     115.     115.     116.     116.     116.
               117.     115.     115.     115.     116.     116.

  Table Total-     16069.37   Mean-     115.61   Std. Dev.-      15.76
                              Min -      99.18        Max -     144.57
        R35 monthly CPI index            PAGE  11, SERIES series

 D 12  Final trend cycle
  From  2015.Jan to 2026.Jul
  Observations        139
  Trend filter     9-term Henderson moving average
  I/C ratio        0.66
 -----------------------------------------------------------------------------
               Jan      Feb      Mar      Apr      May      Jun 
               Jul      Aug      Sep      Oct      Nov      Dec        TOTAL  
 -----------------------------------------------------------------------------
  2015         100.     100.     100.     100.     100.     100.
               100.     100.     100.     100.     100.     100.         1200.
 
  2016         100.     100.     100.     100.     100.     101.
               101.     101.     101.     101.     101.     100.         1206.
 
  2017         101.     101.     101.     101.     101.     101.
               101.     101.     102.     102.     102.     102.         1215.
 
  2018         102.     102.     103.     103.     103.     103.
               103.     103.     103.     104.     104.     104.         1237.
 
  2019         104.     104.     104.     104.     104.     104.
               105.     105.     105.     106.     107.     107.         1258.
 
  2020         107.     107.     107.     107.     107.     107.
               107.     107.     107.     107.     107.     107.         1285.
 
  2021         106.     106.     106.     107.     108.     109.
               110.     110.     111.     112.     112.     113.         1311.
 
  2022         114.     116.     117.     118.     120.     121.
               122.     123.     124.     126.     127.     128.         1454.
 
  2023         129.     130.     130.     131.     132.     132.
               133.     133.     133.     133.     133.     134.         1582.
 
  2024         134.     135.     135.     135.     135.     135.
               135.     135.     136.     136.     137.     138.         1626.
 
  2025         139.     139.     139.     140.     140.     141.
               141.     141.     142.     142.     142.     142.         1688.
 
  2026         143.     143.     143.     144.     144.     144.
               145.                                                      1006.
 
  AVGE         115.     115.     115.     116.     116.     116.
               117.     115.     115.     115.     116.     116.

  Table Total-     16066.68   Mean-     115.59   Std. Dev.-      15.75
                              Min -      99.52        Max -     144.65
        R35 monthly CPI index            PAGE  12, SERIES series

 D 13  Final irregular component
  From  2015.Jan to 2026.Jul
  Observations        139
 -----------------------------------------------------------------------------
               Jan      Feb      Mar      Apr      May      Jun 
               Jul      Aug      Sep      Oct      Nov      Dec         S.D.  
 -----------------------------------------------------------------------------
  2015        100.2     99.6     99.9    100.1    100.3     99.9
              100.1     99.9     99.9    100.3    100.0     99.9           0.2
 
  2016         99.9    100.3     99.9     99.9    100.0    100.2
               99.9    100.2    100.0     99.9    100.1     99.5           0.2
 
  2017         99.9     99.8    100.2    100.0    100.1     99.8
              100.0    100.1    100.2     99.8     99.9    100.0           0.1
 
  2018        100.0    100.1     99.9    100.5     99.9    100.1
              100.0    100.0    100.1     99.9    100.6    100.1           0.3
 
  2019         99.9    100.0    100.1    100.0     99.9    100.1
              100.0     99.8    100.1    100.1     99.8    100.1           0.1
 
  2020        100.2     99.9    100.0     99.1     99.9    100.0
              100.1    100.0     99.8    100.0    100.1    100.8           0.4
 
  2021         99.7    100.1     99.9     99.8    100.3     99.9
               99.9    100.1    101.1    100.2     99.8     99.9           0.4
 
  2022        100.0     99.9    100.1    100.2     99.8    100.2
               99.9     99.9     99.7    100.2    100.3     99.7           0.2
 
  2023        100.0    100.0    100.1     99.9     99.8    100.1
              100.2    100.0    100.0     99.6     99.2    100.8           0.4
 
  2024        100.0    100.3     99.9     99.9    100.1     99.6
              100.7    100.0     99.9    100.1     99.7    100.2           0.3
 
  2025        100.2    100.0     99.8     99.9    100.2    100.0
               99.8    100.0    100.2     99.9    100.7    100.1           0.2
 
  2026        100.0     99.7    100.2    100.2     99.9    100.1
               99.9                                                        0.2
 
  S.D.          0.1      0.2      0.1      0.3      0.2      0.2
                0.2      0.1      0.4      0.2      0.4      0.4

  Table Total-     13902.24   Mean-     100.02   Std. Dev.-       0.26
                              Min -      99.11        Max -     101.06
        R35 monthly CPI index            PAGE  13, SERIES series

 D 16  Combined adjustment factors
  From  2015.Jan to 2026.Jul
  Observations        139
 -----------------------------------------------------------------------------
               Jan      Feb      Mar      Apr      May      Jun 
               Jul      Aug      Sep      Oct      Nov      Dec         AVGE  
 -----------------------------------------------------------------------------
  2015       100.16   100.22   100.40   100.20   100.30   100.09
              99.97    99.40    99.01    99.73   100.06   100.44        100.00
 
  2016       100.17   100.25   100.42   100.20   100.27   100.10
              99.96    99.36    98.99    99.76   100.05   100.48        100.00
 
  2017       100.20   100.27   100.43   100.18   100.21   100.12
              99.95    99.29    98.95    99.81   100.06   100.54        100.00
 
  2018       100.23   100.27   100.43   100.15   100.19   100.14
              99.97    99.21    98.87    99.90   100.05   100.58        100.00
 
  2019       100.29   100.27   100.41   100.14   100.19   100.20
             100.00    99.11    98.71   100.00   100.05   100.58        100.00
 
  2020       100.34   100.25   100.38   100.15   100.25   100.29
             100.07    98.98    98.52   100.06   100.02   100.53         99.99
 
  2021       100.43   100.28   100.37   100.21   100.35   100.38
             100.12    98.85    98.29   100.02    99.99   100.51         99.98
 
  2022       100.53   100.33   100.37   100.27   100.51   100.44
             100.13    98.74    98.12    99.90    99.90   100.51         99.98
 
  2023       100.65   100.39   100.42   100.38   100.64   100.48
             100.09    98.61    97.98    99.75    99.84   100.56         99.98
 
  2024       100.74   100.43   100.48   100.47   100.74   100.49
             100.04    98.51    97.93    99.60    99.78   100.63         99.99
 
  2025       100.83   100.46   100.55   100.55   100.79   100.46
              99.98    98.44    97.91    99.51    99.75   100.71         99.99
 
  2026       100.87   100.47   100.57   100.58   100.83   100.44
              99.93                                                     100.53
 
  AVGE       100.45   100.32   100.44   100.29   100.44   100.30
             100.02    98.96    98.48    99.82    99.96   100.55

  Table Total-     13902.66   Mean-     100.02   Std. Dev.-       0.64
                              Min -      97.91        Max -     100.87

 D 16.A  Combined adjustment component forecasts
  From  2026.Aug to 2027.Jul
  Observations         12
 -----------------------------------------------------------------------------
               Jan      Feb      Mar      Apr      May      Jun 
               Jul      Aug      Sep      Oct      Nov      Dec         AVGE  
 -----------------------------------------------------------------------------
  2026                                                          
                       98.42    97.91    99.48    99.72   100.75         99.26
 
  2027       100.89   100.45   100.58   100.60   100.85   100.43
              99.90                                                     100.53
 
        R35 monthly CPI index            PAGE  14, SERIES series

 E 4  Ratios of annual totals
  From          2015 to 2025
  Observations         11
 -----------------------------------
  Year       Unmodified     Modified
                  (D11)         (E2)
 -----------------------------------
  2015           100.00       100.00
 
  2016           100.00       100.00
 
  2017           100.00       100.00
 
  2018           100.00       100.00
 
  2019           100.00       100.00
 
  2020            99.99        99.99
 
  2021            99.98        99.98
 
  2022            99.97        99.97
 
  2023            99.98        99.98
 
  2024            99.99        99.99
 
  2025            99.99        99.99
 
        R35 monthly CPI index            PAGE  15, SERIES series

 E 5  Month-to-month percent change in the original series
  From  2015.Feb to 2026.Jul
  Observations        138
 -----------------------------------------------------------------------------
               Jan      Feb      Mar      Apr      May      Jun 
               Jul      Aug      Sep      Oct      Nov      Dec         AVGE  
 -----------------------------------------------------------------------------
  2015                  -0.5      0.5      0.1      0.5     -0.6
                0.2     -0.7     -0.2      1.2      0.1      0.2           0.1
 
  2016         -0.3      0.4     -0.2     -0.2      0.3      0.2
               -0.4     -0.3     -0.6      0.6      0.5     -0.2          -0.0
 
  2017          0.2      0.1      0.8     -0.3      0.1     -0.3
                0.1     -0.4     -0.2      0.6      0.5      0.8           0.2
 
  2018          0.0      0.4      0.1      0.5     -0.5      0.3
               -0.1     -0.6     -0.2      0.9      1.0      0.1           0.2
 
  2019         -0.5      0.2      0.3     -0.3      0.1      0.3
                0.0     -0.7      0.4      1.8      0.3      1.2           0.3
 
  2020          0.2     -0.3      0.2     -1.3      0.8      0.1
               -0.1     -1.2     -0.7      1.7      0.0      1.0           0.0
 
  2021         -1.4      0.1      0.0      0.2      1.4      0.5
                0.6     -0.3      1.0      1.4      0.1      1.2           0.4
 
  2022          1.1      0.9      1.5      1.2      0.8      1.2
                0.2     -0.5      0.3      3.6      1.1      0.9           1.0
 
  2023          1.0      0.4      0.7      0.3      0.7      0.5
                0.1     -1.6     -0.6      1.5     -0.1      2.8           0.5
 
  2024         -0.1      0.1     -0.4      0.0      0.4     -0.7
                0.9     -2.0     -0.4      2.4      0.4      1.9           0.2
 
  2025          0.6     -0.3      0.1      0.4      0.9     -0.2
               -0.4     -1.1     -0.1      1.6      1.2      0.3           0.3
 
  2026          0.2     -0.4      1.0      0.3      0.2     -0.1
               -0.6                                                        0.1
 
  AVGE          0.1      0.1      0.4      0.1      0.5      0.1
                0.1     -0.8     -0.1      1.6      0.5      0.9

  Table Total-        37.32   Mean-       0.27   Std. Dev.-       0.84
                              Min -      -1.99        Max -       3.62
        R35 monthly CPI index            PAGE  16, SERIES series

 E 6  Month-to-month percent change in seasonally adjusted series (D11)
  From  2015.Feb to 2026.Jul
  Observations        138
 -----------------------------------------------------------------------------
               Jan      Feb      Mar      Apr      May      Jun 
               Jul      Aug      Sep      Oct      Nov      Dec         AVGE  
 -----------------------------------------------------------------------------
  2015                  -0.6      0.3      0.3      0.4     -0.4
                0.3     -0.1      0.2      0.5     -0.2     -0.2           0.0
 
  2016         -0.0      0.3     -0.4      0.0      0.2      0.4
               -0.3      0.3     -0.2     -0.2      0.2     -0.6          -0.0
 
  2017          0.5      0.0      0.6     -0.0      0.1     -0.2
                0.3      0.3      0.2     -0.3      0.2      0.3           0.2
 
  2018          0.3      0.4     -0.1      0.8     -0.5      0.3
                0.1      0.2      0.2     -0.2      0.8     -0.4           0.2
 
  2019         -0.2      0.2      0.1     -0.0      0.1      0.3
                0.2      0.2      0.8      0.5      0.2      0.7           0.3
 
  2020          0.4     -0.2      0.1     -1.1      0.7      0.1
                0.1     -0.1     -0.2      0.2      0.0      0.5           0.0
 
  2021         -1.3      0.2     -0.1      0.4      1.3      0.4
                0.9      1.0      1.6     -0.3      0.1      0.7           0.4
 
  2022          1.1      1.1      1.4      1.3      0.6      1.2
                0.6      0.9      1.0      1.8      1.1      0.3           1.0
 
  2023          0.9      0.6      0.7      0.3      0.4      0.7
                0.5     -0.1      0.0     -0.3     -0.2      2.1           0.5
 
  2024         -0.3      0.5     -0.4      0.0      0.2     -0.5
                1.3     -0.5      0.2      0.7      0.2      1.0           0.2
 
  2025          0.5      0.1     -0.0      0.4      0.6      0.1
                0.1      0.4      0.5     -0.1      1.0     -0.6           0.2
 
  2026          0.0     -0.0      0.9      0.3     -0.0      0.3
               -0.0                                                        0.2
 
  AVGE          0.2      0.2      0.3      0.2      0.3      0.2
                0.3      0.2      0.4      0.2      0.3      0.3

  Table Total-        37.30   Mean-       0.27   Std. Dev.-       0.59
                              Min -      -1.28        Max -       2.07
        R35 monthly CPI index            PAGE  17, SERIES series

 E 7  Month-to-month percent change in final trend cycle (D12)
  From  2015.Feb to 2026.Jul
  Observations        138
 -----------------------------------------------------------------------------
               Jan      Feb      Mar      Apr      May      Jun 
               Jul      Aug      Sep      Oct      Nov      Dec         AVGE  
 -----------------------------------------------------------------------------
  2015                   0.0      0.1      0.1      0.1      0.1
                0.1      0.1      0.2      0.1      0.0     -0.0           0.1
 
  2016         -0.1     -0.0      0.0      0.0      0.1      0.1
                0.1      0.0     -0.1     -0.1     -0.1     -0.0           0.0
 
  2017          0.1      0.2      0.2      0.1      0.1      0.0
                0.1      0.1      0.1      0.1      0.1      0.2           0.1
 
  2018          0.3      0.2      0.2      0.1      0.1      0.2
                0.2      0.1      0.1      0.1      0.1      0.1           0.1
 
  2019          0.1      0.1      0.1      0.1      0.1      0.1
                0.3      0.4      0.5      0.5      0.5      0.4           0.3
 
  2020          0.3      0.1     -0.1     -0.2     -0.1     -0.1
               -0.0     -0.0     -0.0     -0.0     -0.1     -0.2          -0.0
 
  2021         -0.2     -0.1      0.2      0.5      0.7      0.8
                0.9      0.8      0.7      0.5      0.5      0.7           0.5
 
  2022          1.0      1.2      1.3      1.2      1.0      0.8
                0.8      1.0      1.2      1.2      1.0      0.8           1.0
 
  2023          0.7      0.6      0.6      0.5      0.5      0.5
                0.3      0.1     -0.0      0.1      0.3      0.4           0.4
 
  2024          0.4      0.2      0.0     -0.1     -0.0      0.1
                0.2      0.2      0.3      0.5      0.6      0.6           0.2
 
  2025          0.4      0.3      0.2      0.3      0.3      0.3
                0.3      0.3      0.3      0.2      0.1      0.1           0.3
 
  2026          0.1      0.3      0.4      0.4      0.2      0.1
                0.1                                                        0.2
 
  AVGE          0.3      0.2      0.2      0.3      0.3      0.3
                0.3      0.3      0.3      0.3      0.3      0.3

  Table Total-        37.52   Mean-       0.27   Std. Dev.-       0.42
                              Min -      -0.22        Max -       1.26
        R35 monthly CPI index            PAGE  18, SERIES series

 E 8  Month-to-month percent change in original series adjusted for calendar factors (A18)
  From  2015.Feb to 2026.Jul
  Observations        138
 -----------------------------------------------------------------------------
               Jan      Feb      Mar      Apr      May      Jun 
               Jul      Aug      Sep      Oct      Nov      Dec         AVGE  
 -----------------------------------------------------------------------------
  2015                  -0.5      0.5      0.1      0.5     -0.6
                0.2     -0.7     -0.2      1.2      0.1      0.2           0.1
 
  2016         -0.3      0.4     -0.2     -0.2      0.3      0.2
               -0.4     -0.3     -0.6      0.6      0.5     -0.2          -0.0
 
  2017          0.2      0.1      0.8     -0.3      0.1     -0.3
                0.1     -0.4     -0.2      0.6      0.5      0.8           0.2
 
  2018          0.0      0.4      0.1      0.5     -0.5      0.3
               -0.1     -0.6     -0.2      0.9      1.0      0.1           0.2
 
  2019         -0.5      0.2      0.3     -0.3      0.1      0.3
                0.0     -0.7      0.4      1.8      0.3      1.2           0.3
 
  2020          0.2     -0.3      0.2     -1.3      0.8      0.1
               -0.1     -1.2     -0.7      1.7      0.0      1.0           0.0
 
  2021         -1.4      0.1      0.0      0.2      1.4      0.5
                0.6     -0.3      1.0      1.4      0.1      1.2           0.4
 
  2022          1.1      0.9      1.5      1.2      0.8      1.2
                0.2     -0.5      0.3      3.6      1.1      0.9           1.0
 
  2023          1.0      0.4      0.7      0.3      0.7      0.5
                0.1     -1.6     -0.6      1.5     -0.1      2.8           0.5
 
  2024         -0.1      0.1     -0.4      0.0      0.4     -0.7
                0.9     -2.0     -0.4      2.4      0.4      1.9           0.2
 
  2025          0.6     -0.3      0.1      0.4      0.9     -0.2
               -0.4     -1.1     -0.1      1.6      1.2      0.3           0.3
 
  2026          0.2     -0.4      1.0      0.3      0.2     -0.1
               -0.6                                                        0.1
 
  AVGE          0.1      0.1      0.4      0.1      0.5      0.1
                0.1     -0.8     -0.1      1.6      0.5      0.9

  Table Total-        37.32   Mean-       0.27   Std. Dev.-       0.84
                              Min -      -1.99        Max -       3.62
        R35 monthly CPI index            PAGE  19, SERIES series

 E 18  Final adjustment ratios
  From  2015.Jan to 2026.Jul
  Observations        139
 -----------------------------------------------------------------------------
               Jan      Feb      Mar      Apr      May      Jun 
               Jul      Aug      Sep      Oct      Nov      Dec         AVGE  
 -----------------------------------------------------------------------------
  2015        100.2    100.2    100.4    100.2    100.3    100.1
              100.0     99.4     99.0     99.7    100.1    100.4         100.0
 
  2016        100.2    100.2    100.4    100.2    100.3    100.1
              100.0     99.4     99.0     99.8    100.0    100.5         100.0
 
  2017        100.2    100.3    100.4    100.2    100.2    100.1
              100.0     99.3     98.9     99.8    100.1    100.5         100.0
 
  2018        100.2    100.3    100.4    100.1    100.2    100.1
              100.0     99.2     98.9     99.9    100.0    100.6         100.0
 
  2019        100.3    100.3    100.4    100.1    100.2    100.2
              100.0     99.1     98.7    100.0    100.1    100.6         100.0
 
  2020        100.3    100.3    100.4    100.2    100.3    100.3
              100.1     99.0     98.5    100.1    100.0    100.5         100.0
 
  2021        100.4    100.3    100.4    100.2    100.4    100.4
              100.1     98.9     98.3    100.0    100.0    100.5         100.0
 
  2022        100.5    100.3    100.4    100.3    100.5    100.4
              100.1     98.7     98.1     99.9     99.9    100.5         100.0
 
  2023        100.6    100.4    100.4    100.4    100.6    100.5
              100.1     98.6     98.0     99.8     99.8    100.6         100.0
 
  2024        100.7    100.4    100.5    100.5    100.7    100.5
              100.0     98.5     97.9     99.6     99.8    100.6         100.0
 
  2025        100.8    100.5    100.5    100.6    100.8    100.5
              100.0     98.4     97.9     99.5     99.8    100.7         100.0
 
  2026        100.9    100.5    100.6    100.6    100.8    100.4
               99.9                                                      100.5
 
  AVGE        100.5    100.3    100.4    100.3    100.4    100.3
              100.0     99.0     98.5     99.8    100.0    100.6

  Table Total-     13902.66   Mean-     100.02   Std. Dev.-       0.64
                              Min -      97.91        Max -     100.87

 E 18.A  Final adjustment ratio forecasts
  From  2026.Aug to 2027.Jul
  Observations         12
 -----------------------------------------------------------------------------
               Jan      Feb      Mar      Apr      May      Jun 
               Jul      Aug      Sep      Oct      Nov      Dec         AVGE  
 -----------------------------------------------------------------------------
  2026                                                          
                        98.4     97.9     99.5     99.7    100.8          99.3
 
  2027        100.9    100.5    100.6    100.6    100.8    100.4
               99.9                                                      100.5
 

  QS statistic for seasonality:
  log(Original Series)                               56.22  (P-Value =     0.0000)
  log(Original Series (EV adj))                      56.22  (P-Value =     0.0000)
  Residuals                                           0.00  (P-Value =     1.0000)
  log(Seasonally Adjusted Series)                     0.00  (P-Value =     1.0000)
  log(SA Series (EV adj))                             0.00  (P-Value =     1.0000)
  Irregular Series                                    0.00  (P-Value =     1.0000)
  Irregular Series (EV adj)                           0.00  (P-Value =     1.0000)

  QS statistic for seasonality (starting 2018.Aug):
  log(Original Series)                               47.31  (P-Value =     0.0000)
  log(Original Series (EV adj))                      47.31  (P-Value =     0.0000)
  Residuals                                           0.00  (P-Value =     1.0000)
  log(Seasonally Adjusted Series)                     0.00  (P-Value =     1.0000)
  log(SA Series (EV adj))                             0.00  (P-Value =     1.0000)
  Irregular Series                                    0.00  (P-Value =     1.0000)
  Irregular Series (EV adj)                           0.00  (P-Value =     1.0000)
        R35 monthly CPI index            PAGE  20, SERIES series
 G 0  10*LOG(SPECTRUM) of the differenced, transformed Original Series
      (Table A1 or B1).  Spectrum estimated from 2018.Aug to 2026.Jul.
 ++++++++++I+++++++++++++++++++++++++++++++++++++++++++++++++++++++++++++I
     -32.15I                    S                                        I    -32.15
           I                    S                                        I
           I                    S                                        I
           I                    S                                        I
     -33.68I          S         S                                        I    -33.68
           I          S         S                             S          I
           I          S         S                             S          I
           I          S         S                             S          I
     -35.20I          S         S                             S          I    -35.20
           I          S         S                   S         S          I
           I          S         S                   S         S          I
           I  *       S         S*        S         S         S          I
     -36.72I  *       S         S*        S         S         S          I    -36.72
           I  *       S         S*        S         S         S          I
           I  *       S         S*        S         S         S          I
           I  *       S         S*        S         S        *S*         I
     -38.24I  *       S         S*        S         S        *S*         I    -38.24
           I  *       S        *S*        S         S        *S*         I
           I  **      S        *S*        S         S        *S* *       I
           I  **      S        *S*        S         S        *S* *       I
     -39.76I  **      S        *S*        S         S        *S*T*       I    -39.76
           I  **      S        *S*        S         S        *S*T*       I
           I  **      S        *S*        S         S        *S*T*       I
           I  **      S*       *S*        S         S        *S*T*       I
     -41.28I  **     *S*       *S*        S         S        *S*T*       I    -41.28
           I ***     *S*       *S*        S        *S       **S*T*       I
           I ***     *S*       *S**       S        *S       **S*T*       I
           I ***     *S*       *S**       S        *S*      **S*T*       I
     -42.81I ***     *S*       *S**       S        *S*     ***S*T*       I    -42.81
           I ***     *S*      **S**  *    S*       *S*     ***S*T*       I
           I****     *S*      **S**  *    S*    *  *S*     ***S*T*      SI
           I****     *S*      **S**  *    S*   **  *S*     ***S*T*      SI
     -44.33I*****    *S*      **S**  *    S*   **  *S*     ***S*T**     SI    -44.33
           I*****    *S**     **S******   S*   **  *S*    ****S*T**     SI
           I*****    *S**     **S******  *S*   **  *S*    ****S*T**     SI
           I*****    *S***    **S******  *S*   *****S*    ****S*T**     SI
     -45.85I*****   **S****  ***S******  *S*   *****S*    ****S*T**     SI    -45.85
           I*****   **S****  ***S******  *S*   *****S*    ****S*T**     SI
           I******  **S***** ***S******  *S*   *****S*    ****S*T**     SI
           I******  **S*********S******  *S*   *****S*    ****S*T**     SI
     -47.37I**********S*********S******* *S*  ******S*T  *****S*T**    *SI    -47.37
           I**********S*********S*********S*  ******S*T  *****S*T**    *SI
           I**********S*********S*********S** ******S*T  *****S*T**    *SI
           I**********S*********S*********S** ******S*T  *****S*T**    *SI
     -48.89I**********S*********S*********S** ******S*T  *****S*T**    *SI    -48.89
           I**********S*********S*********S*********S*T*******S*T***   *SI
           I**********S*********S*********S*********S*T*******S*T***   *SI
           I**********S*********S*********S*********S*T*******S*T***   *SI
     -50.41I**********S*********S*********S*********S*T*******S*T***   *SI    -50.41
           I**********S*********S*********S*********S*T*******S*T***  **SI
           I**********S*********S*********S*********S*T*******S*T***  **SI
           I**********S*********S*********S*********S*T*******S*T**** **SI
     -51.94I**********S*********S*********S*********S*T*******S*T*******SI    -51.94
 ++++++++++I+++++++++++++++++++++++++++++++++++++++++++++++++++++++++++++I
            S=SEASONAL FREQUENCIES, T=TRADING DAY FREQUENCIES
        R35 monthly CPI index            PAGE  21, SERIES series
 G 1  10*LOG(SPECTRUM) of the differenced, transformed seasonally adjusted 
      data (Table D11).  Spectrum estimated from 2018.Aug to 2026.Jul.
 ++++++++++I+++++++++++++++++++++++++++++++++++++++++++++++++++++++++++++I
     -34.88I                                                     *       I    -34.88
           I                                                     *       I
           I  *                                                  *       I
           I  *                                                  *       I
     -36.39I  *                                                  *       I    -36.39
           I  *                                                  *       I
           I  *                                                  *       I
           I  *                                                  *       I
     -37.90I  *                                                  *       I    -37.90
           I  *                                                  *       I
           I  *                                                  *       I
           I  *                                                  *       I
     -39.41I  *                                                  *       I    -39.41
           I  **                                                 *       I
           I  **                                                 *       I
           I  **                      *                          *       I
     -40.91I  **                      *                          *       I    -40.91
           I ***                      *                          *       I
           I ***                      *                          *       I
           I ***                      *                          *       I
     -42.42I ***             *        *                    *     *       I    -42.42
           I ****            *        *                    **    *       I
           I ****            *    *   *         *          **    *       I
           I*****            *    *   *        **         ***    *       I
     -43.93I*****            *    *   *        **         ***    *       I    -43.93
           I******           *    *   *        **         ***   T*       I
           I******      **   *    *   *        **         ***   T*       I
           I******      **   *    **  *        **         ***   T*       I
     -45.44I******      **  **    **  *        **         ****  T*       I    -45.44
           I******      **  **    **  *        **  *      ****  T*       I
           I******      **  **    **  *        **  *      ****  T*       I
           I******      **  **    **  *        **  *      ****  T**      I
     -46.95I******     **** **    **  *        **  *S     ****  T**      I    -46.95
           I*******    **** **    ** **        **  *S    *****  T**      I
           I*******    **** **    ** **        **  *S    *****S*T**      I
           I*******    *******    ** **        *** *S    *****S*T**      I
     -48.46I*******    *******    ** **        *****S    *****S*T**      I    -48.46
           I*******    ********   ** ***       *****S    *****S*T**      I
           I*******    ********   ******       *****S    *****S*T**   *  I
           I*******   S********   ******      ******S    *****S*T**   *  I
     -49.97I*******   S********   ******      ******S    *****S*T**  **  I    -49.97
           I********  S********   ******      ******S*   *****S*T*** *** I
           I********  S********  *******    * ******S*   *****S*T*** *** I
           I********  S********  *******   *********S*  ******S*T*******SI
     -51.48I******** *S********  *******   *********S*  ******S*T*******SI    -51.48
           I**********S********  *******   *********S*  ******S*T*******SI
           I**********S********  *******   *********S*  ******S*T*******SI
           I**********S********* *******   *********S*  ******S*T*******SI
     -52.99I**********S********* *******   *********S*T ******S*T*******SI    -52.99
           I**********S*********S*******  S*********S*T*******S*T*******SI
           I**********S*********S******** S*********S*T*******S*T*******SI
           I**********S*********S******** S*********S*T*******S*T*******SI
     -54.50I**********S*********S*********S*********S*T*******S*T*******SI    -54.50
 ++++++++++I+++++++++++++++++++++++++++++++++++++++++++++++++++++++++++++I
            S=SEASONAL FREQUENCIES, T=TRADING DAY FREQUENCIES
        R35 monthly CPI index            PAGE  22, SERIES series
 G 2  10*LOG(SPECTRUM) of the Irregular (Table D13).  
      Spectrum estimated from 2018.Aug to 2026.Jul.
 ++++++++++I+++++++++++++++++++++++++++++++++++++++++++++++++++++++++++++I
     -40.75I                                                     *       I    -40.75
           I                                                     *       I
           I                                                     *       I
           I                                                     *       I
     -42.65I                                                     *       I    -42.65
           I                                                     *       I
           I                          *                          *       I
           I                          *                          *       I
     -44.56I                          *                          *       I    -44.56
           I                          *                          *       I
           I                 *        *                          *       I
           I                 *        *                          *       I
     -46.46I                 *    *   *                          *       I    -46.46
           I                 *    *   *         *                *       I
           I                 *    *   *        **                *       I
           I                 *    **  *        **                *       I
     -48.36I                 *    **  *        **          **    *       I    -48.36
           I                 *    **  *        **          **    *       I
           I           *     *    ** **        **         ***    *       I
           I           *     *    ** **        **         ***    *       I
     -50.27I           *     *    ** **        **         ***   T*       I    -50.27
           I           *     *    ** **        **  *      ***   T*       I
           I   *       **    *    *****        **  *      ****  T*       I
           I   *       **    **   *****        **  *S     ****  T*       I
     -52.17I   *       **    **   ******       **  *S     ****  T**      I    -52.17
           I   *       **    **   ******       *** *S     ****  T**      I
           I   *      S**   ***  *******      ******S    *****  T**      I
           I   *      S**   ***  *******      ******S    *****S*T**      I
     -54.07I   *      S**   ***  *******   ** ******S    *****S*T**      I    -54.07
           I   **    *S**   ***  *******   ** ******S    *****S*T**      I
           I   **   **S**   ***  *******   *********S    *****S*T**   *  I
           I   **   **S***  **** *******   *********S*   *****S*T**   *  I
     -55.98I   **   **S***  ****S*******   *********S*   *****S*T**  **  I    -55.98
           I   **   **S***  ****S******** S*********S*   *****S*T*** *** I
           I   **   **S*** *****S******** S*********S*  ******S*T*******SI
           I   **  ***S*********S******** S*********S*  ******S*T*******SI
     -57.88I   **  ***S*********S*********S*********S*  ******S*T*******SI    -57.88
           I   **  ***S*********S*********S*********S*T ******S*T*******SI
           I   *** ***S*********S*********S*********S*T*******S*T*******SI
           I   *******S*********S*********S*********S*T*******S*T*******SI
     -59.78I   *******S*********S*********S*********S*T*******S*T*******SI    -59.78
           I   *******S*********S*********S*********S*T*******S*T*******SI
           I  ********S*********S*********S*********S*T*******S*T*******SI
           I  ********S*********S*********S*********S*T*******S*T*******SI
     -61.69I  ********S*********S*********S*********S*T*******S*T*******SI    -61.69
           I  ********S*********S*********S*********S*T*******S*T*******SI
           I  ********S*********S*********S*********S*T*******S*T*******SI
           I  ********S*********S*********S*********S*T*******S*T*******SI
     -63.59I  ********S*********S*********S*********S*T*******S*T*******SI    -63.59
           I  ********S*********S*********S*********S*T*******S*T*******SI
           I *********S*********S*********S*********S*T*******S*T*******SI
           I *********S*********S*********S*********S*T*******S*T*******SI
     -65.49I**********S*********S*********S*********S*T*******S*T*******SI    -65.49
 ++++++++++I+++++++++++++++++++++++++++++++++++++++++++++++++++++++++++++I
            S=SEASONAL FREQUENCIES, T=TRADING DAY FREQUENCIES
        R35 monthly CPI index            PAGE  23, SERIES series

  Peak probabilities for Tukey spectrum estimator
  Spectrum estimated from 2018.Aug to 2026.Jul.

                                          S1       S2       S3       S4       S5       S6       TD
                                        ------   ------   ------   ------   ------   ------   ------
  Model Residuals                        0.133    0.118    0.610    0.903*   0.032    0.823    0.819  
  Original Series (Table A1 or B1)       0.729    0.996**  0.994**  0.984*   0.990**  0.839    0.090  
  Seasonally adjusted series (D11)       0.235    0.042    0.611    0.967*   0.473    0.455    0.574  
  Irregular (D13)                        0.684    0.080    0.611    0.956*   0.443    0.436    0.564  
  ----------
     ** - Peak Probability > 0.99,
      * - 0.90 < Peak Probability < 0.99



  NP statistic for residual seasonality:

  NP statistic for residual seasonality (Full series)
                                                  Residual Seasonality?
  log(Seasonally Adjusted Series)                          no
  log(Seasonally Adjusted Series (EV adj))                 no

  NP statistic for residual seasonality (Series start in 2018.Aug)
                                                  Residual Seasonality?
  log(Seasonally Adjusted Series)                          no
  log(Seasonally Adjusted Series (EV adj))                 no
