  Reading input spec file from series.spc

1

               U. S. Department of Commerce, U. S. Census Bureau

              X-13ARIMA-SEATS monthly seasonal adjustment Method,
                          Release Version 1.1 Build 62


           This software application provides an enhanced version of
             Statistics Canada's X-11-ARIMA extension (Dagum, 1980)
                 of the X-11 variant of the Census Method II of
                      Shiskin, Young and Musgrave (1967).

            It also provides an ARIMA model-based method following
       Hillmer and Tiao (1982) and Burman (1980) that is very similar
       to the update of the method of SEATS (Gomez and Maravall, 1996)
                produced at the Bank of Spain by G. Caporello and
               A. Maravall for TSW (Caporello and Maravall, 2004).
          The present application includes additional enhancements.

         X-13ARIMA-SEATS includes an automatic ARIMA model selection procedure
          based largely on the procedure of Gomez and Maravall (1998)
            as implemented in TRAMO (1996) and subsequent revisions.

              Primary Programmers: Brian Monsell, Mark Otto and,
                 for the ARIMA model-based signal extraction,
                      Gianluca Caporello and Victor Gomez


     Series Title- R35 monthly CPI index
     Series Name- series
     Sep 22, 2026  22.39.21 

        -Period covered-  1st month,2015 to  7th month,2026
        -Type of run - multiplicative seasonal adjustment

        -Sigma limits for graduating extreme values are  1.5 and  2.5 .
        -3x3 moving average used in section 1 of each iteration, 
         3x5 moving average in section 2 of iterations B and C,
         moving average for final seasonal factors chosen by Global MSR.
        -Spectral plots generated for selected series
        -Spectral plots generated for series starting in 2018.Aug

 FILE SAVE REQUESTS (* indicates file exists and will be overwritten)
  series.d10  final seasonal factors
  series.d11  final seasonally adjusted data
  series.d12  final trend cycle
  series.d13  final irregular component
  series.out  program output file
  series.err  program error file
  series.udg  seasonal adjustment and model diagnostics file
        R35 monthly CPI index            PAGE   1, SERIES series

     Contents of spc file series.spc

 Line #
 ------
      1: series { title="R35 monthly CPI index" start=2015.1 period=12 data=(
      2: 99.299999999999997 99.599999999999994 99.900000000000006 99.900000000000006 100.09999999999999 100.09999999999999
      3: 100.3 100.8 99.700000000000003 100 99.799999999999997 100.5
      4: 99.900000000000006 99.900000000000006 99.900000000000006 100 100.09999999999999 99.799999999999997
      5: 100.5 100 99.799999999999997 99.700000000000003 99.299999999999997 100.09999999999999
      6: 99.5 99.799999999999997 99.900000000000006 100.5 100 100.5
      7: 101.2 100.7 100.3 99.900000000000006 99.599999999999994 100.40000000000001
      8: 99.700000000000003 100.40000000000001 100.90000000000001 101 100.5 101.90000000000001
      9: 101.90000000000001 101.59999999999999 92.799999999999997 92 91.700000000000003 92.400000000000006
     10: 91.700000000000003 92.5 92.400000000000006 93.099999999999994 92.400000000000006 92.700000000000003
     11: 93.799999999999997 94.200000000000003 93.599999999999994 94.099999999999994 93.900000000000006 94.200000000000003
     12: 93.900000000000006 97 94.400000000000006 93.799999999999997 94.599999999999994 94.900000000000006
     13: 96.099999999999994 96.200000000000003 94.5 94.400000000000006 94.400000000000006 94.400000000000006
     14: 95.400000000000006 95.400000000000006 95.400000000000006 95.400000000000006 95.900000000000006 96.099999999999994
     15: 96.700000000000003 98.700000000000003 98.299999999999997 99.799999999999997 98 100.09999999999999
     16: 99.900000000000006 100.40000000000001 100.90000000000001 111.09999999999999 112.2 112
     17: 115.7 116 113.5 115.8 112.40000000000001 118
     18: 118.40000000000001 120 122.7 124.40000000000001 123.09999999999999 125.09999999999999
     19: 127.8 125.09999999999999 125.90000000000001 124.5 122 127.5
     20: 126.7 128.09999999999999 131.90000000000001 129.30000000000001 129.19999999999999 131.69999999999999
     21: 132.5 132.80000000000001 130.09999999999999 133.80000000000001 133.40000000000001 135.09999999999999
     22: 132.19999999999999 133.69999999999999 134.40000000000001 136.19999999999999 134.59999999999999 135.19999999999999
     23: 137.30000000000001 136.69999999999999 133.80000000000001 134.80000000000001 133.09999999999999 135.69999999999999
     24: 135.80000000000001 135.59999999999999 136.59999999999999 136.90000000000001 137.5 137.90000000000001
     25: 141
     26: ) }
     27: transform { function=log }
     28: automdl { }
     29: outlier { types=(ao ls tc) }
     30: x11 { mode=mult save=(d10 d11 d12 d13) appendfcst=no appendbcst=no savelog=all }
     31: spectrum { logqs=yes robustsa=no print=all savelog=all }
     32: check { }
        R35 monthly CPI index            PAGE   2, SERIES series

 A 1  Time series data (for the span analyzed)
  From  2015.Jan to 2026.Jul
  Observations        139
 -----------------------------------------------------------------------------
               Jan      Feb      Mar      Apr      May      Jun 
               Jul      Aug      Sep      Oct      Nov      Dec        TOTAL  
 -----------------------------------------------------------------------------
  2015          99.     100.     100.     100.     100.     100.
               100.     101.     100.     100.     100.     101.         1200.
 
  2016         100.     100.     100.     100.     100.     100.
               101.     100.     100.     100.      99.     100.         1199.
 
  2017         100.     100.     100.     101.     100.     101.
               101.     101.     100.     100.     100.     100.         1202.
 
  2018         100.     100.     101.     101.     101.     102.
               102.     102.      93.      92.      92.      92.         1177.
 
  2019          92.      93.      92.      93.      92.      93.
                94.      94.      94.      94.      94.      94.         1119.
 
  2020          94.      97.      94.      94.      95.      95.
                96.      96.      95.      94.      94.      94.         1139.
 
  2021          95.      95.      95.      95.      96.      96.
                97.      99.      98.     100.      98.     100.         1165.
 
  2022         100.     100.     101.     111.     112.     112.
               116.     116.     114.     116.     112.     118.         1328.
 
  2023         118.     120.     123.     124.     123.     125.
               128.     125.     126.     125.     122.     128.         1487.
 
  2024         127.     128.     132.     129.     129.     132.
               133.     133.     130.     134.     133.     135.         1575.
 
  2025         132.     134.     134.     136.     135.     135.
               137.     137.     134.     135.     133.     136.         1618.
 
  2026         136.     136.     137.     137.     138.     138.
               141.                                                       961.
 
  AVGE         108.     109.     109.     110.     110.     111.
               112.     109.     107.     108.     107.     109.

  Table Total-     15168.50   Mean-     109.13   Std. Dev.-      15.77
                              Min -      91.70        Max -     141.00
        R35 monthly CPI index            PAGE   3, SERIES series
                        Automatic ARIMA Model Selection

                    Procedure based closely on TRAMO method 
                         of Gomez and Maravall (2000)
              "Automatic Modeling Methods for Univariate Series",
                            A Course in Time Series
                  (Edited by D. Pena, G. C. Tiao, R. S. Tsay),
                         New York : J. Wiley and Sons


     Maximum order for regular ARMA parameters :   2
     Maximum order for seasonal ARMA parameters :   1
     Maximum order for regular differencing :   2
     Maximum order for seasonal differencing :   1

   Results of Unit Root Test for identifying orders of differencing:
     Regular difference order :   1
     Seasonal difference order :   1

     Mean is significant.

  Automatic model choice : (0 1 1)(0 1 1)


  Final Checks for Identified Model


  Checking for Unit Roots.
   No unit roots found.

  Checking for nonseasonal overdifferencing.
   Nonseasonal MA not within  0.001 of 1.0 - model passes test.

  Checking for insignificant ARMA coefficients.

  Final automatic model choice : (0 1 1)(0 1 1)
   End of automatic model selection procedure.

 Average absolute percentage error in within-sample forecasts:
  Last year:   1.88      Last-1 year:   0.78     Last-2 year:   0.52
  Last three years:    1.06

 Estimation converged in   11 ARMA iterations,   34 function evaluations.

 Regression Model
 ------------------------------------------------------------------------------
                             Parameter        Standard
 Variable                     Estimate           Error      t-value
 ------------------------------------------------------------------------------
 Constant                       0.0003         0.00009         3.53

 Automatically Identified Outliers
   LS2018.Sep                  -0.0893         0.00525       -17.00
   AO2020.Feb                   0.0289         0.00550         5.25
   LS2021.Aug                   0.0244         0.00522         4.67
   LS2022.Apr                   0.1003         0.00523        19.17
   LS2022.Oct                   0.0225         0.00548         4.10
   AO2022.Nov                  -0.0355         0.00583        -6.09
   LS2023.Mar                   0.0291         0.00531         5.48
   AO2023.Nov                  -0.0262         0.00566        -4.63
   AO2024.Mar                   0.0258         0.00560         4.61
   TC2024.Oct                   0.0250         0.00580         4.31
 ------------------------------------------------------------------------------


 ARIMA Model:  (0 1 1)(0 1 1)
   Nonseasonal differences: 1
   Seasonal differences:    1
                                              Standard
 Parameter                    Estimate          Errors
 -----------------------------------------------------
 Nonseasonal MA                                    
   Lag  1                       0.5540         0.07139

 Seasonal MA                                       
   Lag 12                       0.7755         0.06708

 Variance                       0.43102E-04
 SE of Var                      0.54303E-05
 -----------------------------------------------------

 Likelihood Statistics
 ------------------------------------------------------------------
 Number of observations (nobs)                                  139
 Effective number of observations (nefobs)                      126
 Number of parameters estimated (np)                             14
 Log likelihood                                            444.8791
 Transformation Adjustment                                -591.0141
 Adjusted Log likelihood (L)                              -146.1350
 AIC                                                       320.2701 
 AICC (F-corrected-AIC)                                    324.0539 
 Hannan Quinn                                              336.4022 
 BIC                                                       359.9780 
 ------------------------------------------------------------------


 DIAGNOSTIC CHECKING
  Sample Autocorrelations of the Residuals with the Ljung-Box diagnostic.

  Lag      1     2     3     4     5     6     7     8     9    10    11    12
  ACF  -0.06  0.06  0.02 -0.03  0.19  0.02  0.05  0.01  0.06 -0.00  0.15 -0.07
  SE    0.09  0.09  0.09  0.09  0.09  0.09  0.09  0.09  0.09  0.09  0.09  0.10
  Q     0.51  1.05  1.11  1.23  5.86  5.91  6.20  6.22  6.71  6.71 10.03 10.70
  DF       0     0     1     2     3     4     5     6     7     8     9    10
  P    0.000 0.000 0.292 0.541 0.119 0.206 0.287 0.399 0.460 0.568 0.348 0.381

  Lag     13    14    15    16    17    18    19    20    21    22    23    24
  ACF  -0.03  0.09 -0.13  0.18  0.01  0.01 -0.02 -0.19  0.03 -0.15  0.09  0.01
  SE    0.10  0.10  0.10  0.10  0.10  0.10  0.10  0.10  0.10  0.10  0.11  0.11
  Q    10.87 12.02 14.43 18.98 18.98 19.00 19.08 24.62 24.73 28.17 29.33 29.33
  DF      11    12    13    14    15    16    17    18    19    20    21    22
  P    0.454 0.444 0.344 0.166 0.214 0.269 0.324 0.136 0.170 0.105 0.106 0.136

  The P-values approximate the probability of observing a Q-value at least
  this large when the model fitted is correct.  When DF is positive, small
  values of P, customarily those below 0.05, indicate model inadequacy.

  Sample Autocorrelations of the Residuals
                 -1.0 -0.8 -0.6 -0.4 -0.2  0.0  0.2  0.4  0.6  0.8  1.0
                   +----+----+----+----+----+----+----+----+----+----+
            1                           . XX|   .                     -0.063
            2                           .   |XX .                      0.065
            3                           .   |X  .                      0.022
            4                           .  X|   .                     -0.030
            5                           .   |XXXXX                     0.186
            6                          .    |    .                     0.019
            7                          .    |X   .                     0.047
            8                          .    |    .                     0.010
            9                          .    |X   .                     0.060
           10                          .    |    .                    -0.000
           11                          .    |XXXX.                     0.154
           12       - - - - - - - - -  .  XX|    .  - - - - - - - -   -0.069
           13                          .   X|    .                    -0.034
           14                          .    |XX  .                     0.089
           15                          . XXX|    .                    -0.129
           16                          .    |XXXX.                     0.176
           17                          .    |    .                     0.006
           18                          .    |    .                     0.010
           19                          .   X|    .                    -0.024
           20                          XXXXX|    .                    -0.191
           21                          .    |X   .                     0.027
           22                          .XXXX|    .                    -0.149
           23                          .    |XX  .                     0.086
           24       - - - - - - - - -  .    |    .  - - - - - - - -    0.005
  
  Sample Autocorrelations of the Squared Residuals with the Ljung-Box diagnostic.

  Lag      1     2     3     4     5     6     7     8     9    10    11    12
  ACF   0.14  0.14  0.14  0.01  0.03  0.03  0.17  0.08  0.23  0.22  0.06  0.17
  SE    0.09  0.09  0.09  0.09  0.09  0.09  0.09  0.10  0.10  0.10  0.11  0.11
  Q     2.59  5.08  7.53  7.55  7.69  7.81 11.62 12.49 20.09 26.58 27.14 31.26
  DF       0     0     1     2     3     4     5     6     7     8     9    10
  P    0.000 0.000 0.006 0.023 0.053 0.099 0.040 0.052 0.005 0.001 0.001 0.001

  Lag     13    14    15    16    17    18    19    20    21    22    23    24
  ACF   0.19  0.06  0.04 -0.02  0.07  0.03  0.02  0.05  0.02  0.12  0.14 -0.02
  SE    0.11  0.11  0.11  0.11  0.11  0.11  0.11  0.11  0.11  0.11  0.11  0.11
  Q    36.40 36.90 37.19 37.26 37.89 38.07 38.11 38.47 38.54 40.80 44.06 44.10
  DF      11    12    13    14    15    16    17    18    19    20    21    22
  P    0.000 0.000 0.000 0.001 0.001 0.001 0.002 0.003 0.005 0.004 0.002 0.003

  The P-values approximate the probability of observing a Q-value at least
  this large when the model fitted is correct in a way that supports the
  standard interpretations of the test statistics, standard errors, and
  prediction intervals output by X-13ARIMA-SEATS. When DF is positive, small
  values of P, customarily those below 0.05, suggest that model-based
  inferences about statistical significance and uncertainty will be less
  dependable than usual.

  Sample Autocorrelations of the Squared Residuals
                 -1.0 -0.8 -0.6 -0.4 -0.2  0.0  0.2  0.4  0.6  0.8  1.0
                   +----+----+----+----+----+----+----+----+----+----+
            1                           .   |XXXX                      0.142
            2                          .    |XXX .                     0.139
            3                          .    |XXX .                     0.137
            4                          .    |    .                     0.014
            5                          .    |X   .                     0.032
            6                          .    |X   .                     0.030
            7                          .    |XXXX.                     0.168
            8                          .    |XX  .                     0.080
            9                          .    |XXXXXX                    0.235
           10                          .    |XXXXX                     0.216
           11                          .    |XX  .                     0.064
           12       - - - - - - - - -  .    |XXXX.  - - - - - - - -    0.171
           13                          .    |XXXXX                     0.190
           14                         .     |X    .                    0.059
           15                         .     |X    .                    0.045
           16                         .    X|     .                   -0.021
           17                         .     |XX   .                    0.065
           18                         .     |X    .                    0.035
           19                         .     |     .                    0.017
           20                         .     |X    .                    0.049
           21                         .     |X    .                    0.022
           22                         .     |XXX  .                    0.121
           23                         .     |XXXX .                    0.144
           24       - - - - - - - -   .     |     .   - - - - - - -   -0.015
  
 Histogram of the Standardized and Mean-Centered Residuals
  Standard
  Deviations    Frequency
       -3 +#
          |###
       -2 +####
          |######
       -1 +#########
          |###############################
        0 +###################
          |#################
        1 +##################
          |#######
        2 +#####
          |###
        3 +##

  Outlier [#

  One '#'= 1 observation[s]

 Tabular Histogram of the Standardized and Mean-Centered Residuals

  Standard
  Deviations    Frequency

 -3.00                 1

 -2.50                 3

 -2.00                 4

 -1.50                 6

 -1.00                 9

 -0.50                31

  0.00                19

  0.50                17

  1.00                18

  1.50                 7

  2.00                 5

  2.50                 3

  3.00                 2

  Residuals with |t|>3.25

  Obs       t-value
  -----------------
  2021.Jun     4.18

 Summary Statistics for the Unstandardized Residuals
  Minimum                    -0.016
  Maximum                     0.022
  Median                     -0.001
  Robust Std Dev              0.005

 Normality Statistics for regARIMA Model Residuals:

    Number of residuals  :    126

    Skewness coefficient :    0.2507    
    Geary's a            :    0.7774    
    Kurtosis             :    3.6183    

  No indication of lack of normality.

 Durbin-Watson Statistic for regARIMA Model Residuals:
  dw =     2.118830

 Friedman Non-Parametric Test for regARIMA Model Residuals:
  ken =     7.600000 ( Asymptotically distributed as Chi-Square(11), P-Value =     0.748624 )

 QS Statistic for regARIMA Model Residuals (full series):             0.00
                                                       (P-Value =     1.0000)

 QS Statistic for regARIMA Model Residuals (starting 2018.Aug):       0.00
                                                       (P-Value =     1.0000)


  At least one visually significant residual trading day peaks has been
  found in the spectral plot of the following series starting in 2018.Aug:

          regARIMA model residuals (1 Trading Day peak(s))




      10*LOG(SPECTRUM) of the regARIMA model residuals
      Spectrum estimated from 2018.Aug to 2026.Jul.
 ++++++++++I+++++++++++++++++++++++++++++++++++++++++++++++++++++++++++++I
     -37.06I                                                    T        I    -37.06
           I                                                    T        I
           I                                                    T        I
           I                                                    T        I
     -38.01I                                                    T        I    -38.01
           I                                                    T        I
           I               *                             *      T        I
           I               *                             *      T        I
     -38.96I               *                             *      T*       I    -38.96
           I               *                            **      T*       I
           I  *            *                            **      T*       I
           I  *            *     *                      **      T*       I
     -39.91I  *            *     *                      **      T*       I    -39.91
           I  *            *     *                      **      T*       I
           I  *            *     *                      **      T*       I
           I  *            *     *                      ***     T*       I
     -40.86I ***           *     *                      ***     T*       I    -40.86
           I ***           *     *                      ***     T*       I
           I ***           *    S*                      ***     T*       I
           I ***           *    S*  *                   ***     T*   *   I
     -41.81I****           *    S*  *                   ***     T*   *   I    -41.81
           I****           *    S** **                  ***     T*   *   I
           I****           *    S*****                  ***     T*   *   I
           I****           *    S*****                  ***     T*   *   I
     -42.76I****      S    *    S*****        **        ***     T*   *   I    -42.76
           I*****     S    *    S*****        **       ****     T*   *   I
           I*****     S    *    S******       **       *****    T*   *   I
           I*****    *S   **    S******  *    **       *****   *T*   **  I
     -43.71I*****    *S   **    S****** **    **       *****   *T*   **  I    -43.71
           I*****    *S   **    S*********S   **       *****   *T*  ***  I
           I*****    *S   **    S*********S   **       *****   *T*  ***  I
           I*****    *S   **    S*********S   **       *****   *T** ***  I
     -44.66I*****    *S   **    S*********S  ***      T*****   *T** ***  I    -44.66
           I******   *S   **    S*********S  ***      T*****   *T** ***  I
           I******   *S   **    S*********S* ****    *T*****   *T** ***  I
           I******   *S   **    S*********S* ****   S*T******  *T** ***  I
     -45.61I******   *S   **    S*********S******   S*T******  *T******  I    -45.61
           I******   *S   **    S*********S******   S*T****** S*T******  I
           I******   *S   **    S*********S******  *S*T****** S*T******  I
           I******   *S   **    S*********S******  *S*T****** S*T******* I
     -46.56I******   *S   ***  *S*********S******  *S*T*******S*T******* I    -46.56
           I******* **S   ***  *S*********S*********S*T*******S*T******* I
           I******* **S   ***  *S*********S*********S*T*******S*T******* I
           I******* **S*  ***  *S*********S*********S*T*******S*T******* I
     -47.51I**********S*  ***  *S*********S*********S*T*******S*T*******SI    -47.51
           I**********S*  ***  *S*********S*********S*T*******S*T*******SI
           I**********S*  ***  *S*********S*********S*T*******S*T*******SI
           I**********S*  ***  *S*********S*********S*T*******S*T*******SI
     -48.46I**********S* ****  *S*********S*********S*T*******S*T*******SI    -48.46
           I**********S* ****  *S*********S*********S*T*******S*T*******SI
           I**********S* ****  *S*********S*********S*T*******S*T*******SI
           I**********S* ****  *S*********S*********S*T*******S*T*******SI
     -49.41I**********S*********S*********S*********S*T*******S*T*******SI    -49.41
 ++++++++++I+++++++++++++++++++++++++++++++++++++++++++++++++++++++++++++I
            S=SEASONAL FREQUENCIES, T=TRADING DAY FREQUENCIES


 FORECASTING
  Origin  2026.Jul
  Number        12

  Forecasts and Standard Errors of the Transformed Data
   ------------------------------
                         Standard
       Date   Forecast      Error
   ------------------------------
   2026.Aug       4.94      0.007
   2026.Sep       4.93      0.007
   2026.Oct       4.94      0.008
   2026.Nov       4.93      0.009
   2026.Dec       4.95      0.009
   2027.Jan       4.95      0.010
   2027.Feb       4.96      0.010
   2027.Mar       4.96      0.011
   2027.Apr       4.97      0.011
   2027.May       4.97      0.012
   2027.Jun       4.97      0.012
   2027.Jul       4.99      0.013
   ------------------------------

  Confidence intervals with coverage probability ( 0.95000
  On the Original Scale
   ---------------------------------------
       Date      Lower  Forecast     Upper
   ---------------------------------------
   2026.Aug     138.51    140.33    142.17
   2026.Sep     136.81    138.78    140.78
   2026.Oct     137.00    139.17    141.38
   2026.Nov     136.63    138.97    141.35
   2026.Dec     138.68    141.19    143.75
   2027.Jan     138.14    140.79    143.49
   2027.Feb     139.06    141.88    144.76
   2027.Mar     139.56    142.55    145.61
   2027.Apr     140.34    143.49    146.71
   2027.May     140.23    143.53    146.89
   2027.Jun     141.23    144.69    148.23
   2027.Jul     143.50    147.16    150.90
   ---------------------------------------
        R35 monthly CPI index            PAGE   4, SERIES series
  
 A 8  RegARIMA combined outlier component
      (AO, LS, TC outliers included)
  From  2015.Jan to 2026.Jul
  Observations        139
 -----------------------------------------------------------------------------
               Jan      Feb      Mar      Apr      May      Jun 
               Jul      Aug      Sep      Oct      Nov      Dec         AVGE  
 -----------------------------------------------------------------------------
  2015         91.7     91.7     91.7     91.7     91.7     91.7
               91.7     91.7     91.7     91.7     91.7     91.7          91.7
 
  2016         91.7     91.7     91.7     91.7     91.7     91.7
               91.7     91.7     91.7     91.7     91.7     91.7          91.7
 
  2017         91.7     91.7     91.7     91.7     91.7     91.7
               91.7     91.7     91.7     91.7     91.7     91.7          91.7
 
  2018         91.7     91.7     91.7     91.7     91.7     91.7
               91.7     91.7     83.8     83.8     83.8     83.8          89.1
 
  2019         83.8     83.8     83.8     83.8     83.8     83.8
               83.8     83.8     83.8     83.8     83.8     83.8          83.8
 
  2020         83.8     86.3     83.8     83.8     83.8     83.8
               83.8     83.8     83.8     83.8     83.8     83.8          84.0
 
  2021         83.8     83.8     83.8     83.8     83.8     83.8
               83.8     85.9     85.9     85.9     85.9     85.9          84.7
 
  2022         85.9     85.9     85.9     95.0     95.0     95.0
               95.0     95.0     95.0     97.1     93.7     97.1          93.0
 
  2023         97.1     97.1    100.0    100.0    100.0    100.0
              100.0    100.0    100.0    100.0     97.4    100.0          99.3
 
  2024        100.0    100.0    102.6    100.0    100.0    100.0
              100.0    100.0    100.0    102.5    101.8    101.2         100.7
 
  2025        100.9    100.6    100.4    100.3    100.2    100.1
              100.1    100.1    100.0    100.0    100.0    100.0         100.2
 
  2026        100.0    100.0    100.0    100.0    100.0    100.0
              100.0                                                      100.0
 
  AVGE         91.8     92.0     92.3     92.8     92.8     92.8
               92.8     92.3     91.6     92.0     91.4     91.9

  Table Total-     12817.85   Mean-      92.21   Std. Dev.-      10.02
                              Min -      83.84        Max -     102.61

 A 8.A  RegARIMA outlier component
  From  2026.Aug to 2027.Jul
  Observations         12
 -----------------------------------------------------------------------------
               Jan      Feb      Mar      Apr      May      Jun 
               Jul      Aug      Sep      Oct      Nov      Dec         AVGE  
 -----------------------------------------------------------------------------
  2026                                                          
                       100.0    100.0    100.0    100.0    100.0         100.0
 
  2027        100.0    100.0    100.0    100.0    100.0    100.0
              100.0                                                      100.0
 
        R35 monthly CPI index            PAGE   5, SERIES series

 A 8.AO  RegARIMA AO outlier component
  From  2015.Jan to 2026.Jul
  Observations        139
 -----------------------------------------------------------------------------
               Jan      Feb      Mar      Apr      May      Jun 
               Jul      Aug      Sep      Oct      Nov      Dec         AVGE  
 -----------------------------------------------------------------------------
  2015        100.0    100.0    100.0    100.0    100.0    100.0
              100.0    100.0    100.0    100.0    100.0    100.0         100.0
 
  2016        100.0    100.0    100.0    100.0    100.0    100.0
              100.0    100.0    100.0    100.0    100.0    100.0         100.0
 
  2017        100.0    100.0    100.0    100.0    100.0    100.0
              100.0    100.0    100.0    100.0    100.0    100.0         100.0
 
  2018        100.0    100.0    100.0    100.0    100.0    100.0
              100.0    100.0    100.0    100.0    100.0    100.0         100.0
 
  2019        100.0    100.0    100.0    100.0    100.0    100.0
              100.0    100.0    100.0    100.0    100.0    100.0         100.0
 
  2020        100.0    102.9    100.0    100.0    100.0    100.0
              100.0    100.0    100.0    100.0    100.0    100.0         100.2
 
  2021        100.0    100.0    100.0    100.0    100.0    100.0
              100.0    100.0    100.0    100.0    100.0    100.0         100.0
 
  2022        100.0    100.0    100.0    100.0    100.0    100.0
              100.0    100.0    100.0    100.0     96.5    100.0          99.7
 
  2023        100.0    100.0    100.0    100.0    100.0    100.0
              100.0    100.0    100.0    100.0     97.4    100.0          99.8
 
  2024        100.0    100.0    102.6    100.0    100.0    100.0
              100.0    100.0    100.0    100.0    100.0    100.0         100.2
 
  2025        100.0    100.0    100.0    100.0    100.0    100.0
              100.0    100.0    100.0    100.0    100.0    100.0         100.0
 
  2026        100.0    100.0    100.0    100.0    100.0    100.0
              100.0                                                      100.0
 
  AVGE        100.0    100.2    100.2    100.0    100.0    100.0
              100.0    100.0    100.0    100.0     99.4    100.0

  Table Total-     13899.47   Mean-     100.00   Std. Dev.-       0.50
                              Min -      96.52        Max -     102.93
        R35 monthly CPI index            PAGE   6, SERIES series

 A 8.LS  RegARIMA level change outlier component
  From  2015.Jan to 2026.Jul
  Observations        139
 -----------------------------------------------------------------------------
               Jan      Feb      Mar      Apr      May      Jun 
               Jul      Aug      Sep      Oct      Nov      Dec         AVGE  
 -----------------------------------------------------------------------------
  2015         91.7     91.7     91.7     91.7     91.7     91.7
               91.7     91.7     91.7     91.7     91.7     91.7          91.7
 
  2016         91.7     91.7     91.7     91.7     91.7     91.7
               91.7     91.7     91.7     91.7     91.7     91.7          91.7
 
  2017         91.7     91.7     91.7     91.7     91.7     91.7
               91.7     91.7     91.7     91.7     91.7     91.7          91.7
 
  2018         91.7     91.7     91.7     91.7     91.7     91.7
               91.7     91.7     83.8     83.8     83.8     83.8          89.1
 
  2019         83.8     83.8     83.8     83.8     83.8     83.8
               83.8     83.8     83.8     83.8     83.8     83.8          83.8
 
  2020         83.8     83.8     83.8     83.8     83.8     83.8
               83.8     83.8     83.8     83.8     83.8     83.8          83.8
 
  2021         83.8     83.8     83.8     83.8     83.8     83.8
               83.8     85.9     85.9     85.9     85.9     85.9          84.7
 
  2022         85.9     85.9     85.9     95.0     95.0     95.0
               95.0     95.0     95.0     97.1     97.1     97.1          93.2
 
  2023         97.1     97.1    100.0    100.0    100.0    100.0
              100.0    100.0    100.0    100.0    100.0    100.0          99.5
 
  2024        100.0    100.0    100.0    100.0    100.0    100.0
              100.0    100.0    100.0    100.0    100.0    100.0         100.0
 
  2025        100.0    100.0    100.0    100.0    100.0    100.0
              100.0    100.0    100.0    100.0    100.0    100.0         100.0
 
  2026        100.0    100.0    100.0    100.0    100.0    100.0
              100.0                                                      100.0
 
  AVGE         91.8     91.8     92.0     92.8     92.8     92.8
               92.8     92.3     91.6     91.8     91.8     91.8

  Table Total-     12810.37   Mean-      92.16   Std. Dev.-      10.03
                              Min -      83.84        Max -     100.00
        R35 monthly CPI index            PAGE   7, SERIES series

 A 8.TC  RegARIMA temporary change outlier component
  From  2015.Jan to 2026.Jul
  Observations        139
 -----------------------------------------------------------------------------
               Jan      Feb      Mar      Apr      May      Jun 
               Jul      Aug      Sep      Oct      Nov      Dec         AVGE  
 -----------------------------------------------------------------------------
  2015        100.0    100.0    100.0    100.0    100.0    100.0
              100.0    100.0    100.0    100.0    100.0    100.0         100.0
 
  2016        100.0    100.0    100.0    100.0    100.0    100.0
              100.0    100.0    100.0    100.0    100.0    100.0         100.0
 
  2017        100.0    100.0    100.0    100.0    100.0    100.0
              100.0    100.0    100.0    100.0    100.0    100.0         100.0
 
  2018        100.0    100.0    100.0    100.0    100.0    100.0
              100.0    100.0    100.0    100.0    100.0    100.0         100.0
 
  2019        100.0    100.0    100.0    100.0    100.0    100.0
              100.0    100.0    100.0    100.0    100.0    100.0         100.0
 
  2020        100.0    100.0    100.0    100.0    100.0    100.0
              100.0    100.0    100.0    100.0    100.0    100.0         100.0
 
  2021        100.0    100.0    100.0    100.0    100.0    100.0
              100.0    100.0    100.0    100.0    100.0    100.0         100.0
 
  2022        100.0    100.0    100.0    100.0    100.0    100.0
              100.0    100.0    100.0    100.0    100.0    100.0         100.0
 
  2023        100.0    100.0    100.0    100.0    100.0    100.0
              100.0    100.0    100.0    100.0    100.0    100.0         100.0
 
  2024        100.0    100.0    100.0    100.0    100.0    100.0
              100.0    100.0    100.0    102.5    101.8    101.2         100.5
 
  2025        100.9    100.6    100.4    100.3    100.2    100.1
              100.1    100.1    100.0    100.0    100.0    100.0         100.2
 
  2026        100.0    100.0    100.0    100.0    100.0    100.0
              100.0                                                      100.0
 
  AVGE        100.1    100.1    100.0    100.0    100.0    100.0
              100.0    100.0    100.0    100.2    100.2    100.1

  Table Total-     13908.39   Mean-     100.06   Std. Dev.-       0.30
                              Min -     100.00        Max -     102.53

 A 8.TC.A  RegARIMA temporary change outlier component
  From  2026.Aug to 2027.Jul
  Observations         12
 -----------------------------------------------------------------------------
               Jan      Feb      Mar      Apr      May      Jun 
               Jul      Aug      Sep      Oct      Nov      Dec         AVGE  
 -----------------------------------------------------------------------------
  2026                                                          
                       100.0    100.0    100.0    100.0    100.0         100.0
 
  2027        100.0    100.0    100.0    100.0    100.0    100.0
              100.0                                                      100.0
 
        R35 monthly CPI index            PAGE   8, SERIES series
  
 B 1  Original series (prior adjusted)
      (adjusted for regARIMA factors)
  From  2015.Jan to 2026.Jul
  Observations        139
 -----------------------------------------------------------------------------
               Jan      Feb      Mar      Apr      May      Jun 
               Jul      Aug      Sep      Oct      Nov      Dec        TOTAL  
 -----------------------------------------------------------------------------
  2015         108.     109.     109.     109.     109.     109.
               109.     110.     109.     109.     109.     110.         1309.
 
  2016         109.     109.     109.     109.     109.     109.
               110.     109.     109.     109.     108.     109.         1308.
 
  2017         109.     109.     109.     110.     109.     110.
               110.     110.     109.     109.     109.     110.         1312.
 
  2018         109.     110.     110.     110.     110.     111.
               111.     111.     111.     110.     109.     110.         1321.
 
  2019         109.     110.     110.     111.     110.     111.
               112.     112.     112.     112.     112.     112.         1334.
 
  2020         112.     112.     113.     112.     113.     113.
               115.     115.     113.     113.     113.     113.         1355.
 
  2021         114.     114.     114.     114.     114.     115.
               115.     115.     114.     116.     114.     117.         1376.
 
  2022         116.     117.     117.     117.     118.     118.
               122.     122.     120.     119.     120.     121.         1428.
 
  2023         122.     124.     123.     124.     123.     125.
               128.     125.     126.     124.     125.     128.         1497.
 
  2024         127.     128.     129.     129.     129.     132.
               132.     133.     130.     130.     131.     133.         1564.
 
  2025         131.     133.     134.     136.     134.     135.
               137.     137.     134.     135.     133.     136.         1614.
 
  2026         136.     136.     137.     137.     137.     138.
               141.                                                       961.
 
  AVGE         117.     117.     118.     118.     118.     119.
               120.     118.     117.     117.     117.     118.

  Table Total-     16378.44   Mean-     117.83   Std. Dev.-       9.69
                              Min -     108.33        Max -     141.00

 B 1.A  Forecasts of (prior adjusted) original series
  From  2026.Aug to 2027.Jul
  Observations         12
 -----------------------------------------------------------------------------
               Jan      Feb      Mar      Apr      May      Jun 
               Jul      Aug      Sep      Oct      Nov      Dec        TOTAL  
 -----------------------------------------------------------------------------
  2026                                                          
                        140.     139.     139.     139.     141.          698.
 
  2027         141.     142.     143.     143.     144.     145.
               147.                                                      1004.
 
        R35 monthly CPI index            PAGE   9, SERIES series

 C 17  Final weights for irregular component
  From  2015.Jan to 2026.Jul
  Observations        139
  Lower sigma limit    1.50
  Upper sigma limit    2.50
 -----------------------------------------------------------------------------
               Jan      Feb      Mar      Apr      May      Jun 
               Jul      Aug      Sep      Oct      Nov      Dec         S.D.  
 -----------------------------------------------------------------------------
  2015        100.0    100.0    100.0    100.0    100.0    100.0
                0.0    100.0     38.1    100.0    100.0    100.0           0.2
 
  2016        100.0    100.0    100.0    100.0    100.0    100.0
              100.0    100.0    100.0    100.0    100.0    100.0           0.2
 
  2017        100.0    100.0    100.0    100.0    100.0    100.0
              100.0    100.0    100.0    100.0    100.0    100.0           0.2
 
  2018        100.0    100.0    100.0    100.0     92.1      0.0
              100.0    100.0      0.0    100.0    100.0    100.0           0.2
 
  2019        100.0    100.0    100.0     19.4    100.0    100.0
              100.0    100.0    100.0     93.7    100.0    100.0           0.3
 
  2020        100.0    100.0    100.0     77.1    100.0    100.0
              100.0    100.0    100.0    100.0    100.0     53.6           0.3
 
  2021        100.0    100.0    100.0    100.0    100.0    100.0
              100.0    100.0    100.0      0.0    100.0    100.0           0.4
 
  2022        100.0    100.0    100.0    100.0    100.0      0.0
              100.0      3.1    100.0    100.0    100.0    100.0           0.4
 
  2023        100.0    100.0    100.0    100.0     96.1    100.0
              100.0      0.0     70.0    100.0    100.0    100.0           0.4
 
  2024        100.0    100.0    100.0    100.0    100.0     36.4
              100.0    100.0    100.0    100.0    100.0    100.0           0.4
 
  2025          0.0    100.0    100.0      0.0    100.0    100.0
              100.0    100.0    100.0    100.0    100.0    100.0           0.4
 
  2026        100.0    100.0    100.0    100.0    100.0    100.0
              100.0                                                        0.4
 
        R35 monthly CPI index            PAGE  10, SERIES series

 D 8  Final unmodified SI ratios
  From  2015.Jan to 2026.Jul
  Observations        139
 -----------------------------------------------------------------------------
               Jan      Feb      Mar      Apr      May      Jun 
               Jul      Aug      Sep      Oct      Nov      Dec         AVGE  
 -----------------------------------------------------------------------------
  2015         99.5     99.8    100.0    100.0    100.1    100.0
              100.2    100.6     99.5     99.7     99.5    100.2          99.9
 
  2016         99.7     99.7     99.8    100.1    100.3    100.0
              100.8    100.2    100.0     99.9     99.4    100.1         100.0
 
  2017         99.5     99.8     99.8    100.3     99.8    100.2
              100.9    100.4    100.1     99.7     99.4    100.1         100.0
 
  2018         99.3     99.8    100.2    100.2     99.6    100.9
              101.0    100.7    100.6     99.7     99.4    100.1         100.1
 
  2019         99.3    100.1     99.9    100.6     99.7     99.9
              100.8    100.8     99.8    100.1     99.6     99.9         100.0
 
  2020         99.5     99.9    100.0     99.3    100.0    100.1
              101.3    101.3     99.5     99.4     99.3     99.3          99.9
 
  2021        100.2    100.0     99.8     99.7    100.2    100.4
              101.0    100.5     99.8    101.0     98.7    100.4         100.1
 
  2022         99.8    100.0    100.1     99.3     99.9     99.3
              102.1    102.0     99.4     98.8     99.0     99.8         100.0
 
  2023         99.7    100.6     99.5    100.5     99.1    100.4
              102.2     99.6    100.0     98.6     98.9    100.3          99.9
 
  2024         99.3    100.0    100.0    100.1     99.7    101.3
              101.5    101.4     99.0     98.9     99.0    100.5         100.1
 
  2025         98.4     99.5    100.0    101.3    100.0    100.3
              101.8    101.3     99.0     99.7     98.3    100.1         100.0
 
  2026         99.9     99.6    100.0    100.0    100.1    100.1
              101.9                                                      100.2
 
  AVGE         99.5     99.9     99.9    100.1     99.9    100.2
              101.3    100.8     99.7     99.6     99.1    100.1

  Table Total-     13902.36   Mean-     100.02   Std. Dev.-       0.71
                              Min -      98.30        Max -     102.17
        R35 monthly CPI index            PAGE  11, SERIES series

 D 8.B  Final unmodified SI ratios, with labels for outliers and extreme values
  From  2015.Jan to 2026.Jul
  Observations        139
 ---------------------------------------------------------------------
               Jan       Feb       Mar       Apr       May       Jun  
               Jul       Aug       Sep       Oct       Nov       Dec  
 ---------------------------------------------------------------------
  2015        99.5      99.8     100.0     100.0     100.1     100.0  
             100.2*    100.6      99.5*     99.7      99.5     100.2  
 
  2016        99.7      99.7      99.8     100.1     100.3     100.0  
             100.8     100.2     100.0      99.9      99.4     100.1  
 
  2017        99.5      99.8      99.8     100.3      99.8     100.2  
             100.9     100.4     100.1      99.7      99.4     100.1  
 
  2018        99.3      99.8     100.2     100.2      99.6*    100.9*-
             101.0 -   100.7 -   100.6&     99.7 -    99.4 -   100.1 -
 
  2019        99.3     100.1      99.9     100.6*     99.7      99.9  
             100.8     100.8      99.8     100.1*     99.6      99.9  
 
  2020        99.5      99.9#    100.0      99.3*    100.0     100.1  
             101.3     101.3      99.5      99.4      99.3      99.3* 
 
  2021       100.2     100.0      99.8      99.7     100.2     100.4 -
             101.0 -   100.5#     99.8 -   101.0*-    98.7     100.4  
 
  2022        99.8 -   100.0 -   100.1 -    99.3#     99.9 -    99.3*-
             102.1 -   102.0*-    99.4 -    98.8#     99.0#-    99.8 -
 
  2023        99.7 -   100.6 -    99.5#    100.5 -    99.1*-   100.4  
             102.2      99.6*    100.0*     98.6      98.9#    100.3  
 
  2024        99.3     100.0     100.0#    100.1      99.7     101.3* 
             101.5     101.4      99.0      98.9#     99.0     100.5  
 
  2025        98.4*     99.5     100.0     101.3*    100.0     100.3  
             101.8     101.3      99.0      99.7      98.3     100.1  
 
  2026        99.9      99.6     100.0     100.0     100.1     100.1  
             101.9                                                    
 

  Key to symbols:
    *  : extreme value as determined by X-11 extreme value procedure
    #  : regARIMA outlier (either AO, LS, TC, or Ramp)
    &  : more than one type of regARIMA outlier
    -  : values around a level shift most likely to be influenced by it
 
        R35 monthly CPI index            PAGE  12, SERIES series

 D 9  Final replacement values for SI ratios
  From  2015.Jan to 2026.Jul
  Observations        139
 ---------------------------------------------------------------
               Jan      Feb      Mar      Apr      May      Jun 
               Jul      Aug      Sep      Oct      Nov      Dec 
 ---------------------------------------------------------------
  2015     ******** ******** ******** ******** ******** ********
              100.7 ********     99.7 ******** ******** ********
 
  2016     ******** ******** ******** ******** ******** ********
           ******** ******** ******** ******** ******** ********
 
  2017     ******** ******** ******** ******** ******** ********
           ******** ******** ******** ******** ******** ********
 
  2018     ******** ******** ******** ********     99.6    100.2
           ******** ********    100.0 ******** ******** ********
 
  2019     ******** ******** ********    100.1 ******** ********
           ******** ******** ********    100.0 ******** ********
 
  2020     ******** ******** ********     99.4 ******** ********
           ******** ******** ******** ******** ********     99.6
 
  2021     ******** ******** ******** ******** ******** ********
           ******** ******** ********     99.4 ******** ********
 
  2022     ******** ******** ******** ******** ********    100.3
           ********    101.0 ******** ******** ******** ********
 
  2023     ******** ******** ******** ********     99.1 ********
           ********    100.9     99.7 ******** ******** ********
 
  2024     ******** ******** ******** ******** ********    100.7
           ******** ******** ******** ******** ******** ********
 
  2025         99.5 ******** ********    100.2 ******** ********
           ******** ******** ******** ******** ******** ********
 
  2026     ******** ******** ******** ******** ******** ********
           ********                                             
 

 D 9.A  Moving seasonality ratio
 ---------------------------------------------------------------
               Jan      Feb      Mar      Apr      May      Jun 
 ---------------------------------------------------------------
   I          0.299    0.234    0.254    0.388    0.356    0.212
   S          0.046    0.052    0.021    0.064    0.045    0.035
 RATIO        6.508    4.510   11.934    6.037    7.991    6.093



 ---------------------------------------------------------------
               Jul      Aug      Sep      Oct      Nov      Dec 
 ---------------------------------------------------------------
   I          0.283    0.349    0.296    0.327    0.279    0.280
   S          0.109    0.082    0.075    0.092    0.083    0.053
 RATIO        2.607    4.231    3.962    3.557    3.356    5.244



        R35 monthly CPI index            PAGE  13, SERIES series

 D 10  Final seasonal factors
  From  2015.Jan to 2026.Jul
  Observations        139
  Seasonal filter    3 x 5 moving average
 -----------------------------------------------------------------------------
               Jan      Feb      Mar      Apr      May      Jun 
               Jul      Aug      Sep      Oct      Nov      Dec         AVGE  
 -----------------------------------------------------------------------------
  2015        99.53    99.78    99.94   100.13    99.98   100.11
             100.83   100.47    99.94    99.75    99.42   100.15        100.00
 
  2016        99.50    99.80    99.95   100.13    99.94   100.09
             100.83   100.50    99.93    99.77    99.44   100.13        100.00
 
  2017        99.47    99.83    99.96   100.09    99.90   100.09
             100.87   100.58    99.91    99.76    99.44   100.07        100.00
 
  2018        99.49    99.87    99.95   100.03    99.88   100.11
             100.92   100.67    99.87    99.73    99.40   100.03         99.99
 
  2019        99.54    99.90    99.96    99.90    99.88   100.15
             101.05   100.77    99.80    99.62    99.32    99.98         99.99
 
  2020        99.62    99.98    99.94    99.84    99.86   100.20
             101.23   100.84    99.73    99.45    99.21    99.99         99.99
 
  2021        99.67   100.04    99.91    99.80    99.83   100.27
             101.44   100.94    99.62    99.24    99.10   100.02         99.99
 
  2022        99.70   100.06    99.87    99.88    99.80   100.35
             101.61   100.99    99.52    99.11    98.95   100.11        100.00
 
  2023        99.69   100.01    99.89    99.95    99.78   100.39
             101.75   101.06    99.41    99.05    98.84   100.15        100.00
 
  2024        99.65    99.95    99.90   100.08    99.77   100.38
             101.82   101.10    99.35    99.09    98.76   100.19        100.00
 
  2025        99.60    99.85    99.93   100.13    99.81   100.36
             101.84   101.16    99.29    99.14    98.75   100.18        100.00
 
  2026        99.57    99.76    99.95   100.16    99.88   100.35
             101.81                                                     100.21
 
  AVGE        99.59    99.90    99.93   100.01    99.86   100.24
             101.33   100.83    99.67    99.43    99.15   100.09

  Table Total-     13901.04   Mean-     100.01   Std. Dev.-       0.60
                              Min -      98.75        Max -     101.84

 D 10.A  Final seasonal component forecasts
  From  2026.Aug to 2027.Jul
  Observations         12
 -----------------------------------------------------------------------------
               Jan      Feb      Mar      Apr      May      Jun 
               Jul      Aug      Sep      Oct      Nov      Dec         AVGE  
 -----------------------------------------------------------------------------
  2026                                                          
                      101.18    99.25    99.20    98.73   100.20         99.71
 
  2027        99.57    99.69    99.98   100.14    99.94   100.32
             101.80                                                     100.21
 
        R35 monthly CPI index            PAGE  14, SERIES series

 D 11  Final seasonally adjusted data
  From  2015.Jan to 2026.Jul
  Observations        139
 -----------------------------------------------------------------------------
               Jan      Feb      Mar      Apr      May      Jun 
               Jul      Aug      Sep      Oct      Nov      Dec        TOTAL  
 -----------------------------------------------------------------------------
  2015         100.     100.     100.     100.     100.     100.
                99.     100.     100.     100.     100.     100.         1200.
 
  2016         100.     100.     100.     100.     100.     100.
               100.     100.     100.     100.     100.     100.         1199.
 
  2017         100.     100.     100.     100.     100.     100.
               100.     100.     100.     100.     100.     100.         1202.
 
  2018         100.     101.     101.     101.     101.     102.
               101.     101.      93.      92.      92.      92.         1177.
 
  2019          92.      93.      92.      93.      93.      93.
                93.      93.      94.      94.      95.      94.         1119.
 
  2020          94.      97.      94.      94.      95.      95.
                95.      95.      95.      95.      95.      94.         1139.
 
  2021          96.      95.      95.      96.      96.      96.
                95.      98.      99.     101.      99.     100.         1165.
 
  2022         100.     100.     101.     111.     112.     112.
               114.     115.     114.     117.     114.     118.         1328.
 
  2023         119.     120.     123.     124.     123.     125.
               126.     124.     127.     126.     123.     127.         1487.
 
  2024         127.     128.     132.     129.     130.     131.
               130.     131.     131.     135.     135.     135.         1575.
 
  2025         133.     134.     134.     136.     135.     135.
               135.     135.     135.     136.     135.     135.         1618.
 
  2026         136.     136.     137.     137.     138.     137.
               138.                                                       959.
 
  AVGE         108.     109.     109.     110.     110.     110.
               111.     108.     108.     109.     108.     109.

  Table Total-     15166.85   Mean-     109.11   Std. Dev.-      15.72
                              Min -      92.12        Max -     138.50
        R35 monthly CPI index            PAGE  15, SERIES series

 D 12  Final trend cycle
  From  2015.Jan to 2026.Jul
  Observations        139
  Trend filter    13-term Henderson moving average
  I/C ratio        1.65
 -----------------------------------------------------------------------------
               Jan      Feb      Mar      Apr      May      Jun 
               Jul      Aug      Sep      Oct      Nov      Dec        TOTAL  
 -----------------------------------------------------------------------------
  2015         100.     100.     100.     100.     100.     100.
               100.     100.     100.     100.     100.     100.         1201.
 
  2016         100.     100.     100.     100.     100.     100.
               100.     100.     100.     100.     100.     100.         1199.
 
  2017         100.     100.     100.     100.     100.     100.
               100.     100.     100.     100.     100.     100.         1202.
 
  2018         100.     101.     101.     101.     101.     101.
               101.     101.      92.      92.      92.      92.         1175.
 
  2019          92.      92.      92.      92.      93.      93.
                93.      93.      94.      94.      94.      94.         1118.
 
  2020          94.      94.      94.      94.      95.      95.
                95.      95.      95.      95.      95.      95.         1137.
 
  2021          95.      95.      96.      96.      96.      96.
                96.      98.      98.      99.      99.     100.         1163.
 
  2022         100.     100.     101.     112.     112.     113.
               113.     114.     114.     117.     118.     118.         1332.
 
  2023         119.     119.     123.     124.     124.     125.
               125.     126.     126.     126.     127.     127.         1491.
 
  2024         128.     128.     129.     129.     130.     130.
               131.     131.     131.     132.     132.     133.         1563.
 
  2025         133.     134.     134.     134.     134.     135.
               135.     135.     135.     135.     135.     136.         1615.
 
  2026         136.     136.     137.     137.     137.     138.
               138.                                                       959.
 
  AVGE         108.     108.     109.     110.     110.     110.
               111.     108.     108.     108.     108.     109.

  Table Total-     15155.86   Mean-     109.03   Std. Dev.-      15.63
                              Min -      92.28        Max -     138.37
        R35 monthly CPI index            PAGE  16, SERIES series

 D 13  Final irregular component
  From  2015.Jan to 2026.Jul
  Observations        139
 -----------------------------------------------------------------------------
               Jan      Feb      Mar      Apr      May      Jun 
               Jul      Aug      Sep      Oct      Nov      Dec         S.D.  
 -----------------------------------------------------------------------------
  2015        100.0    100.0    100.1     99.8    100.1     99.9
               99.4    100.2     99.5    100.0    100.1    100.0           0.2
 
  2016        100.1     99.9     99.9     99.9    100.3     99.9
               99.9     99.8    100.1    100.1    100.0    100.0           0.1
 
  2017        100.0     99.9     99.8    100.2     99.9    100.1
              100.0     99.9    100.2     99.9     99.9    100.0           0.1
 
  2018         99.8    100.0    100.2    100.1     99.7    100.8
              100.0    100.0    100.7    100.0    100.0    100.1           0.3
 
  2019         99.7    100.2    100.0    100.7     99.9     99.8
               99.8    100.1    100.0    100.4    100.2     99.8           0.3
 
  2020         99.9    102.9    100.1     99.5    100.1     99.9
              100.0    100.4     99.7     99.9    100.1     99.2           0.9
 
  2021        100.5     99.9     99.9     99.9    100.4    100.2
               99.6     99.6    100.2    101.8     99.6    100.4           0.6
 
  2022        100.1     99.9    100.3     99.4    100.1     98.9
              100.5    101.0     99.9     99.8     96.6     99.7           1.1
 
  2023        100.0    100.6     99.6    100.5     99.3    100.0
              100.4     98.6    100.6     99.5     97.5    100.2           0.9
 
  2024         99.7    100.1    102.7    100.0     99.9    100.8
               99.7    100.3     99.6    102.4    102.0    101.5           1.3
 
  2025         99.6    100.3    100.5    101.4    100.4    100.1
              100.0    100.2     99.8    100.6     99.6     99.9           0.5
 
  2026        100.4     99.8    100.1     99.8    100.3     99.7
              100.1                                                        0.2
 
  S.D.          0.2      0.9      0.8      0.5      0.3      0.5
                0.3      0.6      0.3      0.9      1.4      0.5

  Table Total-     13909.22   Mean-     100.07   Std. Dev.-       0.69
                              Min -      96.59        Max -     102.88
        R35 monthly CPI index            PAGE  17, SERIES series

 D 16  Combined adjustment factors
  From  2015.Jan to 2026.Jul
  Observations        139
 -----------------------------------------------------------------------------
               Jan      Feb      Mar      Apr      May      Jun 
               Jul      Aug      Sep      Oct      Nov      Dec         AVGE  
 -----------------------------------------------------------------------------
  2015        99.53    99.78    99.94   100.13    99.98   100.11
             100.83   100.47    99.94    99.75    99.42   100.15        100.00
 
  2016        99.50    99.80    99.95   100.13    99.94   100.09
             100.83   100.50    99.93    99.77    99.44   100.13        100.00
 
  2017        99.47    99.83    99.96   100.09    99.90   100.09
             100.87   100.58    99.91    99.76    99.44   100.07        100.00
 
  2018        99.49    99.87    99.95   100.03    99.88   100.11
             100.92   100.67    99.87    99.73    99.40   100.03         99.99
 
  2019        99.54    99.90    99.96    99.90    99.88   100.15
             101.05   100.77    99.80    99.62    99.32    99.98         99.99
 
  2020        99.62    99.98    99.94    99.84    99.86   100.20
             101.23   100.84    99.73    99.45    99.21    99.99         99.99
 
  2021        99.67   100.04    99.91    99.80    99.83   100.27
             101.44   100.94    99.62    99.24    99.10   100.02         99.99
 
  2022        99.70   100.06    99.87    99.88    99.80   100.35
             101.61   100.99    99.52    99.11    98.95   100.11        100.00
 
  2023        99.69   100.01    99.89    99.95    99.78   100.39
             101.75   101.06    99.41    99.05    98.84   100.15        100.00
 
  2024        99.65    99.95    99.90   100.08    99.77   100.38
             101.82   101.10    99.35    99.09    98.76   100.19        100.00
 
  2025        99.60    99.85    99.93   100.13    99.81   100.36
             101.84   101.16    99.29    99.14    98.75   100.18        100.00
 
  2026        99.57    99.76    99.95   100.16    99.88   100.35
             101.81                                                     100.21
 
  AVGE        99.59    99.90    99.93   100.01    99.86   100.24
             101.33   100.83    99.67    99.43    99.15   100.09

  Table Total-     13901.04   Mean-     100.01   Std. Dev.-       0.60
                              Min -      98.75        Max -     101.84

 D 16.A  Combined adjustment component forecasts
  From  2026.Aug to 2027.Jul
  Observations         12
 -----------------------------------------------------------------------------
               Jan      Feb      Mar      Apr      May      Jun 
               Jul      Aug      Sep      Oct      Nov      Dec         AVGE  
 -----------------------------------------------------------------------------
  2026                                                          
                      101.18    99.25    99.20    98.73   100.20         99.71
 
  2027        99.57    99.69    99.98   100.14    99.94   100.32
             101.80                                                     100.21
 
        R35 monthly CPI index            PAGE  18, SERIES series

 E 4  Ratios of annual totals
  From          2015 to 2025
  Observations         11
 -----------------------------------
  Year       Unmodified     Modified
                  (D11)         (E2)
 -----------------------------------
  2015           100.00       100.00
 
  2016           100.00       100.00
 
  2017           100.00       100.00
 
  2018           100.00       100.00
 
  2019            99.99        99.99
 
  2020            99.99        99.99
 
  2021            99.99        99.99
 
  2022           100.00       100.00
 
  2023           100.00       100.00
 
  2024           100.00       100.00
 
  2025           100.00       100.10
 
        R35 monthly CPI index            PAGE  19, SERIES series

 E 5  Month-to-month percent change in the original series
  From  2015.Feb to 2026.Jul
  Observations        138
 -----------------------------------------------------------------------------
               Jan      Feb      Mar      Apr      May      Jun 
               Jul      Aug      Sep      Oct      Nov      Dec         AVGE  
 -----------------------------------------------------------------------------
  2015                   0.3      0.3      0.0      0.2      0.0
                0.2      0.5     -1.1      0.3     -0.2      0.7           0.1
 
  2016         -0.6      0.0      0.0      0.1      0.1     -0.3
                0.7     -0.5     -0.2     -0.1     -0.4      0.8          -0.0
 
  2017         -0.6      0.3      0.1      0.6     -0.5      0.5
                0.7     -0.5     -0.4     -0.4     -0.3      0.8           0.0
 
  2018         -0.7      0.7      0.5      0.1     -0.5      1.4
                0.0     -0.3     -8.7     -0.9     -0.3      0.8          -0.7
 
  2019         -0.8      0.9     -0.1      0.8     -0.8      0.3
                1.2      0.4     -0.6      0.5     -0.2      0.3           0.2
 
  2020         -0.3      3.3     -2.7     -0.6      0.9      0.3
                1.3      0.1     -1.8     -0.1      0.0      0.0           0.0
 
  2021          1.1      0.0      0.0      0.0      0.5      0.2
                0.6      2.1     -0.4      1.5     -1.8      2.1           0.5
 
  2022         -0.2      0.5      0.5     10.1      1.0     -0.2
                3.3      0.3     -2.2      2.0     -2.9      5.0           1.4
 
  2023          0.3      1.4      2.3      1.4     -1.0      1.6
                2.2     -2.1      0.6     -1.1     -2.0      4.5           0.7
 
  2024         -0.6      1.1      3.0     -2.0     -0.1      1.9
                0.6      0.2     -2.0      2.8     -0.3      1.3           0.5
 
  2025         -2.1      1.1      0.5      1.3     -1.2      0.4
                1.6     -0.4     -2.1      0.7     -1.3      2.0           0.0
 
  2026          0.1     -0.1      0.7      0.2      0.4      0.3
                2.2                                                        0.6
 
  AVGE         -0.4      0.8      0.4      1.0     -0.1      0.5
                1.2     -0.0     -1.7      0.5     -0.9      1.7

  Table Total-        37.04   Mean-       0.27   Std. Dev.-       1.70
                              Min -      -8.66        Max -      10.11
        R35 monthly CPI index            PAGE  20, SERIES series

 E 6  Month-to-month percent change in seasonally adjusted series (D11)
  From  2015.Feb to 2026.Jul
  Observations        138
 -----------------------------------------------------------------------------
               Jan      Feb      Mar      Apr      May      Jun 
               Jul      Aug      Sep      Oct      Nov      Dec         AVGE  
 -----------------------------------------------------------------------------
  2015                   0.0      0.1     -0.2      0.3     -0.1
               -0.5      0.9     -0.6      0.5      0.1     -0.0           0.1
 
  2016          0.1     -0.3     -0.1     -0.1      0.3     -0.5
               -0.0     -0.2      0.4      0.1     -0.1      0.1          -0.0
 
  2017          0.1     -0.1     -0.0      0.5     -0.3      0.3
               -0.1     -0.2      0.3     -0.2      0.0      0.2           0.0
 
  2018         -0.1      0.3      0.4      0.0     -0.3      1.2
               -0.8     -0.0     -7.9     -0.7      0.0      0.1          -0.7
 
  2019         -0.3      0.5     -0.2      0.8     -0.7      0.1
                0.3      0.7      0.3      0.7      0.1     -0.3           0.2
 
  2020          0.0      2.9     -2.6     -0.5      0.8     -0.0
                0.2      0.5     -0.7      0.2      0.2     -0.8           0.0
 
  2021          1.4     -0.4      0.1      0.1      0.5     -0.2
               -0.5      2.6      0.9      1.9     -1.7      1.2           0.5
 
  2022          0.1      0.1      0.7     10.1      1.1     -0.7
                2.0      0.9     -0.7      2.5     -2.8      3.8           1.4
 
  2023          0.8      1.0      2.4      1.3     -0.9      1.0
                0.8     -1.4      2.3     -0.8     -1.8      3.1           0.7
 
  2024         -0.1      0.8      3.0     -2.2      0.2      1.3
               -0.8      0.9     -0.3      3.1      0.0     -0.2           0.5
 
  2025         -1.6      0.9      0.4      1.1     -0.9     -0.1
                0.1      0.2     -0.3      0.9     -0.9      0.5           0.0
 
  2026          0.7     -0.3      0.6      0.0      0.7     -0.2
                0.8                                                        0.3
 
  AVGE          0.1      0.5      0.4      0.9      0.1      0.2
                0.1      0.4     -0.6      0.7     -0.6      0.7

  Table Total-        34.35   Mean-       0.25   Std. Dev.-       1.51
                              Min -      -7.93        Max -      10.10
        R35 monthly CPI index            PAGE  21, SERIES series

 E 7  Month-to-month percent change in final trend cycle (D12)
  From  2015.Feb to 2026.Jul
  Observations        138
 -----------------------------------------------------------------------------
               Jan      Feb      Mar      Apr      May      Jun 
               Jul      Aug      Sep      Oct      Nov      Dec         AVGE  
 -----------------------------------------------------------------------------
  2015                   0.0      0.0      0.1      0.1      0.1
                0.1      0.1      0.1      0.1      0.0     -0.0           0.0
 
  2016         -0.0     -0.1     -0.1     -0.1     -0.1     -0.1
               -0.0     -0.0      0.0      0.1      0.1      0.1          -0.0
 
  2017          0.0      0.1      0.1      0.1      0.1      0.0
                0.0     -0.0     -0.0     -0.0      0.0      0.1           0.0
 
  2018          0.1      0.1      0.1      0.1      0.1      0.0
                0.0     -0.0     -8.6     -0.0     -0.0      0.0          -0.7
 
  2019          0.1      0.1      0.0      0.1      0.1      0.2
                0.3      0.4      0.4      0.3      0.2      0.1           0.2
 
  2020         -0.0     -0.0      0.0      0.1      0.2      0.2
                0.1      0.1      0.0      0.0      0.0      0.1           0.1
 
  2021          0.1      0.2      0.1      0.1      0.0     -0.0
                0.0      2.6      0.3      0.4      0.5      0.4           0.4
 
  2022          0.4      0.3      0.3     11.0      0.4      0.4
                0.4      0.4      0.3      2.6      0.4      0.5           1.5
 
  2023          0.5      0.5      3.4      0.4      0.4      0.3
                0.3      0.3      0.3      0.3      0.3      0.3           0.6
 
  2024          0.4      0.4      0.4      0.4      0.4      0.3
                0.3      0.3      0.4      0.4      0.4      0.3           0.4
 
  2025          0.3      0.3      0.2      0.2      0.2      0.2
                0.1      0.1      0.1      0.1      0.1      0.2           0.2
 
  2026          0.2      0.2      0.3      0.3      0.3      0.4
                0.4                                                        0.3
 
  AVGE          0.2      0.2      0.4      1.1      0.2      0.2
                0.2      0.4     -0.6      0.4      0.2      0.2

  Table Total-        33.79   Mean-       0.24   Std. Dev.-       1.28
                              Min -      -8.55        Max -      11.00
        R35 monthly CPI index            PAGE  22, SERIES series

 E 8  Month-to-month percent change in original series adjusted for calendar factors (A18)
  From  2015.Feb to 2026.Jul
  Observations        138
 -----------------------------------------------------------------------------
               Jan      Feb      Mar      Apr      May      Jun 
               Jul      Aug      Sep      Oct      Nov      Dec         AVGE  
 -----------------------------------------------------------------------------
  2015                   0.3      0.3      0.0      0.2      0.0
                0.2      0.5     -1.1      0.3     -0.2      0.7           0.1
 
  2016         -0.6      0.0      0.0      0.1      0.1     -0.3
                0.7     -0.5     -0.2     -0.1     -0.4      0.8          -0.0
 
  2017         -0.6      0.3      0.1      0.6     -0.5      0.5
                0.7     -0.5     -0.4     -0.4     -0.3      0.8           0.0
 
  2018         -0.7      0.7      0.5      0.1     -0.5      1.4
                0.0     -0.3     -8.7     -0.9     -0.3      0.8          -0.7
 
  2019         -0.8      0.9     -0.1      0.8     -0.8      0.3
                1.2      0.4     -0.6      0.5     -0.2      0.3           0.2
 
  2020         -0.3      3.3     -2.7     -0.6      0.9      0.3
                1.3      0.1     -1.8     -0.1      0.0      0.0           0.0
 
  2021          1.1      0.0      0.0      0.0      0.5      0.2
                0.6      2.1     -0.4      1.5     -1.8      2.1           0.5
 
  2022         -0.2      0.5      0.5     10.1      1.0     -0.2
                3.3      0.3     -2.2      2.0     -2.9      5.0           1.4
 
  2023          0.3      1.4      2.2      1.4     -1.0      1.6
                2.2     -2.1      0.6     -1.1     -2.0      4.5           0.7
 
  2024         -0.6      1.1      3.0     -2.0     -0.1      1.9
                0.6      0.2     -2.0      2.8     -0.3      1.3           0.5
 
  2025         -2.1      1.1      0.5      1.3     -1.2      0.4
                1.6     -0.4     -2.1      0.7     -1.3      2.0           0.0
 
  2026          0.1     -0.1      0.7      0.2      0.4      0.3
                2.2                                                        0.6
 
  AVGE         -0.4      0.8      0.4      1.0     -0.1      0.5
                1.2     -0.0     -1.7      0.5     -0.9      1.7

  Table Total-        37.04   Mean-       0.27   Std. Dev.-       1.70
                              Min -      -8.66        Max -      10.11
        R35 monthly CPI index            PAGE  23, SERIES series

 E 18  Final adjustment ratios
  From  2015.Jan to 2026.Jul
  Observations        139
 -----------------------------------------------------------------------------
               Jan      Feb      Mar      Apr      May      Jun 
               Jul      Aug      Sep      Oct      Nov      Dec         AVGE  
 -----------------------------------------------------------------------------
  2015         99.5     99.8     99.9    100.1    100.0    100.1
              100.8    100.5     99.9     99.7     99.4    100.2         100.0
 
  2016         99.5     99.8     99.9    100.1     99.9    100.1
              100.8    100.5     99.9     99.8     99.4    100.1         100.0
 
  2017         99.5     99.8    100.0    100.1     99.9    100.1
              100.9    100.6     99.9     99.8     99.4    100.1         100.0
 
  2018         99.5     99.9     99.9    100.0     99.9    100.1
              100.9    100.7     99.9     99.7     99.4    100.0         100.0
 
  2019         99.5     99.9    100.0     99.9     99.9    100.2
              101.1    100.8     99.8     99.6     99.3    100.0         100.0
 
  2020         99.6    100.0     99.9     99.8     99.9    100.2
              101.2    100.8     99.7     99.4     99.2    100.0         100.0
 
  2021         99.7    100.0     99.9     99.8     99.8    100.3
              101.4    100.9     99.6     99.2     99.1    100.0         100.0
 
  2022         99.7    100.1     99.9     99.9     99.8    100.4
              101.6    101.0     99.5     99.1     98.9    100.1         100.0
 
  2023         99.7    100.0     99.9    100.0     99.8    100.4
              101.7    101.1     99.4     99.0     98.8    100.2         100.0
 
  2024         99.6     99.9     99.9    100.1     99.8    100.4
              101.8    101.1     99.3     99.1     98.8    100.2         100.0
 
  2025         99.6     99.9     99.9    100.1     99.8    100.4
              101.8    101.2     99.3     99.1     98.7    100.2         100.0
 
  2026         99.6     99.8     99.9    100.2     99.9    100.3
              101.8                                                      100.2
 
  AVGE         99.6     99.9     99.9    100.0     99.9    100.2
              101.3    100.8     99.7     99.4     99.1    100.1

  Table Total-     13901.04   Mean-     100.01   Std. Dev.-       0.60
                              Min -      98.75        Max -     101.84

 E 18.A  Final adjustment ratio forecasts
  From  2026.Aug to 2027.Jul
  Observations         12
 -----------------------------------------------------------------------------
               Jan      Feb      Mar      Apr      May      Jun 
               Jul      Aug      Sep      Oct      Nov      Dec         AVGE  
 -----------------------------------------------------------------------------
  2026                                                          
                       101.2     99.3     99.2     98.7    100.2          99.7
 
  2027         99.6     99.7    100.0    100.1     99.9    100.3
              101.8                                                      100.2
 

  QS statistic for seasonality:
  log(Original Series)                               18.32  (P-Value =     0.0001)
  log(Original Series (EV adj))                      18.18  (P-Value =     0.0001)
  Residuals                                           0.00  (P-Value =     1.0000)
  log(Seasonally Adjusted Series)                     1.70  (P-Value =     0.4265)
  log(SA Series (EV adj))                             0.00  (P-Value =     1.0000)
  Irregular Series                                    0.00  (P-Value =     1.0000)
  Irregular Series (EV adj)                           0.00  (P-Value =     1.0000)

  QS statistic for seasonality (starting 2018.Aug):
  log(Original Series)                               13.23  (P-Value =     0.0013)
  log(Original Series (EV adj))                      10.49  (P-Value =     0.0053)
  Residuals                                           0.00  (P-Value =     1.0000)
  log(Seasonally Adjusted Series)                     1.74  (P-Value =     0.4192)
  log(SA Series (EV adj))                             0.00  (P-Value =     1.0000)
  Irregular Series                                    0.00  (P-Value =     1.0000)
  Irregular Series (EV adj)                           0.00  (P-Value =     1.0000)
        R35 monthly CPI index            PAGE  24, SERIES series
 G 0  10*LOG(SPECTRUM) of the differenced, transformed Prior Adjusted Series
      (Table B1).  Spectrum estimated from 2018.Aug to 2026.Jul.
 ++++++++++I+++++++++++++++++++++++++++++++++++++++++++++++++++++++++++++I
     -29.39I                    S                                        I    -29.39
           I                    S                                        I
           I                    S                                        I
           I                    S                                        I
     -30.91I                    S                                        I    -30.91
           I                    S                                        I
           I                    S                                        I
           I                    S                                        I
     -32.43I                    S                                        I    -32.43
           I                    S                                        I
           I                    S         S                              I
           I                    S         S                              I
     -33.94I                    S         S                              I    -33.94
           I                    S         S                              I
           I                    S         S                              I
           I                    S         S                   S*T        I
     -35.46I                    S         S              *    S*T        I    -35.46
           I                    S         S              *    S*T        I
           I          S         S         S              *    S*T      * I
           I          S         S         S              *    S*T      *SI
     -36.98I          S         S         S              *    S*T*     *SI    -36.98
           I          S         S        *S             **   *S*T*    **SI
           I          S         S        *S             **   *S*T*    **SI
           I          S         S        *S             **   *S*T*    **SI
     -38.49I          S         S        *S*            **   *S*T*    **SI    -38.49
           I          S         S        *S*            **   *S*T*    **SI
           I          S         S        *S*        S   **   *S*T*    **SI
           I          S         S        *S*        S   ***  *S*T*   ***SI
     -40.01I          S         S        *S*        S   ***  *S*T**  ***SI    -40.01
           I          S         S*       *S*        S*  *** **S*T**  ***SI
           I          S         S*       *S*        S*  *** **S*T**  ***SI
           I          S         S*       *S*   *    S*  ******S*T**  ***SI
     -41.53I          S         S*       *S*   *    S*  ******S*T*******SI    -41.53
           I          S         S*      **S*   *    S*  ******S*T*******SI
           I          S         S*      **S** **   *S* *******S*T*******SI
           I          S    *    S*      **S** **   *S*T*******S*T*******SI
     -43.05I          S    *    S*  *   **S******  *S*T*******S*T*******SI    -43.05
           I         *S    *   *S*  *   **S******  *S*T*******S*T*******SI
           I*        *S    *   *S*****  **S******  *S*T*******S*T*******SI
           I*        *S    *   *S***** ***S******  *S*T*******S*T*******SI
     -44.56I*        *S    *   *S*********S******  *S*T*******S*T*******SI    -44.56
           I**       *S    *   *S*********S*********S*T*******S*T*******SI
           I**       *S*   *   *S*********S*********S*T*******S*T*******SI
           I**       *S*   *   *S*********S*********S*T*******S*T*******SI
     -46.08I**       *S*   **  *S*********S*********S*T*******S*T*******SI    -46.08
           I**       *S*  ***  *S*********S*********S*T*******S*T*******SI
           I**       *S*  ***  *S*********S*********S*T*******S*T*******SI
           I***  **  *S*  ***  *S*********S*********S*T*******S*T*******SI
     -47.60I***  ** **S*  ***  *S*********S*********S*T*******S*T*******SI    -47.60
           I*** ******S*  *** **S*********S*********S*T*******S*T*******SI
           I**********S*  *** **S*********S*********S*T*******S*T*******SI
           I**********S*  ******S*********S*********S*T*******S*T*******SI
     -49.11I**********S*********S*********S*********S*T*******S*T*******SI    -49.11
 ++++++++++I+++++++++++++++++++++++++++++++++++++++++++++++++++++++++++++I
            S=SEASONAL FREQUENCIES, T=TRADING DAY FREQUENCIES
        R35 monthly CPI index            PAGE  25, SERIES series
 G 1  10*LOG(SPECTRUM) of the differenced, transformed seasonally adjusted 
      data (Table D11).  Spectrum estimated from 2018.Aug to 2026.Jul.
 ++++++++++I+++++++++++++++++++++++++++++++++++++++++++++++++++++++++++++I
     -28.64I                                                            SI    -28.64
           I                                                            SI
           I                                         *                  SI
           I                                *        *                  SI
     -29.49I                                *        *T                 SI    -29.49
           I                                *        *T                 SI
           I                                *        *T                 SI
           I                                *        *T                 SI
     -30.35I                                *        *T                 SI    -30.35
           I                                *        *T                 SI
           I                                *        *T                 SI
           I                                *        *T                 SI
     -31.21I                                *        *T                 SI    -31.21
           I                                *        *T                 SI
           I                                *        *T*                SI
           I                                *        *T*                SI
     -32.07I                                *        *T*                SI    -32.07
           I                                *        *T*                SI
           I                                *        *T**               SI
           I                                *        *T**               SI
     -32.92I                                *        *T**               SI    -32.92
           I*           *                   *        *T**               SI
           I*           *                   *        *T**           *  *SI
           I**          *                   *        *T**           *  *SI
     -33.78I**          *                   *        *T**           *  *SI    -33.78
           I**          *                   *        *T**           *  *SI
           I***         *              *    *       S*T**           *  *SI
           I***         *              *    *       S*T**           *  *SI
     -34.64I***         *              *    *       S*T**           ** *SI    -34.64
           I***         *              *    *       S*T**           ** *SI
           I****        *   *          *    *       S*T***          ** *SI
           I****        *   *          *    *       S*T***          ** *SI
     -35.49I****        **  **         *    *       S*T***  *       ** *SI    -35.49
           I****        **  **         **   *       S*T***  *       ****SI
           I****       ***  **         **  ***      S*T***  *       ****SI
           I****       *** ****     *  **  ***      S*T*** **       ****SI
     -36.35I****       *** ****     *  **  ***  *   S*T******       ****SI    -36.35
           I*****      *** *****   **  **  ***  *   S*T*******     *****SI
           I*****      *********   ** ***  ***  **  S*T*******     *****SI
           I*****      *********   ** ***  ***  **  S*T*******     *****SI
     -37.21I*****      *********   ** ***  ***  **  S*T*******     *****SI    -37.21
           I*****      *********   ******  ***  **  S*T*******     *****SI
           I*****      *********   ******  ***  **  S*T*******     *****SI
           I******     *********S  ******  ***  ** *S*T*******S    *****SI
     -38.06I******     *********S  ******  ***  ** *S*T*******S*   *****SI    -38.06
           I******     *********S  ******  ***  ** *S*T*******S*   *****SI
           I*******    *********S *******  *** *****S*T*******S*   *****SI
           I********   *********S *******  *** *****S*T*******S*T  *****SI
     -38.92I********  S*********S********* *********S*T*******S*T  *****SI    -38.92
           I********  S*********S********* *********S*T*******S*T ******SI
           I********  S*********S*********S*********S*T*******S*T*******SI
           I********* S*********S*********S*********S*T*******S*T*******SI
     -39.78I**********S*********S*********S*********S*T*******S*T*******SI    -39.78
 ++++++++++I+++++++++++++++++++++++++++++++++++++++++++++++++++++++++++++I
            S=SEASONAL FREQUENCIES, T=TRADING DAY FREQUENCIES
        R35 monthly CPI index            PAGE  26, SERIES series
 G 2  10*LOG(SPECTRUM) of the Irregular (Table D13).  
      Spectrum estimated from 2018.Aug to 2026.Jul.
 ++++++++++I+++++++++++++++++++++++++++++++++++++++++++++++++++++++++++++I
     -40.25I                                                    T        I    -40.25
           I                                                    T        I
           I                                                    T        I
           I                                             *      T        I
     -41.90I                                             *      T        I    -41.90
           I                                            **      T*       I
           I               *                            **      T*       I
           I               *                            **      T*       I
     -43.55I               *       **                   ***     T*       I    -43.55
           I               *       **                   ***     T*       I
           I               *       **                   ***     T*       I
           I               *       **                   ***     T*   *   I
     -45.19I               *       **         *         ***     T*   *   I    -45.19
           I               *       **  *      *         ***     T*   *   I
           I        *      *       *****      **       ****     T*   *   I
           I        *      *       *****      **       ****     T*   *   I
     -46.84I        *      *      ******      **       ****     T*   *   I    -46.84
           I        *      *      ******     ***       *****   *T*  **   I
           I        *      *     *******     ***       *****   *T** **   I
           I        *      *    S*******     ****      *****   *T** ***  I
     -48.49I        *     **    S********    ****      *****   *T** ***  I    -48.49
           I        *     **    S********    ****     T*****   *T******  I
           I        *     **    S********    ****     T*****   *T******  I
           I   *    *     ***   S********   ******    T****** S*T******  I
     -50.13I   *    *     ***   S********   ******    T****** S*T******  I    -50.13
           I   *    **    ***  *S********   *******  *T*******S*T******  I
           I   *    **    ***  *S********   *******  *T*******S*T******  I
           I   *   ***    ***  *S*********  ********S*T*******S*T******* I
     -51.78I   *   ***    ***  *S********* *********S*T*******S*T******* I    -51.78
           I   *   ***   ****  *S*********S*********S*T*******S*T******* I
           I   *   ***S  ****  *S*********S*********S*T*******S*T*******SI
           I   *   ***S* *******S*********S*********S*T*******S*T*******SI
     -53.43I   *   ***S*********S*********S*********S*T*******S*T*******SI    -53.43
           I   *   ***S*********S*********S*********S*T*******S*T*******SI
           I   *   ***S*********S*********S*********S*T*******S*T*******SI
           I   *   ***S*********S*********S*********S*T*******S*T*******SI
     -55.07I   *   ***S*********S*********S*********S*T*******S*T*******SI    -55.07
           I  ***  ***S*********S*********S*********S*T*******S*T*******SI
           I  ***  ***S*********S*********S*********S*T*******S*T*******SI
           I  *** ****S*********S*********S*********S*T*******S*T*******SI
     -56.72I  *** ****S*********S*********S*********S*T*******S*T*******SI    -56.72
           I  *** ****S*********S*********S*********S*T*******S*T*******SI
           I  *** ****S*********S*********S*********S*T*******S*T*******SI
           I  ********S*********S*********S*********S*T*******S*T*******SI
     -58.36I  ********S*********S*********S*********S*T*******S*T*******SI    -58.36
           I  ********S*********S*********S*********S*T*******S*T*******SI
           I  ********S*********S*********S*********S*T*******S*T*******SI
           I  ********S*********S*********S*********S*T*******S*T*******SI
     -60.01I  ********S*********S*********S*********S*T*******S*T*******SI    -60.01
           I *********S*********S*********S*********S*T*******S*T*******SI
           I *********S*********S*********S*********S*T*******S*T*******SI
           I *********S*********S*********S*********S*T*******S*T*******SI
     -61.66I**********S*********S*********S*********S*T*******S*T*******SI    -61.66
 ++++++++++I+++++++++++++++++++++++++++++++++++++++++++++++++++++++++++++I
            S=SEASONAL FREQUENCIES, T=TRADING DAY FREQUENCIES
        R35 monthly CPI index            PAGE  27, SERIES series

  Peak probabilities for Tukey spectrum estimator
  Spectrum estimated from 2018.Aug to 2026.Jul.

                                          S1       S2       S3       S4       S5       S6       TD
                                        ------   ------   ------   ------   ------   ------   ------
  Model Residuals                        0.274    0.639    0.041    0.607    0.206    0.334    0.933* 
  Prior Adjusted Series (Table B1)       0.925*   0.995**  0.953*   0.530    0.842    0.748    0.109  
  Seasonally adjusted series (D11)       0.236    0.363    0.054    0.131    0.787    0.871    0.633  
  Irregular (D13)                        0.506    0.716    0.012    0.060    0.003    0.361    0.188  
  ----------
     ** - Peak Probability > 0.99,
      * - 0.90 < Peak Probability < 0.99



  NP statistic for residual seasonality:

  NP statistic for residual seasonality (Full series)
                                                  Residual Seasonality?
  log(Seasonally Adjusted Series)                          no
  log(Seasonally Adjusted Series (EV adj))                 no

  NP statistic for residual seasonality (Series start in 2018.Aug)
                                                  Residual Seasonality?
  log(Seasonally Adjusted Series)                          no
  log(Seasonally Adjusted Series (EV adj))                 no
