  Reading input spec file from series.spc

1

               U. S. Department of Commerce, U. S. Census Bureau

              X-13ARIMA-SEATS monthly seasonal adjustment Method,
                          Release Version 1.1 Build 62


           This software application provides an enhanced version of
             Statistics Canada's X-11-ARIMA extension (Dagum, 1980)
                 of the X-11 variant of the Census Method II of
                      Shiskin, Young and Musgrave (1967).

            It also provides an ARIMA model-based method following
       Hillmer and Tiao (1982) and Burman (1980) that is very similar
       to the update of the method of SEATS (Gomez and Maravall, 1996)
                produced at the Bank of Spain by G. Caporello and
               A. Maravall for TSW (Caporello and Maravall, 2004).
          The present application includes additional enhancements.

         X-13ARIMA-SEATS includes an automatic ARIMA model selection procedure
          based largely on the procedure of Gomez and Maravall (1998)
            as implemented in TRAMO (1996) and subsequent revisions.

              Primary Programmers: Brian Monsell, Mark Otto and,
                 for the ARIMA model-based signal extraction,
                      Gianluca Caporello and Victor Gomez


     Series Title- R35 monthly CPI index
     Series Name- series
     Sep 22, 2026  22.39.14 

        -Period covered-  1st month,2015 to  8th month,2026
        -Type of run - multiplicative seasonal adjustment

        -Sigma limits for graduating extreme values are  1.5 and  2.5 .
        -3x3 moving average used in section 1 of each iteration, 
         3x5 moving average in section 2 of iterations B and C,
         moving average for final seasonal factors chosen by Global MSR.
        -Spectral plots generated for selected series
        -Spectral plots generated for series starting in 2018.Sep

 FILE SAVE REQUESTS (* indicates file exists and will be overwritten)
  series.d10  final seasonal factors
  series.d11  final seasonally adjusted data
  series.d12  final trend cycle
  series.d13  final irregular component
  series.out  program output file
  series.err  program error file
  series.udg  seasonal adjustment and model diagnostics file
        R35 monthly CPI index            PAGE   1, SERIES series

     Contents of spc file series.spc

 Line #
 ------
      1: series { title="R35 monthly CPI index" start=2015.1 period=12 data=(
      2: 97.900000000000006 97.900000000000006 98.400000000000006 98.099999999999994 99.700000000000003 99.799999999999997
      3: 100.2 101 101 101.7 101.7 102.59999999999999
      4: 102.90000000000001 102.8 102.8 103.09999999999999 103.5 102.90000000000001
      5: 104.2 103.7 104.2 104 103.5 100.8
      6: 103.8 103.90000000000001 104.7 103.5 104 104.8
      7: 104.8 104.5 104.2 104.90000000000001 105.40000000000001 104.3
      8: 105.90000000000001 106.09999999999999 104.8 106.2 106.40000000000001 106.7
      9: 106.90000000000001 106.90000000000001 106.09999999999999 107.8 107.40000000000001 105.5
     10: 107.09999999999999 107.3 107.40000000000001 106.09999999999999 107.09999999999999 108
     11: 107.3 107.5 107.8 108.09999999999999 107.59999999999999 105.59999999999999
     12: 107.2 108.5 109.2 109.09999999999999 109.09999999999999 109.09999999999999
     13: 111.09999999999999 109.7 110 106.7 108.40000000000001 108.3
     14: 109.5 109.09999999999999 109.5 109.90000000000001 111.5 111.3
     15: 111.8 111.90000000000001 113.40000000000001 113.59999999999999 113.5 114.8
     16: 117.7 118.40000000000001 121 121.2 123.8 124
     17: 124.59999999999999 125.40000000000001 126.7 127.40000000000001 128 128.40000000000001
     18: 131.19999999999999 133.5 133 132.90000000000001 134.40000000000001 134.19999999999999
     19: 135.69999999999999 134.5 133.30000000000001 134.5 134.30000000000001 133.40000000000001
     20: 132.80000000000001 132 131.19999999999999 133.59999999999999 132.5 132.09999999999999
     21: 132.80000000000001 132.59999999999999 131 132.80000000000001 131.69999999999999 130.30000000000001
     22: 132.09999999999999 133.40000000000001 133.09999999999999 132.19999999999999 132.40000000000001 133.40000000000001
     23: 133 133.90000000000001 132.90000000000001 133.5 132.90000000000001 132.30000000000001
     24: 133.90000000000001 134.19999999999999 134.90000000000001 134.80000000000001 135 136
     25: 135.30000000000001 135.30000000000001
     26: ) }
     27: transform { function=log }
     28: automdl { }
     29: outlier { types=(ao ls tc) }
     30: x11 { mode=mult save=(d10 d11 d12 d13) appendfcst=no appendbcst=no savelog=all }
     31: spectrum { logqs=yes robustsa=no print=all savelog=all }
     32: check { }
        R35 monthly CPI index            PAGE   2, SERIES series

 A 1  Time series data (for the span analyzed)
  From  2015.Jan to 2026.Aug
  Observations        140
 -----------------------------------------------------------------------------
               Jan      Feb      Mar      Apr      May      Jun 
               Jul      Aug      Sep      Oct      Nov      Dec        TOTAL  
 -----------------------------------------------------------------------------
  2015          98.      98.      98.      98.     100.     100.
               100.     101.     101.     102.     102.     103.         1200.
 
  2016         103.     103.     103.     103.     104.     103.
               104.     104.     104.     104.     104.     101.         1238.
 
  2017         104.     104.     105.     104.     104.     105.
               105.     105.     104.     105.     105.     104.         1253.
 
  2018         106.     106.     105.     106.     106.     107.
               107.     107.     106.     108.     107.     106.         1277.
 
  2019         107.     107.     107.     106.     107.     108.
               107.     108.     108.     108.     108.     106.         1287.
 
  2020         107.     109.     109.     109.     109.     109.
               111.     110.     110.     107.     108.     108.         1306.
 
  2021         110.     109.     110.     110.     112.     111.
               112.     112.     113.     114.     114.     115.         1340.
 
  2022         118.     118.     121.     121.     124.     124.
               125.     125.     127.     127.     128.     128.         1487.
 
  2023         131.     134.     133.     133.     134.     134.
               136.     135.     133.     135.     134.     133.         1605.
 
  2024         133.     132.     131.     134.     133.     132.
               133.     133.     131.     133.     132.     130.         1585.
 
  2025         132.     133.     133.     132.     132.     133.
               133.     134.     133.     134.     133.     132.         1595.
 
  2026         134.     134.     135.     135.     135.     136.
               135.     135.                                             1079.
 
  AVGE         115.     116.     116.     116.     117.     117.
               117.     117.     116.     116.     116.     115.

  Table Total-     16252.40   Mean-     116.09   Std. Dev.-      13.02
                              Min -      97.90        Max -     136.00
        R35 monthly CPI index            PAGE   3, SERIES series
                        Automatic ARIMA Model Selection

                    Procedure based closely on TRAMO method 
                         of Gomez and Maravall (2000)
              "Automatic Modeling Methods for Univariate Series",
                            A Course in Time Series
                  (Edited by D. Pena, G. C. Tiao, R. S. Tsay),
                         New York : J. Wiley and Sons


     Maximum order for regular ARMA parameters :   2
     Maximum order for seasonal ARMA parameters :   1
     Maximum order for regular differencing :   2
     Maximum order for seasonal differencing :   1

   Results of Unit Root Test for identifying orders of differencing:
     Regular difference order :   1
     Seasonal difference order :   0

     Mean is not significant.

  Automatic model choice : (1 1 2)(1 0 1)


  Final Checks for Identified Model


  Checking for Unit Roots.
   Seasonal unit root found.
   ( 1, 1, 2) ( 0, 1, 1)

  Checking for nonseasonal overdifferencing.
   Nonseasonal MA not within  0.001 of 1.0 - model passes test.

  Checking for insignificant ARMA coefficients.

  Final automatic model choice : (1 1 2)(0 1 1)
   End of automatic model selection procedure.

 Average absolute percentage error in within-sample forecasts:
  Last year:   1.19      Last-1 year:   1.88     Last-2 year:   3.47
  Last three years:    2.18

 Estimation converged in   24 ARMA iterations,  155 function evaluations.

 Regression Model
 ------------------------------------------------------------------------------
                             Parameter        Standard
 Variable                     Estimate           Error      t-value
 ------------------------------------------------------------------------------
 Automatically Identified Outliers
   TC2020.Oct                  -0.0339         0.00737        -4.59
 ------------------------------------------------------------------------------


 ARIMA Model:  (1 1 2)(0 1 1)
   Nonseasonal differences: 1
   Seasonal differences:    1
                                              Standard
 Parameter                    Estimate          Errors
 -----------------------------------------------------
 Nonseasonal AR                                    
   Lag  1                      -0.9258         0.10860

 Nonseasonal MA                                    
   Lag  1                      -0.7980         0.13366
   Lag  2                       0.0539         0.08745

 Seasonal MA                                       
   Lag 12                       1.0000         0.09072

 Variance                       0.58141E-04
 SE of Var                      0.72962E-05
 -----------------------------------------------------

 Likelihood Statistics
 ------------------------------------------------------------------
 Number of observations (nobs)                                  140
 Effective number of observations (nefobs)                      127
 Number of parameters estimated (np)                              6
 Log likelihood                                            424.6217
 Transformation Adjustment                                -604.8509
 Adjusted Log likelihood (L)                              -180.2292
 AIC                                                       372.4585 
 AICC (F-corrected-AIC)                                    373.1585 
 Hannan Quinn                                              379.3918 
 BIC                                                       389.5236 
 ------------------------------------------------------------------


 DIAGNOSTIC CHECKING
  Sample Autocorrelations of the Residuals with the Ljung-Box diagnostic.

  Lag      1     2     3     4     5     6     7     8     9    10    11    12
  ACF   0.02  0.02  0.12  0.24  0.24  0.14 -0.01  0.13  0.15  0.18 -0.01 -0.11
  SE    0.09  0.09  0.09  0.09  0.09  0.10  0.10  0.10  0.10  0.10  0.11  0.11
  Q     0.04  0.11  2.09  9.65 17.32 19.92 19.95 22.13 25.23 29.91 29.92 31.65
  DF       0     0     0     0     1     2     3     4     5     6     7     8
  P    0.000 0.000 0.000 0.000 0.000 0.000 0.000 0.000 0.000 0.000 0.000 0.000

  Lag     13    14    15    16    17    18    19    20    21    22    23    24
  ACF   0.00  0.11 -0.01 -0.00 -0.01 -0.10 -0.04 -0.03 -0.03 -0.08 -0.05 -0.14
  SE    0.11  0.11  0.11  0.11  0.11  0.11  0.11  0.11  0.11  0.11  0.11  0.11
  Q    31.65 33.42 33.45 33.45 33.47 35.10 35.35 35.49 35.67 36.75 37.21 40.54
  DF       9    10    11    12    13    14    15    16    17    18    19    20
  P    0.000 0.000 0.000 0.001 0.001 0.001 0.002 0.003 0.005 0.006 0.007 0.004

  The P-values approximate the probability of observing a Q-value at least
  this large when the model fitted is correct.  When DF is positive, small
  values of P, customarily those below 0.05, indicate model inadequacy.

  Sample Autocorrelations of the Residuals
                 -1.0 -0.8 -0.6 -0.4 -0.2  0.0  0.2  0.4  0.6  0.8  1.0
                   +----+----+----+----+----+----+----+----+----+----+
            1                           .   |   .                      0.018
            2                           .   |X  .                      0.022
            3                           .   |XXX.                      0.123
            4                          .    |XXXXXX                    0.238
            5                          .    |XXXXXX                    0.239
            6                          .    |XXX .                     0.139
            7                          .    |    .                    -0.014
            8                          .    |XXX .                     0.126
            9                          .    |XXXX.                     0.150
           10                          .    |XXXXX                     0.183
           11                          .    |    .                    -0.009
           12       - - - - - - - - -  . XXX|    .  - - - - - - - -   -0.110
           13                          .    |    .                     0.005
           14                          .    |XXX .                     0.110
           15                          .    |    .                    -0.014
           16                          .    |    .                    -0.005
           17                          .    |    .                    -0.011
           18                          . XXX|    .                    -0.104
           19                          .   X|    .                    -0.040
           20                          .   X|    .                    -0.030
           21                          .   X|    .                    -0.034
           22                          .  XX|    .                    -0.083
           23                          .   X|    .                    -0.054
           24       - - - - - - - -   . XXXX|     .   - - - - - - -   -0.145
  
  Sample Autocorrelations of the Squared Residuals with the Ljung-Box diagnostic.

  Lag      1     2     3     4     5     6     7     8     9    10    11    12
  ACF   0.07  0.02  0.17 -0.03  0.02  0.02 -0.04 -0.03 -0.05 -0.14  0.08  0.01
  SE    0.09  0.09  0.09  0.09  0.09  0.09  0.09  0.09  0.09  0.09  0.09  0.09
  Q     0.61  0.66  4.68  4.81  4.87  4.92  5.13  5.23  5.51  8.24  9.04  9.06
  DF       0     0     0     0     1     2     3     4     5     6     7     8
  P    0.000 0.000 0.000 0.000 0.027 0.085 0.162 0.265 0.357 0.221 0.250 0.337

  Lag     13    14    15    16    17    18    19    20    21    22    23    24
  ACF   0.02  0.10  0.05  0.05 -0.01 -0.15 -0.05  0.02 -0.02  0.08 -0.11  0.03
  SE    0.09  0.09  0.10  0.10  0.10  0.10  0.10  0.10  0.10  0.10  0.10  0.10
  Q     9.11 10.59 10.93 11.38 11.39 14.67 15.08 15.16 15.21 16.10 18.08 18.26
  DF       9    10    11    12    13    14    15    16    17    18    19    20
  P    0.428 0.390 0.449 0.497 0.579 0.401 0.446 0.513 0.581 0.586 0.517 0.570

  The P-values approximate the probability of observing a Q-value at least
  this large when the model fitted is correct in a way that supports the
  standard interpretations of the test statistics, standard errors, and
  prediction intervals output by X-13ARIMA-SEATS. When DF is positive, small
  values of P, customarily those below 0.05, suggest that model-based
  inferences about statistical significance and uncertainty will be less
  dependable than usual.

  Sample Autocorrelations of the Squared Residuals
                 -1.0 -0.8 -0.6 -0.4 -0.2  0.0  0.2  0.4  0.6  0.8  1.0
                   +----+----+----+----+----+----+----+----+----+----+
            1                           .   |XX .                      0.068
            2                           .   |   .                      0.020
            3                           .   |XXXX                      0.175
            4                          .   X|    .                    -0.032
            5                          .    |X   .                     0.021
            6                          .    |    .                     0.019
            7                          .   X|    .                    -0.039
            8                          .   X|    .                    -0.027
            9                          .   X|    .                    -0.045
           10                          . XXX|    .                    -0.140
           11                          .    |XX  .                     0.075
           12       - - - - - - - - -  .    |    .  - - - - - - - -    0.012
           13                          .    |    .                     0.017
           14                          .    |XXX .                     0.101
           15                          .    |X   .                     0.048
           16                          .    |X   .                     0.055
           17                          .    |    .                    -0.008
           18                          .XXXX|    .                    -0.148
           19                          .   X|    .                    -0.052
           20                          .    |X   .                     0.023
           21                          .    |    .                    -0.016
           22                          .    |XX  .                     0.075
           23                          . XXX|    .                    -0.112
           24       - - - - - - - - -  .    |X   .  - - - - - - - -    0.034
  
 Histogram of the Standardized and Mean-Centered Residuals
  Standard
  Deviations    Frequency
       -3 +
          |##
       -2 +##
          |##########
       -1 +############
          |#####################
        0 +#############################
          |####################
        1 +##############
          |######
        2 +#######
          |##
        3 +##

  One '#'= 1 observation[s]

 Tabular Histogram of the Standardized and Mean-Centered Residuals

  Standard
  Deviations    Frequency

 -3.00                 0

 -2.50                 2

 -2.00                 2

 -1.50                10

 -1.00                12

 -0.50                21

  0.00                29

  0.50                20

  1.00                14

  1.50                 6

  2.00                 7

  2.50                 2

  3.00                 2

 Summary Statistics for the Unstandardized Residuals
  Minimum                    -0.019
  Maximum                     0.020
  Median                     -0.001
  Robust Std Dev              0.007

 Normality Statistics for regARIMA Model Residuals:

    Number of residuals  :    127

    Skewness coefficient :    0.2492    
    Geary's a            :    0.7660    
    Kurtosis             :    3.2845    

  No indication of lack of normality.

 Durbin-Watson Statistic for regARIMA Model Residuals:
  dw =     1.957598

 Friedman Non-Parametric Test for regARIMA Model Residuals:
  ken =     2.184615 ( Asymptotically distributed as Chi-Square(11), P-Value =     0.997735 )

 QS Statistic for regARIMA Model Residuals (full series):             0.00
                                                       (P-Value =     1.0000)

 QS Statistic for regARIMA Model Residuals (starting 2018.Sep):       0.00
                                                       (P-Value =     1.0000)
      10*LOG(SPECTRUM) of the regARIMA model residuals
      Spectrum estimated from 2018.Sep to 2026.Aug.
 ++++++++++I+++++++++++++++++++++++++++++++++++++++++++++++++++++++++++++I
     -33.44I  *                                                          I    -33.44
           I  *                                                          I
           I  *                                                          I
           I  *                                                          I
     -35.09I  *                                                          I    -35.09
           I  *                                                          I
           I  *                        *                                 I
           I  *                        *                                 I
     -36.75I  *                        *                                 I    -36.75
           I  *                        *                                 I
           I  *                        *                                 I
           I  **                       *               *                 I
     -38.40I  **                    *  *               *                 I    -38.40
           I  **                    *  *               *                 I
           I ***                    *  *               *                 I
           I ***                    *  *               *                 I
     -40.06I ***                    *  *               *                 I    -40.06
           I ***                    *  *        *      *    *            I
           I ***                    *  *        *      *   **          * I
           I****                    * **        *      *   **          * I
     -41.71I****                    * ***      ***     *   **          * I    -41.71
           I*****                   * ***  *   ***     *   **          *SI
           I*****                   * ***  **  ***    T*   **   T*     *SI
           I*****                  ** ***  **  ***    T*   **   T*     *SI
     -43.37I*****                  ******  ** ****    T*   **   T*     *SI    -43.37
           I******        *        ****** S*******    T*   **   T*     *SI
           I******        *  *     ****** S*******    T*   **   T*     *SI
           I******        *  *     *******S*******    T** ****  T*     *SI
     -45.02I******        *  *     *******S********   T** ****  T*    **SI    -45.02
           I*******       * **     *******S********   T** ****  T*    **SI
           I*******       ****     *******S********   T** ****  T*    **SI
           I*******      *****     *******S********   T******* *T*    **SI
     -46.68I********     *****     *******S********   T*******S*T*    **SI    -46.68
           I********     *****     *******S********  *T*******S*T*    **SI
           I*********    *****     *******S********* *T*******S*T*    **SI
           I*********    *****     *******S*********S*T*******S*T*    **SI
     -48.33I*********    *****     *******S*********S*T*******S*T*    **SI    -48.33
           I**********   *****     *******S*********S*T*******S*T*    **SI
           I**********   ******    *******S*********S*T*******S*T*    **SI
           I**********  *******    *******S*********S*T*******S*T**   **SI
     -49.99I**********S *******    *******S*********S*T*******S*T**  ***SI    -49.99
           I**********S *******    *******S*********S*T*******S*T**  ***SI
           I**********S********    *******S*********S*T*******S*T**  ***SI
           I**********S********   ********S*********S*T*******S*T**  ***SI
     -51.64I**********S********   ********S*********S*T*******S*T**  ***SI    -51.64
           I**********S********   ********S*********S*T*******S*T*******SI
           I**********S********   ********S*********S*T*******S*T*******SI
           I**********S********   ********S*********S*T*******S*T*******SI
     -53.30I**********S********   ********S*********S*T*******S*T*******SI    -53.30
           I**********S*********  ********S*********S*T*******S*T*******SI
           I**********S*********  ********S*********S*T*******S*T*******SI
           I**********S********* *********S*********S*T*******S*T*******SI
     -54.95I**********S*********S*********S*********S*T*******S*T*******SI    -54.95
 ++++++++++I+++++++++++++++++++++++++++++++++++++++++++++++++++++++++++++I
            S=SEASONAL FREQUENCIES, T=TRADING DAY FREQUENCIES


 FORECASTING
  Origin  2026.Aug
  Number        12

  Forecasts and Standard Errors of the Transformed Data
   ------------------------------
                         Standard
       Date   Forecast      Error
   ------------------------------
   2026.Sep       4.91      0.008
   2026.Oct       4.91      0.010
   2026.Nov       4.91      0.012
   2026.Dec       4.90      0.014
   2027.Jan       4.92      0.016
   2027.Feb       4.92      0.017
   2027.Mar       4.92      0.019
   2027.Apr       4.92      0.020
   2027.May       4.93      0.021
   2027.Jun       4.93      0.022
   2027.Jul       4.93      0.023
   2027.Aug       4.94      0.024
   ------------------------------

  Confidence intervals with coverage probability ( 0.95000
  On the Original Scale
   ---------------------------------------
       Date      Lower  Forecast     Upper
   ---------------------------------------
   2026.Sep     133.03    135.03    137.06
   2026.Oct     133.39    136.07    138.80
   2026.Nov     132.46    135.72    139.05
   2026.Dec     131.23    134.90    138.68
   2027.Jan     132.45    136.61    140.90
   2027.Feb     132.68    137.22    141.90
   2027.Mar     132.42    137.33    142.41
   2027.Apr     132.28    137.50    142.92
   2027.May     132.67    138.24    144.03
   2027.Jun     132.78    138.64    144.75
   2027.Jul     132.90    139.06    145.51
   2027.Aug     132.67    139.09    145.82
   ---------------------------------------
        R35 monthly CPI index            PAGE   4, SERIES series
  
 A 8  RegARIMA combined outlier component
      (TC outliers included)
  From  2015.Jan to 2026.Aug
  Observations        140
 -----------------------------------------------------------------------------
               Jan      Feb      Mar      Apr      May      Jun 
               Jul      Aug      Sep      Oct      Nov      Dec         AVGE  
 -----------------------------------------------------------------------------
  2015        100.0    100.0    100.0    100.0    100.0    100.0
              100.0    100.0    100.0    100.0    100.0    100.0         100.0
 
  2016        100.0    100.0    100.0    100.0    100.0    100.0
              100.0    100.0    100.0    100.0    100.0    100.0         100.0
 
  2017        100.0    100.0    100.0    100.0    100.0    100.0
              100.0    100.0    100.0    100.0    100.0    100.0         100.0
 
  2018        100.0    100.0    100.0    100.0    100.0    100.0
              100.0    100.0    100.0    100.0    100.0    100.0         100.0
 
  2019        100.0    100.0    100.0    100.0    100.0    100.0
              100.0    100.0    100.0    100.0    100.0    100.0         100.0
 
  2020        100.0    100.0    100.0    100.0    100.0    100.0
              100.0    100.0    100.0     96.7     97.7     98.4          99.4
 
  2021         98.8     99.2     99.4     99.6     99.7     99.8
               99.9     99.9     99.9    100.0    100.0    100.0          99.7
 
  2022        100.0    100.0    100.0    100.0    100.0    100.0
              100.0    100.0    100.0    100.0    100.0    100.0         100.0
 
  2023        100.0    100.0    100.0    100.0    100.0    100.0
              100.0    100.0    100.0    100.0    100.0    100.0         100.0
 
  2024        100.0    100.0    100.0    100.0    100.0    100.0
              100.0    100.0    100.0    100.0    100.0    100.0         100.0
 
  2025        100.0    100.0    100.0    100.0    100.0    100.0
              100.0    100.0    100.0    100.0    100.0    100.0         100.0
 
  2026        100.0    100.0    100.0    100.0    100.0    100.0
              100.0    100.0                                             100.0
 
  AVGE         99.9     99.9    100.0    100.0    100.0    100.0
              100.0    100.0    100.0     99.7     99.8     99.8

  Table Total-     13988.83   Mean-      99.92   Std. Dev.-       0.40
                              Min -      96.67        Max -     100.00

 A 8.A  RegARIMA outlier component
  From  2026.Sep to 2027.Aug
  Observations         12
 -----------------------------------------------------------------------------
               Jan      Feb      Mar      Apr      May      Jun 
               Jul      Aug      Sep      Oct      Nov      Dec         AVGE  
 -----------------------------------------------------------------------------
  2026                                                          
                                100.0    100.0    100.0    100.0         100.0
 
  2027        100.0    100.0    100.0    100.0    100.0    100.0
              100.0    100.0                                             100.0
 
        R35 monthly CPI index            PAGE   5, SERIES series
  
 B 1  Original series (prior adjusted)
      (adjusted for regARIMA factors)
  From  2015.Jan to 2026.Aug
  Observations        140
 -----------------------------------------------------------------------------
               Jan      Feb      Mar      Apr      May      Jun 
               Jul      Aug      Sep      Oct      Nov      Dec        TOTAL  
 -----------------------------------------------------------------------------
  2015          98.      98.      98.      98.     100.     100.
               100.     101.     101.     102.     102.     103.         1200.
 
  2016         103.     103.     103.     103.     103.     103.
               104.     104.     104.     104.     103.     101.         1238.
 
  2017         104.     104.     105.     103.     104.     105.
               105.     104.     104.     105.     105.     104.         1253.
 
  2018         106.     106.     105.     106.     106.     107.
               107.     107.     106.     108.     107.     106.         1277.
 
  2019         107.     107.     107.     106.     107.     108.
               107.     107.     108.     108.     108.     106.         1287.
 
  2020         107.     109.     109.     109.     109.     109.
               111.     110.     110.     110.     111.     110.         1314.
 
  2021         111.     110.     110.     110.     112.     112.
               112.     112.     113.     114.     114.     115.         1344.
 
  2022         118.     118.     121.     121.     124.     124.
               125.     125.     127.     127.     128.     128.         1487.
 
  2023         131.     134.     133.     133.     134.     134.
               136.     135.     133.     135.     134.     133.         1605.
 
  2024         133.     132.     131.     134.     133.     132.
               133.     133.     131.     133.     132.     130.         1585.
 
  2025         132.     133.     133.     132.     132.     133.
               133.     134.     133.     134.     133.     132.         1595.
 
  2026         134.     134.     135.     135.     135.     136.
               135.     135.                                             1079.
 
  AVGE         115.     116.     116.     116.     117.     117.
               117.     117.     116.     116.     116.     115.

  Table Total-     16264.76   Mean-     116.18   Std. Dev.-      12.98
                              Min -      97.90        Max -     136.00

 B 1.A  Forecasts of (prior adjusted) original series
  From  2026.Sep to 2027.Aug
  Observations         12
 -----------------------------------------------------------------------------
               Jan      Feb      Mar      Apr      May      Jun 
               Jul      Aug      Sep      Oct      Nov      Dec        TOTAL  
 -----------------------------------------------------------------------------
  2026                                                          
                                 135.     136.     136.     135.          542.
 
  2027         137.     137.     137.     137.     138.     139.
               139.     139.                                             1104.
 
        R35 monthly CPI index            PAGE   6, SERIES series

 C 17  Final weights for irregular component
  From  2015.Jan to 2026.Aug
  Observations        140
  Lower sigma limit    1.50
  Upper sigma limit    2.50
 -----------------------------------------------------------------------------
               Jan      Feb      Mar      Apr      May      Jun 
               Jul      Aug      Sep      Oct      Nov      Dec         S.D.  
 -----------------------------------------------------------------------------
  2015        100.0    100.0    100.0    100.0    100.0    100.0
              100.0    100.0    100.0    100.0     91.9      0.0           0.3
 
  2016        100.0    100.0    100.0    100.0    100.0      0.0
              100.0    100.0      0.0    100.0    100.0      0.0           0.3
 
  2017        100.0    100.0     23.7    100.0    100.0    100.0
              100.0    100.0    100.0    100.0    100.0    100.0           0.3
 
  2018        100.0    100.0      0.0    100.0    100.0    100.0
              100.0    100.0     85.0    100.0    100.0    100.0           0.3
 
  2019        100.0    100.0    100.0      0.0    100.0    100.0
              100.0    100.0    100.0    100.0    100.0    100.0           0.3
 
  2020         85.7    100.0    100.0    100.0    100.0     63.3
                0.0    100.0    100.0    100.0    100.0      0.0           0.3
 
  2021        100.0    100.0    100.0    100.0    100.0    100.0
              100.0    100.0    100.0    100.0      0.0    100.0           0.3
 
  2022        100.0    100.0    100.0    100.0    100.0    100.0
              100.0    100.0    100.0    100.0    100.0    100.0           0.3
 
  2023        100.0      0.0    100.0    100.0    100.0    100.0
                0.0    100.0     28.7    100.0    100.0      0.0           0.3
 
  2024        100.0    100.0      0.0      0.0    100.0    100.0
              100.0    100.0     78.4     91.2    100.0    100.0           0.3
 
  2025        100.0     53.8    100.0    100.0    100.0    100.0
              100.0    100.0    100.0    100.0    100.0    100.0           0.3
 
  2026        100.0    100.0    100.0    100.0    100.0    100.0
              100.0    100.0                                               0.3
 
        R35 monthly CPI index            PAGE   7, SERIES series

 D 8  Final unmodified SI ratios
  From  2015.Jan to 2026.Aug
  Observations        140
 -----------------------------------------------------------------------------
               Jan      Feb      Mar      Apr      May      Jun 
               Jul      Aug      Sep      Oct      Nov      Dec         AVGE  
 -----------------------------------------------------------------------------
  2015        100.4    100.0    100.2     99.4    100.6    100.2
              100.1    100.4     99.9    100.2     99.8    100.3         100.1
 
  2016        100.4    100.1     99.9    100.0    100.1     99.4
              100.5    100.0    100.5    100.4    100.0     97.4          99.9
 
  2017        100.2    100.2    100.9     99.6     99.9    100.6
              100.4    100.1     99.7    100.1    100.2     98.8         100.0
 
  2018        100.1    100.1     98.8    100.0    100.0    100.2
              100.3    100.2     99.3    100.7    100.3     98.5          99.9
 
  2019        100.0    100.2    100.3     99.1     99.9    100.7
               99.9    100.0    100.2    100.5    100.2     98.3          99.9
 
  2020         99.5    100.3    100.5    100.2    100.1     99.9
              101.5    100.0    100.0    100.0    100.3     99.5         100.1
 
  2021        100.2     99.8    100.0    100.0    100.9    100.2
              100.1     99.7    100.4     99.7     98.8     98.9          99.9
 
  2022        100.2     99.6    100.7     99.8    101.0    100.3
              100.0     99.9    100.1     99.9     99.6     99.0         100.0
 
  2023        100.2    101.2    100.3     99.8    100.6    100.2
              101.2    100.2     99.2    100.1    100.1     99.8         100.2
 
  2024         99.9     99.7     99.4    101.3    100.4    100.1
              100.6    100.4     99.2    100.6     99.8     98.6         100.0
 
  2025         99.8    100.7    100.4     99.8     99.9    100.6
              100.1    100.6     99.8    100.1     99.6     99.0         100.0
 
  2026        100.0    100.0    100.3    100.0    100.0    100.7
              100.2    100.1                                             100.2
 
  AVGE        100.1    100.2    100.1     99.9    100.3    100.3
              100.4    100.1     99.8    100.2     99.9     98.9

  Table Total-     14003.40   Mean-     100.02   Std. Dev.-       0.57
                              Min -      97.36        Max -     101.54
        R35 monthly CPI index            PAGE   8, SERIES series

 D 8.B  Final unmodified SI ratios, with labels for outliers and extreme values
  From  2015.Jan to 2026.Aug
  Observations        140
 ---------------------------------------------------------------------
               Jan       Feb       Mar       Apr       May       Jun  
               Jul       Aug       Sep       Oct       Nov       Dec  
 ---------------------------------------------------------------------
  2015       100.4     100.0     100.2      99.4     100.6     100.2  
             100.1     100.4      99.9     100.2      99.8*    100.3* 
 
  2016       100.4     100.1      99.9     100.0     100.1      99.4* 
             100.5     100.0     100.5*    100.4     100.0      97.4* 
 
  2017       100.2     100.2     100.9*     99.6      99.9     100.6  
             100.4     100.1      99.7     100.1     100.2      98.8  
 
  2018       100.1     100.1      98.8*    100.0     100.0     100.2  
             100.3     100.2      99.3*    100.7     100.3      98.5  
 
  2019       100.0     100.2     100.3      99.1*     99.9     100.7  
              99.9     100.0     100.2     100.5     100.2      98.3  
 
  2020        99.5*    100.3     100.5     100.2     100.1      99.9* 
             101.5*    100.0     100.0     100.0#    100.3      99.5* 
 
  2021       100.2      99.8     100.0     100.0     100.9     100.2  
             100.1      99.7     100.4      99.7      98.8*     98.9  
 
  2022       100.2      99.6     100.7      99.8     101.0     100.3  
             100.0      99.9     100.1      99.9      99.6      99.0  
 
  2023       100.2     101.2*    100.3      99.8     100.6     100.2  
             101.2*    100.2      99.2*    100.1     100.1      99.8* 
 
  2024        99.9      99.7      99.4*    101.3*    100.4     100.1  
             100.6     100.4      99.2*    100.6*     99.8      98.6  
 
  2025        99.8     100.7*    100.4      99.8      99.9     100.6  
             100.1     100.6      99.8     100.1      99.6      99.0  
 
  2026       100.0     100.0     100.3     100.0     100.0     100.7  
             100.2     100.1                                          
 

  Key to symbols:
    *  : extreme value as determined by X-11 extreme value procedure
    #  : regARIMA outlier (either AO, LS, TC, or Ramp)
 
        R35 monthly CPI index            PAGE   9, SERIES series

 D 9  Final replacement values for SI ratios
  From  2015.Jan to 2026.Aug
  Observations        140
 ---------------------------------------------------------------
               Jan      Feb      Mar      Apr      May      Jun 
               Jul      Aug      Sep      Oct      Nov      Dec 
 ---------------------------------------------------------------
  2015     ******** ******** ******** ******** ******** ********
           ******** ******** ******** ********     99.8     98.8
 
  2016     ******** ******** ******** ******** ********    100.3
           ******** ********     99.8 ******** ********     98.6
 
  2017     ******** ********    100.4 ******** ******** ********
           ******** ******** ******** ******** ******** ********
 
  2018     ******** ********    100.2 ******** ******** ********
           ******** ********     99.4 ******** ******** ********
 
  2019     ******** ******** ********     99.8 ******** ********
           ******** ******** ******** ******** ******** ********
 
  2020         99.6 ******** ******** ******** ********    100.1
              100.3 ******** ******** ******** ********     98.8
 
  2021     ******** ******** ******** ******** ******** ********
           ******** ******** ******** ********     99.9 ********
 
  2022     ******** ******** ******** ******** ******** ********
           ******** ******** ******** ******** ******** ********
 
  2023     ********    100.0 ******** ******** ******** ********
              100.4 ********     99.7 ******** ********     98.9
 
  2024     ******** ********    100.4     99.9 ******** ********
           ******** ********     99.3    100.6 ******** ********
 
  2025     ********    100.4 ******** ******** ******** ********
           ******** ******** ******** ******** ******** ********
 
  2026     ******** ******** ******** ******** ******** ********
           ******** ********                                    
 

 D 9.A  Moving seasonality ratio
 ---------------------------------------------------------------
               Jan      Feb      Mar      Apr      May      Jun 
 ---------------------------------------------------------------
   I          0.180    0.247    0.255    0.263    0.249    0.241
   S          0.043    0.042    0.038    0.038    0.062    0.036
 RATIO        4.186    5.843    6.688    6.944    4.031    6.677



 ---------------------------------------------------------------
               Jul      Aug      Sep      Oct      Nov      Dec 
 ---------------------------------------------------------------
   I          0.263    0.222    0.363    0.362    0.226    0.222
   S          0.032    0.058    0.063    0.059    0.049    0.037
 RATIO        8.337    3.807    5.739    6.140    4.623    5.987



        R35 monthly CPI index            PAGE  10, SERIES series

 D 10  Final seasonal factors
  From  2015.Jan to 2026.Aug
  Observations        140
  Seasonal filter    3 x 5 moving average
 -----------------------------------------------------------------------------
               Jan      Feb      Mar      Apr      May      Jun 
               Jul      Aug      Sep      Oct      Nov      Dec         AVGE  
 -----------------------------------------------------------------------------
  2015       100.28   100.10   100.13    99.70   100.19   100.33
             100.36   100.18    99.73   100.28   100.03    98.71        100.00
 
  2016       100.25   100.11   100.15    99.72   100.16   100.35
             100.33   100.17    99.74   100.32   100.05    98.67        100.00
 
  2017       100.17   100.13   100.18    99.79   100.10   100.36
             100.31   100.13    99.76   100.35   100.11    98.62        100.00
 
  2018       100.08   100.14   100.22    99.84   100.11   100.38
             100.27   100.06    99.84   100.32   100.14    98.61        100.00
 
  2019       100.02   100.09   100.27    99.90   100.20   100.35
             100.22   100.00    99.91   100.26   100.13    98.63        100.00
 
  2020       100.03   100.03   100.30    99.90   100.36   100.33
             100.17    99.95   100.00   100.16   100.08    98.69        100.00
 
  2021       100.04    99.94   100.33    99.91   100.49   100.27
             100.18    99.96    99.99   100.11   100.00    98.76        100.00
 
  2022       100.06    99.91   100.34    99.88   100.56   100.26
             100.22   100.03    99.93   100.07    99.91    98.83        100.00
 
  2023       100.05    99.91   100.36    99.86   100.52   100.28
             100.26   100.13    99.81   100.11    99.82    98.87        100.00
 
  2024       100.04    99.98   100.35    99.86   100.40   100.34
             100.27   100.23    99.72   100.17    99.78    98.88        100.00
 
  2025        99.99   100.05   100.34    99.88   100.26   100.39
             100.30   100.29    99.64   100.24    99.76    98.87        100.00
 
  2026        99.95   100.13   100.30    99.91   100.17   100.43
             100.30   100.33                                            100.19
 
  AVGE       100.08   100.04   100.27    99.85   100.29   100.34
             100.27   100.12    99.82   100.22    99.98    98.74

  Table Total-     14001.52   Mean-     100.01   Std. Dev.-       0.42
                              Min -      98.61        Max -     100.56

 D 10.A  Final seasonal component forecasts
  From  2026.Sep to 2027.Aug
  Observations         12
 -----------------------------------------------------------------------------
               Jan      Feb      Mar      Apr      May      Jun 
               Jul      Aug      Sep      Oct      Nov      Dec         AVGE  
 -----------------------------------------------------------------------------
  2026                                                          
                                99.60   100.28    99.75    98.85         99.62
 
  2027        99.93   100.16   100.30    99.92   100.12   100.46
             100.28   100.34                                            100.19
 
        R35 monthly CPI index            PAGE  11, SERIES series

 D 11  Final seasonally adjusted data
  From  2015.Jan to 2026.Aug
  Observations        140
 -----------------------------------------------------------------------------
               Jan      Feb      Mar      Apr      May      Jun 
               Jul      Aug      Sep      Oct      Nov      Dec        TOTAL  
 -----------------------------------------------------------------------------
  2015          98.      98.      98.      98.     100.      99.
               100.     101.     101.     101.     102.     104.         1200.
 
  2016         103.     103.     103.     103.     103.     103.
               104.     104.     104.     104.     103.     102.         1238.
 
  2017         104.     104.     105.     104.     104.     104.
               104.     104.     104.     105.     105.     106.         1253.
 
  2018         106.     106.     105.     106.     106.     106.
               107.     107.     106.     107.     107.     107.         1277.
 
  2019         107.     107.     107.     106.     107.     108.
               107.     108.     108.     108.     107.     107.         1287.
 
  2020         107.     108.     109.     109.     109.     109.
               111.     110.     110.     107.     108.     110.         1306.
 
  2021         109.     109.     109.     110.     111.     111.
               112.     112.     113.     113.     114.     116.         1340.
 
  2022         118.     119.     121.     121.     123.     124.
               124.     125.     127.     127.     128.     130.         1487.
 
  2023         131.     134.     133.     133.     134.     134.
               135.     134.     134.     134.     135.     135.         1605.
 
  2024         133.     132.     131.     134.     132.     132.
               132.     132.     131.     133.     132.     132.         1585.
 
  2025         132.     133.     133.     132.     132.     133.
               133.     134.     133.     133.     133.     134.         1595.
 
  2026         134.     134.     134.     135.     135.     135.
               135.     135.                                             1077.
 
  AVGE         115.     116.     116.     116.     116.     116.
               117.     117.     116.     116.     116.     117.

  Table Total-     16250.62   Mean-     116.08   Std. Dev.-      13.01
                              Min -      97.63        Max -     135.42
        R35 monthly CPI index            PAGE  12, SERIES series

 D 12  Final trend cycle
  From  2015.Jan to 2026.Aug
  Observations        140
  Trend filter     9-term Henderson moving average
  I/C ratio        0.99
 -----------------------------------------------------------------------------
               Jan      Feb      Mar      Apr      May      Jun 
               Jul      Aug      Sep      Oct      Nov      Dec        TOTAL  
 -----------------------------------------------------------------------------
  2015          98.      98.      98.      99.      99.     100.
               100.     101.     101.     102.     102.     102.         1198.
 
  2016         103.     103.     103.     103.     103.     104.
               104.     104.     104.     104.     104.     104.         1240.
 
  2017         104.     104.     104.     104.     104.     104.
               104.     104.     105.     105.     105.     106.         1252.
 
  2018         106.     106.     106.     106.     106.     106.
               107.     107.     107.     107.     107.     107.         1278.
 
  2019         107.     107.     107.     107.     107.     107.
               107.     108.     108.     108.     107.     107.         1288.
 
  2020         108.     108.     109.     109.     109.     109.
               109.     110.     110.     110.     111.     111.         1313.
 
  2021         110.     110.     110.     110.     111.     111.
               112.     112.     113.     114.     115.     116.         1345.
 
  2022         117.     119.     120.     122.     123.     124.
               125.     125.     126.     127.     129.     130.         1487.
 
  2023         131.     132.     133.     133.     134.     134.
               134.     134.     134.     134.     134.     134.         1601.
 
  2024         133.     132.     132.     132.     132.     132.
               132.     132.     132.     132.     132.     132.         1585.
 
  2025         132.     132.     133.     132.     132.     133.
               133.     133.     133.     133.     133.     134.         1595.
 
  2026         134.     134.     134.     135.     135.     135.
               135.     135.                                             1078.
 
  AVGE         115.     115.     116.     116.     116.     117.
               117.     117.     116.     116.     116.     117.

  Table Total-     16260.34   Mean-     116.15   Std. Dev.-      12.92
                              Min -      97.50        Max -     135.14
        R35 monthly CPI index            PAGE  13, SERIES series

 D 13  Final irregular component
  From  2015.Jan to 2026.Aug
  Observations        140
 -----------------------------------------------------------------------------
               Jan      Feb      Mar      Apr      May      Jun 
               Jul      Aug      Sep      Oct      Nov      Dec         S.D.  
 -----------------------------------------------------------------------------
  2015        100.1     99.9    100.0     99.7    100.4     99.9
               99.7    100.2    100.2     99.9     99.8    101.7           0.5
 
  2016        100.1    100.0     99.7    100.2     99.9     99.0
              100.2     99.8    100.8    100.1     99.9     98.7           0.5
 
  2017        100.0    100.0    100.7     99.8     99.8    100.2
              100.1    100.0     99.9     99.8    100.1    100.2           0.2
 
  2018        100.0    100.0     98.5    100.2    100.0     99.9
              100.1    100.1     99.4    100.4    100.1     99.8           0.5
 
  2019         99.9    100.1    100.1     99.2     99.8    100.4
               99.7     99.9    100.2    100.2    100.0     99.7           0.3
 
  2020         99.6    100.3    100.2    100.2     99.7     99.6
              101.4    100.0     99.9     96.5     97.9     99.1           1.3
 
  2021         99.1     99.0     99.1     99.6    100.1     99.7
               99.8     99.7    100.4     99.6     98.8    100.1           0.6
 
  2022        100.1     99.7    100.3     99.8    100.3    100.0
               99.8     99.9    100.3     99.9     99.7    100.1           0.2
 
  2023        100.1    101.3     99.9    100.0    100.1     99.9
              100.9    100.0     99.4    100.0    100.3    101.0           0.6
 
  2024         99.9     99.8     99.1    101.5    100.0     99.7
              100.3    100.1     99.4    100.4    100.0     99.7           0.6
 
  2025         99.8    100.6    100.1     99.9     99.7    100.2
               99.8    100.3    100.1     99.9     99.8    100.2           0.2
 
  2026        100.0     99.9    100.0    100.1     99.9    100.3
               99.9     99.8                                               0.2
 
  S.D.          0.3      0.5      0.6      0.5      0.2      0.4
                0.5      0.2      0.4      1.1      0.8      0.8

  Table Total-     13990.66   Mean-      99.93   Std. Dev.-       0.57
                              Min -      96.48        Max -     101.68
        R35 monthly CPI index            PAGE  14, SERIES series

 D 16  Combined adjustment factors
  From  2015.Jan to 2026.Aug
  Observations        140
 -----------------------------------------------------------------------------
               Jan      Feb      Mar      Apr      May      Jun 
               Jul      Aug      Sep      Oct      Nov      Dec         AVGE  
 -----------------------------------------------------------------------------
  2015       100.28   100.10   100.13    99.70   100.19   100.33
             100.36   100.18    99.73   100.28   100.03    98.71        100.00
 
  2016       100.25   100.11   100.15    99.72   100.16   100.35
             100.33   100.17    99.74   100.32   100.05    98.67        100.00
 
  2017       100.17   100.13   100.18    99.79   100.10   100.36
             100.31   100.13    99.76   100.35   100.11    98.62        100.00
 
  2018       100.08   100.14   100.22    99.84   100.11   100.38
             100.27   100.06    99.84   100.32   100.14    98.61        100.00
 
  2019       100.02   100.09   100.27    99.90   100.20   100.35
             100.22   100.00    99.91   100.26   100.13    98.63        100.00
 
  2020       100.03   100.03   100.30    99.90   100.36   100.33
             100.17    99.95   100.00   100.16   100.08    98.69        100.00
 
  2021       100.04    99.94   100.33    99.91   100.49   100.27
             100.18    99.96    99.99   100.11   100.00    98.76        100.00
 
  2022       100.06    99.91   100.34    99.88   100.56   100.26
             100.22   100.03    99.93   100.07    99.91    98.83        100.00
 
  2023       100.05    99.91   100.36    99.86   100.52   100.28
             100.26   100.13    99.81   100.11    99.82    98.87        100.00
 
  2024       100.04    99.98   100.35    99.86   100.40   100.34
             100.27   100.23    99.72   100.17    99.78    98.88        100.00
 
  2025        99.99   100.05   100.34    99.88   100.26   100.39
             100.30   100.29    99.64   100.24    99.76    98.87        100.00
 
  2026        99.95   100.13   100.30    99.91   100.17   100.43
             100.30   100.33                                            100.19
 
  AVGE       100.08   100.04   100.27    99.85   100.29   100.34
             100.27   100.12    99.82   100.22    99.98    98.74

  Table Total-     14001.52   Mean-     100.01   Std. Dev.-       0.42
                              Min -      98.61        Max -     100.56

 D 16.A  Combined adjustment component forecasts
  From  2026.Sep to 2027.Aug
  Observations         12
 -----------------------------------------------------------------------------
               Jan      Feb      Mar      Apr      May      Jun 
               Jul      Aug      Sep      Oct      Nov      Dec         AVGE  
 -----------------------------------------------------------------------------
  2026                                                          
                                99.60   100.28    99.75    98.85         99.62
 
  2027        99.93   100.16   100.30    99.92   100.12   100.46
             100.28   100.34                                            100.19
 
        R35 monthly CPI index            PAGE  15, SERIES series

 E 4  Ratios of annual totals
  From          2015 to 2025
  Observations         11
 -----------------------------------
  Year       Unmodified     Modified
                  (D11)         (E2)
 -----------------------------------
  2015           100.00       100.00
 
  2016           100.00       100.00
 
  2017           100.00       100.00
 
  2018           100.00       100.00
 
  2019           100.00       100.00
 
  2020           100.00        99.86
 
  2021            99.99        99.99
 
  2022            99.99        99.99
 
  2023           100.00       100.00
 
  2024           100.00       100.00
 
  2025           100.00       100.00
 
        R35 monthly CPI index            PAGE  16, SERIES series

 E 5  Month-to-month percent change in the original series
  From  2015.Feb to 2026.Aug
  Observations        139
 -----------------------------------------------------------------------------
               Jan      Feb      Mar      Apr      May      Jun 
               Jul      Aug      Sep      Oct      Nov      Dec         AVGE  
 -----------------------------------------------------------------------------
  2015                   0.0      0.5     -0.3      1.6      0.1
                0.4      0.8      0.0      0.7      0.0      0.9           0.4
 
  2016          0.3     -0.1      0.0      0.3      0.4     -0.6
                1.3     -0.5      0.5     -0.2     -0.5     -2.6          -0.1
 
  2017          3.0      0.1      0.8     -1.1      0.5      0.8
                0.0     -0.3     -0.3      0.7      0.5     -1.0           0.3
 
  2018          1.5      0.2     -1.2      1.3      0.2      0.3
                0.2      0.0     -0.7      1.6     -0.4     -1.8           0.1
 
  2019          1.5      0.2      0.1     -1.2      0.9      0.8
               -0.6      0.2      0.3      0.3     -0.5     -1.9           0.0
 
  2020          1.5      1.2      0.6     -0.1      0.0      0.0
                1.8     -1.3      0.3     -3.0      1.6     -0.1           0.2
 
  2021          1.1     -0.4      0.4      0.4      1.5     -0.2
                0.4      0.1      1.3      0.2     -0.1      1.1           0.5
 
  2022          2.5      0.6      2.2      0.2      2.1      0.2
                0.5      0.6      1.0      0.6      0.5      0.3           0.9
 
  2023          2.2      1.8     -0.4     -0.1      1.1     -0.1
                1.1     -0.9     -0.9      0.9     -0.1     -0.7           0.3
 
  2024         -0.4     -0.6     -0.6      1.8     -0.8     -0.3
                0.5     -0.2     -1.2      1.4     -0.8     -1.1          -0.2
 
  2025          1.4      1.0     -0.2     -0.7      0.2      0.8
               -0.3      0.7     -0.7      0.5     -0.4     -0.5           0.1
 
  2026          1.2      0.2      0.5     -0.1      0.1      0.7
               -0.5      0.0                                               0.3
 
  AVGE          1.4      0.3      0.2      0.0      0.7      0.2
                0.4     -0.1     -0.0      0.3     -0.0     -0.7

  Table Total-        33.00   Mean-       0.24   Std. Dev.-       0.96
                              Min -      -3.00        Max -       2.98
        R35 monthly CPI index            PAGE  17, SERIES series

 E 6  Month-to-month percent change in seasonally adjusted series (D11)
  From  2015.Feb to 2026.Aug
  Observations        139
 -----------------------------------------------------------------------------
               Jan      Feb      Mar      Apr      May      Jun 
               Jul      Aug      Sep      Oct      Nov      Dec         AVGE  
 -----------------------------------------------------------------------------
  2015                   0.2      0.5      0.1      1.1     -0.0
                0.4      1.0      0.5      0.1      0.3      2.2           0.6
 
  2016         -1.3      0.0     -0.0      0.7     -0.1     -0.8
                1.3     -0.3      0.9     -0.8     -0.2     -1.2          -0.1
 
  2017          1.4      0.1      0.7     -0.8      0.2      0.5
                0.1     -0.1      0.1      0.1      0.7      0.4           0.3
 
  2018          0.1      0.1     -1.3      1.7     -0.1      0.0
                0.3      0.2     -0.5      1.1     -0.2     -0.2           0.1
 
  2019          0.1      0.1     -0.1     -0.9      0.6      0.7
               -0.5      0.4      0.4     -0.1     -0.3     -0.4           0.0
 
  2020          0.1      1.2      0.4      0.3     -0.5      0.0
                2.0     -1.1      0.2     -3.2      1.7      1.3           0.2
 
  2021         -0.2     -0.3     -0.0      0.8      0.9      0.0
                0.5      0.3      1.3      0.1      0.0      2.4           0.5
 
  2022          1.2      0.7      1.8      0.6      1.5      0.5
                0.5      0.8      1.1      0.4      0.6      1.4           0.9
 
  2023          0.9      1.9     -0.8      0.4      0.5      0.1
                1.1     -0.8     -0.6      0.6      0.1      0.3           0.3
 
  2024         -1.6     -0.5     -1.0      2.3     -1.4     -0.2
                0.6     -0.1     -0.7      0.9     -0.4     -0.2          -0.2
 
  2025          0.3      0.9     -0.5     -0.2     -0.2      0.6
               -0.2      0.7     -0.1     -0.2      0.0      0.4           0.1
 
  2026          0.1      0.0      0.3      0.3     -0.1      0.5
               -0.4     -0.0                                               0.1
 
  AVGE          0.1      0.4     -0.0      0.5      0.2      0.2
                0.5      0.1      0.2     -0.1      0.2      0.6

  Table Total-        32.79   Mean-       0.24   Std. Dev.-       0.83
                              Min -      -3.16        Max -       2.41
        R35 monthly CPI index            PAGE  18, SERIES series

 E 7  Month-to-month percent change in final trend cycle (D12)
  From  2015.Feb to 2026.Aug
  Observations        139
 -----------------------------------------------------------------------------
               Jan      Feb      Mar      Apr      May      Jun 
               Jul      Aug      Sep      Oct      Nov      Dec         AVGE  
 -----------------------------------------------------------------------------
  2015                   0.4      0.4      0.4      0.4      0.5
                0.5      0.5      0.5      0.4      0.4      0.3           0.4
 
  2016          0.3      0.2      0.2      0.2      0.2      0.2
                0.1      0.0     -0.0     -0.1     -0.1      0.0           0.1
 
  2017          0.1      0.1      0.1      0.1      0.1      0.2
                0.1      0.1      0.1      0.3      0.4      0.4           0.2
 
  2018          0.3      0.2      0.1      0.1      0.1      0.1
                0.1      0.2      0.2      0.2      0.1      0.0           0.1
 
  2019         -0.0     -0.1     -0.0      0.0      0.0      0.1
                0.2      0.2      0.1     -0.1     -0.2     -0.1           0.0
 
  2020          0.3      0.5      0.5      0.2      0.1      0.1
                0.2      0.3      0.3      0.3      0.2      0.0           0.3
 
  2021         -0.2     -0.2     -0.1      0.2      0.4      0.4
                0.4      0.5      0.6      0.8      0.9      1.1           0.4
 
  2022          1.1      1.2      1.2      1.1      0.9      0.8
                0.7      0.7      0.7      0.8      0.9      0.9           0.9
 
  2023          0.9      0.8      0.5      0.4      0.3      0.3
                0.2      0.1      0.1     -0.0     -0.2     -0.4           0.2
 
  2024         -0.5     -0.4     -0.3     -0.1      0.1      0.1
                0.0      0.0     -0.0     -0.1     -0.0      0.1          -0.1
 
  2025          0.2      0.1      0.1     -0.1     -0.0      0.1
                0.3      0.2      0.1      0.0      0.1      0.1           0.1
 
  2026          0.2      0.2      0.2      0.2      0.1      0.0
                0.0      0.1                                               0.1
 
  AVGE          0.2      0.2      0.2      0.2      0.2      0.2
                0.2      0.2      0.2      0.2      0.2      0.2

  Table Total-        32.75   Mean-       0.24   Std. Dev.-       0.40
                              Min -      -0.52        Max -       1.21
        R35 monthly CPI index            PAGE  19, SERIES series

 E 8  Month-to-month percent change in original series adjusted for calendar factors (A18)
  From  2015.Feb to 2026.Aug
  Observations        139
 -----------------------------------------------------------------------------
               Jan      Feb      Mar      Apr      May      Jun 
               Jul      Aug      Sep      Oct      Nov      Dec         AVGE  
 -----------------------------------------------------------------------------
  2015                   0.0      0.5     -0.3      1.6      0.1
                0.4      0.8      0.0      0.7      0.0      0.9           0.4
 
  2016          0.3     -0.1      0.0      0.3      0.4     -0.6
                1.3     -0.5      0.5     -0.2     -0.5     -2.6          -0.1
 
  2017          3.0      0.1      0.8     -1.1      0.5      0.8
                0.0     -0.3     -0.3      0.7      0.5     -1.0           0.3
 
  2018          1.5      0.2     -1.2      1.3      0.2      0.3
                0.2      0.0     -0.7      1.6     -0.4     -1.8           0.1
 
  2019          1.5      0.2      0.1     -1.2      0.9      0.8
               -0.6      0.2      0.3      0.3     -0.5     -1.9           0.0
 
  2020          1.5      1.2      0.6     -0.1      0.0      0.0
                1.8     -1.3      0.3     -3.0      1.6     -0.1           0.2
 
  2021          1.1     -0.4      0.4      0.4      1.5     -0.2
                0.4      0.1      1.3      0.2     -0.1      1.1           0.5
 
  2022          2.5      0.6      2.2      0.2      2.1      0.2
                0.5      0.6      1.0      0.6      0.5      0.3           0.9
 
  2023          2.2      1.8     -0.4     -0.1      1.1     -0.1
                1.1     -0.9     -0.9      0.9     -0.1     -0.7           0.3
 
  2024         -0.4     -0.6     -0.6      1.8     -0.8     -0.3
                0.5     -0.2     -1.2      1.4     -0.8     -1.1          -0.2
 
  2025          1.4      1.0     -0.2     -0.7      0.2      0.8
               -0.3      0.7     -0.7      0.5     -0.4     -0.5           0.1
 
  2026          1.2      0.2      0.5     -0.1      0.1      0.7
               -0.5      0.0                                               0.3
 
  AVGE          1.4      0.3      0.2      0.0      0.7      0.2
                0.4     -0.1     -0.0      0.3     -0.0     -0.7

  Table Total-        33.00   Mean-       0.24   Std. Dev.-       0.96
                              Min -      -3.00        Max -       2.98
        R35 monthly CPI index            PAGE  20, SERIES series

 E 18  Final adjustment ratios
  From  2015.Jan to 2026.Aug
  Observations        140
 -----------------------------------------------------------------------------
               Jan      Feb      Mar      Apr      May      Jun 
               Jul      Aug      Sep      Oct      Nov      Dec         AVGE  
 -----------------------------------------------------------------------------
  2015        100.3    100.1    100.1     99.7    100.2    100.3
              100.4    100.2     99.7    100.3    100.0     98.7         100.0
 
  2016        100.2    100.1    100.1     99.7    100.2    100.3
              100.3    100.2     99.7    100.3    100.0     98.7         100.0
 
  2017        100.2    100.1    100.2     99.8    100.1    100.4
              100.3    100.1     99.8    100.4    100.1     98.6         100.0
 
  2018        100.1    100.1    100.2     99.8    100.1    100.4
              100.3    100.1     99.8    100.3    100.1     98.6         100.0
 
  2019        100.0    100.1    100.3     99.9    100.2    100.4
              100.2    100.0     99.9    100.3    100.1     98.6         100.0
 
  2020        100.0    100.0    100.3     99.9    100.4    100.3
              100.2    100.0    100.0    100.2    100.1     98.7         100.0
 
  2021        100.0     99.9    100.3     99.9    100.5    100.3
              100.2    100.0    100.0    100.1    100.0     98.8         100.0
 
  2022        100.1     99.9    100.3     99.9    100.6    100.3
              100.2    100.0     99.9    100.1     99.9     98.8         100.0
 
  2023        100.1     99.9    100.4     99.9    100.5    100.3
              100.3    100.1     99.8    100.1     99.8     98.9         100.0
 
  2024        100.0    100.0    100.3     99.9    100.4    100.3
              100.3    100.2     99.7    100.2     99.8     98.9         100.0
 
  2025        100.0    100.1    100.3     99.9    100.3    100.4
              100.3    100.3     99.6    100.2     99.8     98.9         100.0
 
  2026        100.0    100.1    100.3     99.9    100.2    100.4
              100.3    100.3                                             100.2
 
  AVGE        100.1    100.0    100.3     99.8    100.3    100.3
              100.3    100.1     99.8    100.2    100.0     98.7

  Table Total-     14001.52   Mean-     100.01   Std. Dev.-       0.42
                              Min -      98.61        Max -     100.56

 E 18.A  Final adjustment ratio forecasts
  From  2026.Sep to 2027.Aug
  Observations         12
 -----------------------------------------------------------------------------
               Jan      Feb      Mar      Apr      May      Jun 
               Jul      Aug      Sep      Oct      Nov      Dec         AVGE  
 -----------------------------------------------------------------------------
  2026                                                          
                                 99.6    100.3     99.8     98.9          99.6
 
  2027         99.9    100.2    100.3     99.9    100.1    100.5
              100.3    100.3                                             100.2
 

  QS statistic for seasonality:
  log(Original Series)                               11.08  (P-Value =     0.0039)
  log(Original Series (EV adj))                      17.97  (P-Value =     0.0001)
  Residuals                                           0.00  (P-Value =     1.0000)
  log(Seasonally Adjusted Series)                     0.00  (P-Value =     1.0000)
  log(SA Series (EV adj))                             0.00  (P-Value =     1.0000)
  Irregular Series                                    0.00  (P-Value =     1.0000)
  Irregular Series (EV adj)                           0.00  (P-Value =     1.0000)

  QS statistic for seasonality (starting 2018.Sep):
  log(Original Series)                                7.37  (P-Value =     0.0252)
  log(Original Series (EV adj))                      11.64  (P-Value =     0.0030)
  Residuals                                           0.00  (P-Value =     1.0000)
  log(Seasonally Adjusted Series)                     0.95  (P-Value =     0.6226)
  log(SA Series (EV adj))                             0.07  (P-Value =     0.9653)
  Irregular Series                                    0.00  (P-Value =     1.0000)
  Irregular Series (EV adj)                           0.00  (P-Value =     1.0000)


 WARNING: Series should not be a candidate for seasonal adjustment
          because the spectrum of the prior adjusted series (Table B1)
          has no visually significant seasonal peaks.

          If this is a component series of an indirectly adjusted
          composite series, consider using type = trend or type = summary
          in the x11 spec.
        R35 monthly CPI index            PAGE  21, SERIES series
 G 0  10*LOG(SPECTRUM) of the differenced, transformed Prior Adjusted Series
      (Table B1).  Spectrum estimated from 2018.Sep to 2026.Aug.
 ++++++++++I+++++++++++++++++++++++++++++++++++++++++++++++++++++++++++++I
     -33.44I  *                                                          I    -33.44
           I  *                                                          I
           I  *                                                          I
           I  *                                                        * I
     -34.70I  *                                                        * I    -34.70
           I  *                                                        * I
           I  *                                                        * I
           I  *                                                        * I
     -35.97I  *                           S                            *SI    -35.97
           I  *                           S                            *SI
           I  *                           S                            *SI
           I  *                        *  S                            *SI
     -37.23I  *                        *  S         S                  *SI    -37.23
           I  *                        *  S*        S                  *SI
           I  *                        *  S*        S*                 *SI
           I  *                        *  S*        S*                 *SI
     -38.49I  *                        *  S*        S*                 *SI    -38.49
           I  *                        ** S*        S*T                *SI
           I  *                        ** S*        S*T     *          *SI
           I  *                    *   ***S*       *S*T     *          *SI
     -39.75I  **                   *   ***S*       *S*T     *          *SI    -39.75
           I  **                   *   ***S*       *S*T     *          *SI
           I  **                   *  ****S*       *S*T*    *          *SI
           I  **                   ** ****S*       *S*T*    *          *SI
     -41.01I ***                   ** ****S*   *   *S*T*   **          *SI    -41.01
           I ***                   ** ****S*   *   *S*T*   **   T*     *SI
           I ***                   ** ****S*   *   *S*T*   **   T*     *SI
           I ***                   ** ****S** **   *S*T*   ***  T*    **SI
     -42.27I ***      S            *******S** **   *S*T*   ***  T*    **SI    -42.27
           I ***      S            *******S** **  **S*T*   ***  T*    **SI
           I ***      S            *******S** *** **S*T**  ***  T*    **SI
           I*****     S            *******S****** **S*T** ****  T*    **SI
     -43.53I******    S            *******S****** **S*T** ****  T*    **SI    -43.53
           I******    S            *******S*********S*T** ****  T*    **SI
           I******    S*   *       *******S*********S*T*******S*T*    **SI
           I******    S*  **      ********S*********S*T*******S*T*    **SI
     -44.79I******    S*  **      ********S*********S*T*******S*T*    **SI    -44.79
           I******    S*  **      ********S*********S*T*******S*T*    **SI
           I******    S*  **      ********S*********S*T*******S*T*    **SI
           I*******   S*  **      ********S*********S*T*******S*T*    **SI
     -46.05I*******   S*  **      ********S*********S*T*******S*T*    **SI    -46.05
           I*******   S*  **      ********S*********S*T*******S*T*    **SI
           I*******   S*  ***     ********S*********S*T*******S*T*    **SI
           I*******  *S* ****     ********S*********S*T*******S*T*    **SI
     -47.31I*******  *S****** **  ********S*********S*T*******S*T**   **SI    -47.31
           I*******  *S********* *********S*********S*T*******S*T**  ***SI
           I*******  *S********* *********S*********S*T*******S*T**  ***SI
           I******** *S*********S*********S*********S*T*******S*T**  ***SI
     -48.57I******** *S*********S*********S*********S*T*******S*T**  ***SI    -48.57
           I**********S*********S*********S*********S*T*******S*T**  ***SI
           I**********S*********S*********S*********S*T*******S*T**  ***SI
           I**********S*********S*********S*********S*T*******S*T**  ***SI
     -49.83I**********S*********S*********S*********S*T*******S*T*******SI    -49.83
 ++++++++++I+++++++++++++++++++++++++++++++++++++++++++++++++++++++++++++I
            S=SEASONAL FREQUENCIES, T=TRADING DAY FREQUENCIES
        R35 monthly CPI index            PAGE  22, SERIES series
 G 1  10*LOG(SPECTRUM) of the differenced, transformed seasonally adjusted 
      data (Table D11).  Spectrum estimated from 2018.Sep to 2026.Aug.
 ++++++++++I+++++++++++++++++++++++++++++++++++++++++++++++++++++++++++++I
     -32.12I                                                             I    -32.12
           I  *                                                          I
           I  *                                                          I
           I  *                                                          I
     -33.65I  *                                                          I    -33.65
           I  *                                                          I
           I  *                                                          I
           I  *                                                          I
     -35.17I  *                                                          I    -35.17
           I  *                                                          I
           I  *                                                          I
           I  *                                                          I
     -36.70I  *                                                          I    -36.70
           I  *                        *                                 I
           I  *                     *  *                                 I
           I  *                     *  **                              * I
     -38.23I  *                     *  **                              * I    -38.23
           I  *                     *  **                              *SI
           I  *                     *  **                              *SI
           I  *                     ** **                        *     *SI
     -39.76I  *                     ** **                  *     *    **SI    -39.76
           I  *                    ******                  ***S T*    **SI
           I  **                   ******                  ***S*T*    **SI
           I ***                   ******                  ***S*T*    **SI
     -41.29I ***                   ******             T   ****S*T*    **SI    -41.29
           I ***                   ******        **   T   ****S*T*    **SI
           I ***                   ******        **   T   ****S*T*    **SI
           I ***                   ******    *   **   T   ****S*T**   **SI
     -42.82I ***                  *******    *   **   T*  ****S*T**   **SI    -42.82
           I ***                  ********   **  **  *T*  ****S*T**   **SI
           I****                  ********   **  **  *T* *****S*T**   **SI
           I*****      **         ********   ** **** *T* *****S*T**  ***SI
     -44.35I*****      **        *********   *******S*T*******S*T**  ***SI    -44.35
           I******     **        *********  ********S*T*******S*T**  ***SI
           I******     **        *********  ********S*T*******S*T*** ***SI
           I******     **       S*********  ********S*T*******S*T*******SI
     -45.88I******     **       S*********S ********S*T*******S*T*******SI    -45.88
           I******     ***      S*********S*********S*T*******S*T*******SI
           I******     ***      S*********S*********S*T*******S*T*******SI
           I*******    ****     S*********S*********S*T*******S*T*******SI
     -47.40I*******    ****     S*********S*********S*T*******S*T*******SI    -47.40
           I*******    *****    S*********S*********S*T*******S*T*******SI
           I*******    *****   *S*********S*********S*T*******S*T*******SI
           I*******    *****   *S*********S*********S*T*******S*T*******SI
     -48.93I*******   S*****   *S*********S*********S*T*******S*T*******SI    -48.93
           I*******   S*****   *S*********S*********S*T*******S*T*******SI
           I*******   S******  *S*********S*********S*T*******S*T*******SI
           I*******   S****** **S*********S*********S*T*******S*T*******SI
     -50.46I********  S*********S*********S*********S*T*******S*T*******SI    -50.46
           I********  S*********S*********S*********S*T*******S*T*******SI
           I********  S*********S*********S*********S*T*******S*T*******SI
           I******** *S*********S*********S*********S*T*******S*T*******SI
     -51.99I**********S*********S*********S*********S*T*******S*T*******SI    -51.99
 ++++++++++I+++++++++++++++++++++++++++++++++++++++++++++++++++++++++++++I
            S=SEASONAL FREQUENCIES, T=TRADING DAY FREQUENCIES
        R35 monthly CPI index            PAGE  23, SERIES series
 G 2  10*LOG(SPECTRUM) of the Irregular (Table D13).  
      Spectrum estimated from 2018.Sep to 2026.Aug.
 ++++++++++I+++++++++++++++++++++++++++++++++++++++++++++++++++++++++++++I
     -38.98I                           *                                 I    -38.98
           I                           *                                 I
           I                           *                                 I
           I                           *                                 I
     -40.75I                           *                                 I    -40.75
           I                           *                                 I
           I                        *  *                                 I
           I                        *  *                                 I
     -42.52I                        *  *                                 I    -42.52
           I                        *  *                                 I
           I                        *  *                                 I
           I                        *  *               *                 I
     -44.29I                       ** **               *                 I    -44.29
           I                       ** **               *               * I
           I                       ** ***      **      *       *T      * I
           I                       ******      **      *       *T      * I
     -46.06I                       ******      ***     *       *T      *SI    -46.06
           I                       ******     ****    T*       *T      *SI
           I                       ******     ****    T*       *T      *SI
           I   **                  ******     ****    T*      S*T      *SI
     -47.83I   **                  ******     ****    T*      S*T      *SI    -47.83
           I   **      *           ******    ******   T*   ***S*T     **SI
           I   **      *           *******   ******   T*   ***S*T     **SI
           I   **      *           *******  *******   T**  ***S*T     **SI
     -49.60I   **      *   *       ******* ********   T** ****S*T     **SI    -49.60
           I   **      *   *      ********S********   T** ****S*T*    **SI
           I   **      *   *      ********S********* *T*******S*T*    **SI
           I   **      *   *    S ********S********* *T*******S*T*    **SI
     -51.37I   **      *   *    S ********S*********S*T*******S*T*    **SI    -51.37
           I   **      *   *   *S*********S*********S*T*******S*T*    **SI
           I   **      *   *   *S*********S*********S*T*******S*T*    **SI
           I  ***      ** **   *S*********S*********S*T*******S*T*    **SI
     -53.14I  ****     ** ***  *S*********S*********S*T*******S*T*   ***SI    -53.14
           I  ****     ** ***  *S*********S*********S*T*******S*T*   ***SI
           I  ****     ** ***  *S*********S*********S*T*******S*T*   ***SI
           I  ****     ** *** **S*********S*********S*T*******S*T**  ***SI
     -54.91I  ****     ****** **S*********S*********S*T*******S*T**  ***SI    -54.91
           I  ****     *********S*********S*********S*T*******S*T**  ***SI
           I  ****     *********S*********S*********S*T*******S*T** ****SI
           I *****    S*********S*********S*********S*T*******S*T*******SI
     -56.68I *****    S*********S*********S*********S*T*******S*T*******SI    -56.68
           I******    S*********S*********S*********S*T*******S*T*******SI
           I******    S*********S*********S*********S*T*******S*T*******SI
           I******    S*********S*********S*********S*T*******S*T*******SI
     -58.46I*******   S*********S*********S*********S*T*******S*T*******SI    -58.46
           I*******   S*********S*********S*********S*T*******S*T*******SI
           I*******   S*********S*********S*********S*T*******S*T*******SI
           I*******   S*********S*********S*********S*T*******S*T*******SI
     -60.23I*******   S*********S*********S*********S*T*******S*T*******SI    -60.23
           I*******  *S*********S*********S*********S*T*******S*T*******SI
           I*******  *S*********S*********S*********S*T*******S*T*******SI
           I******** *S*********S*********S*********S*T*******S*T*******SI
     -62.00I**********S*********S*********S*********S*T*******S*T*******SI    -62.00
 ++++++++++I+++++++++++++++++++++++++++++++++++++++++++++++++++++++++++++I
            S=SEASONAL FREQUENCIES, T=TRADING DAY FREQUENCIES
        R35 monthly CPI index            PAGE  24, SERIES series

  Peak probabilities for Tukey spectrum estimator
  Spectrum estimated from 2018.Sep to 2026.Aug.

                                          S1       S2       S3       S4       S5       S6       TD
                                        ------   ------   ------   ------   ------   ------   ------
  Model Residuals                        0.705    0.866    0.140    0.177    0.017    0.458    0.233  
  Prior Adjusted Series (Table B1)       0.867    0.735    0.934*   0.865    0.575    0.932*   0.799  
  Seasonally adjusted series (D11)       0.487    0.451    0.372    0.297    0.834    0.760    0.880  
  Irregular (D13)                        0.713    0.793    0.195    0.333    0.923*   0.768    0.979* 
  ----------
     ** - Peak Probability > 0.99,
      * - 0.90 < Peak Probability < 0.99



  NP statistic for residual seasonality:

  NP statistic for residual seasonality (Full series)
                                                  Residual Seasonality?
  log(Seasonally Adjusted Series)                          no
  log(Seasonally Adjusted Series (EV adj))                 no

  NP statistic for residual seasonality (Series start in 2018.Sep)
                                                  Residual Seasonality?
  log(Seasonally Adjusted Series)                          no
  log(Seasonally Adjusted Series (EV adj))                 no
