  Reading input spec file from series.spc

1

               U. S. Department of Commerce, U. S. Census Bureau

              X-13ARIMA-SEATS monthly seasonal adjustment Method,
                          Release Version 1.1 Build 62


           This software application provides an enhanced version of
             Statistics Canada's X-11-ARIMA extension (Dagum, 1980)
                 of the X-11 variant of the Census Method II of
                      Shiskin, Young and Musgrave (1967).

            It also provides an ARIMA model-based method following
       Hillmer and Tiao (1982) and Burman (1980) that is very similar
       to the update of the method of SEATS (Gomez and Maravall, 1996)
                produced at the Bank of Spain by G. Caporello and
               A. Maravall for TSW (Caporello and Maravall, 2004).
          The present application includes additional enhancements.

         X-13ARIMA-SEATS includes an automatic ARIMA model selection procedure
          based largely on the procedure of Gomez and Maravall (1998)
            as implemented in TRAMO (1996) and subsequent revisions.

              Primary Programmers: Brian Monsell, Mark Otto and,
                 for the ARIMA model-based signal extraction,
                      Gianluca Caporello and Victor Gomez


     Series Title- R35 monthly CPI index
     Series Name- series
     Sep 22, 2026  22.39.06 

        -Period covered-  1st month,2015 to  7th month,2026
        -Type of run - multiplicative seasonal adjustment

        -Sigma limits for graduating extreme values are  1.5 and  2.5 .
        -3x3 moving average used in section 1 of each iteration, 
         3x5 moving average in section 2 of iterations B and C,
         moving average for final seasonal factors chosen by Global MSR.
        -Spectral plots generated for selected series
        -Spectral plots generated for series starting in 2018.Aug

 FILE SAVE REQUESTS (* indicates file exists and will be overwritten)
  series.d10  final seasonal factors
  series.d11  final seasonally adjusted data
  series.d12  final trend cycle
  series.d13  final irregular component
  series.out  program output file
  series.err  program error file
  series.udg  seasonal adjustment and model diagnostics file
        R35 monthly CPI index            PAGE   1, SERIES series

     Contents of spc file series.spc

 Line #
 ------
      1: series { title="R35 monthly CPI index" start=2015.1 period=12 data=(
      2: 98.599999999999994 97.400000000000006 98.5 101.3 100.90000000000001 100.40000000000001
      3: 97.5 97.700000000000003 99.599999999999994 102.7 102.7 102.7
      4: 99.099999999999994 98.099999999999994 99.299999999999997 102.09999999999999 101.59999999999999 100.59999999999999
      5: 99.099999999999994 98.5 99.700000000000003 103.59999999999999 103.09999999999999 102.7
      6: 99 97.900000000000006 98.799999999999997 101.90000000000001 102 100.40000000000001
      7: 98.299999999999997 97.700000000000003 99.400000000000006 101.5 101.40000000000001 100.40000000000001
      8: 97.299999999999997 96.799999999999997 97.200000000000003 99.700000000000003 99.200000000000003 98.400000000000006
      9: 95.799999999999997 95.200000000000003 96.799999999999997 99.099999999999994 98.700000000000003 97.400000000000006
     10: 94.700000000000003 93.400000000000006 94 96.400000000000006 96 95.299999999999997
     11: 92.900000000000006 92.299999999999997 93.599999999999994 97 97.5 97.599999999999994
     12: 95.900000000000006 97.700000000000003 99.099999999999994 100.5 99.099999999999994 99.5
     13: 98 97.299999999999997 98.900000000000006 101.5 101.59999999999999 99.900000000000006
     14: 99.799999999999997 99.900000000000006 100.40000000000001 101.3 101.59999999999999 103.5
     15: 103.8 105 108.09999999999999 112 114.09999999999999 115.40000000000001
     16: 116.5 117.2 119.8 122.40000000000001 124.3 125.2
     17: 125.59999999999999 126.3 129.59999999999999 134.09999999999999 136.30000000000001 137.19999999999999
     18: 136.40000000000001 135.90000000000001 137.69999999999999 139.19999999999999 140 139.90000000000001
     19: 139.80000000000001 140.5 141.90000000000001 145 146.69999999999999 146.19999999999999
     20: 144.80000000000001 144 145 144.80000000000001 145 144.30000000000001
     21: 143 143.40000000000001 144.19999999999999 145.40000000000001 146.19999999999999 145.80000000000001
     22: 143.30000000000001 142.59999999999999 143.09999999999999 142.80000000000001 142.80000000000001 142.59999999999999
     23: 141.59999999999999 141.80000000000001 142.59999999999999 143.30000000000001 143.80000000000001 143.30000000000001
     24: 139.69999999999999 139.69999999999999 140 140.19999999999999 140.19999999999999 139.69999999999999
     25: 138.19999999999999
     26: ) }
     27: transform { function=log }
     28: automdl { }
     29: outlier { types=(ao ls tc) }
     30: x11 { mode=mult save=(d10 d11 d12 d13) appendfcst=no appendbcst=no savelog=all }
     31: spectrum { logqs=yes robustsa=no print=all savelog=all }
     32: check { }
        R35 monthly CPI index            PAGE   2, SERIES series

 A 1  Time series data (for the span analyzed)
  From  2015.Jan to 2026.Jul
  Observations        139
 -----------------------------------------------------------------------------
               Jan      Feb      Mar      Apr      May      Jun 
               Jul      Aug      Sep      Oct      Nov      Dec        TOTAL  
 -----------------------------------------------------------------------------
  2015          99.      97.      99.     101.     101.     100.
                98.      98.     100.     103.     103.     103.         1200.
 
  2016          99.      98.      99.     102.     102.     101.
                99.      99.     100.     104.     103.     103.         1208.
 
  2017          99.      98.      99.     102.     102.     100.
                98.      98.      99.     102.     101.     100.         1199.
 
  2018          97.      97.      97.     100.      99.      98.
                96.      95.      97.      99.      99.      97.         1172.
 
  2019          95.      93.      94.      96.      96.      95.
                93.      92.      94.      97.      98.      98.         1141.
 
  2020          96.      98.      99.     101.      99.     100.
                98.      97.      99.     102.     102.     100.         1189.
 
  2021         100.     100.     100.     101.     102.     104.
               104.     105.     108.     112.     114.     115.         1265.
 
  2022         117.     117.     120.     122.     124.     125.
               126.     126.     130.     134.     136.     137.         1515.
 
  2023         136.     136.     138.     139.     140.     140.
               140.     141.     142.     145.     147.     146.         1689.
 
  2024         145.     144.     145.     145.     145.     144.
               143.     143.     144.     145.     146.     146.         1736.
 
  2025         143.     143.     143.     143.     143.     143.
               142.     142.     143.     143.     144.     143.         1714.
 
  2026         140.     140.     140.     140.     140.     140.
               138.                                                       978.
 
  AVGE         114.     113.     114.     116.     116.     116.
               114.     112.     114.     117.     117.     117.

  Table Total-     16003.30   Mean-     115.13   Std. Dev.-      19.94
                              Min -      92.30        Max -     146.70
        R35 monthly CPI index            PAGE   3, SERIES series
                        Automatic ARIMA Model Selection

                    Procedure based closely on TRAMO method 
                         of Gomez and Maravall (2000)
              "Automatic Modeling Methods for Univariate Series",
                            A Course in Time Series
                  (Edited by D. Pena, G. C. Tiao, R. S. Tsay),
                         New York : J. Wiley and Sons


     Maximum order for regular ARMA parameters :   2
     Maximum order for seasonal ARMA parameters :   1
     Maximum order for regular differencing :   2
     Maximum order for seasonal differencing :   1

   Results of Unit Root Test for identifying orders of differencing:
     Regular difference order :   1
     Seasonal difference order :   1

     Mean is not significant.

  Automatic model choice : (1 1 1)(0 1 1)


  Final Checks for Identified Model


  Checking for Unit Roots.
   No unit roots found.

  Checking for nonseasonal overdifferencing.
   Nonseasonal MA not within  0.001 of 1.0 - model passes test.

  Checking for insignificant ARMA coefficients.

  Final automatic model choice : (1 1 1)(0 1 1)
   End of automatic model selection procedure.

 Average absolute percentage error in within-sample forecasts:
  Last year:   1.32      Last-1 year:   1.03     Last-2 year:   3.25
  Last three years:    1.87

 Estimation converged in    9 ARMA iterations,   60 function evaluations.

 Regression Model
 ------------------------------------------------------------------------------
                             Parameter        Standard
 Variable                     Estimate           Error      t-value
 ------------------------------------------------------------------------------
 Automatically Identified Outliers
   LS2020.Feb                   0.0232         0.00489         4.74
   AO2020.Dec                  -0.0131         0.00320        -4.09
 ------------------------------------------------------------------------------


 ARIMA Model:  (1 1 1)(0 1 1)
   Nonseasonal differences: 1
   Seasonal differences:    1
                                              Standard
 Parameter                    Estimate          Errors
 -----------------------------------------------------
 Nonseasonal AR                                    
   Lag  1                       0.9213         0.05236

 Nonseasonal MA                                    
   Lag  1                       0.6549         0.10083

 Seasonal MA                                       
   Lag 12                       0.2542         0.08945

 Variance                       0.42878E-04
 SE of Var                      0.54021E-05
 -----------------------------------------------------

 Likelihood Statistics
 ------------------------------------------------------------------
 Number of observations (nobs)                                  139
 Effective number of observations (nefobs)                      126
 Number of parameters estimated (np)                              6
 Log likelihood                                            454.2121
 Transformation Adjustment                                -597.8450
 Adjusted Log likelihood (L)                              -143.6329
 AIC                                                       299.2658 
 AICC (F-corrected-AIC)                                    299.9717 
 Hannan Quinn                                              306.1796 
 BIC                                                       316.2835 
 ------------------------------------------------------------------


 DIAGNOSTIC CHECKING
  Sample Autocorrelations of the Residuals with the Ljung-Box diagnostic.

  Lag      1     2     3     4     5     6     7     8     9    10    11    12
  ACF  -0.00 -0.03 -0.02  0.05  0.02  0.17  0.15 -0.08 -0.05 -0.03  0.03  0.01
  SE    0.09  0.09  0.09  0.09  0.09  0.09  0.09  0.09  0.09  0.09  0.09  0.09
  Q     0.00  0.11  0.19  0.48  0.52  4.32  7.43  8.23  8.64  8.77  8.94  8.96
  DF       0     0     0     1     2     3     4     5     6     7     8     9
  P    0.000 0.000 0.000 0.487 0.771 0.229 0.115 0.144 0.195 0.269 0.347 0.441

  Lag     13    14    15    16    17    18    19    20    21    22    23    24
  ACF  -0.12 -0.03 -0.14  0.08 -0.12  0.10 -0.00 -0.03 -0.00  0.05 -0.00 -0.06
  SE    0.09  0.10  0.10  0.10  0.10  0.10  0.10  0.10  0.10  0.10  0.10  0.10
  Q    10.88 10.99 13.84 14.72 16.82 18.24 18.24 18.34 18.34 18.69 18.69 19.32
  DF      10    11    12    13    14    15    16    17    18    19    20    21
  P    0.367 0.444 0.311 0.325 0.266 0.250 0.310 0.368 0.434 0.477 0.542 0.564

  The P-values approximate the probability of observing a Q-value at least
  this large when the model fitted is correct.  When DF is positive, small
  values of P, customarily those below 0.05, indicate model inadequacy.

  Sample Autocorrelations of the Residuals
                 -1.0 -0.8 -0.6 -0.4 -0.2  0.0  0.2  0.4  0.6  0.8  1.0
                   +----+----+----+----+----+----+----+----+----+----+
            1                           .   |   .                     -0.001
            2                           .  X|   .                     -0.029
            3                           .  X|   .                     -0.024
            4                           .   |X  .                      0.047
            5                           .   |   .                      0.017
            6                           .   |XXXX                      0.168
            7                          .    |XXXX.                     0.152
            8                          .  XX|    .                    -0.077
            9                          .   X|    .                    -0.054
           10                          .   X|    .                    -0.031
           11                          .    |X   .                     0.035
           12       - - - - - - - - -  .    |    .  - - - - - - - -    0.012
           13                          . XXX|    .                    -0.116
           14                          .   X|    .                    -0.028
           15                          . XXX|    .                    -0.140
           16                          .    |XX  .                     0.078
           17                          . XXX|    .                    -0.119
           18                          .    |XX  .                     0.098
           19                          .    |    .                    -0.004
           20                          .   X|    .                    -0.025
           21                          .    |    .                    -0.002
           22                          .    |X   .                     0.048
           23                          .    |    .                    -0.000
           24       - - - - - - - - -  .  XX|    .  - - - - - - - -   -0.063
  
  Sample Autocorrelations of the Squared Residuals with the Ljung-Box diagnostic.

  Lag      1     2     3     4     5     6     7     8     9    10    11    12
  ACF   0.26  0.14 -0.03 -0.03 -0.00  0.05  0.07  0.06 -0.07 -0.02  0.09  0.19
  SE    0.09  0.09  0.10  0.10  0.10  0.10  0.10  0.10  0.10  0.10  0.10  0.10
  Q     8.60 10.99 11.07 11.22 11.22 11.54 12.14 12.69 13.31 13.36 14.44 19.39
  DF       0     0     0     1     2     3     4     5     6     7     8     9
  P    0.000 0.000 0.000 0.001 0.004 0.009 0.016 0.026 0.038 0.064 0.071 0.022

  Lag     13    14    15    16    17    18    19    20    21    22    23    24
  ACF   0.25  0.06  0.24 -0.05 -0.10 -0.09  0.02  0.05  0.02 -0.06 -0.12 -0.03
  SE    0.10  0.11  0.11  0.11  0.11  0.11  0.11  0.11  0.11  0.11  0.11  0.11
  Q    28.19 28.68 37.15 37.47 38.81 40.07 40.12 40.49 40.55 41.19 43.49 43.63
  DF      10    11    12    13    14    15    16    17    18    19    20    21
  P    0.002 0.003 0.000 0.000 0.000 0.000 0.001 0.001 0.002 0.002 0.002 0.003

  The P-values approximate the probability of observing a Q-value at least
  this large when the model fitted is correct in a way that supports the
  standard interpretations of the test statistics, standard errors, and
  prediction intervals output by X-13ARIMA-SEATS. When DF is positive, small
  values of P, customarily those below 0.05, suggest that model-based
  inferences about statistical significance and uncertainty will be less
  dependable than usual.

  Sample Autocorrelations of the Squared Residuals
                 -1.0 -0.8 -0.6 -0.4 -0.2  0.0  0.2  0.4  0.6  0.8  1.0
                   +----+----+----+----+----+----+----+----+----+----+
            1                           .   |XXXXXX                    0.258
            2                          .    |XXX .                     0.135
            3                          .   X|    .                    -0.025
            4                          .   X|    .                    -0.033
            5                          .    |    .                    -0.004
            6                          .    |X   .                     0.049
            7                          .    |XX  .                     0.067
            8                          .    |XX  .                     0.064
            9                          .  XX|    .                    -0.067
           10                          .    |    .                    -0.019
           11                          .    |XX  .                     0.088
           12       - - - - - - - - -  .    |XXXXX  - - - - - - - -    0.187
           13                          .    |XXXXXX                    0.248
           14                          .    |X   .                     0.058
           15                          .    |XXXXXX                    0.242
           16                         .    X|     .                   -0.046
           17                         .   XX|     .                   -0.095
           18                         .   XX|     .                   -0.092
           19                         .     |     .                    0.019
           20                         .     |X    .                    0.049
           21                         .     |X    .                    0.020
           22                         .   XX|     .                   -0.064
           23                         .  XXX|     .                   -0.121
           24       - - - - - - - -   .    X|     .   - - - - - - -   -0.030
  
 Histogram of the Standardized and Mean-Centered Residuals
  Standard
  Deviations    Frequency
       -3 +##
          |#
       -2 +###
          |#######
       -1 +############
          |##################
        0 +####################################
          |###############
        1 +################
          |#########
        2 +#
          |#####
        3 +#

  One '#'= 1 observation[s]

 Tabular Histogram of the Standardized and Mean-Centered Residuals

  Standard
  Deviations    Frequency

 -3.00                 2

 -2.50                 1

 -2.00                 3

 -1.50                 7

 -1.00                12

 -0.50                18

  0.00                36

  0.50                15

  1.00                16

  1.50                 9

  2.00                 1

  2.50                 5

  3.00                 1

 Summary Statistics for the Unstandardized Residuals
  Minimum                    -0.018
  Maximum                     0.017
  Median                     -0.001
  Robust Std Dev              0.006

 Normality Statistics for regARIMA Model Residuals:

    Number of residuals  :    126

    Skewness coefficient :    0.0673    
    Geary's a            :    0.7517   (significant at one percent level)
    Kurtosis             :    3.4476    

  A significant value of one of these statistics indicates that the
  standardized residuals do not follow a standard normal distribution.
  If the regARIMA model fits the data well, such lack of normality
  ordinarily causes no problems.

  However, a significant value can occur because certain data effects are
  not captured well by the model. Sometimes these effects can be captured
  by additional or different regressors (e.g. trading day, holiday or 
  outlier regressors).

  There are other important effects that can cause a significant value,
  such as random variation of the coefficients or time-varying conditional
  variances, which cannot be represented by regARIMA models. These other
  effects cause the t-tests, AIC's and forecast coverage intervals of
  X-13ARIMA-SEATS to have reduced reliability. Their presence is often
  indicated by significant (high) values of the Ljung-Box Q-statistics of
  the squared residuals.

 Durbin-Watson Statistic for regARIMA Model Residuals:
  dw =     1.998759

 Friedman Non-Parametric Test for regARIMA Model Residuals:
  ken =     9.338462 ( Asymptotically distributed as Chi-Square(11), P-Value =     0.590682 )

 QS Statistic for regARIMA Model Residuals (full series):             0.02
                                                       (P-Value =     0.9901)

 QS Statistic for regARIMA Model Residuals (starting 2018.Aug):       0.55
                                                       (P-Value =     0.7592)
      10*LOG(SPECTRUM) of the regARIMA model residuals
      Spectrum estimated from 2018.Aug to 2026.Jul.
 ++++++++++I+++++++++++++++++++++++++++++++++++++++++++++++++++++++++++++I
     -37.74I                                 *                           I    -37.74
           I                                 *                           I
           I                                 *                           I
           I                                 *                           I
     -38.76I                                 *                           I    -38.76
           I                   *             *                           I
           I                   *             *                           I
           I                   *             *                           I
     -39.77I     *             *  *          *                           I    -39.77
           I     *             *  *          *                           I
           I     *             *S *          *     *                     I
           I     *             *S *          *     *                    SI
     -40.79I  *  *             *S **         *     *                    SI    -40.79
           I  *  *             *S***         *     *                    SI
           I  *  *             *S***         *     *                   *SI
           I  ** *            **S***         *     *                   *SI
     -41.80I  ****            **S***         *     *                   *SI    -41.80
           I  ****            **S***         *     *                   *SI
           I  ****            **S***         *     *                   *SI
           I ******           **S***        **     *                   *SI
     -42.81I ******           **S***        **     *                   *SI    -42.81
           I ******       *   **S***        **     *                   *SI
           I ******      **   **S***        **     *   *               *SI
           I*******      **   **S***        **     *   *               *SI
     -43.83I*******      ***  **S***        **     *   *              **SI    -43.83
           I*******      *** ***S***        **     *S  *              **SI
           I*******      *** ***S***        **     *S  *          *   **SI
           I*******      *******S***        **     *S  *          *   **SI
     -44.84I*******     ********S***        ***   **S  *         **   **SI    -44.84
           I*******     ********S***        ***   **S T*         **   **SI
           I*******     ********S***       ****   **S T**        **   **SI
           I*******     ********S***       ****   **S T**   *    **   **SI
     -45.86I*******     ********S****     S****   **S*T**   **   **   **SI    -45.86
           I*******     ********S****     S****   **S*T**   **   **  ***SI
           I*******     ********S****     S****   **S*T**   **   *** ***SI
           I*******     ********S****     S****   **S*T**   **   *** ***SI
     -46.87I*******     ********S****    *S****   **S*T**   **  T*** ***SI    -46.87
           I*******     ********S****    *S****   **S*T**  ***S T*******SI
           I*******     ********S****    *S****   **S*T**  ***S T*******SI
           I********   *********S****    *S****   **S*T*** ***S*T*******SI
     -47.88I********   *********S****    *S****   **S*T*** ***S*T*******SI    -47.88
           I********   *********S****    *S****   **S*T*******S*T*******SI
           I********   *********S****    *S****   **S*T*******S*T*******SI
           I********   *********S****    *S****   **S*T*******S*T*******SI
     -48.90I********   *********S****    *S****  ***S*T*******S*T*******SI    -48.90
           I********   *********S*****  **S***** ***S*T*******S*T*******SI
           I********   *********S*****  **S***** ***S*T*******S*T*******SI
           I********   *********S*****  **S***** ***S*T*******S*T*******SI
     -49.91I********  S*********S*****  **S***** ***S*T*******S*T*******SI    -49.91
           I********  S*********S*****  **S***** ***S*T*******S*T*******SI
           I********* S*********S*****  **S*********S*T*******S*T*******SI
           I********* S*********S*********S*********S*T*******S*T*******SI
     -50.93I**********S*********S*********S*********S*T*******S*T*******SI    -50.93
 ++++++++++I+++++++++++++++++++++++++++++++++++++++++++++++++++++++++++++I
            S=SEASONAL FREQUENCIES, T=TRADING DAY FREQUENCIES


 FORECASTING
  Origin  2026.Jul
  Number        12

  Forecasts and Standard Errors of the Transformed Data
   ------------------------------
                         Standard
       Date   Forecast      Error
   ------------------------------
   2026.Aug       4.93      0.007
   2026.Sep       4.93      0.011
   2026.Oct       4.94      0.014
   2026.Nov       4.94      0.018
   2026.Dec       4.94      0.022
   2027.Jan       4.91      0.026
   2027.Feb       4.91      0.030
   2027.Mar       4.91      0.035
   2027.Apr       4.91      0.039
   2027.May       4.91      0.043
   2027.Jun       4.91      0.047
   2027.Jul       4.90      0.051
   ------------------------------

  Confidence intervals with coverage probability ( 0.95000
  On the Original Scale
   ---------------------------------------
       Date      Lower  Forecast     Upper
   ---------------------------------------
   2026.Aug     136.49    138.25    140.04
   2026.Sep     136.06    138.91    141.82
   2026.Oct     135.77    139.68    143.70
   2026.Nov     135.17    140.13    145.28
   2026.Dec     133.54    139.54    145.80
   2027.Jan     129.38    136.25    143.49
   2027.Feb     128.08    135.96    144.32
   2027.Mar     127.32    136.23    145.76
   2027.Apr     126.31    136.23    146.93
   2027.May     125.25    136.15    148.01
   2027.Jun     123.79    135.64    148.62
   2027.Jul     121.55    134.23    148.23
   ---------------------------------------
        R35 monthly CPI index            PAGE   4, SERIES series
  
 A 8  RegARIMA combined outlier component
      (AO, LS outliers included)
  From  2015.Jan to 2026.Jul
  Observations        139
 -----------------------------------------------------------------------------
               Jan      Feb      Mar      Apr      May      Jun 
               Jul      Aug      Sep      Oct      Nov      Dec         AVGE  
 -----------------------------------------------------------------------------
  2015         97.7     97.7     97.7     97.7     97.7     97.7
               97.7     97.7     97.7     97.7     97.7     97.7          97.7
 
  2016         97.7     97.7     97.7     97.7     97.7     97.7
               97.7     97.7     97.7     97.7     97.7     97.7          97.7
 
  2017         97.7     97.7     97.7     97.7     97.7     97.7
               97.7     97.7     97.7     97.7     97.7     97.7          97.7
 
  2018         97.7     97.7     97.7     97.7     97.7     97.7
               97.7     97.7     97.7     97.7     97.7     97.7          97.7
 
  2019         97.7     97.7     97.7     97.7     97.7     97.7
               97.7     97.7     97.7     97.7     97.7     97.7          97.7
 
  2020         97.7    100.0    100.0    100.0    100.0    100.0
              100.0    100.0    100.0    100.0    100.0     98.7          99.7
 
  2021        100.0    100.0    100.0    100.0    100.0    100.0
              100.0    100.0    100.0    100.0    100.0    100.0         100.0
 
  2022        100.0    100.0    100.0    100.0    100.0    100.0
              100.0    100.0    100.0    100.0    100.0    100.0         100.0
 
  2023        100.0    100.0    100.0    100.0    100.0    100.0
              100.0    100.0    100.0    100.0    100.0    100.0         100.0
 
  2024        100.0    100.0    100.0    100.0    100.0    100.0
              100.0    100.0    100.0    100.0    100.0    100.0         100.0
 
  2025        100.0    100.0    100.0    100.0    100.0    100.0
              100.0    100.0    100.0    100.0    100.0    100.0         100.0
 
  2026        100.0    100.0    100.0    100.0    100.0    100.0
              100.0                                                      100.0
 
  AVGE         98.9     99.0     99.0     99.0     99.0     99.0
               99.0     99.0     99.0     99.0     99.0     98.8

  Table Total-     13759.02   Mean-      98.99   Std. Dev.-       1.52
                              Min -      97.71        Max -     100.00

 A 8.A  RegARIMA outlier component
  From  2026.Aug to 2027.Jul
  Observations         12
 -----------------------------------------------------------------------------
               Jan      Feb      Mar      Apr      May      Jun 
               Jul      Aug      Sep      Oct      Nov      Dec         AVGE  
 -----------------------------------------------------------------------------
  2026                                                          
                       100.0    100.0    100.0    100.0    100.0         100.0
 
  2027        100.0    100.0    100.0    100.0    100.0    100.0
              100.0                                                      100.0
 
        R35 monthly CPI index            PAGE   5, SERIES series

 A 8.AO  RegARIMA AO outlier component
  From  2015.Jan to 2026.Jul
  Observations        139
 -----------------------------------------------------------------------------
               Jan      Feb      Mar      Apr      May      Jun 
               Jul      Aug      Sep      Oct      Nov      Dec         AVGE  
 -----------------------------------------------------------------------------
  2015        100.0    100.0    100.0    100.0    100.0    100.0
              100.0    100.0    100.0    100.0    100.0    100.0         100.0
 
  2016        100.0    100.0    100.0    100.0    100.0    100.0
              100.0    100.0    100.0    100.0    100.0    100.0         100.0
 
  2017        100.0    100.0    100.0    100.0    100.0    100.0
              100.0    100.0    100.0    100.0    100.0    100.0         100.0
 
  2018        100.0    100.0    100.0    100.0    100.0    100.0
              100.0    100.0    100.0    100.0    100.0    100.0         100.0
 
  2019        100.0    100.0    100.0    100.0    100.0    100.0
              100.0    100.0    100.0    100.0    100.0    100.0         100.0
 
  2020        100.0    100.0    100.0    100.0    100.0    100.0
              100.0    100.0    100.0    100.0    100.0     98.7          99.9
 
  2021        100.0    100.0    100.0    100.0    100.0    100.0
              100.0    100.0    100.0    100.0    100.0    100.0         100.0
 
  2022        100.0    100.0    100.0    100.0    100.0    100.0
              100.0    100.0    100.0    100.0    100.0    100.0         100.0
 
  2023        100.0    100.0    100.0    100.0    100.0    100.0
              100.0    100.0    100.0    100.0    100.0    100.0         100.0
 
  2024        100.0    100.0    100.0    100.0    100.0    100.0
              100.0    100.0    100.0    100.0    100.0    100.0         100.0
 
  2025        100.0    100.0    100.0    100.0    100.0    100.0
              100.0    100.0    100.0    100.0    100.0    100.0         100.0
 
  2026        100.0    100.0    100.0    100.0    100.0    100.0
              100.0                                                      100.0
 
  AVGE        100.0    100.0    100.0    100.0    100.0    100.0
              100.0    100.0    100.0    100.0    100.0     99.9

  Table Total-     13898.70   Mean-      99.99   Std. Dev.-       0.11
                              Min -      98.70        Max -     100.00
        R35 monthly CPI index            PAGE   6, SERIES series

 A 8.LS  RegARIMA level change outlier component
  From  2015.Jan to 2026.Jul
  Observations        139
 -----------------------------------------------------------------------------
               Jan      Feb      Mar      Apr      May      Jun 
               Jul      Aug      Sep      Oct      Nov      Dec         AVGE  
 -----------------------------------------------------------------------------
  2015         97.7     97.7     97.7     97.7     97.7     97.7
               97.7     97.7     97.7     97.7     97.7     97.7          97.7
 
  2016         97.7     97.7     97.7     97.7     97.7     97.7
               97.7     97.7     97.7     97.7     97.7     97.7          97.7
 
  2017         97.7     97.7     97.7     97.7     97.7     97.7
               97.7     97.7     97.7     97.7     97.7     97.7          97.7
 
  2018         97.7     97.7     97.7     97.7     97.7     97.7
               97.7     97.7     97.7     97.7     97.7     97.7          97.7
 
  2019         97.7     97.7     97.7     97.7     97.7     97.7
               97.7     97.7     97.7     97.7     97.7     97.7          97.7
 
  2020         97.7    100.0    100.0    100.0    100.0    100.0
              100.0    100.0    100.0    100.0    100.0    100.0          99.8
 
  2021        100.0    100.0    100.0    100.0    100.0    100.0
              100.0    100.0    100.0    100.0    100.0    100.0         100.0
 
  2022        100.0    100.0    100.0    100.0    100.0    100.0
              100.0    100.0    100.0    100.0    100.0    100.0         100.0
 
  2023        100.0    100.0    100.0    100.0    100.0    100.0
              100.0    100.0    100.0    100.0    100.0    100.0         100.0
 
  2024        100.0    100.0    100.0    100.0    100.0    100.0
              100.0    100.0    100.0    100.0    100.0    100.0         100.0
 
  2025        100.0    100.0    100.0    100.0    100.0    100.0
              100.0    100.0    100.0    100.0    100.0    100.0         100.0
 
  2026        100.0    100.0    100.0    100.0    100.0    100.0
              100.0                                                      100.0
 
  AVGE         98.9     99.0     99.0     99.0     99.0     99.0
               99.0     99.0     99.0     99.0     99.0     99.0

  Table Total-     13760.32   Mean-      99.00   Std. Dev.-       1.52
                              Min -      97.71        Max -     100.00
        R35 monthly CPI index            PAGE   7, SERIES series
  
 B 1  Original series (prior adjusted)
      (adjusted for regARIMA factors)
  From  2015.Jan to 2026.Jul
  Observations        139
 -----------------------------------------------------------------------------
               Jan      Feb      Mar      Apr      May      Jun 
               Jul      Aug      Sep      Oct      Nov      Dec        TOTAL  
 -----------------------------------------------------------------------------
  2015         101.     100.     101.     104.     103.     103.
               100.     100.     102.     105.     105.     105.         1228.
 
  2016         101.     100.     102.     104.     104.     103.
               101.     101.     102.     106.     106.     105.         1236.
 
  2017         101.     100.     101.     104.     104.     103.
               101.     100.     102.     104.     104.     103.         1227.
 
  2018         100.      99.      99.     102.     102.     101.
                98.      97.      99.     101.     101.     100.         1199.
 
  2019          97.      96.      96.      99.      98.      98.
                95.      94.      96.      99.     100.     100.         1167.
 
  2020          98.      98.      99.     100.      99.      99.
                98.      97.      99.     101.     102.     101.         1193.
 
  2021         100.     100.     100.     101.     102.     103.
               104.     105.     108.     112.     114.     115.         1265.
 
  2022         117.     117.     120.     122.     124.     125.
               126.     126.     130.     134.     136.     137.         1514.
 
  2023         136.     136.     138.     139.     140.     140.
               140.     141.     142.     145.     147.     146.         1689.
 
  2024         145.     144.     145.     145.     145.     144.
               143.     143.     144.     145.     146.     146.         1736.
 
  2025         143.     143.     143.     143.     143.     143.
               142.     142.     143.     143.     144.     143.         1714.
 
  2026         140.     140.     140.     140.     140.     140.
               138.                                                       978.
 
  AVGE         115.     114.     115.     117.     117.     117.
               115.     113.     115.     118.     119.     118.

  Table Total-     16145.57   Mean-     116.16   Std. Dev.-      19.11
                              Min -      94.46        Max -     146.70

 B 1.A  Forecasts of (prior adjusted) original series
  From  2026.Aug to 2027.Jul
  Observations         12
 -----------------------------------------------------------------------------
               Jan      Feb      Mar      Apr      May      Jun 
               Jul      Aug      Sep      Oct      Nov      Dec        TOTAL  
 -----------------------------------------------------------------------------
  2026                                                          
                        138.     139.     140.     140.     140.          697.
 
  2027         136.     136.     136.     136.     136.     136.
               134.                                                       951.
 
        R35 monthly CPI index            PAGE   8, SERIES series

 C 17  Final weights for irregular component
  From  2015.Jan to 2026.Jul
  Observations        139
  Lower sigma limit    1.50
  Upper sigma limit    2.50
 -----------------------------------------------------------------------------
               Jan      Feb      Mar      Apr      May      Jun 
               Jul      Aug      Sep      Oct      Nov      Dec         S.D.  
 -----------------------------------------------------------------------------
  2015        100.0    100.0    100.0    100.0    100.0    100.0
                0.0    100.0    100.0    100.0    100.0     36.8           0.2
 
  2016        100.0    100.0    100.0    100.0    100.0    100.0
              100.0    100.0      2.4      0.0    100.0    100.0           0.2
 
  2017        100.0    100.0    100.0    100.0      0.0    100.0
              100.0    100.0    100.0    100.0    100.0    100.0           0.2
 
  2018        100.0    100.0    100.0    100.0    100.0    100.0
              100.0    100.0    100.0    100.0    100.0    100.0           0.2
 
  2019        100.0    100.0    100.0    100.0    100.0    100.0
              100.0    100.0      0.0    100.0    100.0    100.0           0.2
 
  2020        100.0    100.0      0.0    100.0      0.0    100.0
              100.0    100.0    100.0    100.0    100.0    100.0           0.2
 
  2021        100.0      0.0     65.0     51.2      0.0    100.0
              100.0    100.0    100.0    100.0    100.0    100.0           0.2
 
  2022          0.0    100.0    100.0    100.0    100.0    100.0
              100.0     77.0    100.0    100.0    100.0    100.0           0.2
 
  2023        100.0    100.0    100.0    100.0    100.0     48.6
              100.0    100.0    100.0    100.0    100.0    100.0           0.2
 
  2024        100.0    100.0    100.0    100.0    100.0    100.0
              100.0    100.0    100.0    100.0    100.0    100.0           0.2
 
  2025        100.0    100.0    100.0    100.0    100.0    100.0
              100.0    100.0    100.0    100.0    100.0    100.0           0.2
 
  2026          0.0    100.0    100.0    100.0    100.0    100.0
              100.0                                                        0.2
 
        R35 monthly CPI index            PAGE   9, SERIES series

 D 8  Final unmodified SI ratios
  From  2015.Jan to 2026.Jul
  Observations        139
 -----------------------------------------------------------------------------
               Jan      Feb      Mar      Apr      May      Jun 
               Jul      Aug      Sep      Oct      Nov      Dec         AVGE  
 -----------------------------------------------------------------------------
  2015         98.7     97.5     98.7    101.5    101.0    100.5
               97.5     97.7     99.5    102.5    102.3    102.2         100.0
 
  2016         98.6     97.5     98.7    101.5    101.1    100.1
               98.5     97.9     99.0    102.9    102.4    102.0         100.0
 
  2017         98.5     97.6     98.5    101.7    101.8    100.3
               98.3     97.8     99.7    102.1    102.3    101.5         100.0
 
  2018         98.6     98.2     98.7    101.4    101.1    100.6
               98.1     97.7     99.5    102.2    102.2    101.4         100.0
 
  2019         99.1     98.1     98.8    101.4    101.1    100.5
               98.1     97.6     98.8    102.0    102.0    101.6          99.9
 
  2020         99.4     98.6     99.8    101.1     99.6    100.0
               98.5     97.7     99.3    101.9    102.0    101.5         100.0
 
  2021         99.8     99.7     99.8    100.0     99.3     99.8
               98.6     98.1     99.5    101.6    101.9    101.4         100.0
 
  2022        100.5     99.3     99.7    100.2    100.3     99.7
               98.7     98.1     99.4    101.5    101.9    101.6         100.1
 
  2023        100.1     99.1     99.7    100.1    100.0     99.3
               98.8     98.8     99.4    101.1    102.0    101.3         100.0
 
  2024        100.0     99.3     99.9     99.8    100.0     99.6
               98.8     99.1     99.8    100.9    101.6    101.4         100.0
 
  2025         99.8     99.3     99.8     99.7     99.8     99.7
               99.0     99.3    100.0    100.8    101.4    101.3         100.0
 
  2026         99.0     99.2     99.6     99.8    100.0     99.8
               99.0                                                       99.5
 
  AVGE         99.3     98.6     99.3    100.7    100.4    100.0
               98.5     98.2     99.4    101.8    102.0    101.6

  Table Total-     13894.42   Mean-      99.96   Std. Dev.-       1.37
                              Min -      97.53        Max -     102.86
        R35 monthly CPI index            PAGE  10, SERIES series

 D 8.B  Final unmodified SI ratios, with labels for outliers and extreme values
  From  2015.Jan to 2026.Jul
  Observations        139
 ---------------------------------------------------------------------
               Jan       Feb       Mar       Apr       May       Jun  
               Jul       Aug       Sep       Oct       Nov       Dec  
 ---------------------------------------------------------------------
  2015        98.7      97.5      98.7     101.5     101.0     100.5  
              97.5*     97.7      99.5     102.5     102.3     102.2* 
 
  2016        98.6      97.5      98.7     101.5     101.1     100.1  
              98.5      97.9      99.0*    102.9*    102.4     102.0  
 
  2017        98.5      97.6      98.5     101.7     101.8*    100.3  
              98.3      97.8      99.7     102.1     102.3     101.5  
 
  2018        98.6      98.2      98.7     101.4     101.1     100.6  
              98.1      97.7      99.5     102.2     102.2     101.4  
 
  2019        99.1      98.1      98.8     101.4     101.1     100.5  
              98.1      97.6      98.8*    102.0     102.0     101.6  
 
  2020        99.4 -    98.6#     99.8*-   101.1      99.6*    100.0  
              98.5      97.7      99.3     101.9     102.0     101.5# 
 
  2021        99.8      99.7*     99.8*    100.0*     99.3*     99.8  
              98.6      98.1      99.5     101.6     101.9     101.4  
 
  2022       100.5*     99.3      99.7     100.2     100.3      99.7  
              98.7      98.1*     99.4     101.5     101.9     101.6  
 
  2023       100.1      99.1      99.7     100.1     100.0      99.3* 
              98.8      98.8      99.4     101.1     102.0     101.3  
 
  2024       100.0      99.3      99.9      99.8     100.0      99.6  
              98.8      99.1      99.8     100.9     101.6     101.4  
 
  2025        99.8      99.3      99.8      99.7      99.8      99.7  
              99.0      99.3     100.0     100.8     101.4     101.3  
 
  2026        99.0*     99.2      99.6      99.8     100.0      99.8  
              99.0                                                    
 

  Key to symbols:
    *  : extreme value as determined by X-11 extreme value procedure
    #  : regARIMA outlier (either AO, LS, TC, or Ramp)
    -  : values around a level shift most likely to be influenced by it
 
        R35 monthly CPI index            PAGE  11, SERIES series

 D 9  Final replacement values for SI ratios
  From  2015.Jan to 2026.Jul
  Observations        139
 ---------------------------------------------------------------
               Jan      Feb      Mar      Apr      May      Jun 
               Jul      Aug      Sep      Oct      Nov      Dec 
 ---------------------------------------------------------------
  2015     ******** ******** ******** ******** ******** ********
               98.2 ******** ******** ******** ********    102.0
 
  2016     ******** ******** ******** ******** ******** ********
           ******** ********     99.5    102.3 ******** ********
 
  2017     ******** ******** ******** ********    101.1 ********
           ******** ******** ******** ******** ******** ********
 
  2018     ******** ******** ******** ******** ******** ********
           ******** ******** ******** ******** ******** ********
 
  2019     ******** ******** ******** ******** ******** ********
           ******** ********     99.3 ******** ******** ********
 
  2020     ******** ********     99.2 ********    100.6 ********
           ******** ******** ******** ******** ******** ********
 
  2021     ********     98.8     99.6    100.2    100.3 ********
           ******** ******** ******** ******** ******** ********
 
  2022         99.9 ******** ******** ******** ******** ********
           ********     98.1 ******** ******** ******** ********
 
  2023     ******** ******** ******** ******** ********     99.5
           ******** ******** ******** ******** ******** ********
 
  2024     ******** ******** ******** ******** ******** ********
           ******** ******** ******** ******** ******** ********
 
  2025     ******** ******** ******** ******** ******** ********
           ******** ******** ******** ******** ******** ********
 
  2026         99.8 ******** ******** ******** ******** ********
           ********                                             
 

 D 9.A  Moving seasonality ratio
 ---------------------------------------------------------------
               Jan      Feb      Mar      Apr      May      Jun 
 ---------------------------------------------------------------
   I          0.183    0.223    0.140    0.169    0.133    0.183
   S          0.134    0.165    0.111    0.173    0.115    0.071
 RATIO        1.365    1.347    1.264    0.978    1.157    2.557



 ---------------------------------------------------------------
               Jul      Aug      Sep      Oct      Nov      Dec 
 ---------------------------------------------------------------
   I          0.148    0.166    0.166    0.130    0.107    0.164
   S          0.068    0.143    0.045    0.139    0.069    0.046
 RATIO        2.169    1.164    3.681    0.937    1.553    3.585



        R35 monthly CPI index            PAGE  12, SERIES series

 D 10  Final seasonal factors
  From  2015.Jan to 2026.Jul
  Observations        139
  Seasonal filter    3 x 3 moving average
 -----------------------------------------------------------------------------
               Jan      Feb      Mar      Apr      May      Jun 
               Jul      Aug      Sep      Oct      Nov      Dec         AVGE  
 -----------------------------------------------------------------------------
  2015        98.61    97.54    98.67   101.54   101.07   100.28
              98.36    97.79    99.55   102.32   102.34   101.91        100.00
 
  2016        98.58    97.61    98.66   101.54   101.09   100.29
              98.35    97.79    99.56   102.27   102.33   101.81         99.99
 
  2017        98.61    97.73    98.66   101.54   101.11   100.36
              98.29    97.76    99.55   102.18   102.27   101.67         99.98
 
  2018        98.75    97.98    98.75   101.45   101.07   100.39
              98.26    97.70    99.47   102.08   102.18   101.57         99.97
 
  2019        99.07    98.23    98.93   101.24   100.92   100.34
              98.29    97.71    99.38   101.94   102.06   101.52         99.97
 
  2020        99.41    98.56    99.20   100.91   100.67   100.13
              98.42    97.81    99.34   101.80   101.99   101.51         99.98
 
  2021        99.73    98.82    99.45   100.52   100.42    99.89
              98.57    98.04    99.35   101.60   101.95   101.47         99.98
 
  2022        99.91    99.05    99.62   100.22   100.22    99.71
              98.68    98.34    99.42   101.40   101.91   101.45         99.99
 
  2023        99.99    99.15    99.71    99.99   100.07    99.63
              98.77    98.71    99.55   101.17   101.82   101.41        100.00
 
  2024        99.95    99.23    99.73    99.85    99.97    99.64
              98.85    99.01    99.75   100.98   101.67   101.38        100.00
 
  2025        99.87    99.24    99.71    99.78    99.92    99.70
              98.94    99.21    99.93   100.87   101.53   101.32        100.00
 
  2026        99.79    99.23    99.66    99.78    99.92    99.76
              98.99                                                      99.59
 
  AVGE        99.35    98.53    99.23   100.70   100.54   100.01
              98.57    98.17    99.53   101.69   102.00   101.55

  Table Total-     13895.47   Mean-      99.97   Std. Dev.-       1.32
                              Min -      97.54        Max -     102.34

 D 10.A  Final seasonal component forecasts
  From  2026.Aug to 2027.Jul
  Observations         12
 -----------------------------------------------------------------------------
               Jan      Feb      Mar      Apr      May      Jun 
               Jul      Aug      Sep      Oct      Nov      Dec         AVGE  
 -----------------------------------------------------------------------------
  2026                                                          
                       99.28   100.02   100.83   101.44   101.30        100.58
 
  2027        99.76    99.21    99.62    99.80    99.94    99.80
              99.02                                                      99.59
 
        R35 monthly CPI index            PAGE  13, SERIES series

 D 11  Final seasonally adjusted data
  From  2015.Jan to 2026.Jul
  Observations        139
 -----------------------------------------------------------------------------
               Jan      Feb      Mar      Apr      May      Jun 
               Jul      Aug      Sep      Oct      Nov      Dec        TOTAL  
 -----------------------------------------------------------------------------
  2015         100.     100.     100.     100.     100.     100.
                99.     100.     100.     100.     100.     101.         1200.
 
  2016         101.     101.     101.     101.     101.     100.
               101.     101.     100.     101.     101.     101.         1208.
 
  2017         100.     100.     100.     100.     101.     100.
               100.     100.     100.      99.      99.      99.         1199.
 
  2018          99.      99.      98.      98.      98.      98.
                97.      97.      97.      97.      97.      96.         1172.
 
  2019          96.      95.      95.      95.      95.      95.
                95.      94.      94.      95.      96.      96.         1141.
 
  2020          96.      99.     100.     100.      98.      99.
               100.      99.     100.     100.     100.      98.         1189.
 
  2021         100.     101.     101.     101.     101.     104.
               105.     107.     109.     110.     112.     114.         1265.
 
  2022         117.     118.     120.     122.     124.     126.
               127.     128.     130.     132.     134.     135.         1514.
 
  2023         136.     137.     138.     139.     140.     140.
               142.     142.     143.     143.     144.     144.         1689.
 
  2024         145.     145.     145.     145.     145.     145.
               145.     145.     145.     144.     144.     144.         1736.
 
  2025         143.     144.     144.     143.     143.     143.
               143.     143.     143.     142.     142.     141.         1714.
 
  2026         140.     141.     140.     141.     140.     140.
               140.                                                       982.
 
  AVGE         114.     115.     115.     115.     116.     116.
               116.     114.     115.     115.     115.     115.

  Table Total-     16008.25   Mean-     115.17   Std. Dev.-      19.88
                              Min -      94.18        Max -     145.39
        R35 monthly CPI index            PAGE  14, SERIES series

 D 12  Final trend cycle
  From  2015.Jan to 2026.Jul
  Observations        139
  Trend filter     9-term Henderson moving average
  I/C ratio        0.34
 -----------------------------------------------------------------------------
               Jan      Feb      Mar      Apr      May      Jun 
               Jul      Aug      Sep      Oct      Nov      Dec        TOTAL  
 -----------------------------------------------------------------------------
  2015         100.     100.     100.     100.     100.     100.
               100.     100.     100.     100.     100.     100.         1200.
 
  2016         101.     101.     101.     101.     101.     101.
               101.     101.     101.     101.     101.     101.         1207.
 
  2017         100.     100.     100.     100.     100.     100.
               100.     100.     100.      99.      99.      99.         1199.
 
  2018          99.      99.      98.      98.      98.      98.
                98.      97.      97.      97.      97.      96.         1172.
 
  2019          96.      95.      95.      95.      95.      95.
                95.      95.      95.      95.      96.      96.         1142.
 
  2020          96.      99.      99.      99.      99.      99.
                99.     100.     100.     100.     100.     100.         1191.
 
  2021         100.     100.     101.     101.     102.     104.
               105.     107.     109.     110.     112.     114.         1265.
 
  2022         116.     118.     120.     122.     124.     126.
               127.     129.     130.     132.     134.     135.         1513.
 
  2023         136.     137.     138.     139.     140.     141.
               141.     142.     143.     143.     144.     144.         1690.
 
  2024         145.     145.     145.     145.     145.     145.
               145.     145.     144.     144.     144.     144.         1736.
 
  2025         144.     144.     143.     143.     143.     143.
               143.     143.     143.     142.     142.     141.         1714.
 
  2026         141.     141.     141.     140.     140.     140.
               140.                                                       983.
 
  AVGE         114.     115.     115.     115.     116.     116.
               116.     114.     115.     115.     115.     115.

  Table Total-     16010.86   Mean-     115.19   Std. Dev.-      19.88
                              Min -      94.56        Max -     145.22
        R35 monthly CPI index            PAGE  15, SERIES series

 D 13  Final irregular component
  From  2015.Jan to 2026.Jul
  Observations        139
 -----------------------------------------------------------------------------
               Jan      Feb      Mar      Apr      May      Jun 
               Jul      Aug      Sep      Oct      Nov      Dec         S.D.  
 -----------------------------------------------------------------------------
  2015        100.1    100.0    100.0     99.9    100.0    100.2
               99.2     99.9    100.0    100.1    100.0    100.3           0.3
 
  2016        100.0     99.9    100.1    100.0    100.0     99.8
              100.2    100.1     99.4    100.5    100.0    100.2           0.3
 
  2017         99.9     99.9     99.9    100.2    100.7     99.9
              100.0    100.0    100.1     99.9    100.1     99.9           0.2
 
  2018         99.8    100.2    100.0     99.9    100.0    100.1
               99.8    100.0    100.1    100.1    100.1     99.9           0.1
 
  2019        100.1     99.9     99.9    100.1    100.1    100.1
               99.9     99.9     99.4    100.1     99.9    100.1           0.2
 
  2020        100.0    100.0    100.6    100.2     99.0     99.9
              100.1    100.0    100.0    100.1    100.0     98.6           0.5
 
  2021        100.1    100.9    100.3     99.5     99.0    100.0
              100.0    100.1    100.1    100.0    100.0     99.9           0.4
 
  2022        100.6    100.2    100.0    100.0    100.1    100.0
              100.1     99.7    100.0    100.1    100.0    100.1           0.2
 
  2023        100.1     99.9    100.0    100.1    100.0     99.8
              100.0    100.1     99.8    100.0    100.1     99.8           0.1
 
  2024        100.0    100.0    100.1     99.9    100.0    100.0
               99.9    100.1    100.1     99.9    100.0    100.1           0.1
 
  2025         99.9    100.1    100.1     99.9     99.9    100.0
              100.1    100.0    100.1     99.9     99.9    100.0           0.1
 
  2026         99.3    100.0     99.9    100.1    100.0    100.0
              100.0                                                        0.3
 
  S.D.          0.3      0.3      0.2      0.2      0.5      0.1
                0.3      0.1      0.3      0.2      0.1      0.4

  Table Total-     13897.67   Mean-      99.98   Std. Dev.-       0.26
                              Min -      98.62        Max -     100.86
        R35 monthly CPI index            PAGE  16, SERIES series

 D 16  Combined adjustment factors
  From  2015.Jan to 2026.Jul
  Observations        139
 -----------------------------------------------------------------------------
               Jan      Feb      Mar      Apr      May      Jun 
               Jul      Aug      Sep      Oct      Nov      Dec         AVGE  
 -----------------------------------------------------------------------------
  2015        98.61    97.54    98.67   101.54   101.07   100.28
              98.36    97.79    99.55   102.32   102.34   101.91        100.00
 
  2016        98.58    97.61    98.66   101.54   101.09   100.29
              98.35    97.79    99.56   102.27   102.33   101.81         99.99
 
  2017        98.61    97.73    98.66   101.54   101.11   100.36
              98.29    97.76    99.55   102.18   102.27   101.67         99.98
 
  2018        98.75    97.98    98.75   101.45   101.07   100.39
              98.26    97.70    99.47   102.08   102.18   101.57         99.97
 
  2019        99.07    98.23    98.93   101.24   100.92   100.34
              98.29    97.71    99.38   101.94   102.06   101.52         99.97
 
  2020        99.41    98.56    99.20   100.91   100.67   100.13
              98.42    97.81    99.34   101.80   101.99   101.51         99.98
 
  2021        99.73    98.82    99.45   100.52   100.42    99.89
              98.57    98.04    99.35   101.60   101.95   101.47         99.98
 
  2022        99.91    99.05    99.62   100.22   100.22    99.71
              98.68    98.34    99.42   101.40   101.91   101.45         99.99
 
  2023        99.99    99.15    99.71    99.99   100.07    99.63
              98.77    98.71    99.55   101.17   101.82   101.41        100.00
 
  2024        99.95    99.23    99.73    99.85    99.97    99.64
              98.85    99.01    99.75   100.98   101.67   101.38        100.00
 
  2025        99.87    99.24    99.71    99.78    99.92    99.70
              98.94    99.21    99.93   100.87   101.53   101.32        100.00
 
  2026        99.79    99.23    99.66    99.78    99.92    99.76
              98.99                                                      99.59
 
  AVGE        99.35    98.53    99.23   100.70   100.54   100.01
              98.57    98.17    99.53   101.69   102.00   101.55

  Table Total-     13895.47   Mean-      99.97   Std. Dev.-       1.32
                              Min -      97.54        Max -     102.34

 D 16.A  Combined adjustment component forecasts
  From  2026.Aug to 2027.Jul
  Observations         12
 -----------------------------------------------------------------------------
               Jan      Feb      Mar      Apr      May      Jun 
               Jul      Aug      Sep      Oct      Nov      Dec         AVGE  
 -----------------------------------------------------------------------------
  2026                                                          
                       99.28   100.02   100.83   101.44   101.30        100.58
 
  2027        99.76    99.21    99.62    99.80    99.94    99.80
              99.02                                                      99.59
 
        R35 monthly CPI index            PAGE  17, SERIES series

 E 4  Ratios of annual totals
  From          2015 to 2025
  Observations         11
 -----------------------------------
  Year       Unmodified     Modified
                  (D11)         (E2)
 -----------------------------------
  2015           100.00       100.00
 
  2016            99.99        99.99
 
  2017            99.97        99.97
 
  2018            99.96        99.96
 
  2019            99.97        99.97
 
  2020            99.98        99.98
 
  2021           100.01       100.01
 
  2022           100.02       100.02
 
  2023           100.01       100.01
 
  2024           100.00       100.00
 
  2025           100.00       100.00
 
        R35 monthly CPI index            PAGE  18, SERIES series

 E 5  Month-to-month percent change in the original series
  From  2015.Feb to 2026.Jul
  Observations        138
 -----------------------------------------------------------------------------
               Jan      Feb      Mar      Apr      May      Jun 
               Jul      Aug      Sep      Oct      Nov      Dec         AVGE  
 -----------------------------------------------------------------------------
  2015                  -1.2      1.1      2.8     -0.4     -0.5
               -2.9      0.2      1.9      3.1      0.0      0.0           0.4
 
  2016         -3.5     -1.0      1.2      2.8     -0.5     -1.0
               -1.5     -0.6      1.2      3.9     -0.5     -0.4           0.0
 
  2017         -3.6     -1.1      0.9      3.1      0.1     -1.6
               -2.1     -0.6      1.7      2.1     -0.1     -1.0          -0.2
 
  2018         -3.1     -0.5      0.4      2.6     -0.5     -0.8
               -2.6     -0.6      1.7      2.4     -0.4     -1.3          -0.2
 
  2019         -2.8     -1.4      0.6      2.6     -0.4     -0.7
               -2.5     -0.6      1.4      3.6      0.5      0.1           0.0
 
  2020         -1.7      1.9      1.4      1.4     -1.4      0.4
               -1.5     -0.7      1.6      2.6      0.1     -1.7           0.2
 
  2021         -0.1      0.1      0.5      0.9      0.3      1.9
                0.3      1.2      3.0      3.6      1.9      1.1           1.2
 
  2022          1.0      0.6      2.2      2.2      1.6      0.7
                0.3      0.6      2.6      3.5      1.6      0.7           1.5
 
  2023         -0.6     -0.4      1.3      1.1      0.6     -0.1
               -0.1      0.5      1.0      2.2      1.2     -0.3           0.5
 
  2024         -1.0     -0.6      0.7     -0.1      0.1     -0.5
               -0.9      0.3      0.6      0.8      0.6     -0.3          -0.0
 
  2025         -1.7     -0.5      0.4     -0.2      0.0     -0.1
               -0.7      0.1      0.6      0.5      0.3     -0.3          -0.1
 
  2026         -2.5      0.0      0.2      0.1      0.0     -0.4
               -1.1                                                       -0.5
 
  AVGE         -1.8     -0.3      0.9      1.6     -0.0     -0.2
               -1.3     -0.0      1.6      2.6      0.5     -0.3

  Table Total-        35.34   Mean-       0.26   Std. Dev.-       1.51
                              Min -      -3.60        Max -       3.91
        R35 monthly CPI index            PAGE  19, SERIES series

 E 6  Month-to-month percent change in seasonally adjusted series (D11)
  From  2015.Feb to 2026.Jul
  Observations        138
 -----------------------------------------------------------------------------
               Jan      Feb      Mar      Apr      May      Jun 
               Jul      Aug      Sep      Oct      Nov      Dec         AVGE  
 -----------------------------------------------------------------------------
  2015                  -0.1     -0.0     -0.1      0.1      0.3
               -1.0      0.8      0.1      0.3     -0.0      0.4           0.1
 
  2016         -0.2     -0.0      0.1     -0.1     -0.0     -0.2
                0.5     -0.0     -0.6      1.2     -0.5      0.1           0.0
 
  2017         -0.5     -0.2     -0.0      0.2      0.5     -0.8
               -0.0     -0.1     -0.1     -0.5     -0.2     -0.4          -0.2
 
  2018         -0.2      0.3     -0.4     -0.2     -0.1     -0.1
               -0.5     -0.1     -0.1     -0.2     -0.5     -0.7          -0.2
 
  2019         -0.3     -0.5     -0.1      0.2     -0.1     -0.2
               -0.5     -0.0     -0.3      1.0      0.4      0.6           0.0
 
  2020          0.3      2.8      0.8     -0.3     -1.2      0.9
                0.2     -0.1      0.1      0.1     -0.1     -1.2           0.2
 
  2021          1.7      1.0     -0.1     -0.2      0.4      2.4
                1.6      1.7      1.6      1.3      1.5      1.6           1.2
 
  2022          2.5      1.5      1.6      1.6      1.5      1.2
                1.4      0.9      1.5      1.5      1.1      1.1           1.5
 
  2023          0.9      0.5      0.8      0.8      0.5      0.4
                0.8      0.6      0.1      0.6      0.5      0.1           0.5
 
  2024          0.5      0.2      0.2     -0.3      0.0     -0.1
               -0.1      0.1     -0.2     -0.4     -0.1      0.0          -0.0
 
  2025         -0.2      0.1     -0.1     -0.3     -0.1      0.1
                0.1     -0.1     -0.2     -0.5     -0.3     -0.1          -0.1
 
  2026         -1.0      0.6     -0.2      0.0     -0.1     -0.2
               -0.3                                                       -0.2
 
  AVGE          0.3      0.5      0.2      0.1      0.1      0.3
                0.2      0.3      0.2      0.4      0.2      0.1

  Table Total-        33.77   Mean-       0.24   Std. Dev.-       0.77
                              Min -      -1.21        Max -       2.76
        R35 monthly CPI index            PAGE  20, SERIES series

 E 7  Month-to-month percent change in final trend cycle (D12)
  From  2015.Feb to 2026.Jul
  Observations        138
 -----------------------------------------------------------------------------
               Jan      Feb      Mar      Apr      May      Jun 
               Jul      Aug      Sep      Oct      Nov      Dec         AVGE  
 -----------------------------------------------------------------------------
  2015                  -0.1     -0.0      0.0      0.0      0.0
                0.0      0.1      0.1      0.2      0.1      0.1           0.0
 
  2016          0.1      0.0     -0.0     -0.0     -0.0      0.0
                0.1      0.1      0.1      0.0     -0.0     -0.1           0.0
 
  2017         -0.2     -0.2     -0.1     -0.0     -0.0     -0.1
               -0.1     -0.1     -0.2     -0.3     -0.3     -0.3          -0.2
 
  2018         -0.2     -0.1     -0.1     -0.1     -0.2     -0.2
               -0.2     -0.2     -0.2     -0.3     -0.4     -0.6          -0.2
 
  2019         -0.5     -0.3     -0.1     -0.0     -0.1     -0.2
               -0.2     -0.1      0.2      0.4      0.5      0.5           0.0
 
  2020          0.4      2.7      0.2      0.1      0.0     -0.0
                0.0      0.0      0.0      0.0      0.1      0.1           0.3
 
  2021          0.2      0.3      0.4      0.6      1.0      1.4
                1.6      1.6      1.6      1.5      1.5      1.7           1.1
 
  2022          1.8      1.9      1.8      1.6      1.5      1.3
                1.3      1.3      1.3      1.3      1.2      1.0           1.4
 
  2023          0.8      0.7      0.7      0.6      0.6      0.6
                0.5      0.5      0.4      0.4      0.4      0.4           0.6
 
  2024          0.3      0.2      0.1     -0.0     -0.1     -0.1
               -0.1     -0.1     -0.2     -0.2     -0.2     -0.1          -0.0
 
  2025         -0.0     -0.1     -0.1     -0.1     -0.1     -0.0
               -0.0     -0.1     -0.2     -0.3     -0.3     -0.3          -0.1
 
  2026         -0.2     -0.2     -0.1     -0.1     -0.1     -0.2
               -0.2                                                       -0.2
 
  AVGE          0.2      0.4      0.2      0.2      0.2      0.2
                0.2      0.3      0.3      0.2      0.2      0.2

  Table Total-        33.75   Mean-       0.24   Std. Dev.-       0.65
                              Min -      -0.55        Max -       2.71
        R35 monthly CPI index            PAGE  21, SERIES series

 E 8  Month-to-month percent change in original series adjusted for calendar factors (A18)
  From  2015.Feb to 2026.Jul
  Observations        138
 -----------------------------------------------------------------------------
               Jan      Feb      Mar      Apr      May      Jun 
               Jul      Aug      Sep      Oct      Nov      Dec         AVGE  
 -----------------------------------------------------------------------------
  2015                  -1.2      1.1      2.8     -0.4     -0.5
               -2.9      0.2      1.9      3.1      0.0      0.0           0.4
 
  2016         -3.5     -1.0      1.2      2.8     -0.5     -1.0
               -1.5     -0.6      1.2      3.9     -0.5     -0.4           0.0
 
  2017         -3.6     -1.1      0.9      3.1      0.1     -1.6
               -2.1     -0.6      1.7      2.1     -0.1     -1.0          -0.2
 
  2018         -3.1     -0.5      0.4      2.6     -0.5     -0.8
               -2.6     -0.6      1.7      2.4     -0.4     -1.3          -0.2
 
  2019         -2.8     -1.4      0.6      2.6     -0.4     -0.7
               -2.5     -0.6      1.4      3.6      0.5      0.1           0.0
 
  2020         -1.7      1.9      1.4      1.4     -1.4      0.4
               -1.5     -0.7      1.6      2.6      0.1     -1.7           0.2
 
  2021         -0.1      0.1      0.5      0.9      0.3      1.9
                0.3      1.2      3.0      3.6      1.9      1.1           1.2
 
  2022          1.0      0.6      2.2      2.2      1.6      0.7
                0.3      0.6      2.6      3.5      1.6      0.7           1.5
 
  2023         -0.6     -0.4      1.3      1.1      0.6     -0.1
               -0.1      0.5      1.0      2.2      1.2     -0.3           0.5
 
  2024         -1.0     -0.6      0.7     -0.1      0.1     -0.5
               -0.9      0.3      0.6      0.8      0.6     -0.3          -0.0
 
  2025         -1.7     -0.5      0.4     -0.2      0.0     -0.1
               -0.7      0.1      0.6      0.5      0.3     -0.3          -0.1
 
  2026         -2.5      0.0      0.2      0.1      0.0     -0.4
               -1.1                                                       -0.5
 
  AVGE         -1.8     -0.3      0.9      1.6     -0.0     -0.2
               -1.3     -0.0      1.6      2.6      0.5     -0.3

  Table Total-        35.34   Mean-       0.26   Std. Dev.-       1.51
                              Min -      -3.60        Max -       3.91
        R35 monthly CPI index            PAGE  22, SERIES series

 E 18  Final adjustment ratios
  From  2015.Jan to 2026.Jul
  Observations        139
 -----------------------------------------------------------------------------
               Jan      Feb      Mar      Apr      May      Jun 
               Jul      Aug      Sep      Oct      Nov      Dec         AVGE  
 -----------------------------------------------------------------------------
  2015         98.6     97.5     98.7    101.5    101.1    100.3
               98.4     97.8     99.6    102.3    102.3    101.9         100.0
 
  2016         98.6     97.6     98.7    101.5    101.1    100.3
               98.3     97.8     99.6    102.3    102.3    101.8         100.0
 
  2017         98.6     97.7     98.7    101.5    101.1    100.4
               98.3     97.8     99.5    102.2    102.3    101.7         100.0
 
  2018         98.8     98.0     98.7    101.5    101.1    100.4
               98.3     97.7     99.5    102.1    102.2    101.6         100.0
 
  2019         99.1     98.2     98.9    101.2    100.9    100.3
               98.3     97.7     99.4    101.9    102.1    101.5         100.0
 
  2020         99.4     98.6     99.2    100.9    100.7    100.1
               98.4     97.8     99.3    101.8    102.0    101.5         100.0
 
  2021         99.7     98.8     99.4    100.5    100.4     99.9
               98.6     98.0     99.4    101.6    101.9    101.5         100.0
 
  2022         99.9     99.0     99.6    100.2    100.2     99.7
               98.7     98.3     99.4    101.4    101.9    101.5         100.0
 
  2023        100.0     99.2     99.7    100.0    100.1     99.6
               98.8     98.7     99.6    101.2    101.8    101.4         100.0
 
  2024        100.0     99.2     99.7     99.9    100.0     99.6
               98.9     99.0     99.8    101.0    101.7    101.4         100.0
 
  2025         99.9     99.2     99.7     99.8     99.9     99.7
               98.9     99.2     99.9    100.9    101.5    101.3         100.0
 
  2026         99.8     99.2     99.7     99.8     99.9     99.8
               99.0                                                       99.6
 
  AVGE         99.4     98.5     99.2    100.7    100.5    100.0
               98.6     98.2     99.5    101.7    102.0    101.5

  Table Total-     13895.47   Mean-      99.97   Std. Dev.-       1.32
                              Min -      97.54        Max -     102.34

 E 18.A  Final adjustment ratio forecasts
  From  2026.Aug to 2027.Jul
  Observations         12
 -----------------------------------------------------------------------------
               Jan      Feb      Mar      Apr      May      Jun 
               Jul      Aug      Sep      Oct      Nov      Dec         AVGE  
 -----------------------------------------------------------------------------
  2026                                                          
                        99.3    100.0    100.8    101.4    101.3         100.6
 
  2027         99.8     99.2     99.6     99.8     99.9     99.8
               99.0                                                       99.6
 

  QS statistic for seasonality:
  log(Original Series)                              135.65  (P-Value =     0.0000)
  log(Original Series (EV adj))                     151.96  (P-Value =     0.0000)
  Residuals                                           0.02  (P-Value =     0.9901)
  log(Seasonally Adjusted Series)                     0.85  (P-Value =     0.6531)
  log(SA Series (EV adj))                             0.00  (P-Value =     1.0000)
  Irregular Series                                    2.90  (P-Value =     0.2344)
  Irregular Series (EV adj)                           0.00  (P-Value =     1.0000)

  QS statistic for seasonality (starting 2018.Aug):
  log(Original Series)                               49.85  (P-Value =     0.0000)
  log(Original Series (EV adj))                      69.89  (P-Value =     0.0000)
  Residuals                                           0.55  (P-Value =     0.7592)
  log(Seasonally Adjusted Series)                     1.59  (P-Value =     0.4511)
  log(SA Series (EV adj))                             0.00  (P-Value =     1.0000)
  Irregular Series                                    5.58  (P-Value =     0.0614)
  Irregular Series (EV adj)                           0.00  (P-Value =     1.0000)
        R35 monthly CPI index            PAGE  23, SERIES series
 G 0  10*LOG(SPECTRUM) of the differenced, transformed Prior Adjusted Series
      (Table B1).  Spectrum estimated from 2018.Aug to 2026.Jul.
 ++++++++++I+++++++++++++++++++++++++++++++++++++++++++++++++++++++++++++I
     -23.78I                    S                                        I    -23.78
           I                    S                                        I
           I                    S                                        I
           I                    S                                        I
     -26.00I                    S                                        I    -26.00
           I                    S                                        I
           I                    S                                        I
           I                    S                                        I
     -28.23I                    S                                        I    -28.23
           I                    S                                        I
           I                    S                                        I
           I                    S                                        I
     -30.45I                    S                                        I    -30.45
           I  *                 S                                        I
           I  *       S         S                                        I
           I  *       S         S                                        I
     -32.67I  *       S        *S                                        I    -32.67
           I **       S        *S*                                       I
           I **       S        *S*                                       I
           I **       S        *S*                                       I
     -34.90I **       S        *S*                                       I    -34.90
           I **       S        *S*                                       I
           I **       S        *S*                                       I
           I **       S        *S*                   *                   I
     -37.12I***       S        *S*                   *                 * I    -37.12
           I***       S       **S**                  *                 *SI
           I***       S       **S**                *S*                 *SI
           I***       S       **S**                *S*                 *SI
     -39.35I***  *    S       **S***      S        *S*                 *SI    -39.35
           I**** **   S      ***S***      S        *S*                 *SI
           I**** **   S    *****S***      S        *S*                 *SI
           I**** **  *S    *****S***      S        *S*                 *SI
     -41.57I*******  *S*   *****S***      S        *S*                **SI    -41.57
           I*******  *S*   *****S***      S        *S*T               **SI
           I*******  *S*   *****S***      S        *S*T               **SI
           I*******  *S*  ******S***      S  *     *S*T               **SI
     -43.79I******** *S*  ******S****     S  *     *S*T               **SI    -43.79
           I**********S*  ******S****    *S  *     *S*T               **SI
           I**********S*  ******S****    *S  *     *S*T               **SI
           I**********S*********S****    *S  *     *S*T               **SI
     -46.02I**********S*********S****    *S***    **S*T               **SI    -46.02
           I**********S*********S****    *S***    **S*T        *     ***SI
           I**********S*********S****    *S***    **S*T        *     ***SI
           I**********S*********S****    *S****   **S*T        *     ***SI
     -48.24I**********S*********S****    *S****   **S*T*      S*     ***SI    -48.24
           I**********S*********S*****   *S****   **S*T*      S*T   ****SI
           I**********S*********S*****   *S****   **S*T*  *   S*T  *****SI
           I**********S*********S*****   *S****   **S*T*  *   S*T*******SI
     -50.47I**********S*********S*****  **S****   **S*T* ***  S*T*******SI    -50.47
           I**********S*********S*****  **S****  ***S*T***** *S*T*******SI
           I**********S*********S*****  **S****  ***S*T*******S*T*******SI
           I**********S*********S****** **S***** ***S*T*******S*T*******SI
     -52.69I**********S*********S*********S*********S*T*******S*T*******SI    -52.69
 ++++++++++I+++++++++++++++++++++++++++++++++++++++++++++++++++++++++++++I
            S=SEASONAL FREQUENCIES, T=TRADING DAY FREQUENCIES
        R35 monthly CPI index            PAGE  24, SERIES series
 G 1  10*LOG(SPECTRUM) of the differenced, transformed seasonally adjusted 
      data (Table D11).  Spectrum estimated from 2018.Aug to 2026.Jul.
 ++++++++++I+++++++++++++++++++++++++++++++++++++++++++++++++++++++++++++I
     -31.18I  *                                                          I    -31.18
           I  *                                                          I
           I  *                                                          I
           I  *                                                          I
     -32.90I **                                                          I    -32.90
           I **                                                          I
           I **                                                          I
           I **                                                          I
     -34.61I **                                                          I    -34.61
           I **                                                          I
           I **                                                          I
           I **                                                          I
     -36.33I **                                                          I    -36.33
           I***                                                          I
           I***                                                          I
           I***                                                          I
     -38.04I***  *                                                       I    -38.04
           I***  **                                                      I
           I***  **                                                      I
           I***  **                                                      I
     -39.76I**** **                                                      I    -39.76
           I**** **                         *                            I
           I**** **               *         *                            I
           I**** **               *         *                            I
     -41.47I*******               **      S **                           I    -41.47
           I*******               **      S **                           I
           I*******               **      S***                           I
           I*******              ***      S***                           I
     -43.19I*******      *       ***      S***                           I    -43.19
           I*******      *      S***      S***                           I
           I*******      *      S***     *S***                   *       I
           I*******      **     S***     *S***                   *       I
     -44.91I*******      **     S***     *S***                   **   *  I    -44.91
           I*******      **     S***     *S***                   **   *  I
           I*******      **    *S***     *S***                   **   *  I
           I*******      **    *S***     *S***                  T**  **  I
     -46.62I********     **    *S****    *S***                  T**  *** I    -46.62
           I********    ***    *S****    *S****                *T**  *** I
           I********    ***    *S****    *S****               S*T*** *** I
           I********    ****  **S****    *S****              *S*T*******SI
     -48.34I********    ****  **S****   **S****             **S*T*******SI    -48.34
           I********    ****  **S****   **S****             **S*T*******SI
           I********    ****  **S****   **S****             **S*T*******SI
           I********    ********S****   **S*****   *S*     ***S*T*******SI
     -50.05I********    ********S****   **S*****  **S*     ***S*T*******SI    -50.05
           I*********  *********S*****  **S*********S*     ***S*T*******SI
           I*********  *********S*****  **S*********S*    ****S*T*******SI
           I*********  *********S***** ***S*********S*T   ****S*T*******SI
     -51.77I********* S*********S*********S*********S*T   ****S*T*******SI    -51.77
           I**********S*********S*********S*********S*T   ****S*T*******SI
           I**********S*********S*********S*********S*T  *****S*T*******SI
           I**********S*********S*********S*********S*T* *****S*T*******SI
     -53.48I**********S*********S*********S*********S*T*******S*T*******SI    -53.48
 ++++++++++I+++++++++++++++++++++++++++++++++++++++++++++++++++++++++++++I
            S=SEASONAL FREQUENCIES, T=TRADING DAY FREQUENCIES
        R35 monthly CPI index            PAGE  25, SERIES series
 G 2  10*LOG(SPECTRUM) of the Irregular (Table D13).  
      Spectrum estimated from 2018.Aug to 2026.Jul.
 ++++++++++I+++++++++++++++++++++++++++++++++++++++++++++++++++++++++++++I
     -46.07I                                 *                           I    -46.07
           I                      *          *                           I
           I                      **         *                           I
           I                      **         *                           I
     -47.34I                      **         *                           I    -47.34
           I                      **         *                           I
           I                      **         *                           I
           I                      **         *                           I
     -48.62I                      **      S **                           I    -48.62
           I                  ** ***      S **                           I
           I           *      ** ***      S **                           I
           I          S*      **S***      S **                           I
     -49.90I          S*      **S***      S **                           I    -49.90
           I          S*      **S***      S***                           I
           I          S**     **S***      S***                           I
           I          S**     **S***      S***                           I
     -51.17I          S**     **S***      S***     *                     I    -51.17
           I          S**     **S***      S***     *                     I
           I         *S**    ***S***      S***     *                  *  I
           I         *S**    ***S****     S***     *                  *  I
     -52.45I         *S**    ***S****     S***     *                  *  I    -52.45
           I         *S***   ***S****    *S***    **                  *  I
           I         *S***   ***S****    *S***    **                  *  I
           I         *S***   ***S****    *S****   **   *              *  I
     -53.73I         *S***   ***S****    *S****   **   *     *        *  I    -53.73
           I         *S***   ***S****    *S****   **S  *     *        ** I
           I         *S***   ***S****    *S****   **S T*    **        ** I
           I         *S**** ****S****    *S****   **S T**   **        ** I
     -55.00I        **S**** ****S****    *S****   **S*T**   **   *    ** I    -55.00
           I        **S**** ****S****    *S****   **S*T**   **   *   *** I
           I        **S*********S****    *S****   **S*T**   **   **  ***SI
           I        **S*********S****    *S****   **S*T**   **S  **  ***SI
     -56.28I        **S*********S*****   *S****   **S*T**  ***S  **  ***SI    -56.28
           I        **S*********S*****   *S****  ***S*T*** ***S  **  ***SI
           I        **S*********S*****  **S****  ***S*T*** ***S T**  ***SI
           I       ***S*********S*****  **S***** ***S*T*******S*T**  ***SI
     -57.56I       ***S*********S*****  **S***** ***S*T*******S*T*** ***SI    -57.56
           I       ***S*********S*****  **S***** ***S*T*******S*T*******SI
           I       ***S*********S*****  **S*********S*T*******S*T*******SI
           I      ****S*********S****** **S*********S*T*******S*T*******SI
     -58.83I    ******S*********S*********S*********S*T*******S*T*******SI    -58.83
           I    ******S*********S*********S*********S*T*******S*T*******SI
           I   *******S*********S*********S*********S*T*******S*T*******SI
           I   *******S*********S*********S*********S*T*******S*T*******SI
     -60.11I   *******S*********S*********S*********S*T*******S*T*******SI    -60.11
           I   *******S*********S*********S*********S*T*******S*T*******SI
           I   *******S*********S*********S*********S*T*******S*T*******SI
           I  ********S*********S*********S*********S*T*******S*T*******SI
     -61.39I  ********S*********S*********S*********S*T*******S*T*******SI    -61.39
           I  ********S*********S*********S*********S*T*******S*T*******SI
           I  ********S*********S*********S*********S*T*******S*T*******SI
           I *********S*********S*********S*********S*T*******S*T*******SI
     -62.66I**********S*********S*********S*********S*T*******S*T*******SI    -62.66
 ++++++++++I+++++++++++++++++++++++++++++++++++++++++++++++++++++++++++++I
            S=SEASONAL FREQUENCIES, T=TRADING DAY FREQUENCIES
        R35 monthly CPI index            PAGE  26, SERIES series

  Peak probabilities for Tukey spectrum estimator
  Spectrum estimated from 2018.Aug to 2026.Jul.

                                          S1       S2       S3       S4       S5       S6       TD
                                        ------   ------   ------   ------   ------   ------   ------
  Model Residuals                        0.155    0.754    0.292    0.035    0.088    0.648    0.750  
  Prior Adjusted Series (Table B1)       0.941*   0.998**  0.731    0.659    0.640    0.830    0.085  
  Seasonally adjusted series (D11)       0.559    0.484    0.541    0.373    0.475    0.437    0.296  
  Irregular (D13)                        0.796    0.533    0.444    0.558    0.510    0.443    0.599  
  ----------
     ** - Peak Probability > 0.99,
      * - 0.90 < Peak Probability < 0.99



  NP statistic for residual seasonality:

  NP statistic for residual seasonality (Full series)
                                                  Residual Seasonality?
  log(Seasonally Adjusted Series)                          no
  log(Seasonally Adjusted Series (EV adj))                 no

  NP statistic for residual seasonality (Series start in 2018.Aug)
                                                  Residual Seasonality?
  log(Seasonally Adjusted Series)                          no
  log(Seasonally Adjusted Series (EV adj))                 no
