1
    Log for X-13ARIMA-SEATS program (Version 1.1 Build 62)  Sep 22, 2026  22.39.02 
    *-*-*-*-*-*-*-*-*-*-*-*-*-*-*-*-*-*-*-*-*-*-*-*-*-*-*-*-*-*-*-*-*-*-*-*-*



 Type of  Series      Additional                   Series title
 Adjust.  Ident.      Identifiers


  M-MLT    series -------- -------- R35 monthly CPI index                             
  Moving seasonality ratio     :       5.095
  I/C Ratio                    :       1.807
  Stable Seasonal F, B1 table  :       7.580
  Stable Seasonal F, D8 table  :       9.266
  Moving Seasonal F, D8 table  :       1.224
  Identifiable seasonality     : yes
    M01 :      1.547
    M02 :      0.081
    M03 :      0.404
    M04 :      0.052
    M05 :      0.436
    M06 :      0.438
    M07 :      0.759
    M08 :      1.348
    M09 :      0.472
    M10 :      1.598
    M11 :      1.571
    Q   :      0.691
    Q2  :      0.766

  QS statistic for seasonality:
  log(Original Series)                               22.60  (P-Value =     0.0000)
  log(Original Series (EV adj))                      11.76  (P-Value =     0.0028)
  Residuals                                           0.01  (P-Value =     0.9972)
  log(Seasonally Adjusted Series)                     0.00  (P-Value =     1.0000)
  log(SA Series (EV adj))                             0.00  (P-Value =     1.0000)
  Irregular Series                                    0.00  (P-Value =     1.0000)
  Irregular Series (EV adj)                           0.00  (P-Value =     1.0000)

  QS statistic for seasonality (starting 2018.Aug):
  Original Series                                    28.77  (P-Value =     0.0000)
  Original Series (EV adj)                           14.83  (P-Value =     0.0006)
  Residuals                                           0.13  (P-Value =     0.9383)
  Seasonally Adjusted Series                          0.00  (P-Value =     1.0000)
  Seasonally Adjusted Series (EV adj)                 0.00  (P-Value =     1.0000)
  Irregular Series                                    0.00  (P-Value =     1.0000)
  Irregular Series (EV adj)                           0.00  (P-Value =     1.0000)

 

  Peak probabilities for Tukey spectrum estimator
  Spectrum estimated from 2018.Aug to 2026.Jul.

                                          S1       S2       S3       S4       S5       S6       TD
                                        ------   ------   ------   ------   ------   ------   ------
  Model Residuals                                                                                  
  Prior Adjusted Series (Table B1)                  **       *                          *          
  Seasonally adjusted series (D11)                                                                 
  Irregular (D13)                                                                                * 
  ----------
     ** - Peak Probability > 0.99,
      * - 0.90 < Peak Probability < 0.99



  NP statistic for residual seasonality:

  NP statistic for residual seasonality (Full series)
                                                  Residual Seasonality?
  log(Seasonally Adjusted Series)                          no
  log(Seasonally Adjusted Series (EV adj))                 no

  NP statistic for residual seasonality (Series start in 2018.Aug)
                                                  Residual Seasonality?
  log(Seasonally Adjusted Series)                          no
  log(Seasonally Adjusted Series (EV adj))                 no

 Spectral Peak Summary:
  Seasonal Spectral Peaks : rsd
        TD Spectral Peaks : rsd
  
  
 For Peak Probability > 0.99
  Seasonal Tukey Spectral Peaks : ori
        TD Tukey Spectral Peaks : none
  
 For Peak Probability > 0.90
  Seasonal Tukey Spectral Peaks : ori
        TD Tukey Spectral Peaks : irr
