{
  "schema_version": "live_bundle_r32/v1",
  "command": "readiness",
  "target": "2026-09",
  "as_of": "2026-09-22T17:50:00.574895+00:00",
  "decision_time_prague": "2026-09-22T19:50:00.574895+02:00",
  "status": "ready_for_calculation",
  "ready_for_calculation": true,
  "forecast_available": false,
  "ready_for_first_release": false,
  "main_model": "HARD_BASE",
  "variant": "R31C_C123",
  "readiness": {
    "data_ready": true,
    "reasons": [],
    "missing_inputs": [
      {
        "frame": "food_features",
        "column": "agri_l0",
        "status": "NOT_DUE"
      }
    ],
    "component_history_edges": {
      "headline": {
        "latest_released_value": "2026-08",
        "gap_months": 0
      },
      "core": {
        "latest_released_value": "2026-08",
        "gap_months": 0
      },
      "regulated": {
        "latest_released_value": "2026-08",
        "gap_months": 0
      },
      "alcohol": {
        "latest_released_value": "2026-08",
        "gap_months": 0
      },
      "food": {
        "latest_released_value": "2026-08",
        "gap_months": 0
      },
      "official_fuel": {
        "latest_released_value": "2026-08",
        "gap_months": 0
      }
    },
    "before_first_release": true,
    "first_release": "2026-10-06T09:00:00",
    "weekly_fuel": {
      "last_due": "2026-09-14T00:00:00",
      "last_available": "2026-09-14T00:00:00"
    }
  },
  "runtime": {
    "ready": true,
    "reasons": [],
    "python": "3.12.14",
    "packages": {
      "numpy": {
        "found": true,
        "version": "2.5.2"
      },
      "pandas": {
        "found": true,
        "version": "3.0.1"
      },
      "scipy": {
        "found": true,
        "version": "1.18.1"
      },
      "scikit-learn": {
        "found": true,
        "version": "1.9.0"
      },
      "statsmodels": {
        "found": true,
        "version": "0.15.0"
      },
      "quantile-forest": {
        "found": true,
        "version": "1.4.2"
      },
      "duckdb": {
        "found": true,
        "version": "1.5.5"
      },
      "requests": {
        "found": true,
        "version": "2.34.2"
      }
    },
    "x13_path": "C:\\Users\\luis_\\x13as\\x13as\\x13as.exe",
    "x13_sha256": "2e43194361ee096797f0431765193c316196ea6776f11535e76281a413d49669",
    "check": "module discovery only; binary import/execution is verified by run"
  },
  "calendar": {
    "frozen_sha256": "4e3dc40df53cbfdebf62f3c5f47494881ebbf46e044921c44b2e365fa79f1bc4",
    "frozen_last_target": "2026-08",
    "live_sha256": "149298cf4bb71743dcca4016a1550f4b92297b8dc35bd51665e204903f6f5ce7",
    "not_yet_available": []
  },
  "fx": {
    "status": "applied",
    "ticker": "EURCZK CNB Curncy",
    "n_fixings": 15,
    "last_fixing": "2026-09-21",
    "rule": "exclude Prague call day; prior monthly mean rounded to 3 dp",
    "value_mm_pct": 0.3088079187173465
  },
  "provenance": {
    "variant": "R31C_C123",
    "bundle_manifest_sha256": "500e1eb44d05c4029b8b90411f259985b9f13d6eceed30274135461811b04416",
    "bundle_files": {
      "manual_inputs.csv": "a9ffa47b397e81bc70b872bd9171da10e1dc0ea6997d4ad09bd2868c6f3c9efe",
      "market/history_long.csv": "7b9051bf8c933472a099db19f07a39a6cbf1536fa5b5de7fe941f8c672cead67",
      "nowcast/alcohol_tobacco.csv": "6829ab91d0fdd50e62c9f36cd343447c6c3bc72a2966f0746958b0b21102b796",
      "nowcast/cnb_core_mm.csv": "6079b741ed18675030264f6326dbc45d428d587d2cba82e9cd1e6395452230df",
      "nowcast/cnb_regulated_mm.csv": "8e6c153d109f56e93321749722407d6eb5bc2e5f65c78034739d14d271422fc7",
      "nowcast/component_food_fuel_mm.csv": "d27a2e6f0b449f1808268d5931011599b09a29bd3512fa0b0d842e66cf85de22",
      "nowcast/core_features.csv": "607cfc632319134e32857e42410e346d7f4961467d8b5a7fe243ba9e955f32ce",
      "nowcast/food_block_features.csv": "3856e398469ea32292dd81f25f210199255d3c872b75c25eff2e770f223890c0",
      "nowcast/fuel_weekly_variant_b.csv": "d6f2b28bea4d2dcb2e308b407ede137fdbb2125f83eb872b841f2b249529cb4f",
      "nowcast/target_headline_cpi_mm.csv": "12423f67a548f47f48378f5232ee593041dce170564e474493e418c38c9e9c38",
      "provenance.json": "1fb62084f400ea565e8839e06fae9b0e3cfd8933859eba252c26be9be38faaa5"
    },
    "snapshot_hashes": {
      "market/history_long.csv": "7b9051bf8c933472a099db19f07a39a6cbf1536fa5b5de7fe941f8c672cead67"
    },
    "fuel_ticker": "CP7FCZ Index",
    "weekly_source": "EC bulletin from Bloomberg, CZK/l",
    "dropped_feature": "services_l1",
    "vintage": "latest-vintage with publication rules; not prospective evidence"
  },
  "reasons": [],
  "limitations": [
    "Latest-vintage Bloomberg data with publication rules; historical clocks are reconstructed replay, not a prospective archive.",
    "Readiness never extrapolates missing monthly observations or invents release dates.",
    "Farm prices, documented energy announcements, basket weights and X13 remain external/static requirements.",
    "This entry point calculates h0 only; it does not refresh sources or extend the monthly path."
  ]
}
