{
  "n": 90,
  "checks": {
    "coreweight_delta": 0.0,
    "weight_sum_delta": 1.1102230246251565e-16,
    "fixed_noncore_identity_residual": 3.9898639947466563e-16,
    "headline_prediction_identity_residual": 8.881784197001252e-16,
    "headline_error_identity_residual": 6.314393452555578e-16,
    "prior_diagnosis_noncore_delta": 5.551115123125783e-16,
    "alc_replay_delta": 2.42861286636753e-17,
    "admin_replay_delta": 0.0,
    "fuel_replay_delta": 0.0,
    "wedge_replay_delta": 1.3877787807814457e-17,
    "report_weight_max_delta": 0.0,
    "report_actual_max_delta": 2.220446049250313e-16
  },
  "suspect_rows_filtered": 1,
  "report_weight_different_periods": [],
  "headline_fixture_first_release_differences": {
    "n_nonzero": 86,
    "max_abs": 0.08987341772152,
    "rmse": 0.031007623802235946
  },
  "wedge": {
    "offsets_all_blocks": 48,
    "reduces_all_block_abs_error": 42,
    "mean_abs_error_reduction": -0.006245446590601898,
    "offsets_noncore": 40,
    "reduces_noncore_abs_error": 37,
    "mean_noncore_abs_error_reduction": -0.012003855348119558,
    "rms_no_wedge_error": 0.39889967223253636,
    "rms_headline": 0.41795154739724044,
    "corr_admin": 0.23076839556536435,
    "corr_core": 0.05464374660396617,
    "corr_noncore": 0.1134346827389773
  },
  "big_core_better_headline_worse": [
    "2022-02",
    "2022-05",
    "2022-11",
    "2024-04"
  ],
  "all_core_better_headline_worse": [
    "2019-03",
    "2019-07",
    "2019-11",
    "2020-03",
    "2020-10",
    "2021-03",
    "2022-02",
    "2022-05",
    "2022-11",
    "2023-01",
    "2023-05",
    "2023-11",
    "2024-04",
    "2024-08",
    "2024-09",
    "2024-11",
    "2025-02",
    "2025-03",
    "2026-02"
  ],
  "fuel_not_all_weeks": [
    "2019-04",
    "2019-12",
    "2020-04",
    "2020-12",
    "2021-04",
    "2021-07",
    "2021-12",
    "2022-12",
    "2023-12",
    "2024-12",
    "2025-03",
    "2025-06",
    "2025-09"
  ]
}
         actual  consensus  HARD_BASE  headline_error  error_core  error_food  error_fuel  error_admin  error_alc  wedge_forecast  realised_reconciliation_first_release  error_wedge  noncore_error  category_core_error  category_headline_error  category_core_gain_pp  category_headline_loss_pp
period
2020-06     0.6        0.2   0.343882       -0.256118    0.026743    0.047211   -0.000173    -0.016191  -0.270385       -0.001381                               0.041942    -0.043323      -0.282861            -0.191822                -0.474683              -0.165079                   0.218565
2022-02     1.3        0.6   0.866425       -0.433575    0.098228   -0.123830    0.006343    -0.303590  -0.038291        0.017341                               0.089774    -0.072433      -0.531802             0.041166                -0.490636               0.057061                   0.057061
2022-04     1.8        0.9   0.741859       -1.058141   -0.279448   -0.383161   -0.002708    -0.441586   0.120001       -0.004231                               0.067008    -0.071240      -0.778693            -0.370849                -1.149543              -0.091401                   0.091401
2022-05     1.8        1.4   1.827343        0.027343    0.258501    0.032960    0.001648    -0.158512  -0.040349       -0.031211                               0.035695    -0.066906      -0.231158            -0.130008                -0.361166               0.128493                   0.333823
2022-09     0.8        0.2   0.162092       -0.637908    0.140561   -0.081847   -0.003526    -0.648012  -0.006868       -0.029794                               0.008422    -0.038215      -0.778469            -0.175869                -0.954337              -0.035308                   0.316430
2022-10    -1.4        0.9   1.172948        2.572948    0.185971   -0.365120    0.006281     2.436129  -0.033997       -0.013238                              -0.356921     0.343683       2.386976             0.007668                 2.394644               0.178303                  -0.178303
2022-11     1.2        0.7   0.758516       -0.441484    0.318717   -0.061545   -0.000575    -0.750841  -0.034650        0.015475                              -0.071935     0.087410      -0.760201             0.211282                -0.548919               0.107435                   0.107435
2024-04     0.7        0.2   0.535514       -0.164486    0.197207   -0.124884    0.001873    -0.015141  -0.187526        0.000891                               0.036905    -0.036014      -0.361693             0.145347                -0.216346               0.051860                   0.051860
window      block  n      bias      mae     rmse  squared_term  cross_with_headline
   all       core 90  0.002637 0.132426 0.165709      2.471356             2.454272
   all       food 90 -0.010826 0.120173 0.161949      2.360463             1.474190
   all       fuel 90 -0.000501 0.004375 0.007208      0.004676             0.050936
   all      admin 90 -0.006072 0.136142 0.347293     10.855115             9.906425
   all        alc 90 -0.006978 0.061917 0.080294      0.580243             0.820866
   all      wedge 90 -0.003486 0.060420 0.083601      0.629019             1.014824
   all    noncore 90 -0.027863 0.232451 0.384192     13.284325            13.267242
   all all_blocks 90 -0.021739 0.256270 0.398900     14.320885            14.706690
   all   headline 90 -0.025226 0.262516 0.417952     15.721515            15.721515
