  Reading input spec file from series.spc

1

               U. S. Department of Commerce, U. S. Census Bureau

              X-13ARIMA-SEATS monthly seasonal adjustment Method,
                          Release Version 1.1 Build 62


           This software application provides an enhanced version of
             Statistics Canada's X-11-ARIMA extension (Dagum, 1980)
                 of the X-11 variant of the Census Method II of
                      Shiskin, Young and Musgrave (1967).

            It also provides an ARIMA model-based method following
       Hillmer and Tiao (1982) and Burman (1980) that is very similar
       to the update of the method of SEATS (Gomez and Maravall, 1996)
                produced at the Bank of Spain by G. Caporello and
               A. Maravall for TSW (Caporello and Maravall, 2004).
          The present application includes additional enhancements.

         X-13ARIMA-SEATS includes an automatic ARIMA model selection procedure
          based largely on the procedure of Gomez and Maravall (1998)
            as implemented in TRAMO (1996) and subsequent revisions.

              Primary Programmers: Brian Monsell, Mark Otto and,
                 for the ARIMA model-based signal extraction,
                      Gianluca Caporello and Victor Gomez


     Series Title- R35 monthly CPI index
     Series Name- series
     Sep 22, 2026  22.39.27 

        -Period covered-  1st month,2015 to  8th month,2026
        -Type of run - multiplicative seasonal adjustment

        -Sigma limits for graduating extreme values are  1.5 and  2.5 .
        -3x3 moving average used in section 1 of each iteration, 
         3x5 moving average in section 2 of iterations B and C,
         moving average for final seasonal factors chosen by Global MSR.
        -Spectral plots generated for selected series
        -Spectral plots generated for series starting in 2018.Sep

 FILE SAVE REQUESTS (* indicates file exists and will be overwritten)
  series.d10  final seasonal factors
  series.d11  final seasonally adjusted data
  series.d12  final trend cycle
  series.d13  final irregular component
  series.out  program output file
  series.err  program error file
  series.udg  seasonal adjustment and model diagnostics file
        R35 monthly CPI index            PAGE   1, SERIES series

     Contents of spc file series.spc

 Line #
 ------
      1: series { title="R35 monthly CPI index" start=2015.1 period=12 data=(
      2: 103.59999999999999 102.2 100.59999999999999 100.40000000000001 100.09999999999999 99
      3: 99.700000000000003 99.299999999999997 99.099999999999994 99.200000000000003 97.900000000000006 98.799999999999997
      4: 97.200000000000003 97.599999999999994 96.900000000000006 97.200000000000003 97.400000000000006 97.400000000000006
      5: 97.200000000000003 98.700000000000003 99.700000000000003 99.799999999999997 100.3 99.200000000000003
      6: 100.40000000000001 101.5 101.40000000000001 99.400000000000006 100.7 101.5
      7: 101.90000000000001 102.2 102.5 102.8 102.7 100.09999999999999
      8: 96.599999999999994 96.900000000000006 95.299999999999997 94.400000000000006 93.799999999999997 93.599999999999994
      9: 91.799999999999997 91.5 90.299999999999997 89.700000000000003 86.5 85.700000000000003
     10: 85.5 84.5 83.799999999999997 83.400000000000006 82.799999999999997 82.200000000000003
     11: 82 82.799999999999997 82.700000000000003 83.299999999999997 82.299999999999997 81.900000000000006
     12: 84.799999999999997 86 85.900000000000006 86.200000000000003 87.099999999999994 86.400000000000006
     13: 88.299999999999997 87.5 87.900000000000006 88.200000000000003 88.299999999999997 87.400000000000006
     14: 87.900000000000006 88 88 89.099999999999994 89.900000000000006 90.299999999999997
     15: 90.599999999999994 90.700000000000003 91.099999999999994 91.299999999999997 91.900000000000006 94.799999999999997
     16: 96.099999999999994 96.799999999999997 98.200000000000003 100.8 104.5 105
     17: 105.59999999999999 105.7 105.90000000000001 107.8 106.2 109.2
     18: 108.2 111.5 112.7 114.09999999999999 114.59999999999999 113.90000000000001
     19: 112.90000000000001 114.09999999999999 115.90000000000001 115.8 110.90000000000001 116
     20: 117.90000000000001 118.2 118.8 124.2 124.40000000000001 122.90000000000001
     21: 121.8 126 129.30000000000001 128.69999999999999 124.3 129.5
     22: 131.80000000000001 134.30000000000001 132.19999999999999 129.90000000000001 131.5 133.5
     23: 132.80000000000001 137.19999999999999 139.30000000000001 141.19999999999999 136.69999999999999 140.19999999999999
     24: 140.80000000000001 145.69999999999999 142.90000000000001 146.19999999999999 145.40000000000001 143.19999999999999
     25: 141.69999999999999 143.59999999999999
     26: ) }
     27: transform { function=log }
     28: automdl { }
     29: outlier { types=(ao ls tc) }
     30: x11 { mode=mult save=(d10 d11 d12 d13) appendfcst=no appendbcst=no savelog=all }
     31: spectrum { logqs=yes robustsa=no print=all savelog=all }
     32: check { }
        R35 monthly CPI index            PAGE   2, SERIES series

 A 1  Time series data (for the span analyzed)
  From  2015.Jan to 2026.Aug
  Observations        140
 -----------------------------------------------------------------------------
               Jan      Feb      Mar      Apr      May      Jun 
               Jul      Aug      Sep      Oct      Nov      Dec        TOTAL  
 -----------------------------------------------------------------------------
  2015         104.     102.     101.     100.     100.      99.
               100.      99.      99.      99.      98.      99.         1200.
 
  2016          97.      98.      97.      97.      97.      97.
                97.      99.     100.     100.     100.      99.         1179.
 
  2017         100.     102.     101.      99.     101.     102.
               102.     102.     103.     103.     103.     100.         1217.
 
  2018          97.      97.      95.      94.      94.      94.
                92.      92.      90.      90.      87.      86.         1106.
 
  2019          86.      85.      84.      83.      83.      82.
                82.      83.      83.      83.      82.      82.          997.
 
  2020          85.      86.      86.      86.      87.      86.
                88.      88.      88.      88.      88.      87.         1044.
 
  2021          88.      88.      88.      89.      90.      90.
                91.      91.      91.      91.      92.      95.         1084.
 
  2022          96.      97.      98.     101.     105.     105.
               106.     106.     106.     108.     106.     109.         1242.
 
  2023         108.     112.     113.     114.     115.     114.
               113.     114.     116.     116.     111.     116.         1361.
 
  2024         118.     118.     119.     124.     124.     123.
               122.     126.     129.     129.     124.     130.         1486.
 
  2025         132.     134.     132.     130.     132.     134.
               133.     137.     139.     141.     137.     140.         1621.
 
  2026         141.     146.     143.     146.     145.     143.
               142.     144.                                             1149.
 
  AVGE         104.     105.     105.     105.     106.     106.
               106.     107.     104.     104.     103.     104.

  Table Total-     14685.00   Mean-     104.89   Std. Dev.-      17.74
                              Min -      81.90        Max -     146.20
        R35 monthly CPI index            PAGE   3, SERIES series
                        Automatic ARIMA Model Selection

                    Procedure based closely on TRAMO method 
                         of Gomez and Maravall (2000)
              "Automatic Modeling Methods for Univariate Series",
                            A Course in Time Series
                  (Edited by D. Pena, G. C. Tiao, R. S. Tsay),
                         New York : J. Wiley and Sons


     Maximum order for regular ARMA parameters :   2
     Maximum order for seasonal ARMA parameters :   1
     Maximum order for regular differencing :   2
     Maximum order for seasonal differencing :   1

   Results of Unit Root Test for identifying orders of differencing:
     Regular difference order :   1
     Seasonal difference order :   0

     Mean is not significant.

  Automatic model choice : (0 1 0)(1 0 0)
   Model changed to 
   ( 0, 1, 1) ( 0, 1, 1)


  Final Checks for Identified Model


  Checking for Unit Roots.
   No unit roots found.

  Checking for nonseasonal overdifferencing.
   Nonseasonal MA not within  0.001 of 1.0 - model passes test.

  Checking for insignificant ARMA coefficients.

  Final automatic model choice : (0 1 1)(0 1 1)
   End of automatic model selection procedure.

 Average absolute percentage error in within-sample forecasts:
  Last year:   1.30      Last-1 year:   1.56     Last-2 year:   1.24
  Last three years:    1.37

 Estimation converged in    1 ARMA iterations,    4 function evaluations.

 ARIMA Model:  (0 1 1)(0 1 1)
   Nonseasonal differences: 1
   Seasonal differences:    1
                                              Standard
 Parameter                    Estimate          Errors
 -----------------------------------------------------
 Nonseasonal MA                                    
   Lag  1                      -0.0936         0.08635

 Seasonal MA                                       
   Lag 12                       0.5820         0.07791

 Variance                       0.22749E-03
 SE of Var                      0.28548E-04
 -----------------------------------------------------

 Likelihood Statistics
 ------------------------------------------------------------------
 Number of observations (nobs)                                  140
 Effective number of observations (nefobs)                      127
 Number of parameters estimated (np)                              3
 Log likelihood                                            349.9722
 Transformation Adjustment                                -589.6948
 Adjusted Log likelihood (L)                              -239.7226
 AIC                                                       485.4452 
 AICC (F-corrected-AIC)                                    485.6403 
 Hannan Quinn                                              488.9119 
 BIC                                                       493.9778 
 ------------------------------------------------------------------


 DIAGNOSTIC CHECKING
  Sample Autocorrelations of the Residuals with the Ljung-Box diagnostic.

  Lag      1     2     3     4     5     6     7     8     9    10    11    12
  ACF  -0.00  0.01  0.01  0.28  0.08  0.13 -0.06  0.09  0.10  0.06 -0.05 -0.02
  SE    0.09  0.09  0.09  0.09  0.10  0.10  0.10  0.10  0.10  0.10  0.10  0.10
  Q     0.00  0.03  0.04 10.43 11.27 13.59 14.08 15.31 16.59 17.13 17.44 17.49
  DF       0     0     1     2     3     4     5     6     7     8     9    10
  P    0.000 0.000 0.849 0.005 0.010 0.009 0.015 0.018 0.020 0.029 0.042 0.064

  Lag     13    14    15    16    17    18    19    20    21    22    23    24
  ACF   0.02  0.02 -0.12 -0.05  0.01 -0.02 -0.13 -0.05 -0.05  0.05 -0.01 -0.08
  SE    0.10  0.10  0.10  0.10  0.10  0.10  0.10  0.10  0.10  0.10  0.10  0.10
  Q    17.54 17.58 19.56 19.87 19.89 19.94 22.56 23.02 23.44 23.76 23.77 24.69
  DF      11    12    13    14    15    16    17    18    19    20    21    22
  P    0.093 0.129 0.107 0.134 0.176 0.223 0.164 0.190 0.218 0.253 0.304 0.312

  The P-values approximate the probability of observing a Q-value at least
  this large when the model fitted is correct.  When DF is positive, small
  values of P, customarily those below 0.05, indicate model inadequacy.

  Sample Autocorrelations of the Residuals
                 -1.0 -0.8 -0.6 -0.4 -0.2  0.0  0.2  0.4  0.6  0.8  1.0
                   +----+----+----+----+----+----+----+----+----+----+
            1                           .   |   .                     -0.003
            2                           .   |   .                      0.015
            3                           .   |   .                      0.007
            4                           .   |XXXXXXX                   0.279
            5                          .    |XX  .                     0.079
            6                          .    |XXX .                     0.131
            7                          .   X|    .                    -0.060
            8                          .    |XX  .                     0.094
            9                          .    |XX  .                     0.096
           10                          .    |XX  .                     0.062
           11                          .   X|    .                    -0.047
           12       - - - - - - - - -  .    |    .  - - - - - - - -   -0.018
           13                          .    |    .                     0.018
           14                          .    |    .                     0.016
           15                          . XXX|    .                    -0.116
           16                          .   X|    .                    -0.047
           17                          .    |    .                     0.010
           18                          .    |    .                    -0.017
           19                          . XXX|    .                    -0.132
           20                          .   X|    .                    -0.055
           21                          .   X|    .                    -0.052
           22                          .    |X   .                     0.045
           23                          .    |    .                    -0.010
           24       - - - - - - - - -  .  XX|    .  - - - - - - - -   -0.076
  
  Sample Autocorrelations of the Squared Residuals with the Ljung-Box diagnostic.

  Lag      1     2     3     4     5     6     7     8     9    10    11    12
  ACF   0.05 -0.08 -0.13  0.03 -0.04 -0.04 -0.09  0.01 -0.02  0.05  0.03  0.07
  SE    0.09  0.09  0.09  0.09  0.09  0.09  0.09  0.09  0.09  0.09  0.09  0.09
  Q     0.37  1.13  3.27  3.40  3.63  3.80  4.97  5.00  5.06  5.34  5.51  6.17
  DF       0     0     1     2     3     4     5     6     7     8     9    10
  P    0.000 0.000 0.071 0.183 0.304 0.434 0.419 0.543 0.653 0.720 0.788 0.800

  Lag     13    14    15    16    17    18    19    20    21    22    23    24
  ACF  -0.07  0.11 -0.12  0.02  0.05  0.06 -0.01 -0.00 -0.08 -0.01  0.19  0.11
  SE    0.09  0.09  0.09  0.10  0.10  0.10  0.10  0.10  0.10  0.10  0.10  0.10
  Q     6.93  8.72 10.89 10.93 11.26 11.87 11.87 11.87 12.79 12.81 18.22 20.06
  DF      11    12    13    14    15    16    17    18    19    20    21    22
  P    0.805 0.726 0.620 0.691 0.734 0.753 0.808 0.854 0.849 0.885 0.635 0.579

  The P-values approximate the probability of observing a Q-value at least
  this large when the model fitted is correct in a way that supports the
  standard interpretations of the test statistics, standard errors, and
  prediction intervals output by X-13ARIMA-SEATS. When DF is positive, small
  values of P, customarily those below 0.05, suggest that model-based
  inferences about statistical significance and uncertainty will be less
  dependable than usual.

  Sample Autocorrelations of the Squared Residuals
                 -1.0 -0.8 -0.6 -0.4 -0.2  0.0  0.2  0.4  0.6  0.8  1.0
                   +----+----+----+----+----+----+----+----+----+----+
            1                           .   |X  .                      0.054
            2                           . XX|   .                     -0.076
            3                           .XXX|   .                     -0.127
            4                          .    |X   .                     0.032
            5                          .   X|    .                    -0.042
            6                          .   X|    .                    -0.035
            7                          .  XX|    .                    -0.093
            8                          .    |    .                     0.015
            9                          .    |    .                    -0.020
           10                          .    |X   .                     0.045
           11                          .    |X   .                     0.034
           12       - - - - - - - - -  .    |XX  .  - - - - - - - -    0.068
           13                          .  XX|    .                    -0.072
           14                          .    |XXX .                     0.111
           15                          . XXX|    .                    -0.122
           16                          .    |    .                     0.016
           17                          .    |X   .                     0.047
           18                          .    |XX  .                     0.063
           19                          .    |    .                    -0.007
           20                          .    |    .                    -0.002
           21                          .  XX|    .                    -0.077
           22                          .    |    .                    -0.011
           23                          .    |XXXXX                     0.185
           24       - - - - - - - - -  .    |XXX .  - - - - - - - -    0.108
  
 Histogram of the Standardized and Mean-Centered Residuals
  Standard
  Deviations    Frequency
       -3 +#
          |###
       -2 +###
          |#########
       -1 +#############
          |######################
        0 +###########################
          |#######################
        1 +#############
          |#####
        2 +######
          |#
        3 +#

  One '#'= 1 observation[s]

 Tabular Histogram of the Standardized and Mean-Centered Residuals

  Standard
  Deviations    Frequency

 -3.00                 1

 -2.50                 3

 -2.00                 3

 -1.50                 9

 -1.00                13

 -0.50                22

  0.00                27

  0.50                23

  1.00                13

  1.50                 5

  2.00                 6

  2.50                 1

  3.00                 1

 Summary Statistics for the Unstandardized Residuals
  Minimum                    -0.041
  Maximum                     0.044
  Median                      0.003
  Robust Std Dev              0.014

 Normality Statistics for regARIMA Model Residuals:

    Number of residuals  :    127

    Skewness coefficient :   -0.0607    
    Geary's a            :    0.7717    
    Kurtosis             :    3.4652    

  No indication of lack of normality.

 Durbin-Watson Statistic for regARIMA Model Residuals:
  dw =     1.963708

 Friedman Non-Parametric Test for regARIMA Model Residuals:
  ken =     3.892308 ( Asymptotically distributed as Chi-Square(11), P-Value =     0.972962 )

 QS Statistic for regARIMA Model Residuals (full series):             0.00
                                                       (P-Value =     1.0000)

 QS Statistic for regARIMA Model Residuals (starting 2018.Sep):       0.86
                                                       (P-Value =     0.6506)
      10*LOG(SPECTRUM) of the regARIMA model residuals
      Spectrum estimated from 2018.Sep to 2026.Aug.
 ++++++++++I+++++++++++++++++++++++++++++++++++++++++++++++++++++++++++++I
     -31.18I                                                           * I    -31.18
           I                                                           * I
           I                                                           * I
           I                          *                                * I
     -31.96I                          *                                * I    -31.96
           I                          *                                * I
           I                          *                                * I
           I                      *   *  *                             * I
     -32.74I                      *   ** *                             * I    -32.74
           I                      *   ** *                             *SI
           I                      *   ** *                             *SI
           I                      *   ** *                             *SI
     -33.52I     *                *   ** *                             *SI    -33.52
           I     *                *   ** *                             *SI
           I    **                *   ** *     *                       *SI
           I    **                *   ** *     *                      **SI
     -34.30I*   **                *   ** *     *                      **SI    -34.30
           I*   **                *   ** *    **                  *   **SI
           I*   **                *   ****    **       *          *   **SI
           I*   **                *   ****S   **       *          *   **SI
     -35.08I*   **                *   ****S   **       *          *   **SI    -35.08
           I*   **                *   ****S   **       *          *   **SI
           I**  **               **   ****S   **       *          *   **SI
           I**  **               **   ****S   **   *   *          *   **SI
     -35.85I**  **               **   ****S   **   *  T*          *   **SI    -35.85
           I**  **               **   ****S   **   *  T*          *   **SI
           I**  **               **   ****S   **  **  T*          *   **SI
           I**  **           *   **   ****S   **  **  T*          *   **SI
     -36.63I** ***           *   **   ****S   **  **  T*          *   **SI    -36.63
           I******           *   **   ****S   **  **  T*          *   **SI
           I******           *   **   ****S   **  **  T**         *   **SI
           I******           *   **   ****S   **  **  T**    *   **   **SI
     -37.41I******           *   **   ****S   **  **S T**    *   **   **SI    -37.41
           I******           *   **  *****S   **  **S*T**   **   **   **SI
           I******    S      *   **  *****S   **  **S*T**   **   **   **SI
           I******    S      **  **  *****S   *** **S*T**   **   **   **SI
     -38.19I*******   S      **  *** *****S   *** **S*T**   **   **   **SI    -38.19
           I*******   S*     **  *** *****S   ******S*T***  **   **   **SI
           I*******   S*    ***  *** *****S   ******S*T*** ***   **   **SI
           I*******   S*    ***  *** *****S   ******S*T*******   ***  **SI
     -38.97I*******   S*    ***  *** *****S   ******S*T*******   *** ***SI    -38.97
           I*******   S**   ***  *** *****S   ******S*T*******S  *** ***SI
           I*******   S***  ***  *** *****S   ******S*T*******S  *** ***SI
           I*******  *S***  ***  *** *****S   ******S*T*******S  *** ***SI
     -39.75I*******  *S******** S*********S* *******S*T*******S  *** ***SI    -39.75
           I*******  *S******** S*********S* *******S*T*******S  *** ***SI
           I*******  *S*********S*********S* *******S*T*******S  *** ***SI
           I*******  *S*********S*********S* *******S*T*******S T*** ***SI
     -40.52I*******  *S*********S*********S* *******S*T*******S*T*******SI    -40.52
           I******** *S*********S*********S* *******S*T*******S*T*******SI
           I******** *S*********S*********S* *******S*T*******S*T*******SI
           I**********S*********S*********S* *******S*T*******S*T*******SI
     -41.30I**********S*********S*********S*********S*T*******S*T*******SI    -41.30
 ++++++++++I+++++++++++++++++++++++++++++++++++++++++++++++++++++++++++++I
            S=SEASONAL FREQUENCIES, T=TRADING DAY FREQUENCIES


 FORECASTING
  Origin  2026.Aug
  Number        12

  Forecasts and Standard Errors of the Transformed Data
   ------------------------------
                         Standard
       Date   Forecast      Error
   ------------------------------
   2026.Sep       4.98      0.015
   2026.Oct       4.99      0.022
   2026.Nov       4.96      0.028
   2026.Dec       4.99      0.032
   2027.Jan       5.00      0.036
   2027.Feb       5.02      0.040
   2027.Mar       5.01      0.043
   2027.Apr       5.02      0.046
   2027.May       5.03      0.049
   2027.Jun       5.02      0.052
   2027.Jul       5.01      0.054
   2027.Aug       5.03      0.057
   ------------------------------

  Confidence intervals with coverage probability ( 0.95000
  On the Original Scale
   ---------------------------------------
       Date      Lower  Forecast     Upper
   ---------------------------------------
   2026.Sep     141.43    145.67    150.05
   2026.Oct     140.29    146.57    153.14
   2026.Nov     134.76    142.30    150.26
   2026.Dec     137.65    146.65    156.23
   2027.Jan     137.78    147.94    158.83
   2027.Feb     139.90    151.26    163.55
   2027.Mar     137.63    149.77    162.98
   2027.Apr     138.75    151.90    166.28
   2027.May     138.44    152.41    167.78
   2027.Jun     137.06    151.68    167.87
   2027.Jul     135.41    150.61    167.52
   2027.Aug     137.37    153.53    171.60
   ---------------------------------------
        R35 monthly CPI index            PAGE   4, SERIES series

 B 1  Original series (prior adjusted)
  From  2015.Jan to 2026.Aug
  Observations        140
 -----------------------------------------------------------------------------
               Jan      Feb      Mar      Apr      May      Jun 
               Jul      Aug      Sep      Oct      Nov      Dec        TOTAL  
 -----------------------------------------------------------------------------
  2015         104.     102.     101.     100.     100.      99.
               100.      99.      99.      99.      98.      99.         1200.
 
  2016          97.      98.      97.      97.      97.      97.
                97.      99.     100.     100.     100.      99.         1179.
 
  2017         100.     101.     101.      99.     101.     101.
               102.     102.     103.     103.     103.     100.         1217.
 
  2018          97.      97.      95.      94.      94.      94.
                92.      92.      90.      90.      87.      86.         1106.
 
  2019          86.      85.      84.      83.      83.      82.
                82.      83.      83.      83.      82.      82.          997.
 
  2020          85.      86.      86.      86.      87.      86.
                88.      88.      88.      88.      88.      87.         1044.
 
  2021          88.      88.      88.      89.      90.      90.
                91.      91.      91.      91.      92.      95.         1084.
 
  2022          96.      97.      98.     101.     104.     105.
               106.     106.     106.     108.     106.     109.         1242.
 
  2023         108.     112.     113.     114.     115.     114.
               113.     114.     116.     116.     111.     116.         1361.
 
  2024         118.     118.     119.     124.     124.     123.
               122.     126.     129.     129.     124.     130.         1486.
 
  2025         132.     134.     132.     130.     132.     134.
               133.     137.     139.     141.     137.     140.         1621.
 
  2026         141.     146.     143.     146.     145.     143.
               142.     144.                                             1150.
 
  AVGE         104.     105.     105.     105.     106.     106.
               106.     107.     104.     104.     103.     104.

  Table Total-     14685.00   Mean-     104.89   Std. Dev.-      17.74
                              Min -      81.90        Max -     146.20

 B 1.A  Forecasts of (prior adjusted) original series
  From  2026.Sep to 2027.Aug
  Observations         12
 -----------------------------------------------------------------------------
               Jan      Feb      Mar      Apr      May      Jun 
               Jul      Aug      Sep      Oct      Nov      Dec        TOTAL  
 -----------------------------------------------------------------------------
  2026                                                          
                                 146.     147.     142.     147.          581.
 
  2027         148.     151.     150.     152.     152.     152.
               151.     154.                                             1209.
 
        R35 monthly CPI index            PAGE   5, SERIES series

 C 17  Final weights for irregular component
  From  2015.Jan to 2026.Aug
  Observations        140
  Lower sigma limit    1.50
  Upper sigma limit    2.50
 -----------------------------------------------------------------------------
               Jan      Feb      Mar      Apr      May      Jun 
               Jul      Aug      Sep      Oct      Nov      Dec         S.D.  
 -----------------------------------------------------------------------------
  2015          0.0    100.0    100.0    100.0    100.0     81.1
              100.0    100.0    100.0    100.0    100.0      0.0           0.3
 
  2016        100.0    100.0    100.0    100.0    100.0    100.0
              100.0    100.0    100.0    100.0      0.0    100.0           0.3
 
  2017        100.0    100.0    100.0      0.0     68.1    100.0
              100.0    100.0    100.0    100.0      0.0     65.9           0.3
 
  2018          0.0    100.0    100.0    100.0    100.0    100.0
              100.0    100.0    100.0    100.0    100.0    100.0           0.4
 
  2019        100.0    100.0    100.0    100.0    100.0    100.0
              100.0    100.0    100.0    100.0    100.0      0.0           0.4
 
  2020        100.0     44.9    100.0    100.0    100.0     80.5
                0.0    100.0    100.0    100.0      0.0    100.0           0.4
 
  2021        100.0    100.0    100.0    100.0    100.0    100.0
              100.0    100.0    100.0      0.0    100.0    100.0           0.5
 
  2022        100.0    100.0    100.0    100.0    100.0    100.0
              100.0    100.0     91.8    100.0    100.0    100.0           0.6
 
  2023          0.0    100.0    100.0    100.0    100.0    100.0
              100.0    100.0    100.0    100.0      6.8    100.0           0.6
 
  2024        100.0    100.0    100.0      0.0    100.0    100.0
               59.7    100.0     50.2    100.0    100.0    100.0           0.6
 
  2025        100.0     44.9    100.0      0.0      0.0    100.0
              100.0    100.0    100.0    100.0    100.0    100.0           0.6
 
  2026        100.0     81.3    100.0    100.0    100.0    100.0
              100.0    100.0                                               0.6
 
        R35 monthly CPI index            PAGE   6, SERIES series

 D 8  Final unmodified SI ratios
  From  2015.Jan to 2026.Aug
  Observations        140
 -----------------------------------------------------------------------------
               Jan      Feb      Mar      Apr      May      Jun 
               Jul      Aug      Sep      Oct      Nov      Dec         AVGE  
 -----------------------------------------------------------------------------
  2015        101.2    100.3     99.3     99.6     99.8     99.1
              100.2    100.3    100.5    101.0    100.0    101.2         100.2
 
  2016         99.7    100.2     99.4     99.7     99.8     99.7
               99.4    100.6    101.2    100.9    101.0     99.3         100.1
 
  2017         99.8    100.2     99.8     97.7     99.0     99.8
              100.1    100.4    100.8    101.3    101.8    100.2         100.1
 
  2018         98.0     99.7     99.4     99.4     99.7    100.4
               99.6    100.6    100.7    101.4     99.1     99.4          99.8
 
  2019        100.1     99.8     99.7    100.0    100.0     99.8
               99.8    100.7    100.4    100.7     98.9     97.5          99.8
 
  2020        100.0    100.5     99.9    100.0    100.9     99.8
              101.6    100.2    100.2    100.3    100.4     99.3         100.2
 
  2021         99.8     99.9     99.7    100.6    100.9    100.8
              100.5    100.0     99.6     98.7     98.0     99.8          99.8
 
  2022        100.0     99.5     99.5    100.3    102.1    101.0
              100.5     99.9     99.3    100.2     97.7     99.5         100.0
 
  2023         97.7     99.8    100.2    101.0    101.3    100.5
               99.3     99.8    100.9    100.3     95.6     99.6          99.7
 
  2024        100.7    100.2     99.6    102.9    102.0     99.7
               97.8    100.2    101.9    100.6     96.5     99.7         100.1
 
  2025        100.7    102.0    100.2     98.3     99.0     99.7
               98.1    100.2    100.6    101.2     97.5     99.6          99.7
 
  2026         99.6    102.4     99.7    101.5    100.7     99.2
               98.3     99.6                                             100.1
 
  AVGE         99.8    100.4     99.7    100.1    100.4    100.0
               99.6    100.2    100.5    100.6     98.8     99.5

  Table Total-     13995.40   Mean-      99.97   Std. Dev.-       1.08
                              Min -      95.57        Max -     102.94
        R35 monthly CPI index            PAGE   7, SERIES series

 D 8.B  Final unmodified SI ratios, with labels for outliers and extreme values
  From  2015.Jan to 2026.Aug
  Observations        140
 ---------------------------------------------------------------------
               Jan       Feb       Mar       Apr       May       Jun  
               Jul       Aug       Sep       Oct       Nov       Dec  
 ---------------------------------------------------------------------
  2015       101.2*    100.3      99.3      99.6      99.8      99.1* 
             100.2     100.3     100.5     101.0     100.0     101.2* 
 
  2016        99.7     100.2      99.4      99.7      99.8      99.7  
              99.4     100.6     101.2     100.9     101.0*     99.3  
 
  2017        99.8     100.2      99.8      97.7*     99.0*     99.8  
             100.1     100.4     100.8     101.3     101.8*    100.2* 
 
  2018        98.0*     99.7      99.4      99.4      99.7     100.4  
              99.6     100.6     100.7     101.4      99.1      99.4  
 
  2019       100.1      99.8      99.7     100.0     100.0      99.8  
              99.8     100.7     100.4     100.7      98.9      97.5* 
 
  2020       100.0     100.5*     99.9     100.0     100.9      99.8* 
             101.6*    100.2     100.2     100.3     100.4*     99.3  
 
  2021        99.8      99.9      99.7     100.6     100.9     100.8  
             100.5     100.0      99.6      98.7*     98.0      99.8  
 
  2022       100.0      99.5      99.5     100.3     102.1     101.0  
             100.5      99.9      99.3*    100.2      97.7      99.5  
 
  2023        97.7*     99.8     100.2     101.0     101.3     100.5  
              99.3      99.8     100.9     100.3      95.6*     99.6  
 
  2024       100.7     100.2      99.6     102.9*    102.0      99.7  
              97.8*    100.2     101.9*    100.6      96.5      99.7  
 
  2025       100.7     102.0*    100.2      98.3*     99.0*     99.7  
              98.1     100.2     100.6     101.2      97.5      99.6  
 
  2026        99.6     102.4*     99.7     101.5     100.7      99.2  
              98.3      99.6                                          
 

  Key to symbols:
    *  : extreme value as determined by X-11 extreme value procedure
 
        R35 monthly CPI index            PAGE   8, SERIES series

 D 9  Final replacement values for SI ratios
  From  2015.Jan to 2026.Aug
  Observations        140
 ---------------------------------------------------------------
               Jan      Feb      Mar      Apr      May      Jun 
               Jul      Aug      Sep      Oct      Nov      Dec 
 ---------------------------------------------------------------
  2015        100.0 ******** ******** ******** ********     99.2
           ******** ******** ******** ******** ********     99.6
 
  2016     ******** ******** ******** ******** ******** ********
           ******** ******** ******** ********    100.1 ********
 
  2017     ******** ******** ********     99.5     99.2 ********
           ******** ******** ******** ********     99.7     99.9
 
  2018         99.9 ******** ******** ******** ******** ********
           ******** ******** ******** ******** ******** ********
 
  2019     ******** ******** ******** ******** ******** ********
           ******** ******** ******** ******** ********     99.4
 
  2020     ********    100.1 ******** ******** ********     99.9
              100.4 ******** ******** ********     98.7 ********
 
  2021     ******** ******** ******** ******** ******** ********
           ******** ******** ********    100.2 ******** ********
 
  2022     ******** ******** ******** ******** ******** ********
           ******** ********     99.4 ******** ******** ********
 
  2023        100.0 ******** ******** ******** ******** ********
           ******** ******** ******** ********     96.9 ********
 
  2024     ******** ******** ********    101.2 ******** ********
               98.3 ********    101.3 ******** ******** ********
 
  2025     ********    101.4 ********    100.8    100.7 ********
           ******** ******** ******** ******** ******** ********
 
  2026     ********    102.2 ******** ******** ******** ********
           ******** ********                                    
 

 D 9.A  Moving seasonality ratio
 ---------------------------------------------------------------
               Jan      Feb      Mar      Apr      May      Jun 
 ---------------------------------------------------------------
   I          0.281    0.322    0.368    0.334    0.549    0.410
   S          0.059    0.154    0.048    0.157    0.182    0.129
 RATIO        4.790    2.092    7.626    2.124    3.016    3.189



 ---------------------------------------------------------------
               Jul      Aug      Sep      Oct      Nov      Dec 
 ---------------------------------------------------------------
   I          0.534    0.240    0.477    0.268    0.325    0.273
   S          0.192    0.061    0.110    0.085    0.314    0.036
 RATIO        2.782    3.940    4.356    3.166    1.034    7.609



        R35 monthly CPI index            PAGE   9, SERIES series

 D 10  Final seasonal factors
  From  2015.Jan to 2026.Aug
  Observations        140
  Seasonal filter    3 x 3 moving average
 -----------------------------------------------------------------------------
               Jan      Feb      Mar      Apr      May      Jun 
               Jul      Aug      Sep      Oct      Nov      Dec         AVGE  
 -----------------------------------------------------------------------------
  2015        99.84   100.26    99.44    99.61    99.69    99.52
              99.85   100.42   100.84   101.03    99.99    99.54        100.00
 
  2016        99.83   100.19    99.48    99.57    99.63    99.68
              99.80   100.45   100.85   101.09    99.86    99.55        100.00
 
  2017        99.85   100.07    99.54    99.58    99.60    99.86
              99.81   100.50   100.78   101.15    99.59    99.55         99.99
 
  2018        99.89    99.92    99.58    99.65    99.80   100.03
              99.84   100.55   100.66   101.06    99.22    99.45         99.97
 
  2019        99.93    99.85    99.65    99.88   100.16   100.11
             100.03   100.49   100.40   100.81    98.86    99.43         99.97
 
  2020        99.92    99.81    99.67   100.09   100.71   100.30
             100.24   100.31   100.11   100.50    98.49    99.42         99.97
 
  2021        99.91    99.78    99.73   100.36   101.13   100.54
             100.30   100.10    99.94   100.29    98.04    99.51         99.97
 
  2022       100.01    99.79    99.76   100.58   101.52   100.61
             100.00    99.96   100.06   100.24    97.53    99.54         99.97
 
  2023       100.22   100.05    99.89   100.82   101.52   100.40
              99.35    99.96   100.42   100.38    97.14    99.58         99.98
 
  2024       100.35   100.56    99.92   101.00   101.41    99.98
              98.71    99.98   100.73   100.60    97.00    99.62         99.99
 
  2025       100.30   101.20   100.02   101.10   101.05    99.66
              98.32    99.92   100.83   100.85    97.12    99.66        100.00
 
  2026       100.11   101.68   100.01   101.17   100.85    99.47
              98.21    99.80                                            100.16
 
  AVGE       100.01   100.26    99.72   100.29   100.59   100.01
              99.54   100.20   100.51   100.73    98.44    99.53

  Table Total-     13998.87   Mean-      99.99   Std. Dev.-       0.79
                              Min -      97.00        Max -     101.68

 D 10.A  Final seasonal component forecasts
  From  2026.Sep to 2027.Aug
  Observations         12
 -----------------------------------------------------------------------------
               Jan      Feb      Mar      Apr      May      Jun 
               Jul      Aug      Sep      Oct      Nov      Dec         AVGE  
 -----------------------------------------------------------------------------
  2026                                                          
                               100.80   100.98    97.27    99.70         99.69
 
  2027        99.99   101.90   100.04   101.18   100.70    99.43
              98.22    99.69                                            100.14
 
        R35 monthly CPI index            PAGE  10, SERIES series

 D 11  Final seasonally adjusted data
  From  2015.Jan to 2026.Aug
  Observations        140
 -----------------------------------------------------------------------------
               Jan      Feb      Mar      Apr      May      Jun 
               Jul      Aug      Sep      Oct      Nov      Dec        TOTAL  
 -----------------------------------------------------------------------------
  2015         104.     102.     101.     101.     100.      99.
               100.      99.      98.      98.      98.      99.         1200.
 
  2016          97.      97.      97.      98.      98.      98.
                97.      98.      99.      99.     100.     100.         1179.
 
  2017         101.     101.     102.     100.     101.     102.
               102.     102.     102.     102.     103.     101.         1217.
 
  2018          97.      97.      96.      95.      94.      94.
                92.      91.      90.      89.      87.      86.         1106.
 
  2019          86.      85.      84.      84.      83.      82.
                82.      82.      82.      83.      83.      82.          998.
 
  2020          85.      86.      86.      86.      86.      86.
                88.      87.      88.      88.      90.      88.         1044.
 
  2021          88.      88.      88.      89.      89.      90.
                90.      91.      91.      91.      94.      95.         1084.
 
  2022          96.      97.      98.     100.     103.     104.
               106.     106.     106.     108.     109.     110.         1242.
 
  2023         108.     111.     113.     113.     113.     113.
               114.     114.     115.     115.     114.     116.         1361.
 
  2024         117.     118.     119.     123.     123.     123.
               123.     126.     128.     128.     128.     130.         1486.
 
  2025         131.     133.     132.     128.     130.     134.
               135.     137.     138.     140.     141.     141.         1621.
 
  2026         141.     143.     143.     145.     144.     144.
               144.     144.                                             1148.
 
  AVGE         104.     105.     105.     105.     105.     106.
               106.     106.     103.     104.     104.     104.

  Table Total-     14686.30   Mean-     104.90   Std. Dev.-      17.72
                              Min -      81.97        Max -     144.51
        R35 monthly CPI index            PAGE  11, SERIES series

 D 12  Final trend cycle
  From  2015.Jan to 2026.Aug
  Observations        140
  Trend filter     9-term Henderson moving average
  I/C ratio        0.50
 -----------------------------------------------------------------------------
               Jan      Feb      Mar      Apr      May      Jun 
               Jul      Aug      Sep      Oct      Nov      Dec        TOTAL  
 -----------------------------------------------------------------------------
  2015         102.     102.     101.     101.     100.     100.
                99.      99.      99.      98.      98.      98.         1197.
 
  2016          97.      97.      97.      98.      98.      98.
                98.      98.      99.      99.      99.     100.         1178.
 
  2017         101.     101.     102.     102.     102.     102.
               102.     102.     102.     102.     101.     100.         1217.
 
  2018          99.      97.      96.      95.      94.      93.
                92.      91.      90.      89.      87.      86.         1109.
 
  2019          85.      85.      84.      83.      83.      82.
                82.      82.      82.      83.      83.      84.          999.
 
  2020          85.      86.      86.      86.      86.      87.
                87.      87.      88.      88.      88.      88.         1041.
 
  2021          88.      88.      88.      89.      89.      90.
                90.      91.      91.      92.      94.      95.         1085.
 
  2022          96.      97.      99.     101.     103.     104.
               105.     106.     107.     107.     109.     110.         1243.
 
  2023         111.     112.     112.     113.     113.     113.
               114.     114.     115.     115.     116.     116.         1365.
 
  2024         117.     118.     119.     121.     122.     123.
               125.     126.     127.     128.     129.     130.         1484.
 
  2025         131.     132.     132.     132.     133.     134.
               135.     137.     139.     140.     140.     141.         1625.
 
  2026         141.     142.     143.     144.     144.     144.
               144.     144.                                             1148.
 
  AVGE         104.     105.     105.     105.     106.     106.
               106.     106.     103.     104.     104.     104.

  Table Total-     14690.66   Mean-     104.93   Std. Dev.-      17.76
                              Min -      82.09        Max -     144.21
        R35 monthly CPI index            PAGE  12, SERIES series

 D 13  Final irregular component
  From  2015.Jan to 2026.Aug
  Observations        140
 -----------------------------------------------------------------------------
               Jan      Feb      Mar      Apr      May      Jun 
               Jul      Aug      Sep      Oct      Nov      Dec         S.D.  
 -----------------------------------------------------------------------------
  2015        101.3    100.1     99.9    100.0    100.1     99.6
              100.4     99.9     99.8    100.1    100.1    101.7           0.6
 
  2016         99.9    100.0     99.9    100.1    100.2    100.1
               99.6    100.1    100.3     99.8    101.1     99.7           0.4
 
  2017         99.9    100.2    100.3     98.2     99.5    100.0
              100.3     99.8     99.9    100.1    102.1    100.5           0.8
 
  2018         98.0     99.8     99.9     99.9    100.0    100.4
               99.8    100.0     99.9    100.3     99.8     99.9           0.6
 
  2019        100.1     99.9    100.1    100.2    100.0     99.8
               99.9    100.3    100.0     99.9    100.0     98.0           0.6
 
  2020        100.0    100.7    100.2     99.8    100.1     99.5
              101.4     99.9    100.2     99.9    101.9     99.9           0.7
 
  2021         99.9    100.1     99.9    100.1     99.7    100.2
              100.2     99.9     99.7     98.5    100.0    100.3           0.5
 
  2022        100.1     99.8     99.8     99.7    100.4    100.2
              100.4     99.9     99.4    100.1    100.3    100.0           0.3
 
  2023         97.5     99.8    100.3    100.2     99.7    100.1
               99.9     99.8    100.4     99.9     98.4    100.0           0.9
 
  2024        100.4     99.6     99.7    101.9    100.6     99.7
               99.1    100.2    101.1    100.0     99.4    100.0           0.8
 
  2025        100.3    100.8    100.2     97.3     98.1    100.1
               99.8    100.2     99.7    100.3    100.3     99.9           1.0
 
  2026         99.4    100.7     99.7    100.4    100.0     99.9
              100.1     99.8                                               0.4
 
  S.D.          1.0      0.4      0.2      1.1      0.6      0.3
                0.5      0.2      0.4      0.5      1.1      0.8

  Table Total-     13996.73   Mean-      99.98   Std. Dev.-       0.67
                              Min -      97.27        Max -     102.09
        R35 monthly CPI index            PAGE  13, SERIES series

 D 16  Combined adjustment factors
  From  2015.Jan to 2026.Aug
  Observations        140
 -----------------------------------------------------------------------------
               Jan      Feb      Mar      Apr      May      Jun 
               Jul      Aug      Sep      Oct      Nov      Dec         AVGE  
 -----------------------------------------------------------------------------
  2015        99.84   100.26    99.44    99.61    99.69    99.52
              99.85   100.42   100.84   101.03    99.99    99.54        100.00
 
  2016        99.83   100.19    99.48    99.57    99.63    99.68
              99.80   100.45   100.85   101.09    99.86    99.55        100.00
 
  2017        99.85   100.07    99.54    99.58    99.60    99.86
              99.81   100.50   100.78   101.15    99.59    99.55         99.99
 
  2018        99.89    99.92    99.58    99.65    99.80   100.03
              99.84   100.55   100.66   101.06    99.22    99.45         99.97
 
  2019        99.93    99.85    99.65    99.88   100.16   100.11
             100.03   100.49   100.40   100.81    98.86    99.43         99.97
 
  2020        99.92    99.81    99.67   100.09   100.71   100.30
             100.24   100.31   100.11   100.50    98.49    99.42         99.97
 
  2021        99.91    99.78    99.73   100.36   101.13   100.54
             100.30   100.10    99.94   100.29    98.04    99.51         99.97
 
  2022       100.01    99.79    99.76   100.58   101.52   100.61
             100.00    99.96   100.06   100.24    97.53    99.54         99.97
 
  2023       100.22   100.05    99.89   100.82   101.52   100.40
              99.35    99.96   100.42   100.38    97.14    99.58         99.98
 
  2024       100.35   100.56    99.92   101.00   101.41    99.98
              98.71    99.98   100.73   100.60    97.00    99.62         99.99
 
  2025       100.30   101.20   100.02   101.10   101.05    99.66
              98.32    99.92   100.83   100.85    97.12    99.66        100.00
 
  2026       100.11   101.68   100.01   101.17   100.85    99.47
              98.21    99.80                                            100.16
 
  AVGE       100.01   100.26    99.72   100.29   100.59   100.01
              99.54   100.20   100.51   100.73    98.44    99.53

  Table Total-     13998.87   Mean-      99.99   Std. Dev.-       0.79
                              Min -      97.00        Max -     101.68

 D 16.A  Combined adjustment component forecasts
  From  2026.Sep to 2027.Aug
  Observations         12
 -----------------------------------------------------------------------------
               Jan      Feb      Mar      Apr      May      Jun 
               Jul      Aug      Sep      Oct      Nov      Dec         AVGE  
 -----------------------------------------------------------------------------
  2026                                                          
                               100.80   100.98    97.27    99.70         99.69
 
  2027        99.99   101.90   100.04   101.18   100.70    99.43
              98.22    99.69                                            100.14
 
        R35 monthly CPI index            PAGE  14, SERIES series

 E 4  Ratios of annual totals
  From          2015 to 2025
  Observations         11
 -----------------------------------
  Year       Unmodified     Modified
                  (D11)         (E2)
 -----------------------------------
  2015           100.00       100.00
 
  2016           100.00       100.00
 
  2017            99.99        99.99
 
  2018            99.97        99.97
 
  2019            99.97        99.96
 
  2020            99.96        99.96
 
  2021            99.96        99.96
 
  2022            99.95        99.95
 
  2023            99.97        99.97
 
  2024            99.98        99.98
 
  2025            99.99        99.99
 
        R35 monthly CPI index            PAGE  15, SERIES series

 E 5  Month-to-month percent change in the original series
  From  2015.Feb to 2026.Aug
  Observations        139
 -----------------------------------------------------------------------------
               Jan      Feb      Mar      Apr      May      Jun 
               Jul      Aug      Sep      Oct      Nov      Dec         AVGE  
 -----------------------------------------------------------------------------
  2015                  -1.4     -1.6     -0.2     -0.3     -1.1
                0.7     -0.4     -0.2      0.1     -1.3      0.9          -0.4
 
  2016         -1.6      0.4     -0.7      0.3      0.2      0.0
               -0.2      1.5      1.0      0.1      0.5     -1.1           0.0
 
  2017          1.2      1.1     -0.1     -2.0      1.3      0.8
                0.4      0.3      0.3      0.3     -0.1     -2.5           0.1
 
  2018         -3.5      0.3     -1.7     -0.9     -0.6     -0.2
               -1.9     -0.3     -1.3     -0.7     -3.6     -0.9          -1.3
 
  2019         -0.2     -1.2     -0.8     -0.5     -0.7     -0.7
               -0.2      1.0     -0.1      0.7     -1.2     -0.5          -0.4
 
  2020          3.5      1.4     -0.1      0.3      1.0     -0.8
                2.2     -0.9      0.5      0.3      0.1     -1.0           0.6
 
  2021          0.6      0.1      0.0      1.2      0.9      0.4
                0.3      0.1      0.4      0.2      0.7      3.2           0.7
 
  2022          1.4      0.7      1.4      2.6      3.7      0.5
                0.6      0.1      0.2      1.8     -1.5      2.8           1.2
 
  2023         -0.9      3.0      1.1      1.2      0.4     -0.6
               -0.9      1.1      1.6     -0.1     -4.2      4.6           0.5
 
  2024          1.6      0.3      0.5      4.5      0.2     -1.2
               -0.9      3.4      2.6     -0.5     -3.4      4.2           0.9
 
  2025          1.8      1.9     -1.6     -1.7      1.2      1.5
               -0.5      3.3      1.5      1.4     -3.2      2.6           0.7
 
  2026          0.4      3.5     -1.9      2.3     -0.5     -1.5
               -1.0      1.3                                               0.3
 
  AVGE          0.4      0.9     -0.5      0.6      0.6     -0.2
               -0.1      0.9      0.6      0.3     -1.6      1.1

  Table Total-        34.43   Mean-       0.25   Std. Dev.-       1.60
                              Min -      -4.23        Max -       4.60
        R35 monthly CPI index            PAGE  16, SERIES series

 E 6  Month-to-month percent change in seasonally adjusted series (D11)
  From  2015.Feb to 2026.Aug
  Observations        139
 -----------------------------------------------------------------------------
               Jan      Feb      Mar      Apr      May      Jun 
               Jul      Aug      Sep      Oct      Nov      Dec         AVGE  
 -----------------------------------------------------------------------------
  2015                  -1.8     -0.8     -0.4     -0.4     -0.9
                0.4     -1.0     -0.6     -0.1     -0.3      1.4          -0.4
 
  2016         -1.9      0.0     -0.0      0.2      0.2     -0.1
               -0.3      0.9      0.6     -0.1      1.7     -0.8           0.0
 
  2017          0.9      0.9      0.4     -2.0      1.3      0.5
                0.4     -0.4      0.0     -0.1      1.5     -2.5           0.1
 
  2018         -3.8      0.3     -1.3     -1.0     -0.8     -0.4
               -1.7     -1.0     -1.4     -1.1     -1.8     -1.2          -1.3
 
  2019         -0.7     -1.1     -0.6     -0.7     -1.0     -0.7
               -0.2      0.5     -0.0      0.3      0.7     -1.1          -0.4
 
  2020          3.0      1.5      0.0     -0.1      0.4     -0.4
                2.3     -1.0      0.7     -0.0      2.2     -1.9           0.6
 
  2021          0.1      0.2      0.1      0.6      0.1      1.0
                0.6      0.3      0.6     -0.1      3.0      1.6           0.7
 
  2022          0.9      0.9      1.5      1.8      2.7      1.4
                1.2      0.1      0.1      1.6      1.2      0.8           1.2
 
  2023         -1.6      3.2      1.2      0.3     -0.3      0.5
                0.2      0.5      1.1     -0.0     -1.0      2.0           0.5
 
  2024          0.9      0.0      1.2      3.4     -0.2      0.2
                0.4      2.1      1.9     -0.3      0.2      1.4           0.9
 
  2025          1.1      1.0     -0.4     -2.8      1.3      2.9
                0.8      1.7      0.6      1.3      0.5     -0.1           0.7
 
  2026         -0.0      1.9     -0.3      1.1     -0.2     -0.2
                0.2     -0.3                                               0.3
 
  AVGE         -0.1      0.6      0.1      0.0      0.3      0.3
                0.4      0.2      0.3      0.1      0.7     -0.0

  Table Total-        33.74   Mean-       0.24   Std. Dev.-       1.23
                              Min -      -3.82        Max -       3.43
        R35 monthly CPI index            PAGE  17, SERIES series

 E 7  Month-to-month percent change in final trend cycle (D12)
  From  2015.Feb to 2026.Aug
  Observations        139
 -----------------------------------------------------------------------------
               Jan      Feb      Mar      Apr      May      Jun 
               Jul      Aug      Sep      Oct      Nov      Dec         AVGE  
 -----------------------------------------------------------------------------
  2015                  -0.5     -0.6     -0.5     -0.5     -0.4
               -0.5     -0.5     -0.4     -0.4     -0.3     -0.2          -0.4
 
  2016         -0.2     -0.1      0.1      0.1      0.0      0.1
                0.2      0.3      0.4      0.4      0.4      0.6           0.2
 
  2017          0.7      0.6      0.3      0.1     -0.0      0.0
                0.1      0.1     -0.1     -0.2     -0.5     -1.0           0.0
 
  2018         -1.4     -1.5     -1.3     -1.0     -0.9     -0.9
               -1.1     -1.2     -1.4     -1.4     -1.3     -1.2          -1.2
 
  2019         -1.0     -0.8     -0.8     -0.8     -0.8     -0.5
               -0.2      0.1      0.3      0.4      0.7      0.9          -0.2
 
  2020          1.0      0.8      0.5      0.3      0.1      0.2
                0.4      0.5      0.4      0.3      0.1      0.0           0.4
 
  2021          0.0      0.1      0.2      0.4      0.5      0.6
                0.6      0.6      0.8      1.1      1.4      1.3           0.6
 
  2022          1.1      1.2      1.5      1.9      2.0      1.6
                1.0      0.6      0.6      0.9      1.0      1.0           1.2
 
  2023          1.0      0.8      0.7      0.5      0.2      0.2
                0.3      0.5      0.5      0.5      0.4      0.4           0.5
 
  2024          0.5      0.8      1.1      1.2      1.1      1.1
                1.0      1.0      0.9      0.8      0.7      0.8           0.9
 
  2025          0.8      0.5      0.2      0.1      0.4      0.8
                1.1      1.2      1.1      0.8      0.5      0.4           0.7
 
  2026          0.4      0.6      0.7      0.5      0.2     -0.0
               -0.1      0.0                                               0.3
 
  AVGE          0.3      0.2      0.2      0.2      0.2      0.2
                0.2      0.3      0.3      0.3      0.3      0.3

  Table Total-        34.58   Mean-       0.25   Std. Dev.-       0.77
                              Min -      -1.53        Max -       2.01
        R35 monthly CPI index            PAGE  18, SERIES series

 E 8  Month-to-month percent change in original series adjusted for calendar factors (A18)
  From  2015.Feb to 2026.Aug
  Observations        139
 -----------------------------------------------------------------------------
               Jan      Feb      Mar      Apr      May      Jun 
               Jul      Aug      Sep      Oct      Nov      Dec         AVGE  
 -----------------------------------------------------------------------------
  2015                  -1.4     -1.6     -0.2     -0.3     -1.1
                0.7     -0.4     -0.2      0.1     -1.3      0.9          -0.4
 
  2016         -1.6      0.4     -0.7      0.3      0.2      0.0
               -0.2      1.5      1.0      0.1      0.5     -1.1           0.0
 
  2017          1.2      1.1     -0.1     -2.0      1.3      0.8
                0.4      0.3      0.3      0.3     -0.1     -2.5           0.1
 
  2018         -3.5      0.3     -1.7     -0.9     -0.6     -0.2
               -1.9     -0.3     -1.3     -0.7     -3.6     -0.9          -1.3
 
  2019         -0.2     -1.2     -0.8     -0.5     -0.7     -0.7
               -0.2      1.0     -0.1      0.7     -1.2     -0.5          -0.4
 
  2020          3.5      1.4     -0.1      0.3      1.0     -0.8
                2.2     -0.9      0.5      0.3      0.1     -1.0           0.6
 
  2021          0.6      0.1      0.0      1.2      0.9      0.4
                0.3      0.1      0.4      0.2      0.7      3.2           0.7
 
  2022          1.4      0.7      1.4      2.6      3.7      0.5
                0.6      0.1      0.2      1.8     -1.5      2.8           1.2
 
  2023         -0.9      3.0      1.1      1.2      0.4     -0.6
               -0.9      1.1      1.6     -0.1     -4.2      4.6           0.5
 
  2024          1.6      0.3      0.5      4.5      0.2     -1.2
               -0.9      3.4      2.6     -0.5     -3.4      4.2           0.9
 
  2025          1.8      1.9     -1.6     -1.7      1.2      1.5
               -0.5      3.3      1.5      1.4     -3.2      2.6           0.7
 
  2026          0.4      3.5     -1.9      2.3     -0.5     -1.5
               -1.0      1.3                                               0.3
 
  AVGE          0.4      0.9     -0.5      0.6      0.6     -0.2
               -0.1      0.9      0.6      0.3     -1.6      1.1

  Table Total-        34.43   Mean-       0.25   Std. Dev.-       1.60
                              Min -      -4.23        Max -       4.60
        R35 monthly CPI index            PAGE  19, SERIES series

 E 18  Final adjustment ratios
  From  2015.Jan to 2026.Aug
  Observations        140
 -----------------------------------------------------------------------------
               Jan      Feb      Mar      Apr      May      Jun 
               Jul      Aug      Sep      Oct      Nov      Dec         AVGE  
 -----------------------------------------------------------------------------
  2015         99.8    100.3     99.4     99.6     99.7     99.5
               99.8    100.4    100.8    101.0    100.0     99.5         100.0
 
  2016         99.8    100.2     99.5     99.6     99.6     99.7
               99.8    100.5    100.8    101.1     99.9     99.5         100.0
 
  2017         99.8    100.1     99.5     99.6     99.6     99.9
               99.8    100.5    100.8    101.1     99.6     99.6         100.0
 
  2018         99.9     99.9     99.6     99.7     99.8    100.0
               99.8    100.5    100.7    101.1     99.2     99.5         100.0
 
  2019         99.9     99.8     99.7     99.9    100.2    100.1
              100.0    100.5    100.4    100.8     98.9     99.4         100.0
 
  2020         99.9     99.8     99.7    100.1    100.7    100.3
              100.2    100.3    100.1    100.5     98.5     99.4         100.0
 
  2021         99.9     99.8     99.7    100.4    101.1    100.5
              100.3    100.1     99.9    100.3     98.0     99.5         100.0
 
  2022        100.0     99.8     99.8    100.6    101.5    100.6
              100.0    100.0    100.1    100.2     97.5     99.5         100.0
 
  2023        100.2    100.0     99.9    100.8    101.5    100.4
               99.4    100.0    100.4    100.4     97.1     99.6         100.0
 
  2024        100.3    100.6     99.9    101.0    101.4    100.0
               98.7    100.0    100.7    100.6     97.0     99.6         100.0
 
  2025        100.3    101.2    100.0    101.1    101.0     99.7
               98.3     99.9    100.8    100.9     97.1     99.7         100.0
 
  2026        100.1    101.7    100.0    101.2    100.8     99.5
               98.2     99.8                                             100.2
 
  AVGE        100.0    100.3     99.7    100.3    100.6    100.0
               99.5    100.2    100.5    100.7     98.4     99.5

  Table Total-     13998.87   Mean-      99.99   Std. Dev.-       0.79
                              Min -      97.00        Max -     101.68

 E 18.A  Final adjustment ratio forecasts
  From  2026.Sep to 2027.Aug
  Observations         12
 -----------------------------------------------------------------------------
               Jan      Feb      Mar      Apr      May      Jun 
               Jul      Aug      Sep      Oct      Nov      Dec         AVGE  
 -----------------------------------------------------------------------------
  2026                                                          
                                100.8    101.0     97.3     99.7          99.7
 
  2027        100.0    101.9    100.0    101.2    100.7     99.4
               98.2     99.7                                             100.1
 

  QS statistic for seasonality:
  log(Original Series)                               31.83  (P-Value =     0.0000)
  log(Original Series (EV adj))                      31.83  (P-Value =     0.0000)
  Residuals                                           0.00  (P-Value =     1.0000)
  log(Seasonally Adjusted Series)                     0.00  (P-Value =     1.0000)
  log(SA Series (EV adj))                             0.00  (P-Value =     1.0000)
  Irregular Series                                    0.00  (P-Value =     1.0000)
  Irregular Series (EV adj)                           0.00  (P-Value =     1.0000)

  QS statistic for seasonality (starting 2018.Sep):
  log(Original Series)                               36.20  (P-Value =     0.0000)
  log(Original Series (EV adj))                      36.20  (P-Value =     0.0000)
  Residuals                                           0.86  (P-Value =     0.6506)
  log(Seasonally Adjusted Series)                     0.00  (P-Value =     1.0000)
  log(SA Series (EV adj))                             0.00  (P-Value =     1.0000)
  Irregular Series                                    0.00  (P-Value =     1.0000)
  Irregular Series (EV adj)                           0.00  (P-Value =     1.0000)
        R35 monthly CPI index            PAGE  20, SERIES series
 G 0  10*LOG(SPECTRUM) of the differenced, transformed Original Series
      (Table A1 or B1).  Spectrum estimated from 2018.Sep to 2026.Aug.
 ++++++++++I+++++++++++++++++++++++++++++++++++++++++++++++++++++++++++++I
     -24.98I                              S                              I    -24.98
           I                              S                              I
           I                              S                              I
           I                              S                              I
     -26.45I                              S                              I    -26.45
           I                              S                             SI
           I                              S                             SI
           I                              S                             SI
     -27.93I                              S                             SI    -27.93
           I                              S                             SI
           I                              S                             SI
           I                              S                             SI
     -29.41I                              S                             SI    -29.41
           I                              S                            *SI
           I                              S                            *SI
           I                              S                            *SI
     -30.89I                              S                   S        *SI    -30.89
           I                              S                   S        *SI
           I                              S                   S        *SI
           I                             *S                   S        *SI
     -32.37I                             *S                   S        *SI    -32.37
           I                     *     * *S                   S        *SI
           I                     *     * *S                   S        *SI
           I     *               *     * *S                   S        *SI
     -33.85I *   *               **    ***S                   S        *SI    -33.85
           I**   *               **    ***S                   S        *SI
           I**   *               **    ***S                   S        *SI
           I***  *               **    ***S*                  S        *SI
     -35.32I***  *               **    ***S*   *              S       **SI    -35.32
           I***  *    S         S**    ***S*   *              S       **SI
           I***  *    S         S**    ***S*  **              S       **SI
           I*** **    S*      **S**   ****S*  **    S         S*      **SI
     -36.80I*** **    S*      **S**   ****S*  **   *S T*      S*  *   **SI    -36.80
           I*******   S*      **S**   ****S*  **   *S*T*     *S*  *   **SI
           I*******   S*      **S**   ****S*  **   *S*T*     *S*  *   **SI
           I*******   S*     ***S**   ****S*  **   *S*T*     *S*  **  **SI
     -38.28I*******   S*     ***S**   ****S*  **   *S*T*     *S*  **  **SI    -38.28
           I*******   S*    ****S**   ****S*  *** **S*T*     *S*  ** ***SI
           I*******   S*    ****S***  ****S****** **S*T*     *S* *** ***SI
           I*******   S*    ****S***  ****S****** **S*T*     *S*T*******SI
     -39.76I*******   S*   *****S***  ****S*********S*T*     *S*T*******SI    -39.76
           I*******   S*   *****S*** *****S*********S*T**    *S*T*******SI
           I*******   S*   *****S*** *****S*********S*T**    *S*T*******SI
           I*******  *S**  *****S*** *****S*********S*T**    *S*T*******SI
     -41.24I*******  *S** ******S*********S*********S*T**    *S*T*******SI    -41.24
           I******** *S** ******S*********S*********S*T**    *S*T*******SI
           I******** *S*********S*********S*********S*T**    *S*T*******SI
           I******** *S*********S*********S*********S*T**   **S*T*******SI
     -42.71I**********S*********S*********S*********S*T**   **S*T*******SI    -42.71
           I**********S*********S*********S*********S*T***  **S*T*******SI
           I**********S*********S*********S*********S*T***  **S*T*******SI
           I**********S*********S*********S*********S*T***  **S*T*******SI
     -44.19I**********S*********S*********S*********S*T*******S*T*******SI    -44.19
 ++++++++++I+++++++++++++++++++++++++++++++++++++++++++++++++++++++++++++I
            S=SEASONAL FREQUENCIES, T=TRADING DAY FREQUENCIES
        R35 monthly CPI index            PAGE  21, SERIES series
 G 1  10*LOG(SPECTRUM) of the differenced, transformed seasonally adjusted 
      data (Table D11).  Spectrum estimated from 2018.Sep to 2026.Aug.
 ++++++++++I+++++++++++++++++++++++++++++++++++++++++++++++++++++++++++++I
     -32.92I                                                             I    -32.92
           I*                                                            I
           I*                     *                                      I
           I*                     *                                      I
     -33.96I*                     *   *                                  I    -33.96
           I*                     *   *                                  I
           I**                    *   *                                  I
           I**   *                *   **                                 I
     -34.99I**   *                *   **                                 I    -34.99
           I**  **                *   **                                 I
           I**  **                *   **                                 I
           I**  **                *   **      *                          I
     -36.03I**  **                *   **      *                        * I    -36.03
           I**  **                *   **      *                   *    * I
           I******                *   **      *                   *    * I
           I******                *   ***     *                   *   ** I
     -37.07I*******               *   ***     *              *    *   ** I    -37.07
           I*******               *   ***     *   *          *    *   ** I
           I*******               *   ***     **  *          *    *   ** I
           I*******               *   ***     **  *          *    *   ** I
     -38.11I*******               *   ***     **  **   **    *    *   ** I    -38.11
           I*******               *   ***     **  **   **    *    *   ** I
           I*******               *   ****    **  **   **    *    *   ** I
           I*******               *   ****    **  **   **    *    *   **SI
     -39.15I*******               *   ****    **  **   **    *    *   **SI    -39.15
           I********         *    *   ****    **  **   **    *    *   **SI
           I********         *    *  *****    **  **   **    *    *   **SI
           I********         *    ** *****    **  **   **    *    *   **SI
     -40.19I********         *   *** *****    **  **   **    *    *   **SI    -40.19
           I********      * **   *** *****    **  **   **    *    *   **SI
           I********      * **   *** *****    **  **   **    *    *   **SI
           I********      * **   *** *****    **  **   **    *    *   **SI
     -41.23I********     *****   *** *****    **  **   **    *    *   **SI    -41.23
           I*********    *****   *** *****    **  **   **   **    *   **SI
           I*********    *****   *** *****    ** ***   **   **    *   **SI
           I*********    *****   *********    ** ***   **   **   **   **SI
     -42.27I*********    *****   *********    ******  T**   **   **   **SI    -42.27
           I*********    *****   *********    ******S T***  **S  **   **SI
           I*********    ******  *********    ******S T***  **S  **   **SI
           I*********    ******  *********    ******S T***  **S  ***  **SI
     -43.31I*********    ******  *********S   ******S T***  **S  *** ***SI    -43.31
           I*********    ******  *********S   ******S*T***  **S  *** ***SI
           I**********   ******  *********S  *******S*T***  **S  *** ***SI
           I**********  *******  *********S  *******S*T***  **S  *** ***SI
     -44.34I**********  *******  *********S  *******S*T***  **S  *** ***SI    -44.34
           I**********  ******* S*********S  *******S*T*** ***S  *** ***SI
           I**********  ******* S*********S  *******S*T*******S  *** ***SI
           I**********  ********S*********S  *******S*T*******S  *******SI
     -45.38I**********S ********S*********S  *******S*T*******S* *******SI    -45.38
           I**********S*********S*********S  *******S*T*******S*T*******SI
           I**********S*********S*********S  *******S*T*******S*T*******SI
           I**********S*********S*********S* *******S*T*******S*T*******SI
     -46.42I**********S*********S*********S*********S*T*******S*T*******SI    -46.42
 ++++++++++I+++++++++++++++++++++++++++++++++++++++++++++++++++++++++++++I
            S=SEASONAL FREQUENCIES, T=TRADING DAY FREQUENCIES
        R35 monthly CPI index            PAGE  22, SERIES series
 G 2  10*LOG(SPECTRUM) of the Irregular (Table D13).  
      Spectrum estimated from 2018.Sep to 2026.Aug.
 ++++++++++I+++++++++++++++++++++++++++++++++++++++++++++++++++++++++++++I
     -35.20I                          *                                  I    -35.20
           I                      *   *                                  I
           I                      *   *                                  I
           I                      *   *                                  I
     -36.44I                      *   *                                  I    -36.44
           I                      *   *                                  I
           I                      *   *                                  I
           I                      *   *                                  I
     -37.69I                      *   *                                  I    -37.69
           I                      *   *                                  I
           I                      *   *                                  I
           I                      *   **                                 I
     -38.93I                      *   **                                 I    -38.93
           I                      *   **      *                          I
           I                      *   **      *                          I
           I                      *   ***     *                          I
     -40.17I                      *   ***     *                          I    -40.17
           I             *        *   ***     *                          I
           I             *        *   ***     *                          I
           I             *        *   ****    *                          I
     -41.42I             *        *   ****    *                          I    -41.42
           I             *        *   ****    *                          I
           I     *       *        *   ****    **   *                     I
           I     **      **       *  *****    **  **                  ** I
     -42.66I     **      **       *  *****    **  **                  ** I    -42.66
           I     **      ** *     *  *****    **  **         *    *   ** I
           I    ***      ** *     ** *****    **  **    *    *    *   ** I
           I    ****     ** *     ** *****    **  **    *    *    *   ** I
     -43.91I    ****     *****    ** *****    **  **   **    *    *   ** I    -43.91
           I    ****     *****    ** *****    **  **   **    *    *   ** I
           I    ****     *****   *** *****    **  **   **    *    *   ** I
           I    ****    ******   *** *****    **  **   **    *    *   ** I
     -45.15I    ****    ******   *********    **  **   **    *    *   ** I    -45.15
           I    *****   ******   *********    **  **   **    *    *   **SI
           I    *****   ******   *********    **  **   **    *    *   **SI
           I    *****   ******   *********    **  **   **    *    *   **SI
     -46.39I   ******   ******   *********    ** ***   **   **    *   **SI    -46.39
           I   ******   ******   *********S   ******S  **   **    *   **SI
           I   *******  ******   *********S   ******S T**   **    *   **SI
           I   *******  ******   *********S   ******S T**   **   **   **SI
     -47.64I   ******* *******   *********S  *******S T**   **   **   **SI    -47.64
           I   ******* ********  *********S  *******S*T***  **   **   **SI
           I   *******S********  *********S  *******S*T***  **   **   **SI
           I   *******S********  *********S  *******S*T***  **   **   **SI
     -48.88I  ********S********  *********S  *******S*T***  **S  **  ***SI    -48.88
           I  ********S******** S*********S  *******S*T***  **S  *** ***SI
           I  ********S******** S*********S  *******S*T***  **S  *** ***SI
           I  ********S*********S*********S  *******S*T***  **S  *** ***SI
     -50.12I  ********S*********S*********S* *******S*T*** ***S  *** ***SI    -50.12
           I  ********S*********S*********S*********S*T*******S  *** ***SI
           I *********S*********S*********S*********S*T*******S  *******SI
           I *********S*********S*********S*********S*T*******S  *******SI
     -51.37I**********S*********S*********S*********S*T*******S*T*******SI    -51.37
 ++++++++++I+++++++++++++++++++++++++++++++++++++++++++++++++++++++++++++I
            S=SEASONAL FREQUENCIES, T=TRADING DAY FREQUENCIES
        R35 monthly CPI index            PAGE  23, SERIES series

  Peak probabilities for Tukey spectrum estimator
  Spectrum estimated from 2018.Sep to 2026.Aug.

                                          S1       S2       S3       S4       S5       S6       TD
                                        ------   ------   ------   ------   ------   ------   ------
  Model Residuals                        0.802    0.141    0.561    0.006    0.279    0.084    0.347  
  Original Series (Table A1 or B1)       0.989*   0.504    0.945*   0.158    0.987*   0.963*   0.401  
  Seasonally adjusted series (D11)       0.031    0.031    0.036    0.616    0.531    0.714    0.740  
  Irregular (D13)                        0.132    0.043    0.062    0.683    0.462    0.674    0.704  
  ----------
     ** - Peak Probability > 0.99,
      * - 0.90 < Peak Probability < 0.99



  NP statistic for residual seasonality:

  NP statistic for residual seasonality (Full series)
                                                  Residual Seasonality?
  log(Seasonally Adjusted Series)                          no
  log(Seasonally Adjusted Series (EV adj))                 no

  NP statistic for residual seasonality (Series start in 2018.Sep)
                                                  Residual Seasonality?
  log(Seasonally Adjusted Series)                          no
  log(Seasonally Adjusted Series (EV adj))                 no
