  Reading input spec file from series.spc

1

               U. S. Department of Commerce, U. S. Census Bureau

              X-13ARIMA-SEATS monthly seasonal adjustment Method,
                          Release Version 1.1 Build 62


           This software application provides an enhanced version of
             Statistics Canada's X-11-ARIMA extension (Dagum, 1980)
                 of the X-11 variant of the Census Method II of
                      Shiskin, Young and Musgrave (1967).

            It also provides an ARIMA model-based method following
       Hillmer and Tiao (1982) and Burman (1980) that is very similar
       to the update of the method of SEATS (Gomez and Maravall, 1996)
                produced at the Bank of Spain by G. Caporello and
               A. Maravall for TSW (Caporello and Maravall, 2004).
          The present application includes additional enhancements.

         X-13ARIMA-SEATS includes an automatic ARIMA model selection procedure
          based largely on the procedure of Gomez and Maravall (1998)
            as implemented in TRAMO (1996) and subsequent revisions.

              Primary Programmers: Brian Monsell, Mark Otto and,
                 for the ARIMA model-based signal extraction,
                      Gianluca Caporello and Victor Gomez


     Series Title- R35 monthly CPI index
     Series Name- series
     Sep 22, 2026  22.39.24 

        -Period covered-  1st month,2015 to  7th month,2026
        -Type of run - multiplicative seasonal adjustment

        -Sigma limits for graduating extreme values are  1.5 and  2.5 .
        -3x3 moving average used in section 1 of each iteration, 
         3x5 moving average in section 2 of iterations B and C,
         moving average for final seasonal factors chosen by Global MSR.
        -Spectral plots generated for selected series
        -Spectral plots generated for series starting in 2018.Aug

 FILE SAVE REQUESTS (* indicates file exists and will be overwritten)
  series.d10  final seasonal factors
  series.d11  final seasonally adjusted data
  series.d12  final trend cycle
  series.d13  final irregular component
  series.out  program output file
  series.err  program error file
  series.udg  seasonal adjustment and model diagnostics file
        R35 monthly CPI index            PAGE   1, SERIES series

     Contents of spc file series.spc

 Line #
 ------
      1: series { title="R35 monthly CPI index" start=2015.1 period=12 data=(
      2: 100.90000000000001 100.7 100.5 100 100.09999999999999 100.2
      3: 100.5 99.700000000000003 100 99 98.200000000000003 100.3
      4: 99.799999999999997 99.700000000000003 98.299999999999997 97.599999999999994 97.099999999999994 97.299999999999997
      5: 96.5 96.700000000000003 95.700000000000003 94 94.099999999999994 94
      6: 93.5 93 92 91.700000000000003 91.599999999999994 91.299999999999997
      7: 91.200000000000003 90.5 89.799999999999997 89.900000000000006 88.5 88
      8: 86.900000000000006 86.599999999999994 86.299999999999997 85.900000000000006 85.099999999999994 84.099999999999994
      9: 83.400000000000006 82.799999999999997 82.5 81.799999999999997 81.200000000000003 80.700000000000003
     10: 79.900000000000006 80.099999999999994 79.200000000000003 79.400000000000006 78.599999999999994 77.599999999999994
     11: 77.299999999999997 76.400000000000006 75.799999999999997 76.200000000000003 76 75.700000000000003
     12: 75.099999999999994 74.799999999999997 74.700000000000003 74.799999999999997 74.599999999999994 74.700000000000003
     13: 74.599999999999994 73.599999999999994 73.299999999999997 73.200000000000003 73 72.900000000000006
     14: 72.799999999999997 72.700000000000003 72.799999999999997 72.200000000000003 72.5 73.400000000000006
     15: 73.799999999999997 74.299999999999997 76.099999999999994 77 77.799999999999997 78.599999999999994
     16: 78.900000000000006 80.099999999999994 80.299999999999997 80.400000000000006 81.099999999999994 81.200000000000003
     17: 81.799999999999997 82.299999999999997 82.400000000000006 82.5 82.299999999999997 83.099999999999994
     18: 83.5 84.700000000000003 84.599999999999994 85 85.200000000000003 85.200000000000003
     19: 85.299999999999997 85.700000000000003 86 86.200000000000003 85.5 86.799999999999997
     20: 87.099999999999994 87.599999999999994 87.700000000000003 88.099999999999994 87.799999999999997 86.799999999999997
     21: 86.700000000000003 86.099999999999994 88.400000000000006 89.099999999999994 87.5 88.5
     22: 88.700000000000003 89.599999999999994 89.200000000000003 88.900000000000006 88.700000000000003 89.200000000000003
     23: 89.799999999999997 89.799999999999997 90.700000000000003 92 89 90.299999999999997
     24: 90.099999999999994 93 93.400000000000006 94.400000000000006 93.599999999999994 94.200000000000003
     25: 94.5
     26: ) }
     27: transform { function=log }
     28: automdl { }
     29: outlier { types=(ao ls tc) }
     30: x11 { mode=mult save=(d10 d11 d12 d13) appendfcst=no appendbcst=no savelog=all }
     31: spectrum { logqs=yes robustsa=no print=all savelog=all }
     32: check { }
        R35 monthly CPI index            PAGE   2, SERIES series

 A 1  Time series data (for the span analyzed)
  From  2015.Jan to 2026.Jul
  Observations        139
 -----------------------------------------------------------------------------
               Jan      Feb      Mar      Apr      May      Jun 
               Jul      Aug      Sep      Oct      Nov      Dec        TOTAL  
 -----------------------------------------------------------------------------
  2015         101.     101.     101.     100.     100.     100.
               101.     100.     100.      99.      98.     100.         1200.
 
  2016         100.     100.      98.      98.      97.      97.
                97.      97.      96.      94.      94.      94.         1161.
 
  2017          94.      93.      92.      92.      92.      91.
                91.      91.      90.      90.      89.      88.         1091.
 
  2018          87.      87.      86.      86.      85.      84.
                83.      83.      83.      82.      81.      81.         1007.
 
  2019          80.      80.      79.      79.      79.      78.
                77.      76.      76.      76.      76.      76.          932.
 
  2020          75.      75.      75.      75.      75.      75.
                75.      74.      73.      73.      73.      73.          889.
 
  2021          73.      73.      73.      72.      73.      73.
                74.      74.      76.      77.      78.      79.          894.
 
  2022          79.      80.      80.      80.      81.      81.
                82.      82.      82.      83.      82.      83.          976.
 
  2023          84.      85.      85.      85.      85.      85.
                85.      86.      86.      86.      86.      87.         1024.
 
  2024          87.      88.      88.      88.      88.      87.
                87.      86.      88.      89.      88.      89.         1051.
 
  2025          89.      90.      89.      89.      89.      89.
                90.      90.      91.      92.      89.      90.         1076.
 
  2026          90.      93.      93.      94.      94.      94.
                95.                                                       653.
 
  AVGE          86.      87.      87.      87.      86.      86.
                86.      85.      86.      86.      85.      85.

  Table Total-     11955.30   Mean-      86.01   Std. Dev.-       8.18
                              Min -      72.20        Max -     100.90
        R35 monthly CPI index            PAGE   3, SERIES series
                        Automatic ARIMA Model Selection

                    Procedure based closely on TRAMO method 
                         of Gomez and Maravall (2000)
              "Automatic Modeling Methods for Univariate Series",
                            A Course in Time Series
                  (Edited by D. Pena, G. C. Tiao, R. S. Tsay),
                         New York : J. Wiley and Sons


     Maximum order for regular ARMA parameters :   2
     Maximum order for seasonal ARMA parameters :   1
     Maximum order for regular differencing :   2
     Maximum order for seasonal differencing :   1

   Results of Unit Root Test for identifying orders of differencing:
     Regular difference order :   1
     Seasonal difference order :   0

     Mean is not significant.

  Automatic model choice : (0 1 0)(1 0 0)

   Results of Unit Root Test for identifying orders of differencing:
     Regular difference order :   1
     Seasonal difference order :   0

     Mean is not significant.

  Automatic model choice : (1 1 1)(1 0 0)


  Final Checks for Identified Model


  Checking for Unit Roots.
   Regular unit root found.
   ( 0, 2, 1) ( 1, 0, 0)

  Checking for nonseasonal overdifferencing.
   Nonseasonal MA not within  0.001 of 1.0 - model passes test.

  Checking for insignificant ARMA coefficients.

  Final automatic model choice : (0 2 1)(1 0 0)
   End of automatic model selection procedure.

 Average absolute percentage error in within-sample forecasts:
  Last year:   2.63      Last-1 year:   0.69     Last-2 year:   0.57
  Last three years:    1.30

 Estimation converged in    8 ARMA iterations,   68 function evaluations.

 Regression Model
 ------------------------------------------------------------------------------
                             Parameter        Standard
 Variable                     Estimate           Error      t-value
 ------------------------------------------------------------------------------
 Automatically Identified Outliers
   LS2015.Dec                   0.0249         0.00537         4.64
   LS2021.Sep                   0.0200         0.00528         3.79
   LS2024.Sep                   0.0243         0.00528         4.60
   TC2024.Nov                  -0.0174         0.00481        -3.62
   TC2025.Nov                  -0.0374         0.00489        -7.66
   AO2026.Jan                  -0.0174         0.00365        -4.77
 ------------------------------------------------------------------------------


 ARIMA Model:  (0 2 1)(1 0 0)
   Nonseasonal differences: 2
                                              Standard
 Parameter                    Estimate          Errors
 -----------------------------------------------------
 Seasonal AR                                       
   Lag 12                       0.1713         0.08942

 Nonseasonal MA                                    
   Lag  1                       0.8380         0.04784

 Variance                       0.31333E-04
 SE of Var                      0.37858E-05
 -----------------------------------------------------

 Likelihood Statistics
 ------------------------------------------------------------------
 Number of observations (nobs)                                  139
 Effective number of observations (nefobs)                      137
 Number of parameters estimated (np)                              9
 Log likelihood                                            515.2443
 Transformation Adjustment                                -609.3106
 Adjusted Log likelihood (L)                               -94.0664
 AIC                                                       206.1328 
 AICC (F-corrected-AIC)                                    207.5501 
 Hannan Quinn                                              216.8123 
 BIC                                                       232.4126 
 ------------------------------------------------------------------


 DIAGNOSTIC CHECKING
  Sample Autocorrelations of the Residuals with the Ljung-Box diagnostic.

  Lag      1     2     3     4     5     6     7     8     9    10    11    12
  ACF  -0.08  0.08  0.01 -0.06  0.03  0.02 -0.01  0.03 -0.04 -0.06 -0.02  0.07
  SE    0.09  0.09  0.09  0.09  0.09  0.09  0.09  0.09  0.09  0.09  0.09  0.09
  Q     0.81  1.62  1.64  2.16  2.33  2.40  2.42  2.57  2.84  3.42  3.51  4.22
  DF       0     0     1     2     3     4     5     6     7     8     9    10
  P    0.000 0.000 0.201 0.340 0.508 0.662 0.789 0.861 0.899 0.905 0.941 0.937

  Lag     13    14    15    16    17    18    19    20    21    22    23    24
  ACF  -0.10  0.16 -0.15 -0.03 -0.13 -0.05  0.08  0.10  0.03  0.07 -0.09 -0.00
  SE    0.09  0.09  0.09  0.09  0.09  0.09  0.09  0.09  0.10  0.10  0.10  0.10
  Q     5.76  9.62 13.31 13.44 16.17 16.51 17.50 18.97 19.14 19.99 21.26 21.26
  DF      11    12    13    14    15    16    17    18    19    20    21    22
  P    0.889 0.649 0.424 0.492 0.371 0.418 0.421 0.394 0.448 0.459 0.443 0.505

  The P-values approximate the probability of observing a Q-value at least
  this large when the model fitted is correct.  When DF is positive, small
  values of P, customarily those below 0.05, indicate model inadequacy.

  Sample Autocorrelations of the Residuals
                 -1.0 -0.8 -0.6 -0.4 -0.2  0.0  0.2  0.4  0.6  0.8  1.0
                   +----+----+----+----+----+----+----+----+----+----+
            1                           . XX|   .                     -0.076
            2                           .   |XX .                      0.076
            3                           .   |   .                      0.011
            4                           . XX|   .                     -0.060
            5                           .   |X  .                      0.034
            6                           .   |X  .                      0.023
            7                           .   |   .                     -0.010
            8                           .   |X  .                      0.032
            9                           .  X|   .                     -0.043
           10                           . XX|   .                     -0.062
           11                           .  X|   .                     -0.024
           12       - - - - - - - - -   .   |XX .   - - - - - - - -    0.068
           13                           .XXX|   .                     -0.100
           14                           .   |XXXX                      0.158
           15                          .XXXX|    .                    -0.154
           16                          .   X|    .                    -0.028
           17                          . XXX|    .                    -0.131
           18                          .   X|    .                    -0.046
           19                          .    |XX  .                     0.078
           20                          .    |XX  .                     0.095
           21                          .    |X   .                     0.032
           22                          .    |XX  .                     0.072
           23                          .  XX|    .                    -0.087
           24       - - - - - - - - -  .    |    .  - - - - - - - -   -0.002
  
  Sample Autocorrelations of the Squared Residuals with the Ljung-Box diagnostic.

  Lag      1     2     3     4     5     6     7     8     9    10    11    12
  ACF   0.02 -0.04 -0.13 -0.04 -0.14  0.00 -0.01  0.06 -0.12  0.03 -0.11  0.02
  SE    0.09  0.09  0.09  0.09  0.09  0.09  0.09  0.09  0.09  0.09  0.09  0.09
  Q     0.03  0.31  2.88  3.11  5.79  5.79  5.82  6.41  8.50  8.64 10.47 10.53
  DF       0     0     1     2     3     4     5     6     7     8     9    10
  P    0.000 0.000 0.090 0.211 0.122 0.215 0.324 0.379 0.290 0.374 0.314 0.396

  Lag     13    14    15    16    17    18    19    20    21    22    23    24
  ACF   0.01 -0.02  0.05  0.04 -0.07 -0.04  0.00  0.05 -0.03 -0.01  0.09 -0.03
  SE    0.09  0.09  0.09  0.09  0.09  0.09  0.09  0.09  0.09  0.09  0.09  0.09
  Q    10.54 10.58 11.04 11.36 12.07 12.32 12.33 12.66 12.83 12.87 14.17 14.28
  DF      11    12    13    14    15    16    17    18    19    20    21    22
  P    0.482 0.565 0.607 0.658 0.674 0.721 0.780 0.811 0.847 0.883 0.862 0.891

  The P-values approximate the probability of observing a Q-value at least
  this large when the model fitted is correct in a way that supports the
  standard interpretations of the test statistics, standard errors, and
  prediction intervals output by X-13ARIMA-SEATS. When DF is positive, small
  values of P, customarily those below 0.05, suggest that model-based
  inferences about statistical significance and uncertainty will be less
  dependable than usual.

  Sample Autocorrelations of the Squared Residuals
                 -1.0 -0.8 -0.6 -0.4 -0.2  0.0  0.2  0.4  0.6  0.8  1.0
                   +----+----+----+----+----+----+----+----+----+----+
            1                           .   |   .                      0.016
            2                           .  X|   .                     -0.044
            3                           .XXX|   .                     -0.135
            4                           .  X|   .                     -0.040
            5                           .XXX|   .                     -0.136
            6                           .   |   .                      0.003
            7                           .   |   .                     -0.015
            8                           .   |XX .                      0.063
            9                           .XXX|   .                     -0.119
           10                          .    |X   .                     0.030
           11                          . XXX|    .                    -0.110
           12       - - - - - - - - -  .    |    .  - - - - - - - -    0.019
           13                          .    |    .                     0.010
           14                          .    |    .                    -0.015
           15                          .    |X   .                     0.055
           16                          .    |X   .                     0.045
           17                          .  XX|    .                    -0.067
           18                          .   X|    .                    -0.040
           19                          .    |    .                     0.003
           20                          .    |X   .                     0.045
           21                          .   X|    .                    -0.032
           22                          .    |    .                    -0.014
           23                          .    |XX  .                     0.088
           24       - - - - - - - - -  .   X|    .  - - - - - - - -   -0.025
  
 Histogram of the Standardized and Mean-Centered Residuals
  Standard
  Deviations    Frequency
       -3 +#
          |##
       -2 +####
          |##########
       -1 +################
          |####################
        0 +##################################
          |########################
        1 +##########
          |#############
        2 +##
          |#
        3 +

  One '#'= 1 observation[s]

 Tabular Histogram of the Standardized and Mean-Centered Residuals

  Standard
  Deviations    Frequency

 -3.00                 1

 -2.50                 2

 -2.00                 4

 -1.50                10

 -1.00                16

 -0.50                20

  0.00                34

  0.50                24

  1.00                10

  1.50                13

  2.00                 2

  2.50                 1

  3.00                 0

 Summary Statistics for the Unstandardized Residuals
  Minimum                    -0.015
  Maximum                     0.013
  Median                      0.001
  Robust Std Dev              0.006

 Normality Statistics for regARIMA Model Residuals:

    Number of residuals  :    137

    Skewness coefficient :   -0.1236    
    Geary's a            :    0.7878    
    Kurtosis             :    2.8661    

  No indication of lack of normality.

 Durbin-Watson Statistic for regARIMA Model Residuals:
  dw =     2.145058

 Friedman Non-Parametric Test for regARIMA Model Residuals:
  ken =    12.860140 ( Asymptotically distributed as Chi-Square(11), P-Value =     0.302565 )

 QS Statistic for regARIMA Model Residuals (full series):             0.75
                                                       (P-Value =     0.6865)

 QS Statistic for regARIMA Model Residuals (starting 2018.Aug):       1.17
                                                       (P-Value =     0.5561)
      10*LOG(SPECTRUM) of the regARIMA model residuals
      Spectrum estimated from 2018.Aug to 2026.Jul.
 ++++++++++I+++++++++++++++++++++++++++++++++++++++++++++++++++++++++++++I
     -38.86I                                                            SI    -38.86
           I                                                            SI
           I                                                            SI
           I                                                            SI
     -40.11I                                           *                SI    -40.11
           I                                           *       *        SI
           I           *                               *       *        SI
           I           *                               *       *        SI
     -41.35I           *      *                        *       *        SI    -41.35
           I      *    *      *                        *       *        SI
           I      *    *      *                        *       *        SI
           I      *    *      *                        *       *T       SI
     -42.59I      *    *      *                        *       *T       SI    -42.59
           I      *    *      *                        *      S*T       SI
           I     **    *      *             *          *      S*T       SI
           I     **    *      *         *   *          *      S*T       SI
     -43.83I     **    *      *         *   **         *      S*T       SI    -43.83
           I  ** **    *      **        *   **        T**    *S*T       SI
           I  ** **    *      **        *   **        T**    *S*T       SI
           I  *****    *      **        *   **        T**    *S*T       SI
     -45.07I  *****   S**     **        *   **        T**   **S*T      *SI    -45.07
           I  *****   S**    ***        **  **        T**   **S*T      *SI
           I  ******  S**  *****       ***  **        T**   **S*T      *SI
           I *******  S**  *****       *** ***        T**   **S*T      *SI
     -46.31I *******  S**  *****       *** ****       T**   **S*T*     *SI    -46.31
           I *******  S**  *****       *** ****       T**   **S*T* **  *SI
           I********  S**  *****       ***S****      *T**   **S*T* **  *SI
           I********  S** ******       ***S****      *T**  ***S*T* **  *SI
     -47.55I********  S** ******      ****S****      *T*** ***S*T****  *SI    -47.55
           I********  S*********      ****S*****     *T*** ***S*T****  *SI
           I********  S*********      ****S******   S*T*** ***S*T****  *SI
           I**********S*********      ****S******   S*T*******S*T*******SI
     -48.79I**********S*********      ****S*******  S*T*******S*T*******SI    -48.79
           I**********S*********     *****S******* *S*T*******S*T*******SI
           I**********S*********     *****S*********S*T*******S*T*******SI
           I**********S*********     *****S*********S*T*******S*T*******SI
     -50.04I**********S*********     *****S*********S*T*******S*T*******SI    -50.04
           I**********S*********     *****S*********S*T*******S*T*******SI
           I**********S*********     *****S*********S*T*******S*T*******SI
           I**********S*********S    *****S*********S*T*******S*T*******SI
     -51.28I**********S*********S    *****S*********S*T*******S*T*******SI    -51.28
           I**********S*********S   ******S*********S*T*******S*T*******SI
           I**********S*********S   ******S*********S*T*******S*T*******SI
           I**********S*********S   ******S*********S*T*******S*T*******SI
     -52.52I**********S*********S   ******S*********S*T*******S*T*******SI    -52.52
           I**********S*********S   ******S*********S*T*******S*T*******SI
           I**********S*********S   ******S*********S*T*******S*T*******SI
           I**********S*********S   ******S*********S*T*******S*T*******SI
     -53.76I**********S*********S   ******S*********S*T*******S*T*******SI    -53.76
           I**********S*********S  *******S*********S*T*******S*T*******SI
           I**********S*********S* *******S*********S*T*******S*T*******SI
           I**********S*********S* *******S*********S*T*******S*T*******SI
     -55.00I**********S*********S*********S*********S*T*******S*T*******SI    -55.00
 ++++++++++I+++++++++++++++++++++++++++++++++++++++++++++++++++++++++++++I
            S=SEASONAL FREQUENCIES, T=TRADING DAY FREQUENCIES


 FORECASTING
  Origin  2026.Jul
  Number        12

  Forecasts and Standard Errors of the Transformed Data
   ------------------------------
                         Standard
       Date   Forecast      Error
   ------------------------------
   2026.Aug       4.55      0.006
   2026.Sep       4.56      0.009
   2026.Oct       4.56      0.011
   2026.Nov       4.57      0.014
   2026.Dec       4.57      0.017
   2027.Jan       4.57      0.020
   2027.Feb       4.58      0.023
   2027.Mar       4.58      0.026
   2027.Apr       4.58      0.029
   2027.May       4.58      0.032
   2027.Jun       4.59      0.035
   2027.Jul       4.59      0.038
   ------------------------------

  Confidence intervals with coverage probability ( 0.95000
  On the Original Scale
   ---------------------------------------
       Date      Lower  Forecast     Upper
   ---------------------------------------
   2026.Aug      93.77     94.81     95.85
   2026.Sep      93.67     95.26     96.87
   2026.Oct      93.66     95.77     97.92
   2026.Nov      93.50     96.11     98.80
   2026.Dec      93.31     96.43     99.66
   2027.Jan      93.16     96.82    100.62
   2027.Feb      93.03     97.23    101.61
   2027.Mar      92.74     97.49    102.49
   2027.Apr      92.56     97.89    103.52
   2027.May      92.07     97.97    104.25
   2027.Jun      91.81     98.32    105.29
   2027.Jul      91.49     98.61    106.29
   ---------------------------------------
        R35 monthly CPI index            PAGE   4, SERIES series
  
 A 8  RegARIMA combined outlier component
      (AO, LS, TC outliers included)
  From  2015.Jan to 2026.Jul
  Observations        139
 -----------------------------------------------------------------------------
               Jan      Feb      Mar      Apr      May      Jun 
               Jul      Aug      Sep      Oct      Nov      Dec         AVGE  
 -----------------------------------------------------------------------------
  2015         93.3     93.3     93.3     93.3     93.3     93.3
               93.3     93.3     93.3     93.3     93.3     95.7          93.5
 
  2016         95.7     95.7     95.7     95.7     95.7     95.7
               95.7     95.7     95.7     95.7     95.7     95.7          95.7
 
  2017         95.7     95.7     95.7     95.7     95.7     95.7
               95.7     95.7     95.7     95.7     95.7     95.7          95.7
 
  2018         95.7     95.7     95.7     95.7     95.7     95.7
               95.7     95.7     95.7     95.7     95.7     95.7          95.7
 
  2019         95.7     95.7     95.7     95.7     95.7     95.7
               95.7     95.7     95.7     95.7     95.7     95.7          95.7
 
  2020         95.7     95.7     95.7     95.7     95.7     95.7
               95.7     95.7     95.7     95.7     95.7     95.7          95.7
 
  2021         95.7     95.7     95.7     95.7     95.7     95.7
               95.7     95.7     97.6     97.6     97.6     97.6          96.3
 
  2022         97.6     97.6     97.6     97.6     97.6     97.6
               97.6     97.6     97.6     97.6     97.6     97.6          97.6
 
  2023         97.6     97.6     97.6     97.6     97.6     97.6
               97.6     97.6     97.6     97.6     97.6     97.6          97.6
 
  2024         97.6     97.6     97.6     97.6     97.6     97.6
               97.6     97.6    100.0    100.0     98.3     98.8          98.2
 
  2025         99.2     99.4     99.6     99.7     99.8     99.9
               99.9     99.9    100.0    100.0     96.3     97.4          99.2
 
  2026         96.5     98.7     99.1     99.4     99.6     99.7
               99.8                                                       99.0
 
  AVGE         96.3     96.5     96.6     96.6     96.6     96.6
               96.7     96.4     96.8     96.8     96.3     96.6

  Table Total-     13421.94   Mean-      96.56   Std. Dev.-       3.83
                              Min -      93.31        Max -     100.00

 A 8.A  RegARIMA outlier component
  From  2026.Aug to 2027.Jul
  Observations         12
 -----------------------------------------------------------------------------
               Jan      Feb      Mar      Apr      May      Jun 
               Jul      Aug      Sep      Oct      Nov      Dec         AVGE  
 -----------------------------------------------------------------------------
  2026                                                          
                        99.8     99.9     99.9     99.9    100.0          99.9
 
  2027        100.0    100.0    100.0    100.0    100.0    100.0
              100.0                                                      100.0
 
        R35 monthly CPI index            PAGE   5, SERIES series

 A 8.AO  RegARIMA AO outlier component
  From  2015.Jan to 2026.Jul
  Observations        139
 -----------------------------------------------------------------------------
               Jan      Feb      Mar      Apr      May      Jun 
               Jul      Aug      Sep      Oct      Nov      Dec         AVGE  
 -----------------------------------------------------------------------------
  2015        100.0    100.0    100.0    100.0    100.0    100.0
              100.0    100.0    100.0    100.0    100.0    100.0         100.0
 
  2016        100.0    100.0    100.0    100.0    100.0    100.0
              100.0    100.0    100.0    100.0    100.0    100.0         100.0
 
  2017        100.0    100.0    100.0    100.0    100.0    100.0
              100.0    100.0    100.0    100.0    100.0    100.0         100.0
 
  2018        100.0    100.0    100.0    100.0    100.0    100.0
              100.0    100.0    100.0    100.0    100.0    100.0         100.0
 
  2019        100.0    100.0    100.0    100.0    100.0    100.0
              100.0    100.0    100.0    100.0    100.0    100.0         100.0
 
  2020        100.0    100.0    100.0    100.0    100.0    100.0
              100.0    100.0    100.0    100.0    100.0    100.0         100.0
 
  2021        100.0    100.0    100.0    100.0    100.0    100.0
              100.0    100.0    100.0    100.0    100.0    100.0         100.0
 
  2022        100.0    100.0    100.0    100.0    100.0    100.0
              100.0    100.0    100.0    100.0    100.0    100.0         100.0
 
  2023        100.0    100.0    100.0    100.0    100.0    100.0
              100.0    100.0    100.0    100.0    100.0    100.0         100.0
 
  2024        100.0    100.0    100.0    100.0    100.0    100.0
              100.0    100.0    100.0    100.0    100.0    100.0         100.0
 
  2025        100.0    100.0    100.0    100.0    100.0    100.0
              100.0    100.0    100.0    100.0    100.0    100.0         100.0
 
  2026         98.3    100.0    100.0    100.0    100.0    100.0
              100.0                                                       99.8
 
  AVGE         99.9    100.0    100.0    100.0    100.0    100.0
              100.0    100.0    100.0    100.0    100.0    100.0

  Table Total-     13898.27   Mean-      99.99   Std. Dev.-       0.15
                              Min -      98.27        Max -     100.00
        R35 monthly CPI index            PAGE   6, SERIES series

 A 8.LS  RegARIMA level change outlier component
  From  2015.Jan to 2026.Jul
  Observations        139
 -----------------------------------------------------------------------------
               Jan      Feb      Mar      Apr      May      Jun 
               Jul      Aug      Sep      Oct      Nov      Dec         AVGE  
 -----------------------------------------------------------------------------
  2015         93.3     93.3     93.3     93.3     93.3     93.3
               93.3     93.3     93.3     93.3     93.3     95.7          93.5
 
  2016         95.7     95.7     95.7     95.7     95.7     95.7
               95.7     95.7     95.7     95.7     95.7     95.7          95.7
 
  2017         95.7     95.7     95.7     95.7     95.7     95.7
               95.7     95.7     95.7     95.7     95.7     95.7          95.7
 
  2018         95.7     95.7     95.7     95.7     95.7     95.7
               95.7     95.7     95.7     95.7     95.7     95.7          95.7
 
  2019         95.7     95.7     95.7     95.7     95.7     95.7
               95.7     95.7     95.7     95.7     95.7     95.7          95.7
 
  2020         95.7     95.7     95.7     95.7     95.7     95.7
               95.7     95.7     95.7     95.7     95.7     95.7          95.7
 
  2021         95.7     95.7     95.7     95.7     95.7     95.7
               95.7     95.7     97.6     97.6     97.6     97.6          96.3
 
  2022         97.6     97.6     97.6     97.6     97.6     97.6
               97.6     97.6     97.6     97.6     97.6     97.6          97.6
 
  2023         97.6     97.6     97.6     97.6     97.6     97.6
               97.6     97.6     97.6     97.6     97.6     97.6          97.6
 
  2024         97.6     97.6     97.6     97.6     97.6     97.6
               97.6     97.6    100.0    100.0    100.0    100.0          98.4
 
  2025        100.0    100.0    100.0    100.0    100.0    100.0
              100.0    100.0    100.0    100.0    100.0    100.0         100.0
 
  2026        100.0    100.0    100.0    100.0    100.0    100.0
              100.0                                                      100.0
 
  AVGE         96.7     96.7     96.7     96.7     96.7     96.7
               96.7     96.4     96.8     96.8     96.8     97.0

  Table Total-     13441.24   Mean-      96.70   Std. Dev.-       3.79
                              Min -      93.31        Max -     100.00
        R35 monthly CPI index            PAGE   7, SERIES series

 A 8.TC  RegARIMA temporary change outlier component
  From  2015.Jan to 2026.Jul
  Observations        139
 -----------------------------------------------------------------------------
               Jan      Feb      Mar      Apr      May      Jun 
               Jul      Aug      Sep      Oct      Nov      Dec         AVGE  
 -----------------------------------------------------------------------------
  2015        100.0    100.0    100.0    100.0    100.0    100.0
              100.0    100.0    100.0    100.0    100.0    100.0         100.0
 
  2016        100.0    100.0    100.0    100.0    100.0    100.0
              100.0    100.0    100.0    100.0    100.0    100.0         100.0
 
  2017        100.0    100.0    100.0    100.0    100.0    100.0
              100.0    100.0    100.0    100.0    100.0    100.0         100.0
 
  2018        100.0    100.0    100.0    100.0    100.0    100.0
              100.0    100.0    100.0    100.0    100.0    100.0         100.0
 
  2019        100.0    100.0    100.0    100.0    100.0    100.0
              100.0    100.0    100.0    100.0    100.0    100.0         100.0
 
  2020        100.0    100.0    100.0    100.0    100.0    100.0
              100.0    100.0    100.0    100.0    100.0    100.0         100.0
 
  2021        100.0    100.0    100.0    100.0    100.0    100.0
              100.0    100.0    100.0    100.0    100.0    100.0         100.0
 
  2022        100.0    100.0    100.0    100.0    100.0    100.0
              100.0    100.0    100.0    100.0    100.0    100.0         100.0
 
  2023        100.0    100.0    100.0    100.0    100.0    100.0
              100.0    100.0    100.0    100.0    100.0    100.0         100.0
 
  2024        100.0    100.0    100.0    100.0    100.0    100.0
              100.0    100.0    100.0    100.0     98.3     98.8          99.8
 
  2025         99.2     99.4     99.6     99.7     99.8     99.9
               99.9     99.9    100.0    100.0     96.3     97.4          99.2
 
  2026         98.2     98.7     99.1     99.4     99.6     99.7
               99.8                                                       99.2
 
  AVGE         99.8     99.8     99.9     99.9     99.9    100.0
              100.0    100.0    100.0    100.0     99.5     99.7

  Table Total-     13882.40   Mean-      99.87   Std. Dev.-       0.49
                              Min -      96.30        Max -     100.00

 A 8.TC.A  RegARIMA temporary change outlier component
  From  2026.Aug to 2027.Jul
  Observations         12
 -----------------------------------------------------------------------------
               Jan      Feb      Mar      Apr      May      Jun 
               Jul      Aug      Sep      Oct      Nov      Dec         AVGE  
 -----------------------------------------------------------------------------
  2026                                                          
                        99.8     99.9     99.9     99.9    100.0          99.9
 
  2027        100.0    100.0    100.0    100.0    100.0    100.0
              100.0                                                      100.0
 
        R35 monthly CPI index            PAGE   8, SERIES series
  
 B 1  Original series (prior adjusted)
      (adjusted for regARIMA factors)
  From  2015.Jan to 2026.Jul
  Observations        139
 -----------------------------------------------------------------------------
               Jan      Feb      Mar      Apr      May      Jun 
               Jul      Aug      Sep      Oct      Nov      Dec        TOTAL  
 -----------------------------------------------------------------------------
  2015         108.     108.     108.     107.     107.     107.
               108.     107.     107.     106.     105.     105.         1283.
 
  2016         104.     104.     103.     102.     101.     102.
               101.     101.     100.      98.      98.      98.         1213.
 
  2017          98.      97.      96.      96.      96.      95.
                95.      95.      94.      94.      93.      92.         1140.
 
  2018          91.      91.      90.      90.      89.      88.
                87.      87.      86.      86.      85.      84.         1053.
 
  2019          84.      84.      83.      83.      82.      81.
                81.      80.      79.      80.      79.      79.          974.
 
  2020          79.      78.      78.      78.      78.      78.
                78.      77.      77.      77.      76.      76.          930.
 
  2021          76.      76.      76.      75.      76.      77.
                77.      78.      78.      79.      80.      81.          928.
 
  2022          81.      82.      82.      82.      83.      83.
                84.      84.      84.      85.      84.      85.         1000.
 
  2023          86.      87.      87.      87.      87.      87.
                87.      88.      88.      88.      88.      89.         1049.
 
  2024          89.      90.      90.      90.      90.      89.
                89.      88.      88.      89.      89.      90.         1071.
 
  2025          89.      90.      90.      89.      89.      89.
                90.      90.      91.      92.      92.      93.         1084.
 
  2026          93.      94.      94.      95.      94.      94.
                95.                                                       660.
 
  AVGE          90.      90.      90.      90.      89.      89.
                89.      89.      88.      88.      88.      88.

  Table Total-     12386.82   Mean-      89.11   Std. Dev.-       8.87
                              Min -      75.47        Max -     108.13

 B 1.A  Forecasts of (prior adjusted) original series
  From  2026.Aug to 2027.Jul
  Observations         12
 -----------------------------------------------------------------------------
               Jan      Feb      Mar      Apr      May      Jun 
               Jul      Aug      Sep      Oct      Nov      Dec        TOTAL  
 -----------------------------------------------------------------------------
  2026                                                          
                         95.      95.      96.      96.      96.          479.
 
  2027          97.      97.      98.      98.      98.      98.
                99.                                                       684.
 
        R35 monthly CPI index            PAGE   9, SERIES series

 C 17  Final weights for irregular component
  From  2015.Jan to 2026.Jul
  Observations        139
  Lower sigma limit    1.50
  Upper sigma limit    2.50
 -----------------------------------------------------------------------------
               Jan      Feb      Mar      Apr      May      Jun 
               Jul      Aug      Sep      Oct      Nov      Dec         S.D.  
 -----------------------------------------------------------------------------
  2015        100.0    100.0    100.0    100.0    100.0    100.0
              100.0    100.0     98.8    100.0    100.0    100.0           0.2
 
  2016        100.0    100.0    100.0    100.0    100.0     94.5
              100.0      0.0    100.0      0.0    100.0    100.0           0.2
 
  2017        100.0    100.0    100.0    100.0    100.0    100.0
              100.0    100.0    100.0      0.0    100.0    100.0           0.2
 
  2018        100.0    100.0    100.0    100.0    100.0    100.0
              100.0    100.0    100.0    100.0    100.0    100.0           0.2
 
  2019        100.0    100.0    100.0      0.0    100.0    100.0
              100.0    100.0      3.2    100.0    100.0    100.0           0.2
 
  2020        100.0    100.0    100.0    100.0    100.0    100.0
              100.0    100.0    100.0    100.0    100.0    100.0           0.2
 
  2021        100.0    100.0    100.0     14.7     80.7     71.4
              100.0    100.0    100.0    100.0    100.0    100.0           0.2
 
  2022        100.0    100.0    100.0    100.0    100.0    100.0
              100.0     63.5    100.0    100.0     30.8    100.0           0.2
 
  2023        100.0    100.0    100.0    100.0    100.0    100.0
              100.0    100.0    100.0    100.0      0.0    100.0           0.2
 
  2024        100.0    100.0    100.0     63.1     79.3    100.0
              100.0    100.0    100.0    100.0    100.0    100.0           0.2
 
  2025        100.0    100.0    100.0    100.0     93.4    100.0
              100.0     56.1    100.0    100.0     96.3    100.0           0.2
 
  2026        100.0    100.0    100.0     72.4      0.0    100.0
              100.0                                                        0.2
 
        R35 monthly CPI index            PAGE  10, SERIES series

 D 8  Final unmodified SI ratios
  From  2015.Jan to 2026.Jul
  Observations        139
 -----------------------------------------------------------------------------
               Jan      Feb      Mar      Apr      May      Jun 
               Jul      Aug      Sep      Oct      Nov      Dec         AVGE  
 -----------------------------------------------------------------------------
  2015         99.9     99.9     99.9     99.5     99.8    100.1
              100.6    100.0    100.6    100.1     99.8     99.9         100.0
 
  2016         99.9    100.3     99.6     99.5     99.7    100.5
              100.2    101.0    100.5     99.2     99.7    100.0         100.0
 
  2017        100.0    100.1     99.6     99.8    100.0    100.0
              100.3    100.1    100.0    100.8     99.9    100.1         100.1
 
  2018         99.5     99.8    100.1    100.3    100.2    100.0
              100.0     99.9    100.1    100.0     99.9    100.0         100.0
 
  2019         99.5    100.3     99.8    100.7    100.4     99.9
              100.2     99.6     99.2    100.0    100.1    100.2         100.0
 
  2020         99.8     99.8    100.0    100.2    100.0    100.3
              100.5     99.6     99.7     99.9    100.0    100.0         100.0
 
  2021        100.1    100.1    100.3     99.4     99.6    100.3
              100.1    100.0     99.5     99.8    100.0    100.1          99.9
 
  2022         99.8    100.6    100.3     99.9    100.2     99.8
              100.0    100.1     99.8     99.7     99.3     99.9         100.0
 
  2023        100.0    100.9    100.3    100.3    100.2     99.8
               99.5     99.7     99.7     99.7     98.8    100.1          99.9
 
  2024        100.3    100.6    100.5    100.7    100.4     99.5
               99.7     99.2     99.4    100.1     99.8    100.3         100.0
 
  2025        100.2    101.1    100.6    100.2     99.6     99.6
               99.7     99.0     99.4    100.3    100.2    100.1         100.0
 
  2026        100.4    100.8    100.3    100.6     99.2     99.4
               99.4                                                      100.0
 
  AVGE         99.9    100.4    100.1    100.1     99.9     99.9
              100.0     99.8     99.8    100.0     99.8    100.1

  Table Total-     13898.67   Mean-      99.99   Std. Dev.-       0.40
                              Min -      98.76        Max -     101.06
        R35 monthly CPI index            PAGE  11, SERIES series

 D 8.B  Final unmodified SI ratios, with labels for outliers and extreme values
  From  2015.Jan to 2026.Jul
  Observations        139
 ---------------------------------------------------------------------
               Jan       Feb       Mar       Apr       May       Jun  
               Jul       Aug       Sep       Oct       Nov       Dec  
 ---------------------------------------------------------------------
  2015        99.9      99.9      99.9      99.5      99.8     100.1  
             100.6     100.0     100.6*    100.1      99.8 -    99.9# 
 
  2016        99.9 -   100.3      99.6      99.5      99.7     100.5* 
             100.2     101.0*    100.5      99.2*     99.7     100.0  
 
  2017       100.0     100.1      99.6      99.8     100.0     100.0  
             100.3     100.1     100.0     100.8*     99.9     100.1  
 
  2018        99.5      99.8     100.1     100.3     100.2     100.0  
             100.0      99.9     100.1     100.0      99.9     100.0  
 
  2019        99.5     100.3      99.8     100.7*    100.4      99.9  
             100.2      99.6      99.2*    100.0     100.1     100.2  
 
  2020        99.8      99.8     100.0     100.2     100.0     100.3  
             100.5      99.6      99.7      99.9     100.0     100.0  
 
  2021       100.1     100.1     100.3      99.4*     99.6*    100.3* 
             100.1     100.0 -    99.5#     99.8 -   100.0     100.1  
 
  2022        99.8     100.6     100.3      99.9     100.2      99.8  
             100.0     100.1*     99.8      99.7      99.3*     99.9  
 
  2023       100.0     100.9     100.3     100.3     100.2      99.8  
              99.5      99.7      99.7      99.7      98.8*    100.1  
 
  2024       100.3     100.6     100.5     100.7*    100.4*     99.5  
              99.7      99.2 -    99.4#    100.1 -    99.8#    100.3  
 
  2025       100.2     101.1     100.6     100.2      99.6*     99.6  
              99.7      99.0*     99.4     100.3     100.2&    100.1  
 
  2026       100.4#    100.8     100.3     100.6*     99.2*     99.4  
              99.4                                                    
 

  Key to symbols:
    *  : extreme value as determined by X-11 extreme value procedure
    #  : regARIMA outlier (either AO, LS, TC, or Ramp)
    &  : more than one type of regARIMA outlier
    -  : values around a level shift most likely to be influenced by it
 
        R35 monthly CPI index            PAGE  12, SERIES series

 D 9  Final replacement values for SI ratios
  From  2015.Jan to 2026.Jul
  Observations        139
 ---------------------------------------------------------------
               Jan      Feb      Mar      Apr      May      Jun 
               Jul      Aug      Sep      Oct      Nov      Dec 
 ---------------------------------------------------------------
  2015     ******** ******** ******** ******** ******** ********
           ******** ********    100.6 ******** ******** ********
 
  2016     ******** ******** ******** ******** ********    100.5
           ********    100.0 ********    100.0 ******** ********
 
  2017     ******** ******** ******** ******** ******** ********
           ******** ******** ********    100.1 ******** ********
 
  2018     ******** ******** ******** ******** ******** ********
           ******** ******** ******** ******** ******** ********
 
  2019     ******** ******** ********    100.2 ******** ********
           ******** ********     99.7 ******** ******** ********
 
  2020     ******** ******** ******** ******** ******** ********
           ******** ******** ******** ******** ******** ********
 
  2021     ******** ******** ********     99.9     99.7    100.2
           ******** ******** ******** ******** ******** ********
 
  2022     ******** ******** ******** ******** ******** ********
           ********     99.9 ******** ********     99.6 ********
 
  2023     ******** ******** ******** ******** ******** ********
           ******** ******** ******** ********     99.7 ********
 
  2024     ******** ******** ********    100.6    100.3 ********
           ******** ******** ******** ******** ******** ********
 
  2025     ******** ******** ******** ********     99.6 ********
           ********     99.2 ******** ********    100.2 ********
 
  2026     ******** ******** ********    100.5     99.8 ********
           ********                                             
 

 D 9.A  Moving seasonality ratio
 ---------------------------------------------------------------
               Jan      Feb      Mar      Apr      May      Jun 
 ---------------------------------------------------------------
   I          0.198    0.334    0.181    0.256    0.324    0.224
   S          0.056    0.086    0.069    0.073    0.058    0.064
 RATIO        3.499    3.877    2.606    3.492    5.618    3.473



 ---------------------------------------------------------------
               Jul      Aug      Sep      Oct      Nov      Dec 
 ---------------------------------------------------------------
   I          0.253    0.217    0.189    0.116    0.174    0.154
   S          0.079    0.069    0.088    0.026    0.024    0.017
 RATIO        3.204    3.154    2.149    4.519    7.278    8.906



        R35 monthly CPI index            PAGE  13, SERIES series

 D 10  Final seasonal factors
  From  2015.Jan to 2026.Jul
  Observations        139
  Seasonal filter    3 x 5 moving average
 -----------------------------------------------------------------------------
               Jan      Feb      Mar      Apr      May      Jun 
               Jul      Aug      Sep      Oct      Nov      Dec         AVGE  
 -----------------------------------------------------------------------------
  2015        99.88   100.07    99.75    99.73    99.90   100.15
             100.30   100.03   100.34   100.05    99.81    99.98        100.00
 
  2016        99.83   100.07    99.77    99.79    99.96   100.13
             100.28   100.00   100.29   100.04    99.83    99.99        100.00
 
  2017        99.78   100.07    99.79    99.90   100.02   100.12
             100.25    99.94   100.18   100.03    99.87   100.01        100.00
 
  2018        99.77   100.06    99.85    99.99   100.07   100.10
             100.24    99.88   100.01   100.00    99.92   100.04         99.99
 
  2019        99.76   100.08    99.95   100.06   100.09   100.08
             100.21    99.84    99.87    99.95    99.93   100.05         99.99
 
  2020        99.79   100.17   100.06   100.09   100.10   100.04
             100.16    99.81    99.77    99.90    99.91   100.05         99.99
 
  2021        99.85   100.30   100.16   100.13   100.10    99.98
             100.07    99.75    99.70    99.86    99.85   100.06         99.98
 
  2022        99.95   100.48   100.27   100.16   100.06    99.90
              99.94    99.67    99.64    99.87    99.83   100.09         99.99
 
  2023       100.05   100.63   100.36   100.23   100.04    99.77
              99.80    99.57    99.60    99.90    99.84   100.11         99.99
 
  2024       100.14   100.76   100.42   100.30    99.99    99.66
              99.65    99.47    99.57    99.96    99.90   100.15        100.00
 
  2025       100.24   100.80   100.44   100.37    99.95    99.57
              99.56    99.37    99.55   100.01    99.96   100.19        100.00
 
  2026       100.32   100.80   100.46   100.39    99.87    99.54
              99.51                                                     100.13
 
  AVGE        99.95   100.36   100.11   100.09   100.01    99.92
             100.00    99.76    99.87    99.96    99.88   100.06

  Table Total-     13899.99   Mean-     100.00   Std. Dev.-       0.25
                              Min -      99.37        Max -     100.80

 D 10.A  Final seasonal component forecasts
  From  2026.Aug to 2027.Jul
  Observations         12
 -----------------------------------------------------------------------------
               Jan      Feb      Mar      Apr      May      Jun 
               Jul      Aug      Sep      Oct      Nov      Dec         AVGE  
 -----------------------------------------------------------------------------
  2026                                                          
                       99.31    99.52   100.05   100.01   100.22         99.82
 
  2027       100.35   100.81   100.47   100.38    99.82    99.53
              99.51                                                     100.12
 
        R35 monthly CPI index            PAGE  14, SERIES series

 D 11  Final seasonally adjusted data
  From  2015.Jan to 2026.Jul
  Observations        139
 -----------------------------------------------------------------------------
               Jan      Feb      Mar      Apr      May      Jun 
               Jul      Aug      Sep      Oct      Nov      Dec        TOTAL  
 -----------------------------------------------------------------------------
  2015         101.     101.     101.     100.     100.     100.
               100.     100.     100.      99.      98.     100.         1200.
 
  2016         100.     100.      99.      98.      97.      97.
                96.      97.      95.      94.      94.      94.         1161.
 
  2017          94.      93.      92.      92.      92.      91.
                91.      91.      90.      90.      89.      88.         1091.
 
  2018          87.      87.      86.      86.      85.      84.
                83.      83.      82.      82.      81.      81.         1007.
 
  2019          80.      80.      79.      79.      79.      78.
                77.      77.      76.      76.      76.      76.          932.
 
  2020          75.      75.      75.      75.      75.      75.
                74.      74.      73.      73.      73.      73.          889.
 
  2021          73.      72.      73.      72.      72.      73.
                74.      74.      76.      77.      78.      79.          894.
 
  2022          79.      80.      80.      80.      81.      81.
                82.      83.      83.      83.      82.      83.          977.
 
  2023          83.      84.      84.      85.      85.      85.
                85.      86.      86.      86.      86.      87.         1024.
 
  2024          87.      87.      87.      88.      88.      87.
                87.      87.      89.      89.      88.      88.         1051.
 
  2025          88.      89.      89.      89.      89.      90.
                90.      90.      91.      92.      89.      90.         1076.
 
  2026          90.      92.      93.      94.      94.      95.
                95.                                                       652.
 
  AVGE          86.      87.      86.      86.      86.      86.
                86.      85.      86.      86.      85.      85.

  Table Total-     11955.34   Mean-      86.01   Std. Dev.-       8.18
                              Min -      72.11        Max -     101.02
        R35 monthly CPI index            PAGE  15, SERIES series

 D 12  Final trend cycle
  From  2015.Jan to 2026.Jul
  Observations        139
  Trend filter     9-term Henderson moving average
  I/C ratio        0.50
 -----------------------------------------------------------------------------
               Jan      Feb      Mar      Apr      May      Jun 
               Jul      Aug      Sep      Oct      Nov      Dec        TOTAL  
 -----------------------------------------------------------------------------
  2015         101.     101.     101.     100.     100.     100.
               100.     100.      99.      99.      98.     100.         1200.
 
  2016         100.      99.      99.      98.      97.      97.
                96.      96.      95.      95.      94.      94.         1161.
 
  2017          93.      93.      92.      92.      92.      91.
                91.      90.      90.      89.      89.      88.         1090.
 
  2018          87.      87.      86.      86.      85.      84.
                83.      83.      82.      82.      81.      81.         1008.
 
  2019          80.      80.      79.      79.      78.      78.
                77.      77.      76.      76.      76.      76.          932.
 
  2020          75.      75.      75.      75.      75.      75.
                74.      74.      74.      73.      73.      73.          890.
 
  2021          73.      73.      73.      73.      73.      73.
                74.      74.      76.      77.      78.      78.          894.
 
  2022          79.      80.      80.      80.      81.      81.
                82.      82.      83.      83.      83.      83.          977.
 
  2023          84.      84.      84.      85.      85.      85.
                86.      86.      86.      86.      87.      87.         1025.
 
  2024          87.      87.      87.      88.      88.      87.
                87.      87.      89.      89.      89.      89.         1054.
 
  2025          89.      89.      89.      89.      89.      90.
                90.      91.      91.      92.      92.      93.         1084.
 
  2026          93.      93.      94.      94.      95.      95.
                95.                                                       660.
 
  AVGE          87.      87.      87.      87.      86.      86.
                86.      85.      86.      86.      85.      86.

  Table Total-     11974.07   Mean-      86.14   Std. Dev.-       8.25
                              Min -      72.50        Max -     100.96
        R35 monthly CPI index            PAGE  16, SERIES series

 D 13  Final irregular component
  From  2015.Jan to 2026.Jul
  Observations        139
 -----------------------------------------------------------------------------
               Jan      Feb      Mar      Apr      May      Jun 
               Jul      Aug      Sep      Oct      Nov      Dec         S.D.  
 -----------------------------------------------------------------------------
  2015        100.1     99.9    100.2     99.9    100.0     99.9
              100.2     99.8    100.2    100.0     99.9     99.9           0.1
 
  2016        100.0    100.3     99.9     99.9     99.8    100.4
               99.9    100.9    100.1     99.1     99.9    100.0           0.4
 
  2017        100.2    100.0     99.8     99.9    100.1     99.9
              100.1    100.2     99.8    100.7    100.1    100.1           0.2
 
  2018         99.8     99.8    100.2    100.2    100.1     99.9
               99.8    100.1    100.2    100.0    100.0     99.9           0.2
 
  2019         99.8    100.3     99.8    100.6    100.3     99.8
              100.1     99.9     99.4    100.1    100.1    100.1           0.3
 
  2020        100.1     99.7    100.0    100.1     99.8    100.2
              100.3     99.8     99.9    100.0    100.0     99.9           0.2
 
  2021        100.2     99.8    100.2     99.4     99.6    100.3
              100.0    100.2     99.8    100.0    100.1    100.1           0.3
 
  2022         99.8    100.2    100.1     99.8    100.2     99.9
               99.9    100.3    100.2     99.9     99.5     99.9           0.2
 
  2023        100.0    100.2     99.9    100.0    100.1    100.0
               99.8    100.1    100.2     99.9     99.0    100.0           0.3
 
  2024        100.1     99.8     99.9    100.3    100.3     99.8
              100.1     99.8     99.9    100.1     98.2     98.9           0.6
 
  2025         99.0     99.6     99.7     99.5     99.5    100.0
              100.1     99.6     99.8    100.2     96.4     97.2           1.4
 
  2026         96.5     98.7     99.0     99.7     99.0     99.6
               99.7                                                        1.5
 
  S.D.          1.1      0.4      0.3      0.3      0.4      0.2
                0.2      0.3      0.2      0.4      1.3      0.9

  Table Total-     13879.48   Mean-      99.85   Std. Dev.-       0.60
                              Min -      96.44        Max -     100.89
        R35 monthly CPI index            PAGE  17, SERIES series

 D 16  Combined adjustment factors
  From  2015.Jan to 2026.Jul
  Observations        139
 -----------------------------------------------------------------------------
               Jan      Feb      Mar      Apr      May      Jun 
               Jul      Aug      Sep      Oct      Nov      Dec         AVGE  
 -----------------------------------------------------------------------------
  2015        99.88   100.07    99.75    99.73    99.90   100.15
             100.30   100.03   100.34   100.05    99.81    99.98        100.00
 
  2016        99.83   100.07    99.77    99.79    99.96   100.13
             100.28   100.00   100.29   100.04    99.83    99.99        100.00
 
  2017        99.78   100.07    99.79    99.90   100.02   100.12
             100.25    99.94   100.18   100.03    99.87   100.01        100.00
 
  2018        99.77   100.06    99.85    99.99   100.07   100.10
             100.24    99.88   100.01   100.00    99.92   100.04         99.99
 
  2019        99.76   100.08    99.95   100.06   100.09   100.08
             100.21    99.84    99.87    99.95    99.93   100.05         99.99
 
  2020        99.79   100.17   100.06   100.09   100.10   100.04
             100.16    99.81    99.77    99.90    99.91   100.05         99.99
 
  2021        99.85   100.30   100.16   100.13   100.10    99.98
             100.07    99.75    99.70    99.86    99.85   100.06         99.98
 
  2022        99.95   100.48   100.27   100.16   100.06    99.90
              99.94    99.67    99.64    99.87    99.83   100.09         99.99
 
  2023       100.05   100.63   100.36   100.23   100.04    99.77
              99.80    99.57    99.60    99.90    99.84   100.11         99.99
 
  2024       100.14   100.76   100.42   100.30    99.99    99.66
              99.65    99.47    99.57    99.96    99.90   100.15        100.00
 
  2025       100.24   100.80   100.44   100.37    99.95    99.57
              99.56    99.37    99.55   100.01    99.96   100.19        100.00
 
  2026       100.32   100.80   100.46   100.39    99.87    99.54
              99.51                                                     100.13
 
  AVGE        99.95   100.36   100.11   100.09   100.01    99.92
             100.00    99.76    99.87    99.96    99.88   100.06

  Table Total-     13899.99   Mean-     100.00   Std. Dev.-       0.25
                              Min -      99.37        Max -     100.80

 D 16.A  Combined adjustment component forecasts
  From  2026.Aug to 2027.Jul
  Observations         12
 -----------------------------------------------------------------------------
               Jan      Feb      Mar      Apr      May      Jun 
               Jul      Aug      Sep      Oct      Nov      Dec         AVGE  
 -----------------------------------------------------------------------------
  2026                                                          
                       99.31    99.52   100.05   100.01   100.22         99.82
 
  2027       100.35   100.81   100.47   100.38    99.82    99.53
              99.51                                                     100.12
 
        R35 monthly CPI index            PAGE  18, SERIES series

 E 4  Ratios of annual totals
  From          2015 to 2025
  Observations         11
 -----------------------------------
  Year       Unmodified     Modified
                  (D11)         (E2)
 -----------------------------------
  2015           100.00       100.00
 
  2016           100.00       100.00
 
  2017           100.00       100.00
 
  2018            99.99        99.99
 
  2019            99.99        99.99
 
  2020            99.99        99.99
 
  2021            99.98        99.98
 
  2022            99.99        99.99
 
  2023            99.99        99.99
 
  2024           100.00       100.00
 
  2025           100.00       100.00
 
        R35 monthly CPI index            PAGE  19, SERIES series

 E 5  Month-to-month percent change in the original series
  From  2015.Feb to 2026.Jul
  Observations        138
 -----------------------------------------------------------------------------
               Jan      Feb      Mar      Apr      May      Jun 
               Jul      Aug      Sep      Oct      Nov      Dec         AVGE  
 -----------------------------------------------------------------------------
  2015                  -0.2     -0.2     -0.5      0.1      0.1
                0.3     -0.8      0.3     -1.0     -0.8      2.1          -0.1
 
  2016         -0.5     -0.1     -1.4     -0.7     -0.5      0.2
               -0.8      0.2     -1.0     -1.8      0.1     -0.1          -0.5
 
  2017         -0.5     -0.5     -1.1     -0.3     -0.1     -0.3
               -0.1     -0.8     -0.8      0.1     -1.6     -0.6          -0.5
 
  2018         -1.2     -0.3     -0.3     -0.5     -0.9     -1.2
               -0.8     -0.7     -0.4     -0.8     -0.7     -0.6          -0.7
 
  2019         -1.0      0.3     -1.1      0.3     -1.0     -1.3
               -0.4     -1.2     -0.8      0.5     -0.3     -0.4          -0.5
 
  2020         -0.8     -0.4     -0.1      0.1     -0.3      0.1
               -0.1     -1.3     -0.4     -0.1     -0.3     -0.1          -0.3
 
  2021         -0.1     -0.1      0.1     -0.8      0.4      1.2
                0.5      0.7      2.4      1.2      1.0      1.0           0.6
 
  2022          0.4      1.5      0.2      0.1      0.9      0.1
                0.7      0.6      0.1      0.1     -0.2      1.0           0.5
 
  2023          0.5      1.4     -0.1      0.5      0.2      0.0
                0.1      0.5      0.4      0.2     -0.8      1.5           0.4
 
  2024          0.3      0.6      0.1      0.5     -0.3     -1.1
               -0.1     -0.7      2.7      0.8     -1.8      1.1           0.2
 
  2025          0.2      1.0     -0.4     -0.3     -0.2      0.6
                0.7      0.0      1.0      1.4     -3.3      1.5           0.2
 
  2026         -0.2      3.2      0.4      1.1     -0.8      0.6
                0.3                                                        0.7
 
  AVGE         -0.3      0.5     -0.3     -0.1     -0.2     -0.1
                0.0     -0.3      0.3      0.1     -0.8      0.6

  Table Total-        -6.01   Mean-      -0.04   Std. Dev.-       0.89
                              Min -      -3.26        Max -       3.22
        R35 monthly CPI index            PAGE  20, SERIES series

 E 6  Month-to-month percent change in seasonally adjusted series (D11)
  From  2015.Feb to 2026.Jul
  Observations        138
 -----------------------------------------------------------------------------
               Jan      Feb      Mar      Apr      May      Jun 
               Jul      Aug      Sep      Oct      Nov      Dec         AVGE  
 -----------------------------------------------------------------------------
  2015                  -0.4      0.1     -0.5     -0.1     -0.2
                0.1     -0.5     -0.0     -0.7     -0.6      2.0          -0.1
 
  2016         -0.4     -0.3     -1.1     -0.7     -0.7      0.0
               -1.0      0.5     -1.3     -1.5      0.3     -0.3          -0.5
 
  2017         -0.3     -0.8     -0.8     -0.4     -0.2     -0.4
               -0.2     -0.5     -1.0      0.3     -1.4     -0.7          -0.5
 
  2018         -1.0     -0.6     -0.1     -0.6     -1.0     -1.2
               -1.0     -0.4     -0.5     -0.8     -0.6     -0.7          -0.7
 
  2019         -0.7     -0.1     -1.0      0.1     -1.0     -1.3
               -0.5     -0.8     -0.8      0.4     -0.2     -0.5          -0.5
 
  2020         -0.5     -0.8     -0.0      0.1     -0.3      0.2
               -0.3     -1.0     -0.4     -0.3     -0.3     -0.3          -0.3
 
  2021          0.1     -0.6      0.3     -0.8      0.4      1.4
                0.5      1.0      2.5      1.0      1.0      0.8           0.6
 
  2022          0.5      1.0      0.5      0.2      1.0      0.3
                0.7      0.9      0.2     -0.1     -0.2      0.7           0.5
 
  2023          0.5      0.9      0.2      0.6      0.4      0.3
                0.1      0.7      0.3     -0.1     -0.8      1.2           0.4
 
  2024          0.3     -0.0      0.5      0.6     -0.0     -0.8
               -0.1     -0.5      2.6      0.4     -1.7      0.9           0.2
 
  2025          0.1      0.5     -0.1     -0.3      0.2      0.9
                0.7      0.2      0.8      1.0     -3.2      1.2           0.2
 
  2026         -0.3      2.7      0.8      1.1     -0.3      1.0
                0.3                                                        0.8
 
  AVGE         -0.2      0.1     -0.1     -0.0     -0.1      0.0
               -0.1     -0.0      0.2     -0.0     -0.7      0.4

  Table Total-        -5.71   Mean-      -0.04   Std. Dev.-       0.83
                              Min -      -3.21        Max -       2.72
        R35 monthly CPI index            PAGE  21, SERIES series

 E 7  Month-to-month percent change in final trend cycle (D12)
  From  2015.Feb to 2026.Jul
  Observations        138
 -----------------------------------------------------------------------------
               Jan      Feb      Mar      Apr      May      Jun 
               Jul      Aug      Sep      Oct      Nov      Dec         AVGE  
 -----------------------------------------------------------------------------
  2015                  -0.2     -0.2     -0.2     -0.1     -0.1
               -0.1     -0.2     -0.4     -0.5     -0.5      2.0          -0.0
 
  2016         -0.5     -0.6     -0.7     -0.7     -0.6     -0.5
               -0.5     -0.5     -0.6     -0.5     -0.4     -0.4          -0.6
 
  2017         -0.5     -0.6     -0.6     -0.5     -0.4     -0.3
               -0.4     -0.5     -0.6     -0.7     -0.8     -0.8          -0.6
 
  2018         -0.7     -0.6     -0.5     -0.7     -0.9     -1.0
               -0.9     -0.7     -0.6     -0.6     -0.7     -0.7          -0.7
 
  2019         -0.6     -0.5     -0.5     -0.6     -0.7     -0.8
               -0.8     -0.6     -0.4     -0.2     -0.3     -0.4          -0.5
 
  2020         -0.5     -0.5     -0.3     -0.0      0.0     -0.1
               -0.4     -0.5     -0.5     -0.4     -0.3     -0.2          -0.3
 
  2021         -0.2     -0.2     -0.2      0.0      0.3      0.6
                0.8      0.8      2.9      0.9      0.9      0.9           0.6
 
  2022          0.8      0.6      0.6      0.5      0.5      0.6
                0.6      0.5      0.3      0.2      0.2      0.3           0.5
 
  2023          0.5      0.6      0.5      0.4      0.4      0.3
                0.4      0.3      0.3      0.2      0.2      0.2           0.4
 
  2024          0.2      0.3      0.3      0.2     -0.0     -0.3
               -0.4     -0.2      2.5      0.2      0.2      0.2           0.3
 
  2025          0.0     -0.1     -0.2     -0.1      0.2      0.4
                0.6      0.7      0.6      0.6      0.5      0.4           0.3
 
  2026          0.4      0.4      0.5      0.4      0.4      0.3
                0.3                                                        0.4
 
  AVGE         -0.1     -0.1     -0.1     -0.1     -0.1     -0.1
               -0.1     -0.1      0.3     -0.1     -0.1      0.1

  Table Total-        -5.56   Mean-      -0.04   Std. Dev.-       0.61
                              Min -      -0.98        Max -       2.87
        R35 monthly CPI index            PAGE  22, SERIES series

 E 8  Month-to-month percent change in original series adjusted for calendar factors (A18)
  From  2015.Feb to 2026.Jul
  Observations        138
 -----------------------------------------------------------------------------
               Jan      Feb      Mar      Apr      May      Jun 
               Jul      Aug      Sep      Oct      Nov      Dec         AVGE  
 -----------------------------------------------------------------------------
  2015                  -0.2     -0.2     -0.5      0.1      0.1
                0.3     -0.8      0.3     -1.0     -0.8      2.1          -0.1
 
  2016         -0.5     -0.1     -1.4     -0.7     -0.5      0.2
               -0.8      0.2     -1.0     -1.8      0.1     -0.1          -0.5
 
  2017         -0.5     -0.5     -1.1     -0.3     -0.1     -0.3
               -0.1     -0.8     -0.8      0.1     -1.6     -0.6          -0.5
 
  2018         -1.3     -0.3     -0.3     -0.5     -0.9     -1.2
               -0.8     -0.7     -0.4     -0.8     -0.7     -0.6          -0.7
 
  2019         -1.0      0.3     -1.1      0.3     -1.0     -1.3
               -0.4     -1.2     -0.8      0.5     -0.3     -0.4          -0.5
 
  2020         -0.8     -0.4     -0.1      0.1     -0.3      0.1
               -0.1     -1.3     -0.4     -0.1     -0.3     -0.1          -0.3
 
  2021         -0.1     -0.1      0.1     -0.8      0.4      1.2
                0.5      0.7      2.4      1.2      1.0      1.0           0.6
 
  2022          0.4      1.5      0.2      0.1      0.9      0.1
                0.7      0.6      0.1      0.1     -0.2      1.0           0.5
 
  2023          0.5      1.4     -0.1      0.5      0.2      0.0
                0.1      0.5      0.4      0.2     -0.8      1.5           0.4
 
  2024          0.3      0.6      0.1      0.5     -0.3     -1.1
               -0.1     -0.7      2.7      0.8     -1.8      1.1           0.2
 
  2025          0.2      1.0     -0.4     -0.3     -0.2      0.6
                0.7      0.0      1.0      1.4     -3.3      1.5           0.2
 
  2026         -0.2      3.2      0.4      1.1     -0.8      0.6
                0.3                                                        0.7
 
  AVGE         -0.3      0.5     -0.3     -0.1     -0.2     -0.1
                0.0     -0.3      0.3      0.1     -0.8      0.6

  Table Total-        -6.01   Mean-      -0.04   Std. Dev.-       0.89
                              Min -      -3.26        Max -       3.22
        R35 monthly CPI index            PAGE  23, SERIES series

 E 18  Final adjustment ratios
  From  2015.Jan to 2026.Jul
  Observations        139
 -----------------------------------------------------------------------------
               Jan      Feb      Mar      Apr      May      Jun 
               Jul      Aug      Sep      Oct      Nov      Dec         AVGE  
 -----------------------------------------------------------------------------
  2015         99.9    100.1     99.7     99.7     99.9    100.2
              100.3    100.0    100.3    100.0     99.8    100.0         100.0
 
  2016         99.8    100.1     99.8     99.8    100.0    100.1
              100.3    100.0    100.3    100.0     99.8    100.0         100.0
 
  2017         99.8    100.1     99.8     99.9    100.0    100.1
              100.3     99.9    100.2    100.0     99.9    100.0         100.0
 
  2018         99.8    100.1     99.9    100.0    100.1    100.1
              100.2     99.9    100.0    100.0     99.9    100.0         100.0
 
  2019         99.8    100.1     99.9    100.1    100.1    100.1
              100.2     99.8     99.9    100.0     99.9    100.0         100.0
 
  2020         99.8    100.2    100.1    100.1    100.1    100.0
              100.2     99.8     99.8     99.9     99.9    100.1         100.0
 
  2021         99.8    100.3    100.2    100.1    100.1    100.0
              100.1     99.7     99.7     99.9     99.9    100.1         100.0
 
  2022        100.0    100.5    100.3    100.2    100.1     99.9
               99.9     99.7     99.6     99.9     99.8    100.1         100.0
 
  2023        100.0    100.6    100.4    100.2    100.0     99.8
               99.8     99.6     99.6     99.9     99.8    100.1         100.0
 
  2024        100.1    100.8    100.4    100.3    100.0     99.7
               99.6     99.5     99.6    100.0     99.9    100.1         100.0
 
  2025        100.2    100.8    100.4    100.4     99.9     99.6
               99.6     99.4     99.5    100.0    100.0    100.2         100.0
 
  2026        100.3    100.8    100.5    100.4     99.9     99.5
               99.5                                                      100.1
 
  AVGE         99.9    100.4    100.1    100.1    100.0     99.9
              100.0     99.8     99.9    100.0     99.9    100.1

  Table Total-     13899.99   Mean-     100.00   Std. Dev.-       0.25
                              Min -      99.37        Max -     100.80

 E 18.A  Final adjustment ratio forecasts
  From  2026.Aug to 2027.Jul
  Observations         12
 -----------------------------------------------------------------------------
               Jan      Feb      Mar      Apr      May      Jun 
               Jul      Aug      Sep      Oct      Nov      Dec         AVGE  
 -----------------------------------------------------------------------------
  2026                                                          
                        99.3     99.5    100.0    100.0    100.2          99.8
 
  2027        100.4    100.8    100.5    100.4     99.8     99.5
               99.5                                                      100.1
 

  QS statistic for seasonality:
  log(Original Series)                               17.30  (P-Value =     0.0002)
  log(Original Series (EV adj))                       5.81  (P-Value =     0.0548)
  Residuals                                           0.75  (P-Value =     0.6865)
  log(Seasonally Adjusted Series)                     4.43  (P-Value =     0.1093)
  log(SA Series (EV adj))                             0.00  (P-Value =     1.0000)
  Irregular Series                                    0.00  (P-Value =     1.0000)
  Irregular Series (EV adj)                           0.00  (P-Value =     1.0000)

  QS statistic for seasonality (starting 2018.Aug):
  log(Original Series)                               18.83  (P-Value =     0.0001)
  log(Original Series (EV adj))                      10.54  (P-Value =     0.0051)
  Residuals                                           1.17  (P-Value =     0.5561)
  log(Seasonally Adjusted Series)                     8.96  (P-Value =     0.0113)
  log(SA Series (EV adj))                             0.00  (P-Value =     1.0000)
  Irregular Series                                    0.59  (P-Value =     0.7444)
  Irregular Series (EV adj)                           0.00  (P-Value =     1.0000)
        R35 monthly CPI index            PAGE  24, SERIES series


  Visually significant residual trading day peaks have been
  found in the spectral plots of the following series starting in 2018.Aug:

          differenced, transformed seasonally adjusted series (Table D11) (1 Trading Day peak(s))

          Irregular component (Table D13) (1 Seasonal and 


 WARNING: Series should not be a candidate for seasonal adjustment
          because the spectrum of the prior adjusted series (Table B1)
          has no visually significant seasonal peaks.

          If this is a component series of an indirectly adjusted
          composite series, consider using type = trend or type = summary
          in the x11 spec.
        R35 monthly CPI index            PAGE  25, SERIES series
 G 0  10*LOG(SPECTRUM) of the differenced, transformed Prior Adjusted Series
      (Table B1).  Spectrum estimated from 2018.Aug to 2026.Jul.
 ++++++++++I+++++++++++++++++++++++++++++++++++++++++++++++++++++++++++++I
     -34.06I  *                                                          I    -34.06
           I  *                                                          I
           I  *                                                          I
           I  *                                                          I
     -35.63I **                                                          I    -35.63
           I **                                                          I
           I **                                                          I
           I **                                                          I
     -37.20I **                                                          I    -37.20
           I **                                                          I
           I **                                                          I
           I **                                                         SI
     -38.78I***                                                         SI    -38.78
           I***                                                         SI
           I***                                                *        SI
           I***        *                                       *        SI
     -40.35I***        *                                       *        SI    -40.35
           I***        *      *                        *       *        SI
           I**** *     *      *                        *       *        SI
           I**** **    *      *                        *      S*        SI
     -41.92I**** **    *      *                        *      S*        SI    -41.92
           I**** **    *      *                        *      S*        SI
           I**** **    *      *             *          *      S*T       SI
           I*******    *      *             *          *      S*T       SI
     -43.50I*******    *      *         *   *          *      S*T       SI    -43.50
           I*******    *      *         *   *          *      S*T       SI
           I*******    *      *         *   *         T*     *S*T      *SI
           I*******    **     **        *   *         T*     *S*T      *SI
     -45.07I*******   S**     **        *  **         T*     *S*T      *SI    -45.07
           I*******   S**    ***        ** ***        T*     *S*T      *SI
           I*******   S**    ***       *** ***        T*     *S*T      *SI
           I*******   S**    ***       *** ***        T**    *S*T      *SI
     -46.64I********  S**  *****       ***S***        T**   **S*T      *SI    -46.64
           I********  S** ******       ***S***       *T**   **S*T*     *SI
           I********  S*********       ***S***       *T**   **S*T*     *SI
           I********  S*********       ***S***      S*T**   **S*T*    **SI
     -48.22I********  S*********       ***S***      S*T**   **S*T*    **SI    -48.22
           I******** *S*********       ***S****    *S*T**   **S*T*******SI
           I**********S*********       ***S****    *S*T**   **S*T*******SI
           I**********S*********      ****S****   **S*T*** ***S*T*******SI
     -49.79I**********S*********      ****S***** ***S*T*** ***S*T*******SI    -49.79
           I**********S*********      ****S*********S*T*******S*T*******SI
           I**********S*********      ****S*********S*T*******S*T*******SI
           I**********S*********S     ****S*********S*T*******S*T*******SI
     -51.36I**********S*********S    *****S*********S*T*******S*T*******SI    -51.36
           I**********S*********S    *****S*********S*T*******S*T*******SI
           I**********S*********S    *****S*********S*T*******S*T*******SI
           I**********S*********S    *****S*********S*T*******S*T*******SI
     -52.93I**********S*********S   ******S*********S*T*******S*T*******SI    -52.93
           I**********S*********S   ******S*********S*T*******S*T*******SI
           I**********S*********S*  ******S*********S*T*******S*T*******SI
           I**********S*********S* *******S*********S*T*******S*T*******SI
     -54.51I**********S*********S*********S*********S*T*******S*T*******SI    -54.51
 ++++++++++I+++++++++++++++++++++++++++++++++++++++++++++++++++++++++++++I
            S=SEASONAL FREQUENCIES, T=TRADING DAY FREQUENCIES
        R35 monthly CPI index            PAGE  26, SERIES series
 G 1  10*LOG(SPECTRUM) of the differenced, transformed seasonally adjusted 
      data (Table D11).  Spectrum estimated from 2018.Aug to 2026.Jul.
 ++++++++++I+++++++++++++++++++++++++++++++++++++++++++++++++++++++++++++I
     -33.13I                                                             I    -33.13
           I  *                                                          I
           I  *                                                          I
           I  *                                                          I
     -34.68I  *                                                          I    -34.68
           I **                                                          I
           I **                                                          I
           I **                                                          I
     -36.22I **                                                          I    -36.22
           I **                                                          I
           I **                                                          I
           I **                                                          I
     -37.76I **                         *                                I    -37.76
           I***                         *             T                 SI
           I***                         *          *  T                 SI
           I***                         *          *  T                 SI
     -39.30I***   *                     *          *  T        *    **  SI    -39.30
           I***   *                     *          *  T        *    **  SI
           I***   *                     **         *  T       S*    **  SI
           I****  *       *             **         *  T       S*    ** *SI
     -40.84I****  *       *     S       **         *  T       S*    ** *SI    -40.84
           I****  *       *     S*      **         *S T*      S*    ** *SI
           I****  *      ***    S*      **         *S*T*      S*    ****SI
           I**** **      ***   *S*      **S*       *S*T*     *S*    ****SI
     -42.38I**** **      ***   *S*      **S*       *S*T*     *S*    ****SI    -42.38
           I*******      ***   *S*      **S*       *S*T*     *S*    ****SI
           I********     ***   *S**    ***S*       *S*T*     *S*    ****SI
           I********    ***** **S**    ***S*       *S*T*    **S*T   ****SI
     -43.92I********    ***** **S**    ***S*       *S*T*    **S*T   ****SI    -43.92
           I********    ********S**    ***S*      **S*T*    **S*T  *****SI
           I********    ********S**    ***S*      **S*T*    **S*T  *****SI
           I********    ********S**    ***S*      **S*T*    **S*T  *****SI
     -45.46I********    ********S***   ***S*      **S*T*    **S*T  *****SI    -45.46
           I********   *********S***   ***S**     **S*T*   ***S*T  *****SI
           I********   *********S***   ***S**     **S*T*   ***S*T  *****SI
           I*********  *********S***  ****S**     **S*T*   ***S*T* *****SI
     -47.00I*********  *********S***  ****S**     **S*T**  ***S*T*******SI    -47.00
           I*********  *********S**** ****S**     **S*T**  ***S*T*******SI
           I********* S*********S**** ****S**     **S*T** ****S*T*******SI
           I**********S*********S*********S**     **S*T** ****S*T*******SI
     -48.54I**********S*********S*********S**     **S*T*******S*T*******SI    -48.54
           I**********S*********S*********S**     **S*T*******S*T*******SI
           I**********S*********S*********S**     **S*T*******S*T*******SI
           I**********S*********S*********S**    ***S*T*******S*T*******SI
     -50.08I**********S*********S*********S***   ***S*T*******S*T*******SI    -50.08
           I**********S*********S*********S***   ***S*T*******S*T*******SI
           I**********S*********S*********S***   ***S*T*******S*T*******SI
           I**********S*********S*********S***   ***S*T*******S*T*******SI
     -51.62I**********S*********S*********S***   ***S*T*******S*T*******SI    -51.62
           I**********S*********S*********S***   ***S*T*******S*T*******SI
           I**********S*********S*********S**** ****S*T*******S*T*******SI
           I**********S*********S*********S**** ****S*T*******S*T*******SI
     -53.16I**********S*********S*********S*********S*T*******S*T*******SI    -53.16
 ++++++++++I+++++++++++++++++++++++++++++++++++++++++++++++++++++++++++++I
            S=SEASONAL FREQUENCIES, T=TRADING DAY FREQUENCIES
        R35 monthly CPI index            PAGE  27, SERIES series
 G 2  10*LOG(SPECTRUM) of the Irregular (Table D13).  
      Spectrum estimated from 2018.Aug to 2026.Jul.
 ++++++++++I+++++++++++++++++++++++++++++++++++++++++++++++++++++++++++++I
     -45.38I                                           *                 I    -45.38
           I                                *          *                 I
           I                            *   *          *                 I
           I                            *   *          *                 I
     -46.82I                            *   *          *        T        I    -46.82
           I                            *   *          *        T        I
           I                            *   *          *        T        I
           I                            *   *          *        T        I
     -48.26I            *     *         *   *          *        T        I    -48.26
           I            *     *         *   *          *        T        I
           I            *     *         *   *          *        T        I
           I            *     *         *   **         *        T        I
     -49.70I            *     *         *   **         *        T        I    -49.70
           I            *     **        *   **         *        T        I
           I            *     **        *   **         *        T        I
           I            *     **       **   **         *        T        I
     -51.14I            *     **       **   **        T*        T        I    -51.14
           I            *     **       **   **        T*        T        I
           I            *     **       **   **        T*        T        I
           I            *    ***       **   **        T*        T       SI
     -52.58I            *    ***       *** ***      S*T*        T       SI    -52.58
           I            *    ***       *** ***  *   S*T**       T       SI
           I            *    ***       *** ******   S*T**   *   T   *   SI
           I            *    ***       *** ******  *S*T**   *   T   *   SI
     -54.02I       *    **   ***       *** ******  *S*T**  **  *T*  *   SI    -54.02
           I       *   ***  ****     ***** ******* *S*T**  **  *T*  *   SI
           I       *   ***  ****     *****S*********S*T**  **  *T*  *   SI
           I       *   ***  ****     *****S*********S*T**  **  *T*  *  *SI
     -55.46I       **  ***  ****     *****S*********S*T**  **  *T*  ** *SI    -55.46
           I       **  ***  ****    ******S*********S*T**  **  *T* *** *SI
           I       **  *** *****    ******S*********S*T**  **  *T* *** *SI
           I       **  *** *****    ******S*********S*T**  *** *T* *** *SI
     -56.90I   *   **  *********S   ******S*********S*T*******S*T* *****SI    -56.90
           I   *   **  *********S   ******S*********S*T*******S*T*******SI
           I   *   **  *********S   ******S*********S*T*******S*T*******SI
           I   *  ***  *********S   ******S*********S*T*******S*T*******SI
     -58.34I   ** *** S*********S   ******S*********S*T*******S*T*******SI    -58.34
           I   ** ****S*********S   ******S*********S*T*******S*T*******SI
           I   ** ****S*********S  *******S*********S*T*******S*T*******SI
           I   *******S*********S  *******S*********S*T*******S*T*******SI
     -59.78I   *******S*********S  *******S*********S*T*******S*T*******SI    -59.78
           I  ********S*********S* *******S*********S*T*******S*T*******SI
           I  ********S*********S* *******S*********S*T*******S*T*******SI
           I  ********S*********S*********S*********S*T*******S*T*******SI
     -61.22I  ********S*********S*********S*********S*T*******S*T*******SI    -61.22
           I  ********S*********S*********S*********S*T*******S*T*******SI
           I  ********S*********S*********S*********S*T*******S*T*******SI
           I  ********S*********S*********S*********S*T*******S*T*******SI
     -62.66I  ********S*********S*********S*********S*T*******S*T*******SI    -62.66
           I  ********S*********S*********S*********S*T*******S*T*******SI
           I *********S*********S*********S*********S*T*******S*T*******SI
           I *********S*********S*********S*********S*T*******S*T*******SI
     -64.10I**********S*********S*********S*********S*T*******S*T*******SI    -64.10
 ++++++++++I+++++++++++++++++++++++++++++++++++++++++++++++++++++++++++++I
            S=SEASONAL FREQUENCIES, T=TRADING DAY FREQUENCIES
        R35 monthly CPI index            PAGE  28, SERIES series

  Peak probabilities for Tukey spectrum estimator
  Spectrum estimated from 2018.Aug to 2026.Jul.

                                          S1       S2       S3       S4       S5       S6       TD
                                        ------   ------   ------   ------   ------   ------   ------
  Model Residuals                        0.932*   0.038    0.585    0.099    0.375    0.897    0.335  
  Prior Adjusted Series (Table B1)       0.822    0.278    0.343    0.388    0.908*   0.917*   0.916* 
  Seasonally adjusted series (D11)       0.253    0.818    0.541    0.876    0.846    0.661    0.966* 
  Irregular (D13)                        0.197    0.287    0.016    0.555    0.123    0.552    0.954* 
  ----------
     ** - Peak Probability > 0.99,
      * - 0.90 < Peak Probability < 0.99



  NP statistic for residual seasonality:

  NP statistic for residual seasonality (Full series)
                                                  Residual Seasonality?
  log(Seasonally Adjusted Series)                          no
  log(Seasonally Adjusted Series (EV adj))                 no

  NP statistic for residual seasonality (Series start in 2018.Aug)
                                                  Residual Seasonality?
  log(Seasonally Adjusted Series)                          no
  log(Seasonally Adjusted Series (EV adj))                 no
