  Reading input spec file from series.spc

1

               U. S. Department of Commerce, U. S. Census Bureau

              X-13ARIMA-SEATS monthly seasonal adjustment Method,
                          Release Version 1.1 Build 62


           This software application provides an enhanced version of
             Statistics Canada's X-11-ARIMA extension (Dagum, 1980)
                 of the X-11 variant of the Census Method II of
                      Shiskin, Young and Musgrave (1967).

            It also provides an ARIMA model-based method following
       Hillmer and Tiao (1982) and Burman (1980) that is very similar
       to the update of the method of SEATS (Gomez and Maravall, 1996)
                produced at the Bank of Spain by G. Caporello and
               A. Maravall for TSW (Caporello and Maravall, 2004).
          The present application includes additional enhancements.

         X-13ARIMA-SEATS includes an automatic ARIMA model selection procedure
          based largely on the procedure of Gomez and Maravall (1998)
            as implemented in TRAMO (1996) and subsequent revisions.

              Primary Programmers: Brian Monsell, Mark Otto and,
                 for the ARIMA model-based signal extraction,
                      Gianluca Caporello and Victor Gomez


     Series Title- R35 monthly CPI index
     Series Name- series
     Sep 22, 2026  22.39.07 

        -Period covered-  1st month,2015 to  8th month,2026
        -Type of run - multiplicative seasonal adjustment

        -Sigma limits for graduating extreme values are  1.5 and  2.5 .
        -3x3 moving average used in section 1 of each iteration, 
         3x5 moving average in section 2 of iterations B and C,
         moving average for final seasonal factors chosen by Global MSR.
        -Spectral plots generated for selected series
        -Spectral plots generated for series starting in 2018.Sep

 FILE SAVE REQUESTS (* indicates file exists and will be overwritten)
  series.d10  final seasonal factors
  series.d11  final seasonally adjusted data
  series.d12  final trend cycle
  series.d13  final irregular component
  series.out  program output file
  series.err  program error file
  series.udg  seasonal adjustment and model diagnostics file
        R35 monthly CPI index            PAGE   1, SERIES series

     Contents of spc file series.spc

 Line #
 ------
      1: series { title="R35 monthly CPI index" start=2015.1 period=12 data=(
      2: 95 93.200000000000003 94.799999999999997 101.59999999999999 101.7 101.5
      3: 98.400000000000006 96.400000000000006 100.7 105.59999999999999 106 105
      4: 101 100.2 101.3 107.40000000000001 106.8 106.8
      5: 103.09999999999999 101.40000000000001 104.5 110.40000000000001 110.09999999999999 109.09999999999999
      6: 104.5 103 104.09999999999999 110.8 111.2 110.3
      7: 107.40000000000001 106 108.2 113.09999999999999 113 111.7
      8: 107.5 105.90000000000001 108.09999999999999 114.3 113.59999999999999 112.8
      9: 109.7 107.90000000000001 109.8 112.2 115.2 114.59999999999999
     10: 112.3 110.90000000000001 111.7 115.3 115.2 114.8
     11: 112.09999999999999 111.5 113 115.09999999999999 115.59999999999999 116.09999999999999
     12: 114.09999999999999 115.09999999999999 115.40000000000001 117.59999999999999 117.59999999999999 117.09999999999999
     13: 114 113.5 115.09999999999999 118.8 118.5 118.3
     14: 118.40000000000001 118.2 119.40000000000001 121.90000000000001 122.2 122.8
     15: 121.3 123 126.5 131.59999999999999 133.5 134.40000000000001
     16: 134.19999999999999 135.5 137.69999999999999 140.30000000000001 142.5 143.30000000000001
     17: 139.69999999999999 141 145.19999999999999 151.59999999999999 152.90000000000001 154
     18: 152.90000000000001 153.40000000000001 154.69999999999999 156.40000000000001 157.5 157.40000000000001
     19: 154.5 155 157.59999999999999 162.30000000000001 163 161.80000000000001
     20: 160.90000000000001 161.19999999999999 162.69999999999999 161.59999999999999 160.90000000000001 160.40000000000001
     21: 157.5 156.40000000000001 157.19999999999999 159.09999999999999 159.80000000000001 158.59999999999999
     22: 154.59999999999999 153.59999999999999 154.69999999999999 155.19999999999999 156.40000000000001 156.40000000000001
     23: 151.69999999999999 149.5 151.30000000000001 154.5 154.19999999999999 152.90000000000001
     24: 149.90000000000001 148.69999999999999 148.80000000000001 148.80000000000001 148.90000000000001 148.90000000000001
     25: 145.40000000000001 144.09999999999999
     26: ) }
     27: transform { function=log }
     28: automdl { }
     29: outlier { types=(ao ls tc) }
     30: x11 { mode=mult save=(d10 d11 d12 d13) appendfcst=no appendbcst=no savelog=all }
     31: spectrum { logqs=yes robustsa=no print=all savelog=all }
     32: check { }
        R35 monthly CPI index            PAGE   2, SERIES series

 A 1  Time series data (for the span analyzed)
  From  2015.Jan to 2026.Aug
  Observations        140
 -----------------------------------------------------------------------------
               Jan      Feb      Mar      Apr      May      Jun 
               Jul      Aug      Sep      Oct      Nov      Dec        TOTAL  
 -----------------------------------------------------------------------------
  2015          95.      93.      95.     102.     102.     102.
                98.      96.     101.     106.     106.     105.         1200.
 
  2016         101.     100.     101.     107.     107.     107.
               103.     101.     105.     110.     110.     109.         1262.
 
  2017         105.     103.     104.     111.     111.     110.
               107.     106.     108.     113.     113.     112.         1303.
 
  2018         108.     106.     108.     114.     114.     113.
               110.     108.     110.     112.     115.     115.         1332.
 
  2019         112.     111.     112.     115.     115.     115.
               112.     112.     113.     115.     116.     116.         1364.
 
  2020         114.     115.     115.     118.     118.     117.
               114.     114.     115.     119.     119.     118.         1395.
 
  2021         118.     118.     119.     122.     122.     123.
               121.     123.     127.     132.     134.     134.         1493.
 
  2022         134.     136.     138.     140.     143.     143.
               140.     141.     145.     152.     153.     154.         1718.
 
  2023         153.     153.     155.     156.     158.     157.
               155.     155.     158.     162.     163.     162.         1886.
 
  2024         161.     161.     163.     162.     161.     160.
               158.     156.     157.     159.     160.     159.         1916.
 
  2025         155.     154.     155.     155.     156.     156.
               152.     150.     151.     155.     154.     153.         1845.
 
  2026         150.     149.     149.     149.     149.     149.
               145.     144.                                             1184.
 
  AVGE         125.     125.     126.     129.     130.     129.
               126.     125.     126.     130.     131.     131.

  Table Total-     17898.00   Mean-     127.84   Std. Dev.-      21.70
                              Min -      93.20        Max -     163.00
        R35 monthly CPI index            PAGE   3, SERIES series
                        Automatic ARIMA Model Selection

                    Procedure based closely on TRAMO method 
                         of Gomez and Maravall (2000)
              "Automatic Modeling Methods for Univariate Series",
                            A Course in Time Series
                  (Edited by D. Pena, G. C. Tiao, R. S. Tsay),
                         New York : J. Wiley and Sons


     Maximum order for regular ARMA parameters :   2
     Maximum order for seasonal ARMA parameters :   1
     Maximum order for regular differencing :   2
     Maximum order for seasonal differencing :   1

   Results of Unit Root Test for identifying orders of differencing:
     Regular difference order :   1
     Seasonal difference order :   1

     Mean is not significant.

  Automatic model choice : (0 1 1)(0 1 0)


  Final Checks for Identified Model


  Checking for Unit Roots.
   No unit roots found.

  Checking for nonseasonal overdifferencing.
   Nonseasonal MA not within  0.001 of 1.0 - model passes test.

  Checking for insignificant ARMA coefficients.

  Final automatic model choice : (0 1 1)(0 1 0)
   End of automatic model selection procedure.

 Average absolute percentage error in within-sample forecasts:
  Last year:   0.87      Last-1 year:   3.87     Last-2 year:   5.11
  Last three years:    3.28

 Estimation converged in    8 ARMA iterations,   35 function evaluations.

 Regression Model
 ------------------------------------------------------------------------------
                             Parameter        Standard
 Variable                     Estimate           Error      t-value
 ------------------------------------------------------------------------------
 Automatically Identified Outliers
   LS2018.Nov                   0.0283         0.00587         4.82
 ------------------------------------------------------------------------------


 ARIMA Model:  (0 1 1)(0 1 0)
   Nonseasonal differences: 1
   Seasonal differences:    1
                                              Standard
 Parameter                    Estimate          Errors
 -----------------------------------------------------
 Nonseasonal MA                                    
   Lag  1                      -0.2535         0.08516

 Variance                       0.73532E-04
 SE of Var                      0.92276E-05
 -----------------------------------------------------

 Likelihood Statistics
 ------------------------------------------------------------------
 Number of observations (nobs)                                  140
 Effective number of observations (nefobs)                      127
 Number of parameters estimated (np)                              3
 Log likelihood                                            424.1415
 Transformation Adjustment                                -617.2535
 Adjusted Log likelihood (L)                              -193.1120
 AIC                                                       392.2240 
 AICC (F-corrected-AIC)                                    392.4192 
 Hannan Quinn                                              395.6907 
 BIC                                                       400.7566 
 ------------------------------------------------------------------


 DIAGNOSTIC CHECKING
  Sample Autocorrelations of the Residuals with the Ljung-Box diagnostic.

  Lag      1     2     3     4     5     6     7     8     9    10    11    12
  ACF  -0.00  0.03  0.02  0.08  0.13  0.25  0.04  0.07 -0.01  0.10  0.14 -0.14
  SE    0.09  0.09  0.09  0.09  0.09  0.09  0.10  0.10  0.10  0.10  0.10  0.10
  Q     0.00  0.08  0.13  1.01  3.21 11.88 12.15 12.82 12.85 14.18 16.76 19.66
  DF       0     1     2     3     4     5     6     7     8     9    10    11
  P    0.000 0.772 0.937 0.799 0.524 0.036 0.059 0.077 0.117 0.116 0.080 0.050

  Lag     13    14    15    16    17    18    19    20    21    22    23    24
  ACF   0.11  0.06 -0.05 -0.06  0.12 -0.11  0.01  0.04  0.03 -0.07 -0.02 -0.05
  SE    0.10  0.10  0.10  0.10  0.10  0.10  0.10  0.10  0.10  0.10  0.10  0.10
  Q    21.54 22.03 22.42 22.94 25.10 26.84 26.85 27.10 27.27 27.94 27.98 28.36
  DF      12    13    14    15    16    17    18    19    20    21    22    23
  P    0.043 0.055 0.070 0.085 0.068 0.060 0.082 0.102 0.128 0.142 0.176 0.203

  The P-values approximate the probability of observing a Q-value at least
  this large when the model fitted is correct.  When DF is positive, small
  values of P, customarily those below 0.05, indicate model inadequacy.

  Sample Autocorrelations of the Residuals
                 -1.0 -0.8 -0.6 -0.4 -0.2  0.0  0.2  0.4  0.6  0.8  1.0
                   +----+----+----+----+----+----+----+----+----+----+
            1                           .   |   .                     -0.001
            2                           .   |X  .                      0.025
            3                           .   |   .                      0.019
            4                           .   |XX .                      0.081
            5                           .   |XXX.                      0.128
            6                          .    |XXXXXX                    0.253
            7                          .    |X   .                     0.044
            8                          .    |XX  .                     0.070
            9                          .    |    .                    -0.015
           10                          .    |XX  .                     0.098
           11                          .    |XXX .                     0.135
           12       - - - - - - - - -  .XXXX|    .  - - - - - - - -   -0.143
           13                          .    |XXX .                     0.114
           14                          .    |X   .                     0.058
           15                          .   X|    .                    -0.052
           16                          .   X|    .                    -0.059
           17                          .    |XXX .                     0.121
           18                          . XXX|    .                    -0.108
           19                          .    |    .                     0.007
           20                          .    |X   .                     0.041
           21                          .    |X   .                     0.033
           22                          .  XX|    .                    -0.065
           23                          .    |    .                    -0.017
           24       - - - - - - - - -  .   X|    .  - - - - - - - -   -0.049
  
  Sample Autocorrelations of the Squared Residuals with the Ljung-Box diagnostic.

  Lag      1     2     3     4     5     6     7     8     9    10    11    12
  ACF  -0.02 -0.09  0.13 -0.09 -0.09  0.17 -0.07 -0.05  0.06  0.13  0.04 -0.03
  SE    0.09  0.09  0.09  0.09  0.09  0.09  0.09  0.10  0.10  0.10  0.10  0.10
  Q     0.05  1.07  3.40  4.43  5.41  9.52 10.25 10.56 11.10 13.45 13.63 13.74
  DF       0     1     2     3     4     5     6     7     8     9    10    11
  P    0.000 0.300 0.183 0.219 0.247 0.090 0.115 0.159 0.196 0.143 0.191 0.248

  Lag     13    14    15    16    17    18    19    20    21    22    23    24
  ACF   0.07 -0.24 -0.10  0.09 -0.04  0.03 -0.06 -0.19  0.10 -0.03 -0.02 -0.00
  SE    0.10  0.10  0.10  0.10  0.10  0.10  0.10  0.10  0.11  0.11  0.11  0.11
  Q    14.53 22.69 24.14 25.26 25.52 25.70 26.24 31.58 33.26 33.37 33.44 33.44
  DF      12    13    14    15    16    17    18    19    20    21    22    23
  P    0.268 0.045 0.044 0.047 0.061 0.080 0.094 0.035 0.032 0.042 0.056 0.074

  The P-values approximate the probability of observing a Q-value at least
  this large when the model fitted is correct in a way that supports the
  standard interpretations of the test statistics, standard errors, and
  prediction intervals output by X-13ARIMA-SEATS. When DF is positive, small
  values of P, customarily those below 0.05, suggest that model-based
  inferences about statistical significance and uncertainty will be less
  dependable than usual.

  Sample Autocorrelations of the Squared Residuals
                 -1.0 -0.8 -0.6 -0.4 -0.2  0.0  0.2  0.4  0.6  0.8  1.0
                   +----+----+----+----+----+----+----+----+----+----+
            1                           .   |   .                     -0.019
            2                           . XX|   .                     -0.088
            3                           .   |XXX.                      0.133
            4                          .  XX|    .                    -0.088
            5                          .  XX|    .                    -0.086
            6                          .    |XXXX.                     0.174
            7                          .  XX|    .                    -0.073
            8                          .   X|    .                    -0.047
            9                          .    |XX  .                     0.062
           10                          .    |XXX .                     0.130
           11                          .    |X   .                     0.035
           12       - - - - - - - - -  .   X|    .  - - - - - - - -   -0.028
           13                          .    |XX  .                     0.074
           14                         XXXXXX|    .                    -0.237
           15                          .  XX|    .                    -0.099
           16                          .    |XX  .                     0.087
           17                          .   X|    .                    -0.042
           18                          .    |X   .                     0.035
           19                          .   X|    .                    -0.060
           20                          XXXXX|    .                    -0.187
           21                          .    |XXX .                     0.104
           22                          .   X|    .                    -0.026
           23                          .   X|    .                    -0.022
           24       - - - - - - - - -  .    |    .  - - - - - - - -   -0.002
  
 Histogram of the Standardized and Mean-Centered Residuals
  Standard
  Deviations    Frequency
       -3 +
          |##
       -2 +##
          |#######
       -1 +################
          |####################
        0 +########################
          |#######################
        1 +##############
          |#############
        2 +####
          |##
        3 +

  One '#'= 1 observation[s]

 Tabular Histogram of the Standardized and Mean-Centered Residuals

  Standard
  Deviations    Frequency

 -3.00                 0

 -2.50                 2

 -2.00                 2

 -1.50                 7

 -1.00                16

 -0.50                20

  0.00                24

  0.50                23

  1.00                14

  1.50                13

  2.00                 4

  2.50                 2

  3.00                 0

 Summary Statistics for the Unstandardized Residuals
  Minimum                    -0.022
  Maximum                     0.021
  Median                     -0.001
  Robust Std Dev              0.009

 Normality Statistics for regARIMA Model Residuals:

    Number of residuals  :    127

    Skewness coefficient :    0.0062    
    Geary's a            :    0.8064    
    Kurtosis             :    2.7761    

  No indication of lack of normality.

 Durbin-Watson Statistic for regARIMA Model Residuals:
  dw =     1.975487

 Friedman Non-Parametric Test for regARIMA Model Residuals:
  ken =     6.353846 ( Asymptotically distributed as Chi-Square(11), P-Value =     0.848743 )

 QS Statistic for regARIMA Model Residuals (full series):             0.00
                                                       (P-Value =     1.0000)

 QS Statistic for regARIMA Model Residuals (starting 2018.Sep):       0.00
                                                       (P-Value =     1.0000)
      10*LOG(SPECTRUM) of the regARIMA model residuals
      Spectrum estimated from 2018.Sep to 2026.Aug.
 ++++++++++I+++++++++++++++++++++++++++++++++++++++++++++++++++++++++++++I
     -33.75I  *                                                          I    -33.75
           I  *                                                          I
           I  *                                                          I
           I  *                                                          I
     -34.88I  *                                                          I    -34.88
           I  *                                                     *    I
           I  *                                                     *    I
           I  *                                                     *    I
     -36.00I  *                                                     *    I    -36.00
           I  *                                                     *    I
           I  *                                                     *    I
           I  *                                 *                   *    I
     -37.13I **                                 *                   *    I    -37.13
           I **                                 *                   *    I
           I **                    **           *                   *    I
           I **                    **           *       *           *    I
     -38.25I **                    **          **       *           *    I    -38.25
           I **                    **          **      **           *    I
           I **                *   **          **      **           *    I
           I **              * *   **          **      **           *    I
     -39.37I **              * *   **          **      **           *    I    -39.37
           I***             ****S  **          **      **           *    I
           I***             ****S  **          **      **           *    I
           I***             ****S  **  *       **      **           *    I
     -40.50I****            ****S  **  *       **      ****         *    I    -40.50
           I****            ****S **** *       **      ****         *    I
           I****            ****S **** *       **      *****        *    I
           I****  *         ****S********      **      *****        *    I
     -41.62I**** **         ****S********      **      *****        **   I    -41.62
           I**** **         ****S********      **      *****        **   I
           I**** **         ****S********      ***     *****        **   I
           I**** **         ****S********      ***    T*****       ***   I
     -42.75I*******         ****S********      ***    T*****       ***   I    -42.75
           I*******         ****S********      ***    T*****       ***   I
           I*******         ****S********      ***    T*****       ***   I
           I*******    *    ****S********     ****    T*****       ***   I
     -43.87I*******    *    ****S********     ****   *T*****       ***   I    -43.87
           I*******    *   *****S*********    ***** S*T*****       ***   I
           I*******    *   *****S*********    ******S*T*****       ***  SI
           I*******    *   *****S*********    ******S*T******   T  ***  SI
     -44.99I*******    *   *****S*********    ******S*T******   T  *****SI    -44.99
           I*******    *   *****S*********    ******S*T******   T  *****SI
           I********   **  *****S*********    ******S*T******  *T  *****SI
           I********   **  *****S*********S   ******S*T******  *T  *****SI
     -46.12I********   **  *****S*********S  *******S*T******  *T*******SI    -46.12
           I********  S**  *****S*********S  *******S*T******  *T*******SI
           I********  S**  *****S*********S*********S*T******  *T*******SI
           I********  S** ******S*********S*********S*T*******S*T*******SI
     -47.24I********  S** ******S*********S*********S*T*******S*T*******SI    -47.24
           I********  S*********S*********S*********S*T*******S*T*******SI
           I********  S*********S*********S*********S*T*******S*T*******SI
           I********  S*********S*********S*********S*T*******S*T*******SI
     -48.36I**********S*********S*********S*********S*T*******S*T*******SI    -48.36
 ++++++++++I+++++++++++++++++++++++++++++++++++++++++++++++++++++++++++++I
            S=SEASONAL FREQUENCIES, T=TRADING DAY FREQUENCIES


 FORECASTING
  Origin  2026.Aug
  Number        12

  Forecasts and Standard Errors of the Transformed Data
   ------------------------------
                         Standard
       Date   Forecast      Error
   ------------------------------
   2026.Sep       4.98      0.009
   2026.Oct       5.00      0.014
   2026.Nov       5.00      0.017
   2026.Dec       4.99      0.020
   2027.Jan       4.97      0.023
   2027.Feb       4.97      0.026
   2027.Mar       4.97      0.028
   2027.Apr       4.97      0.030
   2027.May       4.97      0.032
   2027.Jun       4.97      0.033
   2027.Jul       4.94      0.035
   2027.Aug       4.93      0.037
   ------------------------------

  Confidence intervals with coverage probability ( 0.95000
  On the Original Scale
   ---------------------------------------
       Date      Lower  Forecast     Upper
   ---------------------------------------
   2026.Sep     143.55    145.98    148.46
   2026.Oct     145.11    149.07    153.14
   2026.Nov     143.78    148.78    153.96
   2026.Dec     141.72    147.53    153.58
   2027.Jan     138.22    144.63    151.35
   2027.Feb     136.48    143.48    150.83
   2027.Mar     135.99    143.57    151.58
   2027.Apr     135.45    143.57    152.18
   2027.May     135.04    143.67    152.84
   2027.Jun     134.57    143.67    153.38
   2027.Jul     130.98    140.29    150.27
   2027.Aug     129.40    139.04    149.40
   ---------------------------------------
        R35 monthly CPI index            PAGE   4, SERIES series
  
 A 8  RegARIMA combined outlier component
      (LS outliers included)
  From  2015.Jan to 2026.Aug
  Observations        140
 -----------------------------------------------------------------------------
               Jan      Feb      Mar      Apr      May      Jun 
               Jul      Aug      Sep      Oct      Nov      Dec         AVGE  
 -----------------------------------------------------------------------------
  2015         97.2     97.2     97.2     97.2     97.2     97.2
               97.2     97.2     97.2     97.2     97.2     97.2          97.2
 
  2016         97.2     97.2     97.2     97.2     97.2     97.2
               97.2     97.2     97.2     97.2     97.2     97.2          97.2
 
  2017         97.2     97.2     97.2     97.2     97.2     97.2
               97.2     97.2     97.2     97.2     97.2     97.2          97.2
 
  2018         97.2     97.2     97.2     97.2     97.2     97.2
               97.2     97.2     97.2     97.2    100.0    100.0          97.7
 
  2019        100.0    100.0    100.0    100.0    100.0    100.0
              100.0    100.0    100.0    100.0    100.0    100.0         100.0
 
  2020        100.0    100.0    100.0    100.0    100.0    100.0
              100.0    100.0    100.0    100.0    100.0    100.0         100.0
 
  2021        100.0    100.0    100.0    100.0    100.0    100.0
              100.0    100.0    100.0    100.0    100.0    100.0         100.0
 
  2022        100.0    100.0    100.0    100.0    100.0    100.0
              100.0    100.0    100.0    100.0    100.0    100.0         100.0
 
  2023        100.0    100.0    100.0    100.0    100.0    100.0
              100.0    100.0    100.0    100.0    100.0    100.0         100.0
 
  2024        100.0    100.0    100.0    100.0    100.0    100.0
              100.0    100.0    100.0    100.0    100.0    100.0         100.0
 
  2025        100.0    100.0    100.0    100.0    100.0    100.0
              100.0    100.0    100.0    100.0    100.0    100.0         100.0
 
  2026        100.0    100.0    100.0    100.0    100.0    100.0
              100.0    100.0                                             100.0
 
  AVGE         99.1     99.1     99.1     99.1     99.1     99.1
               99.1     99.1     99.0     99.0     99.2     99.2

  Table Total-     13871.64   Mean-      99.08   Std. Dev.-       1.60
                              Min -      97.21        Max -     100.00

 A 8.A  RegARIMA outlier component
  From  2026.Sep to 2027.Aug
  Observations         12
 -----------------------------------------------------------------------------
               Jan      Feb      Mar      Apr      May      Jun 
               Jul      Aug      Sep      Oct      Nov      Dec         AVGE  
 -----------------------------------------------------------------------------
  2026                                                          
                                100.0    100.0    100.0    100.0         100.0
 
  2027        100.0    100.0    100.0    100.0    100.0    100.0
              100.0    100.0                                             100.0
 
        R35 monthly CPI index            PAGE   5, SERIES series
  
 B 1  Original series (prior adjusted)
      (adjusted for regARIMA factors)
  From  2015.Jan to 2026.Aug
  Observations        140
 -----------------------------------------------------------------------------
               Jan      Feb      Mar      Apr      May      Jun 
               Jul      Aug      Sep      Oct      Nov      Dec        TOTAL  
 -----------------------------------------------------------------------------
  2015          98.      96.      98.     105.     105.     104.
               101.      99.     104.     109.     109.     108.         1234.
 
  2016         104.     103.     104.     110.     110.     110.
               106.     104.     107.     114.     113.     112.         1298.
 
  2017         107.     106.     107.     114.     114.     113.
               110.     109.     111.     116.     116.     115.         1341.
 
  2018         111.     109.     111.     118.     117.     116.
               113.     111.     113.     115.     115.     115.         1363.
 
  2019         112.     111.     112.     115.     115.     115.
               112.     112.     113.     115.     116.     116.         1364.
 
  2020         114.     115.     115.     118.     118.     117.
               114.     114.     115.     119.     119.     118.         1395.
 
  2021         118.     118.     119.     122.     122.     123.
               121.     123.     127.     132.     134.     134.         1493.
 
  2022         134.     136.     138.     140.     143.     143.
               140.     141.     145.     152.     153.     154.         1718.
 
  2023         153.     153.     155.     156.     158.     157.
               155.     155.     158.     162.     163.     162.         1887.
 
  2024         161.     161.     163.     162.     161.     160.
               158.     156.     157.     159.     160.     159.         1916.
 
  2025         155.     154.     155.     155.     156.     156.
               152.     150.     151.     155.     154.     153.         1845.
 
  2026         150.     149.     149.     149.     149.     149.
               145.     144.                                             1183.
 
  AVGE         126.     126.     127.     130.     131.     130.
               127.     126.     127.     132.     132.     131.

  Table Total-     18037.71   Mean-     128.84   Std. Dev.-      20.72
                              Min -      95.88        Max -     163.00

 B 1.A  Forecasts of (prior adjusted) original series
  From  2026.Sep to 2027.Aug
  Observations         12
 -----------------------------------------------------------------------------
               Jan      Feb      Mar      Apr      May      Jun 
               Jul      Aug      Sep      Oct      Nov      Dec        TOTAL  
 -----------------------------------------------------------------------------
  2026                                                          
                                 146.     149.     149.     148.          591.
 
  2027         145.     143.     144.     144.     144.     144.
               140.     139.                                             1142.
 
        R35 monthly CPI index            PAGE   6, SERIES series

 C 17  Final weights for irregular component
  From  2015.Jan to 2026.Aug
  Observations        140
  Lower sigma limit    1.50
  Upper sigma limit    2.50
 -----------------------------------------------------------------------------
               Jan      Feb      Mar      Apr      May      Jun 
               Jul      Aug      Sep      Oct      Nov      Dec         S.D.  
 -----------------------------------------------------------------------------
  2015        100.0     95.4    100.0    100.0    100.0    100.0
              100.0      0.0    100.0     83.2     76.3    100.0           0.3
 
  2016        100.0    100.0    100.0    100.0    100.0    100.0
              100.0     73.9    100.0      0.0     80.2    100.0           0.3
 
  2017        100.0     86.1     67.2    100.0    100.0    100.0
              100.0    100.0    100.0    100.0    100.0    100.0           0.3
 
  2018         71.7      0.0    100.0     57.6    100.0    100.0
              100.0    100.0    100.0    100.0    100.0    100.0           0.3
 
  2019        100.0    100.0    100.0    100.0    100.0    100.0
              100.0    100.0    100.0      0.0     69.7    100.0           0.3
 
  2020        100.0      0.0     99.9    100.0    100.0    100.0
              100.0    100.0    100.0    100.0    100.0    100.0           0.3
 
  2021          0.0     90.2    100.0    100.0    100.0     98.1
              100.0    100.0    100.0    100.0    100.0    100.0           0.3
 
  2022        100.0    100.0    100.0    100.0    100.0    100.0
                0.0     70.0    100.0    100.0    100.0    100.0           0.3
 
  2023        100.0    100.0    100.0    100.0    100.0    100.0
              100.0    100.0    100.0    100.0    100.0     82.6           0.2
 
  2024        100.0     99.5      0.0    100.0      6.3     80.2
               93.1      0.0    100.0      0.0    100.0    100.0           0.2
 
  2025        100.0    100.0    100.0    100.0    100.0     38.1
              100.0    100.0    100.0    100.0    100.0    100.0           0.2
 
  2026        100.0    100.0    100.0    100.0    100.0    100.0
              100.0    100.0                                               0.2
 
        R35 monthly CPI index            PAGE   7, SERIES series

 D 8  Final unmodified SI ratios
  From  2015.Jan to 2026.Aug
  Observations        140
 -----------------------------------------------------------------------------
               Jan      Feb      Mar      Apr      May      Jun 
               Jul      Aug      Sep      Oct      Nov      Dec         AVGE  
 -----------------------------------------------------------------------------
  2015         98.2     95.9     96.9    103.1    102.5    101.6
               97.9     95.3     99.0    103.3    103.3    101.9          99.9
 
  2016         97.6     96.5     97.2    102.8    102.1    102.0
               98.3     96.4     99.0    104.0    103.2    102.1         100.1
 
  2017         97.7     96.2     97.0    102.8    102.7    101.5
               98.6     97.0     98.6    102.8    102.6    101.4          99.9
 
  2018         97.6     96.0     97.7    103.0    102.2    101.5
               98.8     97.3     99.2    101.6    101.6    101.1          99.8
 
  2019         99.0     97.8     98.6    101.9    101.8    101.2
               98.5     97.7     98.9    100.6    100.9    101.1          99.8
 
  2020         99.0     99.6     99.7    101.5    101.4    100.9
               98.1     97.5     98.8    101.8    101.3    100.8         100.0
 
  2021        100.4     99.5     99.9    101.3    100.8    100.3
               97.7     97.6     98.9    101.5    101.7    101.2         100.1
 
  2022         99.8     99.6    100.0    100.6    100.9    100.4
               96.9     96.9     98.8    101.9    101.7    101.4          99.9
 
  2023         99.9     99.6     99.9    100.6    100.8    100.2
               97.8     97.7     99.0    101.7    101.9    100.8         100.0
 
  2024         99.9     99.8    100.7    100.3    100.2    100.1
               98.6     98.2     99.1    100.7    101.7    101.5         100.1
 
  2025         99.4     99.1     99.9    100.1    100.9    101.1
               98.5     97.6     99.2    101.7    101.7    101.2         100.0
 
  2026         99.5     99.1     99.7    100.1    100.6    100.8
               98.6     97.8                                              99.5
 
  AVGE         99.0     98.2     98.9    101.5    101.4    101.0
               98.2     97.3     98.9    102.0    102.0    101.3

  Table Total-     13991.75   Mean-      99.94   Std. Dev.-       1.86
                              Min -      95.31        Max -     103.99
        R35 monthly CPI index            PAGE   8, SERIES series

 D 8.B  Final unmodified SI ratios, with labels for outliers and extreme values
  From  2015.Jan to 2026.Aug
  Observations        140
 ---------------------------------------------------------------------
               Jan       Feb       Mar       Apr       May       Jun  
               Jul       Aug       Sep       Oct       Nov       Dec  
 ---------------------------------------------------------------------
  2015        98.2      95.9*     96.9     103.1     102.5     101.6  
              97.9      95.3*     99.0     103.3*    103.3*    101.9  
 
  2016        97.6      96.5      97.2     102.8     102.1     102.0  
              98.3      96.4*     99.0     104.0*    103.2*    102.1  
 
  2017        97.7      96.2*     97.0*    102.8     102.7     101.5  
              98.6      97.0      98.6     102.8     102.6     101.4  
 
  2018        97.6*     96.0*     97.7     103.0*    102.2     101.5  
              98.8      97.3      99.2 -   101.6 -   101.6#    101.1 -
 
  2019        99.0 -    97.8      98.6     101.9     101.8     101.2  
              98.5      97.7      98.9     100.6*    100.9*    101.1  
 
  2020        99.0      99.6*     99.7*    101.5     101.4     100.9  
              98.1      97.5      98.8     101.8     101.3     100.8  
 
  2021       100.4*     99.5*     99.9     101.3     100.8     100.3* 
              97.7      97.6      98.9     101.5     101.7     101.2  
 
  2022        99.8      99.6     100.0     100.6     100.9     100.4  
              96.9*     96.9*     98.8     101.9     101.7     101.4  
 
  2023        99.9      99.6      99.9     100.6     100.8     100.2  
              97.8      97.7      99.0     101.7     101.9     100.8* 
 
  2024        99.9      99.8*    100.7*    100.3     100.2*    100.1* 
              98.6*     98.2*     99.1     100.7*    101.7     101.5  
 
  2025        99.4      99.1      99.9     100.1     100.9     101.1* 
              98.5      97.6      99.2     101.7     101.7     101.2  
 
  2026        99.5      99.1      99.7     100.1     100.6     100.8  
              98.6      97.8                                          
 

  Key to symbols:
    *  : extreme value as determined by X-11 extreme value procedure
    #  : regARIMA outlier (either AO, LS, TC, or Ramp)
    -  : values around a level shift most likely to be influenced by it
 
        R35 monthly CPI index            PAGE   9, SERIES series

 D 9  Final replacement values for SI ratios
  From  2015.Jan to 2026.Aug
  Observations        140
 ---------------------------------------------------------------
               Jan      Feb      Mar      Apr      May      Jun 
               Jul      Aug      Sep      Oct      Nov      Dec 
 ---------------------------------------------------------------
  2015     ********     95.9 ******** ******** ******** ********
           ********     96.8 ********    103.2    103.1 ********
 
  2016     ******** ******** ******** ******** ******** ********
           ********     96.6 ********    102.7    103.1 ********
 
  2017     ********     96.3     97.2 ******** ******** ********
           ******** ******** ******** ******** ******** ********
 
  2018         97.8     97.2 ********    102.7 ******** ********
           ******** ******** ******** ******** ******** ********
 
  2019     ******** ******** ******** ******** ******** ********
           ******** ******** ********    101.7    101.1 ********
 
  2020     ********     98.6     99.7 ******** ******** ********
           ******** ******** ******** ******** ******** ********
 
  2021         99.5     99.5 ******** ******** ********    100.3
           ******** ******** ******** ******** ******** ********
 
  2022     ******** ******** ******** ******** ******** ********
               97.9     97.1 ******** ******** ******** ********
 
  2023     ******** ******** ******** ******** ******** ********
           ******** ******** ******** ******** ********    100.9
 
  2024     ********     99.8     99.9 ********    100.7    100.2
               98.5     97.6 ********    101.6 ******** ********
 
  2025     ******** ******** ******** ******** ********    100.8
           ******** ******** ******** ******** ******** ********
 
  2026     ******** ******** ******** ******** ******** ********
           ******** ********                                    
 

 D 9.A  Moving seasonality ratio
 ---------------------------------------------------------------
               Jan      Feb      Mar      Apr      May      Jun 
 ---------------------------------------------------------------
   I          0.307    0.309    0.239    0.171    0.242    0.242
   S          0.191    0.326    0.280    0.262    0.166    0.127
 RATIO        1.606    0.948    0.852    0.653    1.464    1.902



 ---------------------------------------------------------------
               Jul      Aug      Sep      Oct      Nov      Dec 
 ---------------------------------------------------------------
   I          0.278    0.300    0.198    0.261    0.295    0.320
   S          0.053    0.083    0.024    0.117    0.149    0.073
 RATIO        5.246    3.626    8.177    2.235    1.978    4.402



        R35 monthly CPI index            PAGE  10, SERIES series

 D 10  Final seasonal factors
  From  2015.Jan to 2026.Aug
  Observations        140
  Seasonal filter    3 x 3 moving average
 -----------------------------------------------------------------------------
               Jan      Feb      Mar      Apr      May      Jun 
               Jul      Aug      Sep      Oct      Nov      Dec         AVGE  
 -----------------------------------------------------------------------------
  2015        97.88    96.21    97.10   102.96   102.39   101.76
              98.21    96.75    98.90   102.93   103.02   101.88        100.00
 
  2016        97.81    96.34    97.16   102.87   102.38   101.74
              98.36    96.83    98.89   102.73   102.80   101.74         99.97
 
  2017        97.90    96.63    97.40   102.70   102.34   101.63
              98.53    97.05    98.88   102.40   102.35   101.49         99.94
 
  2018        98.15    97.18    97.92   102.41   102.14   101.48
              98.60    97.28    98.90   101.98   101.81   101.23         99.92
 
  2019        98.65    97.86    98.62   102.03   101.82   101.19
              98.45    97.50    98.86   101.73   101.46   101.07         99.94
 
  2020        99.08    98.60    99.32   101.60   101.43   100.88
              98.20    97.51    98.83   101.65   101.41   101.05         99.96
 
  2021        99.46    99.18    99.75   101.21   101.10   100.55
              97.96    97.49    98.82   101.68   101.56   101.10         99.99
 
  2022        99.69    99.51    99.93   100.83   100.91   100.36
              97.94    97.43    98.86   101.73   101.69   101.18        100.01
 
  2023        99.78    99.58    99.93   100.54   100.80   100.32
              98.06    97.50    98.96   101.71   101.77   101.20        100.01
 
  2024        99.73    99.49    99.88   100.32   100.75   100.42
              98.29    97.57    99.07   101.69   101.77   101.25        100.02
 
  2025        99.60    99.30    99.80   100.20   100.71   100.61
              98.45    97.66    99.16   101.65   101.76   101.24        100.01
 
  2026        99.53    99.18    99.74   100.14   100.66   100.74
              98.54    97.72                                             99.53
 
  AVGE        98.94    98.26    98.88   101.48   101.45   100.97
              98.30    97.36    98.92   101.99   101.94   101.31

  Table Total-     13993.48   Mean-      99.95   Std. Dev.-       1.76
                              Min -      96.21        Max -     103.02

 D 10.A  Final seasonal component forecasts
  From  2026.Sep to 2027.Aug
  Observations         12
 -----------------------------------------------------------------------------
               Jan      Feb      Mar      Apr      May      Jun 
               Jul      Aug      Sep      Oct      Nov      Dec         AVGE  
 -----------------------------------------------------------------------------
  2026                                                          
                                99.20   101.64   101.74   101.24        100.96
 
  2027        99.50    99.12    99.70   100.13   100.63   100.81
              98.56    97.76                                             99.53
 
        R35 monthly CPI index            PAGE  11, SERIES series

 D 11  Final seasonally adjusted data
  From  2015.Jan to 2026.Aug
  Observations        140
 -----------------------------------------------------------------------------
               Jan      Feb      Mar      Apr      May      Jun 
               Jul      Aug      Sep      Oct      Nov      Dec        TOTAL  
 -----------------------------------------------------------------------------
  2015          97.      97.      98.      99.      99.     100.
               100.     100.     102.     103.     103.     103.         1200.
 
  2016         103.     104.     104.     104.     104.     105.
               105.     105.     106.     107.     107.     107.         1262.
 
  2017         107.     107.     107.     108.     109.     109.
               109.     109.     109.     110.     110.     110.         1304.
 
  2018         110.     109.     110.     112.     111.     111.
               111.     111.     111.     110.     113.     113.         1332.
 
  2019         114.     113.     113.     113.     113.     113.
               114.     114.     114.     113.     114.     115.         1365.
 
  2020         115.     117.     116.     116.     116.     116.
               116.     116.     116.     117.     117.     117.         1396.
 
  2021         119.     119.     120.     120.     121.     122.
               124.     126.     128.     129.     131.     133.         1493.
 
  2022         135.     136.     138.     139.     141.     143.
               143.     145.     147.     149.     150.     152.         1718.
 
  2023         153.     154.     155.     156.     156.     157.
               158.     159.     159.     160.     160.     160.         1886.
 
  2024         161.     162.     163.     161.     160.     160.
               160.     160.     159.     156.     157.     157.         1916.
 
  2025         155.     155.     155.     155.     155.     155.
               154.     153.     153.     152.     152.     151.         1845.
 
  2026         151.     150.     149.     149.     148.     148.
               148.     147.                                             1189.
 
  AVGE         127.     127.     127.     128.     128.     128.
               128.     129.     128.     128.     129.     129.

  Table Total-     17905.13   Mean-     127.89   Std. Dev.-      21.57
                              Min -      96.87        Max -     162.90
        R35 monthly CPI index            PAGE  12, SERIES series

 D 12  Final trend cycle
  From  2015.Jan to 2026.Aug
  Observations        140
  Trend filter     9-term Henderson moving average
  I/C ratio        0.51
 -----------------------------------------------------------------------------
               Jan      Feb      Mar      Apr      May      Jun 
               Jul      Aug      Sep      Oct      Nov      Dec        TOTAL  
 -----------------------------------------------------------------------------
  2015          97.      97.      98.      98.      99.     100.
               100.     101.     102.     102.     103.     103.         1201.
 
  2016         103.     104.     104.     104.     105.     105.
               105.     105.     106.     106.     107.     107.         1261.
 
  2017         107.     107.     107.     108.     108.     109.
               109.     109.     110.     110.     110.     110.         1304.
 
  2018         110.     110.     111.     111.     111.     111.
               111.     111.     111.     110.     113.     113.         1334.
 
  2019         113.     113.     113.     113.     113.     113.
               114.     114.     114.     114.     114.     115.         1366.
 
  2020         115.     116.     116.     116.     116.     116.
               116.     116.     117.     117.     117.     117.         1395.
 
  2021         118.     119.     120.     120.     121.     122.
               124.     126.     128.     130.     131.     133.         1492.
 
  2022         135.     136.     138.     139.     141.     143.
               144.     145.     147.     149.     151.     152.         1719.
 
  2023         153.     154.     155.     156.     156.     157.
               158.     159.     159.     160.     160.     161.         1887.
 
  2024         161.     162.     162.     161.     161.     160.
               160.     159.     159.     158.     157.     156.         1915.
 
  2025         155.     155.     155.     155.     155.     155.
               154.     153.     153.     152.     152.     151.         1845.
 
  2026         151.     150.     149.     149.     148.     148.
               148.     147.                                             1189.
 
  AVGE         127.     127.     127.     128.     128.     128.
               129.     129.     128.     128.     129.     129.

  Table Total-     17907.13   Mean-     127.91   Std. Dev.-      21.56
                              Min -      96.69        Max -     161.59
        R35 monthly CPI index            PAGE  13, SERIES series

 D 13  Final irregular component
  From  2015.Jan to 2026.Aug
  Observations        140
 -----------------------------------------------------------------------------
               Jan      Feb      Mar      Apr      May      Jun 
               Jul      Aug      Sep      Oct      Nov      Dec         S.D.  
 -----------------------------------------------------------------------------
  2015        100.4     99.7     99.8    100.2    100.2     99.9
               99.8     98.6    100.0    100.2    100.1    100.0           0.5
 
  2016         99.8    100.2    100.1    100.0     99.8    100.3
              100.0     99.6    100.0    101.1    100.3    100.3           0.4
 
  2017         99.9     99.7     99.7    100.1    100.3     99.8
              100.0     99.9     99.7    100.3    100.2     99.9           0.2
 
  2018         99.5     98.9     99.8    100.6    100.0     99.9
              100.0     99.9    100.3     99.7     99.9     99.9           0.4
 
  2019        100.4     99.9    100.0     99.9     99.9    100.0
              100.0    100.2    100.0     99.0     99.6    100.1           0.3
 
  2020        100.0    101.0    100.3     99.8    100.0    100.0
               99.9    100.0    100.0    100.2    100.0     99.8           0.3
 
  2021        100.8    100.3    100.1    100.1     99.8     99.8
               99.9    100.2    100.1     99.8    100.1    100.0           0.3
 
  2022        100.0    100.0    100.0     99.8    100.1    100.2
               99.1     99.6     99.9    100.2     99.9    100.1           0.3
 
  2023        100.0    100.0    100.0    100.0    100.0     99.9
               99.8    100.2    100.0    100.0    100.1     99.6           0.2
 
  2024        100.1    100.3    100.8    100.0     99.4     99.7
              100.3    100.6    100.0     99.1    100.0    100.3           0.5
 
  2025         99.8     99.8    100.1     99.9    100.1    100.4
              100.0     99.8    100.0    100.0    100.0    100.0           0.2
 
  2026        100.1    100.0    100.0    100.0     99.9    100.0
              100.0    100.1                                               0.0
 
  S.D.          0.3      0.5      0.3      0.2      0.2      0.2
                0.3      0.5      0.1      0.6      0.2      0.2

  Table Total-     13998.30   Mean-      99.99   Std. Dev.-       0.33
                              Min -      98.55        Max -     101.13
        R35 monthly CPI index            PAGE  14, SERIES series

 D 16  Combined adjustment factors
  From  2015.Jan to 2026.Aug
  Observations        140
 -----------------------------------------------------------------------------
               Jan      Feb      Mar      Apr      May      Jun 
               Jul      Aug      Sep      Oct      Nov      Dec         AVGE  
 -----------------------------------------------------------------------------
  2015        97.88    96.21    97.10   102.96   102.39   101.76
              98.21    96.75    98.90   102.93   103.02   101.88        100.00
 
  2016        97.81    96.34    97.16   102.87   102.38   101.74
              98.36    96.83    98.89   102.73   102.80   101.74         99.97
 
  2017        97.90    96.63    97.40   102.70   102.34   101.63
              98.53    97.05    98.88   102.40   102.35   101.49         99.94
 
  2018        98.15    97.18    97.92   102.41   102.14   101.48
              98.60    97.28    98.90   101.98   101.81   101.23         99.92
 
  2019        98.65    97.86    98.62   102.03   101.82   101.19
              98.45    97.50    98.86   101.73   101.46   101.07         99.94
 
  2020        99.08    98.60    99.32   101.60   101.43   100.88
              98.20    97.51    98.83   101.65   101.41   101.05         99.96
 
  2021        99.46    99.18    99.75   101.21   101.10   100.55
              97.96    97.49    98.82   101.68   101.56   101.10         99.99
 
  2022        99.69    99.51    99.93   100.83   100.91   100.36
              97.94    97.43    98.86   101.73   101.69   101.18        100.01
 
  2023        99.78    99.58    99.93   100.54   100.80   100.32
              98.06    97.50    98.96   101.71   101.77   101.20        100.01
 
  2024        99.73    99.49    99.88   100.32   100.75   100.42
              98.29    97.57    99.07   101.69   101.77   101.25        100.02
 
  2025        99.60    99.30    99.80   100.20   100.71   100.61
              98.45    97.66    99.16   101.65   101.76   101.24        100.01
 
  2026        99.53    99.18    99.74   100.14   100.66   100.74
              98.54    97.72                                             99.53
 
  AVGE        98.94    98.26    98.88   101.48   101.45   100.97
              98.30    97.36    98.92   101.99   101.94   101.31

  Table Total-     13993.48   Mean-      99.95   Std. Dev.-       1.76
                              Min -      96.21        Max -     103.02

 D 16.A  Combined adjustment component forecasts
  From  2026.Sep to 2027.Aug
  Observations         12
 -----------------------------------------------------------------------------
               Jan      Feb      Mar      Apr      May      Jun 
               Jul      Aug      Sep      Oct      Nov      Dec         AVGE  
 -----------------------------------------------------------------------------
  2026                                                          
                                99.20   101.64   101.74   101.24        100.96
 
  2027        99.50    99.12    99.70   100.13   100.63   100.81
              98.56    97.76                                             99.53
 
        R35 monthly CPI index            PAGE  15, SERIES series

 E 4  Ratios of annual totals
  From          2015 to 2025
  Observations         11
 -----------------------------------
  Year       Unmodified     Modified
                  (D11)         (E2)
 -----------------------------------
  2015           100.03       100.03
 
  2016            99.99        99.99
 
  2017            99.96        99.96
 
  2018            99.94        99.93
 
  2019            99.93        99.94
 
  2020            99.96        99.96
 
  2021           100.00       100.00
 
  2022           100.02       100.02
 
  2023           100.02       100.02
 
  2024           100.01       100.01
 
  2025           100.01       100.01
 
        R35 monthly CPI index            PAGE  16, SERIES series

 E 5  Month-to-month percent change in the original series
  From  2015.Feb to 2026.Aug
  Observations        139
 -----------------------------------------------------------------------------
               Jan      Feb      Mar      Apr      May      Jun 
               Jul      Aug      Sep      Oct      Nov      Dec         AVGE  
 -----------------------------------------------------------------------------
  2015                  -1.9      1.7      7.2      0.1     -0.2
               -3.1     -2.0      4.5      4.9      0.4     -0.9           1.0
 
  2016         -3.8     -0.8      1.1      6.0     -0.6      0.0
               -3.5     -1.6      3.1      5.6     -0.3     -0.9           0.4
 
  2017         -4.2     -1.4      1.1      6.4      0.4     -0.8
               -2.6     -1.3      2.1      4.5     -0.1     -1.2           0.2
 
  2018         -3.8     -1.5      2.1      5.7     -0.6     -0.7
               -2.7     -1.6      1.8      2.2      2.7     -0.5           0.2
 
  2019         -2.0     -1.2      0.7      3.2     -0.1     -0.3
               -2.4     -0.5      1.3      1.9      0.4      0.4           0.1
 
  2020         -1.7      0.9      0.3      1.9      0.0     -0.4
               -2.6     -0.4      1.4      3.2     -0.3     -0.2           0.2
 
  2021          0.1     -0.2      1.0      2.1      0.2      0.5
               -1.2      1.4      2.8      4.0      1.4      0.7           1.1
 
  2022         -0.1      1.0      1.6      1.9      1.6      0.6
               -2.5      0.9      3.0      4.4      0.9      0.7           1.2
 
  2023         -0.7      0.3      0.8      1.1      0.7     -0.1
               -1.8      0.3      1.7      3.0      0.4     -0.7           0.4
 
  2024         -0.6      0.2      0.9     -0.7     -0.4     -0.3
               -1.8     -0.7      0.5      1.2      0.4     -0.8          -0.2
 
  2025         -2.5     -0.6      0.7      0.3      0.8      0.0
               -3.0     -1.5      1.2      2.1     -0.2     -0.8          -0.3
 
  2026         -2.0     -0.8      0.1      0.0      0.1      0.0
               -2.4     -0.9                                              -0.7
 
  AVGE         -1.9     -0.5      1.0      2.9      0.2     -0.2
               -2.5     -0.7      2.1      3.4      0.5     -0.4

  Table Total-        44.64   Mean-       0.32   Std. Dev.-       2.09
                              Min -      -4.22        Max -       7.17
        R35 monthly CPI index            PAGE  17, SERIES series

 E 6  Month-to-month percent change in seasonally adjusted series (D11)
  From  2015.Feb to 2026.Aug
  Observations        139
 -----------------------------------------------------------------------------
               Jan      Feb      Mar      Apr      May      Jun 
               Jul      Aug      Sep      Oct      Nov      Dec         AVGE  
 -----------------------------------------------------------------------------
  2015                  -0.2      0.8      1.1      0.7      0.4
                0.4     -0.6      2.2      0.8      0.3      0.2           0.5
 
  2016          0.2      0.7      0.2      0.1     -0.1      0.6
               -0.1     -0.1      0.9      1.7     -0.3      0.1           0.3
 
  2017         -0.5     -0.1      0.3      0.9      0.7     -0.1
                0.4      0.2      0.2      0.9     -0.0     -0.3           0.2
 
  2018         -0.5     -0.5      1.3      1.1     -0.4     -0.1
                0.1     -0.3      0.1     -0.9      2.8      0.1           0.2
 
  2019          0.6     -0.5     -0.0     -0.2      0.1      0.3
                0.4      0.4     -0.0     -1.0      0.7      0.8           0.1
 
  2020          0.3      1.4     -0.5     -0.4      0.2      0.1
                0.0      0.3      0.1      0.4     -0.0      0.2           0.2
 
  2021          1.7      0.1      0.4      0.6      0.4      1.0
                1.4      1.9      1.5      1.1      1.6      1.1           1.1
 
  2022          1.3      1.1      1.2      1.0      1.5      1.1
               -0.1      1.5      1.5      1.5      0.9      1.2           1.1
 
  2023          0.7      0.5      0.5      0.5      0.4      0.4
                0.4      0.9      0.2      0.2      0.4     -0.2           0.4
 
  2024          0.9      0.4      0.5     -1.1     -0.9      0.0
                0.3      0.0     -1.0     -1.4      0.4     -0.2          -0.2
 
  2025         -0.9     -0.3      0.2     -0.1      0.3      0.1
               -0.9     -0.7     -0.3     -0.4     -0.3     -0.3          -0.3
 
  2026         -0.3     -0.5     -0.5     -0.4     -0.4     -0.1
               -0.2     -0.1                                              -0.3
 
  AVGE          0.3      0.2      0.4      0.3      0.2      0.3
                0.2      0.3      0.5      0.3      0.6      0.2

  Table Total-        42.24   Mean-       0.30   Std. Dev.-       0.77
                              Min -      -1.41        Max -       2.84
        R35 monthly CPI index            PAGE  18, SERIES series

 E 7  Month-to-month percent change in final trend cycle (D12)
  From  2015.Feb to 2026.Aug
  Observations        139
 -----------------------------------------------------------------------------
               Jan      Feb      Mar      Apr      May      Jun 
               Jul      Aug      Sep      Oct      Nov      Dec         AVGE  
 -----------------------------------------------------------------------------
  2015                   0.5      0.6      0.7      0.7      0.6
                0.6      0.7      0.7      0.6      0.4      0.3           0.6
 
  2016          0.4      0.4      0.3      0.2      0.1      0.1
                0.2      0.3      0.5      0.6      0.5      0.2           0.3
 
  2017         -0.0      0.0      0.3      0.5      0.5      0.3
                0.2      0.3      0.4      0.3      0.1     -0.1           0.2
 
  2018         -0.1      0.1      0.3      0.4      0.2      0.1
               -0.1     -0.2     -0.3     -0.3      2.7      0.0           0.2
 
  2019          0.1     -0.0     -0.1     -0.1      0.1      0.3
                0.3      0.2      0.1      0.0      0.1      0.3           0.1
 
  2020          0.4      0.4      0.2      0.1      0.0      0.0
                0.1      0.2      0.1      0.1      0.2      0.4           0.2
 
  2021          0.6      0.7      0.6      0.6      0.7      1.0
                1.4      1.5      1.5      1.4      1.3      1.3           1.0
 
  2022          1.2      1.2      1.2      1.2      1.2      1.1
                1.0      1.0      1.1      1.2      1.2      1.0           1.1
 
  2023          0.8      0.6      0.5      0.4      0.4      0.5
                0.5      0.5      0.4      0.3      0.3      0.3           0.5
 
  2024          0.4      0.2     -0.0     -0.3     -0.3     -0.3
               -0.2     -0.3     -0.4     -0.5     -0.5     -0.5          -0.2
 
  2025         -0.5     -0.3     -0.1      0.1      0.0     -0.2
               -0.4     -0.5     -0.5     -0.4     -0.3     -0.3          -0.3
 
  2026         -0.4     -0.4     -0.5     -0.4     -0.3     -0.2
               -0.1     -0.1                                              -0.3
 
  AVGE          0.3      0.3      0.3      0.3      0.3      0.3
                0.3      0.3      0.3      0.3      0.5      0.3

  Table Total-        42.42   Mean-       0.31   Std. Dev.-       0.61
                              Min -      -0.54        Max -       2.71
        R35 monthly CPI index            PAGE  19, SERIES series

 E 8  Month-to-month percent change in original series adjusted for calendar factors (A18)
  From  2015.Feb to 2026.Aug
  Observations        139
 -----------------------------------------------------------------------------
               Jan      Feb      Mar      Apr      May      Jun 
               Jul      Aug      Sep      Oct      Nov      Dec         AVGE  
 -----------------------------------------------------------------------------
  2015                  -1.9      1.7      7.2      0.1     -0.2
               -3.1     -2.0      4.5      4.9      0.4     -0.9           1.0
 
  2016         -3.8     -0.8      1.1      6.0     -0.6      0.0
               -3.5     -1.6      3.1      5.6     -0.3     -0.9           0.4
 
  2017         -4.2     -1.4      1.1      6.4      0.4     -0.8
               -2.6     -1.3      2.1      4.5     -0.1     -1.2           0.2
 
  2018         -3.8     -1.5      2.1      5.7     -0.6     -0.7
               -2.7     -1.6      1.8      2.2      2.7     -0.5           0.2
 
  2019         -2.0     -1.2      0.7      3.2     -0.1     -0.3
               -2.4     -0.5      1.3      1.9      0.4      0.4           0.1
 
  2020         -1.7      0.9      0.3      1.9      0.0     -0.4
               -2.6     -0.4      1.4      3.2     -0.3     -0.2           0.2
 
  2021          0.1     -0.2      1.0      2.1      0.2      0.5
               -1.2      1.4      2.8      4.0      1.4      0.7           1.1
 
  2022         -0.1      1.0      1.6      1.9      1.6      0.6
               -2.5      0.9      3.0      4.4      0.9      0.7           1.2
 
  2023         -0.7      0.3      0.8      1.1      0.7     -0.1
               -1.8      0.3      1.7      3.0      0.4     -0.7           0.4
 
  2024         -0.6      0.2      0.9     -0.7     -0.4     -0.3
               -1.8     -0.7      0.5      1.2      0.4     -0.8          -0.2
 
  2025         -2.5     -0.6      0.7      0.3      0.8      0.0
               -3.0     -1.5      1.2      2.1     -0.2     -0.8          -0.3
 
  2026         -2.0     -0.8      0.1      0.0      0.1      0.0
               -2.4     -0.9                                              -0.7
 
  AVGE         -1.9     -0.5      1.0      2.9      0.2     -0.2
               -2.5     -0.7      2.1      3.4      0.5     -0.4

  Table Total-        44.64   Mean-       0.32   Std. Dev.-       2.09
                              Min -      -4.22        Max -       7.17
        R35 monthly CPI index            PAGE  20, SERIES series

 E 18  Final adjustment ratios
  From  2015.Jan to 2026.Aug
  Observations        140
 -----------------------------------------------------------------------------
               Jan      Feb      Mar      Apr      May      Jun 
               Jul      Aug      Sep      Oct      Nov      Dec         AVGE  
 -----------------------------------------------------------------------------
  2015         97.9     96.2     97.1    103.0    102.4    101.8
               98.2     96.8     98.9    102.9    103.0    101.9         100.0
 
  2016         97.8     96.3     97.2    102.9    102.4    101.7
               98.4     96.8     98.9    102.7    102.8    101.7         100.0
 
  2017         97.9     96.6     97.4    102.7    102.3    101.6
               98.5     97.0     98.9    102.4    102.4    101.5          99.9
 
  2018         98.1     97.2     97.9    102.4    102.1    101.5
               98.6     97.3     98.9    102.0    101.8    101.2          99.9
 
  2019         98.6     97.9     98.6    102.0    101.8    101.2
               98.5     97.5     98.9    101.7    101.5    101.1          99.9
 
  2020         99.1     98.6     99.3    101.6    101.4    100.9
               98.2     97.5     98.8    101.6    101.4    101.0         100.0
 
  2021         99.5     99.2     99.8    101.2    101.1    100.6
               98.0     97.5     98.8    101.7    101.6    101.1         100.0
 
  2022         99.7     99.5     99.9    100.8    100.9    100.4
               97.9     97.4     98.9    101.7    101.7    101.2         100.0
 
  2023         99.8     99.6     99.9    100.5    100.8    100.3
               98.1     97.5     99.0    101.7    101.8    101.2         100.0
 
  2024         99.7     99.5     99.9    100.3    100.8    100.4
               98.3     97.6     99.1    101.7    101.8    101.2         100.0
 
  2025         99.6     99.3     99.8    100.2    100.7    100.6
               98.4     97.7     99.2    101.7    101.8    101.2         100.0
 
  2026         99.5     99.2     99.7    100.1    100.7    100.7
               98.5     97.7                                              99.5
 
  AVGE         98.9     98.3     98.9    101.5    101.5    101.0
               98.3     97.4     98.9    102.0    101.9    101.3

  Table Total-     13993.48   Mean-      99.95   Std. Dev.-       1.76
                              Min -      96.21        Max -     103.02

 E 18.A  Final adjustment ratio forecasts
  From  2026.Sep to 2027.Aug
  Observations         12
 -----------------------------------------------------------------------------
               Jan      Feb      Mar      Apr      May      Jun 
               Jul      Aug      Sep      Oct      Nov      Dec         AVGE  
 -----------------------------------------------------------------------------
  2026                                                          
                                 99.2    101.6    101.7    101.2         101.0
 
  2027         99.5     99.1     99.7    100.1    100.6    100.8
               98.6     97.8                                              99.5
 

  QS statistic for seasonality:
  log(Original Series)                              146.49  (P-Value =     0.0000)
  log(Original Series (EV adj))                     158.70  (P-Value =     0.0000)
  Residuals                                           0.00  (P-Value =     1.0000)
  log(Seasonally Adjusted Series)                     0.03  (P-Value =     0.9846)
  log(SA Series (EV adj))                             0.00  (P-Value =     1.0000)
  Irregular Series                                    0.66  (P-Value =     0.7206)
  Irregular Series (EV adj)                           0.00  (P-Value =     1.0000)

  QS statistic for seasonality (starting 2018.Sep):
  log(Original Series)                               82.91  (P-Value =     0.0000)
  log(Original Series (EV adj))                      94.59  (P-Value =     0.0000)
  Residuals                                           0.00  (P-Value =     1.0000)
  log(Seasonally Adjusted Series)                     0.00  (P-Value =     1.0000)
  log(SA Series (EV adj))                             0.00  (P-Value =     1.0000)
  Irregular Series                                    0.00  (P-Value =     1.0000)
  Irregular Series (EV adj)                           0.00  (P-Value =     1.0000)
        R35 monthly CPI index            PAGE  21, SERIES series
 G 0  10*LOG(SPECTRUM) of the differenced, transformed Prior Adjusted Series
      (Table B1).  Spectrum estimated from 2018.Sep to 2026.Aug.
 ++++++++++I+++++++++++++++++++++++++++++++++++++++++++++++++++++++++++++I
     -20.45I                    S                                        I    -20.45
           I                    S                                        I
           I                    S                                        I
           I                    S                                        I
     -22.75I                    S                                        I    -22.75
           I                    S                                        I
           I                    S                                        I
           I                    S                                        I
     -25.06I                    S                                        I    -25.06
           I                    S                                        I
           I                    S                                        I
           I                    S                                        I
     -27.37I                    S                                        I    -27.37
           I                    S                                        I
           I                    S                                        I
           I                    S                                        I
     -29.67I                    S                                       SI    -29.67
           I                    S                                       SI
           I                    S                                       SI
           I *                  S                                       SI
     -31.98I *                  S                                       SI    -31.98
           I *                 *S*                                      SI
           I **                *S*                                      SI
           I **                *S*        S                             SI
     -34.29I **                *S*        S                             SI    -34.29
           I **                *S*        S                             SI
           I***       S        *S*        S                             SI
           I***       S        *S*        S                             SI
     -36.59I***       S        *S*        S                             SI    -36.59
           I***       S        *S**       S         S                  *SI
           I***       S       **S**       S         S                  *SI
           I***       S       **S**      *S         S                  *SI
     -38.90I***       S*      **S**      *S         S                  *SI    -38.90
           I***       S*     ***S***     *S         S*                 *SI
           I***       S*     ***S***     *S         S*                 *SI
           I***       S*     ***S***     *S         S*   *             *SI
     -41.21I****     *S*    ****S****    *S         S*   *     *       *SI    -41.21
           I****     *S*    ****S****    *S*        S*   *     *       *SI
           I****     *S*    ****S****    *S*        S*   *     *       *SI
           I****     *S*    ****S*****  **S*        S*   *     *      **SI
     -43.51I****    **S*   *****S*****  **S*        S*   *    S*      **SI    -43.51
           I****   ***S**  *****S*********S*   *   *S*   *    S*      **SI
           I***** ****S**  *****S*********S*   **  *S*  ***   S*      **SI
           I**********S** ******S*********S*   **  *S*T ***   S*      **SI
     -45.82I**********S*********S*********S** ***  *S*T ***   S*      **SI    -45.82
           I**********S*********S*********S** ******S*T ***   S*T    ***SI
           I**********S*********S*********S*********S*T****   S*T    ***SI
           I**********S*********S*********S*********S*T****   S*T    ***SI
     -48.13I**********S*********S*********S*********S*T****  *S*T    ***SI    -48.13
           I**********S*********S*********S*********S*T***** *S*T   ****SI
           I**********S*********S*********S*********S*T*******S*T   ****SI
           I**********S*********S*********S*********S*T*******S*T*  ****SI
     -50.43I**********S*********S*********S*********S*T*******S*T*******SI    -50.43
 ++++++++++I+++++++++++++++++++++++++++++++++++++++++++++++++++++++++++++I
            S=SEASONAL FREQUENCIES, T=TRADING DAY FREQUENCIES
        R35 monthly CPI index            PAGE  22, SERIES series
 G 1  10*LOG(SPECTRUM) of the differenced, transformed seasonally adjusted 
      data (Table D11).  Spectrum estimated from 2018.Sep to 2026.Aug.
 ++++++++++I+++++++++++++++++++++++++++++++++++++++++++++++++++++++++++++I
     -33.06I *                                                           I    -33.06
           I **                                                          I
           I **                                                          I
           I **                                                          I
     -34.36I **                                                          I    -34.36
           I **                                                          I
           I **                                                          I
           I **                                                          I
     -35.65I **                                                          I    -35.65
           I **                                                          I
           I **                                                          I
           I **                                                          I
     -36.95I **                                                          I    -36.95
           I **                                                          I
           I***                                                          I
           I***                                                          I
     -38.25I***                                                          I    -38.25
           I***                                                          I
           I***                                                          I
           I***                                                          I
     -39.55I***                                                          I    -39.55
           I***                                                          I
           I***                                                          I
           I***                                                          I
     -40.85I***                                                          I    -40.85
           I***                                                     *    I
           I***               *                                     *    I
           I***               *                                     *    I
     -42.15I***               *    *                                *    I    -42.15
           I****              **   *   *                            *    I
           I****              **   *   *                            *    I
           I****             ***   *   *                      S     *    I
     -43.44I****             ***   *   *             *        S*    *    I    -43.44
           I****            ****   *   *             *        S*    *    I
           I****            ****   **  *            S*    *   S*    *    I
           I****            ****   **  *         *  S*    **  S*    **   I
     -44.74I****   *        ****   **  **       **  S*    **  S*    **  SI    -44.74
           I****  **        ****  ***  **   *   **  S*    **  S*    **  SI
           I****  **        ****S *** ***   *   **  S*T   ** *S*    **  SI
           I***** ***       ****S *** ***   *   ****S*T  *****S*    **  SI
     -46.04I*********      *****S *** ***   *   ****S*T  *****S*    ** *SI    -46.04
           I**********     *****S *******   **  ****S*T  *****S*   *** *SI
           I**********S    *****S********   **  ****S*T  *****S*   *****SI
           I**********S    *****S********   ** *****S*T*******S*   *****SI
     -47.34I**********S    *****S********  *** *****S*T*******S*   *****SI    -47.34
           I**********S    *****S********  *********S*T*******S*T  *****SI
           I**********S    *****S********  *********S*T*******S*T  *****SI
           I**********S*   *****S********* *********S*T*******S*T  *****SI
     -48.64I**********S*  ******S********* *********S*T*******S*T  *****SI    -48.64
           I**********S*  ******S*********S*********S*T*******S*T  *****SI
           I**********S*  ******S*********S*********S*T*******S*T  *****SI
           I**********S** ******S*********S*********S*T*******S*T  *****SI
     -49.94I**********S*********S*********S*********S*T*******S*T*******SI    -49.94
 ++++++++++I+++++++++++++++++++++++++++++++++++++++++++++++++++++++++++++I
            S=SEASONAL FREQUENCIES, T=TRADING DAY FREQUENCIES
        R35 monthly CPI index            PAGE  23, SERIES series
 G 2  10*LOG(SPECTRUM) of the Irregular (Table D13).  
      Spectrum estimated from 2018.Sep to 2026.Aug.
 ++++++++++I+++++++++++++++++++++++++++++++++++++++++++++++++++++++++++++I
     -44.20I                       *                                     I    -44.20
           I                       *                                     I
           I                       *                                     I
           I                       *                                     I
     -45.64I                       *                                     I    -45.64
           I                      **                                     I
           I                      **                                     I
           I                      **   *                                 I
     -47.08I                   *  **   *                                 I    -47.08
           I                   *S **   *       *                         I
           I                   *S****  *       *                         I
           I                   *S****  *       **                        I
     -48.52I           *       *S****  *       **                        I    -48.52
           I          S*      **S**** **       **       *                I
           I          S*      **S**** **       **       *                I
           I          S*      **S**** **       **       *                I
     -49.96I   *      S*     ***S********      **       *                I    -49.96
           I   *      S*     ***S********      **       *                I
           I   *      S**   ****S********  *   **       **               I
           I   *      S**   ****S********  *   **       **          *    I
     -51.40I   *     *S**   ****S********  **  **      ***    S*    *    I    -51.40
           I   *     *S**  *****S********  ** ***      ***    S*    *    I
           I   *     *S**  *****S******** S** ***   S  ***    S*    *    I
           I   *     *S*** *****S*********S*******  S* ***    S*    *    I
     -52.84I   **    *S*********S*********S*******  S*T***    S*    *    I    -52.84
           I   **    *S*********S*********S******* *S*T***    S*    **   I
           I   **    *S*********S*********S******* *S*T****   S*    **   I
           I   **    *S*********S*********S*********S*T****   S*    **   I
     -54.28I   **    *S*********S*********S*********S*T****   S*    **   I    -54.28
           I   **   **S*********S*********S*********S*T****   S*    **   I
           I   **   **S*********S*********S*********S*T***** *S*    **   I
           I   **   **S*********S*********S*********S*T***** *S*    **   I
     -55.72I   **   **S*********S*********S*********S*T*******S*    **   I    -55.72
           I   **   **S*********S*********S*********S*T*******S*    **   I
           I   **   **S*********S*********S*********S*T*******S*    **   I
           I   **   **S*********S*********S*********S*T*******S*    ***  I
     -57.16I   **  ***S*********S*********S*********S*T*******S*T  ****  I    -57.16
           I   *** ***S*********S*********S*********S*T*******S*T  ****  I
           I   *** ***S*********S*********S*********S*T*******S*T  ****  I
           I  **** ***S*********S*********S*********S*T*******S*T  *****SI
     -58.59I  ********S*********S*********S*********S*T*******S*T  *****SI    -58.59
           I  ********S*********S*********S*********S*T*******S*T  *****SI
           I  ********S*********S*********S*********S*T*******S*T  *****SI
           I  ********S*********S*********S*********S*T*******S*T  *****SI
     -60.03I  ********S*********S*********S*********S*T*******S*T*******SI    -60.03
           I  ********S*********S*********S*********S*T*******S*T*******SI
           I  ********S*********S*********S*********S*T*******S*T*******SI
           I  ********S*********S*********S*********S*T*******S*T*******SI
     -61.47I  ********S*********S*********S*********S*T*******S*T*******SI    -61.47
           I  ********S*********S*********S*********S*T*******S*T*******SI
           I *********S*********S*********S*********S*T*******S*T*******SI
           I *********S*********S*********S*********S*T*******S*T*******SI
     -62.91I**********S*********S*********S*********S*T*******S*T*******SI    -62.91
 ++++++++++I+++++++++++++++++++++++++++++++++++++++++++++++++++++++++++++I
            S=SEASONAL FREQUENCIES, T=TRADING DAY FREQUENCIES
        R35 monthly CPI index            PAGE  24, SERIES series

  Peak probabilities for Tukey spectrum estimator
  Spectrum estimated from 2018.Sep to 2026.Aug.

                                          S1       S2       S3       S4       S5       S6       TD
                                        ------   ------   ------   ------   ------   ------   ------
  Model Residuals                        0.755    0.809    0.052    0.980*   0.864    0.270    0.915* 
  Prior Adjusted Series (Table B1)       0.875    0.999**  0.876    0.704    0.907*   0.994**  0.018  
  Seasonally adjusted series (D11)       0.910*   0.603    0.043    0.879    0.942*   0.539    0.617  
  Irregular (D13)                        0.798    0.683    0.244    0.947*   0.963*   0.356    0.502  
  ----------
     ** - Peak Probability > 0.99,
      * - 0.90 < Peak Probability < 0.99



  NP statistic for residual seasonality:

  NP statistic for residual seasonality (Full series)
                                                  Residual Seasonality?
  log(Seasonally Adjusted Series)                          no
  log(Seasonally Adjusted Series (EV adj))                 no

  NP statistic for residual seasonality (Series start in 2018.Sep)
                                                  Residual Seasonality?
  log(Seasonally Adjusted Series)                          no
  log(Seasonally Adjusted Series (EV adj))                 no
