  Reading input spec file from series.spc

1

               U. S. Department of Commerce, U. S. Census Bureau

              X-13ARIMA-SEATS monthly seasonal adjustment Method,
                          Release Version 1.1 Build 62


           This software application provides an enhanced version of
             Statistics Canada's X-11-ARIMA extension (Dagum, 1980)
                 of the X-11 variant of the Census Method II of
                      Shiskin, Young and Musgrave (1967).

            It also provides an ARIMA model-based method following
       Hillmer and Tiao (1982) and Burman (1980) that is very similar
       to the update of the method of SEATS (Gomez and Maravall, 1996)
                produced at the Bank of Spain by G. Caporello and
               A. Maravall for TSW (Caporello and Maravall, 2004).
          The present application includes additional enhancements.

         X-13ARIMA-SEATS includes an automatic ARIMA model selection procedure
          based largely on the procedure of Gomez and Maravall (1998)
            as implemented in TRAMO (1996) and subsequent revisions.

              Primary Programmers: Brian Monsell, Mark Otto and,
                 for the ARIMA model-based signal extraction,
                      Gianluca Caporello and Victor Gomez


     Series Title- R35 monthly CPI index
     Series Name- series
     Sep 22, 2026  22.39.19 

        -Period covered-  1st month,2015 to  8th month,2026
        -Type of run - multiplicative seasonal adjustment

        -Sigma limits for graduating extreme values are  1.5 and  2.5 .
        -3x3 moving average used in section 1 of each iteration, 
         3x5 moving average in section 2 of iterations B and C,
         moving average for final seasonal factors chosen by Global MSR.
        -Spectral plots generated for selected series
        -Spectral plots generated for series starting in 2018.Sep

 FILE SAVE REQUESTS (* indicates file exists and will be overwritten)
  series.d10  final seasonal factors
  series.d11  final seasonally adjusted data
  series.d12  final trend cycle
  series.d13  final irregular component
  series.out  program output file
  series.err  program error file
  series.udg  seasonal adjustment and model diagnostics file
        R35 monthly CPI index            PAGE   1, SERIES series

     Contents of spc file series.spc

 Line #
 ------
      1: series { title="R35 monthly CPI index" start=2015.1 period=12 data=(
      2: 101.90000000000001 100.90000000000001 100.2 100.59999999999999 100.40000000000001 100
      3: 100.90000000000001 99.900000000000006 99.5 97.799999999999997 97.900000000000006 99.900000000000006
      4: 99.5 99.400000000000006 96.900000000000006 97.700000000000003 96.5 96.900000000000006
      5: 97.200000000000003 97.400000000000006 96.900000000000006 96.400000000000006 94.599999999999994 94.900000000000006
      6: 95.700000000000003 93.599999999999994 95.599999999999994 96.799999999999997 95.5 94.799999999999997
      7: 95 94.900000000000006 95.700000000000003 94.599999999999994 94.900000000000006 95.400000000000006
      8: 95.700000000000003 95.400000000000006 96.200000000000003 96.200000000000003 98.099999999999994 97.099999999999994
      9: 98.799999999999997 99.200000000000003 98.900000000000006 99.400000000000006 97.599999999999994 98
     10: 97.799999999999997 97 97.400000000000006 96.5 98 98.599999999999994
     11: 100 98.599999999999994 98.599999999999994 97.900000000000006 100.40000000000001 101.09999999999999
     12: 100.59999999999999 102.09999999999999 100 102.59999999999999 101.8 101.5
     13: 100.8 100.90000000000001 101.7 102.5 102.3 100.3
     14: 103.59999999999999 101.2 99.400000000000006 101 99.900000000000006 100.09999999999999
     15: 100.2 101.59999999999999 101.90000000000001 100.7 101.40000000000001 102.2
     16: 105.5 105.3 106.59999999999999 107.5 110.09999999999999 112.7
     17: 115.2 116.09999999999999 120.2 118.5 121.09999999999999 120.59999999999999
     18: 125.59999999999999 127.40000000000001 130.19999999999999 135 134 132.09999999999999
     19: 129.09999999999999 127.7 128.19999999999999 127.40000000000001 127 123.59999999999999
     20: 125.3 125.09999999999999 122.40000000000001 126 124.59999999999999 122.7
     21: 123.90000000000001 124.40000000000001 126.09999999999999 124.40000000000001 123.09999999999999 122.59999999999999
     22: 123.5 124 122.5 123.59999999999999 123 122.2
     23: 122.5 121.5 120.8 120.90000000000001 119.90000000000001 120.90000000000001
     24: 121.7 121.90000000000001 120.59999999999999 121.59999999999999 120.5 120.7
     25: 121.09999999999999 121
     26: ) }
     27: transform { function=log }
     28: automdl { }
     29: outlier { types=(ao ls tc) }
     30: x11 { mode=mult save=(d10 d11 d12 d13) appendfcst=no appendbcst=no savelog=all }
     31: spectrum { logqs=yes robustsa=no print=all savelog=all }
     32: check { }
        R35 monthly CPI index            PAGE   2, SERIES series

 A 1  Time series data (for the span analyzed)
  From  2015.Jan to 2026.Aug
  Observations        140
 -----------------------------------------------------------------------------
               Jan      Feb      Mar      Apr      May      Jun 
               Jul      Aug      Sep      Oct      Nov      Dec        TOTAL  
 -----------------------------------------------------------------------------
  2015         102.     101.     100.     101.     100.     100.
               101.     100.     100.      98.      98.     100.         1200.
 
  2016         100.      99.      97.      98.      97.      97.
                97.      97.      97.      96.      95.      95.         1164.
 
  2017          96.      94.      96.      97.      96.      95.
                95.      95.      96.      95.      95.      95.         1143.
 
  2018          96.      95.      96.      96.      98.      97.
                99.      99.      99.      99.      98.      98.         1171.
 
  2019          98.      97.      97.      97.      98.      99.
               100.      99.      99.      98.     100.     101.         1182.
 
  2020         101.     102.     100.     103.     102.     102.
               101.     101.     102.     103.     102.     100.         1217.
 
  2021         104.     101.      99.     101.     100.     100.
               100.     102.     102.     101.     101.     102.         1213.
 
  2022         106.     105.     107.     108.     110.     113.
               115.     116.     120.     119.     121.     121.         1359.
 
  2023         126.     127.     130.     135.     134.     132.
               129.     128.     128.     127.     127.     124.         1547.
 
  2024         125.     125.     122.     126.     125.     123.
               124.     124.     126.     124.     123.     123.         1491.
 
  2025         124.     124.     123.     124.     123.     122.
               123.     122.     121.     121.     120.     121.         1465.
 
  2026         122.     122.     121.     122.     121.     121.
               121.     121.                                              969.
 
  AVGE         108.     108.     107.     109.     109.     108.
               109.     109.     108.     107.     107.     107.

  Table Total-     15121.20   Mean-     108.01   Std. Dev.-      12.21
                              Min -      93.60        Max -     135.00
        R35 monthly CPI index            PAGE   3, SERIES series
                        Automatic ARIMA Model Selection

                    Procedure based closely on TRAMO method 
                         of Gomez and Maravall (2000)
              "Automatic Modeling Methods for Univariate Series",
                            A Course in Time Series
                  (Edited by D. Pena, G. C. Tiao, R. S. Tsay),
                         New York : J. Wiley and Sons


     Maximum order for regular ARMA parameters :   2
     Maximum order for seasonal ARMA parameters :   1
     Maximum order for regular differencing :   2
     Maximum order for seasonal differencing :   1

   Results of Unit Root Test for identifying orders of differencing:
     Regular difference order :   1
     Seasonal difference order :   0

     Mean is not significant.

  Automatic model choice : (1 1 0)


  Final Checks for Identified Model


  Checking for Unit Roots.
   No unit roots found.
   Nonseasonal MA not within  0.001 of 1.0 - model passes test.

  Checking for insignificant ARMA coefficients.

  Final automatic model choice : (1 1 0)
   End of automatic model selection procedure.

 Average absolute percentage error in within-sample forecasts:
  Last year:   0.58      Last-1 year:   1.14     Last-2 year:   2.29
  Last three years:    1.34

 Estimation converged in    3 ARMA iterations,    7 function evaluations.

 ARIMA Model:  (1 1 0)
   Nonseasonal differences: 1
                                              Standard
 Parameter                    Estimate          Errors
 -----------------------------------------------------
 Nonseasonal AR                                    
   Lag  1                      -0.1047         0.08434

 Variance                       0.17923E-03
 SE of Var                      0.21499E-04
 -----------------------------------------------------

 Likelihood Statistics
 ------------------------------------------------------------------
 Number of observations (nobs)                                  140
 Effective number of observations (nefobs)                      139
 Number of parameters estimated (np)                              2
 Log likelihood                                            402.3273
 Transformation Adjustment                                -650.0214
 Adjusted Log likelihood (L)                              -247.6941
 AIC                                                       499.3881 
 AICC (F-corrected-AIC)                                    499.4764 
 Hannan Quinn                                              501.7731 
 BIC                                                       505.2571 
 ------------------------------------------------------------------


 DIAGNOSTIC CHECKING
  Sample Autocorrelations of the Residuals with the Ljung-Box diagnostic.

  Lag      1     2     3     4     5     6     7     8     9    10    11    12
  ACF   0.01  0.17  0.11  0.06  0.19  0.04  0.15  0.08  0.10 -0.03 -0.03  0.13
  SE    0.08  0.08  0.09  0.09  0.09  0.09  0.09  0.09  0.09  0.09  0.09  0.09
  Q     0.01  4.29  6.04  6.49 11.99 12.28 15.59 16.58 18.04 18.20 18.37 21.10
  DF       0     1     2     3     4     5     6     7     8     9    10    11
  P    0.000 0.038 0.049 0.090 0.017 0.031 0.016 0.020 0.021 0.033 0.049 0.032

  Lag     13    14    15    16    17    18    19    20    21    22    23    24
  ACF  -0.14 -0.05 -0.02  0.03 -0.05 -0.15 -0.04  0.01  0.00 -0.10 -0.12  0.05
  SE    0.10  0.10  0.10  0.10  0.10  0.10  0.10  0.10  0.10  0.10  0.10  0.10
  Q    24.15 24.49 24.53 24.73 25.06 28.75 29.07 29.08 29.09 30.91 33.53 33.88
  DF      12    13    14    15    16    17    18    19    20    21    22    23
  P    0.019 0.027 0.039 0.054 0.069 0.037 0.048 0.065 0.086 0.075 0.055 0.067

  The P-values approximate the probability of observing a Q-value at least
  this large when the model fitted is correct.  When DF is positive, small
  values of P, customarily those below 0.05, indicate model inadequacy.

  Sample Autocorrelations of the Residuals
                 -1.0 -0.8 -0.6 -0.4 -0.2  0.0  0.2  0.4  0.6  0.8  1.0
                   +----+----+----+----+----+----+----+----+----+----+
            1                           .   |   .                      0.006
            2                           .   |XXXX                      0.173
            3                           .   |XXX.                      0.110
            4                           .   |X  .                      0.056
            5                           .   |XXXXX                     0.194
            6                          .    |X   .                     0.044
            7                          .    |XXXX.                     0.149
            8                          .    |XX  .                     0.081
            9                          .    |XX  .                     0.098
           10                          .   X|    .                    -0.033
           11                          .   X|    .                    -0.033
           12       - - - - - - - - -  .    |XXX .  - - - - - - - -    0.133
           13                          . XXX|    .                    -0.140
           14                          .   X|    .                    -0.047
           15                          .    |    .                    -0.016
           16                          .    |X   .                     0.035
           17                          .   X|    .                    -0.045
           18                          .XXXX|    .                    -0.151
           19                          .   X|    .                    -0.044
           20                          .    |    .                     0.010
           21                          .    |    .                     0.002
           22                          . XXX|    .                    -0.104
           23                          . XXX|    .                    -0.125
           24       - - - - - - - - -  .    |X   .  - - - - - - - -    0.045
  
  Sample Autocorrelations of the Squared Residuals with the Ljung-Box diagnostic.

  Lag      1     2     3     4     5     6     7     8     9    10    11    12
  ACF   0.11  0.18  0.27  0.22  0.08  0.11  0.07  0.19  0.09  0.10  0.16  0.20
  SE    0.08  0.09  0.09  0.09  0.10  0.10  0.10  0.10  0.10  0.10  0.10  0.11
  Q     1.78  6.62 17.22 24.11 25.15 27.08 27.76 33.04 34.33 35.74 39.67 45.91
  DF       0     1     2     3     4     5     6     7     8     9    10    11
  P    0.000 0.010 0.000 0.000 0.000 0.000 0.000 0.000 0.000 0.000 0.000 0.000

  Lag     13    14    15    16    17    18    19    20    21    22    23    24
  ACF   0.02  0.06  0.21 -0.06  0.05  0.09 -0.01 -0.01  0.01 -0.06 -0.00 -0.01
  SE    0.11  0.11  0.11  0.11  0.11  0.11  0.11  0.11  0.11  0.11  0.11  0.11
  Q    46.00 46.59 53.74 54.26 54.67 56.02 56.05 56.07 56.10 56.78 56.78 56.81
  DF      12    13    14    15    16    17    18    19    20    21    22    23
  P    0.000 0.000 0.000 0.000 0.000 0.000 0.000 0.000 0.000 0.000 0.000 0.000

  The P-values approximate the probability of observing a Q-value at least
  this large when the model fitted is correct in a way that supports the
  standard interpretations of the test statistics, standard errors, and
  prediction intervals output by X-13ARIMA-SEATS. When DF is positive, small
  values of P, customarily those below 0.05, suggest that model-based
  inferences about statistical significance and uncertainty will be less
  dependable than usual.

  Sample Autocorrelations of the Squared Residuals
                 -1.0 -0.8 -0.6 -0.4 -0.2  0.0  0.2  0.4  0.6  0.8  1.0
                   +----+----+----+----+----+----+----+----+----+----+
            1                           .   |XXX.                      0.112
            2                           .   |XXXXX                     0.184
            3                           .   |XXXXXXX                   0.271
            4                          .    |XXXXX                     0.218
            5                          .    |XX  .                     0.084
            6                          .    |XXX .                     0.114
            7                          .    |XX  .                     0.068
            8                          .    |XXXXX                     0.188
            9                          .    |XX  .                     0.092
           10                          .    |XX  .                     0.096
           11                          .    |XXXX.                     0.160
           12       - - - - - - - - -  .    |XXXXX  - - - - - - - -    0.201
           13                          .    |X   .                     0.025
           14                          .    |XX  .                     0.061
           15                          .    |XXXXX                     0.213
           16                         .    X|     .                   -0.057
           17                         .     |X    .                    0.050
           18                         .     |XX   .                    0.091
           19                         .     |     .                   -0.013
           20                         .     |     .                   -0.011
           21                         .     |     .                    0.012
           22                         .   XX|     .                   -0.064
           23                         .     |     .                   -0.004
           24       - - - - - - - -   .     |     .   - - - - - - -   -0.014
  
 Histogram of the Standardized and Mean-Centered Residuals
  Standard
  Deviations    Frequency
       -3 +
          |#
       -2 +#####
          |########
       -1 +#################
          |########################
        0 +################################
          |########################
        1 +##########
          |######
        2 +#######
          |##
        3 +###

  One '#'= 1 observation[s]

 Tabular Histogram of the Standardized and Mean-Centered Residuals

  Standard
  Deviations    Frequency

 -3.00                 0

 -2.50                 1

 -2.00                 5

 -1.50                 8

 -1.00                17

 -0.50                24

  0.00                32

  0.50                24

  1.00                10

  1.50                 6

  2.00                 7

  2.50                 2

  3.00                 3

 Summary Statistics for the Unstandardized Residuals
  Minimum                    -0.027
  Maximum                     0.040
  Median                      0.001
  Robust Std Dev              0.012

 Normality Statistics for regARIMA Model Residuals:

    Number of residuals  :    139

    Skewness coefficient :    0.4621    
    Geary's a            :    0.7726    
    Kurtosis             :    3.2711    

  No indication of lack of normality.

 Durbin-Watson Statistic for regARIMA Model Residuals:
  dw =     1.961158

 Friedman Non-Parametric Test for regARIMA Model Residuals:
  ken =    24.412587 ( Asymptotically distributed as Chi-Square(11), P-Value =     0.011102 )

 QS Statistic for regARIMA Model Residuals (full series):             3.90
                                                       (P-Value =     0.1423)

 QS Statistic for regARIMA Model Residuals (starting 2018.Sep):       3.26
                                                       (P-Value =     0.1962)


  At least one visually significant residual seasonal peaks has been
  found in the spectral plot of the following series starting in 2018.Sep:

          regARIMA model residuals (2 Seasonal peak(s))

      10*LOG(SPECTRUM) of the regARIMA model residuals
      Spectrum estimated from 2018.Sep to 2026.Aug.
 ++++++++++I+++++++++++++++++++++++++++++++++++++++++++++++++++++++++++++I
     -30.45I   *                                                         I    -30.45
           I   *                                                         I
           I   *                                                         I
           I   *                                                         I
     -31.52I   *                                                         I    -31.52
           I   *                          S                              I
           I  **                          S                              I
           I  **                          S                  *S          I
     -32.59I  **                          S                  *S          I    -32.59
           I  ***                         S                  *S          I
           I  ***                         S                  *S          I
           I  ***                  *      S                  *S          I
     -33.66I  ***                  *      S                  *S          I    -33.66
           I  ***                  *      S         S        *S          I
           I  ***                  *      S         S        *S  *       I
           I  ***                  *      S         S        *S  *       I
     -34.73I ****                  *      S         S        *S  *       I    -34.73
           I ****                  *      S         S        *S  *       I
           I ****                  *      S         S        *S  *       I
           I*****                  *      S         S*       *S  *       I
     -35.80I*****                  *      S         S*       *S  **      I    -35.80
           I******        *        *      S         S*       *S  **      I
           I******        *        *      S         S*       *S* **      I
           I******        *        *      S         S*  *    *S* **      I
     -36.88I******        *        *      S         S*  *    *S*T**      I    -36.88
           I******       **   *    *      S         S* **    *S*T**    * I
           I******       **   *    *      S         S* **    *S*T**    *SI
           I******       **   *    *      S         S* **    *S*T**    *SI
     -37.95I******       **   *    *      S         S*T**    *S*T**   **SI    -37.95
           I******       **   *    **     S*       *S*T**    *S*T**   **SI
           I******       ***  **  ***     S*       *S*T**    *S*T**   **SI
           I*******      ***  **  ***     S*       *S*T**    *S*T**   **SI
     -39.02I*******     ****  **  ***    *S*       *S*T**    *S*T***  **SI    -39.02
           I*******     **** ***  ***    *S*    *  *S*T**    *S*T*** ***SI
           I*******     **** ***  ***    *S*    *  *S*T**    *S*T*** ***SI
           I*******    *********  ***    *S*   **  *S*T**   **S*T*** ***SI
     -40.09I*******   S*********  ***    *S*   **  *S*T**   **S*T*******SI    -40.09
           I*******   S*********  ***    *S*   **  *S*T**   **S*T*******SI
           I******** *S*********  ***    *S*   **  *S*T**   **S*T*******SI
           I******** *S*********S ***    *S*   **  *S*T***  **S*T*******SI
     -41.16I**********S*********S****    *S*   *****S*T***  **S*T*******SI    -41.16
           I**********S*********S****    *S*   *****S*T***  **S*T*******SI
           I**********S*********S****    *S*   *****S*T***  **S*T*******SI
           I**********S*********S****    *S*   *****S*T***  **S*T*******SI
     -42.23I**********S*********S****    *S*   *****S*T***  **S*T*******SI    -42.23
           I**********S*********S*****   *S*   *****S*T***  **S*T*******SI
           I**********S*********S*****   *S** ******S*T***  **S*T*******SI
           I**********S*********S*****  **S** ******S*T*******S*T*******SI
     -43.30I**********S*********S*****  **S** ******S*T*******S*T*******SI    -43.30
           I**********S*********S*****  **S** ******S*T*******S*T*******SI
           I**********S*********S*****  **S** ******S*T*******S*T*******SI
           I**********S*********S*****  **S*********S*T*******S*T*******SI
     -44.37I**********S*********S*********S*********S*T*******S*T*******SI    -44.37
 ++++++++++I+++++++++++++++++++++++++++++++++++++++++++++++++++++++++++++I
            S=SEASONAL FREQUENCIES, T=TRADING DAY FREQUENCIES


 FORECASTING
  Origin  2026.Aug
  Number        12

  Forecasts and Standard Errors of the Transformed Data
   ------------------------------
                         Standard
       Date   Forecast      Error
   ------------------------------
   2026.Sep       4.80      0.013
   2026.Oct       4.80      0.018
   2026.Nov       4.80      0.022
   2026.Dec       4.80      0.025
   2027.Jan       4.80      0.028
   2027.Feb       4.80      0.030
   2027.Mar       4.80      0.033
   2027.Apr       4.80      0.035
   2027.May       4.80      0.037
   2027.Jun       4.80      0.039
   2027.Jul       4.80      0.041
   2027.Aug       4.80      0.042
   ------------------------------

  Confidence intervals with coverage probability ( 0.95000
  On the Original Scale
   ---------------------------------------
       Date      Lower  Forecast     Upper
   ---------------------------------------
   2026.Sep     117.88    121.01    124.23
   2026.Oct     116.82    121.01    125.35
   2026.Nov     115.97    121.01    126.26
   2026.Dec     115.26    121.01    127.05
   2027.Jan     114.63    121.01    127.75
   2027.Feb     114.06    121.01    128.38
   2027.Mar     113.54    121.01    128.97
   2027.Apr     113.05    121.01    129.53
   2027.May     112.60    121.01    130.05
   2027.Jun     112.17    121.01    130.55
   2027.Jul     111.76    121.01    131.02
   2027.Aug     111.37    121.01    131.48
   ---------------------------------------
        R35 monthly CPI index            PAGE   4, SERIES series

 B 1  Original series (prior adjusted)
  From  2015.Jan to 2026.Aug
  Observations        140
 -----------------------------------------------------------------------------
               Jan      Feb      Mar      Apr      May      Jun 
               Jul      Aug      Sep      Oct      Nov      Dec        TOTAL  
 -----------------------------------------------------------------------------
  2015         102.     101.     100.     101.     100.     100.
               101.     100.      99.      98.      98.     100.         1200.
 
  2016          99.      99.      97.      98.      97.      97.
                97.      97.      97.      96.      95.      95.         1164.
 
  2017          96.      94.      96.      97.      96.      95.
                95.      95.      96.      95.      95.      95.         1143.
 
  2018          96.      95.      96.      96.      98.      97.
                99.      99.      99.      99.      98.      98.         1171.
 
  2019          98.      97.      97.      97.      98.      99.
               100.      99.      99.      98.     100.     101.         1182.
 
  2020         101.     102.     100.     103.     102.     101.
               101.     101.     102.     103.     102.     100.         1217.
 
  2021         104.     101.      99.     101.     100.     100.
               100.     102.     102.     101.     101.     102.         1213.
 
  2022         106.     105.     107.     107.     110.     113.
               115.     116.     120.     119.     121.     121.         1359.
 
  2023         126.     127.     130.     135.     134.     132.
               129.     128.     128.     127.     127.     124.         1547.
 
  2024         125.     125.     122.     126.     125.     123.
               124.     124.     126.     124.     123.     123.         1491.
 
  2025         124.     124.     123.     124.     123.     122.
               123.     121.     121.     121.     120.     121.         1465.
 
  2026         122.     122.     121.     122.     120.     121.
               121.     121.                                              969.
 
  AVGE         108.     108.     107.     109.     109.     108.
               109.     109.     108.     107.     107.     107.

  Table Total-     15121.20   Mean-     108.01   Std. Dev.-      12.21
                              Min -      93.60        Max -     135.00

 B 1.A  Forecasts of (prior adjusted) original series
  From  2026.Sep to 2027.Aug
  Observations         12
 -----------------------------------------------------------------------------
               Jan      Feb      Mar      Apr      May      Jun 
               Jul      Aug      Sep      Oct      Nov      Dec        TOTAL  
 -----------------------------------------------------------------------------
  2026                                                          
                                 121.     121.     121.     121.          484.
 
  2027         121.     121.     121.     121.     121.     121.
               121.     121.                                              968.
 
        R35 monthly CPI index            PAGE   5, SERIES series

 C 17  Final weights for irregular component
  From  2015.Jan to 2026.Aug
  Observations        140
  Lower sigma limit    1.50
  Upper sigma limit    2.50
 -----------------------------------------------------------------------------
               Jan      Feb      Mar      Apr      May      Jun 
               Jul      Aug      Sep      Oct      Nov      Dec         S.D.  
 -----------------------------------------------------------------------------
  2015        100.0    100.0    100.0    100.0    100.0    100.0
              100.0    100.0    100.0     19.2    100.0    100.0           0.6
 
  2016        100.0     82.3    100.0    100.0    100.0    100.0
              100.0    100.0    100.0    100.0    100.0    100.0           0.6
 
  2017        100.0      0.0    100.0     28.8    100.0    100.0
              100.0    100.0    100.0    100.0    100.0    100.0           0.6
 
  2018        100.0    100.0    100.0    100.0    100.0    100.0
              100.0    100.0    100.0    100.0    100.0    100.0           0.6
 
  2019        100.0    100.0    100.0     28.1    100.0    100.0
               50.5    100.0    100.0     37.2    100.0     27.0           0.7
 
  2020        100.0    100.0    100.0    100.0    100.0    100.0
              100.0    100.0    100.0    100.0    100.0    100.0           0.7
 
  2021         18.2    100.0    100.0    100.0    100.0    100.0
              100.0    100.0    100.0    100.0    100.0    100.0           0.8
 
  2022        100.0    100.0    100.0      0.0    100.0    100.0
              100.0    100.0     66.4    100.0    100.0    100.0           0.7
 
  2023        100.0    100.0    100.0      5.3     37.7    100.0
              100.0    100.0    100.0    100.0    100.0    100.0           0.6
 
  2024        100.0    100.0    100.0    100.0    100.0     76.5
              100.0    100.0     97.3    100.0    100.0    100.0           0.6
 
  2025        100.0    100.0    100.0    100.0    100.0    100.0
              100.0    100.0    100.0    100.0    100.0    100.0           0.6
 
  2026        100.0    100.0    100.0    100.0    100.0    100.0
              100.0    100.0                                               0.6
 
        R35 monthly CPI index            PAGE   6, SERIES series

 D 8  Final unmodified SI ratios
  From  2015.Jan to 2026.Aug
  Observations        140
 -----------------------------------------------------------------------------
               Jan      Feb      Mar      Apr      May      Jun 
               Jul      Aug      Sep      Oct      Nov      Dec         AVGE  
 -----------------------------------------------------------------------------
  2015        100.9    100.0     99.5    100.0    100.0     99.8
              100.9    100.2    100.0     98.4     98.6    100.7          99.9
 
  2016        100.6    100.9     98.9    100.2     99.3    100.0
              100.4    100.8    100.5    100.4     98.8     99.3         100.0
 
  2017        100.2     98.0    100.0    101.3    100.2     99.7
              100.1    100.1    100.9     99.6     99.7    100.0         100.0
 
  2018        100.0     99.4     99.9     99.4    100.9     99.3
              100.6    100.7    100.3    100.8     99.2     99.9         100.0
 
  2019        100.0     99.3     99.7     98.7    100.0    100.4
              101.6     99.9     99.7     98.6    100.7    100.8          99.9
 
  2020         99.8    100.8     98.5    101.0    100.3    100.1
               99.5     99.5    100.1    100.7    100.4     98.6          99.9
 
  2021        102.2    100.3     99.0    100.9     99.9    100.0
               99.8    100.9    100.7     99.0     98.9     98.9         100.0
 
  2022        101.1     99.7     99.7     99.1     99.8    100.4
              100.7     99.8    101.7     98.8     99.5     97.6          99.8
 
  2023         99.9     99.7    100.5    103.3    102.3    101.1
               99.4     99.0    100.0     99.9    100.1     98.0         100.3
 
  2024        100.0    100.4     98.8    102.0    100.9     99.2
               99.9    100.0    101.2     99.9     99.0     98.9         100.0
 
  2025         99.9    100.6     99.6    100.7    100.4    100.0
              100.5    100.0     99.6     99.9     99.1     99.8         100.0
 
  2026        100.4    100.6     99.6    100.5     99.7     99.9
              100.2    100.0                                             100.1
 
  AVGE        100.4    100.0     99.5    100.6    100.3    100.0
              100.3    100.1    100.4     99.6     99.5     99.3

  Table Total-     14000.70   Mean-     100.01   Std. Dev.-       0.86
                              Min -      97.57        Max -     103.30
        R35 monthly CPI index            PAGE   7, SERIES series

 D 8.B  Final unmodified SI ratios, with labels for outliers and extreme values
  From  2015.Jan to 2026.Aug
  Observations        140
 ---------------------------------------------------------------------
               Jan       Feb       Mar       Apr       May       Jun  
               Jul       Aug       Sep       Oct       Nov       Dec  
 ---------------------------------------------------------------------
  2015       100.9     100.0      99.5     100.0     100.0      99.8  
             100.9     100.2     100.0      98.4*     98.6     100.7  
 
  2016       100.6     100.9*     98.9     100.2      99.3     100.0  
             100.4     100.8     100.5     100.4      98.8      99.3  
 
  2017       100.2      98.0*    100.0     101.3*    100.2      99.7  
             100.1     100.1     100.9      99.6      99.7     100.0  
 
  2018       100.0      99.4      99.9      99.4     100.9      99.3  
             100.6     100.7     100.3     100.8      99.2      99.9  
 
  2019       100.0      99.3      99.7      98.7*    100.0     100.4  
             101.6*     99.9      99.7      98.6*    100.7     100.8* 
 
  2020        99.8     100.8      98.5     101.0     100.3     100.1  
              99.5      99.5     100.1     100.7     100.4      98.6  
 
  2021       102.2*    100.3      99.0     100.9      99.9     100.0  
              99.8     100.9     100.7      99.0      98.9      98.9  
 
  2022       101.1      99.7      99.7      99.1*     99.8     100.4  
             100.7      99.8     101.7*     98.8      99.5      97.6  
 
  2023        99.9      99.7     100.5     103.3*    102.3*    101.1  
              99.4      99.0     100.0      99.9     100.1      98.0  
 
  2024       100.0     100.4      98.8     102.0     100.9      99.2* 
              99.9     100.0     101.2*     99.9      99.0      98.9  
 
  2025        99.9     100.6      99.6     100.7     100.4     100.0  
             100.5     100.0      99.6      99.9      99.1      99.8  
 
  2026       100.4     100.6      99.6     100.5      99.7      99.9  
             100.2     100.0                                          
 

  Key to symbols:
    *  : extreme value as determined by X-11 extreme value procedure
 
        R35 monthly CPI index            PAGE   8, SERIES series

 D 9  Final replacement values for SI ratios
  From  2015.Jan to 2026.Aug
  Observations        140
 ---------------------------------------------------------------
               Jan      Feb      Mar      Apr      May      Jun 
               Jul      Aug      Sep      Oct      Nov      Dec 
 ---------------------------------------------------------------
  2015     ******** ******** ******** ******** ******** ********
           ******** ******** ********     99.6 ******** ********
 
  2016     ********    100.7 ******** ******** ******** ********
           ******** ******** ******** ******** ******** ********
 
  2017     ********     99.8 ********    100.4 ******** ********
           ******** ******** ******** ******** ******** ********
 
  2018     ******** ******** ******** ******** ******** ********
           ******** ******** ******** ******** ******** ********
 
  2019     ******** ******** ********     99.7 ******** ********
              100.9 ******** ********     99.5 ********     99.7
 
  2020     ******** ******** ******** ******** ******** ********
           ******** ******** ******** ******** ******** ********
 
  2021        100.7 ******** ******** ******** ******** ********
           ******** ******** ******** ******** ******** ********
 
  2022     ******** ******** ********    101.1 ******** ********
           ******** ********    101.3 ******** ******** ********
 
  2023     ******** ******** ********    101.8    101.4 ********
           ******** ******** ******** ******** ******** ********
 
  2024     ******** ******** ******** ******** ********     99.4
           ******** ********    101.2 ******** ******** ********
 
  2025     ******** ******** ******** ******** ******** ********
           ******** ******** ******** ******** ******** ********
 
  2026     ******** ******** ******** ******** ******** ********
           ******** ********                                    
 

 D 9.A  Moving seasonality ratio
 ---------------------------------------------------------------
               Jan      Feb      Mar      Apr      May      Jun 
 ---------------------------------------------------------------
   I          0.374    0.598    0.779    0.461    0.638    0.521
   S          0.073    0.106    0.097    0.126    0.078    0.077
 RATIO        5.118    5.661    8.030    3.672    8.157    6.786



 ---------------------------------------------------------------
               Jul      Aug      Sep      Oct      Nov      Dec 
 ---------------------------------------------------------------
   I          0.600    0.603    0.837    0.863    0.671    0.766
   S          0.085    0.093    0.085    0.107    0.145    0.156
 RATIO        7.062    6.512    9.865    8.074    4.621    4.895



        R35 monthly CPI index            PAGE   9, SERIES series

 D 10  Final seasonal factors
  From  2015.Jan to 2026.Aug
  Observations        140
  Seasonal filter    3 x 5 moving average
 -----------------------------------------------------------------------------
               Jan      Feb      Mar      Apr      May      Jun 
               Jul      Aug      Sep      Oct      Nov      Dec         AVGE  
 -----------------------------------------------------------------------------
  2015       100.45   100.04    99.50   100.06    99.96    99.71
             100.49   100.41   100.45    99.98    99.05    99.98        100.01
 
  2016       100.40    99.96    99.54   100.01   100.01    99.73
             100.53   100.40   100.40   100.00    99.17    99.96        100.01
 
  2017       100.28    99.94    99.52   100.03   100.07    99.78
             100.47   100.34   100.34   100.09    99.40    99.79        100.00
 
  2018       100.18    99.92    99.47   100.13   100.14    99.86
             100.37   100.27   100.32   100.04    99.64    99.60        100.00
 
  2019       100.18    99.95    99.39   100.28   100.17    99.94
             100.29   100.22   100.37    99.97    99.76    99.26         99.98
 
  2020       100.22    99.92    99.40   100.54   100.23   100.12
             100.22   100.10   100.39    99.76    99.81    98.94         99.97
 
  2021       100.27   100.01    99.36   100.89   100.30   100.22
             100.12    99.97   100.50    99.67    99.75    98.60         99.97
 
  2022       100.28   100.09    99.41   101.19   100.41   100.27
             100.03    99.88   100.54    99.58    99.61    98.51         99.98
 
  2023       100.28   100.18    99.48   101.30   100.47   100.18
             100.03    99.85   100.55    99.60    99.47    98.61        100.00
 
  2024       100.20   100.21    99.63   101.20   100.50   100.15
             100.07    99.82   100.37    99.67    99.44    98.87        100.01
 
  2025       100.13   100.32    99.65   101.06   100.43   100.04
             100.09    99.84   100.26    99.79    99.46    99.13        100.02
 
  2026       100.08   100.39    99.66   100.84   100.33    99.97
             100.12    99.92                                            100.16
 
  AVGE       100.25   100.08    99.50   100.63   100.25   100.00
             100.24   100.08   100.41    99.83    99.51    99.20

  Table Total-     14000.71   Mean-     100.01   Std. Dev.-       0.47
                              Min -      98.51        Max -     101.30

 D 10.A  Final seasonal component forecasts
  From  2026.Sep to 2027.Aug
  Observations         12
 -----------------------------------------------------------------------------
               Jan      Feb      Mar      Apr      May      Jun 
               Jul      Aug      Sep      Oct      Nov      Dec         AVGE  
 -----------------------------------------------------------------------------
  2026                                                          
                               100.20    99.86    99.42    99.31         99.70
 
  2027       100.10   100.43    99.64   100.70   100.22    99.92
             100.20   100.00                                            100.15
 
        R35 monthly CPI index            PAGE  10, SERIES series

 D 11  Final seasonally adjusted data
  From  2015.Jan to 2026.Aug
  Observations        140
 -----------------------------------------------------------------------------
               Jan      Feb      Mar      Apr      May      Jun 
               Jul      Aug      Sep      Oct      Nov      Dec        TOTAL  
 -----------------------------------------------------------------------------
  2015         101.     101.     101.     101.     100.     100.
               100.      99.      99.      98.      99.     100.         1200.
 
  2016          99.      99.      97.      98.      96.      97.
                97.      97.      97.      96.      95.      95.         1164.
 
  2017          95.      94.      96.      97.      95.      95.
                95.      95.      95.      95.      95.      96.         1142.
 
  2018          96.      95.      97.      96.      98.      97.
                98.      99.      99.      99.      98.      98.         1171.
 
  2019          98.      97.      98.      96.      98.      99.
               100.      98.      98.      98.     101.     102.         1182.
 
  2020         100.     102.     101.     102.     102.     101.
               101.     101.     101.     103.     102.     101.         1217.
 
  2021         103.     101.     100.     100.     100.     100.
               100.     102.     101.     101.     102.     104.         1214.
 
  2022         105.     105.     107.     106.     110.     112.
               115.     116.     120.     119.     122.     122.         1360.
 
  2023         125.     127.     131.     133.     133.     132.
               129.     128.     128.     128.     128.     125.         1547.
 
  2024         125.     125.     123.     125.     124.     123.
               124.     125.     126.     125.     124.     124.         1490.
 
  2025         123.     124.     123.     122.     122.     122.
               122.     122.     120.     121.     121.     122.         1465.
 
  2026         122.     121.     121.     121.     120.     121.
               121.     121.                                              968.
 
  AVGE         108.     108.     108.     108.     108.     108.
               108.     109.     108.     108.     108.     108.

  Table Total-     15120.34   Mean-     108.00   Std. Dev.-      12.19
                              Min -      93.66        Max -     133.37
        R35 monthly CPI index            PAGE  11, SERIES series

 D 12  Final trend cycle
  From  2015.Jan to 2026.Aug
  Observations        140
  Trend filter    13-term Henderson moving average
  I/C ratio        1.42
 -----------------------------------------------------------------------------
               Jan      Feb      Mar      Apr      May      Jun 
               Jul      Aug      Sep      Oct      Nov      Dec        TOTAL  
 -----------------------------------------------------------------------------
  2015         101.     101.     101.     101.     100.     100.
               100.     100.      99.      99.      99.      99.         1201.
 
  2016          99.      99.      98.      98.      97.      97.
                97.      97.      96.      96.      96.      95.         1164.
 
  2017          95.      96.      96.      96.      95.      95.
                95.      95.      95.      95.      95.      95.         1143.
 
  2018          96.      96.      96.      97.      97.      98.
                98.      99.      99.      99.      98.      98.         1171.
 
  2019          98.      98.      98.      98.      98.      98.
                98.      99.      99.      99.     100.     100.         1182.
 
  2020         101.     101.     101.     101.     101.     101.
               101.     101.     102.     102.     102.     102.         1218.
 
  2021         102.     101.     100.     100.     100.     100.
               100.     101.     101.     102.     102.     103.         1212.
 
  2022         104.     106.     107.     109.     110.     112.
               114.     116.     118.     120.     121.     123.         1362.
 
  2023         126.     128.     130.     131.     131.     131.
               130.     129.     128.     127.     127.     126.         1543.
 
  2024         125.     125.     124.     124.     124.     124.
               124.     124.     125.     125.     124.     124.         1491.
 
  2025         124.     123.     123.     123.     122.     122.
               122.     121.     121.     121.     121.     121.         1465.
 
  2026         121.     121.     121.     121.     121.     121.
               121.     121.                                              967.
 
  AVGE         108.     108.     108.     108.     108.     108.
               108.     109.     108.     108.     108.     108.

  Table Total-     15119.41   Mean-     108.00   Std. Dev.-      12.11
                              Min -      94.81        Max -     131.37
        R35 monthly CPI index            PAGE  12, SERIES series

 D 13  Final irregular component
  From  2015.Jan to 2026.Aug
  Observations        140
 -----------------------------------------------------------------------------
               Jan      Feb      Mar      Apr      May      Jun 
               Jul      Aug      Sep      Oct      Nov      Dec         S.D.  
 -----------------------------------------------------------------------------
  2015        100.3     99.9     99.9     99.9    100.0    100.1
              100.5     99.9     99.7     98.5     99.6    100.8           0.5
 
  2016        100.1    100.9     99.3    100.2     99.3    100.2
               99.9    100.4    100.1    100.4     99.7     99.4           0.5
 
  2017        100.0     98.0    100.5    101.3    100.1     99.9
               99.6     99.8    100.6     99.5    100.3    100.2           0.7
 
  2018         99.9     99.6    100.5     99.3    100.7     99.4
              100.1    100.3     99.8    100.7     99.5    100.3           0.5
 
  2019         99.9     99.5    100.4     98.4     99.8    100.5
              101.3     99.8     99.3     98.6    100.8    101.4           0.9
 
  2020         99.4    100.8     99.1    100.6    100.2    100.2
               99.4     99.5     99.7    100.9    100.5     99.5           0.6
 
  2021        101.8    100.2     99.6    100.1     99.6     99.8
               99.8    101.0    100.3     99.4     99.3    100.3           0.7
 
  2022        100.8     99.6    100.2     97.8     99.3    100.0
              100.6     99.9    101.2     99.4    100.1     99.3           0.9
 
  2023         99.8     99.5    100.9    101.7    101.5    100.7
               99.3     99.2     99.6    100.5    100.8     99.5           0.9
 
  2024         99.9    100.3     99.1    100.7    100.3     99.0
               99.8    100.2    100.8    100.2     99.5    100.0           0.5
 
  2025         99.8    100.3    100.0     99.7    100.0    100.0
              100.5    100.2     99.4    100.0     99.5    100.6           0.4
 
  2026        100.2    100.2    100.0     99.8     99.6    100.1
              100.2    100.1                                               0.2
 
  S.D.          0.6      0.7      0.6      1.0      0.6      0.4
                0.6      0.4      0.6      0.8      0.5      0.6

  Table Total-     14000.14   Mean-     100.00   Std. Dev.-       0.65
                              Min -      97.82        Max -     101.77
        R35 monthly CPI index            PAGE  13, SERIES series

 D 16  Combined adjustment factors
  From  2015.Jan to 2026.Aug
  Observations        140
 -----------------------------------------------------------------------------
               Jan      Feb      Mar      Apr      May      Jun 
               Jul      Aug      Sep      Oct      Nov      Dec         AVGE  
 -----------------------------------------------------------------------------
  2015       100.45   100.04    99.50   100.06    99.96    99.71
             100.49   100.41   100.45    99.98    99.05    99.98        100.01
 
  2016       100.40    99.96    99.54   100.01   100.01    99.73
             100.53   100.40   100.40   100.00    99.17    99.96        100.01
 
  2017       100.28    99.94    99.52   100.03   100.07    99.78
             100.47   100.34   100.34   100.09    99.40    99.79        100.00
 
  2018       100.18    99.92    99.47   100.13   100.14    99.86
             100.37   100.27   100.32   100.04    99.64    99.60        100.00
 
  2019       100.18    99.95    99.39   100.28   100.17    99.94
             100.29   100.22   100.37    99.97    99.76    99.26         99.98
 
  2020       100.22    99.92    99.40   100.54   100.23   100.12
             100.22   100.10   100.39    99.76    99.81    98.94         99.97
 
  2021       100.27   100.01    99.36   100.89   100.30   100.22
             100.12    99.97   100.50    99.67    99.75    98.60         99.97
 
  2022       100.28   100.09    99.41   101.19   100.41   100.27
             100.03    99.88   100.54    99.58    99.61    98.51         99.98
 
  2023       100.28   100.18    99.48   101.30   100.47   100.18
             100.03    99.85   100.55    99.60    99.47    98.61        100.00
 
  2024       100.20   100.21    99.63   101.20   100.50   100.15
             100.07    99.82   100.37    99.67    99.44    98.87        100.01
 
  2025       100.13   100.32    99.65   101.06   100.43   100.04
             100.09    99.84   100.26    99.79    99.46    99.13        100.02
 
  2026       100.08   100.39    99.66   100.84   100.33    99.97
             100.12    99.92                                            100.16
 
  AVGE       100.25   100.08    99.50   100.63   100.25   100.00
             100.24   100.08   100.41    99.83    99.51    99.20

  Table Total-     14000.71   Mean-     100.01   Std. Dev.-       0.47
                              Min -      98.51        Max -     101.30

 D 16.A  Combined adjustment component forecasts
  From  2026.Sep to 2027.Aug
  Observations         12
 -----------------------------------------------------------------------------
               Jan      Feb      Mar      Apr      May      Jun 
               Jul      Aug      Sep      Oct      Nov      Dec         AVGE  
 -----------------------------------------------------------------------------
  2026                                                          
                               100.20    99.86    99.42    99.31         99.70
 
  2027       100.10   100.43    99.64   100.70   100.22    99.92
             100.20   100.00                                            100.15
 
        R35 monthly CPI index            PAGE  14, SERIES series

 E 4  Ratios of annual totals
  From          2015 to 2025
  Observations         11
 -----------------------------------
  Year       Unmodified     Modified
                  (D11)         (E2)
 -----------------------------------
  2015           100.01       100.01
 
  2016           100.01       100.01
 
  2017           100.00       100.00
 
  2018           100.00       100.00
 
  2019            99.98        99.98
 
  2020            99.97        99.97
 
  2021            99.97        99.97
 
  2022            99.96        99.97
 
  2023           100.01       100.01
 
  2024           100.01       100.01
 
  2025           100.02       100.02
 
        R35 monthly CPI index            PAGE  15, SERIES series

 E 5  Month-to-month percent change in the original series
  From  2015.Feb to 2026.Aug
  Observations        139
 -----------------------------------------------------------------------------
               Jan      Feb      Mar      Apr      May      Jun 
               Jul      Aug      Sep      Oct      Nov      Dec         AVGE  
 -----------------------------------------------------------------------------
  2015                  -1.0     -0.7      0.4     -0.2     -0.4
                0.9     -1.0     -0.4     -1.7      0.1      2.0          -0.2
 
  2016         -0.4     -0.1     -2.5      0.8     -1.2      0.4
                0.3      0.2     -0.5     -0.5     -1.9      0.3          -0.4
 
  2017          0.8     -2.2      2.1      1.3     -1.3     -0.7
                0.2     -0.1      0.8     -1.1      0.3      0.5           0.1
 
  2018          0.3     -0.3      0.8      0.0      2.0     -1.0
                1.8      0.4     -0.3      0.5     -1.8      0.4           0.2
 
  2019         -0.2     -0.8      0.4     -0.9      1.6      0.6
                1.4     -1.4      0.0     -0.7      2.6      0.7           0.3
 
  2020         -0.5      1.5     -2.1      2.6     -0.8     -0.3
               -0.7      0.1      0.8      0.8     -0.2     -2.0          -0.1
 
  2021          3.3     -2.3     -1.8      1.6     -1.1      0.2
                0.1      1.4      0.3     -1.2      0.7      0.8           0.2
 
  2022          3.2     -0.2      1.2      0.8      2.4      2.4
                2.2      0.8      3.5     -1.4      2.2     -0.4           1.4
 
  2023          4.1      1.4      2.2      3.7     -0.7     -1.4
               -2.3     -1.1      0.4     -0.6     -0.3     -2.7           0.2
 
  2024          1.4     -0.2     -2.2      2.9     -1.1     -1.5
                1.0      0.4      1.4     -1.3     -1.0     -0.4          -0.1
 
  2025          0.7      0.4     -1.2      0.9     -0.5     -0.7
                0.2     -0.8     -0.6      0.1     -0.8      0.8          -0.1
 
  2026          0.7      0.2     -1.1      0.8     -0.9      0.2
                0.3     -0.1                                               0.0
 
  AVGE          1.2     -0.3     -0.4      1.2     -0.2     -0.2
                0.5     -0.1      0.5     -0.7     -0.0      0.0

  Table Total-        18.44   Mean-       0.13   Std. Dev.-       1.35
                              Min -      -2.68        Max -       4.15
        R35 monthly CPI index            PAGE  16, SERIES series

 E 6  Month-to-month percent change in seasonally adjusted series (D11)
  From  2015.Feb to 2026.Aug
  Observations        139
 -----------------------------------------------------------------------------
               Jan      Feb      Mar      Apr      May      Jun 
               Jul      Aug      Sep      Oct      Nov      Dec         AVGE  
 -----------------------------------------------------------------------------
  2015                  -0.6     -0.2     -0.2     -0.1     -0.2
                0.1     -0.9     -0.4     -1.2      1.1      1.1          -0.1
 
  2016         -0.8      0.3     -2.1      0.3     -1.2      0.7
               -0.5      0.3     -0.5     -0.1     -1.0     -0.5          -0.4
 
  2017          0.5     -1.9      2.6      0.7     -1.4     -0.4
               -0.5      0.0      0.8     -0.9      1.0      0.1           0.1
 
  2018         -0.1     -0.1      1.3     -0.7      2.0     -0.7
                1.2      0.5     -0.3      0.8     -1.4      0.4           0.2
 
  2019         -0.8     -0.6      1.0     -1.8      1.7      0.8
                1.1     -1.3     -0.1     -0.3      2.8      1.2           0.3
 
  2020         -1.5      1.8     -1.5      1.4     -0.5     -0.2
               -0.8      0.2      0.5      1.4     -0.2     -1.1          -0.0
 
  2021          1.9     -2.1     -1.1      0.1     -0.5      0.3
                0.2      1.5     -0.2     -0.4      0.6      2.0           0.2
 
  2022          1.5     -0.0      1.9     -0.9      3.2      2.5
                2.5      0.9      2.9     -0.5      2.2      0.7           1.4
 
  2023          2.3      1.5      2.9      1.8      0.1     -1.1
               -2.1     -0.9     -0.3      0.3     -0.2     -1.8           0.2
 
  2024         -0.2     -0.2     -1.6      1.3     -0.4     -1.2
                1.1      0.7      0.8     -0.6     -0.8      0.2          -0.1
 
  2025         -0.5      0.2     -0.5     -0.5      0.1     -0.3
                0.2     -0.6     -1.0      0.5     -0.5      1.2          -0.1
 
  2026         -0.3     -0.1     -0.3     -0.4     -0.4      0.5
                0.2      0.1                                              -0.1
 
  AVGE          0.2     -0.1      0.2      0.1      0.2      0.1
                0.2      0.1      0.2     -0.1      0.3      0.3

  Table Total-        18.61   Mean-       0.13   Std. Dev.-       1.14
                              Min -      -2.12        Max -       3.21
        R35 monthly CPI index            PAGE  17, SERIES series

 E 7  Month-to-month percent change in final trend cycle (D12)
  From  2015.Feb to 2026.Aug
  Observations        139
 -----------------------------------------------------------------------------
               Jan      Feb      Mar      Apr      May      Jun 
               Jul      Aug      Sep      Oct      Nov      Dec         AVGE  
 -----------------------------------------------------------------------------
  2015                  -0.1     -0.2     -0.2     -0.2     -0.2
               -0.3     -0.3     -0.2     -0.1     -0.0     -0.1          -0.2
 
  2016         -0.2     -0.4     -0.5     -0.5     -0.4     -0.2
               -0.1     -0.2     -0.3     -0.4     -0.3     -0.2          -0.3
 
  2017         -0.0      0.1      0.1     -0.0     -0.2     -0.3
               -0.2     -0.1      0.0      0.2      0.2      0.2          -0.0
 
  2018          0.2      0.3      0.4      0.5      0.6      0.6
                0.5      0.3      0.1     -0.1     -0.3     -0.3           0.2
 
  2019         -0.4     -0.2      0.0      0.2      0.2      0.2
                0.2      0.2      0.3      0.4      0.5      0.6           0.2
 
  2020          0.5      0.4      0.2     -0.0     -0.1     -0.1
               -0.0      0.1      0.3      0.3      0.1     -0.1           0.1
 
  2021         -0.4     -0.6     -0.5     -0.4     -0.1      0.1
                0.2      0.4      0.4      0.6      0.7      0.9           0.1
 
  2022          1.0      1.2      1.3      1.5      1.7      1.8
                1.8      1.7      1.5      1.4      1.4      1.6           1.5
 
  2023          1.8      1.8      1.5      1.0      0.3     -0.3
               -0.7     -0.8     -0.7     -0.6     -0.6     -0.5           0.2
 
  2024         -0.6     -0.6     -0.5     -0.3     -0.0      0.2
                0.2      0.2      0.1     -0.0     -0.2     -0.3          -0.1
 
  2025         -0.4     -0.3     -0.2     -0.2     -0.2     -0.2
               -0.3     -0.3     -0.2     -0.1      0.0      0.1          -0.2
 
  2026          0.0     -0.1     -0.2     -0.2     -0.1     -0.0
                0.1      0.2                                              -0.0
 
  AVGE          0.2      0.1      0.1      0.1      0.1      0.1
                0.1      0.1      0.1      0.1      0.2      0.2

  Table Total-        18.17   Mean-       0.13   Std. Dev.-       0.60
                              Min -      -0.80        Max -       1.82
        R35 monthly CPI index            PAGE  18, SERIES series

 E 8  Month-to-month percent change in original series adjusted for calendar factors (A18)
  From  2015.Feb to 2026.Aug
  Observations        139
 -----------------------------------------------------------------------------
               Jan      Feb      Mar      Apr      May      Jun 
               Jul      Aug      Sep      Oct      Nov      Dec         AVGE  
 -----------------------------------------------------------------------------
  2015                  -1.0     -0.7      0.4     -0.2     -0.4
                0.9     -1.0     -0.4     -1.7      0.1      2.0          -0.2
 
  2016         -0.4     -0.1     -2.5      0.8     -1.2      0.4
                0.3      0.2     -0.5     -0.5     -1.9      0.3          -0.4
 
  2017          0.8     -2.2      2.1      1.3     -1.3     -0.7
                0.2     -0.1      0.8     -1.1      0.3      0.5           0.1
 
  2018          0.3     -0.3      0.8      0.0      2.0     -1.0
                1.8      0.4     -0.3      0.5     -1.8      0.4           0.2
 
  2019         -0.2     -0.8      0.4     -0.9      1.6      0.6
                1.4     -1.4      0.0     -0.7      2.6      0.7           0.3
 
  2020         -0.5      1.5     -2.1      2.6     -0.8     -0.3
               -0.7      0.1      0.8      0.8     -0.2     -2.0          -0.1
 
  2021          3.3     -2.3     -1.8      1.6     -1.1      0.2
                0.1      1.4      0.3     -1.2      0.7      0.8           0.2
 
  2022          3.2     -0.2      1.2      0.8      2.4      2.4
                2.2      0.8      3.5     -1.4      2.2     -0.4           1.4
 
  2023          4.1      1.4      2.2      3.7     -0.7     -1.4
               -2.3     -1.1      0.4     -0.6     -0.3     -2.7           0.2
 
  2024          1.4     -0.2     -2.2      2.9     -1.1     -1.5
                1.0      0.4      1.4     -1.3     -1.0     -0.4          -0.1
 
  2025          0.7      0.4     -1.2      0.9     -0.5     -0.7
                0.2     -0.8     -0.6      0.1     -0.8      0.8          -0.1
 
  2026          0.7      0.2     -1.1      0.8     -0.9      0.2
                0.3     -0.1                                               0.0
 
  AVGE          1.2     -0.3     -0.4      1.2     -0.2     -0.2
                0.5     -0.1      0.5     -0.7     -0.0      0.0

  Table Total-        18.44   Mean-       0.13   Std. Dev.-       1.35
                              Min -      -2.68        Max -       4.15
        R35 monthly CPI index            PAGE  19, SERIES series

 E 18  Final adjustment ratios
  From  2015.Jan to 2026.Aug
  Observations        140
 -----------------------------------------------------------------------------
               Jan      Feb      Mar      Apr      May      Jun 
               Jul      Aug      Sep      Oct      Nov      Dec         AVGE  
 -----------------------------------------------------------------------------
  2015        100.5    100.0     99.5    100.1    100.0     99.7
              100.5    100.4    100.5    100.0     99.0    100.0         100.0
 
  2016        100.4    100.0     99.5    100.0    100.0     99.7
              100.5    100.4    100.4    100.0     99.2    100.0         100.0
 
  2017        100.3     99.9     99.5    100.0    100.1     99.8
              100.5    100.3    100.3    100.1     99.4     99.8         100.0
 
  2018        100.2     99.9     99.5    100.1    100.1     99.9
              100.4    100.3    100.3    100.0     99.6     99.6         100.0
 
  2019        100.2     99.9     99.4    100.3    100.2     99.9
              100.3    100.2    100.4    100.0     99.8     99.3         100.0
 
  2020        100.2     99.9     99.4    100.5    100.2    100.1
              100.2    100.1    100.4     99.8     99.8     98.9         100.0
 
  2021        100.3    100.0     99.4    100.9    100.3    100.2
              100.1    100.0    100.5     99.7     99.7     98.6         100.0
 
  2022        100.3    100.1     99.4    101.2    100.4    100.3
              100.0     99.9    100.5     99.6     99.6     98.5         100.0
 
  2023        100.3    100.2     99.5    101.3    100.5    100.2
              100.0     99.8    100.5     99.6     99.5     98.6         100.0
 
  2024        100.2    100.2     99.6    101.2    100.5    100.1
              100.1     99.8    100.4     99.7     99.4     98.9         100.0
 
  2025        100.1    100.3     99.6    101.1    100.4    100.0
              100.1     99.8    100.3     99.8     99.5     99.1         100.0
 
  2026        100.1    100.4     99.7    100.8    100.3    100.0
              100.1     99.9                                             100.2
 
  AVGE        100.2    100.1     99.5    100.6    100.3    100.0
              100.2    100.1    100.4     99.8     99.5     99.2

  Table Total-     14000.71   Mean-     100.01   Std. Dev.-       0.47
                              Min -      98.51        Max -     101.30

 E 18.A  Final adjustment ratio forecasts
  From  2026.Sep to 2027.Aug
  Observations         12
 -----------------------------------------------------------------------------
               Jan      Feb      Mar      Apr      May      Jun 
               Jul      Aug      Sep      Oct      Nov      Dec         AVGE  
 -----------------------------------------------------------------------------
  2026                                                          
                                100.2     99.9     99.4     99.3          99.7
 
  2027        100.1    100.4     99.6    100.7    100.2     99.9
              100.2    100.0                                             100.2
 

  QS statistic for seasonality:
  log(Original Series)                                4.09  (P-Value =     0.1292)
  log(Original Series (EV adj))                       4.09  (P-Value =     0.1292)
  Residuals                                           3.90  (P-Value =     0.1423)
  log(Seasonally Adjusted Series)                     0.00  (P-Value =     1.0000)
  log(SA Series (EV adj))                             0.00  (P-Value =     1.0000)
  Irregular Series                                    0.00  (P-Value =     1.0000)
  Irregular Series (EV adj)                           0.00  (P-Value =     1.0000)

  QS statistic for seasonality (starting 2018.Sep):
  log(Original Series)                                3.10  (P-Value =     0.2126)
  log(Original Series (EV adj))                       3.10  (P-Value =     0.2126)
  Residuals                                           3.26  (P-Value =     0.1962)
  log(Seasonally Adjusted Series)                     0.00  (P-Value =     1.0000)
  log(SA Series (EV adj))                             0.00  (P-Value =     1.0000)
  Irregular Series                                    0.00  (P-Value =     1.0000)
  Irregular Series (EV adj)                           0.00  (P-Value =     1.0000)
        R35 monthly CPI index            PAGE  20, SERIES series
 G 0  10*LOG(SPECTRUM) of the differenced, transformed Original Series
      (Table A1 or B1).  Spectrum estimated from 2018.Sep to 2026.Aug.
 ++++++++++I+++++++++++++++++++++++++++++++++++++++++++++++++++++++++++++I
     -31.20I                                                  S          I    -31.20
           I   *                                              S          I
           I   *                          S                  *S          I
           I   *                          S                  *S          I
     -32.20I   *                          S                  *S          I    -32.20
           I   *                          S                  *S          I
           I  **                          S                  *S          I
           I  **                          S                  *S          I
     -33.19I  **                          S                  *S          I    -33.19
           I  **                          S         S        *S  *       I
           I  ***                         S         S        *S  *       I
           I  ***                  *      S         S        *S  *       I
     -34.19I  ***                  *      S         S        *S  *       I    -34.19
           I  ***                  *      S         S        *S  *       I
           I  ***                  *      S         S        *S  *       I
           I  ***                  *      S         S        *S  **      I
     -35.19I  ***                  *      S         S        *S  **      I    -35.19
           I ****                  *      S         S*       *S* **      I
           I ****                  *      S         S*       *S* **      I
           I ****                  *      S         S* *     *S*T**      I
     -36.19I ****                  *      S         S* **    *S*T**    * I    -36.19
           I ****         *        *      S         S* **    *S*T**    *SI
           I*****         *        *      S         S* **    *S*T**   **SI
           I******        *        *      S         S* **    *S*T**   **SI
     -37.18I******        *        *      S         S* **    *S*T**   **SI    -37.18
           I******        *   *    *      S         S*T**    *S*T**   **SI
           I******       **   *    *      S        *S*T**    *S*T**   **SI
           I******       **   *    **     S        *S*T**    *S*T**   **SI
     -38.18I******       **   *    **     S        *S*T**    *S*T*** ***SI    -38.18
           I******       **   *    **     S*       *S*T**    *S*T*** ***SI
           I******       **   *    **     S*       *S*T**    *S*T*** ***SI
           I******       ***  *   ***     S*    *  *S*T**    *S*T*** ***SI
     -39.18I******       ***  **  ***     S*   **  *S*T**   **S*T*******SI    -39.18
           I******       *** ***  ***    *S*   **  *S*T**   **S*T*******SI
           I*******      *** ***  ***    *S*   **  *S*T**   **S*T*******SI
           I*******     **** ***  ***    *S*   **  *S*T**   **S*T*******SI
     -40.18I*******     **** ***  ***    *S*   **  *S*T**   **S*T*******SI    -40.18
           I*******   S*********  ***    *S*   **  *S*T***  **S*T*******SI
           I*******   S*********  ***    *S*   **  *S*T***  **S*T*******SI
           I*******   S*********  ***    *S*   *****S*T***  **S*T*******SI
     -41.17I*******  *S*********  ***    *S*   *****S*T***  **S*T*******SI    -41.17
           I******** *S*********  ***    *S*   *****S*T***  **S*T*******SI
           I******** *S*********S****    *S*   *****S*T***  **S*T*******SI
           I**********S*********S****    *S*   *****S*T***  **S*T*******SI
     -42.17I**********S*********S*****   *S*   *****S*T*** ***S*T*******SI    -42.17
           I**********S*********S*****   *S*  ******S*T*** ***S*T*******SI
           I**********S*********S*****   *S*  ******S*T*******S*T*******SI
           I**********S*********S*****   *S** ******S*T*******S*T*******SI
     -43.17I**********S*********S*****  **S** ******S*T*******S*T*******SI    -43.17
           I**********S*********S*****  **S** ******S*T*******S*T*******SI
           I**********S*********S*****  **S** ******S*T*******S*T*******SI
           I**********S*********S****** **S*********S*T*******S*T*******SI
     -44.16I**********S*********S*********S*********S*T*******S*T*******SI    -44.16
 ++++++++++I+++++++++++++++++++++++++++++++++++++++++++++++++++++++++++++I
            S=SEASONAL FREQUENCIES, T=TRADING DAY FREQUENCIES
        R35 monthly CPI index            PAGE  21, SERIES series
 G 1  10*LOG(SPECTRUM) of the differenced, transformed seasonally adjusted 
      data (Table D11).  Spectrum estimated from 2018.Sep to 2026.Aug.
 ++++++++++I+++++++++++++++++++++++++++++++++++++++++++++++++++++++++++++I
     -30.77I   *                                                         I    -30.77
           I   *                                                         I
           I   *                                                         I
           I   *                                                         I
     -32.18I   *                                                         I    -32.18
           I   *                                                         I
           I   *                                                         I
           I  **                                       *                 I
     -33.59I  **                                       *                 I    -33.59
           I  ***                  *                   *                 I
           I  ***                  *                   *                 I
           I  ***                  *                   *         **      I
     -35.01I  ***                  *                   *         **      I    -35.01
           I  ***                  *                   *         **      I
           I ****                  *                   *         **      I
           I*****                  *                   *         **      I
     -36.42I*****         *        *                   *         **      I    -36.42
           I*****         *        *                   *         **   *  I
           I*****         *        *                   *         **   *  I
           I******       **        *                   *         **  **  I
     -37.83I******       **        *                   *         **  **  I    -37.83
           I******       **   *    **           *      *         **  **  I
           I******       **  **    **           *      **        **  **  I
           I******       **  **    **           *      **  *     **  **  I
     -39.24I*******      **  **    **           *      **  **    *** **  I    -39.24
           I*******      *** **    **           **     **  **    *** **  I
           I*******      *** **    **           **     **  **    ******* I
           I*******      ******    **           **     **  **   T******* I
     -40.65I********     ******    **        *  **     **  **   T******* I    -40.65
           I********     ******   ***        *  **     ** ***   T*******SI
           I********     ******   ***        *  **     *******  T*******SI
           I********     *******  ***        *  **     *******  T*******SI
     -42.06I********    ********  ***        *  **     *******  T*******SI    -42.06
           I*********   ********  ***  *    **  **     *******  T*******SI
           I*********   ********  **** *    ** ***     *******S*T*******SI
           I*********   ********  **** *    ******     *******S*T*******SI
     -43.47I*********   ********  *******   ******    T*******S*T*******SI    -43.47
           I*********   ********  *******   ******    T*******S*T*******SI
           I*********   ********S********   ******    T*******S*T*******SI
           I**********  ********S********   ******    T*******S*T*******SI
     -44.88I********** *********S********   ******    T*******S*T*******SI    -44.88
           I********** *********S********   ******    T*******S*T*******SI
           I**********S*********S********   ******    T*******S*T*******SI
           I**********S*********S********* *******    T*******S*T*******SI
     -46.29I**********S*********S********* ********   T*******S*T*******SI    -46.29
           I**********S*********S********* ********   T*******S*T*******SI
           I**********S*********S*********S********   T*******S*T*******SI
           I**********S*********S*********S********   T*******S*T*******SI
     -47.70I**********S*********S*********S********  *T*******S*T*******SI    -47.70
           I**********S*********S*********S********  *T*******S*T*******SI
           I**********S*********S*********S********  *T*******S*T*******SI
           I**********S*********S*********S********  *T*******S*T*******SI
     -49.11I**********S*********S*********S*********S*T*******S*T*******SI    -49.11
 ++++++++++I+++++++++++++++++++++++++++++++++++++++++++++++++++++++++++++I
            S=SEASONAL FREQUENCIES, T=TRADING DAY FREQUENCIES
        R35 monthly CPI index            PAGE  22, SERIES series
 G 2  10*LOG(SPECTRUM) of the Irregular (Table D13).  
      Spectrum estimated from 2018.Sep to 2026.Aug.
 ++++++++++I+++++++++++++++++++++++++++++++++++++++++++++++++++++++++++++I
     -34.00I                       *                                     I    -34.00
           I                       *                                     I
           I                       *                                     I
           I                       *                                     I
     -36.02I                       *                                     I    -36.02
           I                       *                                     I
           I                       *                                     I
           I                       *                                     I
     -38.03I                       *                                     I    -38.03
           I                       *                   *                 I
           I             *    *    *                   *                 I
           I             *    *    *                   *                 I
     -40.05I             **   *    *                   *          *      I    -40.05
           I             *** **    **                  *          *      I
           I             *******   **                  *         **      I
           I             *******   **                  *         **      I
     -42.07I             *******  ***                  *         **      I    -42.07
           I    *        *******  ***           *      *         **   *  I
           I    *        *******  ***           *      *         **   *  I
           I    *       ********  ***           *      *         **   *  I
     -44.08I    *       ********  ***           **     **        **  **  I    -44.08
           I    *       ********S **** *     *  **     **  *     **  **  I
           I    *       ********S*******     *  **     **  **    *** **  I
           I    *       ********S*******    **  **     **  **    *** **  I
     -46.10I    *       ********S********   **  **     ** ***    ******* I    -46.10
           I    *       ********S********   **  **     ** ***   T******* I
           I    ***     ********S********   ******     *******  T******* I
           I    ****    ********S********   ******     *******  T*******SI
     -48.12I    ****    ********S********   ******     *******  T*******SI    -48.12
           I    ****    ********S********* *******     *******S*T*******SI
           I   *****   *********S********* *******    T*******S*T*******SI
           I   *****   *********S*********S*******    T*******S*T*******SI
     -50.14I   *****   *********S*********S*******    T*******S*T*******SI    -50.14
           I   *****   *********S*********S*******    T*******S*T*******SI
           I   ******  *********S*********S********   T*******S*T*******SI
           I   ******  *********S*********S********   T*******S*T*******SI
     -52.15I   ****** S*********S*********S********   T*******S*T*******SI    -52.15
           I   ****** S*********S*********S********   T*******S*T*******SI
           I   *******S*********S*********S********  *T*******S*T*******SI
           I   *******S*********S*********S********  *T*******S*T*******SI
     -54.17I   *******S*********S*********S********* *T*******S*T*******SI    -54.17
           I   *******S*********S*********S*********S*T*******S*T*******SI
           I   *******S*********S*********S*********S*T*******S*T*******SI
           I   *******S*********S*********S*********S*T*******S*T*******SI
     -56.19I  ********S*********S*********S*********S*T*******S*T*******SI    -56.19
           I  ********S*********S*********S*********S*T*******S*T*******SI
           I  ********S*********S*********S*********S*T*******S*T*******SI
           I  ********S*********S*********S*********S*T*******S*T*******SI
     -58.20I  ********S*********S*********S*********S*T*******S*T*******SI    -58.20
           I  ********S*********S*********S*********S*T*******S*T*******SI
           I *********S*********S*********S*********S*T*******S*T*******SI
           I *********S*********S*********S*********S*T*******S*T*******SI
     -60.22I**********S*********S*********S*********S*T*******S*T*******SI    -60.22
 ++++++++++I+++++++++++++++++++++++++++++++++++++++++++++++++++++++++++++I
            S=SEASONAL FREQUENCIES, T=TRADING DAY FREQUENCIES
        R35 monthly CPI index            PAGE  23, SERIES series

  Peak probabilities for Tukey spectrum estimator
  Spectrum estimated from 2018.Sep to 2026.Aug.

                                          S1       S2       S3       S4       S5       S6       TD
                                        ------   ------   ------   ------   ------   ------   ------
  Model Residuals                        0.126    0.690    0.754    0.918*   0.400    0.453    0.490  
  Original Series (Table A1 or B1)       0.478    0.256    0.990*   0.953*   0.889    0.638    0.735  
  Seasonally adjusted series (D11)       0.008    0.091    0.592    0.006    0.008    0.403    0.951* 
  Irregular (D13)                        0.013    0.133    0.525    0.006    0.008    0.407    0.954* 
  ----------
     ** - Peak Probability > 0.99,
      * - 0.90 < Peak Probability < 0.99



  NP statistic for residual seasonality:

  NP statistic for residual seasonality (Full series)
                                                  Residual Seasonality?
  log(Seasonally Adjusted Series)                          no
  log(Seasonally Adjusted Series (EV adj))                 no

  NP statistic for residual seasonality (Series start in 2018.Sep)
                                                  Residual Seasonality?
  log(Seasonally Adjusted Series)                          no
  log(Seasonally Adjusted Series (EV adj))                 no
